101.226.65.107 - - [05/Feb/2018:09:18:29 +0800] "GET /wei_1400/wei_1400 HTTP/1.1" 404 1133 "70BCD0E5135E103323180.107.180.148" "Mozilla/5.0 (Windows NT 6.1; WOW64) AppleWebKit/537.36 (KHTML, like Gecko) Chrome/53.0.2785.104 Safari/537.36 Core/1.53.2141.400 QQBrowser/9.5.10219.400"
180.107.180.148 - - [05/Feb/2018:09:19:03 +0800] "POST /JLAMPCommon/langRow_prc HTTP/1.1" 200 191 "http://merp.yudo.com.cn:8183/WEI_1400/WEI_1400?formKey=M20180205T091256397&menuSelection=sm" "Mozilla/5.0 (Windows NT 6.0; WOW64) AppleWebKit/537.36 (KHTML, like Gecko) Chrome/49.0.2623.221 Safari/537.36 SE 2.X MetaSr 1.0"
180.107.180.148 - - [05/Feb/2018:09:19:03 +0800] "POST /JLAMPCommon/langRow_prc HTTP/1.1" 200 191 "http://merp.yudo.com.cn:8183/WEI_1400/WEI_1400?formKey=M20180205T091256397&menuSelection=sm" "Mozilla/5.0 (Windows NT 6.0; WOW64) AppleWebKit/537.36 (KHTML, like Gecko) Chrome/49.0.2623.221 Safari/537.36 SE 2.X MetaSr 1.0"
180.107.180.148 - - [05/Feb/2018:09:19:04 +0800] "POST /JLAMPCommon/langRow_prc HTTP/1.1" 200 209 "http://merp.yudo.com.cn:8183/WEI_1400/WEI_1400?formKey=M20180205T091256397&menuSelection=sm" "Mozilla/5.0 (Windows NT 6.0; WOW64) AppleWebKit/537.36 (KHTML, like Gecko) Chrome/49.0.2623.221 Safari/537.36 SE 2.X MetaSr 1.0"
180.107.180.148 - - [05/Feb/2018:09:19:04 +0800] "POST /JLAMPCommon/langRow_prc HTTP/1.1" 200 191 "http://merp.yudo.com.cn:8183/WEI_1400/WEI_1400?formKey=M20180205T091256397&menuSelection=sm" "Mozilla/5.0 (Windows NT 6.0; WOW64) AppleWebKit/537.36 (KHTML, like Gecko) Chrome/49.0.2623.221 Safari/537.36 SE 2.X MetaSr 1.0"
180.107.180.148 - - [05/Feb/2018:09:19:04 +0800] "POST /JLAMPCommon/langRow_prc HTTP/1.1" 200 227 "http://merp.yudo.com.cn:8183/WEI_1400/WEI_1400?formKey=M20180205T091256397&menuSelection=sm" "Mozilla/5.0 (Windows NT 6.0; WOW64) AppleWebKit/537.36 (KHTML, like Gecko) Chrome/49.0.2623.221 Safari/537.36 SE 2.X MetaSr 1.0"
180.107.180.148 - - [05/Feb/2018:09:19:04 +0800] "GET /WEI_1400/WEI_1400/lists_prc?gubun=Y&baseDate=2018-02-05 HTTP/1.1" 200 2086 "http://merp.yudo.com.cn:8183/WEI_1400/WEI_1400?formKey=M20180205T091256397&menuSelection=sm" "Mozilla/5.0 (Windows NT 6.0; WOW64) AppleWebKit/537.36 (KHTML, like Gecko) Chrome/49.0.2623.221 Safari/537.36 SE 2.X MetaSr 1.0"
180.107.180.148 - - [05/Feb/2018:09:19:09 +0800] "POST /JLAMPCommon/langRow_prc HTTP/1.1" 200 191 "http://merp.yudo.com.cn:8183/WEI_1400/WEI_1400?formKey=M20180205T091256397&menuSelection=sm" "Mozilla/5.0 (Windows NT 6.0; WOW64) AppleWebKit/537.36 (KHTML, like Gecko) Chrome/49.0.2623.221 Safari/537.36 SE 2.X MetaSr 1.0"
180.107.180.148 - - [05/Feb/2018:09:19:09 +0800] "POST /JLAMPCommon/langRow_prc HTTP/1.1" 200 209 "http://merp.yudo.com.cn:8183/WEI_1400/WEI_1400?formKey=M20180205T091256397&menuSelection=sm" "Mozilla/5.0 (Windows NT 6.0; WOW64) AppleWebKit/537.36 (KHTML, like Gecko) Chrome/49.0.2623.221 Safari/537.36 SE 2.X MetaSr 1.0"
180.107.180.148 - - [05/Feb/2018:09:19:10 +0800] "POST /JLAMPCommon/langRow_prc HTTP/1.1" 200 254 "http://merp.yudo.com.cn:8183/WEI_1400/WEI_1400?formKey=M20180205T091256397&menuSelection=sm" "Mozilla/5.0 (Windows NT 6.0; WOW64) AppleWebKit/537.36 (KHTML, like Gecko) Chrome/49.0.2623.221 Safari/537.36 SE 2.X MetaSr 1.0"
180.107.180.148 - - [05/Feb/2018:09:19:39 +0800] "GET /?deviceType=mobile&devicePlatform=ios HTTP/1.1" 302 149 "-" "Mozilla/5.0 (Windows NT 6.0; WOW64) AppleWebKit/537.36 (KHTML, like Gecko) Chrome/49.0.2623.221 Safari/537.36 SE 2.X MetaSr 1.0"
180.107.180.148 - - [05/Feb/2018:09:19:39 +0800] "GET /Menu/Menu?formKey=M20180205T091726470 HTTP/1.1" 200 5244 "-" "Mozilla/5.0 (Windows NT 6.0; WOW64) AppleWebKit/537.36 (KHTML, like Gecko) Chrome/49.0.2623.221 Safari/537.36 SE 2.X MetaSr 1.0"
180.107.180.148 - - [05/Feb/2018:09:19:40 +0800] "POST /JLAMPCommon/langBatchRows_prc HTTP/1.1" 200 44 "http://merp.yudo.com.cn:8183/Menu/Menu?formKey=M20180205T091726470" "Mozilla/5.0 (Windows NT 6.0; WOW64) AppleWebKit/537.36 (KHTML, like Gecko) Chrome/49.0.2623.221 Safari/537.36 SE 2.X MetaSr 1.0"
180.107.180.148 - - [05/Feb/2018:09:19:40 +0800] "GET /JLAMPCommon/getCookieJson_prc HTTP/1.1" 200 780 "http://merp.yudo.com.cn:8183/Menu/Menu?formKey=M20180205T091726470" "Mozilla/5.0 (Windows NT 6.0; WOW64) AppleWebKit/537.36 (KHTML, like Gecko) Chrome/49.0.2623.221 Safari/537.36 SE 2.X MetaSr 1.0"
180.107.180.148 - - [05/Feb/2018:09:19:41 +0800] "GET /Menu/doMenuRows_prc?formKey=M20180205T091726470 HTTP/1.1" 200 1196 "http://merp.yudo.com.cn:8183/Menu/Menu?formKey=M20180205T091726470" "Mozilla/5.0 (Windows NT 6.0; WOW64) AppleWebKit/537.36 (KHTML, like Gecko) Chrome/49.0.2623.221 Safari/537.36 SE 2.X MetaSr 1.0"
180.107.180.148 - - [05/Feb/2018:09:19:41 +0800] "GET /?deviceType=mobile&devicePlatform=ios HTTP/1.1" 302 149 "-" "Mozilla/5.0 (Windows NT 6.0; WOW64) AppleWebKit/537.36 (KHTML, like Gecko) Chrome/49.0.2623.221 Safari/537.36 SE 2.X MetaSr 1.0"
180.107.180.148 - - [05/Feb/2018:09:19:41 +0800] "GET /Menu/Menu?formKey=M20180205T091728720 HTTP/1.1" 200 5244 "-" "Mozilla/5.0 (Windows NT 6.0; WOW64) AppleWebKit/537.36 (KHTML, like Gecko) Chrome/49.0.2623.221 Safari/537.36 SE 2.X MetaSr 1.0"
180.107.180.148 - - [05/Feb/2018:09:19:43 +0800] "POST /JLAMPCommon/langBatchRows_prc HTTP/1.1" 200 44 "http://merp.yudo.com.cn:8183/Menu/Menu?formKey=M20180205T091728720" "Mozilla/5.0 (Windows NT 6.0; WOW64) AppleWebKit/537.36 (KHTML, like Gecko) Chrome/49.0.2623.221 Safari/537.36 SE 2.X MetaSr 1.0"
180.107.180.148 - - [05/Feb/2018:09:19:43 +0800] "GET /JLAMPCommon/getCookieJson_prc HTTP/1.1" 200 780 "http://merp.yudo.com.cn:8183/Menu/Menu?formKey=M20180205T091728720" "Mozilla/5.0 (Windows NT 6.0; WOW64) AppleWebKit/537.36 (KHTML, like Gecko) Chrome/49.0.2623.221 Safari/537.36 SE 2.X MetaSr 1.0"
180.107.180.148 - - [05/Feb/2018:09:19:43 +0800] "GET /Menu/doMenuRows_prc?formKey=M20180205T091728720 HTTP/1.1" 200 1196 "http://merp.yudo.com.cn:8183/Menu/Menu?formKey=M20180205T091728720" "Mozilla/5.0 (Windows NT 6.0; WOW64) AppleWebKit/537.36 (KHTML, like Gecko) Chrome/49.0.2623.221 Safari/537.36 SE 2.X MetaSr 1.0"
101.226.33.205 - - [05/Feb/2018:09:20:04 +0800] "GET /WEI_1400/WEI_1400/lists_prc?gubun=Y&baseDate=2018-02-05 HTTP/1.1" 200 2086 "http://merp.yudo.com.cn:8183/WEI_1400/WEI_1400?formKey=M20180205T091256397&menuSelection=sm" "Mozilla/5.0 (Windows NT 6.1; WOW64) AppleWebKit/537.36 (KHTML, like Gecko) Chrome/45.0.2454.101 Safari/537.36"
101.226.33.221 - - [05/Feb/2018:09:20:31 +0800] "GET /Menu/Menu?formKey=M20180205T091256397 HTTP/1.1" 200 5244 "http://merp.yudo.com.cn:8183/?deviceType=mobile&devicePlatform=ios" "Mozilla/5.0 (Windows NT 6.1; WOW64) AppleWebKit/537.36 (KHTML, like Gecko) Chrome/53.0.2785.104 Safari/537.36 Core/1.53.2141.400 QQBrowser/9.5.10219.400"
61.129.8.199 - - [05/Feb/2018:09:20:39 +0800] "GET /Menu/Menu?formKey=M20180205T091726470 HTTP/1.1" 200 5244 "-" "Mozilla/5.0 (Windows NT 6.1; WOW64) AppleWebKit/537.36 (KHTML, like Gecko) Chrome/43.0.2357.124 Safari/537.36"
61.129.8.199 - - [05/Feb/2018:09:20:39 +0800] "GET /third_party/jquery-2.1.4/jquery.js HTTP/1.1" 200 247606 "http://merp.yudo.com.cn:8183/Menu/Menu?formKey=M20180205T091726470" "Mozilla/5.0 (Windows NT 6.1; WOW64) AppleWebKit/537.36 (KHTML, like Gecko) Chrome/43.0.2357.124 Safari/537.36"
101.226.33.221 - - [05/Feb/2018:09:20:39 +0800] "GET /third_party/jquery-2.1.4/jquery.js HTTP/1.1" 200 247606 "http://merp.yudo.com.cn:8183/Menu/Menu?formKey=M20180205T091256397" "Mozilla/5.0 (Windows NT 6.1; WOW64) AppleWebKit/537.36 (KHTML, like Gecko) Chrome/56.0.2924.87 Safari/537.36"
61.151.178.168 - - [05/Feb/2018:09:20:41 +0800] "GET /Menu/doMenuRows_prc?formKey=M20180205T091726470 HTTP/1.1" 200 44 "http://merp.yudo.com.cn:8183/Menu/Menu?formKey=M20180205T091726470" "Mozilla/5.0 (Windows NT 6.1; WOW64; Trident/7.0; SLCC2; .NET CLR 2.0.50727; .NET CLR 3.5.30729; .NET CLR 3.0.30729; Media Center PC 6.0; .NET4.0C; .NET4.0E; InfoPath.3; rv:11.0) like Gecko"
61.129.8.199 - - [05/Feb/2018:09:20:41 +0800] "GET /third_party/jquery-ui-1.11.4/jquery-ui.js HTTP/1.1" 200 470596 "http://merp.yudo.com.cn:8183/Menu/Menu?formKey=M20180205T091726470" "Mozilla/5.0 (Windows NT 6.1; WOW64) AppleWebKit/537.36 (KHTML, like Gecko) Chrome/43.0.2357.124 Safari/537.36"
61.151.179.83 - - [05/Feb/2018:09:20:41 +0800] "GET /Menu/Menu?formKey=M20180205T091728720 HTTP/1.1" 200 5244 "-" "Mozilla/5.0 (Macintosh; Intel Mac OS X 10_12_4) AppleWebKit/537.36 (KHTML, like Gecko) \t\t\tChrome/55.0.2883.95 Safari/537.36"
61.129.8.199 - - [05/Feb/2018:09:20:42 +0800] "GET /third_party/bootstrap-3.3.5/js/bootstrap.min.js HTTP/1.1" 200 36816 "http://merp.yudo.com.cn:8183/Menu/Menu?formKey=M20180205T091726470" "Mozilla/5.0 (Windows NT 6.1; WOW64; Trident/7.0; SLCC2; .NET CLR 2.0.50727; .NET CLR 3.5.30729; .NET CLR 3.0.30729; Media Center PC 6.0; .NET4.0C; .NET4.0E; InfoPath.3; rv:11.0) like Gecko"
61.151.179.83 - - [05/Feb/2018:09:20:42 +0800] "GET /third_party/jquery-2.1.4/jquery.js HTTP/1.1" 200 247606 "http://merp.yudo.com.cn:8183/Menu/Menu?formKey=M20180205T091728720" "Mozilla/5.0 (Windows NT 6.1; WOW64; Trident/7.0; SLCC2; .NET CLR 2.0.50727; .NET CLR 3.5.30729; .NET CLR 3.0.30729; Media Center PC 6.0; .NET4.0C; .NET4.0E; InfoPath.3; rv:11.0) like Gecko"
61.129.8.199 - - [05/Feb/2018:09:20:42 +0800] "GET /third_party/bootstrap-datetimepicker/js/bootstrap-datetimepicker.js HTTP/1.1" 200 67526 "http://merp.yudo.com.cn:8183/Menu/Menu?formKey=M20180205T091726470" "Mozilla/5.0 (Windows NT 6.1; WOW64) AppleWebKit/537.36 (KHTML, like Gecko) Chrome/43.0.2357.124 Safari/537.36"
61.129.8.199 - - [05/Feb/2018:09:20:42 +0800] "GET /third_party/bootstrap-datetimepicker/js/locales/bootstrap-datetimepicker.ko.js HTTP/1.1" 200 765 "http://merp.yudo.com.cn:8183/Menu/Menu?formKey=M20180205T091726470" "Mozilla/5.0 (Windows NT 6.1; WOW64; Trident/7.0; SLCC2; .NET CLR 2.0.50727; .NET CLR 3.5.30729; .NET CLR 3.0.30729; Media Center PC 6.0; .NET4.0C; .NET4.0E; InfoPath.3; rv:11.0) like Gecko"
101.226.33.227 - - [05/Feb/2018:09:20:43 +0800] "GET /Menu/doMenuRows_prc?formKey=M20180205T091728720 HTTP/1.1" 200 44 "http://merp.yudo.com.cn:8183/Menu/Menu?formKey=M20180205T091728720" "Mozilla/5.0 (Windows NT 6.1; WOW64) AppleWebKit/537.36 (KHTML, like Gecko) Chrome/45.0.2454.101 Safari/537.36"
61.151.179.83 - - [05/Feb/2018:09:20:43 +0800] "GET /third_party/jquery-ui-1.11.4/jquery-ui.js HTTP/1.1" 200 470596 "http://merp.yudo.com.cn:8183/Menu/Menu?formKey=M20180205T091728720" "Mozilla/5.0 (Windows NT 6.1; WOW64) AppleWebKit/537.36 (KHTML, like Gecko) Chrome/43.0.2357.124 Safari/537.36"
61.151.179.83 - - [05/Feb/2018:09:20:43 +0800] "GET /third_party/bootstrap-3.3.5/js/bootstrap.min.js HTTP/1.1" 200 36816 "http://merp.yudo.com.cn:8183/Menu/Menu?formKey=M20180205T091728720" "Mozilla/5.0 (Windows NT 6.1; WOW64) AppleWebKit/537.36 (KHTML, like Gecko) Chrome/43.0.2357.124 Safari/537.36"
61.129.8.199 - - [05/Feb/2018:09:20:42 +0800] "GET /third_party/KendoUI/js/kendo.all.min.js HTTP/1.1" 200 3038548 "http://merp.yudo.com.cn:8183/Menu/Menu?formKey=M20180205T091726470" "Mozilla/5.0 (Windows NT 6.1; WOW64) AppleWebKit/537.36 (KHTML, like Gecko) Chrome/56.0.2924.87 Safari/537.36"
61.129.8.199 - - [05/Feb/2018:09:20:44 +0800] "GET /third_party/loading-overlay/waitMe.js HTTP/1.1" 200 8583 "http://merp.yudo.com.cn:8183/Menu/Menu?formKey=M20180205T091726470" "Mozilla/5.0 (Windows NT 6.1; WOW64) AppleWebKit/537.36 (KHTML, like Gecko) Chrome/43.0.2357.124 Safari/537.36"
61.151.179.83 - - [05/Feb/2018:09:20:44 +0800] "GET /third_party/bootstrap-datetimepicker/js/bootstrap-datetimepicker.js HTTP/1.1" 200 67526 "http://merp.yudo.com.cn:8183/Menu/Menu?formKey=M20180205T091728720" "Mozilla/5.0 (Windows NT 6.1; WOW64) AppleWebKit/537.36 (KHTML, like Gecko) Chrome/45.0.2454.101 Safari/537.36"
61.151.179.83 - - [05/Feb/2018:09:20:44 +0800] "GET /third_party/bootstrap-datetimepicker/js/locales/bootstrap-datetimepicker.ko.js HTTP/1.1" 200 765 "http://merp.yudo.com.cn:8183/Menu/Menu?formKey=M20180205T091728720" "Mozilla/5.0 (Windows NT 6.1; WOW64) AppleWebKit/537.36 (KHTML, like Gecko) Chrome/45.0.2454.101 Safari/537.36"
61.129.8.199 - - [05/Feb/2018:09:20:44 +0800] "GET /third_party/slideout-1.0.1/slideout.js HTTP/1.1" 200 37980 "http://merp.yudo.com.cn:8183/Menu/Menu?formKey=M20180205T091726470" "Mozilla/5.0 (Windows NT 6.1; WOW64; rv:50.0) Gecko/20100101 Firefox/50.0"
61.151.179.83 - - [05/Feb/2018:09:20:44 +0800] "GET /third_party/KendoUI/js/kendo.all.min.js HTTP/1.1" 200 3038548 "http://merp.yudo.com.cn:8183/Menu/Menu?formKey=M20180205T091728720" "Mozilla/5.0 (Windows NT 6.1; WOW64; Trident/7.0; SLCC2; .NET CLR 2.0.50727; .NET CLR 3.5.30729; .NET CLR 3.0.30729; Media Center PC 6.0; .NET4.0C; .NET4.0E; InfoPath.3; rv:11.0) like Gecko"
61.151.179.83 - - [05/Feb/2018:09:20:44 +0800] "GET /third_party/loading-overlay/waitMe.js HTTP/1.1" 200 8583 "http://merp.yudo.com.cn:8183/Menu/Menu?formKey=M20180205T091728720" "Mozilla/5.0 (Macintosh; Intel Mac OS X 10_12_4) AppleWebKit/537.36 (KHTML, like Gecko) \t\t\tChrome/55.0.2883.95 Safari/537.36"
61.151.179.83 - - [05/Feb/2018:09:20:44 +0800] "GET /third_party/slideout-1.0.1/slideout.js HTTP/1.1" 200 37980 "http://merp.yudo.com.cn:8183/Menu/Menu?formKey=M20180205T091728720" "Mozilla/5.0 (Windows NT 6.1; WOW64; rv:50.0) Gecko/20100101 Firefox/50.0"
61.129.8.199 - - [05/Feb/2018:09:20:45 +0800] "GET /js/JLAMP.polyfill.min.js HTTP/1.1" 200 361 "http://merp.yudo.com.cn:8183/Menu/Menu?formKey=M20180205T091726470" "Mozilla/5.0 (Windows NT 6.1; WOW64) AppleWebKit/537.36 (KHTML, like Gecko) Chrome/45.0.2454.101 Safari/537.36"
61.129.8.199 - - [05/Feb/2018:09:20:45 +0800] "GET /js/JLAMP.min.js HTTP/1.1" 200 1461 "http://merp.yudo.com.cn:8183/Menu/Menu?formKey=M20180205T091726470" "Mozilla/5.0 (Windows NT 6.1; WOW64) AppleWebKit/537.36 (KHTML, like Gecko) Chrome/53.0.2785.104 Safari/537.36 Core/1.53.2141.400 QQBrowser/9.5.10219.400"
61.129.8.199 - - [05/Feb/2018:09:20:45 +0800] "GET /js/JLAMP.common.min.js HTTP/1.1" 200 9705 "http://merp.yudo.com.cn:8183/Menu/Menu?formKey=M20180205T091726470" "Mozilla/5.0 (Windows NT 6.1; WOW64; rv:50.0) Gecko/20100101 Firefox/50.0"
61.129.8.199 - - [05/Feb/2018:09:20:45 +0800] "GET /js/JLAMP.menu.min.js HTTP/1.1" 200 6519 "http://merp.yudo.com.cn:8183/Menu/Menu?formKey=M20180205T091726470" "Mozilla/5.0 (Windows NT 6.1; WOW64) AppleWebKit/537.36 (KHTML, like Gecko) Chrome/43.0.2357.124 Safari/537.36"
61.129.8.199 - - [05/Feb/2018:09:20:45 +0800] "GET /js/JLAMP.autobinding.min.js HTTP/1.1" 200 8816 "http://merp.yudo.com.cn:8183/Menu/Menu?formKey=M20180205T091726470" "Mozilla/5.0 (Windows NT 6.1; WOW64; Trident/7.0; SLCC2; .NET CLR 2.0.50727; .NET CLR 3.5.30729; .NET CLR 3.0.30729; Media Center PC 6.0; .NET4.0C; .NET4.0E; InfoPath.3; rv:11.0) like Gecko"
61.151.179.83 - - [05/Feb/2018:09:20:45 +0800] "GET /js/JLAMP.polyfill.min.js HTTP/1.1" 200 361 "http://merp.yudo.com.cn:8183/Menu/Menu?formKey=M20180205T091728720" "Mozilla/5.0 (Macintosh; Intel Mac OS X 10_12_4) AppleWebKit/537.36 (KHTML, like Gecko) \t\t\tChrome/55.0.2883.95 Safari/537.36"
61.129.8.199 - - [05/Feb/2018:09:20:46 +0800] "GET /js/JLAMP.modal.min.js HTTP/1.1" 200 16516 "http://merp.yudo.com.cn:8183/Menu/Menu?formKey=M20180205T091726470" "Mozilla/5.0 (Windows NT 6.1; WOW64) AppleWebKit/537.36 (KHTML, like Gecko) Chrome/43.0.2357.124 Safari/537.36"
61.151.179.83 - - [05/Feb/2018:09:20:46 +0800] "GET /js/JLAMP.min.js HTTP/1.1" 200 1461 "http://merp.yudo.com.cn:8183/Menu/Menu?formKey=M20180205T091728720" "Mozilla/5.0 (Windows NT 6.1; WOW64) AppleWebKit/537.36 (KHTML, like Gecko) Chrome/43.0.2357.124 Safari/537.36"
61.151.179.83 - - [05/Feb/2018:09:20:46 +0800] "GET /js/JLAMP.common.min.js HTTP/1.1" 200 9705 "http://merp.yudo.com.cn:8183/Menu/Menu?formKey=M20180205T091728720" "Mozilla/5.0 (Windows NT 6.1; WOW64) AppleWebKit/537.36 (KHTML, like Gecko) Chrome/53.0.2785.104 Safari/537.36 Core/1.53.2141.400 QQBrowser/9.5.10219.400"
61.151.179.83 - - [05/Feb/2018:09:20:46 +0800] "GET /js/JLAMP.menu.min.js HTTP/1.1" 200 6519 "http://merp.yudo.com.cn:8183/Menu/Menu?formKey=M20180205T091728720" "Mozilla/5.0 (Windows NT 6.1; WOW64) AppleWebKit/537.36 (KHTML, like Gecko) Chrome/43.0.2357.124 Safari/537.36"
61.151.179.83 - - [05/Feb/2018:09:20:46 +0800] "GET /js/JLAMP.autobinding.min.js HTTP/1.1" 200 8816 "http://merp.yudo.com.cn:8183/Menu/Menu?formKey=M20180205T091728720" "Mozilla/5.0 (Windows NT 6.1; WOW64; Trident/7.0; SLCC2; .NET CLR 2.0.50727; .NET CLR 3.5.30729; .NET CLR 3.0.30729; Media Center PC 6.0; .NET4.0C; .NET4.0E; InfoPath.3; rv:11.0) like Gecko"
61.129.8.199 - - [05/Feb/2018:09:20:46 +0800] "GET /js/JLAMP.lang.min.js HTTP/1.1" 200 1750 "http://merp.yudo.com.cn:8183/Menu/Menu?formKey=M20180205T091726470" "Mozilla/5.0 (Windows NT 6.1; WOW64) AppleWebKit/537.36 (KHTML, like Gecko) Chrome/53.0.2785.104 Safari/537.36 Core/1.53.2141.400 QQBrowser/9.5.10219.400"
61.151.179.83 - - [05/Feb/2018:09:20:46 +0800] "GET /js/JLAMP.modal.min.js HTTP/1.1" 200 16516 "http://merp.yudo.com.cn:8183/Menu/Menu?formKey=M20180205T091728720" "Mozilla/5.0 (Windows NT 6.1; WOW64) AppleWebKit/537.36 (KHTML, like Gecko) Chrome/53.0.2785.104 Safari/537.36 Core/1.53.2141.400 QQBrowser/9.5.10219.400"
61.129.8.199 - - [05/Feb/2018:09:20:46 +0800] "GET /js/session.js HTTP/1.1" 200 638 "http://merp.yudo.com.cn:8183/Menu/Menu?formKey=M20180205T091726470" "Mozilla/5.0 (Windows NT 6.1; WOW64) AppleWebKit/537.36 (KHTML, like Gecko) Chrome/56.0.2924.87 Safari/537.36"
61.129.8.199 - - [05/Feb/2018:09:20:46 +0800] "GET /js/version.js HTTP/1.1" 200 1044 "http://merp.yudo.com.cn:8183/Menu/Menu?formKey=M20180205T091726470" "Mozilla/5.0 (Macintosh; Intel Mac OS X 10_12_4) AppleWebKit/537.36 (KHTML, like Gecko) \t\t\tChrome/55.0.2883.95 Safari/537.36"
61.129.8.199 - - [05/Feb/2018:09:20:46 +0800] "GET /js/common.js HTTP/1.1" 200 11633 "http://merp.yudo.com.cn:8183/Menu/Menu?formKey=M20180205T091726470" "Mozilla/5.0 (Windows NT 6.1; WOW64) AppleWebKit/537.36 (KHTML, like Gecko) Chrome/45.0.2454.101 Safari/537.36"
61.151.179.83 - - [05/Feb/2018:09:20:46 +0800] "GET /js/JLAMP.lang.min.js HTTP/1.1" 200 1750 "http://merp.yudo.com.cn:8183/Menu/Menu?formKey=M20180205T091728720" "Mozilla/5.0 (Windows NT 6.1; WOW64) AppleWebKit/537.36 (KHTML, like Gecko) Chrome/56.0.2924.87 Safari/537.36"
61.151.179.83 - - [05/Feb/2018:09:20:47 +0800] "GET /js/session.js HTTP/1.1" 200 638 "http://merp.yudo.com.cn:8183/Menu/Menu?formKey=M20180205T091728720" "Mozilla/5.0 (Windows NT 6.1; WOW64) AppleWebKit/537.36 (KHTML, like Gecko) Chrome/43.0.2357.124 Safari/537.36"
61.129.8.199 - - [05/Feb/2018:09:20:47 +0800] "GET /js/GNB.js HTTP/1.1" 200 2176 "http://merp.yudo.com.cn:8183/Menu/Menu?formKey=M20180205T091726470" "Mozilla/5.0 (Macintosh; Intel Mac OS X 10_12_4) AppleWebKit/537.36 (KHTML, like Gecko) \t\t\tChrome/55.0.2883.95 Safari/537.36"
61.151.179.83 - - [05/Feb/2018:09:20:47 +0800] "GET /js/version.js HTTP/1.1" 200 1044 "http://merp.yudo.com.cn:8183/Menu/Menu?formKey=M20180205T091728720" "Mozilla/5.0 (Windows NT 6.1; WOW64; rv:50.0) Gecko/20100101 Firefox/50.0"
61.129.8.199 - - [05/Feb/2018:09:20:47 +0800] "GET /js/Menu/Menu.js HTTP/1.1" 200 1627 "http://merp.yudo.com.cn:8183/Menu/Menu?formKey=M20180205T091726470" "Mozilla/5.0 (Windows NT 6.1; WOW64; Trident/7.0; SLCC2; .NET CLR 2.0.50727; .NET CLR 3.5.30729; .NET CLR 3.0.30729; Media Center PC 6.0; .NET4.0C; .NET4.0E; InfoPath.3; rv:11.0) like Gecko"
61.151.179.83 - - [05/Feb/2018:09:20:47 +0800] "GET /js/common.js HTTP/1.1" 200 11633 "http://merp.yudo.com.cn:8183/Menu/Menu?formKey=M20180205T091728720" "Mozilla/5.0 (Windows NT 6.1; WOW64) AppleWebKit/537.36 (KHTML, like Gecko) Chrome/53.0.2785.104 Safari/537.36 Core/1.53.2141.400 QQBrowser/9.5.10219.400"
61.151.179.83 - - [05/Feb/2018:09:20:47 +0800] "GET /js/GNB.js HTTP/1.1" 200 2176 "http://merp.yudo.com.cn:8183/Menu/Menu?formKey=M20180205T091728720" "Mozilla/5.0 (Windows NT 6.1; WOW64; Trident/7.0; SLCC2; .NET CLR 2.0.50727; .NET CLR 3.5.30729; .NET CLR 3.0.30729; Media Center PC 6.0; .NET4.0C; .NET4.0E; InfoPath.3; rv:11.0) like Gecko"
61.151.179.83 - - [05/Feb/2018:09:20:48 +0800] "GET /js/Menu/Menu.js HTTP/1.1" 200 1627 "http://merp.yudo.com.cn:8183/Menu/Menu?formKey=M20180205T091728720" "Mozilla/5.0 (Windows NT 6.1; WOW64) AppleWebKit/537.36 (KHTML, like Gecko) Chrome/53.0.2785.104 Safari/537.36 Core/1.53.2141.400 QQBrowser/9.5.10219.400"
101.226.33.221 - - [05/Feb/2018:09:21:11 +0800] "GET /third_party/jquery-ui-1.11.4/jquery-ui.js HTTP/1.1" 200 470596 "http://merp.yudo.com.cn:8183/Menu/Menu?formKey=M20180205T091256397" "Mozilla/5.0 (Windows NT 6.1; WOW64; Trident/7.0; SLCC2; .NET CLR 2.0.50727; .NET CLR 3.5.30729; .NET CLR 3.0.30729; Media Center PC 6.0; .NET4.0C; .NET4.0E; InfoPath.3; rv:11.0) like Gecko"
101.226.33.221 - - [05/Feb/2018:09:21:41 +0800] "GET /third_party/bootstrap-3.3.5/js/bootstrap.min.js HTTP/1.1" 200 36816 "http://merp.yudo.com.cn:8183/Menu/Menu?formKey=M20180205T091256397" "Mozilla/5.0 (Windows NT 6.1; WOW64) AppleWebKit/537.36 (KHTML, like Gecko) Chrome/53.0.2785.104 Safari/537.36 Core/1.53.2141.400 QQBrowser/9.5.10219.400"
101.226.33.221 - - [05/Feb/2018:09:21:56 +0800] "GET /third_party/bootstrap-datetimepicker/js/bootstrap-datetimepicker.js HTTP/1.1" 200 67526 "http://merp.yudo.com.cn:8183/Menu/Menu?formKey=M20180205T091256397" "Mozilla/5.0 (Windows NT 6.1; WOW64; rv:50.0) Gecko/20100101 Firefox/50.0"
101.226.33.221 - - [05/Feb/2018:09:22:16 +0800] "GET /third_party/bootstrap-datetimepicker/js/locales/bootstrap-datetimepicker.ko.js HTTP/1.1" 200 765 "http://merp.yudo.com.cn:8183/Menu/Menu?formKey=M20180205T091256397" "Mozilla/5.0 (Windows NT 6.1; WOW64; rv:50.0) Gecko/20100101 Firefox/50.0"
101.226.33.221 - - [05/Feb/2018:09:22:23 +0800] "GET /third_party/KendoUI/js/kendo.all.min.js HTTP/1.1" 200 3038548 "http://merp.yudo.com.cn:8183/Menu/Menu?formKey=M20180205T091256397" "Mozilla/5.0 (Windows NT 6.1; WOW64) AppleWebKit/537.36 (KHTML, like Gecko) Chrome/43.0.2357.124 Safari/537.36"
101.226.33.221 - - [05/Feb/2018:09:22:51 +0800] "GET /third_party/loading-overlay/waitMe.js HTTP/1.1" 200 8583 "http://merp.yudo.com.cn:8183/Menu/Menu?formKey=M20180205T091256397" "Mozilla/5.0 (Windows NT 6.1; WOW64) AppleWebKit/537.36 (KHTML, like Gecko) Chrome/53.0.2785.104 Safari/537.36 Core/1.53.2141.400 QQBrowser/9.5.10219.400"
101.226.33.221 - - [05/Feb/2018:09:22:59 +0800] "GET /third_party/slideout-1.0.1/slideout.js HTTP/1.1" 200 37980 "http://merp.yudo.com.cn:8183/Menu/Menu?formKey=M20180205T091256397" "Mozilla/5.0 (Windows NT 6.1; WOW64) AppleWebKit/537.36 (KHTML, like Gecko) Chrome/53.0.2785.104 Safari/537.36 Core/1.53.2141.400 QQBrowser/9.5.10219.400"
101.226.33.221 - - [05/Feb/2018:09:23:18 +0800] "GET /js/JLAMP.polyfill.min.js HTTP/1.1" 200 361 "http://merp.yudo.com.cn:8183/Menu/Menu?formKey=M20180205T091256397" "Mozilla/5.0 (Windows NT 6.1; WOW64; Trident/7.0; SLCC2; .NET CLR 2.0.50727; .NET CLR 3.5.30729; .NET CLR 3.0.30729; Media Center PC 6.0; .NET4.0C; .NET4.0E; InfoPath.3; rv:11.0) like Gecko"
101.226.33.221 - - [05/Feb/2018:09:23:26 +0800] "GET /js/JLAMP.min.js HTTP/1.1" 200 1461 "http://merp.yudo.com.cn:8183/Menu/Menu?formKey=M20180205T091256397" "Mozilla/5.0 (Windows NT 6.1; WOW64) AppleWebKit/537.36 (KHTML, like Gecko) Chrome/56.0.2924.87 Safari/537.36"
101.226.33.221 - - [05/Feb/2018:09:23:34 +0800] "GET /js/JLAMP.common.min.js HTTP/1.1" 200 9705 "http://merp.yudo.com.cn:8183/Menu/Menu?formKey=M20180205T091256397" "Mozilla/5.0 (Windows NT 6.1; WOW64) AppleWebKit/537.36 (KHTML, like Gecko) Chrome/43.0.2357.124 Safari/537.36"
101.226.33.221 - - [05/Feb/2018:09:23:42 +0800] "GET /js/JLAMP.menu.min.js HTTP/1.1" 200 6519 "http://merp.yudo.com.cn:8183/Menu/Menu?formKey=M20180205T091256397" "Mozilla/5.0 (Windows NT 6.1; WOW64) AppleWebKit/537.36 (KHTML, like Gecko) Chrome/43.0.2357.124 Safari/537.36"
101.226.33.221 - - [05/Feb/2018:09:23:51 +0800] "GET /js/JLAMP.autobinding.min.js HTTP/1.1" 200 8816 "http://merp.yudo.com.cn:8183/Menu/Menu?formKey=M20180205T091256397" "Mozilla/5.0 (Windows NT 6.1; WOW64; rv:50.0) Gecko/20100101 Firefox/50.0"
101.226.33.221 - - [05/Feb/2018:09:23:59 +0800] "GET /js/JLAMP.modal.min.js HTTP/1.1" 200 16516 "http://merp.yudo.com.cn:8183/Menu/Menu?formKey=M20180205T091256397" "Mozilla/5.0 (Windows NT 6.1; WOW64) AppleWebKit/537.36 (KHTML, like Gecko) Chrome/56.0.2924.87 Safari/537.36"
101.226.33.221 - - [05/Feb/2018:09:24:11 +0800] "GET /js/JLAMP.lang.min.js HTTP/1.1" 200 1750 "http://merp.yudo.com.cn:8183/Menu/Menu?formKey=M20180205T091256397" "Mozilla/5.0 (Windows NT 6.1; WOW64) AppleWebKit/537.36 (KHTML, like Gecko) Chrome/53.0.2785.104 Safari/537.36 Core/1.53.2141.400 QQBrowser/9.5.10219.400"
101.226.33.221 - - [05/Feb/2018:09:24:19 +0800] "GET /js/session.js HTTP/1.1" 200 638 "http://merp.yudo.com.cn:8183/Menu/Menu?formKey=M20180205T091256397" "Mozilla/5.0 (Windows NT 6.1; WOW64; rv:50.0) Gecko/20100101 Firefox/50.0"
101.226.33.221 - - [05/Feb/2018:09:24:29 +0800] "GET /js/version.js HTTP/1.1" 200 1044 "http://merp.yudo.com.cn:8183/Menu/Menu?formKey=M20180205T091256397" "Mozilla/5.0 (Windows NT 6.1; WOW64; rv:50.0) Gecko/20100101 Firefox/50.0"
101.226.33.221 - - [05/Feb/2018:09:24:37 +0800] "GET /js/common.js HTTP/1.1" 200 11633 "http://merp.yudo.com.cn:8183/Menu/Menu?formKey=M20180205T091256397" "Mozilla/5.0 (Windows NT 6.1; WOW64) AppleWebKit/537.36 (KHTML, like Gecko) Chrome/43.0.2357.124 Safari/537.36"
101.226.33.221 - - [05/Feb/2018:09:24:44 +0800] "GET /js/GNB.js HTTP/1.1" 200 2176 "http://merp.yudo.com.cn:8183/Menu/Menu?formKey=M20180205T091256397" "Mozilla/5.0 (Windows NT 6.1; WOW64; Trident/7.0; SLCC2; .NET CLR 2.0.50727; .NET CLR 3.5.30729; .NET CLR 3.0.30729; Media Center PC 6.0; .NET4.0C; .NET4.0E; InfoPath.3; rv:11.0) like Gecko"
101.226.33.221 - - [05/Feb/2018:09:24:51 +0800] "GET /js/Menu/Menu.js HTTP/1.1" 200 1627 "http://merp.yudo.com.cn:8183/Menu/Menu?formKey=M20180205T091256397" "Mozilla/5.0 (Macintosh; Intel Mac OS X 10_12_4) AppleWebKit/537.36 (KHTML, like Gecko) \t\t\tChrome/55.0.2883.95 Safari/537.36"
101.226.102.97 - - [05/Feb/2018:09:26:09 +0800] "GET /Menu/Menu?formKey=M20180205T091728720 HTTP/1.1" 200 5244 "-" "Mozilla/5.0 (Windows NT 6.1; WOW64) AppleWebKit/537.36 (KHTML, like Gecko) Chrome/45.0.2454.101 Safari/537.36"
101.226.102.97 - - [05/Feb/2018:09:26:17 +0800] "GET /third_party/jquery-2.1.4/jquery.js HTTP/1.1" 200 247606 "http://merp.yudo.com.cn:8183/Menu/Menu?formKey=M20180205T091728720" "Mozilla/5.0 (Windows NT 6.1; WOW64; rv:50.0) Gecko/20100101 Firefox/50.0"
101.226.102.97 - - [05/Feb/2018:09:26:48 +0800] "GET /third_party/jquery-ui-1.11.4/jquery-ui.js HTTP/1.1" 200 470596 "http://merp.yudo.com.cn:8183/Menu/Menu?formKey=M20180205T091728720" "Mozilla/5.0 (Windows NT 6.1; WOW64) AppleWebKit/537.36 (KHTML, like Gecko) Chrome/43.0.2357.124 Safari/537.36"
101.226.102.97 - - [05/Feb/2018:09:27:22 +0800] "GET /third_party/bootstrap-3.3.5/js/bootstrap.min.js HTTP/1.1" 200 36816 "http://merp.yudo.com.cn:8183/Menu/Menu?formKey=M20180205T091728720" "Mozilla/5.0 (Windows NT 6.1; WOW64; rv:50.0) Gecko/20100101 Firefox/50.0"
101.226.102.97 - - [05/Feb/2018:09:27:38 +0800] "GET /third_party/bootstrap-datetimepicker/js/bootstrap-datetimepicker.js HTTP/1.1" 200 67526 "http://merp.yudo.com.cn:8183/Menu/Menu?formKey=M20180205T091728720" "Mozilla/5.0 (Windows NT 6.1; WOW64) AppleWebKit/537.36 (KHTML, like Gecko) Chrome/45.0.2454.101 Safari/537.36"
101.226.102.97 - - [05/Feb/2018:09:28:03 +0800] "GET /third_party/bootstrap-datetimepicker/js/locales/bootstrap-datetimepicker.ko.js HTTP/1.1" 200 765 "http://merp.yudo.com.cn:8183/Menu/Menu?formKey=M20180205T091728720" "Mozilla/5.0 (Macintosh; Intel Mac OS X 10_12_4) AppleWebKit/537.36 (KHTML, like Gecko) \t\t\tChrome/55.0.2883.95 Safari/537.36"
101.226.102.97 - - [05/Feb/2018:09:28:10 +0800] "GET /third_party/KendoUI/js/kendo.all.min.js HTTP/1.1" 200 3038548 "http://merp.yudo.com.cn:8183/Menu/Menu?formKey=M20180205T091728720" "Mozilla/5.0 (Windows NT 6.1; WOW64) AppleWebKit/537.36 (KHTML, like Gecko) Chrome/53.0.2785.104 Safari/537.36 Core/1.53.2141.400 QQBrowser/9.5.10219.400"
101.226.102.97 - - [05/Feb/2018:09:28:44 +0800] "GET /third_party/loading-overlay/waitMe.js HTTP/1.1" 200 8583 "http://merp.yudo.com.cn:8183/Menu/Menu?formKey=M20180205T091728720" "Mozilla/5.0 (Macintosh; Intel Mac OS X 10_12_4) AppleWebKit/537.36 (KHTML, like Gecko) \t\t\tChrome/55.0.2883.95 Safari/537.36"
101.226.102.97 - - [05/Feb/2018:09:28:53 +0800] "GET /third_party/slideout-1.0.1/slideout.js HTTP/1.1" 200 37980 "http://merp.yudo.com.cn:8183/Menu/Menu?formKey=M20180205T091728720" "Mozilla/5.0 (Windows NT 6.1; WOW64) AppleWebKit/537.36 (KHTML, like Gecko) Chrome/45.0.2454.101 Safari/537.36"
101.226.102.97 - - [05/Feb/2018:09:29:08 +0800] "GET /js/JLAMP.polyfill.min.js HTTP/1.1" 200 361 "http://merp.yudo.com.cn:8183/Menu/Menu?formKey=M20180205T091728720" "Mozilla/5.0 (Windows NT 6.1; WOW64) AppleWebKit/537.36 (KHTML, like Gecko) Chrome/45.0.2454.101 Safari/537.36"
101.226.102.97 - - [05/Feb/2018:09:29:17 +0800] "GET /js/JLAMP.min.js HTTP/1.1" 200 1461 "http://merp.yudo.com.cn:8183/Menu/Menu?formKey=M20180205T091728720" "Mozilla/5.0 (Windows NT 6.1; WOW64) AppleWebKit/537.36 (KHTML, like Gecko) Chrome/56.0.2924.87 Safari/537.36"
101.226.102.97 - - [05/Feb/2018:09:29:24 +0800] "GET /js/JLAMP.common.min.js HTTP/1.1" 200 9705 "http://merp.yudo.com.cn:8183/Menu/Menu?formKey=M20180205T091728720" "Mozilla/5.0 (Windows NT 6.1; WOW64) AppleWebKit/537.36 (KHTML, like Gecko) Chrome/56.0.2924.87 Safari/537.36"
101.226.102.97 - - [05/Feb/2018:09:29:34 +0800] "GET /js/JLAMP.menu.min.js HTTP/1.1" 200 6519 "http://merp.yudo.com.cn:8183/Menu/Menu?formKey=M20180205T091728720" "Mozilla/5.0 (Windows NT 6.1; WOW64; rv:50.0) Gecko/20100101 Firefox/50.0"
101.226.102.97 - - [05/Feb/2018:09:29:42 +0800] "GET /js/JLAMP.autobinding.min.js HTTP/1.1" 200 8816 "http://merp.yudo.com.cn:8183/Menu/Menu?formKey=M20180205T091728720" "Mozilla/5.0 (Macintosh; Intel Mac OS X 10_12_4) AppleWebKit/537.36 (KHTML, like Gecko) \t\t\tChrome/55.0.2883.95 Safari/537.36"
101.226.102.97 - - [05/Feb/2018:09:29:49 +0800] "GET /js/JLAMP.modal.min.js HTTP/1.1" 200 16516 "http://merp.yudo.com.cn:8183/Menu/Menu?formKey=M20180205T091728720" "Mozilla/5.0 (Windows NT 6.1; WOW64) AppleWebKit/537.36 (KHTML, like Gecko) Chrome/43.0.2357.124 Safari/537.36"
101.226.102.97 - - [05/Feb/2018:09:30:02 +0800] "GET /js/JLAMP.lang.min.js HTTP/1.1" 200 1750 "http://merp.yudo.com.cn:8183/Menu/Menu?formKey=M20180205T091728720" "Mozilla/5.0 (Windows NT 6.1; WOW64) AppleWebKit/537.36 (KHTML, like Gecko) Chrome/43.0.2357.124 Safari/537.36"
101.226.102.97 - - [05/Feb/2018:09:30:11 +0800] "GET /js/session.js HTTP/1.1" 200 638 "http://merp.yudo.com.cn:8183/Menu/Menu?formKey=M20180205T091728720" "Mozilla/5.0 (Windows NT 6.1; WOW64) AppleWebKit/537.36 (KHTML, like Gecko) Chrome/56.0.2924.87 Safari/537.36"
101.226.102.97 - - [05/Feb/2018:09:30:22 +0800] "GET /js/version.js HTTP/1.1" 200 1044 "http://merp.yudo.com.cn:8183/Menu/Menu?formKey=M20180205T091728720" "Mozilla/5.0 (Windows NT 6.1; WOW64) AppleWebKit/537.36 (KHTML, like Gecko) Chrome/56.0.2924.87 Safari/537.36"
101.226.102.97 - - [05/Feb/2018:09:30:34 +0800] "GET /js/common.js HTTP/1.1" 200 11633 "http://merp.yudo.com.cn:8183/Menu/Menu?formKey=M20180205T091728720" "Mozilla/5.0 (Windows NT 6.1; WOW64) AppleWebKit/537.36 (KHTML, like Gecko) Chrome/45.0.2454.101 Safari/537.36"
101.226.102.97 - - [05/Feb/2018:09:30:43 +0800] "GET /js/GNB.js HTTP/1.1" 200 2176 "http://merp.yudo.com.cn:8183/Menu/Menu?formKey=M20180205T091728720" "Mozilla/5.0 (Windows NT 6.1; WOW64) AppleWebKit/537.36 (KHTML, like Gecko) Chrome/53.0.2785.104 Safari/537.36 Core/1.53.2141.400 QQBrowser/9.5.10219.400"
101.226.102.97 - - [05/Feb/2018:09:30:52 +0800] "GET /js/Menu/Menu.js HTTP/1.1" 200 1627 "http://merp.yudo.com.cn:8183/Menu/Menu?formKey=M20180205T091728720" "Mozilla/5.0 (Windows NT 6.1; WOW64) AppleWebKit/537.36 (KHTML, like Gecko) Chrome/53.0.2785.104 Safari/537.36 Core/1.53.2141.400 QQBrowser/9.5.10219.400"
180.107.180.148 - - [05/Feb/2018:10:42:41 +0800] "GET /?deviceType=mobile&devicePlatform=ios HTTP/1.1" 302 149 "-" "Mozilla/5.0 (Windows NT 6.0; WOW64) AppleWebKit/537.36 (KHTML, like Gecko) Chrome/49.0.2623.221 Safari/537.36 SE 2.X MetaSr 1.0"
180.107.180.148 - - [05/Feb/2018:10:42:42 +0800] "GET /Menu/Menu?formKey=M20180205T104029190 HTTP/1.1" 200 5244 "-" "Mozilla/5.0 (Windows NT 6.0; WOW64) AppleWebKit/537.36 (KHTML, like Gecko) Chrome/49.0.2623.221 Safari/537.36 SE 2.X MetaSr 1.0"
180.107.180.148 - - [05/Feb/2018:10:42:42 +0800] "GET /image/favicon.ico HTTP/1.1" 404 1133 "-" "Mozilla/5.0 (Windows NT 6.0; WOW64) AppleWebKit/537.36 (KHTML, like Gecko) Chrome/49.0.2623.221 Safari/537.36 SE 2.X MetaSr 1.0"
180.107.180.148 - - [05/Feb/2018:10:42:42 +0800] "GET /favicon.ico HTTP/1.1" 404 1133 "-" "Mozilla/5.0 (Windows NT 6.0; WOW64) AppleWebKit/537.36 (KHTML, like Gecko) Chrome/49.0.2623.221 Safari/537.36 SE 2.X MetaSr 1.0"
180.107.180.148 - - [05/Feb/2018:10:42:43 +0800] "POST /JLAMPCommon/langBatchRows_prc HTTP/1.1" 200 44 "http://merp.yudo.com.cn:8183/Menu/Menu?formKey=M20180205T104029190" "Mozilla/5.0 (Windows NT 6.0; WOW64) AppleWebKit/537.36 (KHTML, like Gecko) Chrome/49.0.2623.221 Safari/537.36 SE 2.X MetaSr 1.0"
180.107.180.148 - - [05/Feb/2018:10:42:43 +0800] "GET /JLAMPCommon/getCookieJson_prc HTTP/1.1" 200 780 "http://merp.yudo.com.cn:8183/Menu/Menu?formKey=M20180205T104029190" "Mozilla/5.0 (Windows NT 6.0; WOW64) AppleWebKit/537.36 (KHTML, like Gecko) Chrome/49.0.2623.221 Safari/537.36 SE 2.X MetaSr 1.0"
180.107.180.148 - - [05/Feb/2018:10:42:44 +0800] "GET /Menu/doMenuRows_prc?formKey=M20180205T104029190 HTTP/1.1" 200 1196 "http://merp.yudo.com.cn:8183/Menu/Menu?formKey=M20180205T104029190" "Mozilla/5.0 (Windows NT 6.0; WOW64) AppleWebKit/537.36 (KHTML, like Gecko) Chrome/49.0.2623.221 Safari/537.36 SE 2.X MetaSr 1.0"
180.107.180.148 - - [05/Feb/2018:10:42:47 +0800] "GET /WEI_1400/WEI_1400?formKey=M20180205T104029190&menuSelection=sm HTTP/1.1" 200 7191 "http://merp.yudo.com.cn:8183/Menu/Menu?formKey=M20180205T104029190" "Mozilla/5.0 (Windows NT 6.0; WOW64) AppleWebKit/537.36 (KHTML, like Gecko) Chrome/49.0.2623.221 Safari/537.36 SE 2.X MetaSr 1.0"
180.107.180.148 - - [05/Feb/2018:10:42:47 +0800] "GET /image/favicon.ico HTTP/1.1" 404 1133 "-" "Mozilla/5.0 (Windows NT 6.0; WOW64) AppleWebKit/537.36 (KHTML, like Gecko) Chrome/49.0.2623.221 Safari/537.36 SE 2.X MetaSr 1.0"
180.107.180.148 - - [05/Feb/2018:10:42:48 +0800] "POST /JLAMPCommon/langBatchRows_prc HTTP/1.1" 200 1268 "http://merp.yudo.com.cn:8183/WEI_1400/WEI_1400?formKey=M20180205T104029190&menuSelection=sm" "Mozilla/5.0 (Windows NT 6.0; WOW64) AppleWebKit/537.36 (KHTML, like Gecko) Chrome/49.0.2623.221 Safari/537.36 SE 2.X MetaSr 1.0"
180.107.180.148 - - [05/Feb/2018:10:42:48 +0800] "GET /JLAMPCommon/getCookieJson_prc HTTP/1.1" 200 780 "http://merp.yudo.com.cn:8183/WEI_1400/WEI_1400?formKey=M20180205T104029190&menuSelection=sm" "Mozilla/5.0 (Windows NT 6.0; WOW64) AppleWebKit/537.36 (KHTML, like Gecko) Chrome/49.0.2623.221 Safari/537.36 SE 2.X MetaSr 1.0"
180.107.180.148 - - [05/Feb/2018:10:42:49 +0800] "POST /JLAMPCommon/langRow_prc HTTP/1.1" 200 191 "http://merp.yudo.com.cn:8183/WEI_1400/WEI_1400?formKey=M20180205T104029190&menuSelection=sm" "Mozilla/5.0 (Windows NT 6.0; WOW64) AppleWebKit/537.36 (KHTML, like Gecko) Chrome/49.0.2623.221 Safari/537.36 SE 2.X MetaSr 1.0"
180.107.180.148 - - [05/Feb/2018:10:42:49 +0800] "POST /JLAMPCommon/langRow_prc HTTP/1.1" 200 215 "http://merp.yudo.com.cn:8183/WEI_1400/WEI_1400?formKey=M20180205T104029190&menuSelection=sm" "Mozilla/5.0 (Windows NT 6.0; WOW64) AppleWebKit/537.36 (KHTML, like Gecko) Chrome/49.0.2623.221 Safari/537.36 SE 2.X MetaSr 1.0"
180.107.180.148 - - [05/Feb/2018:10:42:52 +0800] "POST /JLAMPCommon/langRow_prc HTTP/1.1" 200 191 "http://merp.yudo.com.cn:8183/WEI_1400/WEI_1400?formKey=M20180205T104029190&menuSelection=sm" "Mozilla/5.0 (Windows NT 6.0; WOW64) AppleWebKit/537.36 (KHTML, like Gecko) Chrome/49.0.2623.221 Safari/537.36 SE 2.X MetaSr 1.0"
180.107.180.148 - - [05/Feb/2018:10:42:53 +0800] "POST /JLAMPCommon/langRow_prc HTTP/1.1" 200 191 "http://merp.yudo.com.cn:8183/WEI_1400/WEI_1400?formKey=M20180205T104029190&menuSelection=sm" "Mozilla/5.0 (Windows NT 6.0; WOW64) AppleWebKit/537.36 (KHTML, like Gecko) Chrome/49.0.2623.221 Safari/537.36 SE 2.X MetaSr 1.0"
180.107.180.148 - - [05/Feb/2018:10:42:53 +0800] "POST /JLAMPCommon/langRow_prc HTTP/1.1" 200 209 "http://merp.yudo.com.cn:8183/WEI_1400/WEI_1400?formKey=M20180205T104029190&menuSelection=sm" "Mozilla/5.0 (Windows NT 6.0; WOW64) AppleWebKit/537.36 (KHTML, like Gecko) Chrome/49.0.2623.221 Safari/537.36 SE 2.X MetaSr 1.0"
180.107.180.148 - - [05/Feb/2018:10:42:53 +0800] "POST /JLAMPCommon/langRow_prc HTTP/1.1" 200 191 "http://merp.yudo.com.cn:8183/WEI_1400/WEI_1400?formKey=M20180205T104029190&menuSelection=sm" "Mozilla/5.0 (Windows NT 6.0; WOW64) AppleWebKit/537.36 (KHTML, like Gecko) Chrome/49.0.2623.221 Safari/537.36 SE 2.X MetaSr 1.0"
180.107.180.148 - - [05/Feb/2018:10:42:53 +0800] "POST /JLAMPCommon/langRow_prc HTTP/1.1" 200 227 "http://merp.yudo.com.cn:8183/WEI_1400/WEI_1400?formKey=M20180205T104029190&menuSelection=sm" "Mozilla/5.0 (Windows NT 6.0; WOW64) AppleWebKit/537.36 (KHTML, like Gecko) Chrome/49.0.2623.221 Safari/537.36 SE 2.X MetaSr 1.0"
180.107.180.148 - - [05/Feb/2018:10:42:53 +0800] "GET /WEI_1400/WEI_1400/lists_prc?gubun=Y&baseDate=2018-02-05 HTTP/1.1" 200 2086 "http://merp.yudo.com.cn:8183/WEI_1400/WEI_1400?formKey=M20180205T104029190&menuSelection=sm" "Mozilla/5.0 (Windows NT 6.0; WOW64) AppleWebKit/537.36 (KHTML, like Gecko) Chrome/49.0.2623.221 Safari/537.36 SE 2.X MetaSr 1.0"
180.107.180.148 - - [05/Feb/2018:10:42:56 +0800] "POST /JLAMPCommon/langRow_prc HTTP/1.1" 200 191 "http://merp.yudo.com.cn:8183/WEI_1400/WEI_1400?formKey=M20180205T104029190&menuSelection=sm" "Mozilla/5.0 (Windows NT 6.0; WOW64) AppleWebKit/537.36 (KHTML, like Gecko) Chrome/49.0.2623.221 Safari/537.36 SE 2.X MetaSr 1.0"
180.107.180.148 - - [05/Feb/2018:10:42:56 +0800] "POST /JLAMPCommon/langRow_prc HTTP/1.1" 200 209 "http://merp.yudo.com.cn:8183/WEI_1400/WEI_1400?formKey=M20180205T104029190&menuSelection=sm" "Mozilla/5.0 (Windows NT 6.0; WOW64) AppleWebKit/537.36 (KHTML, like Gecko) Chrome/49.0.2623.221 Safari/537.36 SE 2.X MetaSr 1.0"
180.107.180.148 - - [05/Feb/2018:10:42:56 +0800] "POST /JLAMPCommon/langRow_prc HTTP/1.1" 200 254 "http://merp.yudo.com.cn:8183/WEI_1400/WEI_1400?formKey=M20180205T104029190&menuSelection=sm" "Mozilla/5.0 (Windows NT 6.0; WOW64) AppleWebKit/537.36 (KHTML, like Gecko) Chrome/49.0.2623.221 Safari/537.36 SE 2.X MetaSr 1.0"
180.107.180.148 - - [05/Feb/2018:10:43:26 +0800] "GET /third_party/bootstrap-3.3.5/fonts/glyphicons-halflings-regular.woff2 HTTP/1.1" 200 18028 "http://merp.yudo.com.cn:8183/third_party/bootstrap-3.3.5/css/bootstrap.css" "Mozilla/5.0 (Windows NT 6.0; WOW64) AppleWebKit/537.36 (KHTML, like Gecko) Chrome/49.0.2623.221 Safari/537.36 SE 2.X MetaSr 1.0"
61.151.179.27 - - [05/Feb/2018:10:43:42 +0800] "GET /Menu/Menu?formKey=M20180205T104029190 HTTP/1.1" 200 5244 "-" "Mozilla/5.0 (Windows NT 6.1; WOW64) AppleWebKit/537.36 (KHTML, like Gecko) Chrome/45.0.2454.101 Safari/537.36"
61.151.179.27 - - [05/Feb/2018:10:43:42 +0800] "GET /third_party/jquery-2.1.4/jquery.js HTTP/1.1" 200 247606 "http://merp.yudo.com.cn:8183/Menu/Menu?formKey=M20180205T104029190" "Mozilla/5.0 (Windows NT 6.1; WOW64) AppleWebKit/537.36 (KHTML, like Gecko) Chrome/45.0.2454.101 Safari/537.36"
61.151.179.27 - - [05/Feb/2018:10:43:43 +0800] "GET /third_party/jquery-ui-1.11.4/jquery-ui.js HTTP/1.1" 200 470596 "http://merp.yudo.com.cn:8183/Menu/Menu?formKey=M20180205T104029190" "Mozilla/5.0 (Macintosh; Intel Mac OS X 10_12_4) AppleWebKit/537.36 (KHTML, like Gecko) \t\t\tChrome/55.0.2883.95 Safari/537.36"
61.151.178.175 - - [05/Feb/2018:10:43:44 +0800] "GET /Menu/doMenuRows_prc?formKey=M20180205T104029190 HTTP/1.1" 200 44 "http://merp.yudo.com.cn:8183/Menu/Menu?formKey=M20180205T104029190" "Mozilla/5.0 (Windows NT 6.1; WOW64) AppleWebKit/537.36 (KHTML, like Gecko) Chrome/43.0.2357.124 Safari/537.36"
61.151.179.27 - - [05/Feb/2018:10:43:44 +0800] "GET /third_party/bootstrap-3.3.5/js/bootstrap.min.js HTTP/1.1" 200 36816 "http://merp.yudo.com.cn:8183/Menu/Menu?formKey=M20180205T104029190" "Mozilla/5.0 (Macintosh; Intel Mac OS X 10_12_4) AppleWebKit/537.36 (KHTML, like Gecko) \t\t\tChrome/55.0.2883.95 Safari/537.36"
61.151.179.27 - - [05/Feb/2018:10:43:44 +0800] "GET /third_party/bootstrap-datetimepicker/js/bootstrap-datetimepicker.js HTTP/1.1" 200 67526 "http://merp.yudo.com.cn:8183/Menu/Menu?formKey=M20180205T104029190" "Mozilla/5.0 (Windows NT 6.1; WOW64) AppleWebKit/537.36 (KHTML, like Gecko) Chrome/56.0.2924.87 Safari/537.36"
61.151.179.27 - - [05/Feb/2018:10:43:44 +0800] "GET /third_party/bootstrap-datetimepicker/js/locales/bootstrap-datetimepicker.ko.js HTTP/1.1" 200 765 "http://merp.yudo.com.cn:8183/Menu/Menu?formKey=M20180205T104029190" "Mozilla/5.0 (Windows NT 6.1; WOW64) AppleWebKit/537.36 (KHTML, like Gecko) Chrome/53.0.2785.104 Safari/537.36 Core/1.53.2141.400 QQBrowser/9.5.10219.400"
61.151.179.27 - - [05/Feb/2018:10:43:45 +0800] "GET /third_party/KendoUI/js/kendo.all.min.js HTTP/1.1" 200 3038548 "http://merp.yudo.com.cn:8183/Menu/Menu?formKey=M20180205T104029190" "Mozilla/5.0 (Windows NT 6.1; WOW64) AppleWebKit/537.36 (KHTML, like Gecko) Chrome/45.0.2454.101 Safari/537.36"
61.151.179.27 - - [05/Feb/2018:10:43:46 +0800] "GET /third_party/loading-overlay/waitMe.js HTTP/1.1" 200 8583 "http://merp.yudo.com.cn:8183/Menu/Menu?formKey=M20180205T104029190" "Mozilla/5.0 (Windows NT 6.1; WOW64) AppleWebKit/537.36 (KHTML, like Gecko) Chrome/56.0.2924.87 Safari/537.36"
61.151.179.27 - - [05/Feb/2018:10:43:46 +0800] "GET /third_party/slideout-1.0.1/slideout.js HTTP/1.1" 200 37980 "http://merp.yudo.com.cn:8183/Menu/Menu?formKey=M20180205T104029190" "Mozilla/5.0 (Macintosh; Intel Mac OS X 10_12_4) AppleWebKit/537.36 (KHTML, like Gecko) \t\t\tChrome/55.0.2883.95 Safari/537.36"
61.151.179.27 - - [05/Feb/2018:10:43:46 +0800] "GET /js/JLAMP.polyfill.min.js HTTP/1.1" 200 361 "http://merp.yudo.com.cn:8183/Menu/Menu?formKey=M20180205T104029190" "Mozilla/5.0 (Windows NT 6.1; WOW64; rv:50.0) Gecko/20100101 Firefox/50.0"
61.151.179.27 - - [05/Feb/2018:10:43:46 +0800] "GET /js/JLAMP.min.js HTTP/1.1" 200 1461 "http://merp.yudo.com.cn:8183/Menu/Menu?formKey=M20180205T104029190" "Mozilla/5.0 (Windows NT 6.1; WOW64) AppleWebKit/537.36 (KHTML, like Gecko) Chrome/53.0.2785.104 Safari/537.36 Core/1.53.2141.400 QQBrowser/9.5.10219.400"
61.151.179.27 - - [05/Feb/2018:10:43:46 +0800] "GET /js/JLAMP.common.min.js HTTP/1.1" 200 9705 "http://merp.yudo.com.cn:8183/Menu/Menu?formKey=M20180205T104029190" "Mozilla/5.0 (Windows NT 6.1; WOW64; Trident/7.0; SLCC2; .NET CLR 2.0.50727; .NET CLR 3.5.30729; .NET CLR 3.0.30729; Media Center PC 6.0; .NET4.0C; .NET4.0E; InfoPath.3; rv:11.0) like Gecko"
61.151.179.27 - - [05/Feb/2018:10:43:46 +0800] "GET /js/JLAMP.menu.min.js HTTP/1.1" 200 6519 "http://merp.yudo.com.cn:8183/Menu/Menu?formKey=M20180205T104029190" "Mozilla/5.0 (Windows NT 6.1; WOW64; Trident/7.0; SLCC2; .NET CLR 2.0.50727; .NET CLR 3.5.30729; .NET CLR 3.0.30729; Media Center PC 6.0; .NET4.0C; .NET4.0E; InfoPath.3; rv:11.0) like Gecko"
61.151.179.27 - - [05/Feb/2018:10:43:46 +0800] "GET /js/JLAMP.autobinding.min.js HTTP/1.1" 200 8816 "http://merp.yudo.com.cn:8183/Menu/Menu?formKey=M20180205T104029190" "Mozilla/5.0 (Macintosh; Intel Mac OS X 10_12_4) AppleWebKit/537.36 (KHTML, like Gecko) \t\t\tChrome/55.0.2883.95 Safari/537.36"
61.151.179.27 - - [05/Feb/2018:10:43:47 +0800] "GET /js/JLAMP.modal.min.js HTTP/1.1" 200 16516 "http://merp.yudo.com.cn:8183/Menu/Menu?formKey=M20180205T104029190" "Mozilla/5.0 (Windows NT 6.1; WOW64) AppleWebKit/537.36 (KHTML, like Gecko) Chrome/45.0.2454.101 Safari/537.36"
61.151.179.27 - - [05/Feb/2018:10:43:47 +0800] "GET /js/JLAMP.lang.min.js HTTP/1.1" 200 1750 "http://merp.yudo.com.cn:8183/Menu/Menu?formKey=M20180205T104029190" "Mozilla/5.0 (Windows NT 6.1; WOW64) AppleWebKit/537.36 (KHTML, like Gecko) Chrome/56.0.2924.87 Safari/537.36"
101.226.33.237 - - [05/Feb/2018:10:43:47 +0800] "GET /WEI_1400/WEI_1400?formKey=M20180205T104029190&menuSelection=sm HTTP/1.1" 200 7191 "http://merp.yudo.com.cn:8183/Menu/Menu?formKey=M20180205T104029190" "Mozilla/5.0 (Windows NT 6.1; WOW64) AppleWebKit/537.36 (KHTML, like Gecko) Chrome/43.0.2357.124 Safari/537.36"
61.151.179.27 - - [05/Feb/2018:10:43:47 +0800] "GET /js/session.js HTTP/1.1" 200 638 "http://merp.yudo.com.cn:8183/Menu/Menu?formKey=M20180205T104029190" "Mozilla/5.0 (Windows NT 6.1; WOW64; rv:50.0) Gecko/20100101 Firefox/50.0"
61.151.179.27 - - [05/Feb/2018:10:43:47 +0800] "GET /js/version.js HTTP/1.1" 200 1044 "http://merp.yudo.com.cn:8183/Menu/Menu?formKey=M20180205T104029190" "Mozilla/5.0 (Windows NT 6.1; WOW64) AppleWebKit/537.36 (KHTML, like Gecko) Chrome/45.0.2454.101 Safari/537.36"
61.151.179.27 - - [05/Feb/2018:10:43:47 +0800] "GET /js/common.js HTTP/1.1" 200 11633 "http://merp.yudo.com.cn:8183/Menu/Menu?formKey=M20180205T104029190" "Mozilla/5.0 (Windows NT 6.1; WOW64; rv:50.0) Gecko/20100101 Firefox/50.0"
61.151.179.27 - - [05/Feb/2018:10:43:47 +0800] "GET /js/GNB.js HTTP/1.1" 200 2176 "http://merp.yudo.com.cn:8183/Menu/Menu?formKey=M20180205T104029190" "Mozilla/5.0 (Windows NT 6.1; WOW64; rv:50.0) Gecko/20100101 Firefox/50.0"
61.151.179.27 - - [05/Feb/2018:10:43:47 +0800] "GET /js/Menu/Menu.js HTTP/1.1" 200 1627 "http://merp.yudo.com.cn:8183/Menu/Menu?formKey=M20180205T104029190" "Mozilla/5.0 (Windows NT 6.1; WOW64) AppleWebKit/537.36 (KHTML, like Gecko) Chrome/45.0.2454.101 Safari/537.36"
101.226.33.237 - - [05/Feb/2018:10:43:47 +0800] "GET /third_party/jquery-2.1.4/jquery.js HTTP/1.1" 200 247606 "http://merp.yudo.com.cn:8183/WEI_1400/WEI_1400?formKey=M20180205T104029190&menuSelection=sm" "Mozilla/5.0 (Windows NT 6.1; WOW64; rv:50.0) Gecko/20100101 Firefox/50.0"
101.226.33.237 - - [05/Feb/2018:10:43:48 +0800] "GET /third_party/jquery-ui-1.11.4/jquery-ui.js HTTP/1.1" 200 470596 "http://merp.yudo.com.cn:8183/WEI_1400/WEI_1400?formKey=M20180205T104029190&menuSelection=sm" "Mozilla/5.0 (Windows NT 6.1; WOW64) AppleWebKit/537.36 (KHTML, like Gecko) Chrome/43.0.2357.124 Safari/537.36"
101.226.33.237 - - [05/Feb/2018:10:43:48 +0800] "GET /third_party/bootstrap-3.3.5/js/bootstrap.min.js HTTP/1.1" 200 36816 "http://merp.yudo.com.cn:8183/WEI_1400/WEI_1400?formKey=M20180205T104029190&menuSelection=sm" "Mozilla/5.0 (Macintosh; Intel Mac OS X 10_12_4) AppleWebKit/537.36 (KHTML, like Gecko) \t\t\tChrome/55.0.2883.95 Safari/537.36"
101.226.33.237 - - [05/Feb/2018:10:43:49 +0800] "GET /third_party/bootstrap-datetimepicker/js/bootstrap-datetimepicker.js HTTP/1.1" 200 67526 "http://merp.yudo.com.cn:8183/WEI_1400/WEI_1400?formKey=M20180205T104029190&menuSelection=sm" "Mozilla/5.0 (Macintosh; Intel Mac OS X 10_12_4) AppleWebKit/537.36 (KHTML, like Gecko) \t\t\tChrome/55.0.2883.95 Safari/537.36"
101.226.33.237 - - [05/Feb/2018:10:43:50 +0800] "GET /third_party/bootstrap-datetimepicker/js/locales/bootstrap-datetimepicker.ko.js HTTP/1.1" 200 765 "http://merp.yudo.com.cn:8183/WEI_1400/WEI_1400?formKey=M20180205T104029190&menuSelection=sm" "Mozilla/5.0 (Windows NT 6.1; WOW64) AppleWebKit/537.36 (KHTML, like Gecko) Chrome/43.0.2357.124 Safari/537.36"
101.226.33.237 - - [05/Feb/2018:10:43:50 +0800] "GET /third_party/KendoUI/js/kendo.all.min.js HTTP/1.1" 200 3038548 "http://merp.yudo.com.cn:8183/WEI_1400/WEI_1400?formKey=M20180205T104029190&menuSelection=sm" "Mozilla/5.0 (Windows NT 6.1; WOW64; Trident/7.0; SLCC2; .NET CLR 2.0.50727; .NET CLR 3.5.30729; .NET CLR 3.0.30729; Media Center PC 6.0; .NET4.0C; .NET4.0E; InfoPath.3; rv:11.0) like Gecko"
101.226.33.237 - - [05/Feb/2018:10:43:50 +0800] "GET /third_party/loading-overlay/waitMe.js HTTP/1.1" 200 8583 "http://merp.yudo.com.cn:8183/WEI_1400/WEI_1400?formKey=M20180205T104029190&menuSelection=sm" "Mozilla/5.0 (Windows NT 6.1; WOW64) AppleWebKit/537.36 (KHTML, like Gecko) Chrome/53.0.2785.104 Safari/537.36 Core/1.53.2141.400 QQBrowser/9.5.10219.400"
101.226.33.237 - - [05/Feb/2018:10:43:50 +0800] "GET /third_party/slideout-1.0.1/slideout.js HTTP/1.1" 200 37980 "http://merp.yudo.com.cn:8183/WEI_1400/WEI_1400?formKey=M20180205T104029190&menuSelection=sm" "Mozilla/5.0 (Windows NT 6.1; WOW64; rv:50.0) Gecko/20100101 Firefox/50.0"
101.226.33.237 - - [05/Feb/2018:10:43:51 +0800] "GET /js/JLAMP.polyfill.min.js HTTP/1.1" 200 361 "http://merp.yudo.com.cn:8183/WEI_1400/WEI_1400?formKey=M20180205T104029190&menuSelection=sm" "Mozilla/5.0 (Windows NT 6.1; WOW64; rv:50.0) Gecko/20100101 Firefox/50.0"
101.226.33.237 - - [05/Feb/2018:10:43:51 +0800] "GET /js/JLAMP.min.js HTTP/1.1" 200 1461 "http://merp.yudo.com.cn:8183/WEI_1400/WEI_1400?formKey=M20180205T104029190&menuSelection=sm" "Mozilla/5.0 (Windows NT 6.1; WOW64; rv:50.0) Gecko/20100101 Firefox/50.0"
101.226.33.237 - - [05/Feb/2018:10:43:51 +0800] "GET /js/JLAMP.common.min.js HTTP/1.1" 200 9705 "http://merp.yudo.com.cn:8183/WEI_1400/WEI_1400?formKey=M20180205T104029190&menuSelection=sm" "Mozilla/5.0 (Windows NT 6.1; WOW64) AppleWebKit/537.36 (KHTML, like Gecko) Chrome/53.0.2785.104 Safari/537.36 Core/1.53.2141.400 QQBrowser/9.5.10219.400"
101.226.33.237 - - [05/Feb/2018:10:43:51 +0800] "GET /js/JLAMP.menu.min.js HTTP/1.1" 200 6519 "http://merp.yudo.com.cn:8183/WEI_1400/WEI_1400?formKey=M20180205T104029190&menuSelection=sm" "Mozilla/5.0 (Windows NT 6.1; WOW64) AppleWebKit/537.36 (KHTML, like Gecko) Chrome/56.0.2924.87 Safari/537.36"
101.226.33.237 - - [05/Feb/2018:10:43:51 +0800] "GET /js/JLAMP.autobinding.min.js HTTP/1.1" 200 8816 "http://merp.yudo.com.cn:8183/WEI_1400/WEI_1400?formKey=M20180205T104029190&menuSelection=sm" "Mozilla/5.0 (Windows NT 6.1; WOW64) AppleWebKit/537.36 (KHTML, like Gecko) Chrome/45.0.2454.101 Safari/537.36"
