223.104.146.47 - - [29/Jun/2018:09:56:44 +0800] "POST /JLAMPCommon/langBatchRows_prc HTTP/1.1" 200 191 "http://merp.yudo.com.cn:8183/WEI_2100/WEI_2100?formKey=M20180629T093646157&menuSelection=asm" "Mozilla/5.0 (Linux; Android 8.1.0; MI 6X Build/OPM1.171019.011; wv) AppleWebKit/537.36 (KHTML, like Gecko) Version/4.0 Chrome/62.0.3202.84 Mobile Safari/537.36"
223.104.146.47 - - [29/Jun/2018:09:56:45 +0800] "GET /JLAMPCommon/getCookieJson_prc HTTP/1.1" 200 970 "http://merp.yudo.com.cn:8183/WEI_2100/WEI_2100?formKey=M20180629T093646157&menuSelection=asm" "Mozilla/5.0 (Linux; Android 8.1.0; MI 6X Build/OPM1.171019.011; wv) AppleWebKit/537.36 (KHTML, like Gecko) Version/4.0 Chrome/62.0.3202.84 Mobile Safari/537.36"
::1 - - [29/Jun/2018:09:56:49 +0800] "OPTIONS * HTTP/1.0" 200 - "-" "Apache/2.4.6 (CentOS) PHP/5.6.32 (internal dummy connection)"
::1 - - [29/Jun/2018:09:56:50 +0800] "OPTIONS * HTTP/1.0" 200 - "-" "Apache/2.4.6 (CentOS) PHP/5.6.32 (internal dummy connection)"
::1 - - [29/Jun/2018:09:56:51 +0800] "OPTIONS * HTTP/1.0" 200 - "-" "Apache/2.4.6 (CentOS) PHP/5.6.32 (internal dummy connection)"
::1 - - [29/Jun/2018:09:56:52 +0800] "OPTIONS * HTTP/1.0" 200 - "-" "Apache/2.4.6 (CentOS) PHP/5.6.32 (internal dummy connection)"
::1 - - [29/Jun/2018:09:56:53 +0800] "OPTIONS * HTTP/1.0" 200 - "-" "Apache/2.4.6 (CentOS) PHP/5.6.32 (internal dummy connection)"
::1 - - [29/Jun/2018:09:56:54 +0800] "OPTIONS * HTTP/1.0" 200 - "-" "Apache/2.4.6 (CentOS) PHP/5.6.32 (internal dummy connection)"
49.73.86.81 - - [29/Jun/2018:09:56:54 +0800] "POST /JLAMPCommon/langBatchRows_prc HTTP/1.1" 200 191 "http://merp.yudo.com.cn:8183/WEI_2100/WEI_2100?formKey=M20180629T093759153&menuSelection=asm" "Mozilla/5.0 (iPhone; CPU iPhone OS 11_3 like Mac OS X) AppleWebKit/605.1.15 (KHTML, like Gecko) Mobile/15E216JLAMPMode:iPhone"
49.73.86.81 - - [29/Jun/2018:09:56:55 +0800] "GET /JLAMPCommon/getCookieJson_prc HTTP/1.1" 200 970 "http://merp.yudo.com.cn:8183/WEI_2100/WEI_2100?formKey=M20180629T093759153&menuSelection=asm" "Mozilla/5.0 (iPhone; CPU iPhone OS 11_3 like Mac OS X) AppleWebKit/605.1.15 (KHTML, like Gecko) Mobile/15E216JLAMPMode:iPhone"
::1 - - [29/Jun/2018:09:57:01 +0800] "OPTIONS * HTTP/1.0" 200 - "-" "Apache/2.4.6 (CentOS) PHP/5.6.32 (internal dummy connection)"
223.104.146.47 - - [29/Jun/2018:09:57:40 +0800] "GET /js/WEI_2100/css/modules/layer/default/loading-2.gif HTTP/1.1" 304 - "http://merp.yudo.com.cn:8183/js/WEI_2100/css/modules/layer/default/layer.css?v=3.1.1" "Mozilla/5.0 (Linux; Android 8.1.0; MI 6X Build/OPM1.171019.011; wv) AppleWebKit/537.36 (KHTML, like Gecko) Version/4.0 Chrome/62.0.3202.84 Mobile Safari/537.36"
49.73.86.81 - - [29/Jun/2018:09:57:40 +0800] "GET /js/WEI_2100/css/modules/layer/default/loading-2.gif HTTP/1.1" 200 1787 "http://merp.yudo.com.cn:8183/WEI_2100/WEI_2100?formKey=M20180629T093759153&menuSelection=asm" "Mozilla/5.0 (iPhone; CPU iPhone OS 11_3 like Mac OS X) AppleWebKit/605.1.15 (KHTML, like Gecko) Mobile/15E216JLAMPMode:iPhone"
49.73.86.81 - - [29/Jun/2018:09:57:40 +0800] "GET /WEI_2100/systemclass_big_prc?bigsysid=asclass1 HTTP/1.1" 200 418 "http://merp.yudo.com.cn:8183/WEI_2100/WEI_2100?formKey=M20180629T093759153&menuSelection=asm" "Mozilla/5.0 (iPhone; CPU iPhone OS 11_3 like Mac OS X) AppleWebKit/605.1.15 (KHTML, like Gecko) Mobile/15E216JLAMPMode:iPhone"
223.104.146.47 - - [29/Jun/2018:09:57:40 +0800] "GET /WEI_2100/systemclass_big_prc?bigsysid=markets HTTP/1.1" 200 455 "http://merp.yudo.com.cn:8183/WEI_2100/WEI_2100?formKey=M20180629T093646157&menuSelection=asm" "Mozilla/5.0 (Linux; Android 8.1.0; MI 6X Build/OPM1.171019.011; wv) AppleWebKit/537.36 (KHTML, like Gecko) Version/4.0 Chrome/62.0.3202.84 Mobile Safari/537.36"
49.73.86.81 - - [29/Jun/2018:09:57:40 +0800] "GET /WEI_2100/systemclass_big_prc?bigsysid=ascause HTTP/1.1" 200 209 "http://merp.yudo.com.cn:8183/WEI_2100/WEI_2100?formKey=M20180629T093759153&menuSelection=asm" "Mozilla/5.0 (iPhone; CPU iPhone OS 11_3 like Mac OS X) AppleWebKit/605.1.15 (KHTML, like Gecko) Mobile/15E216JLAMPMode:iPhone"
223.104.146.47 - - [29/Jun/2018:09:57:40 +0800] "GET /WEI_2100/systemclass_big_prc?bigsysid=ascause HTTP/1.1" 200 209 "http://merp.yudo.com.cn:8183/WEI_2100/WEI_2100?formKey=M20180629T093646157&menuSelection=asm" "Mozilla/5.0 (Linux; Android 8.1.0; MI 6X Build/OPM1.171019.011; wv) AppleWebKit/537.36 (KHTML, like Gecko) Version/4.0 Chrome/62.0.3202.84 Mobile Safari/537.36"
49.73.86.81 - - [29/Jun/2018:09:57:40 +0800] "GET /WEI_2100/systemclass_big_prc?bigsysid=startpoint HTTP/1.1" 200 317 "http://merp.yudo.com.cn:8183/WEI_2100/WEI_2100?formKey=M20180629T093759153&menuSelection=asm" "Mozilla/5.0 (iPhone; CPU iPhone OS 11_3 like Mac OS X) AppleWebKit/605.1.15 (KHTML, like Gecko) Mobile/15E216JLAMPMode:iPhone"
223.104.146.47 - - [29/Jun/2018:09:57:40 +0800] "GET /WEI_2100/systemclass_big_prc?bigsysid=area HTTP/1.1" 200 209 "http://merp.yudo.com.cn:8183/WEI_2100/WEI_2100?formKey=M20180629T093646157&menuSelection=asm" "Mozilla/5.0 (Linux; Android 8.1.0; MI 6X Build/OPM1.171019.011; wv) AppleWebKit/537.36 (KHTML, like Gecko) Version/4.0 Chrome/62.0.3202.84 Mobile Safari/537.36"
49.73.86.81 - - [29/Jun/2018:09:57:40 +0800] "GET /WEI_2100/systemclass_big_prc?bigsysid=markets HTTP/1.1" 200 455 "http://merp.yudo.com.cn:8183/WEI_2100/WEI_2100?formKey=M20180629T093759153&menuSelection=asm" "Mozilla/5.0 (iPhone; CPU iPhone OS 11_3 like Mac OS X) AppleWebKit/605.1.15 (KHTML, like Gecko) Mobile/15E216JLAMPMode:iPhone"
223.104.146.47 - - [29/Jun/2018:09:57:40 +0800] "GET /WEI_2100/systemclass_big_prc?bigsysid=asclass1 HTTP/1.1" 200 418 "http://merp.yudo.com.cn:8183/WEI_2100/WEI_2100?formKey=M20180629T093646157&menuSelection=asm" "Mozilla/5.0 (Linux; Android 8.1.0; MI 6X Build/OPM1.171019.011; wv) AppleWebKit/537.36 (KHTML, like Gecko) Version/4.0 Chrome/62.0.3202.84 Mobile Safari/537.36"
49.73.86.81 - - [29/Jun/2018:09:57:41 +0800] "GET /WEI_2100/systemclass_big_prc?bigsysid=supplyscope HTTP/1.1" 200 376 "http://merp.yudo.com.cn:8183/WEI_2100/WEI_2100?formKey=M20180629T093759153&menuSelection=asm" "Mozilla/5.0 (iPhone; CPU iPhone OS 11_3 like Mac OS X) AppleWebKit/605.1.15 (KHTML, like Gecko) Mobile/15E216JLAMPMode:iPhone"
223.104.146.47 - - [29/Jun/2018:09:57:41 +0800] "GET /WEI_2100/systemclass_big_prc?bigsysid=supplyscope HTTP/1.1" 200 376 "http://merp.yudo.com.cn:8183/WEI_2100/WEI_2100?formKey=M20180629T093646157&menuSelection=asm" "Mozilla/5.0 (Linux; Android 8.1.0; MI 6X Build/OPM1.171019.011; wv) AppleWebKit/537.36 (KHTML, like Gecko) Version/4.0 Chrome/62.0.3202.84 Mobile Safari/537.36"
49.73.86.81 - - [29/Jun/2018:09:57:40 +0800] "GET /WEI_2100/systemclass_big_prc?bigsysid=asbadtype HTTP/1.1" 200 152 "http://merp.yudo.com.cn:8183/WEI_2100/WEI_2100?formKey=M20180629T093759153&menuSelection=asm" "Mozilla/5.0 (iPhone; CPU iPhone OS 11_3 like Mac OS X) AppleWebKit/605.1.15 (KHTML, like Gecko) Mobile/15E216JLAMPMode:iPhone"
223.104.146.47 - - [29/Jun/2018:09:57:41 +0800] "GET /WEI_2100/systemclass_big_prc?bigsysid=asclass HTTP/1.1" 200 264 "http://merp.yudo.com.cn:8183/WEI_2100/WEI_2100?formKey=M20180629T093646157&menuSelection=asm" "Mozilla/5.0 (Linux; Android 8.1.0; MI 6X Build/OPM1.171019.011; wv) AppleWebKit/537.36 (KHTML, like Gecko) Version/4.0 Chrome/62.0.3202.84 Mobile Safari/537.36"
223.104.146.47 - - [29/Jun/2018:09:57:41 +0800] "GET /WEI_2100/as_unit HTTP/1.1" 200 1002 "http://merp.yudo.com.cn:8183/WEI_2100/WEI_2100?formKey=M20180629T093646157&menuSelection=asm" "Mozilla/5.0 (Linux; Android 8.1.0; MI 6X Build/OPM1.171019.011; wv) AppleWebKit/537.36 (KHTML, like Gecko) Version/4.0 Chrome/62.0.3202.84 Mobile Safari/537.36"
49.73.86.81 - - [29/Jun/2018:09:57:41 +0800] "GET /WEI_2100/systemclass_big_prc?bigsysid=asclass HTTP/1.1" 200 264 "http://merp.yudo.com.cn:8183/WEI_2100/WEI_2100?formKey=M20180629T093759153&menuSelection=asm" "Mozilla/5.0 (iPhone; CPU iPhone OS 11_3 like Mac OS X) AppleWebKit/605.1.15 (KHTML, like Gecko) Mobile/15E216JLAMPMode:iPhone"
49.73.86.81 - - [29/Jun/2018:09:57:42 +0800] "GET /WEI_2100/as_prc?asid=&custnm=&ascount=0 HTTP/1.1" 200 16294 "http://merp.yudo.com.cn:8183/WEI_2100/WEI_2100?formKey=M20180629T093759153&menuSelection=asm" "Mozilla/5.0 (iPhone; CPU iPhone OS 11_3 like Mac OS X) AppleWebKit/605.1.15 (KHTML, like Gecko) Mobile/15E216JLAMPMode:iPhone"
223.104.146.47 - - [29/Jun/2018:09:57:41 +0800] "GET /WEI_2100/systemclass_big_prc?bigsysid=startpoint HTTP/1.1" 200 317 "http://merp.yudo.com.cn:8183/WEI_2100/WEI_2100?formKey=M20180629T093646157&menuSelection=asm" "Mozilla/5.0 (Linux; Android 8.1.0; MI 6X Build/OPM1.171019.011; wv) AppleWebKit/537.36 (KHTML, like Gecko) Version/4.0 Chrome/62.0.3202.84 Mobile Safari/537.36"
49.73.86.81 - - [29/Jun/2018:09:57:40 +0800] "GET /WEI_2100/systemclass_big_prc?bigsysid=area HTTP/1.1" 200 209 "http://merp.yudo.com.cn:8183/WEI_2100/WEI_2100?formKey=M20180629T093759153&menuSelection=asm" "Mozilla/5.0 (iPhone; CPU iPhone OS 11_3 like Mac OS X) AppleWebKit/605.1.15 (KHTML, like Gecko) Mobile/15E216JLAMPMode:iPhone"
49.73.86.81 - - [29/Jun/2018:09:57:41 +0800] "GET /WEI_2100/as_unit HTTP/1.1" 200 1002 "http://merp.yudo.com.cn:8183/WEI_2100/WEI_2100?formKey=M20180629T093759153&menuSelection=asm" "Mozilla/5.0 (iPhone; CPU iPhone OS 11_3 like Mac OS X) AppleWebKit/605.1.15 (KHTML, like Gecko) Mobile/15E216JLAMPMode:iPhone"
223.104.146.47 - - [29/Jun/2018:09:57:41 +0800] "GET /WEI_2100/user_prc HTTP/1.1" 200 224216 "http://merp.yudo.com.cn:8183/WEI_2100/WEI_2100?formKey=M20180629T093646157&menuSelection=asm" "Mozilla/5.0 (Linux; Android 8.1.0; MI 6X Build/OPM1.171019.011; wv) AppleWebKit/537.36 (KHTML, like Gecko) Version/4.0 Chrome/62.0.3202.84 Mobile Safari/537.36"
223.104.146.47 - - [29/Jun/2018:09:57:42 +0800] "GET /WEI_2100/as_prc?asid=&custnm=&ascount=0 HTTP/1.1" 200 16294 "http://merp.yudo.com.cn:8183/WEI_2100/WEI_2100?formKey=M20180629T093646157&menuSelection=asm" "Mozilla/5.0 (Linux; Android 8.1.0; MI 6X Build/OPM1.171019.011; wv) AppleWebKit/537.36 (KHTML, like Gecko) Version/4.0 Chrome/62.0.3202.84 Mobile Safari/537.36"
49.73.86.81 - - [29/Jun/2018:09:57:41 +0800] "GET /WEI_2100/user_prc HTTP/1.1" 200 224216 "http://merp.yudo.com.cn:8183/WEI_2100/WEI_2100?formKey=M20180629T093759153&menuSelection=asm" "Mozilla/5.0 (iPhone; CPU iPhone OS 11_3 like Mac OS X) AppleWebKit/605.1.15 (KHTML, like Gecko) Mobile/15E216JLAMPMode:iPhone"
49.73.86.81 - - [29/Jun/2018:09:57:42 +0800] "GET /js/WEI_2100/font/iconfont.svg?v=230-rc1 HTTP/1.1" 304 - "http://merp.yudo.com.cn:8183/WEI_2100/WEI_2100?formKey=M20180629T093759153&menuSelection=asm" "Mozilla/5.0 (iPhone; CPU iPhone OS 11_3 like Mac OS X) AppleWebKit/605.1.15 (KHTML, like Gecko) Mobile/15E216JLAMPMode:iPhone"
223.104.146.47 - - [29/Jun/2018:09:57:42 +0800] "GET /WEI_2100/systemclass_big_prc?bigsysid=asbadtype HTTP/1.1" 200 152 "http://merp.yudo.com.cn:8183/WEI_2100/WEI_2100?formKey=M20180629T093646157&menuSelection=asm" "Mozilla/5.0 (Linux; Android 8.1.0; MI 6X Build/OPM1.171019.011; wv) AppleWebKit/537.36 (KHTML, like Gecko) Version/4.0 Chrome/62.0.3202.84 Mobile Safari/537.36"
49.73.86.81 - - [29/Jun/2018:09:57:43 +0800] "GET /js/WEI_2100/font/iconfont.woff?v=230-rc1 HTTP/1.1" 304 - "http://merp.yudo.com.cn:8183/WEI_2100/WEI_2100?formKey=M20180629T093759153&menuSelection=asm" "Mozilla/5.0 (iPhone; CPU iPhone OS 11_3 like Mac OS X) AppleWebKit/605.1.15 (KHTML, like Gecko) Mobile/15E216JLAMPMode:iPhone"
::1 - - [29/Jun/2018:09:57:47 +0800] "OPTIONS * HTTP/1.0" 200 - "-" "Apache/2.4.6 (CentOS) PHP/5.6.32 (internal dummy connection)"
49.73.86.81 - - [29/Jun/2018:09:57:47 +0800] "GET /WEI_2100/as_minute?asid=2018060015 HTTP/1.1" 200 1865 "http://merp.yudo.com.cn:8183/WEI_2100/WEI_2100?formKey=M20180629T093759153&menuSelection=asm" "Mozilla/5.0 (iPhone; CPU iPhone OS 11_3 like Mac OS X) AppleWebKit/605.1.15 (KHTML, like Gecko) Mobile/15E216JLAMPMode:iPhone"
223.104.146.47 - - [29/Jun/2018:09:57:47 +0800] "GET /WEI_2100/as_minute?asid=2018060015 HTTP/1.1" 200 1865 "http://merp.yudo.com.cn:8183/WEI_2100/WEI_2100?formKey=M20180629T093646157&menuSelection=asm" "Mozilla/5.0 (Linux; Android 8.1.0; MI 6X Build/OPM1.171019.011; wv) AppleWebKit/537.36 (KHTML, like Gecko) Version/4.0 Chrome/62.0.3202.84 Mobile Safari/537.36"
49.73.86.81 - - [29/Jun/2018:09:57:47 +0800] "GET /WEI_2100/as_minute_table?asid=2018060015 HTTP/1.1" 200 385 "http://merp.yudo.com.cn:8183/WEI_2100/WEI_2100?formKey=M20180629T093759153&menuSelection=asm" "Mozilla/5.0 (iPhone; CPU iPhone OS 11_3 like Mac OS X) AppleWebKit/605.1.15 (KHTML, like Gecko) Mobile/15E216JLAMPMode:iPhone"
223.104.146.47 - - [29/Jun/2018:09:57:47 +0800] "GET /WEI_2100/as_minute_table?asid=2018060015 HTTP/1.1" 200 385 "http://merp.yudo.com.cn:8183/WEI_2100/WEI_2100?formKey=M20180629T093646157&menuSelection=asm" "Mozilla/5.0 (Linux; Android 8.1.0; MI 6X Build/OPM1.171019.011; wv) AppleWebKit/537.36 (KHTML, like Gecko) Version/4.0 Chrome/62.0.3202.84 Mobile Safari/537.36"
::1 - - [29/Jun/2018:09:57:48 +0800] "OPTIONS * HTTP/1.0" 200 - "-" "Apache/2.4.6 (CentOS) PHP/5.6.32 (internal dummy connection)"
49.73.86.81 - - [29/Jun/2018:09:57:48 +0800] "GET /WEI_2100/systemclass_mini_prc?bigsysid=SA10370145&minisysid=supplyscope_c4 HTTP/1.1" 200 137 "http://merp.yudo.com.cn:8183/WEI_2100/WEI_2100?formKey=M20180629T093759153&menuSelection=asm" "Mozilla/5.0 (iPhone; CPU iPhone OS 11_3 like Mac OS X) AppleWebKit/605.1.15 (KHTML, like Gecko) Mobile/15E216JLAMPMode:iPhone"
223.104.146.47 - - [29/Jun/2018:09:57:48 +0800] "GET /WEI_2100/systemclass_mini_prc?bigsysid=AS10110010&minisysid=ascause_c HTTP/1.1" 200 620 "http://merp.yudo.com.cn:8183/WEI_2100/WEI_2100?formKey=M20180629T093646157&menuSelection=asm" "Mozilla/5.0 (Linux; Android 8.1.0; MI 6X Build/OPM1.171019.011; wv) AppleWebKit/537.36 (KHTML, like Gecko) Version/4.0 Chrome/62.0.3202.84 Mobile Safari/537.36"
223.104.146.47 - - [29/Jun/2018:09:57:48 +0800] "GET /WEI_2100/systemclass_mini_prc?bigsysid=SA10350034&minisysid=supplyscope_c2 HTTP/1.1" 200 130 "http://merp.yudo.com.cn:8183/WEI_2100/WEI_2100?formKey=M20180629T093646157&menuSelection=asm" "Mozilla/5.0 (Linux; Android 8.1.0; MI 6X Build/OPM1.171019.011; wv) AppleWebKit/537.36 (KHTML, like Gecko) Version/4.0 Chrome/62.0.3202.84 Mobile Safari/537.36"
49.73.86.81 - - [29/Jun/2018:09:57:48 +0800] "GET /WEI_2100/systemclass_mini_prc?bigsysid=AS10110010&minisysid=ascause_c HTTP/1.1" 200 620 "http://merp.yudo.com.cn:8183/WEI_2100/WEI_2100?formKey=M20180629T093759153&menuSelection=asm" "Mozilla/5.0 (iPhone; CPU iPhone OS 11_3 like Mac OS X) AppleWebKit/605.1.15 (KHTML, like Gecko) Mobile/15E216JLAMPMode:iPhone"
223.104.146.47 - - [29/Jun/2018:09:57:48 +0800] "GET /WEI_2100/systemclass_mini_prc?bigsysid=SA10360051&minisysid=supplyscope_c3 HTTP/1.1" 200 202 "http://merp.yudo.com.cn:8183/WEI_2100/WEI_2100?formKey=M20180629T093646157&menuSelection=asm" "Mozilla/5.0 (Linux; Android 8.1.0; MI 6X Build/OPM1.171019.011; wv) AppleWebKit/537.36 (KHTML, like Gecko) Version/4.0 Chrome/62.0.3202.84 Mobile Safari/537.36"
49.73.86.81 - - [29/Jun/2018:09:57:48 +0800] "GET /WEI_2100/systemclass_mini_prc?bigsysid=SA10340030&minisysid=supplyscope_c1 HTTP/1.1" 200 681 "http://merp.yudo.com.cn:8183/WEI_2100/WEI_2100?formKey=M20180629T093759153&menuSelection=asm" "Mozilla/5.0 (iPhone; CPU iPhone OS 11_3 like Mac OS X) AppleWebKit/605.1.15 (KHTML, like Gecko) Mobile/15E216JLAMPMode:iPhone"
49.73.86.81 - - [29/Jun/2018:09:57:48 +0800] "GET /WEI_2100/systemclass_mini_prc?bigsysid=SA10380226&minisysid=supplyscope_c5 HTTP/1.1" 200 132 "http://merp.yudo.com.cn:8183/WEI_2100/WEI_2100?formKey=M20180629T093759153&menuSelection=asm" "Mozilla/5.0 (iPhone; CPU iPhone OS 11_3 like Mac OS X) AppleWebKit/605.1.15 (KHTML, like Gecko) Mobile/15E216JLAMPMode:iPhone"
223.104.146.47 - - [29/Jun/2018:09:57:48 +0800] "GET /WEI_2100/systemclass_mini_prc?bigsysid=AS10060010&minisysid=asclass1_c HTTP/1.1" 200 1993 "http://merp.yudo.com.cn:8183/WEI_2100/WEI_2100?formKey=M20180629T093646157&menuSelection=asm" "Mozilla/5.0 (Linux; Android 8.1.0; MI 6X Build/OPM1.171019.011; wv) AppleWebKit/537.36 (KHTML, like Gecko) Version/4.0 Chrome/62.0.3202.84 Mobile Safari/537.36"
223.104.146.47 - - [29/Jun/2018:09:57:48 +0800] "GET /WEI_2100/systemclass_mini_prc?bigsysid=SA10340030&minisysid=supplyscope_c1 HTTP/1.1" 200 681 "http://merp.yudo.com.cn:8183/WEI_2100/WEI_2100?formKey=M20180629T093646157&menuSelection=asm" "Mozilla/5.0 (Linux; Android 8.1.0; MI 6X Build/OPM1.171019.011; wv) AppleWebKit/537.36 (KHTML, like Gecko) Version/4.0 Chrome/62.0.3202.84 Mobile Safari/537.36"
49.73.86.81 - - [29/Jun/2018:09:57:48 +0800] "GET /WEI_2100/systemclass_mini_prc?bigsysid=AS10060010&minisysid=asclass1_c HTTP/1.1" 200 1993 "http://merp.yudo.com.cn:8183/WEI_2100/WEI_2100?formKey=M20180629T093759153&menuSelection=asm" "Mozilla/5.0 (iPhone; CPU iPhone OS 11_3 like Mac OS X) AppleWebKit/605.1.15 (KHTML, like Gecko) Mobile/15E216JLAMPMode:iPhone"
223.104.146.47 - - [29/Jun/2018:09:57:49 +0800] "GET /WEI_2100/systemclass_mini_prc?bigsysid=SA10380226&minisysid=supplyscope_c5 HTTP/1.1" 200 132 "http://merp.yudo.com.cn:8183/WEI_2100/WEI_2100?formKey=M20180629T093646157&menuSelection=asm" "Mozilla/5.0 (Linux; Android 8.1.0; MI 6X Build/OPM1.171019.011; wv) AppleWebKit/537.36 (KHTML, like Gecko) Version/4.0 Chrome/62.0.3202.84 Mobile Safari/537.36"
49.73.86.81 - - [29/Jun/2018:09:57:48 +0800] "GET /WEI_2100/systemclass_mini_prc?bigsysid=SA10350034&minisysid=supplyscope_c2 HTTP/1.1" 200 130 "http://merp.yudo.com.cn:8183/WEI_2100/WEI_2100?formKey=M20180629T093759153&menuSelection=asm" "Mozilla/5.0 (iPhone; CPU iPhone OS 11_3 like Mac OS X) AppleWebKit/605.1.15 (KHTML, like Gecko) Mobile/15E216JLAMPMode:iPhone"
223.104.146.47 - - [29/Jun/2018:09:57:48 +0800] "GET /WEI_2100/systemclass_mini_prc?bigsysid=SA10370145&minisysid=supplyscope_c4 HTTP/1.1" 200 137 "http://merp.yudo.com.cn:8183/WEI_2100/WEI_2100?formKey=M20180629T093646157&menuSelection=asm" "Mozilla/5.0 (Linux; Android 8.1.0; MI 6X Build/OPM1.171019.011; wv) AppleWebKit/537.36 (KHTML, like Gecko) Version/4.0 Chrome/62.0.3202.84 Mobile Safari/537.36"
49.73.86.81 - - [29/Jun/2018:09:57:48 +0800] "GET /WEI_2100/systemclass_mini_prc?bigsysid=SA10360051&minisysid=supplyscope_c3 HTTP/1.1" 200 202 "http://merp.yudo.com.cn:8183/WEI_2100/WEI_2100?formKey=M20180629T093759153&menuSelection=asm" "Mozilla/5.0 (iPhone; CPU iPhone OS 11_3 like Mac OS X) AppleWebKit/605.1.15 (KHTML, like Gecko) Mobile/15E216JLAMPMode:iPhone"
::1 - - [29/Jun/2018:09:57:56 +0800] "OPTIONS * HTTP/1.0" 200 - "-" "Apache/2.4.6 (CentOS) PHP/5.6.32 (internal dummy connection)"
::1 - - [29/Jun/2018:09:57:57 +0800] "OPTIONS * HTTP/1.0" 200 - "-" "Apache/2.4.6 (CentOS) PHP/5.6.32 (internal dummy connection)"
::1 - - [29/Jun/2018:09:57:58 +0800] "OPTIONS * HTTP/1.0" 200 - "-" "Apache/2.4.6 (CentOS) PHP/5.6.32 (internal dummy connection)"
::1 - - [29/Jun/2018:09:57:59 +0800] "OPTIONS * HTTP/1.0" 200 - "-" "Apache/2.4.6 (CentOS) PHP/5.6.32 (internal dummy connection)"
::1 - - [29/Jun/2018:09:58:00 +0800] "OPTIONS * HTTP/1.0" 200 - "-" "Apache/2.4.6 (CentOS) PHP/5.6.32 (internal dummy connection)"
::1 - - [29/Jun/2018:09:58:01 +0800] "OPTIONS * HTTP/1.0" 200 - "-" "Apache/2.4.6 (CentOS) PHP/5.6.32 (internal dummy connection)"
::1 - - [29/Jun/2018:09:58:02 +0800] "OPTIONS * HTTP/1.0" 200 - "-" "Apache/2.4.6 (CentOS) PHP/5.6.32 (internal dummy connection)"
::1 - - [29/Jun/2018:09:58:03 +0800] "OPTIONS * HTTP/1.0" 200 - "-" "Apache/2.4.6 (CentOS) PHP/5.6.32 (internal dummy connection)"
223.104.146.47 - - [29/Jun/2018:12:52:22 +0800] "GET /?deviceType=mobile&devicePlatform=android HTTP/1.1" 302 149 "-" "Mozilla/5.0 (Linux; Android 8.1.0; MI 6X Build/OPM1.171019.011; wv) AppleWebKit/537.36 (KHTML, like Gecko) Version/4.0 Chrome/62.0.3202.84 Mobile Safari/537.36"
223.104.146.47 - - [29/Jun/2018:12:52:22 +0800] "GET /Menu/Menu?formKey=M20180629T124943583 HTTP/1.1" 200 5923 "-" "Mozilla/5.0 (Linux; Android 8.1.0; MI 6X Build/OPM1.171019.011; wv) AppleWebKit/537.36 (KHTML, like Gecko) Version/4.0 Chrome/62.0.3202.84 Mobile Safari/537.36"
223.104.146.47 - - [29/Jun/2018:12:52:23 +0800] "POST /JLAMPCommon/langBatchRows_prc HTTP/1.1" 200 595 "http://merp.yudo.com.cn:8183/Menu/Menu?formKey=M20180629T124943583" "Mozilla/5.0 (Linux; Android 8.1.0; MI 6X Build/OPM1.171019.011; wv) AppleWebKit/537.36 (KHTML, like Gecko) Version/4.0 Chrome/62.0.3202.84 Mobile Safari/537.36"
223.104.146.47 - - [29/Jun/2018:12:52:23 +0800] "GET /JLAMPCommon/getCookieJson_prc HTTP/1.1" 200 970 "http://merp.yudo.com.cn:8183/Menu/Menu?formKey=M20180629T124943583" "Mozilla/5.0 (Linux; Android 8.1.0; MI 6X Build/OPM1.171019.011; wv) AppleWebKit/537.36 (KHTML, like Gecko) Version/4.0 Chrome/62.0.3202.84 Mobile Safari/537.36"
223.104.146.47 - - [29/Jun/2018:12:52:23 +0800] "GET /Menu/doMenuRows_prc?formKey=M20180629T124943583 HTTP/1.1" 200 1645 "http://merp.yudo.com.cn:8183/Menu/Menu?formKey=M20180629T124943583" "Mozilla/5.0 (Linux; Android 8.1.0; MI 6X Build/OPM1.171019.011; wv) AppleWebKit/537.36 (KHTML, like Gecko) Version/4.0 Chrome/62.0.3202.84 Mobile Safari/537.36"
223.104.146.47 - - [29/Jun/2018:12:52:24 +0800] "GET /image/favicon.ico HTTP/1.1" 404 1133 "http://merp.yudo.com.cn:8183/Menu/Menu?formKey=M20180629T124943583" "Mozilla/5.0 (Linux; Android 8.1.0; MI 6X Build/OPM1.171019.011; wv) AppleWebKit/537.36 (KHTML, like Gecko) Version/4.0 Chrome/62.0.3202.84 Mobile Safari/537.36"
223.104.146.47 - - [29/Jun/2018:12:52:26 +0800] "GET /WEI_2100/WEI_2100?formKey=M20180629T124943583&menuSelection=asm HTTP/1.1" 200 86043 "http://merp.yudo.com.cn:8183/Menu/Menu?formKey=M20180629T124943583" "Mozilla/5.0 (Linux; Android 8.1.0; MI 6X Build/OPM1.171019.011; wv) AppleWebKit/537.36 (KHTML, like Gecko) Version/4.0 Chrome/62.0.3202.84 Mobile Safari/537.36"
223.104.146.47 - - [29/Jun/2018:12:52:27 +0800] "GET /js/WEI_2100/css/layui.css HTTP/1.1" 304 - "http://merp.yudo.com.cn:8183/WEI_2100/WEI_2100?formKey=M20180629T124943583&menuSelection=asm" "Mozilla/5.0 (Linux; Android 8.1.0; MI 6X Build/OPM1.171019.011; wv) AppleWebKit/537.36 (KHTML, like Gecko) Version/4.0 Chrome/62.0.3202.84 Mobile Safari/537.36"
223.104.146.47 - - [29/Jun/2018:12:52:27 +0800] "GET /js/WEI_2100/vue/vue.js HTTP/1.1" 304 - "http://merp.yudo.com.cn:8183/WEI_2100/WEI_2100?formKey=M20180629T124943583&menuSelection=asm" "Mozilla/5.0 (Linux; Android 8.1.0; MI 6X Build/OPM1.171019.011; wv) AppleWebKit/537.36 (KHTML, like Gecko) Version/4.0 Chrome/62.0.3202.84 Mobile Safari/537.36"
223.104.146.47 - - [29/Jun/2018:12:52:27 +0800] "GET /css/WEI_2100/WEI_2100_Lists.css?v=201806080922 HTTP/1.1" 304 - "http://merp.yudo.com.cn:8183/WEI_2100/WEI_2100?formKey=M20180629T124943583&menuSelection=asm" "Mozilla/5.0 (Linux; Android 8.1.0; MI 6X Build/OPM1.171019.011; wv) AppleWebKit/537.36 (KHTML, like Gecko) Version/4.0 Chrome/62.0.3202.84 Mobile Safari/537.36"
223.104.146.47 - - [29/Jun/2018:12:52:27 +0800] "GET /js/WEI_2100/multiSelect.js?v=1001 HTTP/1.1" 200 4941 "http://merp.yudo.com.cn:8183/WEI_2100/WEI_2100?formKey=M20180629T124943583&menuSelection=asm" "Mozilla/5.0 (Linux; Android 8.1.0; MI 6X Build/OPM1.171019.011; wv) AppleWebKit/537.36 (KHTML, like Gecko) Version/4.0 Chrome/62.0.3202.84 Mobile Safari/537.36"
223.104.146.47 - - [29/Jun/2018:12:52:27 +0800] "GET /js/WEI_2100/layui.all.js HTTP/1.1" 304 - "http://merp.yudo.com.cn:8183/WEI_2100/WEI_2100?formKey=M20180629T124943583&menuSelection=asm" "Mozilla/5.0 (Linux; Android 8.1.0; MI 6X Build/OPM1.171019.011; wv) AppleWebKit/537.36 (KHTML, like Gecko) Version/4.0 Chrome/62.0.3202.84 Mobile Safari/537.36"
223.104.146.47 - - [29/Jun/2018:12:52:27 +0800] "GET /js/WEI_2100/WEI_2100_Lists.js?v=2018 HTTP/1.1" 304 - "http://merp.yudo.com.cn:8183/WEI_2100/WEI_2100?formKey=M20180629T124943583&menuSelection=asm" "Mozilla/5.0 (Linux; Android 8.1.0; MI 6X Build/OPM1.171019.011; wv) AppleWebKit/537.36 (KHTML, like Gecko) Version/4.0 Chrome/62.0.3202.84 Mobile Safari/537.36"
223.104.146.47 - - [29/Jun/2018:12:52:27 +0800] "GET /js/WEI_2100/font/iconfont.woff?v=230-rc1 HTTP/1.1" 304 - "http://merp.yudo.com.cn:8183/js/WEI_2100/css/layui.css" "Mozilla/5.0 (Linux; Android 8.1.0; MI 6X Build/OPM1.171019.011; wv) AppleWebKit/537.36 (KHTML, like Gecko) Version/4.0 Chrome/62.0.3202.84 Mobile Safari/537.36"
223.104.146.47 - - [29/Jun/2018:12:52:27 +0800] "GET /js/WEI_2100/css/modules/laydate/default/laydate.css?v=5.0.9 HTTP/1.1" 304 - "http://merp.yudo.com.cn:8183/WEI_2100/WEI_2100?formKey=M20180629T124943583&menuSelection=asm" "Mozilla/5.0 (Linux; Android 8.1.0; MI 6X Build/OPM1.171019.011; wv) AppleWebKit/537.36 (KHTML, like Gecko) Version/4.0 Chrome/62.0.3202.84 Mobile Safari/537.36"
223.104.146.47 - - [29/Jun/2018:12:52:27 +0800] "GET /js/WEI_2100/css/modules/layer/default/layer.css?v=3.1.1 HTTP/1.1" 304 - "http://merp.yudo.com.cn:8183/WEI_2100/WEI_2100?formKey=M20180629T124943583&menuSelection=asm" "Mozilla/5.0 (Linux; Android 8.1.0; MI 6X Build/OPM1.171019.011; wv) AppleWebKit/537.36 (KHTML, like Gecko) Version/4.0 Chrome/62.0.3202.84 Mobile Safari/537.36"
223.104.146.47 - - [29/Jun/2018:12:52:27 +0800] "GET /js/WEI_2100/css/modules/code.css HTTP/1.1" 304 - "http://merp.yudo.com.cn:8183/WEI_2100/WEI_2100?formKey=M20180629T124943583&menuSelection=asm" "Mozilla/5.0 (Linux; Android 8.1.0; MI 6X Build/OPM1.171019.011; wv) AppleWebKit/537.36 (KHTML, like Gecko) Version/4.0 Chrome/62.0.3202.84 Mobile Safari/537.36"
223.104.146.47 - - [29/Jun/2018:12:52:28 +0800] "POST /JLAMPCommon/langBatchRows_prc HTTP/1.1" 200 191 "http://merp.yudo.com.cn:8183/WEI_2100/WEI_2100?formKey=M20180629T124943583&menuSelection=asm" "Mozilla/5.0 (Linux; Android 8.1.0; MI 6X Build/OPM1.171019.011; wv) AppleWebKit/537.36 (KHTML, like Gecko) Version/4.0 Chrome/62.0.3202.84 Mobile Safari/537.36"
223.104.146.47 - - [29/Jun/2018:12:52:28 +0800] "GET /JLAMPCommon/getCookieJson_prc HTTP/1.1" 200 970 "http://merp.yudo.com.cn:8183/WEI_2100/WEI_2100?formKey=M20180629T124943583&menuSelection=asm" "Mozilla/5.0 (Linux; Android 8.1.0; MI 6X Build/OPM1.171019.011; wv) AppleWebKit/537.36 (KHTML, like Gecko) Version/4.0 Chrome/62.0.3202.84 Mobile Safari/537.36"
223.104.146.47 - - [29/Jun/2018:12:52:31 +0800] "GET /js/WEI_2100/css/modules/layer/default/loading-2.gif HTTP/1.1" 304 - "http://merp.yudo.com.cn:8183/js/WEI_2100/css/modules/layer/default/layer.css?v=3.1.1" "Mozilla/5.0 (Linux; Android 8.1.0; MI 6X Build/OPM1.171019.011; wv) AppleWebKit/537.36 (KHTML, like Gecko) Version/4.0 Chrome/62.0.3202.84 Mobile Safari/537.36"
223.104.146.47 - - [29/Jun/2018:12:52:31 +0800] "GET /WEI_2100/systemclass_big_prc?bigsysid=asclass1 HTTP/1.1" 200 418 "http://merp.yudo.com.cn:8183/WEI_2100/WEI_2100?formKey=M20180629T124943583&menuSelection=asm" "Mozilla/5.0 (Linux; Android 8.1.0; MI 6X Build/OPM1.171019.011; wv) AppleWebKit/537.36 (KHTML, like Gecko) Version/4.0 Chrome/62.0.3202.84 Mobile Safari/537.36"
223.104.146.47 - - [29/Jun/2018:12:52:31 +0800] "GET /WEI_2100/systemclass_big_prc?bigsysid=ascause HTTP/1.1" 200 209 "http://merp.yudo.com.cn:8183/WEI_2100/WEI_2100?formKey=M20180629T124943583&menuSelection=asm" "Mozilla/5.0 (Linux; Android 8.1.0; MI 6X Build/OPM1.171019.011; wv) AppleWebKit/537.36 (KHTML, like Gecko) Version/4.0 Chrome/62.0.3202.84 Mobile Safari/537.36"
223.104.146.47 - - [29/Jun/2018:12:52:31 +0800] "GET /WEI_2100/systemclass_big_prc?bigsysid=markets HTTP/1.1" 200 455 "http://merp.yudo.com.cn:8183/WEI_2100/WEI_2100?formKey=M20180629T124943583&menuSelection=asm" "Mozilla/5.0 (Linux; Android 8.1.0; MI 6X Build/OPM1.171019.011; wv) AppleWebKit/537.36 (KHTML, like Gecko) Version/4.0 Chrome/62.0.3202.84 Mobile Safari/537.36"
223.104.146.47 - - [29/Jun/2018:12:52:31 +0800] "GET /WEI_2100/systemclass_big_prc?bigsysid=supplyscope HTTP/1.1" 200 376 "http://merp.yudo.com.cn:8183/WEI_2100/WEI_2100?formKey=M20180629T124943583&menuSelection=asm" "Mozilla/5.0 (Linux; Android 8.1.0; MI 6X Build/OPM1.171019.011; wv) AppleWebKit/537.36 (KHTML, like Gecko) Version/4.0 Chrome/62.0.3202.84 Mobile Safari/537.36"
223.104.146.47 - - [29/Jun/2018:12:52:31 +0800] "GET /WEI_2100/systemclass_big_prc?bigsysid=asclass HTTP/1.1" 200 264 "http://merp.yudo.com.cn:8183/WEI_2100/WEI_2100?formKey=M20180629T124943583&menuSelection=asm" "Mozilla/5.0 (Linux; Android 8.1.0; MI 6X Build/OPM1.171019.011; wv) AppleWebKit/537.36 (KHTML, like Gecko) Version/4.0 Chrome/62.0.3202.84 Mobile Safari/537.36"
223.104.146.47 - - [29/Jun/2018:12:52:31 +0800] "GET /WEI_2100/user_prc HTTP/1.1" 200 224216 "http://merp.yudo.com.cn:8183/WEI_2100/WEI_2100?formKey=M20180629T124943583&menuSelection=asm" "Mozilla/5.0 (Linux; Android 8.1.0; MI 6X Build/OPM1.171019.011; wv) AppleWebKit/537.36 (KHTML, like Gecko) Version/4.0 Chrome/62.0.3202.84 Mobile Safari/537.36"
223.104.146.47 - - [29/Jun/2018:12:52:31 +0800] "GET /WEI_2100/systemclass_big_prc?bigsysid=startpoint HTTP/1.1" 200 317 "http://merp.yudo.com.cn:8183/WEI_2100/WEI_2100?formKey=M20180629T124943583&menuSelection=asm" "Mozilla/5.0 (Linux; Android 8.1.0; MI 6X Build/OPM1.171019.011; wv) AppleWebKit/537.36 (KHTML, like Gecko) Version/4.0 Chrome/62.0.3202.84 Mobile Safari/537.36"
223.104.146.47 - - [29/Jun/2018:12:52:32 +0800] "GET /WEI_2100/as_unit HTTP/1.1" 200 1002 "http://merp.yudo.com.cn:8183/WEI_2100/WEI_2100?formKey=M20180629T124943583&menuSelection=asm" "Mozilla/5.0 (Linux; Android 8.1.0; MI 6X Build/OPM1.171019.011; wv) AppleWebKit/537.36 (KHTML, like Gecko) Version/4.0 Chrome/62.0.3202.84 Mobile Safari/537.36"
223.104.146.47 - - [29/Jun/2018:12:52:32 +0800] "GET /WEI_2100/as_prc?asid=&custnm=&ascount=0 HTTP/1.1" 200 16294 "http://merp.yudo.com.cn:8183/WEI_2100/WEI_2100?formKey=M20180629T124943583&menuSelection=asm" "Mozilla/5.0 (Linux; Android 8.1.0; MI 6X Build/OPM1.171019.011; wv) AppleWebKit/537.36 (KHTML, like Gecko) Version/4.0 Chrome/62.0.3202.84 Mobile Safari/537.36"
223.104.146.47 - - [29/Jun/2018:12:52:31 +0800] "GET /WEI_2100/systemclass_big_prc?bigsysid=area HTTP/1.1" 200 209 "http://merp.yudo.com.cn:8183/WEI_2100/WEI_2100?formKey=M20180629T124943583&menuSelection=asm" "Mozilla/5.0 (Linux; Android 8.1.0; MI 6X Build/OPM1.171019.011; wv) AppleWebKit/537.36 (KHTML, like Gecko) Version/4.0 Chrome/62.0.3202.84 Mobile Safari/537.36"
223.104.146.47 - - [29/Jun/2018:12:52:31 +0800] "GET /WEI_2100/systemclass_big_prc?bigsysid=asbadtype HTTP/1.1" 200 152 "http://merp.yudo.com.cn:8183/WEI_2100/WEI_2100?formKey=M20180629T124943583&menuSelection=asm" "Mozilla/5.0 (Linux; Android 8.1.0; MI 6X Build/OPM1.171019.011; wv) AppleWebKit/537.36 (KHTML, like Gecko) Version/4.0 Chrome/62.0.3202.84 Mobile Safari/537.36"
223.104.146.47 - - [29/Jun/2018:12:52:34 +0800] "GET /WEI_2100/as_prc?asid=&custnm=&ascount=50 HTTP/1.1" 200 16371 "http://merp.yudo.com.cn:8183/WEI_2100/WEI_2100?formKey=M20180629T124943583&menuSelection=asm" "Mozilla/5.0 (Linux; Android 8.1.0; MI 6X Build/OPM1.171019.011; wv) AppleWebKit/537.36 (KHTML, like Gecko) Version/4.0 Chrome/62.0.3202.84 Mobile Safari/537.36"
223.104.146.47 - - [29/Jun/2018:12:52:38 +0800] "GET /WEI_2100/as_prc?asid=&custnm=&ascount=100 HTTP/1.1" 200 14863 "http://merp.yudo.com.cn:8183/WEI_2100/WEI_2100?formKey=M20180629T124943583&menuSelection=asm" "Mozilla/5.0 (Linux; Android 8.1.0; MI 6X Build/OPM1.171019.011; wv) AppleWebKit/537.36 (KHTML, like Gecko) Version/4.0 Chrome/62.0.3202.84 Mobile Safari/537.36"
223.104.146.47 - - [29/Jun/2018:12:52:43 +0800] "GET /WEI_2100/as_minute_table?asid=2016030002 HTTP/1.1" 200 357 "http://merp.yudo.com.cn:8183/WEI_2100/WEI_2100?formKey=M20180629T124943583&menuSelection=asm" "Mozilla/5.0 (Linux; Android 8.1.0; MI 6X Build/OPM1.171019.011; wv) AppleWebKit/537.36 (KHTML, like Gecko) Version/4.0 Chrome/62.0.3202.84 Mobile Safari/537.36"
223.104.146.47 - - [29/Jun/2018:12:52:43 +0800] "GET /WEI_2100/as_minute?asid=2016030002 HTTP/1.1" 200 1783 "http://merp.yudo.com.cn:8183/WEI_2100/WEI_2100?formKey=M20180629T124943583&menuSelection=asm" "Mozilla/5.0 (Linux; Android 8.1.0; MI 6X Build/OPM1.171019.011; wv) AppleWebKit/537.36 (KHTML, like Gecko) Version/4.0 Chrome/62.0.3202.84 Mobile Safari/537.36"
223.104.146.47 - - [29/Jun/2018:12:52:44 +0800] "GET /WEI_2100/systemclass_mini_prc?bigsysid=AS10060010&minisysid=asclass1_c HTTP/1.1" 200 1993 "http://merp.yudo.com.cn:8183/WEI_2100/WEI_2100?formKey=M20180629T124943583&menuSelection=asm" "Mozilla/5.0 (Linux; Android 8.1.0; MI 6X Build/OPM1.171019.011; wv) AppleWebKit/537.36 (KHTML, like Gecko) Version/4.0 Chrome/62.0.3202.84 Mobile Safari/537.36"
223.104.146.47 - - [29/Jun/2018:12:52:44 +0800] "GET /WEI_2100/systemclass_mini_prc?bigsysid=AS10110010&minisysid=ascause_c HTTP/1.1" 200 620 "http://merp.yudo.com.cn:8183/WEI_2100/WEI_2100?formKey=M20180629T124943583&menuSelection=asm" "Mozilla/5.0 (Linux; Android 8.1.0; MI 6X Build/OPM1.171019.011; wv) AppleWebKit/537.36 (KHTML, like Gecko) Version/4.0 Chrome/62.0.3202.84 Mobile Safari/537.36"
223.104.146.47 - - [29/Jun/2018:12:52:44 +0800] "GET /WEI_2100/systemclass_mini_prc?bigsysid=SA10360001&minisysid=supplyscope_c3 HTTP/1.1" 200 202 "http://merp.yudo.com.cn:8183/WEI_2100/WEI_2100?formKey=M20180629T124943583&menuSelection=asm" "Mozilla/5.0 (Linux; Android 8.1.0; MI 6X Build/OPM1.171019.011; wv) AppleWebKit/537.36 (KHTML, like Gecko) Version/4.0 Chrome/62.0.3202.84 Mobile Safari/537.36"
223.104.146.47 - - [29/Jun/2018:12:52:44 +0800] "GET /WEI_2100/systemclass_mini_prc?bigsysid=SA10340010&minisysid=supplyscope_c1 HTTP/1.1" 200 681 "http://merp.yudo.com.cn:8183/WEI_2100/WEI_2100?formKey=M20180629T124943583&menuSelection=asm" "Mozilla/5.0 (Linux; Android 8.1.0; MI 6X Build/OPM1.171019.011; wv) AppleWebKit/537.36 (KHTML, like Gecko) Version/4.0 Chrome/62.0.3202.84 Mobile Safari/537.36"
223.104.146.47 - - [29/Jun/2018:12:52:44 +0800] "GET /WEI_2100/systemclass_mini_prc?bigsysid=SA10370001&minisysid=supplyscope_c4 HTTP/1.1" 200 137 "http://merp.yudo.com.cn:8183/WEI_2100/WEI_2100?formKey=M20180629T124943583&menuSelection=asm" "Mozilla/5.0 (Linux; Android 8.1.0; MI 6X Build/OPM1.171019.011; wv) AppleWebKit/537.36 (KHTML, like Gecko) Version/4.0 Chrome/62.0.3202.84 Mobile Safari/537.36"
223.104.146.47 - - [29/Jun/2018:12:52:44 +0800] "GET /WEI_2100/systemclass_mini_prc?bigsysid=SA10350001&minisysid=supplyscope_c2 HTTP/1.1" 200 133 "http://merp.yudo.com.cn:8183/WEI_2100/WEI_2100?formKey=M20180629T124943583&menuSelection=asm" "Mozilla/5.0 (Linux; Android 8.1.0; MI 6X Build/OPM1.171019.011; wv) AppleWebKit/537.36 (KHTML, like Gecko) Version/4.0 Chrome/62.0.3202.84 Mobile Safari/537.36"
223.104.146.47 - - [29/Jun/2018:12:52:45 +0800] "GET /WEI_2100/systemclass_mini_prc?bigsysid=SA10380001&minisysid=supplyscope_c5 HTTP/1.1" 200 240 "http://merp.yudo.com.cn:8183/WEI_2100/WEI_2100?formKey=M20180629T124943583&menuSelection=asm" "Mozilla/5.0 (Linux; Android 8.1.0; MI 6X Build/OPM1.171019.011; wv) AppleWebKit/537.36 (KHTML, like Gecko) Version/4.0 Chrome/62.0.3202.84 Mobile Safari/537.36"
223.104.146.47 - - [29/Jun/2018:12:52:47 +0800] "POST /WEI_2100/confirm HTTP/1.1" 200 165 "http://merp.yudo.com.cn:8183/WEI_2100/WEI_2100?formKey=M20180629T124943583&menuSelection=asm" "Mozilla/5.0 (Linux; Android 8.1.0; MI 6X Build/OPM1.171019.011; wv) AppleWebKit/537.36 (KHTML, like Gecko) Version/4.0 Chrome/62.0.3202.84 Mobile Safari/537.36"
::1 - - [29/Jun/2018:12:52:55 +0800] "OPTIONS * HTTP/1.0" 200 - "-" "Apache/2.4.6 (CentOS) PHP/5.6.32 (internal dummy connection)"
223.104.146.47 - - [29/Jun/2018:12:53:32 +0800] "GET /WEI_2100/as_prc?asid=&custnm=&ascount=50 HTTP/1.1" 200 16371 "http://merp.yudo.com.cn:8183/WEI_2100/WEI_2100?formKey=M20180629T124943583&menuSelection=asm" "Mozilla/5.0 (Linux; Android 8.1.0; MI 6X Build/OPM1.171019.011; wv) AppleWebKit/537.36 (KHTML, like Gecko) Version/4.0 Chrome/62.0.3202.84 Mobile Safari/537.36"
223.104.146.47 - - [29/Jun/2018:13:02:42 +0800] "GET /WEI_2100/as_prc?asid=&custnm=&ascount=0 HTTP/1.1" 200 16294 "http://merp.yudo.com.cn:8183/WEI_2100/WEI_2100?formKey=M20180629T124943583&menuSelection=asm" "Mozilla/5.0 (Linux; Android 8.1.0; MI 6X Build/OPM1.171019.011; wv) AppleWebKit/537.36 (KHTML, like Gecko) Version/4.0 Chrome/62.0.3202.84 Mobile Safari/537.36"
223.104.146.47 - - [29/Jun/2018:13:02:42 +0800] "GET /WEI_2100/as_prc?asid=&custnm=&ascount=50 HTTP/1.1" 200 16371 "http://merp.yudo.com.cn:8183/WEI_2100/WEI_2100?formKey=M20180629T124943583&menuSelection=asm" "Mozilla/5.0 (Linux; Android 8.1.0; MI 6X Build/OPM1.171019.011; wv) AppleWebKit/537.36 (KHTML, like Gecko) Version/4.0 Chrome/62.0.3202.84 Mobile Safari/537.36"
223.104.146.47 - - [29/Jun/2018:13:02:43 +0800] "GET /WEI_2100/as_prc?asid=&custnm=&ascount=100 HTTP/1.1" 200 14863 "http://merp.yudo.com.cn:8183/WEI_2100/WEI_2100?formKey=M20180629T124943583&menuSelection=asm" "Mozilla/5.0 (Linux; Android 8.1.0; MI 6X Build/OPM1.171019.011; wv) AppleWebKit/537.36 (KHTML, like Gecko) Version/4.0 Chrome/62.0.3202.84 Mobile Safari/537.36"
223.104.146.47 - - [29/Jun/2018:13:02:44 +0800] "GET /WEI_2100/as_prc?asid=&custnm=&ascount=150 HTTP/1.1" 200 14700 "http://merp.yudo.com.cn:8183/WEI_2100/WEI_2100?formKey=M20180629T124943583&menuSelection=asm" "Mozilla/5.0 (Linux; Android 8.1.0; MI 6X Build/OPM1.171019.011; wv) AppleWebKit/537.36 (KHTML, like Gecko) Version/4.0 Chrome/62.0.3202.84 Mobile Safari/537.36"
223.104.146.47 - - [29/Jun/2018:13:02:50 +0800] "GET /WEI_2100/as_minute?asid=2015120005 HTTP/1.1" 200 1603 "http://merp.yudo.com.cn:8183/WEI_2100/WEI_2100?formKey=M20180629T124943583&menuSelection=asm" "Mozilla/5.0 (Linux; Android 8.1.0; MI 6X Build/OPM1.171019.011; wv) AppleWebKit/537.36 (KHTML, like Gecko) Version/4.0 Chrome/62.0.3202.84 Mobile Safari/537.36"
223.104.146.47 - - [29/Jun/2018:13:02:50 +0800] "GET /WEI_2100/as_minute_table?asid=2015120005 HTTP/1.1" 200 63 "http://merp.yudo.com.cn:8183/WEI_2100/WEI_2100?formKey=M20180629T124943583&menuSelection=asm" "Mozilla/5.0 (Linux; Android 8.1.0; MI 6X Build/OPM1.171019.011; wv) AppleWebKit/537.36 (KHTML, like Gecko) Version/4.0 Chrome/62.0.3202.84 Mobile Safari/537.36"
223.104.146.47 - - [29/Jun/2018:13:02:52 +0800] "GET /WEI_2100/systemclass_mini_prc?bigsysid=AS10110030&minisysid=ascause_c HTTP/1.1" 200 119 "http://merp.yudo.com.cn:8183/WEI_2100/WEI_2100?formKey=M20180629T124943583&menuSelection=asm" "Mozilla/5.0 (Linux; Android 8.1.0; MI 6X Build/OPM1.171019.011; wv) AppleWebKit/537.36 (KHTML, like Gecko) Version/4.0 Chrome/62.0.3202.84 Mobile Safari/537.36"
223.104.146.47 - - [29/Jun/2018:13:02:52 +0800] "GET /WEI_2100/systemclass_mini_prc?bigsysid=AS10060010&minisysid=asclass1_c HTTP/1.1" 200 1993 "http://merp.yudo.com.cn:8183/WEI_2100/WEI_2100?formKey=M20180629T124943583&menuSelection=asm" "Mozilla/5.0 (Linux; Android 8.1.0; MI 6X Build/OPM1.171019.011; wv) AppleWebKit/537.36 (KHTML, like Gecko) Version/4.0 Chrome/62.0.3202.84 Mobile Safari/537.36"
223.104.146.47 - - [29/Jun/2018:13:02:52 +0800] "GET /WEI_2100/systemclass_mini_prc?bigsysid=&minisysid=supplyscope_c2 HTTP/1.1" 200 63 "http://merp.yudo.com.cn:8183/WEI_2100/WEI_2100?formKey=M20180629T124943583&menuSelection=asm" "Mozilla/5.0 (Linux; Android 8.1.0; MI 6X Build/OPM1.171019.011; wv) AppleWebKit/537.36 (KHTML, like Gecko) Version/4.0 Chrome/62.0.3202.84 Mobile Safari/537.36"
223.104.146.47 - - [29/Jun/2018:13:02:52 +0800] "GET /WEI_2100/systemclass_mini_prc?bigsysid=&minisysid=supplyscope_c3 HTTP/1.1" 200 63 "http://merp.yudo.com.cn:8183/WEI_2100/WEI_2100?formKey=M20180629T124943583&menuSelection=asm" "Mozilla/5.0 (Linux; Android 8.1.0; MI 6X Build/OPM1.171019.011; wv) AppleWebKit/537.36 (KHTML, like Gecko) Version/4.0 Chrome/62.0.3202.84 Mobile Safari/537.36"
223.104.146.47 - - [29/Jun/2018:13:02:52 +0800] "GET /WEI_2100/systemclass_mini_prc?bigsysid=&minisysid=supplyscope_c5 HTTP/1.1" 200 63 "http://merp.yudo.com.cn:8183/WEI_2100/WEI_2100?formKey=M20180629T124943583&menuSelection=asm" "Mozilla/5.0 (Linux; Android 8.1.0; MI 6X Build/OPM1.171019.011; wv) AppleWebKit/537.36 (KHTML, like Gecko) Version/4.0 Chrome/62.0.3202.84 Mobile Safari/537.36"
223.104.146.47 - - [29/Jun/2018:13:02:52 +0800] "GET /WEI_2100/systemclass_mini_prc?bigsysid=&minisysid=supplyscope_c1 HTTP/1.1" 200 63 "http://merp.yudo.com.cn:8183/WEI_2100/WEI_2100?formKey=M20180629T124943583&menuSelection=asm" "Mozilla/5.0 (Linux; Android 8.1.0; MI 6X Build/OPM1.171019.011; wv) AppleWebKit/537.36 (KHTML, like Gecko) Version/4.0 Chrome/62.0.3202.84 Mobile Safari/537.36"
223.104.146.47 - - [29/Jun/2018:13:02:52 +0800] "GET /WEI_2100/systemclass_mini_prc?bigsysid=&minisysid=supplyscope_c4 HTTP/1.1" 200 63 "http://merp.yudo.com.cn:8183/WEI_2100/WEI_2100?formKey=M20180629T124943583&menuSelection=asm" "Mozilla/5.0 (Linux; Android 8.1.0; MI 6X Build/OPM1.171019.011; wv) AppleWebKit/537.36 (KHTML, like Gecko) Version/4.0 Chrome/62.0.3202.84 Mobile Safari/537.36"
223.104.146.47 - - [29/Jun/2018:13:02:54 +0800] "POST /WEI_2100/confirm HTTP/1.1" 200 111 "http://merp.yudo.com.cn:8183/WEI_2100/WEI_2100?formKey=M20180629T124943583&menuSelection=asm" "Mozilla/5.0 (Linux; Android 8.1.0; MI 6X Build/OPM1.171019.011; wv) AppleWebKit/537.36 (KHTML, like Gecko) Version/4.0 Chrome/62.0.3202.84 Mobile Safari/537.36"
223.104.146.47 - - [29/Jun/2018:13:03:00 +0800] "POST /WEI_2100/confirm HTTP/1.1" 200 99 "http://merp.yudo.com.cn:8183/WEI_2100/WEI_2100?formKey=M20180629T124943583&menuSelection=asm" "Mozilla/5.0 (Linux; Android 8.1.0; MI 6X Build/OPM1.171019.011; wv) AppleWebKit/537.36 (KHTML, like Gecko) Version/4.0 Chrome/62.0.3202.84 Mobile Safari/537.36"
223.104.146.47 - - [29/Jun/2018:13:03:03 +0800] "POST /WEI_2100/confirm HTTP/1.1" 200 111 "http://merp.yudo.com.cn:8183/WEI_2100/WEI_2100?formKey=M20180629T124943583&menuSelection=asm" "Mozilla/5.0 (Linux; Android 8.1.0; MI 6X Build/OPM1.171019.011; wv) AppleWebKit/537.36 (KHTML, like Gecko) Version/4.0 Chrome/62.0.3202.84 Mobile Safari/537.36"
223.104.146.47 - - [29/Jun/2018:13:03:11 +0800] "GET /WEI_2100/as_photo?asid=2015120005 HTTP/1.1" 200 67 "http://merp.yudo.com.cn:8183/WEI_2100/WEI_2100?formKey=M20180629T124943583&menuSelection=asm" "Mozilla/5.0 (Linux; Android 8.1.0; MI 6X Build/OPM1.171019.011; wv) AppleWebKit/537.36 (KHTML, like Gecko) Version/4.0 Chrome/62.0.3202.84 Mobile Safari/537.36"
::1 - - [29/Jun/2018:13:03:19 +0800] "OPTIONS * HTTP/1.0" 200 - "-" "Apache/2.4.6 (CentOS) PHP/5.6.32 (internal dummy connection)"
223.104.146.47 - - [29/Jun/2018:13:03:38 +0800] "POST /WEI_2100/WEI_2100/upload_photo?asid=2015120005 HTTP/1.1" 200 234 "http://merp.yudo.com.cn:8183/WEI_2100/WEI_2100?formKey=M20180629T124943583&menuSelection=asm" "Mozilla/5.0 (Linux; Android 8.1.0; MI 6X Build/OPM1.171019.011; wv) AppleWebKit/537.36 (KHTML, like Gecko) Version/4.0 Chrome/62.0.3202.84 Mobile Safari/537.36"
223.104.146.47 - - [29/Jun/2018:13:03:41 +0800] "GET /WEI_2100/as_photo?asid=2015120005 HTTP/1.1" 200 225 "http://merp.yudo.com.cn:8183/WEI_2100/WEI_2100?formKey=M20180629T124943583&menuSelection=asm" "Mozilla/5.0 (Linux; Android 8.1.0; MI 6X Build/OPM1.171019.011; wv) AppleWebKit/537.36 (KHTML, like Gecko) Version/4.0 Chrome/62.0.3202.84 Mobile Safari/537.36"
223.104.146.47 - - [29/Jun/2018:13:03:41 +0800] "GET /image/uploads/AS/ASReceipt/201512/2015120005/M20180629010340597.png HTTP/1.1" 200 1353291 "http://merp.yudo.com.cn:8183/WEI_2100/WEI_2100?formKey=M20180629T124943583&menuSelection=asm" "Mozilla/5.0 (Linux; Android 8.1.0; MI 6X Build/OPM1.171019.011; wv) AppleWebKit/537.36 (KHTML, like Gecko) Version/4.0 Chrome/62.0.3202.84 Mobile Safari/537.36"
223.104.146.47 - - [29/Jun/2018:13:04:16 +0800] "POST /WEI_2100/WEI_2100/upload_photo?asid=2015120005 HTTP/1.1" 200 234 "http://merp.yudo.com.cn:8183/WEI_2100/WEI_2100?formKey=M20180629T124943583&menuSelection=asm" "Mozilla/5.0 (Linux; Android 8.1.0; MI 6X Build/OPM1.171019.011; wv) AppleWebKit/537.36 (KHTML, like Gecko) Version/4.0 Chrome/62.0.3202.84 Mobile Safari/537.36"
223.104.146.47 - - [29/Jun/2018:13:04:17 +0800] "GET /WEI_2100/as_photo?asid=2015120005 HTTP/1.1" 200 388 "http://merp.yudo.com.cn:8183/WEI_2100/WEI_2100?formKey=M20180629T124943583&menuSelection=asm" "Mozilla/5.0 (Linux; Android 8.1.0; MI 6X Build/OPM1.171019.011; wv) AppleWebKit/537.36 (KHTML, like Gecko) Version/4.0 Chrome/62.0.3202.84 Mobile Safari/537.36"
223.104.146.47 - - [29/Jun/2018:13:04:17 +0800] "GET /image/uploads/AS/ASReceipt/201512/2015120005/M20180629010416605.jpg HTTP/1.1" 200 14793 "http://merp.yudo.com.cn:8183/WEI_2100/WEI_2100?formKey=M20180629T124943583&menuSelection=asm" "Mozilla/5.0 (Linux; Android 8.1.0; MI 6X Build/OPM1.171019.011; wv) AppleWebKit/537.36 (KHTML, like Gecko) Version/4.0 Chrome/62.0.3202.84 Mobile Safari/537.36"
223.104.146.47 - - [29/Jun/2018:13:04:28 +0800] "POST /WEI_2100/WEI_2100/upload_photo?asid=2015120005 HTTP/1.1" 200 234 "http://merp.yudo.com.cn:8183/WEI_2100/WEI_2100?formKey=M20180629T124943583&menuSelection=asm" "Mozilla/5.0 (Linux; Android 8.1.0; MI 6X Build/OPM1.171019.011; wv) AppleWebKit/537.36 (KHTML, like Gecko) Version/4.0 Chrome/62.0.3202.84 Mobile Safari/537.36"
223.104.146.47 - - [29/Jun/2018:13:04:58 +0800] "GET /WEI_2100/as_photo?asid=2015120005 HTTP/1.1" 200 551 "http://merp.yudo.com.cn:8183/WEI_2100/WEI_2100?formKey=M20180629T124943583&menuSelection=asm" "Mozilla/5.0 (Linux; Android 8.1.0; MI 6X Build/OPM1.171019.011; wv) AppleWebKit/537.36 (KHTML, like Gecko) Version/4.0 Chrome/62.0.3202.84 Mobile Safari/537.36"
223.104.146.47 - - [29/Jun/2018:13:04:58 +0800] "GET /image/uploads/AS/ASReceipt/201512/2015120005/M20180629010458804.png HTTP/1.1" 200 1353291 "http://merp.yudo.com.cn:8183/WEI_2100/WEI_2100?formKey=M20180629T124943583&menuSelection=asm" "Mozilla/5.0 (Linux; Android 8.1.0; MI 6X Build/OPM1.171019.011; wv) AppleWebKit/537.36 (KHTML, like Gecko) Version/4.0 Chrome/62.0.3202.84 Mobile Safari/537.36"
223.104.146.47 - - [29/Jun/2018:13:07:56 +0800] "POST /WEI_2100/WEI_2100/upload_photo?asid=2015120005 HTTP/1.1" 200 234 "http://merp.yudo.com.cn:8183/WEI_2100/WEI_2100?formKey=M20180629T124943583&menuSelection=asm" "Mozilla/5.0 (Linux; Android 8.1.0; MI 6X Build/OPM1.171019.011; wv) AppleWebKit/537.36 (KHTML, like Gecko) Version/4.0 Chrome/62.0.3202.84 Mobile Safari/537.36"
223.104.146.47 - - [29/Jun/2018:13:08:00 +0800] "GET /WEI_2100/as_photo?asid=2015120005 HTTP/1.1" 200 714 "http://merp.yudo.com.cn:8183/WEI_2100/WEI_2100?formKey=M20180629T124943583&menuSelection=asm" "Mozilla/5.0 (Linux; Android 8.1.0; MI 6X Build/OPM1.171019.011; wv) AppleWebKit/537.36 (KHTML, like Gecko) Version/4.0 Chrome/62.0.3202.84 Mobile Safari/537.36"
223.104.146.47 - - [29/Jun/2018:13:08:00 +0800] "GET /image/uploads/AS/ASReceipt/201512/2015120005/M20180629010759780.png HTTP/1.1" 200 1353291 "http://merp.yudo.com.cn:8183/WEI_2100/WEI_2100?formKey=M20180629T124943583&menuSelection=asm" "Mozilla/5.0 (Linux; Android 8.1.0; MI 6X Build/OPM1.171019.011; wv) AppleWebKit/537.36 (KHTML, like Gecko) Version/4.0 Chrome/62.0.3202.84 Mobile Safari/537.36"
223.104.146.47 - - [29/Jun/2018:13:08:03 +0800] "POST /WEI_2100/WEI_2100/upload_photo?asid=2015120005 HTTP/1.1" 200 234 "http://merp.yudo.com.cn:8183/WEI_2100/WEI_2100?formKey=M20180629T124943583&menuSelection=asm" "Mozilla/5.0 (Linux; Android 8.1.0; MI 6X Build/OPM1.171019.011; wv) AppleWebKit/537.36 (KHTML, like Gecko) Version/4.0 Chrome/62.0.3202.84 Mobile Safari/537.36"
223.104.146.47 - - [29/Jun/2018:13:08:06 +0800] "GET /WEI_2100/as_photo?asid=2015120005 HTTP/1.1" 200 877 "http://merp.yudo.com.cn:8183/WEI_2100/WEI_2100?formKey=M20180629T124943583&menuSelection=asm" "Mozilla/5.0 (Linux; Android 8.1.0; MI 6X Build/OPM1.171019.011; wv) AppleWebKit/537.36 (KHTML, like Gecko) Version/4.0 Chrome/62.0.3202.84 Mobile Safari/537.36"
223.104.146.47 - - [29/Jun/2018:13:08:06 +0800] "GET /image/uploads/AS/ASReceipt/201512/2015120005/M20180629010805578.png HTTP/1.1" 200 1541089 "http://merp.yudo.com.cn:8183/WEI_2100/WEI_2100?formKey=M20180629T124943583&menuSelection=asm" "Mozilla/5.0 (Linux; Android 8.1.0; MI 6X Build/OPM1.171019.011; wv) AppleWebKit/537.36 (KHTML, like Gecko) Version/4.0 Chrome/62.0.3202.84 Mobile Safari/537.36"
223.104.146.47 - - [29/Jun/2018:13:08:18 +0800] "POST /WEI_2100/WEI_2100/upload_photo?asid=2015120005 HTTP/1.1" 200 234 "http://merp.yudo.com.cn:8183/WEI_2100/WEI_2100?formKey=M20180629T124943583&menuSelection=asm" "Mozilla/5.0 (Linux; Android 8.1.0; MI 6X Build/OPM1.171019.011; wv) AppleWebKit/537.36 (KHTML, like Gecko) Version/4.0 Chrome/62.0.3202.84 Mobile Safari/537.36"
223.104.146.47 - - [29/Jun/2018:13:08:19 +0800] "GET /WEI_2100/as_photo?asid=2015120005 HTTP/1.1" 200 1040 "http://merp.yudo.com.cn:8183/WEI_2100/WEI_2100?formKey=M20180629T124943583&menuSelection=asm" "Mozilla/5.0 (Linux; Android 8.1.0; MI 6X Build/OPM1.171019.011; wv) AppleWebKit/537.36 (KHTML, like Gecko) Version/4.0 Chrome/62.0.3202.84 Mobile Safari/537.36"
223.104.146.47 - - [29/Jun/2018:13:08:20 +0800] "GET /image/uploads/AS/ASReceipt/201512/2015120005/M20180629010819220.png HTTP/1.1" 200 479721 "http://merp.yudo.com.cn:8183/WEI_2100/WEI_2100?formKey=M20180629T124943583&menuSelection=asm" "Mozilla/5.0 (Linux; Android 8.1.0; MI 6X Build/OPM1.171019.011; wv) AppleWebKit/537.36 (KHTML, like Gecko) Version/4.0 Chrome/62.0.3202.84 Mobile Safari/537.36"
223.104.146.47 - - [29/Jun/2018:13:08:30 +0800] "POST /WEI_2100/del_photo HTTP/1.1" 200 124 "http://merp.yudo.com.cn:8183/WEI_2100/WEI_2100?formKey=M20180629T124943583&menuSelection=asm" "Mozilla/5.0 (Linux; Android 8.1.0; MI 6X Build/OPM1.171019.011; wv) AppleWebKit/537.36 (KHTML, like Gecko) Version/4.0 Chrome/62.0.3202.84 Mobile Safari/537.36"
223.104.146.47 - - [29/Jun/2018:13:08:30 +0800] "GET /WEI_2100/as_photo?asid=2015120005 HTTP/1.1" 200 877 "http://merp.yudo.com.cn:8183/WEI_2100/WEI_2100?formKey=M20180629T124943583&menuSelection=asm" "Mozilla/5.0 (Linux; Android 8.1.0; MI 6X Build/OPM1.171019.011; wv) AppleWebKit/537.36 (KHTML, like Gecko) Version/4.0 Chrome/62.0.3202.84 Mobile Safari/537.36"
