117.136.68.135 - - [19/Oct/2020:10:00:09 +0800] "GET /Menu/Menu/menuLists?formKey=undefined&menuSelection=undefined HTTP/1.1" 200 12297 "http://merp.yudo.com.cn:8183/WEI_2300/WEI_2300?formKey=Menu&menuSelection=asm" "Mozilla/5.0 (Linux; Android 10; HMA-AL00 Build/HUAWEIHMA-AL00; wv) AppleWebKit/537.36 (KHTML, like Gecko) Version/4.0 Chrome/83.0.4103.106 Mobile Safari/537.36"
117.136.68.135 - - [19/Oct/2020:10:00:10 +0800] "GET /language/LANG_CHN.json?beta=9643 HTTP/1.1" 200 32414 "http://merp.yudo.com.cn:8183/Menu/Menu/menuLists?formKey=undefined&menuSelection=undefined" "Mozilla/5.0 (Linux; Android 10; HMA-AL00 Build/HUAWEIHMA-AL00; wv) AppleWebKit/537.36 (KHTML, like Gecko) Version/4.0 Chrome/83.0.4103.106 Mobile Safari/537.36"
117.136.68.135 - - [19/Oct/2020:10:00:10 +0800] "GET /Menu/doMenuRows_prc?formKey=Menu HTTP/1.1" 200 826 "http://merp.yudo.com.cn:8183/Menu/Menu/menuLists?formKey=undefined&menuSelection=undefined" "Mozilla/5.0 (Linux; Android 10; HMA-AL00 Build/HUAWEIHMA-AL00; wv) AppleWebKit/537.36 (KHTML, like Gecko) Version/4.0 Chrome/83.0.4103.106 Mobile Safari/537.36"
117.136.68.135 - - [19/Oct/2020:10:00:10 +0800] "GET /Menu/getVersionInfo HTTP/1.1" 200 394 "http://merp.yudo.com.cn:8183/Menu/Menu/menuLists?formKey=undefined&menuSelection=undefined" "Mozilla/5.0 (Linux; Android 10; HMA-AL00 Build/HUAWEIHMA-AL00; wv) AppleWebKit/537.36 (KHTML, like Gecko) Version/4.0 Chrome/83.0.4103.106 Mobile Safari/537.36"
117.136.68.135 - - [19/Oct/2020:10:00:10 +0800] "GET /Menu/getLoginInfo HTTP/1.1" 200 182 "http://merp.yudo.com.cn:8183/Menu/Menu/menuLists?formKey=undefined&menuSelection=undefined" "Mozilla/5.0 (Linux; Android 10; HMA-AL00 Build/HUAWEIHMA-AL00; wv) AppleWebKit/537.36 (KHTML, like Gecko) Version/4.0 Chrome/83.0.4103.106 Mobile Safari/537.36"
::1 - - [19/Oct/2020:10:00:12 +0800] "OPTIONS * HTTP/1.0" 200 - "-" "Apache/2.4.6 (CentOS) PHP/5.6.32 (internal dummy connection)"
117.136.68.135 - - [19/Oct/2020:10:00:12 +0800] "GET /WEI_2300/WEI_2300?formKey=Menu&menuSelection=asm HTTP/1.1" 200 39135 "http://merp.yudo.com.cn:8183/Menu/Menu/menuLists?formKey=undefined&menuSelection=undefined" "Mozilla/5.0 (Linux; Android 10; HMA-AL00 Build/HUAWEIHMA-AL00; wv) AppleWebKit/537.36 (KHTML, like Gecko) Version/4.0 Chrome/83.0.4103.106 Mobile Safari/537.36"
117.136.68.135 - - [19/Oct/2020:10:00:13 +0800] "GET /WEI_2300/getLoginInfo HTTP/1.1" 200 157 "http://merp.yudo.com.cn:8183/WEI_2300/WEI_2300?formKey=Menu&menuSelection=asm" "Mozilla/5.0 (Linux; Android 10; HMA-AL00 Build/HUAWEIHMA-AL00; wv) AppleWebKit/537.36 (KHTML, like Gecko) Version/4.0 Chrome/83.0.4103.106 Mobile Safari/537.36"
117.136.68.135 - - [19/Oct/2020:10:00:14 +0800] "GET /Menu/Menu/menuLists?formKey=undefined&menuSelection=undefined HTTP/1.1" 200 12297 "http://merp.yudo.com.cn:8183/WEI_2300/WEI_2300?formKey=Menu&menuSelection=asm" "Mozilla/5.0 (Linux; Android 10; HMA-AL00 Build/HUAWEIHMA-AL00; wv) AppleWebKit/537.36 (KHTML, like Gecko) Version/4.0 Chrome/83.0.4103.106 Mobile Safari/537.36"
117.136.68.135 - - [19/Oct/2020:10:00:14 +0800] "GET /image/fonticon/headDefault.jpg HTTP/1.1" 200 2436 "http://merp.yudo.com.cn:8183/Menu/Menu/menuLists?formKey=undefined&menuSelection=undefined" "Mozilla/5.0 (Linux; Android 10; HMA-AL00 Build/HUAWEIHMA-AL00; wv) AppleWebKit/537.36 (KHTML, like Gecko) Version/4.0 Chrome/83.0.4103.106 Mobile Safari/537.36"
117.136.68.135 - - [19/Oct/2020:10:00:14 +0800] "GET /image/login_logo.png HTTP/1.1" 200 3941 "http://merp.yudo.com.cn:8183/Menu/Menu/menuLists?formKey=undefined&menuSelection=undefined" "Mozilla/5.0 (Linux; Android 10; HMA-AL00 Build/HUAWEIHMA-AL00; wv) AppleWebKit/537.36 (KHTML, like Gecko) Version/4.0 Chrome/83.0.4103.106 Mobile Safari/537.36"
117.136.68.135 - - [19/Oct/2020:10:00:14 +0800] "GET /js/Menu/Menu.js?v=200017 HTTP/1.1" 200 11548 "http://merp.yudo.com.cn:8183/Menu/Menu/menuLists?formKey=undefined&menuSelection=undefined" "Mozilla/5.0 (Linux; Android 10; HMA-AL00 Build/HUAWEIHMA-AL00; wv) AppleWebKit/537.36 (KHTML, like Gecko) Version/4.0 Chrome/83.0.4103.106 Mobile Safari/537.36"
117.136.68.135 - - [19/Oct/2020:10:00:14 +0800] "GET /image/fonticon/connectRecord_icon.png HTTP/1.1" 200 1412 "http://merp.yudo.com.cn:8183/css/yudo-ui.css?v=2016" "Mozilla/5.0 (Linux; Android 10; HMA-AL00 Build/HUAWEIHMA-AL00; wv) AppleWebKit/537.36 (KHTML, like Gecko) Version/4.0 Chrome/83.0.4103.106 Mobile Safari/537.36"
117.136.68.135 - - [19/Oct/2020:10:00:14 +0800] "GET /language/LANG_CHN.json?beta=1664 HTTP/1.1" 200 32414 "http://merp.yudo.com.cn:8183/Menu/Menu/menuLists?formKey=undefined&menuSelection=undefined" "Mozilla/5.0 (Linux; Android 10; HMA-AL00 Build/HUAWEIHMA-AL00; wv) AppleWebKit/537.36 (KHTML, like Gecko) Version/4.0 Chrome/83.0.4103.106 Mobile Safari/537.36"
117.136.68.135 - - [19/Oct/2020:10:00:14 +0800] "GET /Menu/doMenuRows_prc?formKey=Menu HTTP/1.1" 200 826 "http://merp.yudo.com.cn:8183/Menu/Menu/menuLists?formKey=undefined&menuSelection=undefined" "Mozilla/5.0 (Linux; Android 10; HMA-AL00 Build/HUAWEIHMA-AL00; wv) AppleWebKit/537.36 (KHTML, like Gecko) Version/4.0 Chrome/83.0.4103.106 Mobile Safari/537.36"
117.136.68.135 - - [19/Oct/2020:10:00:14 +0800] "GET /Menu/getVersionInfo HTTP/1.1" 200 394 "http://merp.yudo.com.cn:8183/Menu/Menu/menuLists?formKey=undefined&menuSelection=undefined" "Mozilla/5.0 (Linux; Android 10; HMA-AL00 Build/HUAWEIHMA-AL00; wv) AppleWebKit/537.36 (KHTML, like Gecko) Version/4.0 Chrome/83.0.4103.106 Mobile Safari/537.36"
117.136.68.135 - - [19/Oct/2020:10:00:14 +0800] "GET /image/yudo-01.png HTTP/1.1" 200 381770 "http://merp.yudo.com.cn:8183/Menu/Menu/menuLists?formKey=undefined&menuSelection=undefined" "Mozilla/5.0 (Linux; Android 10; HMA-AL00 Build/HUAWEIHMA-AL00; wv) AppleWebKit/537.36 (KHTML, like Gecko) Version/4.0 Chrome/83.0.4103.106 Mobile Safari/537.36"
117.136.68.135 - - [19/Oct/2020:10:00:14 +0800] "GET /Menu/getLoginInfo HTTP/1.1" 200 182 "http://merp.yudo.com.cn:8183/Menu/Menu/menuLists?formKey=undefined&menuSelection=undefined" "Mozilla/5.0 (Linux; Android 10; HMA-AL00 Build/HUAWEIHMA-AL00; wv) AppleWebKit/537.36 (KHTML, like Gecko) Version/4.0 Chrome/83.0.4103.106 Mobile Safari/537.36"
117.136.68.135 - - [19/Oct/2020:10:00:16 +0800] "GET /WEI_1000/WEI_1000?formKey=Menu&menuSelection=sm HTTP/1.1" 200 21958 "http://merp.yudo.com.cn:8183/Menu/Menu/menuLists?formKey=undefined&menuSelection=undefined" "Mozilla/5.0 (Linux; Android 10; HMA-AL00 Build/HUAWEIHMA-AL00; wv) AppleWebKit/537.36 (KHTML, like Gecko) Version/4.0 Chrome/83.0.4103.106 Mobile Safari/537.36"
117.136.68.135 - - [19/Oct/2020:10:00:17 +0800] "GET /css/yudo-ui.css?v=1066 HTTP/1.1" 200 41489 "http://merp.yudo.com.cn:8183/WEI_1000/WEI_1000?formKey=Menu&menuSelection=sm" "Mozilla/5.0 (Linux; Android 10; HMA-AL00 Build/HUAWEIHMA-AL00; wv) AppleWebKit/537.36 (KHTML, like Gecko) Version/4.0 Chrome/83.0.4103.106 Mobile Safari/537.36"
117.136.68.135 - - [19/Oct/2020:10:00:17 +0800] "GET /css/mui.min.css?v=1008 HTTP/1.1" 200 76673 "http://merp.yudo.com.cn:8183/WEI_1000/WEI_1000?formKey=Menu&menuSelection=sm" "Mozilla/5.0 (Linux; Android 10; HMA-AL00 Build/HUAWEIHMA-AL00; wv) AppleWebKit/537.36 (KHTML, like Gecko) Version/4.0 Chrome/83.0.4103.106 Mobile Safari/537.36"
117.136.68.135 - - [19/Oct/2020:10:00:17 +0800] "GET /css/mui.picker.min.css HTTP/1.1" 200 4844 "http://merp.yudo.com.cn:8183/WEI_1000/WEI_1000?formKey=Menu&menuSelection=sm" "Mozilla/5.0 (Linux; Android 10; HMA-AL00 Build/HUAWEIHMA-AL00; wv) AppleWebKit/537.36 (KHTML, like Gecko) Version/4.0 Chrome/83.0.4103.106 Mobile Safari/537.36"
117.136.68.135 - - [19/Oct/2020:10:00:17 +0800] "GET /js/multiHttp.js?v=1001 HTTP/1.1" 200 48308 "http://merp.yudo.com.cn:8183/WEI_1000/WEI_1000?formKey=Menu&menuSelection=sm" "Mozilla/5.0 (Linux; Android 10; HMA-AL00 Build/HUAWEIHMA-AL00; wv) AppleWebKit/537.36 (KHTML, like Gecko) Version/4.0 Chrome/83.0.4103.106 Mobile Safari/537.36"
117.136.68.135 - - [19/Oct/2020:10:00:17 +0800] "GET /js/lang.min.js?v=1001 HTTP/1.1" 200 1138 "http://merp.yudo.com.cn:8183/WEI_1000/WEI_1000?formKey=Menu&menuSelection=sm" "Mozilla/5.0 (Linux; Android 10; HMA-AL00 Build/HUAWEIHMA-AL00; wv) AppleWebKit/537.36 (KHTML, like Gecko) Version/4.0 Chrome/83.0.4103.106 Mobile Safari/537.36"
117.136.68.135 - - [19/Oct/2020:10:00:17 +0800] "GET /css/animate.min.css HTTP/1.1" 200 52799 "http://merp.yudo.com.cn:8183/WEI_1000/WEI_1000?formKey=Menu&menuSelection=sm" "Mozilla/5.0 (Linux; Android 10; HMA-AL00 Build/HUAWEIHMA-AL00; wv) AppleWebKit/537.36 (KHTML, like Gecko) Version/4.0 Chrome/83.0.4103.106 Mobile Safari/537.36"
117.136.68.135 - - [19/Oct/2020:10:00:17 +0800] "GET /js/mui.picker.min.js?v=1001 HTTP/1.1" 200 18411 "http://merp.yudo.com.cn:8183/WEI_1000/WEI_1000?formKey=Menu&menuSelection=sm" "Mozilla/5.0 (Linux; Android 10; HMA-AL00 Build/HUAWEIHMA-AL00; wv) AppleWebKit/537.36 (KHTML, like Gecko) Version/4.0 Chrome/83.0.4103.106 Mobile Safari/537.36"
117.136.68.135 - - [19/Oct/2020:10:00:17 +0800] "GET /js/JLAMP.polyfill.min.js HTTP/1.1" 200 361 "http://merp.yudo.com.cn:8183/WEI_1000/WEI_1000?formKey=Menu&menuSelection=sm" "Mozilla/5.0 (Linux; Android 10; HMA-AL00 Build/HUAWEIHMA-AL00; wv) AppleWebKit/537.36 (KHTML, like Gecko) Version/4.0 Chrome/83.0.4103.106 Mobile Safari/537.36"
117.136.68.135 - - [19/Oct/2020:10:00:17 +0800] "GET /js/JLAMP.menu.min.js HTTP/1.1" 200 6519 "http://merp.yudo.com.cn:8183/WEI_1000/WEI_1000?formKey=Menu&menuSelection=sm" "Mozilla/5.0 (Linux; Android 10; HMA-AL00 Build/HUAWEIHMA-AL00; wv) AppleWebKit/537.36 (KHTML, like Gecko) Version/4.0 Chrome/83.0.4103.106 Mobile Safari/537.36"
117.136.68.135 - - [19/Oct/2020:10:00:17 +0800] "GET /js/JLAMP.autobinding.min.js HTTP/1.1" 200 8816 "http://merp.yudo.com.cn:8183/WEI_1000/WEI_1000?formKey=Menu&menuSelection=sm" "Mozilla/5.0 (Linux; Android 10; HMA-AL00 Build/HUAWEIHMA-AL00; wv) AppleWebKit/537.36 (KHTML, like Gecko) Version/4.0 Chrome/83.0.4103.106 Mobile Safari/537.36"
117.136.68.135 - - [19/Oct/2020:10:00:17 +0800] "GET /js/JLAMP.modal.min.js HTTP/1.1" 200 16516 "http://merp.yudo.com.cn:8183/WEI_1000/WEI_1000?formKey=Menu&menuSelection=sm" "Mozilla/5.0 (Linux; Android 10; HMA-AL00 Build/HUAWEIHMA-AL00; wv) AppleWebKit/537.36 (KHTML, like Gecko) Version/4.0 Chrome/83.0.4103.106 Mobile Safari/537.36"
117.136.68.135 - - [19/Oct/2020:10:00:17 +0800] "GET /js/session.js HTTP/1.1" 200 638 "http://merp.yudo.com.cn:8183/WEI_1000/WEI_1000?formKey=Menu&menuSelection=sm" "Mozilla/5.0 (Linux; Android 10; HMA-AL00 Build/HUAWEIHMA-AL00; wv) AppleWebKit/537.36 (KHTML, like Gecko) Version/4.0 Chrome/83.0.4103.106 Mobile Safari/537.36"
117.136.68.135 - - [19/Oct/2020:10:00:17 +0800] "GET /js/version.js?v=20180920001 HTTP/1.1" 200 2607 "http://merp.yudo.com.cn:8183/WEI_1000/WEI_1000?formKey=Menu&menuSelection=sm" "Mozilla/5.0 (Linux; Android 10; HMA-AL00 Build/HUAWEIHMA-AL00; wv) AppleWebKit/537.36 (KHTML, like Gecko) Version/4.0 Chrome/83.0.4103.106 Mobile Safari/537.36"
117.136.68.135 - - [19/Oct/2020:10:00:17 +0800] "GET /js/common.js HTTP/1.1" 200 11633 "http://merp.yudo.com.cn:8183/WEI_1000/WEI_1000?formKey=Menu&menuSelection=sm" "Mozilla/5.0 (Linux; Android 10; HMA-AL00 Build/HUAWEIHMA-AL00; wv) AppleWebKit/537.36 (KHTML, like Gecko) Version/4.0 Chrome/83.0.4103.106 Mobile Safari/537.36"
117.136.68.135 - - [19/Oct/2020:10:00:17 +0800] "GET /js/GNB.js HTTP/1.1" 200 2176 "http://merp.yudo.com.cn:8183/WEI_1000/WEI_1000?formKey=Menu&menuSelection=sm" "Mozilla/5.0 (Linux; Android 10; HMA-AL00 Build/HUAWEIHMA-AL00; wv) AppleWebKit/537.36 (KHTML, like Gecko) Version/4.0 Chrome/83.0.4103.106 Mobile Safari/537.36"
117.136.68.135 - - [19/Oct/2020:10:00:17 +0800] "GET /js/WEI_1000/WEI_1000_Lists.js?v=1176 HTTP/1.1" 200 38139 "http://merp.yudo.com.cn:8183/WEI_1000/WEI_1000?formKey=Menu&menuSelection=sm" "Mozilla/5.0 (Linux; Android 10; HMA-AL00 Build/HUAWEIHMA-AL00; wv) AppleWebKit/537.36 (KHTML, like Gecko) Version/4.0 Chrome/83.0.4103.106 Mobile Safari/537.36"
117.136.68.135 - - [19/Oct/2020:10:00:17 +0800] "GET /image/fonticon/tubiao_icon2.png HTTP/1.1" 200 4944 "http://merp.yudo.com.cn:8183/css/yudo-ui.css?v=1066" "Mozilla/5.0 (Linux; Android 10; HMA-AL00 Build/HUAWEIHMA-AL00; wv) AppleWebKit/537.36 (KHTML, like Gecko) Version/4.0 Chrome/83.0.4103.106 Mobile Safari/537.36"
117.136.68.135 - - [19/Oct/2020:10:00:17 +0800] "POST /JLAMPCommon/langBatchRows_prc HTTP/1.1" 200 15650 "http://merp.yudo.com.cn:8183/WEI_1000/WEI_1000?formKey=Menu&menuSelection=sm" "Mozilla/5.0 (Linux; Android 10; HMA-AL00 Build/HUAWEIHMA-AL00; wv) AppleWebKit/537.36 (KHTML, like Gecko) Version/4.0 Chrome/83.0.4103.106 Mobile Safari/537.36"
117.136.68.135 - - [19/Oct/2020:10:00:17 +0800] "POST /JLAMPCommon/langBatchRows_prc HTTP/1.1" 200 783 "http://merp.yudo.com.cn:8183/WEI_1000/WEI_1000?formKey=Menu&menuSelection=sm" "Mozilla/5.0 (Linux; Android 10; HMA-AL00 Build/HUAWEIHMA-AL00; wv) AppleWebKit/537.36 (KHTML, like Gecko) Version/4.0 Chrome/83.0.4103.106 Mobile Safari/537.36"
117.136.68.135 - - [19/Oct/2020:10:00:17 +0800] "GET /JLAMPCommon/getCookieJson_prc HTTP/1.1" 200 1253 "http://merp.yudo.com.cn:8183/WEI_1000/WEI_1000?formKey=Menu&menuSelection=sm" "Mozilla/5.0 (Linux; Android 10; HMA-AL00 Build/HUAWEIHMA-AL00; wv) AppleWebKit/537.36 (KHTML, like Gecko) Version/4.0 Chrome/83.0.4103.106 Mobile Safari/537.36"
223.104.187.11 - - [19/Oct/2020:10:00:19 +0800] "POST /main/login_prc HTTP/1.1" 200 44 "http://merp.yudo.com.cn:8183/?deviceType=mobile&devicePlatform=ios" "Mozilla/5.0 (iPhone; CPU iPhone OS 13_6_1 like Mac OS X) AppleWebKit/605.1.15 (KHTML, like Gecko) Mobile/15E148"
223.104.187.11 - - [19/Oct/2020:10:00:19 +0800] "GET /?deviceType=mobile&devicePlatform=ios HTTP/1.1" 302 149 "http://merp.yudo.com.cn:8183/?deviceType=mobile&devicePlatform=ios" "Mozilla/5.0 (iPhone; CPU iPhone OS 13_6_1 like Mac OS X) AppleWebKit/605.1.15 (KHTML, like Gecko) Mobile/15E148"
223.104.187.11 - - [19/Oct/2020:10:00:19 +0800] "GET /Menu HTTP/1.1" 200 12297 "http://merp.yudo.com.cn:8183/?deviceType=mobile&devicePlatform=ios" "Mozilla/5.0 (iPhone; CPU iPhone OS 13_6_1 like Mac OS X) AppleWebKit/605.1.15 (KHTML, like Gecko) Mobile/15E148"
223.104.187.11 - - [19/Oct/2020:10:00:20 +0800] "GET /css/animate.min.css?v=1003 HTTP/1.1" 200 52799 "http://merp.yudo.com.cn:8183/Menu" "Mozilla/5.0 (iPhone; CPU iPhone OS 13_6_1 like Mac OS X) AppleWebKit/605.1.15 (KHTML, like Gecko) Mobile/15E148"
223.104.187.11 - - [19/Oct/2020:10:00:20 +0800] "GET /css/mui.picker.min.css?v=1000 HTTP/1.1" 200 4844 "http://merp.yudo.com.cn:8183/Menu" "Mozilla/5.0 (iPhone; CPU iPhone OS 13_6_1 like Mac OS X) AppleWebKit/605.1.15 (KHTML, like Gecko) Mobile/15E148"
223.104.187.11 - - [19/Oct/2020:10:00:20 +0800] "GET /css/yudo-ui.css?v=2016 HTTP/1.1" 200 41489 "http://merp.yudo.com.cn:8183/Menu" "Mozilla/5.0 (iPhone; CPU iPhone OS 13_6_1 like Mac OS X) AppleWebKit/605.1.15 (KHTML, like Gecko) Mobile/15E148"
223.104.187.11 - - [19/Oct/2020:10:00:20 +0800] "GET /css/mui.min.css?v=1012 HTTP/1.1" 200 76673 "http://merp.yudo.com.cn:8183/Menu" "Mozilla/5.0 (iPhone; CPU iPhone OS 13_6_1 like Mac OS X) AppleWebKit/605.1.15 (KHTML, like Gecko) Mobile/15E148"
223.104.187.11 - - [19/Oct/2020:10:00:20 +0800] "GET /js/server.js?v=1010 HTTP/1.1" 200 88 "http://merp.yudo.com.cn:8183/Menu" "Mozilla/5.0 (iPhone; CPU iPhone OS 13_6_1 like Mac OS X) AppleWebKit/605.1.15 (KHTML, like Gecko) Mobile/15E148"
223.104.187.11 - - [19/Oct/2020:10:00:20 +0800] "GET /js/lang.min.js?v=1004 HTTP/1.1" 200 1138 "http://merp.yudo.com.cn:8183/Menu" "Mozilla/5.0 (iPhone; CPU iPhone OS 13_6_1 like Mac OS X) AppleWebKit/605.1.15 (KHTML, like Gecko) Mobile/15E148"
223.104.187.11 - - [19/Oct/2020:10:00:20 +0800] "GET /js/multiHttp.js?v=1015 HTTP/1.1" 200 48308 "http://merp.yudo.com.cn:8183/Menu" "Mozilla/5.0 (iPhone; CPU iPhone OS 13_6_1 like Mac OS X) AppleWebKit/605.1.15 (KHTML, like Gecko) Mobile/15E148"
223.104.187.11 - - [19/Oct/2020:10:00:20 +0800] "GET /js/mui.previewimage.js?v=201804261256 HTTP/1.1" 200 13324 "http://merp.yudo.com.cn:8183/Menu" "Mozilla/5.0 (iPhone; CPU iPhone OS 13_6_1 like Mac OS X) AppleWebKit/605.1.15 (KHTML, like Gecko) Mobile/15E148"
223.104.187.11 - - [19/Oct/2020:10:00:20 +0800] "GET /js/vue.js HTTP/1.1" 200 289301 "http://merp.yudo.com.cn:8183/Menu" "Mozilla/5.0 (iPhone; CPU iPhone OS 13_6_1 like Mac OS X) AppleWebKit/605.1.15 (KHTML, like Gecko) Mobile/15E148"
223.104.187.11 - - [19/Oct/2020:10:00:20 +0800] "GET /js/mui.zoom.js?v=201804231454 HTTP/1.1" 200 11703 "http://merp.yudo.com.cn:8183/Menu" "Mozilla/5.0 (iPhone; CPU iPhone OS 13_6_1 like Mac OS X) AppleWebKit/605.1.15 (KHTML, like Gecko) Mobile/15E148"
223.104.187.11 - - [19/Oct/2020:10:00:20 +0800] "GET /js/mui.picker.min.js?v=1002 HTTP/1.1" 200 18411 "http://merp.yudo.com.cn:8183/Menu" "Mozilla/5.0 (iPhone; CPU iPhone OS 13_6_1 like Mac OS X) AppleWebKit/605.1.15 (KHTML, like Gecko) Mobile/15E148"
223.104.187.11 - - [19/Oct/2020:10:00:20 +0800] "GET /third_party/jquery-2.1.4/jquery.js HTTP/1.1" 304 - "http://merp.yudo.com.cn:8183/Menu" "Mozilla/5.0 (iPhone; CPU iPhone OS 13_6_1 like Mac OS X) AppleWebKit/605.1.15 (KHTML, like Gecko) Mobile/15E148"
223.104.187.11 - - [19/Oct/2020:10:00:20 +0800] "GET /js/JLAMP.common.min.js HTTP/1.1" 304 - "http://merp.yudo.com.cn:8183/Menu" "Mozilla/5.0 (iPhone; CPU iPhone OS 13_6_1 like Mac OS X) AppleWebKit/605.1.15 (KHTML, like Gecko) Mobile/15E148"
223.104.187.11 - - [19/Oct/2020:10:00:20 +0800] "GET /js/JLAMP.lang.min.js HTTP/1.1" 304 - "http://merp.yudo.com.cn:8183/Menu" "Mozilla/5.0 (iPhone; CPU iPhone OS 13_6_1 like Mac OS X) AppleWebKit/605.1.15 (KHTML, like Gecko) Mobile/15E148"
223.104.187.11 - - [19/Oct/2020:10:00:20 +0800] "GET /js/fastclick.js HTTP/1.1" 304 - "http://merp.yudo.com.cn:8183/Menu" "Mozilla/5.0 (iPhone; CPU iPhone OS 13_6_1 like Mac OS X) AppleWebKit/605.1.15 (KHTML, like Gecko) Mobile/15E148"
223.104.187.11 - - [19/Oct/2020:10:00:20 +0800] "GET /js/Menu/Menu.js?v=200017 HTTP/1.1" 200 11548 "http://merp.yudo.com.cn:8183/Menu" "Mozilla/5.0 (iPhone; CPU iPhone OS 13_6_1 like Mac OS X) AppleWebKit/605.1.15 (KHTML, like Gecko) Mobile/15E148"
223.104.187.11 - - [19/Oct/2020:10:00:20 +0800] "GET /js/JLAMP.min.js HTTP/1.1" 304 - "http://merp.yudo.com.cn:8183/Menu" "Mozilla/5.0 (iPhone; CPU iPhone OS 13_6_1 like Mac OS X) AppleWebKit/605.1.15 (KHTML, like Gecko) Mobile/15E148"
223.104.187.11 - - [19/Oct/2020:10:00:20 +0800] "GET /image/fonticon/headDefault.jpg HTTP/1.1" 200 2436 "http://merp.yudo.com.cn:8183/Menu" "Mozilla/5.0 (iPhone; CPU iPhone OS 13_6_1 like Mac OS X) AppleWebKit/605.1.15 (KHTML, like Gecko) Mobile/15E148"
223.104.187.11 - - [19/Oct/2020:10:00:20 +0800] "GET /js/mui.min.js?v=1001 HTTP/1.1" 304 - "http://merp.yudo.com.cn:8183/Menu" "Mozilla/5.0 (iPhone; CPU iPhone OS 13_6_1 like Mac OS X) AppleWebKit/605.1.15 (KHTML, like Gecko) Mobile/15E148"
223.104.187.11 - - [19/Oct/2020:10:00:21 +0800] "GET /image/login_logo.png HTTP/1.1" 200 3941 "http://merp.yudo.com.cn:8183/Menu" "Mozilla/5.0 (iPhone; CPU iPhone OS 13_6_1 like Mac OS X) AppleWebKit/605.1.15 (KHTML, like Gecko) Mobile/15E148"
223.104.187.11 - - [19/Oct/2020:10:00:20 +0800] "GET /js/echarts.min.js HTTP/1.1" 200 744675 "http://merp.yudo.com.cn:8183/Menu" "Mozilla/5.0 (iPhone; CPU iPhone OS 13_6_1 like Mac OS X) AppleWebKit/605.1.15 (KHTML, like Gecko) Mobile/15E148"
223.104.187.11 - - [19/Oct/2020:10:00:21 +0800] "GET /language/LANG_CHN.json?beta=6120 HTTP/1.1" 200 32414 "http://merp.yudo.com.cn:8183/Menu" "Mozilla/5.0 (iPhone; CPU iPhone OS 13_6_1 like Mac OS X) AppleWebKit/605.1.15 (KHTML, like Gecko) Mobile/15E148"
223.104.187.11 - - [19/Oct/2020:10:00:21 +0800] "GET /image/fonticon/refresh_icon.png HTTP/1.1" 200 2550 "http://merp.yudo.com.cn:8183/Menu" "Mozilla/5.0 (iPhone; CPU iPhone OS 13_6_1 like Mac OS X) AppleWebKit/605.1.15 (KHTML, like Gecko) Mobile/15E148"
223.104.187.11 - - [19/Oct/2020:10:00:21 +0800] "GET /fonts/mui.ttf HTTP/1.1" 304 - "http://merp.yudo.com.cn:8183/Menu" "Mozilla/5.0 (iPhone; CPU iPhone OS 13_6_1 like Mac OS X) AppleWebKit/605.1.15 (KHTML, like Gecko) Mobile/15E148"
223.104.187.11 - - [19/Oct/2020:10:00:21 +0800] "GET /image/fonticon/home_icon.png HTTP/1.1" 200 1180 "http://merp.yudo.com.cn:8183/Menu" "Mozilla/5.0 (iPhone; CPU iPhone OS 13_6_1 like Mac OS X) AppleWebKit/605.1.15 (KHTML, like Gecko) Mobile/15E148"
223.104.187.11 - - [19/Oct/2020:10:00:21 +0800] "GET /image/yudo-01.png HTTP/1.1" 200 381770 "http://merp.yudo.com.cn:8183/Menu" "Mozilla/5.0 (iPhone; CPU iPhone OS 13_6_1 like Mac OS X) AppleWebKit/605.1.15 (KHTML, like Gecko) Mobile/15E148"
223.104.187.11 - - [19/Oct/2020:10:00:21 +0800] "GET /Menu/doMenuRows_prc?formKey=Menu HTTP/1.1" 200 1582 "http://merp.yudo.com.cn:8183/Menu" "Mozilla/5.0 (iPhone; CPU iPhone OS 13_6_1 like Mac OS X) AppleWebKit/605.1.15 (KHTML, like Gecko) Mobile/15E148"
223.104.187.11 - - [19/Oct/2020:10:00:21 +0800] "GET /image/fonticon/cleanCache_icon.png HTTP/1.1" 200 951 "http://merp.yudo.com.cn:8183/Menu" "Mozilla/5.0 (iPhone; CPU iPhone OS 13_6_1 like Mac OS X) AppleWebKit/605.1.15 (KHTML, like Gecko) Mobile/15E148"
223.104.187.11 - - [19/Oct/2020:10:00:21 +0800] "GET /image/fonticon/switchPass_icon.png HTTP/1.1" 200 1480 "http://merp.yudo.com.cn:8183/Menu" "Mozilla/5.0 (iPhone; CPU iPhone OS 13_6_1 like Mac OS X) AppleWebKit/605.1.15 (KHTML, like Gecko) Mobile/15E148"
223.104.187.11 - - [19/Oct/2020:10:00:21 +0800] "GET /Menu/getVersionInfo HTTP/1.1" 200 394 "http://merp.yudo.com.cn:8183/Menu" "Mozilla/5.0 (iPhone; CPU iPhone OS 13_6_1 like Mac OS X) AppleWebKit/605.1.15 (KHTML, like Gecko) Mobile/15E148"
223.104.187.11 - - [19/Oct/2020:10:00:21 +0800] "GET /image/fonticon/quit_icon.png HTTP/1.1" 200 1268 "http://merp.yudo.com.cn:8183/Menu" "Mozilla/5.0 (iPhone; CPU iPhone OS 13_6_1 like Mac OS X) AppleWebKit/605.1.15 (KHTML, like Gecko) Mobile/15E148"
223.104.187.11 - - [19/Oct/2020:10:00:21 +0800] "GET /image/fonticon/userMenu_icon.png HTTP/1.1" 200 412 "http://merp.yudo.com.cn:8183/Menu" "Mozilla/5.0 (iPhone; CPU iPhone OS 13_6_1 like Mac OS X) AppleWebKit/605.1.15 (KHTML, like Gecko) Mobile/15E148"
223.104.187.11 - - [19/Oct/2020:10:00:21 +0800] "GET /image/fonticon/extend_icon.png HTTP/1.1" 200 731 "http://merp.yudo.com.cn:8183/Menu" "Mozilla/5.0 (iPhone; CPU iPhone OS 13_6_1 like Mac OS X) AppleWebKit/605.1.15 (KHTML, like Gecko) Mobile/15E148"
223.104.187.11 - - [19/Oct/2020:10:00:21 +0800] "GET /image/fonticon/dayTotal_icon.png HTTP/1.1" 200 4233 "http://merp.yudo.com.cn:8183/Menu" "Mozilla/5.0 (iPhone; CPU iPhone OS 13_6_1 like Mac OS X) AppleWebKit/605.1.15 (KHTML, like Gecko) Mobile/15E148"
223.104.187.11 - - [19/Oct/2020:10:00:21 +0800] "GET /image/fonticon/loading_icon6.png HTTP/1.1" 304 - "http://merp.yudo.com.cn:8183/Menu" "Mozilla/5.0 (iPhone; CPU iPhone OS 13_6_1 like Mac OS X) AppleWebKit/605.1.15 (KHTML, like Gecko) Mobile/15E148"
223.104.187.11 - - [19/Oct/2020:10:00:21 +0800] "GET /Menu/getLoginInfo HTTP/1.1" 200 188 "http://merp.yudo.com.cn:8183/Menu" "Mozilla/5.0 (iPhone; CPU iPhone OS 13_6_1 like Mac OS X) AppleWebKit/605.1.15 (KHTML, like Gecko) Mobile/15E148"
223.104.187.11 - - [19/Oct/2020:10:00:23 +0800] "GET /WEI_0100/WEI_0100?formKey=Menu&menuSelection=mi HTTP/1.1" 200 14458 "http://merp.yudo.com.cn:8183/Menu" "Mozilla/5.0 (iPhone; CPU iPhone OS 13_6_1 like Mac OS X) AppleWebKit/605.1.15 (KHTML, like Gecko) Mobile/15E148"
::1 - - [19/Oct/2020:10:00:24 +0800] "OPTIONS * HTTP/1.0" 200 - "-" "Apache/2.4.6 (CentOS) PHP/5.6.32 (internal dummy connection)"
117.136.68.188 - - [19/Oct/2020:10:00:25 +0800] "GET /?deviceType=mobile&devicePlatform=android HTTP/1.1" 302 149 "-" "Mozilla/5.0 (Linux; Android 10; HMA-AL00 Build/HUAWEIHMA-AL00; wv) AppleWebKit/537.36 (KHTML, like Gecko) Version/4.0 Chrome/83.0.4103.106 Mobile Safari/537.36"
117.136.68.188 - - [19/Oct/2020:10:00:25 +0800] "GET /Menu HTTP/1.1" 200 12297 "-" "Mozilla/5.0 (Linux; Android 10; HMA-AL00 Build/HUAWEIHMA-AL00; wv) AppleWebKit/537.36 (KHTML, like Gecko) Version/4.0 Chrome/83.0.4103.106 Mobile Safari/537.36"
117.136.68.188 - - [19/Oct/2020:10:00:25 +0800] "GET /css/yudo-ui.css?v=2016 HTTP/1.1" 200 41489 "http://merp.yudo.com.cn:8183/Menu" "Mozilla/5.0 (Linux; Android 10; HMA-AL00 Build/HUAWEIHMA-AL00; wv) AppleWebKit/537.36 (KHTML, like Gecko) Version/4.0 Chrome/83.0.4103.106 Mobile Safari/537.36"
117.136.68.188 - - [19/Oct/2020:10:00:25 +0800] "GET /css/mui.picker.min.css?v=1000 HTTP/1.1" 200 4844 "http://merp.yudo.com.cn:8183/Menu" "Mozilla/5.0 (Linux; Android 10; HMA-AL00 Build/HUAWEIHMA-AL00; wv) AppleWebKit/537.36 (KHTML, like Gecko) Version/4.0 Chrome/83.0.4103.106 Mobile Safari/537.36"
117.136.68.188 - - [19/Oct/2020:10:00:25 +0800] "GET /css/mui.min.css?v=1012 HTTP/1.1" 200 76673 "http://merp.yudo.com.cn:8183/Menu" "Mozilla/5.0 (Linux; Android 10; HMA-AL00 Build/HUAWEIHMA-AL00; wv) AppleWebKit/537.36 (KHTML, like Gecko) Version/4.0 Chrome/83.0.4103.106 Mobile Safari/537.36"
117.136.68.188 - - [19/Oct/2020:10:00:25 +0800] "GET /js/server.js?v=1010 HTTP/1.1" 200 88 "http://merp.yudo.com.cn:8183/Menu" "Mozilla/5.0 (Linux; Android 10; HMA-AL00 Build/HUAWEIHMA-AL00; wv) AppleWebKit/537.36 (KHTML, like Gecko) Version/4.0 Chrome/83.0.4103.106 Mobile Safari/537.36"
117.136.68.188 - - [19/Oct/2020:10:00:25 +0800] "GET /css/animate.min.css?v=1003 HTTP/1.1" 200 52799 "http://merp.yudo.com.cn:8183/Menu" "Mozilla/5.0 (Linux; Android 10; HMA-AL00 Build/HUAWEIHMA-AL00; wv) AppleWebKit/537.36 (KHTML, like Gecko) Version/4.0 Chrome/83.0.4103.106 Mobile Safari/537.36"
117.136.68.188 - - [19/Oct/2020:10:00:26 +0800] "GET /js/multiHttp.js?v=1015 HTTP/1.1" 200 48308 "http://merp.yudo.com.cn:8183/Menu" "Mozilla/5.0 (Linux; Android 10; HMA-AL00 Build/HUAWEIHMA-AL00; wv) AppleWebKit/537.36 (KHTML, like Gecko) Version/4.0 Chrome/83.0.4103.106 Mobile Safari/537.36"
117.136.68.188 - - [19/Oct/2020:10:00:26 +0800] "GET /js/lang.min.js?v=1004 HTTP/1.1" 200 1138 "http://merp.yudo.com.cn:8183/Menu" "Mozilla/5.0 (Linux; Android 10; HMA-AL00 Build/HUAWEIHMA-AL00; wv) AppleWebKit/537.36 (KHTML, like Gecko) Version/4.0 Chrome/83.0.4103.106 Mobile Safari/537.36"
117.136.68.188 - - [19/Oct/2020:10:00:25 +0800] "GET /third_party/jquery-2.1.4/jquery.js HTTP/1.1" 200 247606 "http://merp.yudo.com.cn:8183/Menu" "Mozilla/5.0 (Linux; Android 10; HMA-AL00 Build/HUAWEIHMA-AL00; wv) AppleWebKit/537.36 (KHTML, like Gecko) Version/4.0 Chrome/83.0.4103.106 Mobile Safari/537.36"
117.136.68.188 - - [19/Oct/2020:10:00:26 +0800] "GET /js/mui.min.js?v=1001 HTTP/1.1" 200 115810 "http://merp.yudo.com.cn:8183/Menu" "Mozilla/5.0 (Linux; Android 10; HMA-AL00 Build/HUAWEIHMA-AL00; wv) AppleWebKit/537.36 (KHTML, like Gecko) Version/4.0 Chrome/83.0.4103.106 Mobile Safari/537.36"
117.136.68.188 - - [19/Oct/2020:10:00:26 +0800] "GET /js/mui.zoom.js?v=201804231454 HTTP/1.1" 200 11703 "http://merp.yudo.com.cn:8183/Menu" "Mozilla/5.0 (Linux; Android 10; HMA-AL00 Build/HUAWEIHMA-AL00; wv) AppleWebKit/537.36 (KHTML, like Gecko) Version/4.0 Chrome/83.0.4103.106 Mobile Safari/537.36"
117.136.68.188 - - [19/Oct/2020:10:00:26 +0800] "GET /js/mui.previewimage.js?v=201804261256 HTTP/1.1" 200 13324 "http://merp.yudo.com.cn:8183/Menu" "Mozilla/5.0 (Linux; Android 10; HMA-AL00 Build/HUAWEIHMA-AL00; wv) AppleWebKit/537.36 (KHTML, like Gecko) Version/4.0 Chrome/83.0.4103.106 Mobile Safari/537.36"
117.136.68.188 - - [19/Oct/2020:10:00:25 +0800] "GET /js/vue.js HTTP/1.1" 200 289301 "http://merp.yudo.com.cn:8183/Menu" "Mozilla/5.0 (Linux; Android 10; HMA-AL00 Build/HUAWEIHMA-AL00; wv) AppleWebKit/537.36 (KHTML, like Gecko) Version/4.0 Chrome/83.0.4103.106 Mobile Safari/537.36"
117.136.68.188 - - [19/Oct/2020:10:00:26 +0800] "GET /js/mui.picker.min.js?v=1002 HTTP/1.1" 200 18411 "http://merp.yudo.com.cn:8183/Menu" "Mozilla/5.0 (Linux; Android 10; HMA-AL00 Build/HUAWEIHMA-AL00; wv) AppleWebKit/537.36 (KHTML, like Gecko) Version/4.0 Chrome/83.0.4103.106 Mobile Safari/537.36"
117.136.68.188 - - [19/Oct/2020:10:00:26 +0800] "GET /js/fastclick.js HTTP/1.1" 200 25966 "http://merp.yudo.com.cn:8183/Menu" "Mozilla/5.0 (Linux; Android 10; HMA-AL00 Build/HUAWEIHMA-AL00; wv) AppleWebKit/537.36 (KHTML, like Gecko) Version/4.0 Chrome/83.0.4103.106 Mobile Safari/537.36"
117.136.68.188 - - [19/Oct/2020:10:00:26 +0800] "GET /js/JLAMP.min.js HTTP/1.1" 200 1461 "http://merp.yudo.com.cn:8183/Menu" "Mozilla/5.0 (Linux; Android 10; HMA-AL00 Build/HUAWEIHMA-AL00; wv) AppleWebKit/537.36 (KHTML, like Gecko) Version/4.0 Chrome/83.0.4103.106 Mobile Safari/537.36"
117.136.68.188 - - [19/Oct/2020:10:00:26 +0800] "GET /js/JLAMP.common.min.js HTTP/1.1" 200 9705 "http://merp.yudo.com.cn:8183/Menu" "Mozilla/5.0 (Linux; Android 10; HMA-AL00 Build/HUAWEIHMA-AL00; wv) AppleWebKit/537.36 (KHTML, like Gecko) Version/4.0 Chrome/83.0.4103.106 Mobile Safari/537.36"
117.136.68.188 - - [19/Oct/2020:10:00:26 +0800] "GET /js/JLAMP.lang.min.js HTTP/1.1" 200 1750 "http://merp.yudo.com.cn:8183/Menu" "Mozilla/5.0 (Linux; Android 10; HMA-AL00 Build/HUAWEIHMA-AL00; wv) AppleWebKit/537.36 (KHTML, like Gecko) Version/4.0 Chrome/83.0.4103.106 Mobile Safari/537.36"
117.136.68.188 - - [19/Oct/2020:10:00:26 +0800] "GET /js/Menu/Menu.js?v=200017 HTTP/1.1" 200 11548 "http://merp.yudo.com.cn:8183/Menu" "Mozilla/5.0 (Linux; Android 10; HMA-AL00 Build/HUAWEIHMA-AL00; wv) AppleWebKit/537.36 (KHTML, like Gecko) Version/4.0 Chrome/83.0.4103.106 Mobile Safari/537.36"
117.136.68.188 - - [19/Oct/2020:10:00:26 +0800] "GET /js/echarts.min.js HTTP/1.1" 200 744675 "http://merp.yudo.com.cn:8183/Menu" "Mozilla/5.0 (Linux; Android 10; HMA-AL00 Build/HUAWEIHMA-AL00; wv) AppleWebKit/537.36 (KHTML, like Gecko) Version/4.0 Chrome/83.0.4103.106 Mobile Safari/537.36"
117.136.68.188 - - [19/Oct/2020:10:00:26 +0800] "GET /image/fonticon/headDefault.jpg HTTP/1.1" 200 2436 "http://merp.yudo.com.cn:8183/Menu" "Mozilla/5.0 (Linux; Android 10; HMA-AL00 Build/HUAWEIHMA-AL00; wv) AppleWebKit/537.36 (KHTML, like Gecko) Version/4.0 Chrome/83.0.4103.106 Mobile Safari/537.36"
117.136.68.188 - - [19/Oct/2020:10:00:26 +0800] "GET /image/login_logo.png HTTP/1.1" 200 3941 "http://merp.yudo.com.cn:8183/Menu" "Mozilla/5.0 (Linux; Android 10; HMA-AL00 Build/HUAWEIHMA-AL00; wv) AppleWebKit/537.36 (KHTML, like Gecko) Version/4.0 Chrome/83.0.4103.106 Mobile Safari/537.36"
223.104.146.12 - - [19/Oct/2020:10:00:26 +0800] "GET /?deviceType=mobile&devicePlatform=android HTTP/1.1" 302 149 "-" "Mozilla/5.0 (Linux; Android 10; DVC-AN00 Build/HUAWEIDVC-AN00; wv) AppleWebKit/537.36 (KHTML, like Gecko) Version/4.0 Chrome/78.0.3904.108 Mobile Safari/537.36"
117.136.68.188 - - [19/Oct/2020:10:00:26 +0800] "GET /image/fonticon/refresh_icon.png HTTP/1.1" 200 2550 "http://merp.yudo.com.cn:8183/css/yudo-ui.css?v=2016" "Mozilla/5.0 (Linux; Android 10; HMA-AL00 Build/HUAWEIHMA-AL00; wv) AppleWebKit/537.36 (KHTML, like Gecko) Version/4.0 Chrome/83.0.4103.106 Mobile Safari/537.36"
117.136.68.188 - - [19/Oct/2020:10:00:26 +0800] "GET /image/fonticon/switchPass_icon.png HTTP/1.1" 200 1480 "http://merp.yudo.com.cn:8183/css/yudo-ui.css?v=2016" "Mozilla/5.0 (Linux; Android 10; HMA-AL00 Build/HUAWEIHMA-AL00; wv) AppleWebKit/537.36 (KHTML, like Gecko) Version/4.0 Chrome/83.0.4103.106 Mobile Safari/537.36"
117.136.68.188 - - [19/Oct/2020:10:00:26 +0800] "GET /image/fonticon/home_icon.png HTTP/1.1" 200 1180 "http://merp.yudo.com.cn:8183/css/yudo-ui.css?v=2016" "Mozilla/5.0 (Linux; Android 10; HMA-AL00 Build/HUAWEIHMA-AL00; wv) AppleWebKit/537.36 (KHTML, like Gecko) Version/4.0 Chrome/83.0.4103.106 Mobile Safari/537.36"
117.136.68.188 - - [19/Oct/2020:10:00:26 +0800] "GET /image/fonticon/connectRecord_icon.png HTTP/1.1" 200 1412 "http://merp.yudo.com.cn:8183/css/yudo-ui.css?v=2016" "Mozilla/5.0 (Linux; Android 10; HMA-AL00 Build/HUAWEIHMA-AL00; wv) AppleWebKit/537.36 (KHTML, like Gecko) Version/4.0 Chrome/83.0.4103.106 Mobile Safari/537.36"
117.136.68.188 - - [19/Oct/2020:10:00:26 +0800] "GET /image/fonticon/quit_icon.png HTTP/1.1" 200 1268 "http://merp.yudo.com.cn:8183/css/yudo-ui.css?v=2016" "Mozilla/5.0 (Linux; Android 10; HMA-AL00 Build/HUAWEIHMA-AL00; wv) AppleWebKit/537.36 (KHTML, like Gecko) Version/4.0 Chrome/83.0.4103.106 Mobile Safari/537.36"
117.136.68.188 - - [19/Oct/2020:10:00:26 +0800] "GET /image/fonticon/cleanCache_icon.png HTTP/1.1" 200 951 "http://merp.yudo.com.cn:8183/css/yudo-ui.css?v=2016" "Mozilla/5.0 (Linux; Android 10; HMA-AL00 Build/HUAWEIHMA-AL00; wv) AppleWebKit/537.36 (KHTML, like Gecko) Version/4.0 Chrome/83.0.4103.106 Mobile Safari/537.36"
223.104.187.11 - - [19/Oct/2020:10:00:25 +0800] "GET /WEI_0100/lists_prc?gubun=D&baseDate=2020-10-19&dbChoose=SZ HTTP/1.1" 200 23462 "http://merp.yudo.com.cn:8183/WEI_0100/WEI_0100?formKey=Menu&menuSelection=mi" "Mozilla/5.0 (iPhone; CPU iPhone OS 13_6_1 like Mac OS X) AppleWebKit/605.1.15 (KHTML, like Gecko) Mobile/15E148"
117.136.68.188 - - [19/Oct/2020:10:00:26 +0800] "GET /fonts/mui.ttf HTTP/1.1" 200 29884 "http://merp.yudo.com.cn:8183/css/mui.min.css?v=1012" "Mozilla/5.0 (Linux; Android 10; HMA-AL00 Build/HUAWEIHMA-AL00; wv) AppleWebKit/537.36 (KHTML, like Gecko) Version/4.0 Chrome/83.0.4103.106 Mobile Safari/537.36"
223.104.146.12 - - [19/Oct/2020:10:00:26 +0800] "GET /Menu HTTP/1.1" 200 12297 "-" "Mozilla/5.0 (Linux; Android 10; DVC-AN00 Build/HUAWEIDVC-AN00; wv) AppleWebKit/537.36 (KHTML, like Gecko) Version/4.0 Chrome/78.0.3904.108 Mobile Safari/537.36"
117.136.68.188 - - [19/Oct/2020:10:00:26 +0800] "GET /image/fonticon/userMenu_icon.png HTTP/1.1" 200 412 "http://merp.yudo.com.cn:8183/css/yudo-ui.css?v=2016" "Mozilla/5.0 (Linux; Android 10; HMA-AL00 Build/HUAWEIHMA-AL00; wv) AppleWebKit/537.36 (KHTML, like Gecko) Version/4.0 Chrome/83.0.4103.106 Mobile Safari/537.36"
117.136.68.188 - - [19/Oct/2020:10:00:26 +0800] "GET /image/fonticon/extend_icon.png HTTP/1.1" 200 731 "http://merp.yudo.com.cn:8183/css/yudo-ui.css?v=2016" "Mozilla/5.0 (Linux; Android 10; HMA-AL00 Build/HUAWEIHMA-AL00; wv) AppleWebKit/537.36 (KHTML, like Gecko) Version/4.0 Chrome/83.0.4103.106 Mobile Safari/537.36"
117.136.68.188 - - [19/Oct/2020:10:00:26 +0800] "GET /language/LANG_CHN.json?beta=8954 HTTP/1.1" 200 32414 "http://merp.yudo.com.cn:8183/Menu" "Mozilla/5.0 (Linux; Android 10; HMA-AL00 Build/HUAWEIHMA-AL00; wv) AppleWebKit/537.36 (KHTML, like Gecko) Version/4.0 Chrome/83.0.4103.106 Mobile Safari/537.36"
117.136.68.188 - - [19/Oct/2020:10:00:26 +0800] "GET /image/fonticon/loading_icon6.png HTTP/1.1" 200 2555 "http://merp.yudo.com.cn:8183/css/mui.min.css?v=1012" "Mozilla/5.0 (Linux; Android 10; HMA-AL00 Build/HUAWEIHMA-AL00; wv) AppleWebKit/537.36 (KHTML, like Gecko) Version/4.0 Chrome/83.0.4103.106 Mobile Safari/537.36"
117.136.68.188 - - [19/Oct/2020:10:00:26 +0800] "GET /image/fonticon/sales_icon.png HTTP/1.1" 200 5931 "http://merp.yudo.com.cn:8183/css/yudo-ui.css?v=2016" "Mozilla/5.0 (Linux; Android 10; HMA-AL00 Build/HUAWEIHMA-AL00; wv) AppleWebKit/537.36 (KHTML, like Gecko) Version/4.0 Chrome/83.0.4103.106 Mobile Safari/537.36"
117.136.68.188 - - [19/Oct/2020:10:00:26 +0800] "GET /image/fonticon/salesPlan_icon.png HTTP/1.1" 200 5653 "http://merp.yudo.com.cn:8183/css/yudo-ui.css?v=2016" "Mozilla/5.0 (Linux; Android 10; HMA-AL00 Build/HUAWEIHMA-AL00; wv) AppleWebKit/537.36 (KHTML, like Gecko) Version/4.0 Chrome/83.0.4103.106 Mobile Safari/537.36"
117.136.68.188 - - [19/Oct/2020:10:00:26 +0800] "GET /image/fonticon/dayTotal_icon.png HTTP/1.1" 200 4233 "http://merp.yudo.com.cn:8183/css/yudo-ui.css?v=2016" "Mozilla/5.0 (Linux; Android 10; HMA-AL00 Build/HUAWEIHMA-AL00; wv) AppleWebKit/537.36 (KHTML, like Gecko) Version/4.0 Chrome/83.0.4103.106 Mobile Safari/537.36"
223.104.146.12 - - [19/Oct/2020:10:00:27 +0800] "GET /css/yudo-ui.css?v=2016 HTTP/1.1" 200 41489 "http://merp.yudo.com.cn:8183/Menu" "Mozilla/5.0 (Linux; Android 10; DVC-AN00 Build/HUAWEIDVC-AN00; wv) AppleWebKit/537.36 (KHTML, like Gecko) Version/4.0 Chrome/78.0.3904.108 Mobile Safari/537.36"
223.104.146.12 - - [19/Oct/2020:10:00:27 +0800] "GET /css/mui.picker.min.css?v=1000 HTTP/1.1" 200 4844 "http://merp.yudo.com.cn:8183/Menu" "Mozilla/5.0 (Linux; Android 10; DVC-AN00 Build/HUAWEIDVC-AN00; wv) AppleWebKit/537.36 (KHTML, like Gecko) Version/4.0 Chrome/78.0.3904.108 Mobile Safari/537.36"
223.104.146.12 - - [19/Oct/2020:10:00:27 +0800] "GET /css/animate.min.css?v=1003 HTTP/1.1" 200 52799 "http://merp.yudo.com.cn:8183/Menu" "Mozilla/5.0 (Linux; Android 10; DVC-AN00 Build/HUAWEIDVC-AN00; wv) AppleWebKit/537.36 (KHTML, like Gecko) Version/4.0 Chrome/78.0.3904.108 Mobile Safari/537.36"
223.104.146.12 - - [19/Oct/2020:10:00:27 +0800] "GET /css/mui.min.css?v=1012 HTTP/1.1" 200 76673 "http://merp.yudo.com.cn:8183/Menu" "Mozilla/5.0 (Linux; Android 10; DVC-AN00 Build/HUAWEIDVC-AN00; wv) AppleWebKit/537.36 (KHTML, like Gecko) Version/4.0 Chrome/78.0.3904.108 Mobile Safari/537.36"
223.104.146.12 - - [19/Oct/2020:10:00:27 +0800] "GET /js/server.js?v=1010 HTTP/1.1" 200 88 "http://merp.yudo.com.cn:8183/Menu" "Mozilla/5.0 (Linux; Android 10; DVC-AN00 Build/HUAWEIDVC-AN00; wv) AppleWebKit/537.36 (KHTML, like Gecko) Version/4.0 Chrome/78.0.3904.108 Mobile Safari/537.36"
117.136.68.188 - - [19/Oct/2020:10:00:26 +0800] "GET /Menu/doMenuRows_prc?formKey=Menu HTTP/1.1" 200 826 "http://merp.yudo.com.cn:8183/Menu" "Mozilla/5.0 (Linux; Android 10; HMA-AL00 Build/HUAWEIHMA-AL00; wv) AppleWebKit/537.36 (KHTML, like Gecko) Version/4.0 Chrome/83.0.4103.106 Mobile Safari/537.36"
117.136.68.188 - - [19/Oct/2020:10:00:27 +0800] "GET /Menu/getVersionInfo HTTP/1.1" 200 394 "http://merp.yudo.com.cn:8183/Menu" "Mozilla/5.0 (Linux; Android 10; HMA-AL00 Build/HUAWEIHMA-AL00; wv) AppleWebKit/537.36 (KHTML, like Gecko) Version/4.0 Chrome/83.0.4103.106 Mobile Safari/537.36"
223.104.146.12 - - [19/Oct/2020:10:00:27 +0800] "GET /js/multiHttp.js?v=1015 HTTP/1.1" 200 48308 "http://merp.yudo.com.cn:8183/Menu" "Mozilla/5.0 (Linux; Android 10; DVC-AN00 Build/HUAWEIDVC-AN00; wv) AppleWebKit/537.36 (KHTML, like Gecko) Version/4.0 Chrome/78.0.3904.108 Mobile Safari/537.36"
117.136.68.188 - - [19/Oct/2020:10:00:26 +0800] "GET /image/yudo-01.png HTTP/1.1" 200 381770 "http://merp.yudo.com.cn:8183/Menu" "Mozilla/5.0 (Linux; Android 10; HMA-AL00 Build/HUAWEIHMA-AL00; wv) AppleWebKit/537.36 (KHTML, like Gecko) Version/4.0 Chrome/83.0.4103.106 Mobile Safari/537.36"
223.104.146.12 - - [19/Oct/2020:10:00:27 +0800] "GET /js/lang.min.js?v=1004 HTTP/1.1" 200 1138 "http://merp.yudo.com.cn:8183/Menu" "Mozilla/5.0 (Linux; Android 10; DVC-AN00 Build/HUAWEIDVC-AN00; wv) AppleWebKit/537.36 (KHTML, like Gecko) Version/4.0 Chrome/78.0.3904.108 Mobile Safari/537.36"
223.104.146.12 - - [19/Oct/2020:10:00:27 +0800] "GET /js/mui.previewimage.js?v=201804261256 HTTP/1.1" 200 13324 "http://merp.yudo.com.cn:8183/Menu" "Mozilla/5.0 (Linux; Android 10; DVC-AN00 Build/HUAWEIDVC-AN00; wv) AppleWebKit/537.36 (KHTML, like Gecko) Version/4.0 Chrome/78.0.3904.108 Mobile Safari/537.36"
223.104.146.12 - - [19/Oct/2020:10:00:27 +0800] "GET /third_party/jquery-2.1.4/jquery.js HTTP/1.1" 200 247606 "http://merp.yudo.com.cn:8183/Menu" "Mozilla/5.0 (Linux; Android 10; DVC-AN00 Build/HUAWEIDVC-AN00; wv) AppleWebKit/537.36 (KHTML, like Gecko) Version/4.0 Chrome/78.0.3904.108 Mobile Safari/537.36"
117.136.68.188 - - [19/Oct/2020:10:00:27 +0800] "GET /Menu/getLoginInfo HTTP/1.1" 200 182 "http://merp.yudo.com.cn:8183/Menu" "Mozilla/5.0 (Linux; Android 10; HMA-AL00 Build/HUAWEIHMA-AL00; wv) AppleWebKit/537.36 (KHTML, like Gecko) Version/4.0 Chrome/83.0.4103.106 Mobile Safari/537.36"
223.104.146.12 - - [19/Oct/2020:10:00:27 +0800] "GET /js/mui.min.js?v=1001 HTTP/1.1" 200 115810 "http://merp.yudo.com.cn:8183/Menu" "Mozilla/5.0 (Linux; Android 10; DVC-AN00 Build/HUAWEIDVC-AN00; wv) AppleWebKit/537.36 (KHTML, like Gecko) Version/4.0 Chrome/78.0.3904.108 Mobile Safari/537.36"
223.104.146.12 - - [19/Oct/2020:10:00:27 +0800] "GET /js/mui.zoom.js?v=201804231454 HTTP/1.1" 200 11703 "http://merp.yudo.com.cn:8183/Menu" "Mozilla/5.0 (Linux; Android 10; DVC-AN00 Build/HUAWEIDVC-AN00; wv) AppleWebKit/537.36 (KHTML, like Gecko) Version/4.0 Chrome/78.0.3904.108 Mobile Safari/537.36"
117.136.68.135 - - [19/Oct/2020:10:00:24 +0800] "GET /WEI_1000/lists_prc?baseDate=20201019&dateItem=0 HTTP/1.1" 200 286409 "http://merp.yudo.com.cn:8183/WEI_1000/WEI_1000?formKey=Menu&menuSelection=sm" "Mozilla/5.0 (Linux; Android 10; HMA-AL00 Build/HUAWEIHMA-AL00; wv) AppleWebKit/537.36 (KHTML, like Gecko) Version/4.0 Chrome/83.0.4103.106 Mobile Safari/537.36"
223.104.146.12 - - [19/Oct/2020:10:00:27 +0800] "GET /js/mui.picker.min.js?v=1002 HTTP/1.1" 200 18411 "http://merp.yudo.com.cn:8183/Menu" "Mozilla/5.0 (Linux; Android 10; DVC-AN00 Build/HUAWEIDVC-AN00; wv) AppleWebKit/537.36 (KHTML, like Gecko) Version/4.0 Chrome/78.0.3904.108 Mobile Safari/537.36"
117.136.68.188 - - [19/Oct/2020:10:00:27 +0800] "GET /favicon.ico HTTP/1.1" 404 1476 "http://merp.yudo.com.cn:8183/Menu" "Mozilla/5.0 (Linux; Android 10; HMA-AL00 Build/HUAWEIHMA-AL00; wv) AppleWebKit/537.36 (KHTML, like Gecko) Version/4.0 Chrome/83.0.4103.106 Mobile Safari/537.36"
223.104.146.12 - - [19/Oct/2020:10:00:27 +0800] "GET /js/fastclick.js HTTP/1.1" 200 25966 "http://merp.yudo.com.cn:8183/Menu" "Mozilla/5.0 (Linux; Android 10; DVC-AN00 Build/HUAWEIDVC-AN00; wv) AppleWebKit/537.36 (KHTML, like Gecko) Version/4.0 Chrome/78.0.3904.108 Mobile Safari/537.36"
223.104.146.12 - - [19/Oct/2020:10:00:27 +0800] "GET /js/JLAMP.min.js HTTP/1.1" 200 1461 "http://merp.yudo.com.cn:8183/Menu" "Mozilla/5.0 (Linux; Android 10; DVC-AN00 Build/HUAWEIDVC-AN00; wv) AppleWebKit/537.36 (KHTML, like Gecko) Version/4.0 Chrome/78.0.3904.108 Mobile Safari/537.36"
223.104.146.12 - - [19/Oct/2020:10:00:27 +0800] "GET /js/JLAMP.common.min.js HTTP/1.1" 200 9705 "http://merp.yudo.com.cn:8183/Menu" "Mozilla/5.0 (Linux; Android 10; DVC-AN00 Build/HUAWEIDVC-AN00; wv) AppleWebKit/537.36 (KHTML, like Gecko) Version/4.0 Chrome/78.0.3904.108 Mobile Safari/537.36"
223.104.146.12 - - [19/Oct/2020:10:00:27 +0800] "GET /js/JLAMP.lang.min.js HTTP/1.1" 200 1750 "http://merp.yudo.com.cn:8183/Menu" "Mozilla/5.0 (Linux; Android 10; DVC-AN00 Build/HUAWEIDVC-AN00; wv) AppleWebKit/537.36 (KHTML, like Gecko) Version/4.0 Chrome/78.0.3904.108 Mobile Safari/537.36"
223.104.146.12 - - [19/Oct/2020:10:00:27 +0800] "GET /js/vue.js HTTP/1.1" 200 289301 "http://merp.yudo.com.cn:8183/Menu" "Mozilla/5.0 (Linux; Android 10; DVC-AN00 Build/HUAWEIDVC-AN00; wv) AppleWebKit/537.36 (KHTML, like Gecko) Version/4.0 Chrome/78.0.3904.108 Mobile Safari/537.36"
223.104.146.12 - - [19/Oct/2020:10:00:27 +0800] "GET /image/fonticon/headDefault.jpg HTTP/1.1" 200 2436 "http://merp.yudo.com.cn:8183/Menu" "Mozilla/5.0 (Linux; Android 10; DVC-AN00 Build/HUAWEIDVC-AN00; wv) AppleWebKit/537.36 (KHTML, like Gecko) Version/4.0 Chrome/78.0.3904.108 Mobile Safari/537.36"
223.104.146.12 - - [19/Oct/2020:10:00:27 +0800] "GET /image/login_logo.png HTTP/1.1" 200 3941 "http://merp.yudo.com.cn:8183/Menu" "Mozilla/5.0 (Linux; Android 10; DVC-AN00 Build/HUAWEIDVC-AN00; wv) AppleWebKit/537.36 (KHTML, like Gecko) Version/4.0 Chrome/78.0.3904.108 Mobile Safari/537.36"
223.104.146.12 - - [19/Oct/2020:10:00:27 +0800] "GET /js/Menu/Menu.js?v=200017 HTTP/1.1" 200 11548 "http://merp.yudo.com.cn:8183/Menu" "Mozilla/5.0 (Linux; Android 10; DVC-AN00 Build/HUAWEIDVC-AN00; wv) AppleWebKit/537.36 (KHTML, like Gecko) Version/4.0 Chrome/78.0.3904.108 Mobile Safari/537.36"
223.104.146.12 - - [19/Oct/2020:10:00:27 +0800] "GET /js/echarts.min.js HTTP/1.1" 200 744675 "http://merp.yudo.com.cn:8183/Menu" "Mozilla/5.0 (Linux; Android 10; DVC-AN00 Build/HUAWEIDVC-AN00; wv) AppleWebKit/537.36 (KHTML, like Gecko) Version/4.0 Chrome/78.0.3904.108 Mobile Safari/537.36"
223.104.146.12 - - [19/Oct/2020:10:00:28 +0800] "GET /image/fonticon/home_icon.png HTTP/1.1" 200 1180 "http://merp.yudo.com.cn:8183/css/yudo-ui.css?v=2016" "Mozilla/5.0 (Linux; Android 10; DVC-AN00 Build/HUAWEIDVC-AN00; wv) AppleWebKit/537.36 (KHTML, like Gecko) Version/4.0 Chrome/78.0.3904.108 Mobile Safari/537.36"
223.104.146.12 - - [19/Oct/2020:10:00:28 +0800] "GET /image/fonticon/switchPass_icon.png HTTP/1.1" 200 1480 "http://merp.yudo.com.cn:8183/css/yudo-ui.css?v=2016" "Mozilla/5.0 (Linux; Android 10; DVC-AN00 Build/HUAWEIDVC-AN00; wv) AppleWebKit/537.36 (KHTML, like Gecko) Version/4.0 Chrome/78.0.3904.108 Mobile Safari/537.36"
223.104.146.12 - - [19/Oct/2020:10:00:28 +0800] "GET /image/fonticon/cleanCache_icon.png HTTP/1.1" 200 951 "http://merp.yudo.com.cn:8183/css/yudo-ui.css?v=2016" "Mozilla/5.0 (Linux; Android 10; DVC-AN00 Build/HUAWEIDVC-AN00; wv) AppleWebKit/537.36 (KHTML, like Gecko) Version/4.0 Chrome/78.0.3904.108 Mobile Safari/537.36"
223.104.146.12 - - [19/Oct/2020:10:00:28 +0800] "GET /image/fonticon/refresh_icon.png HTTP/1.1" 200 2550 "http://merp.yudo.com.cn:8183/css/yudo-ui.css?v=2016" "Mozilla/5.0 (Linux; Android 10; DVC-AN00 Build/HUAWEIDVC-AN00; wv) AppleWebKit/537.36 (KHTML, like Gecko) Version/4.0 Chrome/78.0.3904.108 Mobile Safari/537.36"
223.104.146.12 - - [19/Oct/2020:10:00:28 +0800] "GET /image/fonticon/connectRecord_icon.png HTTP/1.1" 200 1412 "http://merp.yudo.com.cn:8183/css/yudo-ui.css?v=2016" "Mozilla/5.0 (Linux; Android 10; DVC-AN00 Build/HUAWEIDVC-AN00; wv) AppleWebKit/537.36 (KHTML, like Gecko) Version/4.0 Chrome/78.0.3904.108 Mobile Safari/537.36"
223.104.146.12 - - [19/Oct/2020:10:00:28 +0800] "GET /image/fonticon/quit_icon.png HTTP/1.1" 200 1268 "http://merp.yudo.com.cn:8183/css/yudo-ui.css?v=2016" "Mozilla/5.0 (Linux; Android 10; DVC-AN00 Build/HUAWEIDVC-AN00; wv) AppleWebKit/537.36 (KHTML, like Gecko) Version/4.0 Chrome/78.0.3904.108 Mobile Safari/537.36"
223.104.146.12 - - [19/Oct/2020:10:00:28 +0800] "GET /fonts/mui.ttf HTTP/1.1" 200 29884 "http://merp.yudo.com.cn:8183/css/mui.min.css?v=1012" "Mozilla/5.0 (Linux; Android 10; DVC-AN00 Build/HUAWEIDVC-AN00; wv) AppleWebKit/537.36 (KHTML, like Gecko) Version/4.0 Chrome/78.0.3904.108 Mobile Safari/537.36"
223.104.146.12 - - [19/Oct/2020:10:00:28 +0800] "GET /image/fonticon/extend_icon.png HTTP/1.1" 200 731 "http://merp.yudo.com.cn:8183/css/yudo-ui.css?v=2016" "Mozilla/5.0 (Linux; Android 10; DVC-AN00 Build/HUAWEIDVC-AN00; wv) AppleWebKit/537.36 (KHTML, like Gecko) Version/4.0 Chrome/78.0.3904.108 Mobile Safari/537.36"
223.104.146.12 - - [19/Oct/2020:10:00:28 +0800] "GET /language/LANG_CHN.json?beta=7144 HTTP/1.1" 200 32414 "http://merp.yudo.com.cn:8183/Menu" "Mozilla/5.0 (Linux; Android 10; DVC-AN00 Build/HUAWEIDVC-AN00; wv) AppleWebKit/537.36 (KHTML, like Gecko) Version/4.0 Chrome/78.0.3904.108 Mobile Safari/537.36"
223.104.146.12 - - [19/Oct/2020:10:00:28 +0800] "GET /image/fonticon/userMenu_icon.png HTTP/1.1" 200 412 "http://merp.yudo.com.cn:8183/css/yudo-ui.css?v=2016" "Mozilla/5.0 (Linux; Android 10; DVC-AN00 Build/HUAWEIDVC-AN00; wv) AppleWebKit/537.36 (KHTML, like Gecko) Version/4.0 Chrome/78.0.3904.108 Mobile Safari/537.36"
223.104.146.12 - - [19/Oct/2020:10:00:28 +0800] "GET /image/fonticon/dayTotal_icon.png HTTP/1.1" 200 4233 "http://merp.yudo.com.cn:8183/css/yudo-ui.css?v=2016" "Mozilla/5.0 (Linux; Android 10; DVC-AN00 Build/HUAWEIDVC-AN00; wv) AppleWebKit/537.36 (KHTML, like Gecko) Version/4.0 Chrome/78.0.3904.108 Mobile Safari/537.36"
223.104.146.12 - - [19/Oct/2020:10:00:28 +0800] "GET /image/fonticon/loading_icon6.png HTTP/1.1" 200 2555 "http://merp.yudo.com.cn:8183/css/mui.min.css?v=1012" "Mozilla/5.0 (Linux; Android 10; DVC-AN00 Build/HUAWEIDVC-AN00; wv) AppleWebKit/537.36 (KHTML, like Gecko) Version/4.0 Chrome/78.0.3904.108 Mobile Safari/537.36"
223.104.146.12 - - [19/Oct/2020:10:00:28 +0800] "GET /image/yudo-01.png HTTP/1.1" 200 381770 "http://merp.yudo.com.cn:8183/Menu" "Mozilla/5.0 (Linux; Android 10; DVC-AN00 Build/HUAWEIDVC-AN00; wv) AppleWebKit/537.36 (KHTML, like Gecko) Version/4.0 Chrome/78.0.3904.108 Mobile Safari/537.36"
223.104.146.12 - - [19/Oct/2020:10:00:28 +0800] "GET /Menu/doMenuRows_prc?formKey=Menu HTTP/1.1" 200 1582 "http://merp.yudo.com.cn:8183/Menu" "Mozilla/5.0 (Linux; Android 10; DVC-AN00 Build/HUAWEIDVC-AN00; wv) AppleWebKit/537.36 (KHTML, like Gecko) Version/4.0 Chrome/78.0.3904.108 Mobile Safari/537.36"
223.104.146.12 - - [19/Oct/2020:10:00:28 +0800] "GET /Menu/getVersionInfo HTTP/1.1" 200 394 "http://merp.yudo.com.cn:8183/Menu" "Mozilla/5.0 (Linux; Android 10; DVC-AN00 Build/HUAWEIDVC-AN00; wv) AppleWebKit/537.36 (KHTML, like Gecko) Version/4.0 Chrome/78.0.3904.108 Mobile Safari/537.36"
223.104.146.12 - - [19/Oct/2020:10:00:28 +0800] "GET /Menu/getLoginInfo HTTP/1.1" 200 172 "http://merp.yudo.com.cn:8183/Menu" "Mozilla/5.0 (Linux; Android 10; DVC-AN00 Build/HUAWEIDVC-AN00; wv) AppleWebKit/537.36 (KHTML, like Gecko) Version/4.0 Chrome/78.0.3904.108 Mobile Safari/537.36"
223.104.146.12 - - [19/Oct/2020:10:00:28 +0800] "GET /favicon.ico HTTP/1.1" 404 1476 "http://merp.yudo.com.cn:8183/Menu" "Mozilla/5.0 (Linux; Android 10; DVC-AN00 Build/HUAWEIDVC-AN00; wv) AppleWebKit/537.36 (KHTML, like Gecko) Version/4.0 Chrome/78.0.3904.108 Mobile Safari/537.36"
117.136.68.188 - - [19/Oct/2020:10:00:28 +0800] "GET /WEI_0100/WEI_0100?formKey=Menu&menuSelection=mi HTTP/1.1" 200 14458 "http://merp.yudo.com.cn:8183/Menu" "Mozilla/5.0 (Linux; Android 10; HMA-AL00 Build/HUAWEIHMA-AL00; wv) AppleWebKit/537.36 (KHTML, like Gecko) Version/4.0 Chrome/83.0.4103.106 Mobile Safari/537.36"
117.136.68.188 - - [19/Oct/2020:10:00:29 +0800] "GET /image/fonticon/backMenu_icon.png HTTP/1.1" 200 1449 "http://merp.yudo.com.cn:8183/css/yudo-ui.css?v=2016" "Mozilla/5.0 (Linux; Android 10; HMA-AL00 Build/HUAWEIHMA-AL00; wv) AppleWebKit/537.36 (KHTML, like Gecko) Version/4.0 Chrome/83.0.4103.106 Mobile Safari/537.36"
117.136.68.188 - - [19/Oct/2020:10:00:29 +0800] "GET /image/fonticon/date_icon.png HTTP/1.1" 200 1883 "http://merp.yudo.com.cn:8183/css/yudo-ui.css?v=2016" "Mozilla/5.0 (Linux; Android 10; HMA-AL00 Build/HUAWEIHMA-AL00; wv) AppleWebKit/537.36 (KHTML, like Gecko) Version/4.0 Chrome/83.0.4103.106 Mobile Safari/537.36"
