::1 - - [19/Jun/2019:18:27:48 +0800] "OPTIONS * HTTP/1.0" 200 - "-" "Apache/2.4.6 (CentOS) PHP/5.6.32 (internal dummy connection)"
112.17.247.132 - - [19/Jun/2019:18:27:49 +0800] "GET /image/fonticon/dayTotal_icon.png HTTP/1.1" 200 4233 "http://merp.yudo.com.cn:8183/Menu/Menu/menuLists?formKey=undefined&menuSelection=undefined" "Mozilla/5.0 (iPhone; CPU iPhone OS 11_4_1 like Mac OS X) AppleWebKit/605.1.15 (KHTML, like Gecko) Mobile/15G77JLAMPMode:iPhone"
::1 - - [19/Jun/2019:18:27:49 +0800] "OPTIONS * HTTP/1.0" 200 - "-" "Apache/2.4.6 (CentOS) PHP/5.6.32 (internal dummy connection)"
::1 - - [19/Jun/2019:18:27:50 +0800] "OPTIONS * HTTP/1.0" 200 - "-" "Apache/2.4.6 (CentOS) PHP/5.6.32 (internal dummy connection)"
112.17.247.132 - - [19/Jun/2019:18:27:50 +0800] "GET /image/fonticon/sales_icon.png HTTP/1.1" 200 5931 "http://merp.yudo.com.cn:8183/Menu/Menu/menuLists?formKey=undefined&menuSelection=undefined" "Mozilla/5.0 (iPhone; CPU iPhone OS 11_4_1 like Mac OS X) AppleWebKit/605.1.15 (KHTML, like Gecko) Mobile/15G77JLAMPMode:iPhone"
112.17.247.132 - - [19/Jun/2019:18:27:51 +0800] "GET /image/fonticon/noCompelet_icon.png HTTP/1.1" 200 6474 "http://merp.yudo.com.cn:8183/Menu/Menu/menuLists?formKey=undefined&menuSelection=undefined" "Mozilla/5.0 (iPhone; CPU iPhone OS 11_4_1 like Mac OS X) AppleWebKit/605.1.15 (KHTML, like Gecko) Mobile/15G77JLAMPMode:iPhone"
192.168.253.2 - - [19/Jun/2019:18:27:49 +0800] "GET /WEI_1400/lists_prc?gubun=M&baseDate=2019-06-19&dbChoose=SZ HTTP/1.1" 200 35276 "http://merp.yudo.com.cn:8183/WEI_0100/WEI_0100?formKey=Menu&menuSelection=mi" "Mozilla/5.0 (iPhone; CPU iPhone OS 12_3_1 like Mac OS X) AppleWebKit/605.1.15 (KHTML, like Gecko) Mobile/15E148JLAMPMode:iPhone"
::1 - - [19/Jun/2019:18:27:51 +0800] "OPTIONS * HTTP/1.0" 200 - "-" "Apache/2.4.6 (CentOS) PHP/5.6.32 (internal dummy connection)"
::1 - - [19/Jun/2019:18:27:52 +0800] "OPTIONS * HTTP/1.0" 200 - "-" "Apache/2.4.6 (CentOS) PHP/5.6.32 (internal dummy connection)"
112.17.247.132 - - [19/Jun/2019:18:27:52 +0800] "GET /WEI_1000/WEI_1000?formKey=Menu&menuSelection=sm HTTP/1.1" 200 21958 "http://merp.yudo.com.cn:8183/Menu/Menu/menuLists?formKey=undefined&menuSelection=undefined" "Mozilla/5.0 (iPhone; CPU iPhone OS 11_4_1 like Mac OS X) AppleWebKit/605.1.15 (KHTML, like Gecko) Mobile/15G77JLAMPMode:iPhone"
112.17.247.132 - - [19/Jun/2019:18:27:53 +0800] "GET /js/mui.picker.min.js?v=1001 HTTP/1.1" 304 - "http://merp.yudo.com.cn:8183/WEI_1000/WEI_1000?formKey=Menu&menuSelection=sm" "Mozilla/5.0 (iPhone; CPU iPhone OS 11_4_1 like Mac OS X) AppleWebKit/605.1.15 (KHTML, like Gecko) Mobile/15G77JLAMPMode:iPhone"
112.17.247.132 - - [19/Jun/2019:18:27:53 +0800] "GET /css/yudo-ui.css?v=1066 HTTP/1.1" 200 40340 "http://merp.yudo.com.cn:8183/WEI_1000/WEI_1000?formKey=Menu&menuSelection=sm" "Mozilla/5.0 (iPhone; CPU iPhone OS 11_4_1 like Mac OS X) AppleWebKit/605.1.15 (KHTML, like Gecko) Mobile/15G77JLAMPMode:iPhone"
112.17.247.132 - - [19/Jun/2019:18:27:53 +0800] "GET /js/multiHttp.js?v=1001 HTTP/1.1" 200 20183 "http://merp.yudo.com.cn:8183/WEI_1000/WEI_1000?formKey=Menu&menuSelection=sm" "Mozilla/5.0 (iPhone; CPU iPhone OS 11_4_1 like Mac OS X) AppleWebKit/605.1.15 (KHTML, like Gecko) Mobile/15G77JLAMPMode:iPhone"
112.17.247.132 - - [19/Jun/2019:18:27:53 +0800] "GET /js/lang.min.js?v=1001 HTTP/1.1" 200 1138 "http://merp.yudo.com.cn:8183/WEI_1000/WEI_1000?formKey=Menu&menuSelection=sm" "Mozilla/5.0 (iPhone; CPU iPhone OS 11_4_1 like Mac OS X) AppleWebKit/605.1.15 (KHTML, like Gecko) Mobile/15G77JLAMPMode:iPhone"
112.17.247.132 - - [19/Jun/2019:18:27:53 +0800] "GET /css/mui.min.css?v=1008 HTTP/1.1" 304 - "http://merp.yudo.com.cn:8183/WEI_1000/WEI_1000?formKey=Menu&menuSelection=sm" "Mozilla/5.0 (iPhone; CPU iPhone OS 11_4_1 like Mac OS X) AppleWebKit/605.1.15 (KHTML, like Gecko) Mobile/15G77JLAMPMode:iPhone"
112.17.247.132 - - [19/Jun/2019:18:27:53 +0800] "GET /css/mui.picker.min.css HTTP/1.1" 304 - "http://merp.yudo.com.cn:8183/WEI_1000/WEI_1000?formKey=Menu&menuSelection=sm" "Mozilla/5.0 (iPhone; CPU iPhone OS 11_4_1 like Mac OS X) AppleWebKit/605.1.15 (KHTML, like Gecko) Mobile/15G77JLAMPMode:iPhone"
112.17.247.132 - - [19/Jun/2019:18:27:53 +0800] "GET /js/JLAMP.polyfill.min.js HTTP/1.1" 304 - "http://merp.yudo.com.cn:8183/WEI_1000/WEI_1000?formKey=Menu&menuSelection=sm" "Mozilla/5.0 (iPhone; CPU iPhone OS 11_4_1 like Mac OS X) AppleWebKit/605.1.15 (KHTML, like Gecko) Mobile/15G77JLAMPMode:iPhone"
112.17.247.132 - - [19/Jun/2019:18:27:53 +0800] "GET /js/JLAMP.menu.min.js HTTP/1.1" 304 - "http://merp.yudo.com.cn:8183/WEI_1000/WEI_1000?formKey=Menu&menuSelection=sm" "Mozilla/5.0 (iPhone; CPU iPhone OS 11_4_1 like Mac OS X) AppleWebKit/605.1.15 (KHTML, like Gecko) Mobile/15G77JLAMPMode:iPhone"
112.17.247.132 - - [19/Jun/2019:18:27:53 +0800] "GET /js/JLAMP.autobinding.min.js HTTP/1.1" 304 - "http://merp.yudo.com.cn:8183/WEI_1000/WEI_1000?formKey=Menu&menuSelection=sm" "Mozilla/5.0 (iPhone; CPU iPhone OS 11_4_1 like Mac OS X) AppleWebKit/605.1.15 (KHTML, like Gecko) Mobile/15G77JLAMPMode:iPhone"
112.17.247.132 - - [19/Jun/2019:18:27:53 +0800] "GET /js/JLAMP.modal.min.js HTTP/1.1" 304 - "http://merp.yudo.com.cn:8183/WEI_1000/WEI_1000?formKey=Menu&menuSelection=sm" "Mozilla/5.0 (iPhone; CPU iPhone OS 11_4_1 like Mac OS X) AppleWebKit/605.1.15 (KHTML, like Gecko) Mobile/15G77JLAMPMode:iPhone"
112.17.247.132 - - [19/Jun/2019:18:27:53 +0800] "GET /js/session.js HTTP/1.1" 304 - "http://merp.yudo.com.cn:8183/WEI_1000/WEI_1000?formKey=Menu&menuSelection=sm" "Mozilla/5.0 (iPhone; CPU iPhone OS 11_4_1 like Mac OS X) AppleWebKit/605.1.15 (KHTML, like Gecko) Mobile/15G77JLAMPMode:iPhone"
112.17.247.132 - - [19/Jun/2019:18:27:53 +0800] "GET /js/version.js?v=20180920001 HTTP/1.1" 304 - "http://merp.yudo.com.cn:8183/WEI_1000/WEI_1000?formKey=Menu&menuSelection=sm" "Mozilla/5.0 (iPhone; CPU iPhone OS 11_4_1 like Mac OS X) AppleWebKit/605.1.15 (KHTML, like Gecko) Mobile/15G77JLAMPMode:iPhone"
112.17.247.132 - - [19/Jun/2019:18:27:53 +0800] "GET /js/common.js HTTP/1.1" 304 - "http://merp.yudo.com.cn:8183/WEI_1000/WEI_1000?formKey=Menu&menuSelection=sm" "Mozilla/5.0 (iPhone; CPU iPhone OS 11_4_1 like Mac OS X) AppleWebKit/605.1.15 (KHTML, like Gecko) Mobile/15G77JLAMPMode:iPhone"
112.17.247.132 - - [19/Jun/2019:18:27:53 +0800] "GET /js/GNB.js HTTP/1.1" 304 - "http://merp.yudo.com.cn:8183/WEI_1000/WEI_1000?formKey=Menu&menuSelection=sm" "Mozilla/5.0 (iPhone; CPU iPhone OS 11_4_1 like Mac OS X) AppleWebKit/605.1.15 (KHTML, like Gecko) Mobile/15G77JLAMPMode:iPhone"
112.17.247.132 - - [19/Jun/2019:18:27:53 +0800] "GET /js/WEI_1000/WEI_1000_Lists.js?v=1176 HTTP/1.1" 304 - "http://merp.yudo.com.cn:8183/WEI_1000/WEI_1000?formKey=Menu&menuSelection=sm" "Mozilla/5.0 (iPhone; CPU iPhone OS 11_4_1 like Mac OS X) AppleWebKit/605.1.15 (KHTML, like Gecko) Mobile/15G77JLAMPMode:iPhone"
112.17.247.132 - - [19/Jun/2019:18:27:53 +0800] "GET /image/fonticon/backMenu_icon.png HTTP/1.1" 304 - "http://merp.yudo.com.cn:8183/WEI_1000/WEI_1000?formKey=Menu&menuSelection=sm" "Mozilla/5.0 (iPhone; CPU iPhone OS 11_4_1 like Mac OS X) AppleWebKit/605.1.15 (KHTML, like Gecko) Mobile/15G77JLAMPMode:iPhone"
112.17.247.132 - - [19/Jun/2019:18:27:53 +0800] "GET /image/fonticon/extend_icon.png HTTP/1.1" 304 - "http://merp.yudo.com.cn:8183/WEI_1000/WEI_1000?formKey=Menu&menuSelection=sm" "Mozilla/5.0 (iPhone; CPU iPhone OS 11_4_1 like Mac OS X) AppleWebKit/605.1.15 (KHTML, like Gecko) Mobile/15G77JLAMPMode:iPhone"
112.17.247.132 - - [19/Jun/2019:18:27:53 +0800] "GET /image/fonticon/date_icon.png HTTP/1.1" 304 - "http://merp.yudo.com.cn:8183/WEI_1000/WEI_1000?formKey=Menu&menuSelection=sm" "Mozilla/5.0 (iPhone; CPU iPhone OS 11_4_1 like Mac OS X) AppleWebKit/605.1.15 (KHTML, like Gecko) Mobile/15G77JLAMPMode:iPhone"
::1 - - [19/Jun/2019:18:27:53 +0800] "OPTIONS * HTTP/1.0" 200 - "-" "Apache/2.4.6 (CentOS) PHP/5.6.32 (internal dummy connection)"
112.17.247.132 - - [19/Jun/2019:18:27:53 +0800] "POST /JLAMPCommon/langBatchRows_prc HTTP/1.1" 200 783 "http://merp.yudo.com.cn:8183/WEI_1000/WEI_1000?formKey=Menu&menuSelection=sm" "Mozilla/5.0 (iPhone; CPU iPhone OS 11_4_1 like Mac OS X) AppleWebKit/605.1.15 (KHTML, like Gecko) Mobile/15G77JLAMPMode:iPhone"
112.17.247.132 - - [19/Jun/2019:18:27:54 +0800] "GET /JLAMPCommon/getCookieJson_prc HTTP/1.1" 200 933 "http://merp.yudo.com.cn:8183/WEI_1000/WEI_1000?formKey=Menu&menuSelection=sm" "Mozilla/5.0 (iPhone; CPU iPhone OS 11_4_1 like Mac OS X) AppleWebKit/605.1.15 (KHTML, like Gecko) Mobile/15G77JLAMPMode:iPhone"
112.17.247.132 - - [19/Jun/2019:18:27:54 +0800] "GET /image/fonticon/back_icon2.png HTTP/1.1" 304 - "http://merp.yudo.com.cn:8183/WEI_1000/WEI_1000?formKey=Menu&menuSelection=sm" "Mozilla/5.0 (iPhone; CPU iPhone OS 11_4_1 like Mac OS X) AppleWebKit/605.1.15 (KHTML, like Gecko) Mobile/15G77JLAMPMode:iPhone"
112.17.247.132 - - [19/Jun/2019:18:27:54 +0800] "GET /image/fonticon/tubiao_icon2.png HTTP/1.1" 200 4944 "http://merp.yudo.com.cn:8183/WEI_1000/WEI_1000?formKey=Menu&menuSelection=sm" "Mozilla/5.0 (iPhone; CPU iPhone OS 11_4_1 like Mac OS X) AppleWebKit/605.1.15 (KHTML, like Gecko) Mobile/15G77JLAMPMode:iPhone"
112.17.247.132 - - [19/Jun/2019:18:27:54 +0800] "POST /JLAMPCommon/langBatchRows_prc HTTP/1.1" 200 14601 "http://merp.yudo.com.cn:8183/WEI_1000/WEI_1000?formKey=Menu&menuSelection=sm" "Mozilla/5.0 (iPhone; CPU iPhone OS 11_4_1 like Mac OS X) AppleWebKit/605.1.15 (KHTML, like Gecko) Mobile/15G77JLAMPMode:iPhone"
::1 - - [19/Jun/2019:18:27:55 +0800] "OPTIONS * HTTP/1.0" 200 - "-" "Apache/2.4.6 (CentOS) PHP/5.6.32 (internal dummy connection)"
::1 - - [19/Jun/2019:18:27:56 +0800] "OPTIONS * HTTP/1.0" 200 - "-" "Apache/2.4.6 (CentOS) PHP/5.6.32 (internal dummy connection)"
::1 - - [19/Jun/2019:18:27:57 +0800] "OPTIONS * HTTP/1.0" 200 - "-" "Apache/2.4.6 (CentOS) PHP/5.6.32 (internal dummy connection)"
::1 - - [19/Jun/2019:18:27:58 +0800] "OPTIONS * HTTP/1.0" 200 - "-" "Apache/2.4.6 (CentOS) PHP/5.6.32 (internal dummy connection)"
192.168.253.2 - - [19/Jun/2019:18:27:57 +0800] "GET /WEI_1400/lists_prc?gubun=M&baseDate=2019-06-19&dbChoose=GD HTTP/1.1" 200 14714 "http://merp.yudo.com.cn:8183/WEI_0100/WEI_0100?formKey=Menu&menuSelection=mi" "Mozilla/5.0 (iPhone; CPU iPhone OS 12_3_1 like Mac OS X) AppleWebKit/605.1.15 (KHTML, like Gecko) Mobile/15E148JLAMPMode:iPhone"
::1 - - [19/Jun/2019:18:27:59 +0800] "OPTIONS * HTTP/1.0" 200 - "-" "Apache/2.4.6 (CentOS) PHP/5.6.32 (internal dummy connection)"
::1 - - [19/Jun/2019:18:28:00 +0800] "OPTIONS * HTTP/1.0" 200 - "-" "Apache/2.4.6 (CentOS) PHP/5.6.32 (internal dummy connection)"
223.104.148.63 - - [19/Jun/2019:18:28:00 +0800] "GET /image/fonticon/noCompelet_icon.png HTTP/1.1" 200 6474 "http://merp.yudo.com.cn:8183/css/yudo-ui.css?v=2001" "Mozilla/5.0 (Linux; Android 9; HMA-AL00 Build/HUAWEIHMA-AL00; wv) AppleWebKit/537.36 (KHTML, like Gecko) Version/4.0 Chrome/70.0.3538.110 Mobile Safari/537.36"
223.104.148.63 - - [19/Jun/2019:18:28:00 +0800] "GET /image/fonticon/sales_icon.png HTTP/1.1" 200 5931 "http://merp.yudo.com.cn:8183/css/yudo-ui.css?v=2001" "Mozilla/5.0 (Linux; Android 9; HMA-AL00 Build/HUAWEIHMA-AL00; wv) AppleWebKit/537.36 (KHTML, like Gecko) Version/4.0 Chrome/70.0.3538.110 Mobile Safari/537.36"
112.17.247.132 - - [19/Jun/2019:18:28:03 +0800] "GET /Menu/Menu/menuLists?formKey=undefined&menuSelection=undefined HTTP/1.1" 200 12157 "http://merp.yudo.com.cn:8183/WEI_1000/WEI_1000?formKey=Menu&menuSelection=sm" "Mozilla/5.0 (iPhone; CPU iPhone OS 11_4_1 like Mac OS X) AppleWebKit/605.1.15 (KHTML, like Gecko) Mobile/15G77JLAMPMode:iPhone"
112.17.247.132 - - [19/Jun/2019:18:28:04 +0800] "GET /image/fonticon/refresh_icon.png HTTP/1.1" 304 - "http://merp.yudo.com.cn:8183/Menu/Menu/menuLists?formKey=undefined&menuSelection=undefined" "Mozilla/5.0 (iPhone; CPU iPhone OS 11_4_1 like Mac OS X) AppleWebKit/605.1.15 (KHTML, like Gecko) Mobile/15G77JLAMPMode:iPhone"
112.17.247.132 - - [19/Jun/2019:18:28:04 +0800] "GET /image/fonticon/home_icon.png HTTP/1.1" 304 - "http://merp.yudo.com.cn:8183/Menu/Menu/menuLists?formKey=undefined&menuSelection=undefined" "Mozilla/5.0 (iPhone; CPU iPhone OS 11_4_1 like Mac OS X) AppleWebKit/605.1.15 (KHTML, like Gecko) Mobile/15G77JLAMPMode:iPhone"
112.17.247.132 - - [19/Jun/2019:18:28:04 +0800] "GET /image/fonticon/quit_icon.png HTTP/1.1" 304 - "http://merp.yudo.com.cn:8183/Menu/Menu/menuLists?formKey=undefined&menuSelection=undefined" "Mozilla/5.0 (iPhone; CPU iPhone OS 11_4_1 like Mac OS X) AppleWebKit/605.1.15 (KHTML, like Gecko) Mobile/15G77JLAMPMode:iPhone"
112.17.247.132 - - [19/Jun/2019:18:28:04 +0800] "GET /image/fonticon/switchPass_icon.png HTTP/1.1" 304 - "http://merp.yudo.com.cn:8183/Menu/Menu/menuLists?formKey=undefined&menuSelection=undefined" "Mozilla/5.0 (iPhone; CPU iPhone OS 11_4_1 like Mac OS X) AppleWebKit/605.1.15 (KHTML, like Gecko) Mobile/15G77JLAMPMode:iPhone"
112.17.247.132 - - [19/Jun/2019:18:28:04 +0800] "GET /image/fonticon/userMenu_icon.png HTTP/1.1" 304 - "http://merp.yudo.com.cn:8183/Menu/Menu/menuLists?formKey=undefined&menuSelection=undefined" "Mozilla/5.0 (iPhone; CPU iPhone OS 11_4_1 like Mac OS X) AppleWebKit/605.1.15 (KHTML, like Gecko) Mobile/15G77JLAMPMode:iPhone"
112.17.247.132 - - [19/Jun/2019:18:28:04 +0800] "GET /language/LANG_CHN.json HTTP/1.1" 304 - "http://merp.yudo.com.cn:8183/Menu/Menu/menuLists?formKey=undefined&menuSelection=undefined" "Mozilla/5.0 (iPhone; CPU iPhone OS 11_4_1 like Mac OS X) AppleWebKit/605.1.15 (KHTML, like Gecko) Mobile/15G77JLAMPMode:iPhone"
112.17.247.132 - - [19/Jun/2019:18:28:04 +0800] "GET /Menu/doMenuRows_prc?formKey=Menu HTTP/1.1" 200 826 "http://merp.yudo.com.cn:8183/Menu/Menu/menuLists?formKey=undefined&menuSelection=undefined" "Mozilla/5.0 (iPhone; CPU iPhone OS 11_4_1 like Mac OS X) AppleWebKit/605.1.15 (KHTML, like Gecko) Mobile/15G77JLAMPMode:iPhone"
112.17.247.132 - - [19/Jun/2019:18:28:04 +0800] "GET /Menu/getVersionInfo HTTP/1.1" 200 372 "http://merp.yudo.com.cn:8183/Menu/Menu/menuLists?formKey=undefined&menuSelection=undefined" "Mozilla/5.0 (iPhone; CPU iPhone OS 11_4_1 like Mac OS X) AppleWebKit/605.1.15 (KHTML, like Gecko) Mobile/15G77JLAMPMode:iPhone"
112.17.247.132 - - [19/Jun/2019:18:28:04 +0800] "GET /Menu/getLoginInfo HTTP/1.1" 200 182 "http://merp.yudo.com.cn:8183/Menu/Menu/menuLists?formKey=undefined&menuSelection=undefined" "Mozilla/5.0 (iPhone; CPU iPhone OS 11_4_1 like Mac OS X) AppleWebKit/605.1.15 (KHTML, like Gecko) Mobile/15G77JLAMPMode:iPhone"
::1 - - [19/Jun/2019:18:28:07 +0800] "OPTIONS * HTTP/1.0" 200 - "-" "Apache/2.4.6 (CentOS) PHP/5.6.32 (internal dummy connection)"
192.168.253.2 - - [19/Jun/2019:18:28:07 +0800] "GET /WEI_1400/lists_prc?gubun=M&baseDate=2019-06-19&dbChoose=QD HTTP/1.1" 200 9165 "http://merp.yudo.com.cn:8183/WEI_0100/WEI_0100?formKey=Menu&menuSelection=mi" "Mozilla/5.0 (iPhone; CPU iPhone OS 12_3_1 like Mac OS X) AppleWebKit/605.1.15 (KHTML, like Gecko) Mobile/15E148JLAMPMode:iPhone"
::1 - - [19/Jun/2019:18:28:08 +0800] "OPTIONS * HTTP/1.0" 200 - "-" "Apache/2.4.6 (CentOS) PHP/5.6.32 (internal dummy connection)"
223.104.148.63 - - [19/Jun/2019:18:28:12 +0800] "GET /WEI_1000/WEI_1000?formKey=Menu&menuSelection=sm HTTP/1.1" 200 21958 "http://merp.yudo.com.cn:8183/Menu" "Mozilla/5.0 (Linux; Android 9; HMA-AL00 Build/HUAWEIHMA-AL00; wv) AppleWebKit/537.36 (KHTML, like Gecko) Version/4.0 Chrome/70.0.3538.110 Mobile Safari/537.36"
223.104.148.63 - - [19/Jun/2019:18:28:12 +0800] "GET /css/yudo-ui.css?v=1066 HTTP/1.1" 200 40340 "http://merp.yudo.com.cn:8183/WEI_1000/WEI_1000?formKey=Menu&menuSelection=sm" "Mozilla/5.0 (Linux; Android 9; HMA-AL00 Build/HUAWEIHMA-AL00; wv) AppleWebKit/537.36 (KHTML, like Gecko) Version/4.0 Chrome/70.0.3538.110 Mobile Safari/537.36"
223.104.148.63 - - [19/Jun/2019:18:28:13 +0800] "GET /css/mui.picker.min.css HTTP/1.1" 200 4844 "http://merp.yudo.com.cn:8183/WEI_1000/WEI_1000?formKey=Menu&menuSelection=sm" "Mozilla/5.0 (Linux; Android 9; HMA-AL00 Build/HUAWEIHMA-AL00; wv) AppleWebKit/537.36 (KHTML, like Gecko) Version/4.0 Chrome/70.0.3538.110 Mobile Safari/537.36"
223.104.148.63 - - [19/Jun/2019:18:28:13 +0800] "GET /js/multiHttp.js?v=1001 HTTP/1.1" 200 20183 "http://merp.yudo.com.cn:8183/WEI_1000/WEI_1000?formKey=Menu&menuSelection=sm" "Mozilla/5.0 (Linux; Android 9; HMA-AL00 Build/HUAWEIHMA-AL00; wv) AppleWebKit/537.36 (KHTML, like Gecko) Version/4.0 Chrome/70.0.3538.110 Mobile Safari/537.36"
223.104.148.63 - - [19/Jun/2019:18:28:13 +0800] "GET /js/lang.min.js?v=1001 HTTP/1.1" 200 1138 "http://merp.yudo.com.cn:8183/WEI_1000/WEI_1000?formKey=Menu&menuSelection=sm" "Mozilla/5.0 (Linux; Android 9; HMA-AL00 Build/HUAWEIHMA-AL00; wv) AppleWebKit/537.36 (KHTML, like Gecko) Version/4.0 Chrome/70.0.3538.110 Mobile Safari/537.36"
223.104.148.63 - - [19/Jun/2019:18:28:12 +0800] "GET /css/mui.min.css?v=1008 HTTP/1.1" 200 76616 "http://merp.yudo.com.cn:8183/WEI_1000/WEI_1000?formKey=Menu&menuSelection=sm" "Mozilla/5.0 (Linux; Android 9; HMA-AL00 Build/HUAWEIHMA-AL00; wv) AppleWebKit/537.36 (KHTML, like Gecko) Version/4.0 Chrome/70.0.3538.110 Mobile Safari/537.36"
223.104.148.63 - - [19/Jun/2019:18:28:13 +0800] "GET /css/animate.min.css HTTP/1.1" 200 52799 "http://merp.yudo.com.cn:8183/WEI_1000/WEI_1000?formKey=Menu&menuSelection=sm" "Mozilla/5.0 (Linux; Android 9; HMA-AL00 Build/HUAWEIHMA-AL00; wv) AppleWebKit/537.36 (KHTML, like Gecko) Version/4.0 Chrome/70.0.3538.110 Mobile Safari/537.36"
223.104.148.63 - - [19/Jun/2019:18:28:13 +0800] "GET /js/mui.picker.min.js?v=1001 HTTP/1.1" 200 18411 "http://merp.yudo.com.cn:8183/WEI_1000/WEI_1000?formKey=Menu&menuSelection=sm" "Mozilla/5.0 (Linux; Android 9; HMA-AL00 Build/HUAWEIHMA-AL00; wv) AppleWebKit/537.36 (KHTML, like Gecko) Version/4.0 Chrome/70.0.3538.110 Mobile Safari/537.36"
223.104.148.63 - - [19/Jun/2019:18:28:13 +0800] "GET /js/JLAMP.polyfill.min.js HTTP/1.1" 200 361 "http://merp.yudo.com.cn:8183/WEI_1000/WEI_1000?formKey=Menu&menuSelection=sm" "Mozilla/5.0 (Linux; Android 9; HMA-AL00 Build/HUAWEIHMA-AL00; wv) AppleWebKit/537.36 (KHTML, like Gecko) Version/4.0 Chrome/70.0.3538.110 Mobile Safari/537.36"
223.104.148.63 - - [19/Jun/2019:18:28:13 +0800] "GET /js/JLAMP.menu.min.js HTTP/1.1" 200 6519 "http://merp.yudo.com.cn:8183/WEI_1000/WEI_1000?formKey=Menu&menuSelection=sm" "Mozilla/5.0 (Linux; Android 9; HMA-AL00 Build/HUAWEIHMA-AL00; wv) AppleWebKit/537.36 (KHTML, like Gecko) Version/4.0 Chrome/70.0.3538.110 Mobile Safari/537.36"
223.104.148.63 - - [19/Jun/2019:18:28:13 +0800] "GET /js/JLAMP.autobinding.min.js HTTP/1.1" 200 8816 "http://merp.yudo.com.cn:8183/WEI_1000/WEI_1000?formKey=Menu&menuSelection=sm" "Mozilla/5.0 (Linux; Android 9; HMA-AL00 Build/HUAWEIHMA-AL00; wv) AppleWebKit/537.36 (KHTML, like Gecko) Version/4.0 Chrome/70.0.3538.110 Mobile Safari/537.36"
223.104.148.63 - - [19/Jun/2019:18:28:13 +0800] "GET /js/session.js HTTP/1.1" 200 638 "http://merp.yudo.com.cn:8183/WEI_1000/WEI_1000?formKey=Menu&menuSelection=sm" "Mozilla/5.0 (Linux; Android 9; HMA-AL00 Build/HUAWEIHMA-AL00; wv) AppleWebKit/537.36 (KHTML, like Gecko) Version/4.0 Chrome/70.0.3538.110 Mobile Safari/537.36"
223.104.148.63 - - [19/Jun/2019:18:28:13 +0800] "GET /js/version.js?v=20180920001 HTTP/1.1" 200 2607 "http://merp.yudo.com.cn:8183/WEI_1000/WEI_1000?formKey=Menu&menuSelection=sm" "Mozilla/5.0 (Linux; Android 9; HMA-AL00 Build/HUAWEIHMA-AL00; wv) AppleWebKit/537.36 (KHTML, like Gecko) Version/4.0 Chrome/70.0.3538.110 Mobile Safari/537.36"
223.104.148.63 - - [19/Jun/2019:18:28:13 +0800] "GET /js/common.js HTTP/1.1" 200 11633 "http://merp.yudo.com.cn:8183/WEI_1000/WEI_1000?formKey=Menu&menuSelection=sm" "Mozilla/5.0 (Linux; Android 9; HMA-AL00 Build/HUAWEIHMA-AL00; wv) AppleWebKit/537.36 (KHTML, like Gecko) Version/4.0 Chrome/70.0.3538.110 Mobile Safari/537.36"
223.104.148.63 - - [19/Jun/2019:18:28:13 +0800] "GET /js/JLAMP.modal.min.js HTTP/1.1" 200 16516 "http://merp.yudo.com.cn:8183/WEI_1000/WEI_1000?formKey=Menu&menuSelection=sm" "Mozilla/5.0 (Linux; Android 9; HMA-AL00 Build/HUAWEIHMA-AL00; wv) AppleWebKit/537.36 (KHTML, like Gecko) Version/4.0 Chrome/70.0.3538.110 Mobile Safari/537.36"
223.104.148.63 - - [19/Jun/2019:18:28:13 +0800] "GET /js/GNB.js HTTP/1.1" 200 2176 "http://merp.yudo.com.cn:8183/WEI_1000/WEI_1000?formKey=Menu&menuSelection=sm" "Mozilla/5.0 (Linux; Android 9; HMA-AL00 Build/HUAWEIHMA-AL00; wv) AppleWebKit/537.36 (KHTML, like Gecko) Version/4.0 Chrome/70.0.3538.110 Mobile Safari/537.36"
223.104.148.63 - - [19/Jun/2019:18:28:13 +0800] "GET /js/WEI_1000/WEI_1000_Lists.js?v=1176 HTTP/1.1" 200 36278 "http://merp.yudo.com.cn:8183/WEI_1000/WEI_1000?formKey=Menu&menuSelection=sm" "Mozilla/5.0 (Linux; Android 9; HMA-AL00 Build/HUAWEIHMA-AL00; wv) AppleWebKit/537.36 (KHTML, like Gecko) Version/4.0 Chrome/70.0.3538.110 Mobile Safari/537.36"
223.104.148.63 - - [19/Jun/2019:18:28:13 +0800] "GET /image/fonticon/extend_icon.png HTTP/1.1" 200 731 "http://merp.yudo.com.cn:8183/css/yudo-ui.css?v=1066" "Mozilla/5.0 (Linux; Android 9; HMA-AL00 Build/HUAWEIHMA-AL00; wv) AppleWebKit/537.36 (KHTML, like Gecko) Version/4.0 Chrome/70.0.3538.110 Mobile Safari/537.36"
223.104.148.63 - - [19/Jun/2019:18:28:13 +0800] "GET /image/fonticon/back_icon2.png HTTP/1.1" 200 1066 "http://merp.yudo.com.cn:8183/css/yudo-ui.css?v=1066" "Mozilla/5.0 (Linux; Android 9; HMA-AL00 Build/HUAWEIHMA-AL00; wv) AppleWebKit/537.36 (KHTML, like Gecko) Version/4.0 Chrome/70.0.3538.110 Mobile Safari/537.36"
223.104.148.63 - - [19/Jun/2019:18:28:13 +0800] "GET /image/fonticon/tubiao_icon2.png HTTP/1.1" 200 4944 "http://merp.yudo.com.cn:8183/css/yudo-ui.css?v=1066" "Mozilla/5.0 (Linux; Android 9; HMA-AL00 Build/HUAWEIHMA-AL00; wv) AppleWebKit/537.36 (KHTML, like Gecko) Version/4.0 Chrome/70.0.3538.110 Mobile Safari/537.36"
223.104.148.63 - - [19/Jun/2019:18:28:13 +0800] "GET /image/fonticon/date_icon.png HTTP/1.1" 200 1883 "http://merp.yudo.com.cn:8183/css/yudo-ui.css?v=1066" "Mozilla/5.0 (Linux; Android 9; HMA-AL00 Build/HUAWEIHMA-AL00; wv) AppleWebKit/537.36 (KHTML, like Gecko) Version/4.0 Chrome/70.0.3538.110 Mobile Safari/537.36"
223.104.148.63 - - [19/Jun/2019:18:28:13 +0800] "GET /image/fonticon/backMenu_icon.png HTTP/1.1" 200 1449 "http://merp.yudo.com.cn:8183/css/yudo-ui.css?v=1066" "Mozilla/5.0 (Linux; Android 9; HMA-AL00 Build/HUAWEIHMA-AL00; wv) AppleWebKit/537.36 (KHTML, like Gecko) Version/4.0 Chrome/70.0.3538.110 Mobile Safari/537.36"
223.104.148.63 - - [19/Jun/2019:18:28:13 +0800] "POST /JLAMPCommon/langBatchRows_prc HTTP/1.1" 200 14601 "http://merp.yudo.com.cn:8183/WEI_1000/WEI_1000?formKey=Menu&menuSelection=sm" "Mozilla/5.0 (Linux; Android 9; HMA-AL00 Build/HUAWEIHMA-AL00; wv) AppleWebKit/537.36 (KHTML, like Gecko) Version/4.0 Chrome/70.0.3538.110 Mobile Safari/537.36"
223.104.148.63 - - [19/Jun/2019:18:28:13 +0800] "POST /JLAMPCommon/langBatchRows_prc HTTP/1.1" 200 783 "http://merp.yudo.com.cn:8183/WEI_1000/WEI_1000?formKey=Menu&menuSelection=sm" "Mozilla/5.0 (Linux; Android 9; HMA-AL00 Build/HUAWEIHMA-AL00; wv) AppleWebKit/537.36 (KHTML, like Gecko) Version/4.0 Chrome/70.0.3538.110 Mobile Safari/537.36"
223.104.148.63 - - [19/Jun/2019:18:28:13 +0800] "GET /JLAMPCommon/getCookieJson_prc HTTP/1.1" 200 933 "http://merp.yudo.com.cn:8183/WEI_1000/WEI_1000?formKey=Menu&menuSelection=sm" "Mozilla/5.0 (Linux; Android 9; HMA-AL00 Build/HUAWEIHMA-AL00; wv) AppleWebKit/537.36 (KHTML, like Gecko) Version/4.0 Chrome/70.0.3538.110 Mobile Safari/537.36"
112.17.247.132 - - [19/Jun/2019:18:28:14 +0800] "GET /WEI_0100/WEI_0100?formKey=Menu&menuSelection=mi HTTP/1.1" 200 14632 "http://merp.yudo.com.cn:8183/Menu/Menu/menuLists?formKey=undefined&menuSelection=undefined" "Mozilla/5.0 (iPhone; CPU iPhone OS 11_4_1 like Mac OS X) AppleWebKit/605.1.15 (KHTML, like Gecko) Mobile/15G77JLAMPMode:iPhone"
112.17.247.132 - - [19/Jun/2019:18:28:16 +0800] "GET /image/fonticon/date_icon.png HTTP/1.1" 304 - "http://merp.yudo.com.cn:8183/WEI_0100/WEI_0100?formKey=Menu&menuSelection=mi" "Mozilla/5.0 (iPhone; CPU iPhone OS 11_4_1 like Mac OS X) AppleWebKit/605.1.15 (KHTML, like Gecko) Mobile/15G77JLAMPMode:iPhone"
112.17.247.132 - - [19/Jun/2019:18:28:16 +0800] "GET /image/fonticon/backMenu_icon.png HTTP/1.1" 304 - "http://merp.yudo.com.cn:8183/WEI_0100/WEI_0100?formKey=Menu&menuSelection=mi" "Mozilla/5.0 (iPhone; CPU iPhone OS 11_4_1 like Mac OS X) AppleWebKit/605.1.15 (KHTML, like Gecko) Mobile/15G77JLAMPMode:iPhone"
112.17.247.132 - - [19/Jun/2019:18:28:16 +0800] "GET /image/fonticon/extend_icon.png HTTP/1.1" 304 - "http://merp.yudo.com.cn:8183/WEI_0100/WEI_0100?formKey=Menu&menuSelection=mi" "Mozilla/5.0 (iPhone; CPU iPhone OS 11_4_1 like Mac OS X) AppleWebKit/605.1.15 (KHTML, like Gecko) Mobile/15G77JLAMPMode:iPhone"
112.17.247.132 - - [19/Jun/2019:18:28:16 +0800] "GET /image/fonticon/back_icon2.png HTTP/1.1" 304 - "http://merp.yudo.com.cn:8183/WEI_0100/WEI_0100?formKey=Menu&menuSelection=mi" "Mozilla/5.0 (iPhone; CPU iPhone OS 11_4_1 like Mac OS X) AppleWebKit/605.1.15 (KHTML, like Gecko) Mobile/15G77JLAMPMode:iPhone"
112.17.247.132 - - [19/Jun/2019:18:28:16 +0800] "GET /image/fonticon/expclass_icon.png HTTP/1.1" 200 3405 "http://merp.yudo.com.cn:8183/WEI_0100/WEI_0100?formKey=Menu&menuSelection=mi" "Mozilla/5.0 (iPhone; CPU iPhone OS 11_4_1 like Mac OS X) AppleWebKit/605.1.15 (KHTML, like Gecko) Mobile/15G77JLAMPMode:iPhone"
112.17.247.132 - - [19/Jun/2019:18:28:16 +0800] "GET /js/WEI_0100/WEI_0100_Lists.js?v=1001 HTTP/1.1" 200 37466 "http://merp.yudo.com.cn:8183/WEI_0100/WEI_0100?formKey=Menu&menuSelection=mi" "Mozilla/5.0 (iPhone; CPU iPhone OS 11_4_1 like Mac OS X) AppleWebKit/605.1.15 (KHTML, like Gecko) Mobile/15G77JLAMPMode:iPhone"
::1 - - [19/Jun/2019:18:28:20 +0800] "OPTIONS * HTTP/1.0" 200 - "-" "Apache/2.4.6 (CentOS) PHP/5.6.32 (internal dummy connection)"
::1 - - [19/Jun/2019:18:28:21 +0800] "OPTIONS * HTTP/1.0" 200 - "-" "Apache/2.4.6 (CentOS) PHP/5.6.32 (internal dummy connection)"
::1 - - [19/Jun/2019:18:28:22 +0800] "OPTIONS * HTTP/1.0" 200 - "-" "Apache/2.4.6 (CentOS) PHP/5.6.32 (internal dummy connection)"
192.168.253.2 - - [19/Jun/2019:18:28:21 +0800] "GET /WEI_1400/lists_prc?gubun=M&baseDate=2019-06-19&dbChoose=SZ HTTP/1.1" 200 35276 "http://merp.yudo.com.cn:8183/WEI_0100/WEI_0100?formKey=Menu&menuSelection=mi" "Mozilla/5.0 (iPhone; CPU iPhone OS 12_3_1 like Mac OS X) AppleWebKit/605.1.15 (KHTML, like Gecko) Mobile/15E148JLAMPMode:iPhone"
223.104.148.63 - - [19/Jun/2019:18:28:24 +0800] "GET /image/fonticon/loading_icon2.png HTTP/1.1" 200 808 "http://merp.yudo.com.cn:8183/css/mui.min.css?v=1008" "Mozilla/5.0 (Linux; Android 9; HMA-AL00 Build/HUAWEIHMA-AL00; wv) AppleWebKit/537.36 (KHTML, like Gecko) Version/4.0 Chrome/70.0.3538.110 Mobile Safari/537.36"
223.104.148.63 - - [19/Jun/2019:18:28:24 +0800] "GET /WEI_1000/lists_prc?baseDate=20190619&dateItem=0 HTTP/1.1" 500 519 "http://merp.yudo.com.cn:8183/WEI_1000/WEI_1000?formKey=Menu&menuSelection=sm" "Mozilla/5.0 (Linux; Android 9; HMA-AL00 Build/HUAWEIHMA-AL00; wv) AppleWebKit/537.36 (KHTML, like Gecko) Version/4.0 Chrome/70.0.3538.110 Mobile Safari/537.36"
112.17.247.132 - - [19/Jun/2019:18:28:23 +0800] "GET /WEI_1400/lists_prc?gubun=M&baseDate=2019-06-19&dbChoose=SZ HTTP/1.1" 200 35276 "http://merp.yudo.com.cn:8183/WEI_0100/WEI_0100?formKey=Menu&menuSelection=mi" "Mozilla/5.0 (iPhone; CPU iPhone OS 11_4_1 like Mac OS X) AppleWebKit/605.1.15 (KHTML, like Gecko) Mobile/15G77JLAMPMode:iPhone"
223.104.148.63 - - [19/Jun/2019:18:28:27 +0800] "GET /Menu/Menu/menuLists?formKey=undefined&menuSelection=undefined HTTP/1.1" 200 12157 "http://merp.yudo.com.cn:8183/WEI_1000/WEI_1000?formKey=Menu&menuSelection=sm" "Mozilla/5.0 (Linux; Android 9; HMA-AL00 Build/HUAWEIHMA-AL00; wv) AppleWebKit/537.36 (KHTML, like Gecko) Version/4.0 Chrome/70.0.3538.110 Mobile Safari/537.36"
223.104.148.63 - - [19/Jun/2019:18:28:27 +0800] "GET /css/mui.min.css?v=1010 HTTP/1.1" 200 76616 "http://merp.yudo.com.cn:8183/Menu/Menu/menuLists?formKey=undefined&menuSelection=undefined" "Mozilla/5.0 (Linux; Android 9; HMA-AL00 Build/HUAWEIHMA-AL00; wv) AppleWebKit/537.36 (KHTML, like Gecko) Version/4.0 Chrome/70.0.3538.110 Mobile Safari/537.36"
223.104.148.63 - - [19/Jun/2019:18:28:27 +0800] "GET /css/mui.picker.min.css?v=1000 HTTP/1.1" 200 4844 "http://merp.yudo.com.cn:8183/Menu/Menu/menuLists?formKey=undefined&menuSelection=undefined" "Mozilla/5.0 (Linux; Android 9; HMA-AL00 Build/HUAWEIHMA-AL00; wv) AppleWebKit/537.36 (KHTML, like Gecko) Version/4.0 Chrome/70.0.3538.110 Mobile Safari/537.36"
223.104.148.63 - - [19/Jun/2019:18:28:27 +0800] "GET /css/yudo-ui.css?v=2001 HTTP/1.1" 200 40340 "http://merp.yudo.com.cn:8183/Menu/Menu/menuLists?formKey=undefined&menuSelection=undefined" "Mozilla/5.0 (Linux; Android 9; HMA-AL00 Build/HUAWEIHMA-AL00; wv) AppleWebKit/537.36 (KHTML, like Gecko) Version/4.0 Chrome/70.0.3538.110 Mobile Safari/537.36"
223.104.148.63 - - [19/Jun/2019:18:28:27 +0800] "GET /js/lang.min.js?v=1003 HTTP/1.1" 200 1138 "http://merp.yudo.com.cn:8183/Menu/Menu/menuLists?formKey=undefined&menuSelection=undefined" "Mozilla/5.0 (Linux; Android 9; HMA-AL00 Build/HUAWEIHMA-AL00; wv) AppleWebKit/537.36 (KHTML, like Gecko) Version/4.0 Chrome/70.0.3538.110 Mobile Safari/537.36"
223.104.148.63 - - [19/Jun/2019:18:28:27 +0800] "GET /js/mui.picker.min.js?v=1002 HTTP/1.1" 200 18411 "http://merp.yudo.com.cn:8183/Menu/Menu/menuLists?formKey=undefined&menuSelection=undefined" "Mozilla/5.0 (Linux; Android 9; HMA-AL00 Build/HUAWEIHMA-AL00; wv) AppleWebKit/537.36 (KHTML, like Gecko) Version/4.0 Chrome/70.0.3538.110 Mobile Safari/537.36"
223.104.148.63 - - [19/Jun/2019:18:28:27 +0800] "GET /css/animate.min.css HTTP/1.1" 200 52799 "http://merp.yudo.com.cn:8183/Menu/Menu/menuLists?formKey=undefined&menuSelection=undefined" "Mozilla/5.0 (Linux; Android 9; HMA-AL00 Build/HUAWEIHMA-AL00; wv) AppleWebKit/537.36 (KHTML, like Gecko) Version/4.0 Chrome/70.0.3538.110 Mobile Safari/537.36"
223.104.148.63 - - [19/Jun/2019:18:28:28 +0800] "GET /js/multiHttp.js?v=1003 HTTP/1.1" 200 20183 "http://merp.yudo.com.cn:8183/Menu/Menu/menuLists?formKey=undefined&menuSelection=undefined" "Mozilla/5.0 (Linux; Android 9; HMA-AL00 Build/HUAWEIHMA-AL00; wv) AppleWebKit/537.36 (KHTML, like Gecko) Version/4.0 Chrome/70.0.3538.110 Mobile Safari/537.36"
223.104.148.63 - - [19/Jun/2019:18:28:28 +0800] "GET /image/fonticon/headDefault.jpg HTTP/1.1" 200 2436 "http://merp.yudo.com.cn:8183/Menu/Menu/menuLists?formKey=undefined&menuSelection=undefined" "Mozilla/5.0 (Linux; Android 9; HMA-AL00 Build/HUAWEIHMA-AL00; wv) AppleWebKit/537.36 (KHTML, like Gecko) Version/4.0 Chrome/70.0.3538.110 Mobile Safari/537.36"
223.104.148.63 - - [19/Jun/2019:18:28:28 +0800] "GET /image/login_logo.png HTTP/1.1" 200 3941 "http://merp.yudo.com.cn:8183/Menu/Menu/menuLists?formKey=undefined&menuSelection=undefined" "Mozilla/5.0 (Linux; Android 9; HMA-AL00 Build/HUAWEIHMA-AL00; wv) AppleWebKit/537.36 (KHTML, like Gecko) Version/4.0 Chrome/70.0.3538.110 Mobile Safari/537.36"
223.104.148.63 - - [19/Jun/2019:18:28:28 +0800] "GET /js/Menu/Menu.js?v=10001 HTTP/1.1" 200 8197 "http://merp.yudo.com.cn:8183/Menu/Menu/menuLists?formKey=undefined&menuSelection=undefined" "Mozilla/5.0 (Linux; Android 9; HMA-AL00 Build/HUAWEIHMA-AL00; wv) AppleWebKit/537.36 (KHTML, like Gecko) Version/4.0 Chrome/70.0.3538.110 Mobile Safari/537.36"
223.104.148.63 - - [19/Jun/2019:18:28:28 +0800] "GET /image/fonticon/userMenu_icon.png HTTP/1.1" 200 412 "http://merp.yudo.com.cn:8183/css/yudo-ui.css?v=2001" "Mozilla/5.0 (Linux; Android 9; HMA-AL00 Build/HUAWEIHMA-AL00; wv) AppleWebKit/537.36 (KHTML, like Gecko) Version/4.0 Chrome/70.0.3538.110 Mobile Safari/537.36"
223.104.148.63 - - [19/Jun/2019:18:28:28 +0800] "GET /image/fonticon/quit_icon.png HTTP/1.1" 200 1268 "http://merp.yudo.com.cn:8183/css/yudo-ui.css?v=2001" "Mozilla/5.0 (Linux; Android 9; HMA-AL00 Build/HUAWEIHMA-AL00; wv) AppleWebKit/537.36 (KHTML, like Gecko) Version/4.0 Chrome/70.0.3538.110 Mobile Safari/537.36"
223.104.148.63 - - [19/Jun/2019:18:28:28 +0800] "GET /image/fonticon/switchPass_icon.png HTTP/1.1" 200 1480 "http://merp.yudo.com.cn:8183/css/yudo-ui.css?v=2001" "Mozilla/5.0 (Linux; Android 9; HMA-AL00 Build/HUAWEIHMA-AL00; wv) AppleWebKit/537.36 (KHTML, like Gecko) Version/4.0 Chrome/70.0.3538.110 Mobile Safari/537.36"
223.104.148.63 - - [19/Jun/2019:18:28:28 +0800] "GET /image/yudo-03.png HTTP/1.1" 200 288963 "http://merp.yudo.com.cn:8183/Menu/Menu/menuLists?formKey=undefined&menuSelection=undefined" "Mozilla/5.0 (Linux; Android 9; HMA-AL00 Build/HUAWEIHMA-AL00; wv) AppleWebKit/537.36 (KHTML, like Gecko) Version/4.0 Chrome/70.0.3538.110 Mobile Safari/537.36"
223.104.148.63 - - [19/Jun/2019:18:28:28 +0800] "GET /image/fonticon/refresh_icon.png HTTP/1.1" 200 2550 "http://merp.yudo.com.cn:8183/css/yudo-ui.css?v=2001" "Mozilla/5.0 (Linux; Android 9; HMA-AL00 Build/HUAWEIHMA-AL00; wv) AppleWebKit/537.36 (KHTML, like Gecko) Version/4.0 Chrome/70.0.3538.110 Mobile Safari/537.36"
223.104.148.63 - - [19/Jun/2019:18:28:28 +0800] "GET /image/fonticon/home_icon.png HTTP/1.1" 200 1180 "http://merp.yudo.com.cn:8183/css/yudo-ui.css?v=2001" "Mozilla/5.0 (Linux; Android 9; HMA-AL00 Build/HUAWEIHMA-AL00; wv) AppleWebKit/537.36 (KHTML, like Gecko) Version/4.0 Chrome/70.0.3538.110 Mobile Safari/537.36"
223.104.148.63 - - [19/Jun/2019:18:28:28 +0800] "GET /language/LANG_CHN.json HTTP/1.1" 200 25010 "http://merp.yudo.com.cn:8183/Menu/Menu/menuLists?formKey=undefined&menuSelection=undefined" "Mozilla/5.0 (Linux; Android 9; HMA-AL00 Build/HUAWEIHMA-AL00; wv) AppleWebKit/537.36 (KHTML, like Gecko) Version/4.0 Chrome/70.0.3538.110 Mobile Safari/537.36"
223.104.148.63 - - [19/Jun/2019:18:28:28 +0800] "GET /image/yudo-01.png HTTP/1.1" 200 381770 "http://merp.yudo.com.cn:8183/Menu/Menu/menuLists?formKey=undefined&menuSelection=undefined" "Mozilla/5.0 (Linux; Android 9; HMA-AL00 Build/HUAWEIHMA-AL00; wv) AppleWebKit/537.36 (KHTML, like Gecko) Version/4.0 Chrome/70.0.3538.110 Mobile Safari/537.36"
223.104.148.63 - - [19/Jun/2019:18:28:28 +0800] "GET /Menu/doMenuRows_prc?formKey=Menu HTTP/1.1" 200 826 "http://merp.yudo.com.cn:8183/Menu/Menu/menuLists?formKey=undefined&menuSelection=undefined" "Mozilla/5.0 (Linux; Android 9; HMA-AL00 Build/HUAWEIHMA-AL00; wv) AppleWebKit/537.36 (KHTML, like Gecko) Version/4.0 Chrome/70.0.3538.110 Mobile Safari/537.36"
223.104.148.63 - - [19/Jun/2019:18:28:28 +0800] "GET /image/yudo-02.png HTTP/1.1" 200 358241 "http://merp.yudo.com.cn:8183/Menu/Menu/menuLists?formKey=undefined&menuSelection=undefined" "Mozilla/5.0 (Linux; Android 9; HMA-AL00 Build/HUAWEIHMA-AL00; wv) AppleWebKit/537.36 (KHTML, like Gecko) Version/4.0 Chrome/70.0.3538.110 Mobile Safari/537.36"
223.104.148.63 - - [19/Jun/2019:18:28:28 +0800] "GET /Menu/getVersionInfo HTTP/1.1" 200 372 "http://merp.yudo.com.cn:8183/Menu/Menu/menuLists?formKey=undefined&menuSelection=undefined" "Mozilla/5.0 (Linux; Android 9; HMA-AL00 Build/HUAWEIHMA-AL00; wv) AppleWebKit/537.36 (KHTML, like Gecko) Version/4.0 Chrome/70.0.3538.110 Mobile Safari/537.36"
223.104.148.63 - - [19/Jun/2019:18:28:28 +0800] "GET /image/fonticon/noCompelet_icon.png HTTP/1.1" 200 6474 "http://merp.yudo.com.cn:8183/css/yudo-ui.css?v=2001" "Mozilla/5.0 (Linux; Android 9; HMA-AL00 Build/HUAWEIHMA-AL00; wv) AppleWebKit/537.36 (KHTML, like Gecko) Version/4.0 Chrome/70.0.3538.110 Mobile Safari/537.36"
223.104.148.63 - - [19/Jun/2019:18:28:28 +0800] "GET /image/fonticon/sales_icon.png HTTP/1.1" 200 5931 "http://merp.yudo.com.cn:8183/css/yudo-ui.css?v=2001" "Mozilla/5.0 (Linux; Android 9; HMA-AL00 Build/HUAWEIHMA-AL00; wv) AppleWebKit/537.36 (KHTML, like Gecko) Version/4.0 Chrome/70.0.3538.110 Mobile Safari/537.36"
223.104.148.63 - - [19/Jun/2019:18:28:28 +0800] "GET /Menu/getLoginInfo HTTP/1.1" 200 182 "http://merp.yudo.com.cn:8183/Menu/Menu/menuLists?formKey=undefined&menuSelection=undefined" "Mozilla/5.0 (Linux; Android 9; HMA-AL00 Build/HUAWEIHMA-AL00; wv) AppleWebKit/537.36 (KHTML, like Gecko) Version/4.0 Chrome/70.0.3538.110 Mobile Safari/537.36"
223.104.148.63 - - [19/Jun/2019:18:28:29 +0800] "GET /image/fonticon/dayTotal_icon.png HTTP/1.1" 200 4233 "http://merp.yudo.com.cn:8183/css/yudo-ui.css?v=2001" "Mozilla/5.0 (Linux; Android 9; HMA-AL00 Build/HUAWEIHMA-AL00; wv) AppleWebKit/537.36 (KHTML, like Gecko) Version/4.0 Chrome/70.0.3538.110 Mobile Safari/537.36"
223.104.148.63 - - [19/Jun/2019:18:28:30 +0800] "GET /WEI_0100/WEI_0100?formKey=Menu&menuSelection=mi HTTP/1.1" 200 14632 "http://merp.yudo.com.cn:8183/Menu/Menu/menuLists?formKey=undefined&menuSelection=undefined" "Mozilla/5.0 (Linux; Android 9; HMA-AL00 Build/HUAWEIHMA-AL00; wv) AppleWebKit/537.36 (KHTML, like Gecko) Version/4.0 Chrome/70.0.3538.110 Mobile Safari/537.36"
223.104.148.63 - - [19/Jun/2019:18:28:30 +0800] "GET /image/fonticon/expclass_icon.png HTTP/1.1" 200 3405 "http://merp.yudo.com.cn:8183/css/yudo-ui.css?v=2001" "Mozilla/5.0 (Linux; Android 9; HMA-AL00 Build/HUAWEIHMA-AL00; wv) AppleWebKit/537.36 (KHTML, like Gecko) Version/4.0 Chrome/70.0.3538.110 Mobile Safari/537.36"
223.104.148.63 - - [19/Jun/2019:18:28:30 +0800] "GET /js/WEI_0100/WEI_0100_Lists.js?v=1001 HTTP/1.1" 200 37466 "http://merp.yudo.com.cn:8183/WEI_0100/WEI_0100?formKey=Menu&menuSelection=mi" "Mozilla/5.0 (Linux; Android 9; HMA-AL00 Build/HUAWEIHMA-AL00; wv) AppleWebKit/537.36 (KHTML, like Gecko) Version/4.0 Chrome/70.0.3538.110 Mobile Safari/537.36"
112.17.247.132 - - [19/Jun/2019:18:28:32 +0800] "GET /WEI_1400/lists_prc?gubun=M&baseDate=2019-06-19&dbChoose=GD HTTP/1.1" 200 14714 "http://merp.yudo.com.cn:8183/WEI_0100/WEI_0100?formKey=Menu&menuSelection=mi" "Mozilla/5.0 (iPhone; CPU iPhone OS 11_4_1 like Mac OS X) AppleWebKit/605.1.15 (KHTML, like Gecko) Mobile/15G77JLAMPMode:iPhone"
223.104.148.63 - - [19/Jun/2019:18:28:36 +0800] "GET /image/fonticon/loading_icon2.png HTTP/1.1" 200 808 "http://merp.yudo.com.cn:8183/css/mui.min.css?v=1010" "Mozilla/5.0 (Linux; Android 9; HMA-AL00 Build/HUAWEIHMA-AL00; wv) AppleWebKit/537.36 (KHTML, like Gecko) Version/4.0 Chrome/70.0.3538.110 Mobile Safari/537.36"
::1 - - [19/Jun/2019:18:28:36 +0800] "OPTIONS * HTTP/1.0" 200 - "-" "Apache/2.4.6 (CentOS) PHP/5.6.32 (internal dummy connection)"
223.104.148.63 - - [19/Jun/2019:18:28:40 +0800] "GET /WEI_1400/lists_prc?gubun=M&baseDate=2019-06-19&dbChoose=GD HTTP/1.1" 200 14714 "http://merp.yudo.com.cn:8183/WEI_0100/WEI_0100?formKey=Menu&menuSelection=mi" "Mozilla/5.0 (Linux; Android 9; HMA-AL00 Build/HUAWEIHMA-AL00; wv) AppleWebKit/537.36 (KHTML, like Gecko) Version/4.0 Chrome/70.0.3538.110 Mobile Safari/537.36"
112.17.247.132 - - [19/Jun/2019:18:28:43 +0800] "GET /WEI_1400/lists_prc?gubun=M&baseDate=2019-06-19&dbChoose=QD HTTP/1.1" 200 9165 "http://merp.yudo.com.cn:8183/WEI_0100/WEI_0100?formKey=Menu&menuSelection=mi" "Mozilla/5.0 (iPhone; CPU iPhone OS 11_4_1 like Mac OS X) AppleWebKit/605.1.15 (KHTML, like Gecko) Mobile/15G77JLAMPMode:iPhone"
::1 - - [19/Jun/2019:18:28:49 +0800] "OPTIONS * HTTP/1.0" 200 - "-" "Apache/2.4.6 (CentOS) PHP/5.6.32 (internal dummy connection)"
112.17.247.132 - - [19/Jun/2019:18:28:54 +0800] "GET /WEI_1400/lists_prc?gubun=M&baseDate=2019-06-19&dbChoose=SZ HTTP/1.1" 200 35276 "http://merp.yudo.com.cn:8183/WEI_0100/WEI_0100?formKey=Menu&menuSelection=mi" "Mozilla/5.0 (iPhone; CPU iPhone OS 11_4_1 like Mac OS X) AppleWebKit/605.1.15 (KHTML, like Gecko) Mobile/15G77JLAMPMode:iPhone"
223.104.148.63 - - [19/Jun/2019:18:29:04 +0800] "GET /WEI_1400/lists_prc?gubun=M&baseDate=2019-06-19&dbChoose=SZ HTTP/1.1" 200 35276 "http://merp.yudo.com.cn:8183/WEI_0100/WEI_0100?formKey=Menu&menuSelection=mi" "Mozilla/5.0 (Linux; Android 9; HMA-AL00 Build/HUAWEIHMA-AL00; wv) AppleWebKit/537.36 (KHTML, like Gecko) Version/4.0 Chrome/70.0.3538.110 Mobile Safari/537.36"
223.104.148.63 - - [19/Jun/2019:18:29:10 +0800] "GET /WEI_1400/lists_prc?gubun=M&baseDate=2019-06-19&dbChoose=SZ HTTP/1.1" 200 35276 "http://merp.yudo.com.cn:8183/WEI_0100/WEI_0100?formKey=Menu&menuSelection=mi" "Mozilla/5.0 (Linux; Android 9; HMA-AL00 Build/HUAWEIHMA-AL00; wv) AppleWebKit/537.36 (KHTML, like Gecko) Version/4.0 Chrome/70.0.3538.110 Mobile Safari/537.36"
112.17.247.132 - - [19/Jun/2019:18:48:51 +0800] "GET /WEI_1400/lists_prc?gubun=M&baseDate=2019-06-19&dbChoose=GD HTTP/1.1" 200 14714 "http://merp.yudo.com.cn:8183/WEI_0100/WEI_0100?formKey=Menu&menuSelection=mi" "Mozilla/5.0 (iPhone; CPU iPhone OS 11_4_1 like Mac OS X) AppleWebKit/605.1.15 (KHTML, like Gecko) Mobile/15G77JLAMPMode:iPhone"
112.17.247.132 - - [19/Jun/2019:18:49:30 +0800] "GET /WEI_1400/lists_prc?gubun=M&baseDate=2019-06-19&dbChoose=SZ HTTP/1.1" 200 35276 "http://merp.yudo.com.cn:8183/WEI_0100/WEI_0100?formKey=Menu&menuSelection=mi" "Mozilla/5.0 (iPhone; CPU iPhone OS 11_4_1 like Mac OS X) AppleWebKit/605.1.15 (KHTML, like Gecko) Mobile/15G77JLAMPMode:iPhone"
182.232.52.141 - - [19/Jun/2019:20:16:03 +0800] "GET /?deviceType=mobile&devicePlatform=ios HTTP/1.1" 302 149 "-" "Mozilla/5.0 (iPhone; CPU iPhone OS 12_2 like Mac OS X) AppleWebKit/605.1.15 (KHTML, like Gecko) Mobile/15E148JLAMPMode:iPhone"
182.232.52.141 - - [19/Jun/2019:20:16:04 +0800] "GET /Menu HTTP/1.1" 200 12157 "-" "Mozilla/5.0 (iPhone; CPU iPhone OS 12_2 like Mac OS X) AppleWebKit/605.1.15 (KHTML, like Gecko) Mobile/15E148JLAMPMode:iPhone"
182.232.52.141 - - [19/Jun/2019:20:16:05 +0800] "GET /css/mui.picker.min.css?v=1000 HTTP/1.1" 200 4844 "http://merp.yudo.com.cn:8183/Menu" "Mozilla/5.0 (iPhone; CPU iPhone OS 12_2 like Mac OS X) AppleWebKit/605.1.15 (KHTML, like Gecko) Mobile/15E148JLAMPMode:iPhone"
182.232.52.141 - - [19/Jun/2019:20:16:05 +0800] "GET /css/yudo-ui.css?v=2001 HTTP/1.1" 200 40340 "http://merp.yudo.com.cn:8183/Menu" "Mozilla/5.0 (iPhone; CPU iPhone OS 12_2 like Mac OS X) AppleWebKit/605.1.15 (KHTML, like Gecko) Mobile/15E148JLAMPMode:iPhone"
182.232.52.141 - - [19/Jun/2019:20:16:05 +0800] "GET /css/mui.min.css?v=1010 HTTP/1.1" 200 76616 "http://merp.yudo.com.cn:8183/Menu" "Mozilla/5.0 (iPhone; CPU iPhone OS 12_2 like Mac OS X) AppleWebKit/605.1.15 (KHTML, like Gecko) Mobile/15E148JLAMPMode:iPhone"
182.232.52.141 - - [19/Jun/2019:20:16:05 +0800] "GET /css/animate.min.css HTTP/1.1" 200 52799 "http://merp.yudo.com.cn:8183/Menu" "Mozilla/5.0 (iPhone; CPU iPhone OS 12_2 like Mac OS X) AppleWebKit/605.1.15 (KHTML, like Gecko) Mobile/15E148JLAMPMode:iPhone"
182.232.52.141 - - [19/Jun/2019:20:16:10 +0800] "GET /js/lang.min.js?v=1003 HTTP/1.1" 200 1138 "http://merp.yudo.com.cn:8183/Menu" "Mozilla/5.0 (iPhone; CPU iPhone OS 12_2 like Mac OS X) AppleWebKit/605.1.15 (KHTML, like Gecko) Mobile/15E148JLAMPMode:iPhone"
182.232.52.141 - - [19/Jun/2019:20:16:05 +0800] "GET /js/vue.js HTTP/1.1" 200 289301 "http://merp.yudo.com.cn:8183/Menu" "Mozilla/5.0 (iPhone; CPU iPhone OS 12_2 like Mac OS X) AppleWebKit/605.1.15 (KHTML, like Gecko) Mobile/15E148JLAMPMode:iPhone"
182.232.52.141 - - [19/Jun/2019:20:16:06 +0800] "GET /js/mui.min.js?v=1001 HTTP/1.1" 200 115810 "http://merp.yudo.com.cn:8183/Menu" "Mozilla/5.0 (iPhone; CPU iPhone OS 12_2 like Mac OS X) AppleWebKit/605.1.15 (KHTML, like Gecko) Mobile/15E148JLAMPMode:iPhone"
182.232.52.141 - - [19/Jun/2019:20:16:13 +0800] "GET /js/multiHttp.js?v=1003 HTTP/1.1" 200 20183 "http://merp.yudo.com.cn:8183/Menu" "Mozilla/5.0 (iPhone; CPU iPhone OS 12_2 like Mac OS X) AppleWebKit/605.1.15 (KHTML, like Gecko) Mobile/15E148JLAMPMode:iPhone"
182.232.52.141 - - [19/Jun/2019:20:16:05 +0800] "GET /third_party/jquery-2.1.4/jquery.js HTTP/1.1" 200 247606 "http://merp.yudo.com.cn:8183/Menu" "Mozilla/5.0 (iPhone; CPU iPhone OS 12_2 like Mac OS X) AppleWebKit/605.1.15 (KHTML, like Gecko) Mobile/15E148JLAMPMode:iPhone"
182.232.52.141 - - [19/Jun/2019:20:16:23 +0800] "GET /js/Menu/Menu.js?v=10001 HTTP/1.1" 200 8197 "http://merp.yudo.com.cn:8183/Menu" "Mozilla/5.0 (iPhone; CPU iPhone OS 12_2 like Mac OS X) AppleWebKit/605.1.15 (KHTML, like Gecko) Mobile/15E148JLAMPMode:iPhone"
182.232.52.141 - - [19/Jun/2019:20:16:23 +0800] "GET /js/mui.zoom.js?v=201804231454 HTTP/1.1" 200 11703 "http://merp.yudo.com.cn:8183/Menu" "Mozilla/5.0 (iPhone; CPU iPhone OS 12_2 like Mac OS X) AppleWebKit/605.1.15 (KHTML, like Gecko) Mobile/15E148JLAMPMode:iPhone"
182.232.52.141 - - [19/Jun/2019:20:16:24 +0800] "GET /js/JLAMP.common.min.js HTTP/1.1" 200 9705 "http://merp.yudo.com.cn:8183/Menu" "Mozilla/5.0 (iPhone; CPU iPhone OS 12_2 like Mac OS X) AppleWebKit/605.1.15 (KHTML, like Gecko) Mobile/15E148JLAMPMode:iPhone"
182.232.52.141 - - [19/Jun/2019:20:16:24 +0800] "GET /js/JLAMP.lang.min.js HTTP/1.1" 200 1750 "http://merp.yudo.com.cn:8183/Menu" "Mozilla/5.0 (iPhone; CPU iPhone OS 12_2 like Mac OS X) AppleWebKit/605.1.15 (KHTML, like Gecko) Mobile/15E148JLAMPMode:iPhone"
182.232.52.141 - - [19/Jun/2019:20:16:24 +0800] "GET /js/fastclick.js HTTP/1.1" 200 25966 "http://merp.yudo.com.cn:8183/Menu" "Mozilla/5.0 (iPhone; CPU iPhone OS 12_2 like Mac OS X) AppleWebKit/605.1.15 (KHTML, like Gecko) Mobile/15E148JLAMPMode:iPhone"
182.232.52.141 - - [19/Jun/2019:20:16:25 +0800] "GET /js/mui.previewimage.js?v=201804261256 HTTP/1.1" 200 13324 "http://merp.yudo.com.cn:8183/Menu" "Mozilla/5.0 (iPhone; CPU iPhone OS 12_2 like Mac OS X) AppleWebKit/605.1.15 (KHTML, like Gecko) Mobile/15E148JLAMPMode:iPhone"
182.232.52.141 - - [19/Jun/2019:20:16:25 +0800] "GET /js/mui.picker.min.js?v=1002 HTTP/1.1" 200 18411 "http://merp.yudo.com.cn:8183/Menu" "Mozilla/5.0 (iPhone; CPU iPhone OS 12_2 like Mac OS X) AppleWebKit/605.1.15 (KHTML, like Gecko) Mobile/15E148JLAMPMode:iPhone"
182.232.52.141 - - [19/Jun/2019:20:16:26 +0800] "GET /image/login_logo.png HTTP/1.1" 200 3941 "http://merp.yudo.com.cn:8183/Menu" "Mozilla/5.0 (iPhone; CPU iPhone OS 12_2 like Mac OS X) AppleWebKit/605.1.15 (KHTML, like Gecko) Mobile/15E148JLAMPMode:iPhone"
182.232.52.141 - - [19/Jun/2019:20:16:26 +0800] "GET /image/fonticon/headDefault.jpg HTTP/1.1" 200 2436 "http://merp.yudo.com.cn:8183/Menu" "Mozilla/5.0 (iPhone; CPU iPhone OS 12_2 like Mac OS X) AppleWebKit/605.1.15 (KHTML, like Gecko) Mobile/15E148JLAMPMode:iPhone"
182.232.52.141 - - [19/Jun/2019:20:16:25 +0800] "GET /js/JLAMP.min.js HTTP/1.1" 200 1461 "http://merp.yudo.com.cn:8183/Menu" "Mozilla/5.0 (iPhone; CPU iPhone OS 12_2 like Mac OS X) AppleWebKit/605.1.15 (KHTML, like Gecko) Mobile/15E148JLAMPMode:iPhone"
182.232.52.141 - - [19/Jun/2019:20:16:26 +0800] "GET /image/yudo-03.png HTTP/1.1" 200 288963 "http://merp.yudo.com.cn:8183/Menu" "Mozilla/5.0 (iPhone; CPU iPhone OS 12_2 like Mac OS X) AppleWebKit/605.1.15 (KHTML, like Gecko) Mobile/15E148JLAMPMode:iPhone"
182.232.52.141 - - [19/Jun/2019:20:16:27 +0800] "GET /image/yudo-01.png HTTP/1.1" 200 381770 "http://merp.yudo.com.cn:8183/Menu" "Mozilla/5.0 (iPhone; CPU iPhone OS 12_2 like Mac OS X) AppleWebKit/605.1.15 (KHTML, like Gecko) Mobile/15E148JLAMPMode:iPhone"
182.232.52.141 - - [19/Jun/2019:20:16:24 +0800] "GET /js/echarts.min.js HTTP/1.1" 200 744675 "http://merp.yudo.com.cn:8183/Menu" "Mozilla/5.0 (iPhone; CPU iPhone OS 12_2 like Mac OS X) AppleWebKit/605.1.15 (KHTML, like Gecko) Mobile/15E148JLAMPMode:iPhone"
182.232.52.141 - - [19/Jun/2019:20:16:27 +0800] "GET /image/yudo-02.png HTTP/1.1" 200 358241 "http://merp.yudo.com.cn:8183/Menu" "Mozilla/5.0 (iPhone; CPU iPhone OS 12_2 like Mac OS X) AppleWebKit/605.1.15 (KHTML, like Gecko) Mobile/15E148JLAMPMode:iPhone"
::1 - - [19/Jun/2019:20:17:01 +0800] "OPTIONS * HTTP/1.0" 200 - "-" "Apache/2.4.6 (CentOS) PHP/5.6.32 (internal dummy connection)"
182.232.52.141 - - [19/Jun/2019:20:17:15 +0800] "GET /language/LANG_CHN.json HTTP/1.1" 200 25010 "http://merp.yudo.com.cn:8183/Menu" "Mozilla/5.0 (iPhone; CPU iPhone OS 12_2 like Mac OS X) AppleWebKit/605.1.15 (KHTML, like Gecko) Mobile/15E148JLAMPMode:iPhone"
182.232.52.141 - - [19/Jun/2019:20:17:15 +0800] "GET /image/fonticon/refresh_icon.png HTTP/1.1" 200 2550 "http://merp.yudo.com.cn:8183/Menu" "Mozilla/5.0 (iPhone; CPU iPhone OS 12_2 like Mac OS X) AppleWebKit/605.1.15 (KHTML, like Gecko) Mobile/15E148JLAMPMode:iPhone"
182.232.52.141 - - [19/Jun/2019:20:17:15 +0800] "GET /Menu/doMenuRows_prc?formKey=Menu HTTP/1.1" 200 1588 "http://merp.yudo.com.cn:8183/Menu" "Mozilla/5.0 (iPhone; CPU iPhone OS 12_2 like Mac OS X) AppleWebKit/605.1.15 (KHTML, like Gecko) Mobile/15E148JLAMPMode:iPhone"
182.232.52.141 - - [19/Jun/2019:20:17:15 +0800] "GET /image/fonticon/home_icon.png HTTP/1.1" 200 1180 "http://merp.yudo.com.cn:8183/Menu" "Mozilla/5.0 (iPhone; CPU iPhone OS 12_2 like Mac OS X) AppleWebKit/605.1.15 (KHTML, like Gecko) Mobile/15E148JLAMPMode:iPhone"
182.232.52.141 - - [19/Jun/2019:20:17:15 +0800] "GET /image/fonticon/switchPass_icon.png HTTP/1.1" 200 1480 "http://merp.yudo.com.cn:8183/Menu" "Mozilla/5.0 (iPhone; CPU iPhone OS 12_2 like Mac OS X) AppleWebKit/605.1.15 (KHTML, like Gecko) Mobile/15E148JLAMPMode:iPhone"
182.232.52.141 - - [19/Jun/2019:20:17:15 +0800] "GET /image/fonticon/quit_icon.png HTTP/1.1" 200 1268 "http://merp.yudo.com.cn:8183/Menu" "Mozilla/5.0 (iPhone; CPU iPhone OS 12_2 like Mac OS X) AppleWebKit/605.1.15 (KHTML, like Gecko) Mobile/15E148JLAMPMode:iPhone"
182.232.52.141 - - [19/Jun/2019:20:17:16 +0800] "GET /image/fonticon/userMenu_icon.png HTTP/1.1" 200 412 "http://merp.yudo.com.cn:8183/Menu" "Mozilla/5.0 (iPhone; CPU iPhone OS 12_2 like Mac OS X) AppleWebKit/605.1.15 (KHTML, like Gecko) Mobile/15E148JLAMPMode:iPhone"
182.232.52.141 - - [19/Jun/2019:20:17:16 +0800] "GET /fonts/mui.ttf HTTP/1.1" 200 29884 "http://merp.yudo.com.cn:8183/Menu" "Mozilla/5.0 (iPhone; CPU iPhone OS 12_2 like Mac OS X) AppleWebKit/605.1.15 (KHTML, like Gecko) Mobile/15E148JLAMPMode:iPhone"
182.232.52.141 - - [19/Jun/2019:20:17:16 +0800] "GET /image/fonticon/loading_icon2.png HTTP/1.1" 200 808 "http://merp.yudo.com.cn:8183/Menu" "Mozilla/5.0 (iPhone; CPU iPhone OS 12_2 like Mac OS X) AppleWebKit/605.1.15 (KHTML, like Gecko) Mobile/15E148JLAMPMode:iPhone"
182.232.52.141 - - [19/Jun/2019:20:17:16 +0800] "GET /Menu/getLoginInfo HTTP/1.1" 200 136 "http://merp.yudo.com.cn:8183/Menu" "Mozilla/5.0 (iPhone; CPU iPhone OS 12_2 like Mac OS X) AppleWebKit/605.1.15 (KHTML, like Gecko) Mobile/15E148JLAMPMode:iPhone"
