117.136.67.223 - - [12/Jan/2019:16:38:13 +0800] "GET /WEI_2100/as_count?orderid=2019010783 HTTP/1.1" 200 74 "http://merp.yudo.com.cn:8183/WEI_2100/WEI_2100?formKey=M20190112T163606760&menuSelection=asm" "Mozilla/5.0 (Linux; Android 7.0; FRD-AL10 Build/HUAWEIFRD-AL10; wv) AppleWebKit/537.36 (KHTML, like Gecko) Version/4.0 Chrome/62.0.3202.84 Mobile Safari/537.36"
117.136.67.223 - - [12/Jan/2019:16:38:13 +0800] "GET /WEI_2100/systemclass_mini_prc?bigsysid=SA10370334&minisysid=supplyscope_c4 HTTP/1.1" 200 137 "http://merp.yudo.com.cn:8183/WEI_2100/WEI_2100?formKey=M20190112T163606760&menuSelection=asm" "Mozilla/5.0 (Linux; Android 7.0; FRD-AL10 Build/HUAWEIFRD-AL10; wv) AppleWebKit/537.36 (KHTML, like Gecko) Version/4.0 Chrome/62.0.3202.84 Mobile Safari/537.36"
::1 - - [12/Jan/2019:16:38:21 +0800] "OPTIONS * HTTP/1.0" 200 - "-" "Apache/2.4.6 (CentOS) PHP/5.6.32 (internal dummy connection)"
117.136.67.223 - - [12/Jan/2019:16:38:25 +0800] "GET /WEI_2100/systemclass_mini_prc?bigsysid=AS10110030&minisysid=ascause_c HTTP/1.1" 200 119 "http://merp.yudo.com.cn:8183/WEI_2100/WEI_2100?formKey=M20190112T163606760&menuSelection=asm" "Mozilla/5.0 (Linux; Android 7.0; FRD-AL10 Build/HUAWEIFRD-AL10; wv) AppleWebKit/537.36 (KHTML, like Gecko) Version/4.0 Chrome/62.0.3202.84 Mobile Safari/537.36"
117.136.67.223 - - [12/Jan/2019:16:38:38 +0800] "GET /WEI_2100/systemclass_mini_prc?bigsysid=AS10060040&minisysid=asclass1_c HTTP/1.1" 200 2730 "http://merp.yudo.com.cn:8183/WEI_2100/WEI_2100?formKey=M20190112T163606760&menuSelection=asm" "Mozilla/5.0 (Linux; Android 7.0; FRD-AL10 Build/HUAWEIFRD-AL10; wv) AppleWebKit/537.36 (KHTML, like Gecko) Version/4.0 Chrome/62.0.3202.84 Mobile Safari/537.36"
117.136.67.223 - - [12/Jan/2019:16:38:44 +0800] "GET /WEI_2100/systemclass_mini_prc?bigsysid=AS10060050&minisysid=asclass1_c HTTP/1.1" 200 844 "http://merp.yudo.com.cn:8183/WEI_2100/WEI_2100?formKey=M20190112T163606760&menuSelection=asm" "Mozilla/5.0 (Linux; Android 7.0; FRD-AL10 Build/HUAWEIFRD-AL10; wv) AppleWebKit/537.36 (KHTML, like Gecko) Version/4.0 Chrome/62.0.3202.84 Mobile Safari/537.36"
112.17.242.155 - - [12/Jan/2019:16:41:48 +0800] "GET /?deviceType=mobile&devicePlatform=ios HTTP/1.1" 302 149 "-" "Mozilla/5.0 (iPhone; CPU iPhone OS 11_4_1 like Mac OS X) AppleWebKit/605.1.15 (KHTML, like Gecko) Mobile/15G77JLAMPMode:iPhone"
112.17.242.155 - - [12/Jan/2019:16:41:48 +0800] "GET /Menu/Menu?formKey=M20190112T164009970 HTTP/1.1" 200 5925 "-" "Mozilla/5.0 (iPhone; CPU iPhone OS 11_4_1 like Mac OS X) AppleWebKit/605.1.15 (KHTML, like Gecko) Mobile/15G77JLAMPMode:iPhone"
112.17.242.155 - - [12/Jan/2019:16:41:48 +0800] "GET /css/JLAMP.common.min.css HTTP/1.1" 200 - "http://merp.yudo.com.cn:8183/Menu/Menu?formKey=M20190112T164009970" "Mozilla/5.0 (iPhone; CPU iPhone OS 11_4_1 like Mac OS X) AppleWebKit/605.1.15 (KHTML, like Gecko) Mobile/15G77JLAMPMode:iPhone"
112.17.242.155 - - [12/Jan/2019:16:41:48 +0800] "POST /JLAMPCommon/langBatchRows_prc HTTP/1.1" 200 595 "http://merp.yudo.com.cn:8183/Menu/Menu?formKey=M20190112T164009970" "Mozilla/5.0 (iPhone; CPU iPhone OS 11_4_1 like Mac OS X) AppleWebKit/605.1.15 (KHTML, like Gecko) Mobile/15G77JLAMPMode:iPhone"
112.17.242.155 - - [12/Jan/2019:16:41:48 +0800] "GET /JLAMPCommon/getCookieJson_prc HTTP/1.1" 200 933 "http://merp.yudo.com.cn:8183/Menu/Menu?formKey=M20190112T164009970" "Mozilla/5.0 (iPhone; CPU iPhone OS 11_4_1 like Mac OS X) AppleWebKit/605.1.15 (KHTML, like Gecko) Mobile/15G77JLAMPMode:iPhone"
112.17.242.155 - - [12/Jan/2019:16:41:48 +0800] "GET /Menu/doMenuRows_prc?formKey=M20190112T164009970 HTTP/1.1" 200 1365 "http://merp.yudo.com.cn:8183/Menu/Menu?formKey=M20190112T164009970" "Mozilla/5.0 (iPhone; CPU iPhone OS 11_4_1 like Mac OS X) AppleWebKit/605.1.15 (KHTML, like Gecko) Mobile/15G77JLAMPMode:iPhone"
112.17.242.155 - - [12/Jan/2019:16:41:51 +0800] "GET /WEI_2300/WEI_2300?formKey=M20190112T164009970&menuSelection=asm HTTP/1.1" 200 42837 "http://merp.yudo.com.cn:8183/Menu/Menu?formKey=M20190112T164009970" "Mozilla/5.0 (iPhone; CPU iPhone OS 11_4_1 like Mac OS X) AppleWebKit/605.1.15 (KHTML, like Gecko) Mobile/15G77JLAMPMode:iPhone"
112.17.242.155 - - [12/Jan/2019:16:41:52 +0800] "GET /css/yudo-ui.css?v=1050 HTTP/1.1" 304 - "http://merp.yudo.com.cn:8183/WEI_2300/WEI_2300?formKey=M20190112T164009970&menuSelection=asm" "Mozilla/5.0 (iPhone; CPU iPhone OS 11_4_1 like Mac OS X) AppleWebKit/605.1.15 (KHTML, like Gecko) Mobile/15G77JLAMPMode:iPhone"
112.17.242.155 - - [12/Jan/2019:16:41:52 +0800] "GET /css/mui.picker.min.css HTTP/1.1" 304 - "http://merp.yudo.com.cn:8183/WEI_2300/WEI_2300?formKey=M20190112T164009970&menuSelection=asm" "Mozilla/5.0 (iPhone; CPU iPhone OS 11_4_1 like Mac OS X) AppleWebKit/605.1.15 (KHTML, like Gecko) Mobile/15G77JLAMPMode:iPhone"
112.17.242.155 - - [12/Jan/2019:16:41:52 +0800] "GET /css/mui.min.css?v=1008 HTTP/1.1" 304 - "http://merp.yudo.com.cn:8183/WEI_2300/WEI_2300?formKey=M20190112T164009970&menuSelection=asm" "Mozilla/5.0 (iPhone; CPU iPhone OS 11_4_1 like Mac OS X) AppleWebKit/605.1.15 (KHTML, like Gecko) Mobile/15G77JLAMPMode:iPhone"
112.17.242.155 - - [12/Jan/2019:16:41:52 +0800] "GET /js/multiHttp.js?v=1001 HTTP/1.1" 304 - "http://merp.yudo.com.cn:8183/WEI_2300/WEI_2300?formKey=M20190112T164009970&menuSelection=asm" "Mozilla/5.0 (iPhone; CPU iPhone OS 11_4_1 like Mac OS X) AppleWebKit/605.1.15 (KHTML, like Gecko) Mobile/15G77JLAMPMode:iPhone"
112.17.242.155 - - [12/Jan/2019:16:41:52 +0800] "GET /js/lang.min.js?v=1001 HTTP/1.1" 304 - "http://merp.yudo.com.cn:8183/WEI_2300/WEI_2300?formKey=M20190112T164009970&menuSelection=asm" "Mozilla/5.0 (iPhone; CPU iPhone OS 11_4_1 like Mac OS X) AppleWebKit/605.1.15 (KHTML, like Gecko) Mobile/15G77JLAMPMode:iPhone"
112.17.242.155 - - [12/Jan/2019:16:41:52 +0800] "GET /js/mui.picker.min.js?v=1001 HTTP/1.1" 304 - "http://merp.yudo.com.cn:8183/WEI_2300/WEI_2300?formKey=M20190112T164009970&menuSelection=asm" "Mozilla/5.0 (iPhone; CPU iPhone OS 11_4_1 like Mac OS X) AppleWebKit/605.1.15 (KHTML, like Gecko) Mobile/15G77JLAMPMode:iPhone"
112.17.242.155 - - [12/Jan/2019:16:41:52 +0800] "GET /js/WEI_2300/WEI_2300_Lists.js?v=1062 HTTP/1.1" 304 - "http://merp.yudo.com.cn:8183/WEI_2300/WEI_2300?formKey=M20190112T164009970&menuSelection=asm" "Mozilla/5.0 (iPhone; CPU iPhone OS 11_4_1 like Mac OS X) AppleWebKit/605.1.15 (KHTML, like Gecko) Mobile/15G77JLAMPMode:iPhone"
112.17.242.155 - - [12/Jan/2019:16:41:52 +0800] "GET /js/echarts.min.js HTTP/1.1" 200 744675 "http://merp.yudo.com.cn:8183/WEI_2300/WEI_2300?formKey=M20190112T164009970&menuSelection=asm" "Mozilla/5.0 (iPhone; CPU iPhone OS 11_4_1 like Mac OS X) AppleWebKit/605.1.15 (KHTML, like Gecko) Mobile/15G77JLAMPMode:iPhone"
112.17.242.155 - - [12/Jan/2019:16:41:54 +0800] "GET /image/fonticon/backMenu_icon.png HTTP/1.1" 304 - "http://merp.yudo.com.cn:8183/WEI_2300/WEI_2300?formKey=M20190112T164009970&menuSelection=asm" "Mozilla/5.0 (iPhone; CPU iPhone OS 11_4_1 like Mac OS X) AppleWebKit/605.1.15 (KHTML, like Gecko) Mobile/15G77JLAMPMode:iPhone"
112.17.242.155 - - [12/Jan/2019:16:41:54 +0800] "POST /JLAMPCommon/langBatchRows_prc HTTP/1.1" 200 483 "http://merp.yudo.com.cn:8183/WEI_2300/WEI_2300?formKey=M20190112T164009970&menuSelection=asm" "Mozilla/5.0 (iPhone; CPU iPhone OS 11_4_1 like Mac OS X) AppleWebKit/605.1.15 (KHTML, like Gecko) Mobile/15G77JLAMPMode:iPhone"
112.17.242.155 - - [12/Jan/2019:16:41:54 +0800] "GET /WEI_2300/getLoginInfo HTTP/1.1" 200 157 "http://merp.yudo.com.cn:8183/WEI_2300/WEI_2300?formKey=M20190112T164009970&menuSelection=asm" "Mozilla/5.0 (iPhone; CPU iPhone OS 11_4_1 like Mac OS X) AppleWebKit/605.1.15 (KHTML, like Gecko) Mobile/15G77JLAMPMode:iPhone"
112.17.242.155 - - [12/Jan/2019:16:41:54 +0800] "POST /JLAMPCommon/langBatchRows_prc HTTP/1.1" 200 18559 "http://merp.yudo.com.cn:8183/WEI_2300/WEI_2300?formKey=M20190112T164009970&menuSelection=asm" "Mozilla/5.0 (iPhone; CPU iPhone OS 11_4_1 like Mac OS X) AppleWebKit/605.1.15 (KHTML, like Gecko) Mobile/15G77JLAMPMode:iPhone"
112.17.242.155 - - [12/Jan/2019:16:41:54 +0800] "GET /JLAMPCommon/getCookieJson_prc HTTP/1.1" 200 933 "http://merp.yudo.com.cn:8183/WEI_2300/WEI_2300?formKey=M20190112T164009970&menuSelection=asm" "Mozilla/5.0 (iPhone; CPU iPhone OS 11_4_1 like Mac OS X) AppleWebKit/605.1.15 (KHTML, like Gecko) Mobile/15G77JLAMPMode:iPhone"
112.17.242.155 - - [12/Jan/2019:16:41:54 +0800] "GET /image/fonticon/extend_icon.png HTTP/1.1" 304 - "http://merp.yudo.com.cn:8183/WEI_2300/WEI_2300?formKey=M20190112T164009970&menuSelection=asm" "Mozilla/5.0 (iPhone; CPU iPhone OS 11_4_1 like Mac OS X) AppleWebKit/605.1.15 (KHTML, like Gecko) Mobile/15G77JLAMPMode:iPhone"
112.17.242.155 - - [12/Jan/2019:16:41:54 +0800] "GET /image/fonticon/search_icon.png HTTP/1.1" 304 - "http://merp.yudo.com.cn:8183/WEI_2300/WEI_2300?formKey=M20190112T164009970&menuSelection=asm" "Mozilla/5.0 (iPhone; CPU iPhone OS 11_4_1 like Mac OS X) AppleWebKit/605.1.15 (KHTML, like Gecko) Mobile/15G77JLAMPMode:iPhone"
112.17.242.155 - - [12/Jan/2019:16:41:54 +0800] "GET /image/fonticon/write_icon.png HTTP/1.1" 304 - "http://merp.yudo.com.cn:8183/WEI_2300/WEI_2300?formKey=M20190112T164009970&menuSelection=asm" "Mozilla/5.0 (iPhone; CPU iPhone OS 11_4_1 like Mac OS X) AppleWebKit/605.1.15 (KHTML, like Gecko) Mobile/15G77JLAMPMode:iPhone"
112.17.242.155 - - [12/Jan/2019:16:41:55 +0800] "GET /image/fonticon/loading_icon2.png HTTP/1.1" 304 - "http://merp.yudo.com.cn:8183/WEI_2300/WEI_2300?formKey=M20190112T164009970&menuSelection=asm" "Mozilla/5.0 (iPhone; CPU iPhone OS 11_4_1 like Mac OS X) AppleWebKit/605.1.15 (KHTML, like Gecko) Mobile/15G77JLAMPMode:iPhone"
112.17.242.155 - - [12/Jan/2019:16:41:56 +0800] "GET /image/fonticon/back_icon2.png HTTP/1.1" 304 - "http://merp.yudo.com.cn:8183/WEI_2300/WEI_2300?formKey=M20190112T164009970&menuSelection=asm" "Mozilla/5.0 (iPhone; CPU iPhone OS 11_4_1 like Mac OS X) AppleWebKit/605.1.15 (KHTML, like Gecko) Mobile/15G77JLAMPMode:iPhone"
112.17.242.155 - - [12/Jan/2019:16:41:55 +0800] "GET /WEI_2300/getPermission HTTP/1.1" 200 63 "http://merp.yudo.com.cn:8183/WEI_2300/WEI_2300?formKey=M20190112T164009970&menuSelection=asm" "Mozilla/5.0 (iPhone; CPU iPhone OS 11_4_1 like Mac OS X) AppleWebKit/605.1.15 (KHTML, like Gecko) Mobile/15G77JLAMPMode:iPhone"
112.17.242.155 - - [12/Jan/2019:16:41:56 +0800] "GET /image/fonticon/search_class_icon.png HTTP/1.1" 304 - "http://merp.yudo.com.cn:8183/WEI_2300/WEI_2300?formKey=M20190112T164009970&menuSelection=asm" "Mozilla/5.0 (iPhone; CPU iPhone OS 11_4_1 like Mac OS X) AppleWebKit/605.1.15 (KHTML, like Gecko) Mobile/15G77JLAMPMode:iPhone"
112.17.242.155 - - [12/Jan/2019:16:41:56 +0800] "GET /image/fonticon/date_icon.png HTTP/1.1" 304 - "http://merp.yudo.com.cn:8183/WEI_2300/WEI_2300?formKey=M20190112T164009970&menuSelection=asm" "Mozilla/5.0 (iPhone; CPU iPhone OS 11_4_1 like Mac OS X) AppleWebKit/605.1.15 (KHTML, like Gecko) Mobile/15G77JLAMPMode:iPhone"
112.17.242.155 - - [12/Jan/2019:16:41:56 +0800] "GET /image/fonticon/search_user_icon.png HTTP/1.1" 304 - "http://merp.yudo.com.cn:8183/WEI_2300/WEI_2300?formKey=M20190112T164009970&menuSelection=asm" "Mozilla/5.0 (iPhone; CPU iPhone OS 11_4_1 like Mac OS X) AppleWebKit/605.1.15 (KHTML, like Gecko) Mobile/15G77JLAMPMode:iPhone"
112.17.242.155 - - [12/Jan/2019:16:41:56 +0800] "GET /WEI_2300/getLeader HTTP/1.1" 200 215 "http://merp.yudo.com.cn:8183/WEI_2300/WEI_2300?formKey=M20190112T164009970&menuSelection=asm" "Mozilla/5.0 (iPhone; CPU iPhone OS 11_4_1 like Mac OS X) AppleWebKit/605.1.15 (KHTML, like Gecko) Mobile/15G77JLAMPMode:iPhone"
::1 - - [12/Jan/2019:16:41:58 +0800] "OPTIONS * HTTP/1.0" 200 - "-" "Apache/2.4.6 (CentOS) PHP/5.6.32 (internal dummy connection)"
112.17.242.155 - - [12/Jan/2019:16:41:58 +0800] "POST /WEI_2300/getLeaderTarget HTTP/1.1" 200 1623 "http://merp.yudo.com.cn:8183/WEI_2300/WEI_2300?formKey=M20190112T164009970&menuSelection=asm" "Mozilla/5.0 (iPhone; CPU iPhone OS 11_4_1 like Mac OS X) AppleWebKit/605.1.15 (KHTML, like Gecko) Mobile/15G77JLAMPMode:iPhone"
117.136.67.223 - - [12/Jan/2019:16:42:30 +0800] "POST /WEI_2100/save_as HTTP/1.1" 200 74 "http://merp.yudo.com.cn:8183/WEI_2100/WEI_2100?formKey=M20190112T163606760&menuSelection=asm" "Mozilla/5.0 (Linux; Android 7.0; FRD-AL10 Build/HUAWEIFRD-AL10; wv) AppleWebKit/537.36 (KHTML, like Gecko) Version/4.0 Chrome/62.0.3202.84 Mobile Safari/537.36"
112.17.242.155 - - [12/Jan/2019:16:42:27 +0800] "POST /WEI_2300/getLeaderTarget HTTP/1.1" 200 1669 "http://merp.yudo.com.cn:8183/WEI_2300/WEI_2300?formKey=M20190112T164009970&menuSelection=asm" "Mozilla/5.0 (iPhone; CPU iPhone OS 11_4_1 like Mac OS X) AppleWebKit/605.1.15 (KHTML, like Gecko) Mobile/15G77JLAMPMode:iPhone"
117.136.67.223 - - [12/Jan/2019:16:42:30 +0800] "GET /WEI_2100/as_minute?asid=2019010509 HTTP/1.1" 200 1918 "http://merp.yudo.com.cn:8183/WEI_2100/WEI_2100?formKey=M20190112T163606760&menuSelection=asm" "Mozilla/5.0 (Linux; Android 7.0; FRD-AL10 Build/HUAWEIFRD-AL10; wv) AppleWebKit/537.36 (KHTML, like Gecko) Version/4.0 Chrome/62.0.3202.84 Mobile Safari/537.36"
117.136.67.223 - - [12/Jan/2019:16:42:30 +0800] "GET /WEI_2100/as_minute_table?asid=2019010509 HTTP/1.1" 200 63 "http://merp.yudo.com.cn:8183/WEI_2100/WEI_2100?formKey=M20190112T163606760&menuSelection=asm" "Mozilla/5.0 (Linux; Android 7.0; FRD-AL10 Build/HUAWEIFRD-AL10; wv) AppleWebKit/537.36 (KHTML, like Gecko) Version/4.0 Chrome/62.0.3202.84 Mobile Safari/537.36"
117.136.67.223 - - [12/Jan/2019:16:42:32 +0800] "GET /WEI_2100/systemclass_mini_prc?bigsysid=AS10110030&minisysid=ascause_c HTTP/1.1" 200 119 "http://merp.yudo.com.cn:8183/WEI_2100/WEI_2100?formKey=M20190112T163606760&menuSelection=asm" "Mozilla/5.0 (Linux; Android 7.0; FRD-AL10 Build/HUAWEIFRD-AL10; wv) AppleWebKit/537.36 (KHTML, like Gecko) Version/4.0 Chrome/62.0.3202.84 Mobile Safari/537.36"
117.136.67.223 - - [12/Jan/2019:16:42:32 +0800] "GET /WEI_2100/systemclass_mini_prc?bigsysid=AS10060050&minisysid=asclass1_c HTTP/1.1" 200 844 "http://merp.yudo.com.cn:8183/WEI_2100/WEI_2100?formKey=M20190112T163606760&menuSelection=asm" "Mozilla/5.0 (Linux; Android 7.0; FRD-AL10 Build/HUAWEIFRD-AL10; wv) AppleWebKit/537.36 (KHTML, like Gecko) Version/4.0 Chrome/62.0.3202.84 Mobile Safari/537.36"
117.136.67.223 - - [12/Jan/2019:16:42:32 +0800] "GET /WEI_2100/systemclass_mini_prc?bigsysid=SA10360110&minisysid=supplyscope_c3 HTTP/1.1" 200 202 "http://merp.yudo.com.cn:8183/WEI_2100/WEI_2100?formKey=M20190112T163606760&menuSelection=asm" "Mozilla/5.0 (Linux; Android 7.0; FRD-AL10 Build/HUAWEIFRD-AL10; wv) AppleWebKit/537.36 (KHTML, like Gecko) Version/4.0 Chrome/62.0.3202.84 Mobile Safari/537.36"
117.136.67.223 - - [12/Jan/2019:16:42:32 +0800] "GET /WEI_2100/systemclass_mini_prc?bigsysid=SA10340020&minisysid=supplyscope_c1 HTTP/1.1" 200 1053 "http://merp.yudo.com.cn:8183/WEI_2100/WEI_2100?formKey=M20190112T163606760&menuSelection=asm" "Mozilla/5.0 (Linux; Android 7.0; FRD-AL10 Build/HUAWEIFRD-AL10; wv) AppleWebKit/537.36 (KHTML, like Gecko) Version/4.0 Chrome/62.0.3202.84 Mobile Safari/537.36"
117.136.67.223 - - [12/Jan/2019:16:42:32 +0800] "GET /WEI_2100/systemclass_mini_prc?bigsysid=SA10350063&minisysid=supplyscope_c2 HTTP/1.1" 200 99 "http://merp.yudo.com.cn:8183/WEI_2100/WEI_2100?formKey=M20190112T163606760&menuSelection=asm" "Mozilla/5.0 (Linux; Android 7.0; FRD-AL10 Build/HUAWEIFRD-AL10; wv) AppleWebKit/537.36 (KHTML, like Gecko) Version/4.0 Chrome/62.0.3202.84 Mobile Safari/537.36"
117.136.67.223 - - [12/Jan/2019:16:42:32 +0800] "GET /WEI_2100/systemclass_mini_prc?bigsysid=SA10380514&minisysid=supplyscope_c5 HTTP/1.1" 200 579 "http://merp.yudo.com.cn:8183/WEI_2100/WEI_2100?formKey=M20190112T163606760&menuSelection=asm" "Mozilla/5.0 (Linux; Android 7.0; FRD-AL10 Build/HUAWEIFRD-AL10; wv) AppleWebKit/537.36 (KHTML, like Gecko) Version/4.0 Chrome/62.0.3202.84 Mobile Safari/537.36"
117.136.67.223 - - [12/Jan/2019:16:42:32 +0800] "GET /WEI_2100/systemclass_mini_prc?bigsysid=SA10370334&minisysid=supplyscope_c4 HTTP/1.1" 200 137 "http://merp.yudo.com.cn:8183/WEI_2100/WEI_2100?formKey=M20190112T163606760&menuSelection=asm" "Mozilla/5.0 (Linux; Android 7.0; FRD-AL10 Build/HUAWEIFRD-AL10; wv) AppleWebKit/537.36 (KHTML, like Gecko) Version/4.0 Chrome/62.0.3202.84 Mobile Safari/537.36"
::1 - - [12/Jan/2019:16:42:41 +0800] "OPTIONS * HTTP/1.0" 200 - "-" "Apache/2.4.6 (CentOS) PHP/5.6.32 (internal dummy connection)"
117.136.67.223 - - [12/Jan/2019:16:42:59 +0800] "GET /WEI_2100/as_item?asitemid=%E9%9D%9E%E6%A0%87&asitemnm=%E9%9D%9E%E6%A0%87&asitempage=0 HTTP/1.1" 200 63 "http://merp.yudo.com.cn:8183/WEI_2100/WEI_2100?formKey=M20190112T163606760&menuSelection=asm" "Mozilla/5.0 (Linux; Android 7.0; FRD-AL10 Build/HUAWEIFRD-AL10; wv) AppleWebKit/537.36 (KHTML, like Gecko) Version/4.0 Chrome/62.0.3202.84 Mobile Safari/537.36"
112.17.242.155 - - [12/Jan/2019:16:43:05 +0800] "POST /WEI_2300/getLeaderTarget HTTP/1.1" 200 1623 "http://merp.yudo.com.cn:8183/WEI_2300/WEI_2300?formKey=M20190112T164009970&menuSelection=asm" "Mozilla/5.0 (iPhone; CPU iPhone OS 11_4_1 like Mac OS X) AppleWebKit/605.1.15 (KHTML, like Gecko) Mobile/15G77JLAMPMode:iPhone"
117.136.67.223 - - [12/Jan/2019:16:43:10 +0800] "GET /WEI_2100/as_item?asitemid=%25%E9%9D%9E%E6%A0%87&asitemnm=%E9%9D%9E%E6%A0%87&asitempage=0 HTTP/1.1" 200 63 "http://merp.yudo.com.cn:8183/WEI_2100/WEI_2100?formKey=M20190112T163606760&menuSelection=asm" "Mozilla/5.0 (Linux; Android 7.0; FRD-AL10 Build/HUAWEIFRD-AL10; wv) AppleWebKit/537.36 (KHTML, like Gecko) Version/4.0 Chrome/62.0.3202.84 Mobile Safari/537.36"
117.136.67.223 - - [12/Jan/2019:16:43:13 +0800] "GET /WEI_2100/as_item?asitemid=%25%E9%9D%9E%E6%A0%87&asitemnm=&asitempage=0 HTTP/1.1" 200 63 "http://merp.yudo.com.cn:8183/WEI_2100/WEI_2100?formKey=M20190112T163606760&menuSelection=asm" "Mozilla/5.0 (Linux; Android 7.0; FRD-AL10 Build/HUAWEIFRD-AL10; wv) AppleWebKit/537.36 (KHTML, like Gecko) Version/4.0 Chrome/62.0.3202.84 Mobile Safari/537.36"
117.136.67.223 - - [12/Jan/2019:16:43:23 +0800] "GET /WEI_2100/as_item?asitemid=&asitemnm=%25%E9%9D%9E%E6%A0%87&asitempage=0 HTTP/1.1" 200 9496 "http://merp.yudo.com.cn:8183/WEI_2100/WEI_2100?formKey=M20190112T163606760&menuSelection=asm" "Mozilla/5.0 (Linux; Android 7.0; FRD-AL10 Build/HUAWEIFRD-AL10; wv) AppleWebKit/537.36 (KHTML, like Gecko) Version/4.0 Chrome/62.0.3202.84 Mobile Safari/537.36"
117.136.67.223 - - [12/Jan/2019:16:43:36 +0800] "GET /WEI_2100/as_item?asitemid=&asitemnm=%25%E9%9D%9E%E6%A0%87TIP&asitempage=0 HTTP/1.1" 200 63 "http://merp.yudo.com.cn:8183/WEI_2100/WEI_2100?formKey=M20190112T163606760&menuSelection=asm" "Mozilla/5.0 (Linux; Android 7.0; FRD-AL10 Build/HUAWEIFRD-AL10; wv) AppleWebKit/537.36 (KHTML, like Gecko) Version/4.0 Chrome/62.0.3202.84 Mobile Safari/537.36"
117.136.67.223 - - [12/Jan/2019:16:43:46 +0800] "GET /WEI_2100/as_item?asitemid=NS&asitemnm=&asitempage=0 HTTP/1.1" 200 9543 "http://merp.yudo.com.cn:8183/WEI_2100/WEI_2100?formKey=M20190112T163606760&menuSelection=asm" "Mozilla/5.0 (Linux; Android 7.0; FRD-AL10 Build/HUAWEIFRD-AL10; wv) AppleWebKit/537.36 (KHTML, like Gecko) Version/4.0 Chrome/62.0.3202.84 Mobile Safari/537.36"
117.136.67.223 - - [12/Jan/2019:16:44:35 +0800] "POST /WEI_2100/save_astable HTTP/1.1" 200 204 "http://merp.yudo.com.cn:8183/WEI_2100/WEI_2100?formKey=M20190112T163606760&menuSelection=asm" "Mozilla/5.0 (Linux; Android 7.0; FRD-AL10 Build/HUAWEIFRD-AL10; wv) AppleWebKit/537.36 (KHTML, like Gecko) Version/4.0 Chrome/62.0.3202.84 Mobile Safari/537.36"
117.136.67.223 - - [12/Jan/2019:16:44:35 +0800] "GET /WEI_2100/as_minute_table?asid=2019010509 HTTP/1.1" 200 347 "http://merp.yudo.com.cn:8183/WEI_2100/WEI_2100?formKey=M20190112T163606760&menuSelection=asm" "Mozilla/5.0 (Linux; Android 7.0; FRD-AL10 Build/HUAWEIFRD-AL10; wv) AppleWebKit/537.36 (KHTML, like Gecko) Version/4.0 Chrome/62.0.3202.84 Mobile Safari/537.36"
117.136.67.223 - - [12/Jan/2019:16:44:43 +0800] "POST /WEI_2100/save_as HTTP/1.1" 200 76 "http://merp.yudo.com.cn:8183/WEI_2100/WEI_2100?formKey=M20190112T163606760&menuSelection=asm" "Mozilla/5.0 (Linux; Android 7.0; FRD-AL10 Build/HUAWEIFRD-AL10; wv) AppleWebKit/537.36 (KHTML, like Gecko) Version/4.0 Chrome/62.0.3202.84 Mobile Safari/537.36"
117.136.67.223 - - [12/Jan/2019:16:44:43 +0800] "GET /WEI_2100/as_minute?asid=2019010509 HTTP/1.1" 200 1953 "http://merp.yudo.com.cn:8183/WEI_2100/WEI_2100?formKey=M20190112T163606760&menuSelection=asm" "Mozilla/5.0 (Linux; Android 7.0; FRD-AL10 Build/HUAWEIFRD-AL10; wv) AppleWebKit/537.36 (KHTML, like Gecko) Version/4.0 Chrome/62.0.3202.84 Mobile Safari/537.36"
117.136.67.223 - - [12/Jan/2019:16:44:43 +0800] "GET /WEI_2100/as_minute_table?asid=2019010509 HTTP/1.1" 200 347 "http://merp.yudo.com.cn:8183/WEI_2100/WEI_2100?formKey=M20190112T163606760&menuSelection=asm" "Mozilla/5.0 (Linux; Android 7.0; FRD-AL10 Build/HUAWEIFRD-AL10; wv) AppleWebKit/537.36 (KHTML, like Gecko) Version/4.0 Chrome/62.0.3202.84 Mobile Safari/537.36"
117.136.67.223 - - [12/Jan/2019:16:44:44 +0800] "GET /WEI_2100/systemclass_mini_prc?bigsysid=AS10110030&minisysid=ascause_c HTTP/1.1" 200 119 "http://merp.yudo.com.cn:8183/WEI_2100/WEI_2100?formKey=M20190112T163606760&menuSelection=asm" "Mozilla/5.0 (Linux; Android 7.0; FRD-AL10 Build/HUAWEIFRD-AL10; wv) AppleWebKit/537.36 (KHTML, like Gecko) Version/4.0 Chrome/62.0.3202.84 Mobile Safari/537.36"
117.136.67.223 - - [12/Jan/2019:16:44:44 +0800] "GET /WEI_2100/systemclass_mini_prc?bigsysid=AS10060050&minisysid=asclass1_c HTTP/1.1" 200 844 "http://merp.yudo.com.cn:8183/WEI_2100/WEI_2100?formKey=M20190112T163606760&menuSelection=asm" "Mozilla/5.0 (Linux; Android 7.0; FRD-AL10 Build/HUAWEIFRD-AL10; wv) AppleWebKit/537.36 (KHTML, like Gecko) Version/4.0 Chrome/62.0.3202.84 Mobile Safari/537.36"
117.136.67.223 - - [12/Jan/2019:16:44:44 +0800] "GET /WEI_2100/systemclass_mini_prc?bigsysid=SA10350063&minisysid=supplyscope_c2 HTTP/1.1" 200 99 "http://merp.yudo.com.cn:8183/WEI_2100/WEI_2100?formKey=M20190112T163606760&menuSelection=asm" "Mozilla/5.0 (Linux; Android 7.0; FRD-AL10 Build/HUAWEIFRD-AL10; wv) AppleWebKit/537.36 (KHTML, like Gecko) Version/4.0 Chrome/62.0.3202.84 Mobile Safari/537.36"
117.136.67.223 - - [12/Jan/2019:16:44:44 +0800] "GET /WEI_2100/systemclass_mini_prc?bigsysid=SA10360110&minisysid=supplyscope_c3 HTTP/1.1" 200 202 "http://merp.yudo.com.cn:8183/WEI_2100/WEI_2100?formKey=M20190112T163606760&menuSelection=asm" "Mozilla/5.0 (Linux; Android 7.0; FRD-AL10 Build/HUAWEIFRD-AL10; wv) AppleWebKit/537.36 (KHTML, like Gecko) Version/4.0 Chrome/62.0.3202.84 Mobile Safari/537.36"
117.136.67.223 - - [12/Jan/2019:16:44:44 +0800] "GET /WEI_2100/systemclass_mini_prc?bigsysid=SA10340020&minisysid=supplyscope_c1 HTTP/1.1" 200 1053 "http://merp.yudo.com.cn:8183/WEI_2100/WEI_2100?formKey=M20190112T163606760&menuSelection=asm" "Mozilla/5.0 (Linux; Android 7.0; FRD-AL10 Build/HUAWEIFRD-AL10; wv) AppleWebKit/537.36 (KHTML, like Gecko) Version/4.0 Chrome/62.0.3202.84 Mobile Safari/537.36"
117.136.67.223 - - [12/Jan/2019:16:44:44 +0800] "GET /WEI_2100/systemclass_mini_prc?bigsysid=SA10380514&minisysid=supplyscope_c5 HTTP/1.1" 200 579 "http://merp.yudo.com.cn:8183/WEI_2100/WEI_2100?formKey=M20190112T163606760&menuSelection=asm" "Mozilla/5.0 (Linux; Android 7.0; FRD-AL10 Build/HUAWEIFRD-AL10; wv) AppleWebKit/537.36 (KHTML, like Gecko) Version/4.0 Chrome/62.0.3202.84 Mobile Safari/537.36"
117.136.67.223 - - [12/Jan/2019:16:44:44 +0800] "GET /WEI_2100/systemclass_mini_prc?bigsysid=SA10370334&minisysid=supplyscope_c4 HTTP/1.1" 200 137 "http://merp.yudo.com.cn:8183/WEI_2100/WEI_2100?formKey=M20190112T163606760&menuSelection=asm" "Mozilla/5.0 (Linux; Android 7.0; FRD-AL10 Build/HUAWEIFRD-AL10; wv) AppleWebKit/537.36 (KHTML, like Gecko) Version/4.0 Chrome/62.0.3202.84 Mobile Safari/537.36"
::1 - - [12/Jan/2019:16:44:53 +0800] "OPTIONS * HTTP/1.0" 200 - "-" "Apache/2.4.6 (CentOS) PHP/5.6.32 (internal dummy connection)"
117.136.67.223 - - [12/Jan/2019:16:44:58 +0800] "POST /WEI_2100/subAdjudication HTTP/1.1" 200 71 "http://merp.yudo.com.cn:8183/WEI_2100/WEI_2100?formKey=M20190112T163606760&menuSelection=asm" "Mozilla/5.0 (Linux; Android 7.0; FRD-AL10 Build/HUAWEIFRD-AL10; wv) AppleWebKit/537.36 (KHTML, like Gecko) Version/4.0 Chrome/62.0.3202.84 Mobile Safari/537.36"
117.136.67.223 - - [12/Jan/2019:16:44:58 +0800] "GET /WEI_2100/as_minute?asid=2019010509 HTTP/1.1" 200 1953 "http://merp.yudo.com.cn:8183/WEI_2100/WEI_2100?formKey=M20190112T163606760&menuSelection=asm" "Mozilla/5.0 (Linux; Android 7.0; FRD-AL10 Build/HUAWEIFRD-AL10; wv) AppleWebKit/537.36 (KHTML, like Gecko) Version/4.0 Chrome/62.0.3202.84 Mobile Safari/537.36"
117.136.67.223 - - [12/Jan/2019:16:44:58 +0800] "GET /WEI_2100/as_minute_table?asid=2019010509 HTTP/1.1" 200 347 "http://merp.yudo.com.cn:8183/WEI_2100/WEI_2100?formKey=M20190112T163606760&menuSelection=asm" "Mozilla/5.0 (Linux; Android 7.0; FRD-AL10 Build/HUAWEIFRD-AL10; wv) AppleWebKit/537.36 (KHTML, like Gecko) Version/4.0 Chrome/62.0.3202.84 Mobile Safari/537.36"
117.136.67.223 - - [12/Jan/2019:16:44:58 +0800] "POST /WEI_2100/as_sendSmsToUser HTTP/1.1" 200 66 "http://merp.yudo.com.cn:8183/WEI_2100/WEI_2100?formKey=M20190112T163606760&menuSelection=asm" "Mozilla/5.0 (Linux; Android 7.0; FRD-AL10 Build/HUAWEIFRD-AL10; wv) AppleWebKit/537.36 (KHTML, like Gecko) Version/4.0 Chrome/62.0.3202.84 Mobile Safari/537.36"
117.136.67.223 - - [12/Jan/2019:16:45:00 +0800] "GET /WEI_2100/systemclass_mini_prc?bigsysid=AS10110030&minisysid=ascause_c HTTP/1.1" 200 119 "http://merp.yudo.com.cn:8183/WEI_2100/WEI_2100?formKey=M20190112T163606760&menuSelection=asm" "Mozilla/5.0 (Linux; Android 7.0; FRD-AL10 Build/HUAWEIFRD-AL10; wv) AppleWebKit/537.36 (KHTML, like Gecko) Version/4.0 Chrome/62.0.3202.84 Mobile Safari/537.36"
117.136.67.223 - - [12/Jan/2019:16:45:00 +0800] "GET /WEI_2100/systemclass_mini_prc?bigsysid=SA10340020&minisysid=supplyscope_c1 HTTP/1.1" 200 1053 "http://merp.yudo.com.cn:8183/WEI_2100/WEI_2100?formKey=M20190112T163606760&menuSelection=asm" "Mozilla/5.0 (Linux; Android 7.0; FRD-AL10 Build/HUAWEIFRD-AL10; wv) AppleWebKit/537.36 (KHTML, like Gecko) Version/4.0 Chrome/62.0.3202.84 Mobile Safari/537.36"
117.136.67.223 - - [12/Jan/2019:16:45:00 +0800] "GET /WEI_2100/systemclass_mini_prc?bigsysid=AS10060050&minisysid=asclass1_c HTTP/1.1" 200 844 "http://merp.yudo.com.cn:8183/WEI_2100/WEI_2100?formKey=M20190112T163606760&menuSelection=asm" "Mozilla/5.0 (Linux; Android 7.0; FRD-AL10 Build/HUAWEIFRD-AL10; wv) AppleWebKit/537.36 (KHTML, like Gecko) Version/4.0 Chrome/62.0.3202.84 Mobile Safari/537.36"
117.136.67.223 - - [12/Jan/2019:16:45:00 +0800] "GET /WEI_2100/systemclass_mini_prc?bigsysid=SA10360110&minisysid=supplyscope_c3 HTTP/1.1" 200 202 "http://merp.yudo.com.cn:8183/WEI_2100/WEI_2100?formKey=M20190112T163606760&menuSelection=asm" "Mozilla/5.0 (Linux; Android 7.0; FRD-AL10 Build/HUAWEIFRD-AL10; wv) AppleWebKit/537.36 (KHTML, like Gecko) Version/4.0 Chrome/62.0.3202.84 Mobile Safari/537.36"
117.136.67.223 - - [12/Jan/2019:16:45:01 +0800] "GET /WEI_2100/systemclass_mini_prc?bigsysid=SA10370334&minisysid=supplyscope_c4 HTTP/1.1" 200 137 "http://merp.yudo.com.cn:8183/WEI_2100/WEI_2100?formKey=M20190112T163606760&menuSelection=asm" "Mozilla/5.0 (Linux; Android 7.0; FRD-AL10 Build/HUAWEIFRD-AL10; wv) AppleWebKit/537.36 (KHTML, like Gecko) Version/4.0 Chrome/62.0.3202.84 Mobile Safari/537.36"
117.136.67.223 - - [12/Jan/2019:16:45:01 +0800] "GET /WEI_2100/systemclass_mini_prc?bigsysid=SA10380514&minisysid=supplyscope_c5 HTTP/1.1" 200 579 "http://merp.yudo.com.cn:8183/WEI_2100/WEI_2100?formKey=M20190112T163606760&menuSelection=asm" "Mozilla/5.0 (Linux; Android 7.0; FRD-AL10 Build/HUAWEIFRD-AL10; wv) AppleWebKit/537.36 (KHTML, like Gecko) Version/4.0 Chrome/62.0.3202.84 Mobile Safari/537.36"
117.136.67.223 - - [12/Jan/2019:16:45:00 +0800] "GET /WEI_2100/systemclass_mini_prc?bigsysid=SA10350063&minisysid=supplyscope_c2 HTTP/1.1" 200 99 "http://merp.yudo.com.cn:8183/WEI_2100/WEI_2100?formKey=M20190112T163606760&menuSelection=asm" "Mozilla/5.0 (Linux; Android 7.0; FRD-AL10 Build/HUAWEIFRD-AL10; wv) AppleWebKit/537.36 (KHTML, like Gecko) Version/4.0 Chrome/62.0.3202.84 Mobile Safari/537.36"
117.136.67.223 - - [12/Jan/2019:16:45:06 +0800] "POST /WEI_2100/subAdjudication HTTP/1.1" 200 102 "http://merp.yudo.com.cn:8183/WEI_2100/WEI_2100?formKey=M20190112T163606760&menuSelection=asm" "Mozilla/5.0 (Linux; Android 7.0; FRD-AL10 Build/HUAWEIFRD-AL10; wv) AppleWebKit/537.36 (KHTML, like Gecko) Version/4.0 Chrome/62.0.3202.84 Mobile Safari/537.36"
::1 - - [12/Jan/2019:16:45:13 +0800] "OPTIONS * HTTP/1.0" 200 - "-" "Apache/2.4.6 (CentOS) PHP/5.6.32 (internal dummy connection)"
117.136.67.223 - - [12/Jan/2019:16:45:23 +0800] "GET /WEI_2100/as_prc?asid=&custnm=&startDate=2019-01-01&endDate=2019-01-12&ascount=0 HTTP/1.1" 200 3811 "http://merp.yudo.com.cn:8183/WEI_2100/WEI_2100?formKey=M20190112T163606760&menuSelection=asm" "Mozilla/5.0 (Linux; Android 7.0; FRD-AL10 Build/HUAWEIFRD-AL10; wv) AppleWebKit/537.36 (KHTML, like Gecko) Version/4.0 Chrome/62.0.3202.84 Mobile Safari/537.36"
117.136.67.223 - - [12/Jan/2019:16:45:33 +0800] "GET /WEI_2100/as_minute?asid=2019010509 HTTP/1.1" 200 1953 "http://merp.yudo.com.cn:8183/WEI_2100/WEI_2100?formKey=M20190112T163606760&menuSelection=asm" "Mozilla/5.0 (Linux; Android 7.0; FRD-AL10 Build/HUAWEIFRD-AL10; wv) AppleWebKit/537.36 (KHTML, like Gecko) Version/4.0 Chrome/62.0.3202.84 Mobile Safari/537.36"
117.136.67.223 - - [12/Jan/2019:16:45:33 +0800] "GET /WEI_2100/as_minute_table?asid=2019010509 HTTP/1.1" 200 347 "http://merp.yudo.com.cn:8183/WEI_2100/WEI_2100?formKey=M20190112T163606760&menuSelection=asm" "Mozilla/5.0 (Linux; Android 7.0; FRD-AL10 Build/HUAWEIFRD-AL10; wv) AppleWebKit/537.36 (KHTML, like Gecko) Version/4.0 Chrome/62.0.3202.84 Mobile Safari/537.36"
117.136.67.223 - - [12/Jan/2019:16:45:34 +0800] "GET /WEI_2100/systemclass_mini_prc?bigsysid=AS10110030&minisysid=ascause_c HTTP/1.1" 200 119 "http://merp.yudo.com.cn:8183/WEI_2100/WEI_2100?formKey=M20190112T163606760&menuSelection=asm" "Mozilla/5.0 (Linux; Android 7.0; FRD-AL10 Build/HUAWEIFRD-AL10; wv) AppleWebKit/537.36 (KHTML, like Gecko) Version/4.0 Chrome/62.0.3202.84 Mobile Safari/537.36"
117.136.67.223 - - [12/Jan/2019:16:45:34 +0800] "GET /WEI_2100/systemclass_mini_prc?bigsysid=AS10060050&minisysid=asclass1_c HTTP/1.1" 200 844 "http://merp.yudo.com.cn:8183/WEI_2100/WEI_2100?formKey=M20190112T163606760&menuSelection=asm" "Mozilla/5.0 (Linux; Android 7.0; FRD-AL10 Build/HUAWEIFRD-AL10; wv) AppleWebKit/537.36 (KHTML, like Gecko) Version/4.0 Chrome/62.0.3202.84 Mobile Safari/537.36"
117.136.67.223 - - [12/Jan/2019:16:45:34 +0800] "GET /WEI_2100/systemclass_mini_prc?bigsysid=SA10340020&minisysid=supplyscope_c1 HTTP/1.1" 200 1053 "http://merp.yudo.com.cn:8183/WEI_2100/WEI_2100?formKey=M20190112T163606760&menuSelection=asm" "Mozilla/5.0 (Linux; Android 7.0; FRD-AL10 Build/HUAWEIFRD-AL10; wv) AppleWebKit/537.36 (KHTML, like Gecko) Version/4.0 Chrome/62.0.3202.84 Mobile Safari/537.36"
117.136.67.223 - - [12/Jan/2019:16:45:34 +0800] "GET /WEI_2100/systemclass_mini_prc?bigsysid=SA10370334&minisysid=supplyscope_c4 HTTP/1.1" 200 137 "http://merp.yudo.com.cn:8183/WEI_2100/WEI_2100?formKey=M20190112T163606760&menuSelection=asm" "Mozilla/5.0 (Linux; Android 7.0; FRD-AL10 Build/HUAWEIFRD-AL10; wv) AppleWebKit/537.36 (KHTML, like Gecko) Version/4.0 Chrome/62.0.3202.84 Mobile Safari/537.36"
117.136.67.223 - - [12/Jan/2019:16:45:34 +0800] "GET /WEI_2100/systemclass_mini_prc?bigsysid=SA10360110&minisysid=supplyscope_c3 HTTP/1.1" 200 202 "http://merp.yudo.com.cn:8183/WEI_2100/WEI_2100?formKey=M20190112T163606760&menuSelection=asm" "Mozilla/5.0 (Linux; Android 7.0; FRD-AL10 Build/HUAWEIFRD-AL10; wv) AppleWebKit/537.36 (KHTML, like Gecko) Version/4.0 Chrome/62.0.3202.84 Mobile Safari/537.36"
117.136.67.223 - - [12/Jan/2019:16:45:34 +0800] "GET /WEI_2100/systemclass_mini_prc?bigsysid=SA10380514&minisysid=supplyscope_c5 HTTP/1.1" 200 579 "http://merp.yudo.com.cn:8183/WEI_2100/WEI_2100?formKey=M20190112T163606760&menuSelection=asm" "Mozilla/5.0 (Linux; Android 7.0; FRD-AL10 Build/HUAWEIFRD-AL10; wv) AppleWebKit/537.36 (KHTML, like Gecko) Version/4.0 Chrome/62.0.3202.84 Mobile Safari/537.36"
117.136.67.223 - - [12/Jan/2019:16:45:34 +0800] "GET /WEI_2100/systemclass_mini_prc?bigsysid=SA10350063&minisysid=supplyscope_c2 HTTP/1.1" 200 99 "http://merp.yudo.com.cn:8183/WEI_2100/WEI_2100?formKey=M20190112T163606760&menuSelection=asm" "Mozilla/5.0 (Linux; Android 7.0; FRD-AL10 Build/HUAWEIFRD-AL10; wv) AppleWebKit/537.36 (KHTML, like Gecko) Version/4.0 Chrome/62.0.3202.84 Mobile Safari/537.36"
::1 - - [12/Jan/2019:16:45:46 +0800] "OPTIONS * HTTP/1.0" 200 - "-" "Apache/2.4.6 (CentOS) PHP/5.6.32 (internal dummy connection)"
117.136.67.223 - - [12/Jan/2019:16:51:02 +0800] "GET /?deviceType=mobile&devicePlatform=android HTTP/1.1" 302 149 "-" "Mozilla/5.0 (Linux; Android 7.0; FRD-AL10 Build/HUAWEIFRD-AL10; wv) AppleWebKit/537.36 (KHTML, like Gecko) Version/4.0 Chrome/62.0.3202.84 Mobile Safari/537.36"
117.136.67.223 - - [12/Jan/2019:16:51:03 +0800] "GET /Menu/Menu?formKey=M20190112T164924817 HTTP/1.1" 200 5925 "-" "Mozilla/5.0 (Linux; Android 7.0; FRD-AL10 Build/HUAWEIFRD-AL10; wv) AppleWebKit/537.36 (KHTML, like Gecko) Version/4.0 Chrome/62.0.3202.84 Mobile Safari/537.36"
117.136.67.223 - - [12/Jan/2019:16:51:03 +0800] "POST /JLAMPCommon/langBatchRows_prc HTTP/1.1" 200 595 "http://merp.yudo.com.cn:8183/Menu/Menu?formKey=M20190112T164924817" "Mozilla/5.0 (Linux; Android 7.0; FRD-AL10 Build/HUAWEIFRD-AL10; wv) AppleWebKit/537.36 (KHTML, like Gecko) Version/4.0 Chrome/62.0.3202.84 Mobile Safari/537.36"
117.136.67.223 - - [12/Jan/2019:16:51:03 +0800] "GET /JLAMPCommon/getCookieJson_prc HTTP/1.1" 200 912 "http://merp.yudo.com.cn:8183/Menu/Menu?formKey=M20190112T164924817" "Mozilla/5.0 (Linux; Android 7.0; FRD-AL10 Build/HUAWEIFRD-AL10; wv) AppleWebKit/537.36 (KHTML, like Gecko) Version/4.0 Chrome/62.0.3202.84 Mobile Safari/537.36"
117.136.67.223 - - [12/Jan/2019:16:51:03 +0800] "GET /Menu/doMenuRows_prc?formKey=M20190112T164924817 HTTP/1.1" 200 540 "http://merp.yudo.com.cn:8183/Menu/Menu?formKey=M20190112T164924817" "Mozilla/5.0 (Linux; Android 7.0; FRD-AL10 Build/HUAWEIFRD-AL10; wv) AppleWebKit/537.36 (KHTML, like Gecko) Version/4.0 Chrome/62.0.3202.84 Mobile Safari/537.36"
117.136.67.223 - - [12/Jan/2019:16:51:04 +0800] "GET /image/favicon.ico HTTP/1.1" 404 1506 "http://merp.yudo.com.cn:8183/Menu/Menu?formKey=M20190112T164924817" "Mozilla/5.0 (Linux; Android 7.0; FRD-AL10 Build/HUAWEIFRD-AL10; wv) AppleWebKit/537.36 (KHTML, like Gecko) Version/4.0 Chrome/62.0.3202.84 Mobile Safari/537.36"
117.136.67.223 - - [12/Jan/2019:16:51:12 +0800] "GET /WEI_2300/WEI_2300?formKey=M20190112T164924817&menuSelection=asm HTTP/1.1" 200 42837 "http://merp.yudo.com.cn:8183/Menu/Menu?formKey=M20190112T164924817" "Mozilla/5.0 (Linux; Android 7.0; FRD-AL10 Build/HUAWEIFRD-AL10; wv) AppleWebKit/537.36 (KHTML, like Gecko) Version/4.0 Chrome/62.0.3202.84 Mobile Safari/537.36"
117.136.67.223 - - [12/Jan/2019:16:51:12 +0800] "GET /css/yudo-ui.css?v=1050 HTTP/1.1" 200 19309 "http://merp.yudo.com.cn:8183/WEI_2300/WEI_2300?formKey=M20190112T164924817&menuSelection=asm" "Mozilla/5.0 (Linux; Android 7.0; FRD-AL10 Build/HUAWEIFRD-AL10; wv) AppleWebKit/537.36 (KHTML, like Gecko) Version/4.0 Chrome/62.0.3202.84 Mobile Safari/537.36"
117.136.67.223 - - [12/Jan/2019:16:51:12 +0800] "GET /css/mui.picker.min.css HTTP/1.1" 200 4843 "http://merp.yudo.com.cn:8183/WEI_2300/WEI_2300?formKey=M20190112T164924817&menuSelection=asm" "Mozilla/5.0 (Linux; Android 7.0; FRD-AL10 Build/HUAWEIFRD-AL10; wv) AppleWebKit/537.36 (KHTML, like Gecko) Version/4.0 Chrome/62.0.3202.84 Mobile Safari/537.36"
117.136.67.223 - - [12/Jan/2019:16:51:12 +0800] "GET /js/multiHttp.js?v=1001 HTTP/1.1" 200 7163 "http://merp.yudo.com.cn:8183/WEI_2300/WEI_2300?formKey=M20190112T164924817&menuSelection=asm" "Mozilla/5.0 (Linux; Android 7.0; FRD-AL10 Build/HUAWEIFRD-AL10; wv) AppleWebKit/537.36 (KHTML, like Gecko) Version/4.0 Chrome/62.0.3202.84 Mobile Safari/537.36"
117.136.67.223 - - [12/Jan/2019:16:51:12 +0800] "GET /css/mui.min.css?v=1008 HTTP/1.1" 200 76587 "http://merp.yudo.com.cn:8183/WEI_2300/WEI_2300?formKey=M20190112T164924817&menuSelection=asm" "Mozilla/5.0 (Linux; Android 7.0; FRD-AL10 Build/HUAWEIFRD-AL10; wv) AppleWebKit/537.36 (KHTML, like Gecko) Version/4.0 Chrome/62.0.3202.84 Mobile Safari/537.36"
117.136.67.223 - - [12/Jan/2019:16:51:12 +0800] "GET /js/lang.min.js?v=1001 HTTP/1.1" 200 904 "http://merp.yudo.com.cn:8183/WEI_2300/WEI_2300?formKey=M20190112T164924817&menuSelection=asm" "Mozilla/5.0 (Linux; Android 7.0; FRD-AL10 Build/HUAWEIFRD-AL10; wv) AppleWebKit/537.36 (KHTML, like Gecko) Version/4.0 Chrome/62.0.3202.84 Mobile Safari/537.36"
117.136.67.223 - - [12/Jan/2019:16:51:12 +0800] "GET /js/mui.previewimage.js?v=201804261256 HTTP/1.1" 200 13324 "http://merp.yudo.com.cn:8183/WEI_2300/WEI_2300?formKey=M20190112T164924817&menuSelection=asm" "Mozilla/5.0 (Linux; Android 7.0; FRD-AL10 Build/HUAWEIFRD-AL10; wv) AppleWebKit/537.36 (KHTML, like Gecko) Version/4.0 Chrome/62.0.3202.84 Mobile Safari/537.36"
117.136.67.223 - - [12/Jan/2019:16:51:12 +0800] "GET /js/mui.min.js?v=1001 HTTP/1.1" 200 115810 "http://merp.yudo.com.cn:8183/WEI_2300/WEI_2300?formKey=M20190112T164924817&menuSelection=asm" "Mozilla/5.0 (Linux; Android 7.0; FRD-AL10 Build/HUAWEIFRD-AL10; wv) AppleWebKit/537.36 (KHTML, like Gecko) Version/4.0 Chrome/62.0.3202.84 Mobile Safari/537.36"
117.136.67.223 - - [12/Jan/2019:16:51:12 +0800] "GET /js/mui.zoom.js?v=201804231454 HTTP/1.1" 200 11703 "http://merp.yudo.com.cn:8183/WEI_2300/WEI_2300?formKey=M20190112T164924817&menuSelection=asm" "Mozilla/5.0 (Linux; Android 7.0; FRD-AL10 Build/HUAWEIFRD-AL10; wv) AppleWebKit/537.36 (KHTML, like Gecko) Version/4.0 Chrome/62.0.3202.84 Mobile Safari/537.36"
117.136.67.223 - - [12/Jan/2019:16:51:12 +0800] "GET /js/mui.picker.min.js?v=1001 HTTP/1.1" 200 18411 "http://merp.yudo.com.cn:8183/WEI_2300/WEI_2300?formKey=M20190112T164924817&menuSelection=asm" "Mozilla/5.0 (Linux; Android 7.0; FRD-AL10 Build/HUAWEIFRD-AL10; wv) AppleWebKit/537.36 (KHTML, like Gecko) Version/4.0 Chrome/62.0.3202.84 Mobile Safari/537.36"
117.136.67.223 - - [12/Jan/2019:16:51:12 +0800] "GET /js/common.js HTTP/1.1" 200 11633 "http://merp.yudo.com.cn:8183/WEI_2300/WEI_2300?formKey=M20190112T164924817&menuSelection=asm" "Mozilla/5.0 (Linux; Android 7.0; FRD-AL10 Build/HUAWEIFRD-AL10; wv) AppleWebKit/537.36 (KHTML, like Gecko) Version/4.0 Chrome/62.0.3202.84 Mobile Safari/537.36"
117.136.67.223 - - [12/Jan/2019:16:51:12 +0800] "GET /js/WEI_2300/WEI_2300_Lists.js?v=1062 HTTP/1.1" 200 61920 "http://merp.yudo.com.cn:8183/WEI_2300/WEI_2300?formKey=M20190112T164924817&menuSelection=asm" "Mozilla/5.0 (Linux; Android 7.0; FRD-AL10 Build/HUAWEIFRD-AL10; wv) AppleWebKit/537.36 (KHTML, like Gecko) Version/4.0 Chrome/62.0.3202.84 Mobile Safari/537.36"
117.136.67.223 - - [12/Jan/2019:16:51:12 +0800] "GET /js/vue.js HTTP/1.1" 200 289301 "http://merp.yudo.com.cn:8183/WEI_2300/WEI_2300?formKey=M20190112T164924817&menuSelection=asm" "Mozilla/5.0 (Linux; Android 7.0; FRD-AL10 Build/HUAWEIFRD-AL10; wv) AppleWebKit/537.36 (KHTML, like Gecko) Version/4.0 Chrome/62.0.3202.84 Mobile Safari/537.36"
117.136.67.223 - - [12/Jan/2019:16:51:12 +0800] "GET /js/echarts.min.js HTTP/1.1" 200 744675 "http://merp.yudo.com.cn:8183/WEI_2300/WEI_2300?formKey=M20190112T164924817&menuSelection=asm" "Mozilla/5.0 (Linux; Android 7.0; FRD-AL10 Build/HUAWEIFRD-AL10; wv) AppleWebKit/537.36 (KHTML, like Gecko) Version/4.0 Chrome/62.0.3202.84 Mobile Safari/537.36"
117.136.67.223 - - [12/Jan/2019:16:51:13 +0800] "POST /JLAMPCommon/langBatchRows_prc HTTP/1.1" 200 18559 "http://merp.yudo.com.cn:8183/WEI_2300/WEI_2300?formKey=M20190112T164924817&menuSelection=asm" "Mozilla/5.0 (Linux; Android 7.0; FRD-AL10 Build/HUAWEIFRD-AL10; wv) AppleWebKit/537.36 (KHTML, like Gecko) Version/4.0 Chrome/62.0.3202.84 Mobile Safari/537.36"
117.136.67.223 - - [12/Jan/2019:16:51:13 +0800] "GET /WEI_2300/getLoginInfo HTTP/1.1" 200 142 "http://merp.yudo.com.cn:8183/WEI_2300/WEI_2300?formKey=M20190112T164924817&menuSelection=asm" "Mozilla/5.0 (Linux; Android 7.0; FRD-AL10 Build/HUAWEIFRD-AL10; wv) AppleWebKit/537.36 (KHTML, like Gecko) Version/4.0 Chrome/62.0.3202.84 Mobile Safari/537.36"
117.136.67.223 - - [12/Jan/2019:16:51:13 +0800] "POST /JLAMPCommon/langBatchRows_prc HTTP/1.1" 200 483 "http://merp.yudo.com.cn:8183/WEI_2300/WEI_2300?formKey=M20190112T164924817&menuSelection=asm" "Mozilla/5.0 (Linux; Android 7.0; FRD-AL10 Build/HUAWEIFRD-AL10; wv) AppleWebKit/537.36 (KHTML, like Gecko) Version/4.0 Chrome/62.0.3202.84 Mobile Safari/537.36"
117.136.67.223 - - [12/Jan/2019:16:51:14 +0800] "GET /JLAMPCommon/getCookieJson_prc HTTP/1.1" 200 912 "http://merp.yudo.com.cn:8183/WEI_2300/WEI_2300?formKey=M20190112T164924817&menuSelection=asm" "Mozilla/5.0 (Linux; Android 7.0; FRD-AL10 Build/HUAWEIFRD-AL10; wv) AppleWebKit/537.36 (KHTML, like Gecko) Version/4.0 Chrome/62.0.3202.84 Mobile Safari/537.36"
117.136.67.223 - - [12/Jan/2019:16:51:14 +0800] "GET /image/fonticon/backMenu_icon.png HTTP/1.1" 200 1449 "http://merp.yudo.com.cn:8183/css/yudo-ui.css?v=1050" "Mozilla/5.0 (Linux; Android 7.0; FRD-AL10 Build/HUAWEIFRD-AL10; wv) AppleWebKit/537.36 (KHTML, like Gecko) Version/4.0 Chrome/62.0.3202.84 Mobile Safari/537.36"
117.136.67.223 - - [12/Jan/2019:16:51:14 +0800] "GET /image/fonticon/extend_icon.png HTTP/1.1" 200 731 "http://merp.yudo.com.cn:8183/css/yudo-ui.css?v=1050" "Mozilla/5.0 (Linux; Android 7.0; FRD-AL10 Build/HUAWEIFRD-AL10; wv) AppleWebKit/537.36 (KHTML, like Gecko) Version/4.0 Chrome/62.0.3202.84 Mobile Safari/537.36"
117.136.67.223 - - [12/Jan/2019:16:51:14 +0800] "GET /image/fonticon/search_icon.png HTTP/1.1" 200 2335 "http://merp.yudo.com.cn:8183/css/yudo-ui.css?v=1050" "Mozilla/5.0 (Linux; Android 7.0; FRD-AL10 Build/HUAWEIFRD-AL10; wv) AppleWebKit/537.36 (KHTML, like Gecko) Version/4.0 Chrome/62.0.3202.84 Mobile Safari/537.36"
117.136.67.223 - - [12/Jan/2019:16:51:14 +0800] "GET /image/fonticon/write_icon.png HTTP/1.1" 200 1384 "http://merp.yudo.com.cn:8183/css/yudo-ui.css?v=1050" "Mozilla/5.0 (Linux; Android 7.0; FRD-AL10 Build/HUAWEIFRD-AL10; wv) AppleWebKit/537.36 (KHTML, like Gecko) Version/4.0 Chrome/62.0.3202.84 Mobile Safari/537.36"
117.136.67.223 - - [12/Jan/2019:16:51:14 +0800] "GET /favicon.ico HTTP/1.1" 404 1476 "http://merp.yudo.com.cn:8183/WEI_2300/WEI_2300?formKey=M20190112T164924817&menuSelection=asm" "Mozilla/5.0 (Linux; Android 7.0; FRD-AL10 Build/HUAWEIFRD-AL10; wv) AppleWebKit/537.36 (KHTML, like Gecko) Version/4.0 Chrome/62.0.3202.84 Mobile Safari/537.36"
117.136.67.223 - - [12/Jan/2019:16:51:18 +0800] "GET /Menu/Menu/menuLists?formKey=undefined&menuSelection=undefined HTTP/1.1" 200 5924 "http://merp.yudo.com.cn:8183/WEI_2300/WEI_2300?formKey=M20190112T164924817&menuSelection=asm" "Mozilla/5.0 (Linux; Android 7.0; FRD-AL10 Build/HUAWEIFRD-AL10; wv) AppleWebKit/537.36 (KHTML, like Gecko) Version/4.0 Chrome/62.0.3202.84 Mobile Safari/537.36"
117.136.67.223 - - [12/Jan/2019:16:51:18 +0800] "POST /JLAMPCommon/langBatchRows_prc HTTP/1.1" 200 595 "http://merp.yudo.com.cn:8183/Menu/Menu/menuLists?formKey=undefined&menuSelection=undefined" "Mozilla/5.0 (Linux; Android 7.0; FRD-AL10 Build/HUAWEIFRD-AL10; wv) AppleWebKit/537.36 (KHTML, like Gecko) Version/4.0 Chrome/62.0.3202.84 Mobile Safari/537.36"
117.136.67.223 - - [12/Jan/2019:16:51:18 +0800] "GET /JLAMPCommon/getCookieJson_prc HTTP/1.1" 200 912 "http://merp.yudo.com.cn:8183/Menu/Menu/menuLists?formKey=undefined&menuSelection=undefined" "Mozilla/5.0 (Linux; Android 7.0; FRD-AL10 Build/HUAWEIFRD-AL10; wv) AppleWebKit/537.36 (KHTML, like Gecko) Version/4.0 Chrome/62.0.3202.84 Mobile Safari/537.36"
117.136.67.223 - - [12/Jan/2019:16:51:19 +0800] "GET /Menu/doMenuRows_prc?formKey=undefined HTTP/1.1" 200 520 "http://merp.yudo.com.cn:8183/Menu/Menu/menuLists?formKey=undefined&menuSelection=undefined" "Mozilla/5.0 (Linux; Android 7.0; FRD-AL10 Build/HUAWEIFRD-AL10; wv) AppleWebKit/537.36 (KHTML, like Gecko) Version/4.0 Chrome/62.0.3202.84 Mobile Safari/537.36"
117.136.67.223 - - [12/Jan/2019:16:51:24 +0800] "GET /WEI_2100/WEI_2100?formKey=undefined&menuSelection=asm HTTP/1.1" 200 87951 "http://merp.yudo.com.cn:8183/Menu/Menu/menuLists?formKey=undefined&menuSelection=undefined" "Mozilla/5.0 (Linux; Android 7.0; FRD-AL10 Build/HUAWEIFRD-AL10; wv) AppleWebKit/537.36 (KHTML, like Gecko) Version/4.0 Chrome/62.0.3202.84 Mobile Safari/537.36"
117.136.67.223 - - [12/Jan/2019:16:51:25 +0800] "POST /JLAMPCommon/langBatchRows_prc HTTP/1.1" 200 12699 "http://merp.yudo.com.cn:8183/WEI_2100/WEI_2100?formKey=undefined&menuSelection=asm" "Mozilla/5.0 (Linux; Android 7.0; FRD-AL10 Build/HUAWEIFRD-AL10; wv) AppleWebKit/537.36 (KHTML, like Gecko) Version/4.0 Chrome/62.0.3202.84 Mobile Safari/537.36"
117.136.67.223 - - [12/Jan/2019:16:51:25 +0800] "POST /JLAMPCommon/langBatchRows_prc HTTP/1.1" 200 13667 "http://merp.yudo.com.cn:8183/WEI_2100/WEI_2100?formKey=undefined&menuSelection=asm" "Mozilla/5.0 (Linux; Android 7.0; FRD-AL10 Build/HUAWEIFRD-AL10; wv) AppleWebKit/537.36 (KHTML, like Gecko) Version/4.0 Chrome/62.0.3202.84 Mobile Safari/537.36"
117.136.67.223 - - [12/Jan/2019:16:51:25 +0800] "GET /JLAMPCommon/getCookieJson_prc HTTP/1.1" 200 912 "http://merp.yudo.com.cn:8183/WEI_2100/WEI_2100?formKey=undefined&menuSelection=asm" "Mozilla/5.0 (Linux; Android 7.0; FRD-AL10 Build/HUAWEIFRD-AL10; wv) AppleWebKit/537.36 (KHTML, like Gecko) Version/4.0 Chrome/62.0.3202.84 Mobile Safari/537.36"
117.136.67.223 - - [12/Jan/2019:16:51:31 +0800] "GET /WEI_2100/systemclass_big_prc?bigsysid=asclass1 HTTP/1.1" 200 475 "http://merp.yudo.com.cn:8183/WEI_2100/WEI_2100?formKey=undefined&menuSelection=asm" "Mozilla/5.0 (Linux; Android 7.0; FRD-AL10 Build/HUAWEIFRD-AL10; wv) AppleWebKit/537.36 (KHTML, like Gecko) Version/4.0 Chrome/62.0.3202.84 Mobile Safari/537.36"
117.136.67.223 - - [12/Jan/2019:16:51:31 +0800] "GET /WEI_2100/systemclass_big_prc?bigsysid=markets HTTP/1.1" 200 512 "http://merp.yudo.com.cn:8183/WEI_2100/WEI_2100?formKey=undefined&menuSelection=asm" "Mozilla/5.0 (Linux; Android 7.0; FRD-AL10 Build/HUAWEIFRD-AL10; wv) AppleWebKit/537.36 (KHTML, like Gecko) Version/4.0 Chrome/62.0.3202.84 Mobile Safari/537.36"
117.136.67.223 - - [12/Jan/2019:16:51:31 +0800] "GET /WEI_2100/systemclass_big_prc?bigsysid=asbadtype HTTP/1.1" 200 152 "http://merp.yudo.com.cn:8183/WEI_2100/WEI_2100?formKey=undefined&menuSelection=asm" "Mozilla/5.0 (Linux; Android 7.0; FRD-AL10 Build/HUAWEIFRD-AL10; wv) AppleWebKit/537.36 (KHTML, like Gecko) Version/4.0 Chrome/62.0.3202.84 Mobile Safari/537.36"
117.136.67.223 - - [12/Jan/2019:16:51:31 +0800] "GET /WEI_2100/systemclass_big_prc?bigsysid=ascause HTTP/1.1" 200 209 "http://merp.yudo.com.cn:8183/WEI_2100/WEI_2100?formKey=undefined&menuSelection=asm" "Mozilla/5.0 (Linux; Android 7.0; FRD-AL10 Build/HUAWEIFRD-AL10; wv) AppleWebKit/537.36 (KHTML, like Gecko) Version/4.0 Chrome/62.0.3202.84 Mobile Safari/537.36"
117.136.67.223 - - [12/Jan/2019:16:51:32 +0800] "GET /WEI_2100/systemclass_big_prc?bigsysid=supplyscope HTTP/1.1" 200 302 "http://merp.yudo.com.cn:8183/WEI_2100/WEI_2100?formKey=undefined&menuSelection=asm" "Mozilla/5.0 (Linux; Android 7.0; FRD-AL10 Build/HUAWEIFRD-AL10; wv) AppleWebKit/537.36 (KHTML, like Gecko) Version/4.0 Chrome/62.0.3202.84 Mobile Safari/537.36"
117.136.67.223 - - [12/Jan/2019:16:51:31 +0800] "GET /WEI_2100/systemclass_big_prc?bigsysid=startpoint HTTP/1.1" 200 317 "http://merp.yudo.com.cn:8183/WEI_2100/WEI_2100?formKey=undefined&menuSelection=asm" "Mozilla/5.0 (Linux; Android 7.0; FRD-AL10 Build/HUAWEIFRD-AL10; wv) AppleWebKit/537.36 (KHTML, like Gecko) Version/4.0 Chrome/62.0.3202.84 Mobile Safari/537.36"
117.136.67.223 - - [12/Jan/2019:16:51:33 +0800] "GET /WEI_2100/user_prc HTTP/1.1" 200 88847 "http://merp.yudo.com.cn:8183/WEI_2100/WEI_2100?formKey=undefined&menuSelection=asm" "Mozilla/5.0 (Linux; Android 7.0; FRD-AL10 Build/HUAWEIFRD-AL10; wv) AppleWebKit/537.36 (KHTML, like Gecko) Version/4.0 Chrome/62.0.3202.84 Mobile Safari/537.36"
117.136.67.223 - - [12/Jan/2019:16:51:33 +0800] "GET /WEI_2100/as_unit HTTP/1.1" 200 1002 "http://merp.yudo.com.cn:8183/WEI_2100/WEI_2100?formKey=undefined&menuSelection=asm" "Mozilla/5.0 (Linux; Android 7.0; FRD-AL10 Build/HUAWEIFRD-AL10; wv) AppleWebKit/537.36 (KHTML, like Gecko) Version/4.0 Chrome/62.0.3202.84 Mobile Safari/537.36"
117.136.67.223 - - [12/Jan/2019:16:51:33 +0800] "GET /WEI_2100/systemclass_big_prc?bigsysid=asclass HTTP/1.1" 200 264 "http://merp.yudo.com.cn:8183/WEI_2100/WEI_2100?formKey=undefined&menuSelection=asm" "Mozilla/5.0 (Linux; Android 7.0; FRD-AL10 Build/HUAWEIFRD-AL10; wv) AppleWebKit/537.36 (KHTML, like Gecko) Version/4.0 Chrome/62.0.3202.84 Mobile Safari/537.36"
117.136.67.223 - - [12/Jan/2019:16:51:31 +0800] "GET /WEI_2100/systemclass_big_prc?bigsysid=area HTTP/1.1" 200 751 "http://merp.yudo.com.cn:8183/WEI_2100/WEI_2100?formKey=undefined&menuSelection=asm" "Mozilla/5.0 (Linux; Android 7.0; FRD-AL10 Build/HUAWEIFRD-AL10; wv) AppleWebKit/537.36 (KHTML, like Gecko) Version/4.0 Chrome/62.0.3202.84 Mobile Safari/537.36"
117.136.67.223 - - [12/Jan/2019:16:51:37 +0800] "GET /WEI_2100/as_prc?asid=&custnm=&startDate=2019-01-01&endDate=2019-01-12&ascount=0 HTTP/1.1" 200 3811 "http://merp.yudo.com.cn:8183/WEI_2100/WEI_2100?formKey=undefined&menuSelection=asm" "Mozilla/5.0 (Linux; Android 7.0; FRD-AL10 Build/HUAWEIFRD-AL10; wv) AppleWebKit/537.36 (KHTML, like Gecko) Version/4.0 Chrome/62.0.3202.84 Mobile Safari/537.36"
117.136.67.223 - - [12/Jan/2019:16:51:40 +0800] "GET /WEI_2100/as_minute?asid=2019010509 HTTP/1.1" 200 1953 "http://merp.yudo.com.cn:8183/WEI_2100/WEI_2100?formKey=undefined&menuSelection=asm" "Mozilla/5.0 (Linux; Android 7.0; FRD-AL10 Build/HUAWEIFRD-AL10; wv) AppleWebKit/537.36 (KHTML, like Gecko) Version/4.0 Chrome/62.0.3202.84 Mobile Safari/537.36"
