121.227.232.104 - - [19/Apr/2018:11:20:53 +0800] "POST /JLAMPCommon/langBatchRows_prc HTTP/1.1" 200 44 "http://merp.yudo.com.cn:8183/WEI_2000" "Mozilla/5.0 (iPhone; CPU iPhone OS 11_0 like Mac OS X) AppleWebKit/604.1.38 (KHTML, like Gecko) Version/11.0 Mobile/15A372 Safari/604.1"
121.227.232.104 - - [19/Apr/2018:11:20:53 +0800] "GET /JLAMPCommon/getCookieJson_prc HTTP/1.1" 200 842 "http://merp.yudo.com.cn:8183/WEI_2000" "Mozilla/5.0 (iPhone; CPU iPhone OS 11_0 like Mac OS X) AppleWebKit/604.1.38 (KHTML, like Gecko) Version/11.0 Mobile/15A372 Safari/604.1"
121.227.232.104 - - [19/Apr/2018:11:20:53 +0800] "POST /JLAMPCommon/langRow_prc HTTP/1.1" 200 191 "http://merp.yudo.com.cn:8183/WEI_2000" "Mozilla/5.0 (iPhone; CPU iPhone OS 11_0 like Mac OS X) AppleWebKit/604.1.38 (KHTML, like Gecko) Version/11.0 Mobile/15A372 Safari/604.1"
121.227.232.104 - - [19/Apr/2018:11:20:53 +0800] "POST /JLAMPCommon/langRow_prc HTTP/1.1" 200 203 "http://merp.yudo.com.cn:8183/WEI_2000" "Mozilla/5.0 (iPhone; CPU iPhone OS 11_0 like Mac OS X) AppleWebKit/604.1.38 (KHTML, like Gecko) Version/11.0 Mobile/15A372 Safari/604.1"
117.136.68.182 - - [19/Apr/2018:11:21:16 +0800] "GET /?deviceType=mobile&devicePlatform=ios HTTP/1.1" 302 149 "-" "Mozilla/5.0 (iPhone; CPU iPhone OS 10_3_3 like Mac OS X) AppleWebKit/603.3.8 (KHTML, like Gecko) Mobile/14G60JLAMPMode:iPhone"
117.136.68.182 - - [19/Apr/2018:11:21:17 +0800] "GET /Menu/Menu?formKey=M20180419T111912187 HTTP/1.1" 200 5727 "-" "Mozilla/5.0 (iPhone; CPU iPhone OS 10_3_3 like Mac OS X) AppleWebKit/603.3.8 (KHTML, like Gecko) Mobile/14G60JLAMPMode:iPhone"
117.136.68.182 - - [19/Apr/2018:11:21:17 +0800] "GET /WEI_2000/WEI_2000 HTTP/1.1" 200 19361 "http://merp.yudo.com.cn:8183/Menu/Menu?formKey=M20180419T111912187" "Mozilla/5.0 (iPhone; CPU iPhone OS 10_3_3 like Mac OS X) AppleWebKit/603.3.8 (KHTML, like Gecko) Mobile/14G60JLAMPMode:iPhone"
117.136.68.182 - - [19/Apr/2018:11:21:17 +0800] "GET /css/WEI_2000/mui.min.css HTTP/1.1" 304 - "http://merp.yudo.com.cn:8183/WEI_2000/WEI_2000" "Mozilla/5.0 (iPhone; CPU iPhone OS 10_3_3 like Mac OS X) AppleWebKit/603.3.8 (KHTML, like Gecko) Mobile/14G60JLAMPMode:iPhone"
117.136.68.182 - - [19/Apr/2018:11:21:17 +0800] "GET /css/JLAMP.common.min.css HTTP/1.1" 200 - "http://merp.yudo.com.cn:8183/WEI_2000/WEI_2000" "Mozilla/5.0 (iPhone; CPU iPhone OS 10_3_3 like Mac OS X) AppleWebKit/603.3.8 (KHTML, like Gecko) Mobile/14G60JLAMPMode:iPhone"
117.136.68.182 - - [19/Apr/2018:11:21:17 +0800] "GET /css/WEI_2000/animate.min.css HTTP/1.1" 304 - "http://merp.yudo.com.cn:8183/WEI_2000/WEI_2000" "Mozilla/5.0 (iPhone; CPU iPhone OS 10_3_3 like Mac OS X) AppleWebKit/603.3.8 (KHTML, like Gecko) Mobile/14G60JLAMPMode:iPhone"
117.136.68.182 - - [19/Apr/2018:11:21:17 +0800] "GET /css/WEI_2000/WEI_2000_Lists.css?v=201804191027 HTTP/1.1" 304 - "http://merp.yudo.com.cn:8183/WEI_2000/WEI_2000" "Mozilla/5.0 (iPhone; CPU iPhone OS 10_3_3 like Mac OS X) AppleWebKit/603.3.8 (KHTML, like Gecko) Mobile/14G60JLAMPMode:iPhone"
117.136.68.182 - - [19/Apr/2018:11:21:17 +0800] "GET /js/WEI_2000/WEI_2000_Lists.js?v=201804191027 HTTP/1.1" 200 17593 "http://merp.yudo.com.cn:8183/WEI_2000/WEI_2000" "Mozilla/5.0 (iPhone; CPU iPhone OS 10_3_3 like Mac OS X) AppleWebKit/603.3.8 (KHTML, like Gecko) Mobile/14G60JLAMPMode:iPhone"
117.136.68.182 - - [19/Apr/2018:11:21:17 +0800] "GET /js/WEI_2000/mui.min.js HTTP/1.1" 304 - "http://merp.yudo.com.cn:8183/WEI_2000/WEI_2000" "Mozilla/5.0 (iPhone; CPU iPhone OS 10_3_3 like Mac OS X) AppleWebKit/603.3.8 (KHTML, like Gecko) Mobile/14G60JLAMPMode:iPhone"
117.136.68.182 - - [19/Apr/2018:11:21:17 +0800] "GET /third_party/KendoUI/js/kendo.all.min.js HTTP/1.1" 200 3038548 "http://merp.yudo.com.cn:8183/WEI_2000/WEI_2000" "Mozilla/5.0 (iPhone; CPU iPhone OS 10_3_3 like Mac OS X) AppleWebKit/603.3.8 (KHTML, like Gecko) Mobile/14G60JLAMPMode:iPhone"
117.136.68.182 - - [19/Apr/2018:11:21:20 +0800] "POST /JLAMPCommon/langBatchRows_prc HTTP/1.1" 200 44 "http://merp.yudo.com.cn:8183/WEI_2000/WEI_2000" "Mozilla/5.0 (iPhone; CPU iPhone OS 10_3_3 like Mac OS X) AppleWebKit/603.3.8 (KHTML, like Gecko) Mobile/14G60JLAMPMode:iPhone"
117.136.68.182 - - [19/Apr/2018:11:21:20 +0800] "GET /JLAMPCommon/getCookieJson_prc HTTP/1.1" 200 842 "http://merp.yudo.com.cn:8183/WEI_2000/WEI_2000" "Mozilla/5.0 (iPhone; CPU iPhone OS 10_3_3 like Mac OS X) AppleWebKit/603.3.8 (KHTML, like Gecko) Mobile/14G60JLAMPMode:iPhone"
117.136.68.182 - - [19/Apr/2018:11:21:21 +0800] "POST /JLAMPCommon/langRow_prc HTTP/1.1" 200 191 "http://merp.yudo.com.cn:8183/WEI_2000/WEI_2000" "Mozilla/5.0 (iPhone; CPU iPhone OS 10_3_3 like Mac OS X) AppleWebKit/603.3.8 (KHTML, like Gecko) Mobile/14G60JLAMPMode:iPhone"
117.136.68.182 - - [19/Apr/2018:11:21:21 +0800] "POST /JLAMPCommon/langRow_prc HTTP/1.1" 200 215 "http://merp.yudo.com.cn:8183/WEI_2000/WEI_2000" "Mozilla/5.0 (iPhone; CPU iPhone OS 10_3_3 like Mac OS X) AppleWebKit/603.3.8 (KHTML, like Gecko) Mobile/14G60JLAMPMode:iPhone"
::1 - - [19/Apr/2018:11:21:24 +0800] "OPTIONS * HTTP/1.0" 200 - "-" "Apache/2.4.6 (CentOS) PHP/5.6.32 (internal dummy connection)"
117.136.68.182 - - [19/Apr/2018:11:21:34 +0800] "GET /WEI_2000/WEI_2000/order_prc?orderid=&orderby=trust HTTP/1.1" 200 15112 "http://merp.yudo.com.cn:8183/WEI_2000/WEI_2000" "Mozilla/5.0 (iPhone; CPU iPhone OS 10_3_3 like Mac OS X) AppleWebKit/603.3.8 (KHTML, like Gecko) Mobile/14G60JLAMPMode:iPhone"
121.227.232.104 - - [19/Apr/2018:11:21:57 +0800] "GET /WEI_2000 HTTP/1.1" 200 19364 "-" "Mozilla/5.0 (iPhone; CPU iPhone OS 11_0 like Mac OS X) AppleWebKit/604.1.38 (KHTML, like Gecko) Version/11.0 Mobile/15A372 Safari/604.1"
121.227.232.104 - - [19/Apr/2018:11:21:57 +0800] "GET /css/WEI_2000/WEI_2000_Lists.css?v=201804191027 HTTP/1.1" 304 - "http://merp.yudo.com.cn:8183/WEI_2000" "Mozilla/5.0 (iPhone; CPU iPhone OS 11_0 like Mac OS X) AppleWebKit/604.1.38 (KHTML, like Gecko) Version/11.0 Mobile/15A372 Safari/604.1"
121.227.232.104 - - [19/Apr/2018:11:21:57 +0800] "GET /js/WEI_2000/WEI_2000_Lists.js?v=201804191027 HTTP/1.1" 304 - "http://merp.yudo.com.cn:8183/WEI_2000" "Mozilla/5.0 (iPhone; CPU iPhone OS 11_0 like Mac OS X) AppleWebKit/604.1.38 (KHTML, like Gecko) Version/11.0 Mobile/15A372 Safari/604.1"
121.227.232.104 - - [19/Apr/2018:11:21:59 +0800] "POST /JLAMPCommon/langBatchRows_prc HTTP/1.1" 200 44 "http://merp.yudo.com.cn:8183/WEI_2000" "Mozilla/5.0 (iPhone; CPU iPhone OS 11_0 like Mac OS X) AppleWebKit/604.1.38 (KHTML, like Gecko) Version/11.0 Mobile/15A372 Safari/604.1"
121.227.232.104 - - [19/Apr/2018:11:21:59 +0800] "GET /JLAMPCommon/getCookieJson_prc HTTP/1.1" 200 842 "http://merp.yudo.com.cn:8183/WEI_2000" "Mozilla/5.0 (iPhone; CPU iPhone OS 11_0 like Mac OS X) AppleWebKit/604.1.38 (KHTML, like Gecko) Version/11.0 Mobile/15A372 Safari/604.1"
121.227.232.104 - - [19/Apr/2018:11:22:00 +0800] "POST /JLAMPCommon/langRow_prc HTTP/1.1" 200 191 "http://merp.yudo.com.cn:8183/WEI_2000" "Mozilla/5.0 (iPhone; CPU iPhone OS 11_0 like Mac OS X) AppleWebKit/604.1.38 (KHTML, like Gecko) Version/11.0 Mobile/15A372 Safari/604.1"
121.227.232.104 - - [19/Apr/2018:11:22:00 +0800] "POST /JLAMPCommon/langRow_prc HTTP/1.1" 200 203 "http://merp.yudo.com.cn:8183/WEI_2000" "Mozilla/5.0 (iPhone; CPU iPhone OS 11_0 like Mac OS X) AppleWebKit/604.1.38 (KHTML, like Gecko) Version/11.0 Mobile/15A372 Safari/604.1"
121.227.232.104 - - [19/Apr/2018:11:23:16 +0800] "GET /WEI_2000 HTTP/1.1" 200 19041 "-" "Mozilla/5.0 (iPhone; CPU iPhone OS 11_0 like Mac OS X) AppleWebKit/604.1.38 (KHTML, like Gecko) Version/11.0 Mobile/15A372 Safari/604.1"
121.227.232.104 - - [19/Apr/2018:11:23:16 +0800] "GET /css/WEI_2000/WEI_2000_Lists.css?v=201804191027 HTTP/1.1" 304 - "http://merp.yudo.com.cn:8183/WEI_2000" "Mozilla/5.0 (iPhone; CPU iPhone OS 11_0 like Mac OS X) AppleWebKit/604.1.38 (KHTML, like Gecko) Version/11.0 Mobile/15A372 Safari/604.1"
121.227.232.104 - - [19/Apr/2018:11:23:16 +0800] "GET /js/WEI_2000/WEI_2000_Lists.js?v=201804191027 HTTP/1.1" 200 17386 "http://merp.yudo.com.cn:8183/WEI_2000" "Mozilla/5.0 (iPhone; CPU iPhone OS 11_0 like Mac OS X) AppleWebKit/604.1.38 (KHTML, like Gecko) Version/11.0 Mobile/15A372 Safari/604.1"
121.227.232.104 - - [19/Apr/2018:11:23:18 +0800] "POST /JLAMPCommon/langBatchRows_prc HTTP/1.1" 200 44 "http://merp.yudo.com.cn:8183/WEI_2000" "Mozilla/5.0 (iPhone; CPU iPhone OS 11_0 like Mac OS X) AppleWebKit/604.1.38 (KHTML, like Gecko) Version/11.0 Mobile/15A372 Safari/604.1"
121.227.232.104 - - [19/Apr/2018:11:23:18 +0800] "GET /JLAMPCommon/getCookieJson_prc HTTP/1.1" 200 842 "http://merp.yudo.com.cn:8183/WEI_2000" "Mozilla/5.0 (iPhone; CPU iPhone OS 11_0 like Mac OS X) AppleWebKit/604.1.38 (KHTML, like Gecko) Version/11.0 Mobile/15A372 Safari/604.1"
121.227.232.104 - - [19/Apr/2018:11:23:18 +0800] "POST /JLAMPCommon/langRow_prc HTTP/1.1" 200 191 "http://merp.yudo.com.cn:8183/WEI_2000" "Mozilla/5.0 (iPhone; CPU iPhone OS 11_0 like Mac OS X) AppleWebKit/604.1.38 (KHTML, like Gecko) Version/11.0 Mobile/15A372 Safari/604.1"
121.227.232.104 - - [19/Apr/2018:11:23:19 +0800] "POST /JLAMPCommon/langRow_prc HTTP/1.1" 200 203 "http://merp.yudo.com.cn:8183/WEI_2000" "Mozilla/5.0 (iPhone; CPU iPhone OS 11_0 like Mac OS X) AppleWebKit/604.1.38 (KHTML, like Gecko) Version/11.0 Mobile/15A372 Safari/604.1"
121.227.232.104 - - [19/Apr/2018:11:23:23 +0800] "GET /WEI_2000 HTTP/1.1" 200 19041 "-" "Mozilla/5.0 (iPhone; CPU iPhone OS 11_0 like Mac OS X) AppleWebKit/604.1.38 (KHTML, like Gecko) Version/11.0 Mobile/15A372 Safari/604.1"
121.227.232.104 - - [19/Apr/2018:11:23:24 +0800] "GET /js/WEI_2000/WEI_2000_Lists.js?v=201804191027 HTTP/1.1" 304 - "http://merp.yudo.com.cn:8183/WEI_2000" "Mozilla/5.0 (iPhone; CPU iPhone OS 11_0 like Mac OS X) AppleWebKit/604.1.38 (KHTML, like Gecko) Version/11.0 Mobile/15A372 Safari/604.1"
121.227.232.104 - - [19/Apr/2018:11:23:25 +0800] "POST /JLAMPCommon/langBatchRows_prc HTTP/1.1" 200 44 "http://merp.yudo.com.cn:8183/WEI_2000" "Mozilla/5.0 (iPhone; CPU iPhone OS 11_0 like Mac OS X) AppleWebKit/604.1.38 (KHTML, like Gecko) Version/11.0 Mobile/15A372 Safari/604.1"
121.227.232.104 - - [19/Apr/2018:11:23:25 +0800] "GET /JLAMPCommon/getCookieJson_prc HTTP/1.1" 200 842 "http://merp.yudo.com.cn:8183/WEI_2000" "Mozilla/5.0 (iPhone; CPU iPhone OS 11_0 like Mac OS X) AppleWebKit/604.1.38 (KHTML, like Gecko) Version/11.0 Mobile/15A372 Safari/604.1"
121.227.232.104 - - [19/Apr/2018:11:23:25 +0800] "POST /JLAMPCommon/langRow_prc HTTP/1.1" 200 191 "http://merp.yudo.com.cn:8183/WEI_2000" "Mozilla/5.0 (iPhone; CPU iPhone OS 11_0 like Mac OS X) AppleWebKit/604.1.38 (KHTML, like Gecko) Version/11.0 Mobile/15A372 Safari/604.1"
121.227.232.104 - - [19/Apr/2018:11:23:25 +0800] "POST /JLAMPCommon/langRow_prc HTTP/1.1" 200 203 "http://merp.yudo.com.cn:8183/WEI_2000" "Mozilla/5.0 (iPhone; CPU iPhone OS 11_0 like Mac OS X) AppleWebKit/604.1.38 (KHTML, like Gecko) Version/11.0 Mobile/15A372 Safari/604.1"
121.227.232.104 - - [19/Apr/2018:11:23:30 +0800] "GET /WEI_2000 HTTP/1.1" 200 19041 "-" "Mozilla/5.0 (iPhone; CPU iPhone OS 11_0 like Mac OS X) AppleWebKit/604.1.38 (KHTML, like Gecko) Version/11.0 Mobile/15A372 Safari/604.1"
121.227.232.104 - - [19/Apr/2018:11:23:30 +0800] "GET /third_party/bootstrap-3.3.5/css/bootstrap-theme.css HTTP/1.1" 200 26132 "http://merp.yudo.com.cn:8183/WEI_2000" "Mozilla/5.0 (iPhone; CPU iPhone OS 11_0 like Mac OS X) AppleWebKit/604.1.38 (KHTML, like Gecko) Version/11.0 Mobile/15A372 Safari/604.1"
121.227.232.104 - - [19/Apr/2018:11:23:30 +0800] "GET /third_party/bootstrap-3.3.5/css/bootstrap.css HTTP/1.1" 200 147430 "http://merp.yudo.com.cn:8183/WEI_2000" "Mozilla/5.0 (iPhone; CPU iPhone OS 11_0 like Mac OS X) AppleWebKit/604.1.38 (KHTML, like Gecko) Version/11.0 Mobile/15A372 Safari/604.1"
121.227.232.104 - - [19/Apr/2018:11:23:31 +0800] "GET /third_party/loading-overlay/waitMe.css HTTP/1.1" 200 14541 "http://merp.yudo.com.cn:8183/WEI_2000" "Mozilla/5.0 (iPhone; CPU iPhone OS 11_0 like Mac OS X) AppleWebKit/604.1.38 (KHTML, like Gecko) Version/11.0 Mobile/15A372 Safari/604.1"
121.227.232.104 - - [19/Apr/2018:11:23:31 +0800] "GET /third_party/bootstrap-datetimepicker/css/bootstrap-datetimepicker.css HTTP/1.1" 200 12289 "http://merp.yudo.com.cn:8183/WEI_2000" "Mozilla/5.0 (iPhone; CPU iPhone OS 11_0 like Mac OS X) AppleWebKit/604.1.38 (KHTML, like Gecko) Version/11.0 Mobile/15A372 Safari/604.1"
121.227.232.104 - - [19/Apr/2018:11:23:31 +0800] "GET /css/bootstrap_modify.css HTTP/1.1" 200 265 "http://merp.yudo.com.cn:8183/WEI_2000" "Mozilla/5.0 (iPhone; CPU iPhone OS 11_0 like Mac OS X) AppleWebKit/604.1.38 (KHTML, like Gecko) Version/11.0 Mobile/15A372 Safari/604.1"
121.227.232.104 - - [19/Apr/2018:11:23:31 +0800] "GET /third_party/slideout-1.0.1/index.css HTTP/1.1" 200 491 "http://merp.yudo.com.cn:8183/WEI_2000" "Mozilla/5.0 (iPhone; CPU iPhone OS 11_0 like Mac OS X) AppleWebKit/604.1.38 (KHTML, like Gecko) Version/11.0 Mobile/15A372 Safari/604.1"
121.227.232.104 - - [19/Apr/2018:11:23:31 +0800] "GET /third_party/KendoUI/styles/kendo.bootstrap.min.css HTTP/1.1" 200 83074 "http://merp.yudo.com.cn:8183/WEI_2000" "Mozilla/5.0 (iPhone; CPU iPhone OS 11_0 like Mac OS X) AppleWebKit/604.1.38 (KHTML, like Gecko) Version/11.0 Mobile/15A372 Safari/604.1"
121.227.232.104 - - [19/Apr/2018:11:23:31 +0800] "GET /css/slide_menu.css HTTP/1.1" 200 2705 "http://merp.yudo.com.cn:8183/WEI_2000" "Mozilla/5.0 (iPhone; CPU iPhone OS 11_0 like Mac OS X) AppleWebKit/604.1.38 (KHTML, like Gecko) Version/11.0 Mobile/15A372 Safari/604.1"
121.227.232.104 - - [19/Apr/2018:11:23:31 +0800] "GET /css/JLAMP.common.min.css HTTP/1.1" 200 - "http://merp.yudo.com.cn:8183/WEI_2000" "Mozilla/5.0 (iPhone; CPU iPhone OS 11_0 like Mac OS X) AppleWebKit/604.1.38 (KHTML, like Gecko) Version/11.0 Mobile/15A372 Safari/604.1"
121.227.232.104 - - [19/Apr/2018:11:23:31 +0800] "GET /third_party/KendoUI/styles/kendo.common.min.css HTTP/1.1" 200 231115 "http://merp.yudo.com.cn:8183/WEI_2000" "Mozilla/5.0 (iPhone; CPU iPhone OS 11_0 like Mac OS X) AppleWebKit/604.1.38 (KHTML, like Gecko) Version/11.0 Mobile/15A372 Safari/604.1"
121.227.232.104 - - [19/Apr/2018:11:23:31 +0800] "GET /css/JLAMP.modal.min.css HTTP/1.1" 200 920 "http://merp.yudo.com.cn:8183/WEI_2000" "Mozilla/5.0 (iPhone; CPU iPhone OS 11_0 like Mac OS X) AppleWebKit/604.1.38 (KHTML, like Gecko) Version/11.0 Mobile/15A372 Safari/604.1"
121.227.232.104 - - [19/Apr/2018:11:23:31 +0800] "GET /css/JLAMP.autobinding.min.css HTTP/1.1" 200 852 "http://merp.yudo.com.cn:8183/WEI_2000" "Mozilla/5.0 (iPhone; CPU iPhone OS 11_0 like Mac OS X) AppleWebKit/604.1.38 (KHTML, like Gecko) Version/11.0 Mobile/15A372 Safari/604.1"
121.227.232.104 - - [19/Apr/2018:11:23:31 +0800] "GET /third_party/KendoUI/styles/kendo.bootstrap.mobile.min.css HTTP/1.1" 200 112483 "http://merp.yudo.com.cn:8183/WEI_2000" "Mozilla/5.0 (iPhone; CPU iPhone OS 11_0 like Mac OS X) AppleWebKit/604.1.38 (KHTML, like Gecko) Version/11.0 Mobile/15A372 Safari/604.1"
121.227.232.104 - - [19/Apr/2018:11:23:31 +0800] "GET /css/common.css HTTP/1.1" 200 10900 "http://merp.yudo.com.cn:8183/WEI_2000" "Mozilla/5.0 (iPhone; CPU iPhone OS 11_0 like Mac OS X) AppleWebKit/604.1.38 (KHTML, like Gecko) Version/11.0 Mobile/15A372 Safari/604.1"
121.227.232.104 - - [19/Apr/2018:11:23:31 +0800] "GET /css/WEI_2000/WEI_2000_Lists.css?v=201804191027 HTTP/1.1" 200 1590 "http://merp.yudo.com.cn:8183/WEI_2000" "Mozilla/5.0 (iPhone; CPU iPhone OS 11_0 like Mac OS X) AppleWebKit/604.1.38 (KHTML, like Gecko) Version/11.0 Mobile/15A372 Safari/604.1"
121.227.232.104 - - [19/Apr/2018:11:23:31 +0800] "GET /css/WEI_2000/animate.min.css HTTP/1.1" 200 52799 "http://merp.yudo.com.cn:8183/WEI_2000" "Mozilla/5.0 (iPhone; CPU iPhone OS 11_0 like Mac OS X) AppleWebKit/604.1.38 (KHTML, like Gecko) Version/11.0 Mobile/15A372 Safari/604.1"
121.227.232.104 - - [19/Apr/2018:11:23:31 +0800] "GET /css/WEI_2000/mui.min.css HTTP/1.1" 200 75443 "http://merp.yudo.com.cn:8183/WEI_2000" "Mozilla/5.0 (iPhone; CPU iPhone OS 11_0 like Mac OS X) AppleWebKit/604.1.38 (KHTML, like Gecko) Version/11.0 Mobile/15A372 Safari/604.1"
121.227.232.104 - - [19/Apr/2018:11:23:31 +0800] "GET /third_party/bootstrap-3.3.5/js/bootstrap.min.js HTTP/1.1" 200 36816 "http://merp.yudo.com.cn:8183/WEI_2000" "Mozilla/5.0 (iPhone; CPU iPhone OS 11_0 like Mac OS X) AppleWebKit/604.1.38 (KHTML, like Gecko) Version/11.0 Mobile/15A372 Safari/604.1"
121.227.232.104 - - [19/Apr/2018:11:23:31 +0800] "GET /third_party/bootstrap-datetimepicker/js/bootstrap-datetimepicker.js HTTP/1.1" 200 67526 "http://merp.yudo.com.cn:8183/WEI_2000" "Mozilla/5.0 (iPhone; CPU iPhone OS 11_0 like Mac OS X) AppleWebKit/604.1.38 (KHTML, like Gecko) Version/11.0 Mobile/15A372 Safari/604.1"
121.227.232.104 - - [19/Apr/2018:11:23:31 +0800] "GET /third_party/jquery-2.1.4/jquery.js HTTP/1.1" 200 247606 "http://merp.yudo.com.cn:8183/WEI_2000" "Mozilla/5.0 (iPhone; CPU iPhone OS 11_0 like Mac OS X) AppleWebKit/604.1.38 (KHTML, like Gecko) Version/11.0 Mobile/15A372 Safari/604.1"
121.227.232.104 - - [19/Apr/2018:11:23:31 +0800] "GET /third_party/bootstrap-datetimepicker/js/locales/bootstrap-datetimepicker.zh-CN.js HTTP/1.1" 200 813 "http://merp.yudo.com.cn:8183/WEI_2000" "Mozilla/5.0 (iPhone; CPU iPhone OS 11_0 like Mac OS X) AppleWebKit/604.1.38 (KHTML, like Gecko) Version/11.0 Mobile/15A372 Safari/604.1"
121.227.232.104 - - [19/Apr/2018:11:23:31 +0800] "GET /third_party/loading-overlay/waitMe.js HTTP/1.1" 200 8583 "http://merp.yudo.com.cn:8183/WEI_2000" "Mozilla/5.0 (iPhone; CPU iPhone OS 11_0 like Mac OS X) AppleWebKit/604.1.38 (KHTML, like Gecko) Version/11.0 Mobile/15A372 Safari/604.1"
121.227.232.104 - - [19/Apr/2018:11:23:31 +0800] "GET /third_party/slideout-1.0.1/slideout.js HTTP/1.1" 200 37980 "http://merp.yudo.com.cn:8183/WEI_2000" "Mozilla/5.0 (iPhone; CPU iPhone OS 11_0 like Mac OS X) AppleWebKit/604.1.38 (KHTML, like Gecko) Version/11.0 Mobile/15A372 Safari/604.1"
121.227.232.104 - - [19/Apr/2018:11:23:31 +0800] "GET /js/JLAMP.polyfill.min.js HTTP/1.1" 200 361 "http://merp.yudo.com.cn:8183/WEI_2000" "Mozilla/5.0 (iPhone; CPU iPhone OS 11_0 like Mac OS X) AppleWebKit/604.1.38 (KHTML, like Gecko) Version/11.0 Mobile/15A372 Safari/604.1"
121.227.232.104 - - [19/Apr/2018:11:23:31 +0800] "GET /js/JLAMP.min.js HTTP/1.1" 200 1461 "http://merp.yudo.com.cn:8183/WEI_2000" "Mozilla/5.0 (iPhone; CPU iPhone OS 11_0 like Mac OS X) AppleWebKit/604.1.38 (KHTML, like Gecko) Version/11.0 Mobile/15A372 Safari/604.1"
121.227.232.104 - - [19/Apr/2018:11:23:31 +0800] "GET /js/JLAMP.common.min.js HTTP/1.1" 200 9705 "http://merp.yudo.com.cn:8183/WEI_2000" "Mozilla/5.0 (iPhone; CPU iPhone OS 11_0 like Mac OS X) AppleWebKit/604.1.38 (KHTML, like Gecko) Version/11.0 Mobile/15A372 Safari/604.1"
121.227.232.104 - - [19/Apr/2018:11:23:31 +0800] "GET /js/JLAMP.menu.min.js HTTP/1.1" 200 6519 "http://merp.yudo.com.cn:8183/WEI_2000" "Mozilla/5.0 (iPhone; CPU iPhone OS 11_0 like Mac OS X) AppleWebKit/604.1.38 (KHTML, like Gecko) Version/11.0 Mobile/15A372 Safari/604.1"
121.227.232.104 - - [19/Apr/2018:11:23:31 +0800] "GET /js/JLAMP.autobinding.min.js HTTP/1.1" 200 8816 "http://merp.yudo.com.cn:8183/WEI_2000" "Mozilla/5.0 (iPhone; CPU iPhone OS 11_0 like Mac OS X) AppleWebKit/604.1.38 (KHTML, like Gecko) Version/11.0 Mobile/15A372 Safari/604.1"
121.227.232.104 - - [19/Apr/2018:11:23:31 +0800] "GET /js/JLAMP.modal.min.js HTTP/1.1" 200 16516 "http://merp.yudo.com.cn:8183/WEI_2000" "Mozilla/5.0 (iPhone; CPU iPhone OS 11_0 like Mac OS X) AppleWebKit/604.1.38 (KHTML, like Gecko) Version/11.0 Mobile/15A372 Safari/604.1"
121.227.232.104 - - [19/Apr/2018:11:23:31 +0800] "GET /js/JLAMP.lang.min.js HTTP/1.1" 200 1750 "http://merp.yudo.com.cn:8183/WEI_2000" "Mozilla/5.0 (iPhone; CPU iPhone OS 11_0 like Mac OS X) AppleWebKit/604.1.38 (KHTML, like Gecko) Version/11.0 Mobile/15A372 Safari/604.1"
121.227.232.104 - - [19/Apr/2018:11:23:31 +0800] "GET /js/session.js HTTP/1.1" 200 638 "http://merp.yudo.com.cn:8183/WEI_2000" "Mozilla/5.0 (iPhone; CPU iPhone OS 11_0 like Mac OS X) AppleWebKit/604.1.38 (KHTML, like Gecko) Version/11.0 Mobile/15A372 Safari/604.1"
121.227.232.104 - - [19/Apr/2018:11:23:31 +0800] "GET /js/version.js HTTP/1.1" 200 1044 "http://merp.yudo.com.cn:8183/WEI_2000" "Mozilla/5.0 (iPhone; CPU iPhone OS 11_0 like Mac OS X) AppleWebKit/604.1.38 (KHTML, like Gecko) Version/11.0 Mobile/15A372 Safari/604.1"
121.227.232.104 - - [19/Apr/2018:11:23:31 +0800] "GET /js/common.js HTTP/1.1" 200 11633 "http://merp.yudo.com.cn:8183/WEI_2000" "Mozilla/5.0 (iPhone; CPU iPhone OS 11_0 like Mac OS X) AppleWebKit/604.1.38 (KHTML, like Gecko) Version/11.0 Mobile/15A372 Safari/604.1"
121.227.232.104 - - [19/Apr/2018:11:23:31 +0800] "GET /js/GNB.js HTTP/1.1" 200 2176 "http://merp.yudo.com.cn:8183/WEI_2000" "Mozilla/5.0 (iPhone; CPU iPhone OS 11_0 like Mac OS X) AppleWebKit/604.1.38 (KHTML, like Gecko) Version/11.0 Mobile/15A372 Safari/604.1"
121.227.232.104 - - [19/Apr/2018:11:23:31 +0800] "GET /js/WEI_2000/WEI_2000_Lists.js?v=201804191027 HTTP/1.1" 200 17386 "http://merp.yudo.com.cn:8183/WEI_2000" "Mozilla/5.0 (iPhone; CPU iPhone OS 11_0 like Mac OS X) AppleWebKit/604.1.38 (KHTML, like Gecko) Version/11.0 Mobile/15A372 Safari/604.1"
121.227.232.104 - - [19/Apr/2018:11:23:31 +0800] "GET /js/WEI_2000/mui.min.js HTTP/1.1" 200 115810 "http://merp.yudo.com.cn:8183/WEI_2000" "Mozilla/5.0 (iPhone; CPU iPhone OS 11_0 like Mac OS X) AppleWebKit/604.1.38 (KHTML, like Gecko) Version/11.0 Mobile/15A372 Safari/604.1"
121.227.232.104 - - [19/Apr/2018:11:23:31 +0800] "GET /third_party/jquery-ui-1.11.4/jquery-ui.js HTTP/1.1" 200 470596 "http://merp.yudo.com.cn:8183/WEI_2000" "Mozilla/5.0 (iPhone; CPU iPhone OS 11_0 like Mac OS X) AppleWebKit/604.1.38 (KHTML, like Gecko) Version/11.0 Mobile/15A372 Safari/604.1"
121.227.232.104 - - [19/Apr/2018:11:23:31 +0800] "GET /image/login_logo.png HTTP/1.1" 200 3941 "http://merp.yudo.com.cn:8183/WEI_2000" "Mozilla/5.0 (iPhone; CPU iPhone OS 11_0 like Mac OS X) AppleWebKit/604.1.38 (KHTML, like Gecko) Version/11.0 Mobile/15A372 Safari/604.1"
121.227.232.104 - - [19/Apr/2018:11:23:31 +0800] "GET /image/icon_logout.png HTTP/1.1" 200 1682 "http://merp.yudo.com.cn:8183/WEI_2000" "Mozilla/5.0 (iPhone; CPU iPhone OS 11_0 like Mac OS X) AppleWebKit/604.1.38 (KHTML, like Gecko) Version/11.0 Mobile/15A372 Safari/604.1"
121.227.232.104 - - [19/Apr/2018:11:23:31 +0800] "GET /third_party/KendoUI/styles/images/kendoui.woff?v=1.1 HTTP/1.1" 200 64184 "http://merp.yudo.com.cn:8183/third_party/KendoUI/styles/kendo.bootstrap.mobile.min.css" "Mozilla/5.0 (iPhone; CPU iPhone OS 11_0 like Mac OS X) AppleWebKit/604.1.38 (KHTML, like Gecko) Version/11.0 Mobile/15A372 Safari/604.1"
121.227.232.104 - - [19/Apr/2018:11:23:31 +0800] "GET /third_party/bootstrap-3.3.5/css/bootstrap-theme.css.map HTTP/1.1" 200 47721 "-" "Mozilla/5.0 (iPhone; CPU iPhone OS 11_0 like Mac OS X) AppleWebKit/604.1.38 (KHTML, like Gecko) Version/11.0 Mobile/15A372 Safari/604.1"
121.227.232.104 - - [19/Apr/2018:11:23:31 +0800] "GET /third_party/KendoUI/styles/kendo.common.min.css.map HTTP/1.1" 200 87034 "-" "Mozilla/5.0 (iPhone; CPU iPhone OS 11_0 like Mac OS X) AppleWebKit/604.1.38 (KHTML, like Gecko) Version/11.0 Mobile/15A372 Safari/604.1"
121.227.232.104 - - [19/Apr/2018:11:23:31 +0800] "GET /third_party/KendoUI/styles/kendo.bootstrap.min.css.map HTTP/1.1" 200 25777 "-" "Mozilla/5.0 (iPhone; CPU iPhone OS 11_0 like Mac OS X) AppleWebKit/604.1.38 (KHTML, like Gecko) Version/11.0 Mobile/15A372 Safari/604.1"
121.227.232.104 - - [19/Apr/2018:11:23:31 +0800] "GET /third_party/KendoUI/styles/kendo.bootstrap.mobile.min.css.map HTTP/1.1" 200 38075 "-" "Mozilla/5.0 (iPhone; CPU iPhone OS 11_0 like Mac OS X) AppleWebKit/604.1.38 (KHTML, like Gecko) Version/11.0 Mobile/15A372 Safari/604.1"
121.227.232.104 - - [19/Apr/2018:11:23:31 +0800] "GET /third_party/bootstrap-3.3.5/css/bootstrap.css.map HTTP/1.1" 200 390518 "-" "Mozilla/5.0 (iPhone; CPU iPhone OS 11_0 like Mac OS X) AppleWebKit/604.1.38 (KHTML, like Gecko) Version/11.0 Mobile/15A372 Safari/604.1"
121.227.232.104 - - [19/Apr/2018:11:23:31 +0800] "GET /third_party/KendoUI/js/kendo.all.min.js HTTP/1.1" 200 3038548 "http://merp.yudo.com.cn:8183/WEI_2000" "Mozilla/5.0 (iPhone; CPU iPhone OS 11_0 like Mac OS X) AppleWebKit/604.1.38 (KHTML, like Gecko) Version/11.0 Mobile/15A372 Safari/604.1"
121.227.232.104 - - [19/Apr/2018:11:23:32 +0800] "POST /JLAMPCommon/langBatchRows_prc HTTP/1.1" 200 44 "http://merp.yudo.com.cn:8183/WEI_2000" "Mozilla/5.0 (iPhone; CPU iPhone OS 11_0 like Mac OS X) AppleWebKit/604.1.38 (KHTML, like Gecko) Version/11.0 Mobile/15A372 Safari/604.1"
121.227.232.104 - - [19/Apr/2018:11:23:32 +0800] "GET /JLAMPCommon/getCookieJson_prc HTTP/1.1" 200 842 "http://merp.yudo.com.cn:8183/WEI_2000" "Mozilla/5.0 (iPhone; CPU iPhone OS 11_0 like Mac OS X) AppleWebKit/604.1.38 (KHTML, like Gecko) Version/11.0 Mobile/15A372 Safari/604.1"
121.227.232.104 - - [19/Apr/2018:11:23:33 +0800] "POST /JLAMPCommon/langRow_prc HTTP/1.1" 200 191 "http://merp.yudo.com.cn:8183/WEI_2000" "Mozilla/5.0 (iPhone; CPU iPhone OS 11_0 like Mac OS X) AppleWebKit/604.1.38 (KHTML, like Gecko) Version/11.0 Mobile/15A372 Safari/604.1"
121.227.232.104 - - [19/Apr/2018:11:23:33 +0800] "POST /JLAMPCommon/langRow_prc HTTP/1.1" 200 203 "http://merp.yudo.com.cn:8183/WEI_2000" "Mozilla/5.0 (iPhone; CPU iPhone OS 11_0 like Mac OS X) AppleWebKit/604.1.38 (KHTML, like Gecko) Version/11.0 Mobile/15A372 Safari/604.1"
121.227.232.104 - - [19/Apr/2018:11:23:32 +0800] "GET /third_party/KendoUI/js/kendo.all.min.js.map HTTP/1.1" 200 12386724 "-" "Mozilla/5.0 (iPhone; CPU iPhone OS 11_0 like Mac OS X) AppleWebKit/604.1.38 (KHTML, like Gecko) Version/11.0 Mobile/15A372 Safari/604.1"
::1 - - [19/Apr/2018:11:23:42 +0800] "OPTIONS * HTTP/1.0" 200 - "-" "Apache/2.4.6 (CentOS) PHP/5.6.32 (internal dummy connection)"
121.227.232.104 - - [19/Apr/2018:11:24:59 +0800] "GET /WEI_2000 HTTP/1.1" 200 19041 "-" "Mozilla/5.0 (iPhone; CPU iPhone OS 11_0 like Mac OS X) AppleWebKit/604.1.38 (KHTML, like Gecko) Version/11.0 Mobile/15A372 Safari/604.1"
121.227.232.104 - - [19/Apr/2018:11:25:00 +0800] "GET /css/WEI_2000/WEI_2000_Lists.css?v=201804191027 HTTP/1.1" 200 1670 "http://merp.yudo.com.cn:8183/WEI_2000" "Mozilla/5.0 (iPhone; CPU iPhone OS 11_0 like Mac OS X) AppleWebKit/604.1.38 (KHTML, like Gecko) Version/11.0 Mobile/15A372 Safari/604.1"
121.227.232.104 - - [19/Apr/2018:11:25:00 +0800] "GET /js/WEI_2000/WEI_2000_Lists.js?v=201804191027 HTTP/1.1" 304 - "http://merp.yudo.com.cn:8183/WEI_2000" "Mozilla/5.0 (iPhone; CPU iPhone OS 11_0 like Mac OS X) AppleWebKit/604.1.38 (KHTML, like Gecko) Version/11.0 Mobile/15A372 Safari/604.1"
121.227.232.104 - - [19/Apr/2018:11:25:02 +0800] "POST /JLAMPCommon/langBatchRows_prc HTTP/1.1" 200 44 "http://merp.yudo.com.cn:8183/WEI_2000" "Mozilla/5.0 (iPhone; CPU iPhone OS 11_0 like Mac OS X) AppleWebKit/604.1.38 (KHTML, like Gecko) Version/11.0 Mobile/15A372 Safari/604.1"
121.227.232.104 - - [19/Apr/2018:11:25:02 +0800] "GET /JLAMPCommon/getCookieJson_prc HTTP/1.1" 200 842 "http://merp.yudo.com.cn:8183/WEI_2000" "Mozilla/5.0 (iPhone; CPU iPhone OS 11_0 like Mac OS X) AppleWebKit/604.1.38 (KHTML, like Gecko) Version/11.0 Mobile/15A372 Safari/604.1"
121.227.232.104 - - [19/Apr/2018:11:25:02 +0800] "POST /JLAMPCommon/langRow_prc HTTP/1.1" 200 191 "http://merp.yudo.com.cn:8183/WEI_2000" "Mozilla/5.0 (iPhone; CPU iPhone OS 11_0 like Mac OS X) AppleWebKit/604.1.38 (KHTML, like Gecko) Version/11.0 Mobile/15A372 Safari/604.1"
121.227.232.104 - - [19/Apr/2018:11:25:02 +0800] "POST /JLAMPCommon/langRow_prc HTTP/1.1" 200 203 "http://merp.yudo.com.cn:8183/WEI_2000" "Mozilla/5.0 (iPhone; CPU iPhone OS 11_0 like Mac OS X) AppleWebKit/604.1.38 (KHTML, like Gecko) Version/11.0 Mobile/15A372 Safari/604.1"
117.136.68.182 - - [19/Apr/2018:11:25:14 +0800] "GET /?deviceType=mobile&devicePlatform=ios HTTP/1.1" 302 149 "-" "Mozilla/5.0 (iPhone; CPU iPhone OS 10_3_3 like Mac OS X) AppleWebKit/603.3.8 (KHTML, like Gecko) Mobile/14G60JLAMPMode:iPhone"
117.136.68.182 - - [19/Apr/2018:11:25:15 +0800] "GET /Menu/Menu?formKey=M20180419T112310397 HTTP/1.1" 200 5727 "-" "Mozilla/5.0 (iPhone; CPU iPhone OS 10_3_3 like Mac OS X) AppleWebKit/603.3.8 (KHTML, like Gecko) Mobile/14G60JLAMPMode:iPhone"
117.136.68.182 - - [19/Apr/2018:11:25:15 +0800] "GET /WEI_2000/WEI_2000 HTTP/1.1" 200 19038 "http://merp.yudo.com.cn:8183/Menu/Menu?formKey=M20180419T112310397" "Mozilla/5.0 (iPhone; CPU iPhone OS 10_3_3 like Mac OS X) AppleWebKit/603.3.8 (KHTML, like Gecko) Mobile/14G60JLAMPMode:iPhone"
117.136.68.182 - - [19/Apr/2018:11:25:15 +0800] "GET /css/WEI_2000/WEI_2000_Lists.css?v=201804191027 HTTP/1.1" 200 1670 "http://merp.yudo.com.cn:8183/WEI_2000/WEI_2000" "Mozilla/5.0 (iPhone; CPU iPhone OS 10_3_3 like Mac OS X) AppleWebKit/603.3.8 (KHTML, like Gecko) Mobile/14G60JLAMPMode:iPhone"
117.136.68.182 - - [19/Apr/2018:11:25:15 +0800] "GET /css/JLAMP.common.min.css HTTP/1.1" 200 - "http://merp.yudo.com.cn:8183/WEI_2000/WEI_2000" "Mozilla/5.0 (iPhone; CPU iPhone OS 10_3_3 like Mac OS X) AppleWebKit/603.3.8 (KHTML, like Gecko) Mobile/14G60JLAMPMode:iPhone"
117.136.68.182 - - [19/Apr/2018:11:25:15 +0800] "GET /css/WEI_2000/mui.min.css HTTP/1.1" 304 - "http://merp.yudo.com.cn:8183/WEI_2000/WEI_2000" "Mozilla/5.0 (iPhone; CPU iPhone OS 10_3_3 like Mac OS X) AppleWebKit/603.3.8 (KHTML, like Gecko) Mobile/14G60JLAMPMode:iPhone"
117.136.68.182 - - [19/Apr/2018:11:25:15 +0800] "GET /css/WEI_2000/animate.min.css HTTP/1.1" 304 - "http://merp.yudo.com.cn:8183/WEI_2000/WEI_2000" "Mozilla/5.0 (iPhone; CPU iPhone OS 10_3_3 like Mac OS X) AppleWebKit/603.3.8 (KHTML, like Gecko) Mobile/14G60JLAMPMode:iPhone"
117.136.68.182 - - [19/Apr/2018:11:25:15 +0800] "GET /js/WEI_2000/mui.min.js HTTP/1.1" 304 - "http://merp.yudo.com.cn:8183/WEI_2000/WEI_2000" "Mozilla/5.0 (iPhone; CPU iPhone OS 10_3_3 like Mac OS X) AppleWebKit/603.3.8 (KHTML, like Gecko) Mobile/14G60JLAMPMode:iPhone"
117.136.68.182 - - [19/Apr/2018:11:25:15 +0800] "GET /js/WEI_2000/WEI_2000_Lists.js?v=201804191027 HTTP/1.1" 200 17386 "http://merp.yudo.com.cn:8183/WEI_2000/WEI_2000" "Mozilla/5.0 (iPhone; CPU iPhone OS 10_3_3 like Mac OS X) AppleWebKit/603.3.8 (KHTML, like Gecko) Mobile/14G60JLAMPMode:iPhone"
117.136.68.182 - - [19/Apr/2018:11:25:15 +0800] "GET /third_party/KendoUI/js/kendo.all.min.js HTTP/1.1" 200 3038548 "http://merp.yudo.com.cn:8183/WEI_2000/WEI_2000" "Mozilla/5.0 (iPhone; CPU iPhone OS 10_3_3 like Mac OS X) AppleWebKit/603.3.8 (KHTML, like Gecko) Mobile/14G60JLAMPMode:iPhone"
117.136.68.182 - - [19/Apr/2018:11:25:17 +0800] "POST /JLAMPCommon/langBatchRows_prc HTTP/1.1" 200 44 "http://merp.yudo.com.cn:8183/WEI_2000/WEI_2000" "Mozilla/5.0 (iPhone; CPU iPhone OS 10_3_3 like Mac OS X) AppleWebKit/603.3.8 (KHTML, like Gecko) Mobile/14G60JLAMPMode:iPhone"
117.136.68.182 - - [19/Apr/2018:11:25:17 +0800] "GET /JLAMPCommon/getCookieJson_prc HTTP/1.1" 200 842 "http://merp.yudo.com.cn:8183/WEI_2000/WEI_2000" "Mozilla/5.0 (iPhone; CPU iPhone OS 10_3_3 like Mac OS X) AppleWebKit/603.3.8 (KHTML, like Gecko) Mobile/14G60JLAMPMode:iPhone"
117.136.68.182 - - [19/Apr/2018:11:25:18 +0800] "POST /JLAMPCommon/langRow_prc HTTP/1.1" 200 191 "http://merp.yudo.com.cn:8183/WEI_2000/WEI_2000" "Mozilla/5.0 (iPhone; CPU iPhone OS 10_3_3 like Mac OS X) AppleWebKit/603.3.8 (KHTML, like Gecko) Mobile/14G60JLAMPMode:iPhone"
117.136.68.182 - - [19/Apr/2018:11:25:18 +0800] "POST /JLAMPCommon/langRow_prc HTTP/1.1" 200 215 "http://merp.yudo.com.cn:8183/WEI_2000/WEI_2000" "Mozilla/5.0 (iPhone; CPU iPhone OS 10_3_3 like Mac OS X) AppleWebKit/603.3.8 (KHTML, like Gecko) Mobile/14G60JLAMPMode:iPhone"
::1 - - [19/Apr/2018:11:25:21 +0800] "OPTIONS * HTTP/1.0" 200 - "-" "Apache/2.4.6 (CentOS) PHP/5.6.32 (internal dummy connection)"
62.76.75.210 - - [19/Apr/2018:11:29:56 +0800] "\x03" 400 226 "-" "-"
117.136.68.182 - - [19/Apr/2018:11:30:45 +0800] "GET /?deviceType=mobile&devicePlatform=ios HTTP/1.1" 302 149 "-" "Mozilla/5.0 (iPhone; CPU iPhone OS 10_3_3 like Mac OS X) AppleWebKit/603.3.8 (KHTML, like Gecko) Mobile/14G60JLAMPMode:iPhone"
121.227.232.104 - - [19/Apr/2018:11:30:45 +0800] "GET /WEI_2000 HTTP/1.1" 200 19211 "-" "Mozilla/5.0 (iPhone; CPU iPhone OS 11_0 like Mac OS X) AppleWebKit/604.1.38 (KHTML, like Gecko) Version/11.0 Mobile/15A372 Safari/604.1"
117.136.68.182 - - [19/Apr/2018:11:30:45 +0800] "GET /Menu/Menu?formKey=M20180419T112840663 HTTP/1.1" 200 5727 "-" "Mozilla/5.0 (iPhone; CPU iPhone OS 10_3_3 like Mac OS X) AppleWebKit/603.3.8 (KHTML, like Gecko) Mobile/14G60JLAMPMode:iPhone"
121.227.232.104 - - [19/Apr/2018:11:30:45 +0800] "GET /css/WEI_2000/WEI_2000_Lists.css?v=201804191027 HTTP/1.1" 304 - "http://merp.yudo.com.cn:8183/WEI_2000" "Mozilla/5.0 (iPhone; CPU iPhone OS 11_0 like Mac OS X) AppleWebKit/604.1.38 (KHTML, like Gecko) Version/11.0 Mobile/15A372 Safari/604.1"
121.227.232.104 - - [19/Apr/2018:11:30:45 +0800] "GET /js/WEI_2000/WEI_2000_Lists.js?v=201804191027 HTTP/1.1" 200 17588 "http://merp.yudo.com.cn:8183/WEI_2000" "Mozilla/5.0 (iPhone; CPU iPhone OS 11_0 like Mac OS X) AppleWebKit/604.1.38 (KHTML, like Gecko) Version/11.0 Mobile/15A372 Safari/604.1"
117.136.68.182 - - [19/Apr/2018:11:30:45 +0800] "GET /WEI_2000/WEI_2000 HTTP/1.1" 200 19208 "http://merp.yudo.com.cn:8183/Menu/Menu?formKey=M20180419T112840663" "Mozilla/5.0 (iPhone; CPU iPhone OS 10_3_3 like Mac OS X) AppleWebKit/603.3.8 (KHTML, like Gecko) Mobile/14G60JLAMPMode:iPhone"
117.136.68.182 - - [19/Apr/2018:11:30:46 +0800] "GET /js/WEI_2000/WEI_2000_Lists.js?v=201804191027 HTTP/1.1" 200 17588 "http://merp.yudo.com.cn:8183/WEI_2000/WEI_2000" "Mozilla/5.0 (iPhone; CPU iPhone OS 10_3_3 like Mac OS X) AppleWebKit/603.3.8 (KHTML, like Gecko) Mobile/14G60JLAMPMode:iPhone"
117.136.68.182 - - [19/Apr/2018:11:30:46 +0800] "GET /css/WEI_2000/WEI_2000_Lists.css?v=201804191027 HTTP/1.1" 304 - "http://merp.yudo.com.cn:8183/WEI_2000/WEI_2000" "Mozilla/5.0 (iPhone; CPU iPhone OS 10_3_3 like Mac OS X) AppleWebKit/603.3.8 (KHTML, like Gecko) Mobile/14G60JLAMPMode:iPhone"
117.136.68.182 - - [19/Apr/2018:11:30:46 +0800] "GET /css/JLAMP.common.min.css HTTP/1.1" 200 - "http://merp.yudo.com.cn:8183/WEI_2000/WEI_2000" "Mozilla/5.0 (iPhone; CPU iPhone OS 10_3_3 like Mac OS X) AppleWebKit/603.3.8 (KHTML, like Gecko) Mobile/14G60JLAMPMode:iPhone"
117.136.68.182 - - [19/Apr/2018:11:30:46 +0800] "GET /css/WEI_2000/mui.min.css HTTP/1.1" 304 - "http://merp.yudo.com.cn:8183/WEI_2000/WEI_2000" "Mozilla/5.0 (iPhone; CPU iPhone OS 10_3_3 like Mac OS X) AppleWebKit/603.3.8 (KHTML, like Gecko) Mobile/14G60JLAMPMode:iPhone"
117.136.68.182 - - [19/Apr/2018:11:30:46 +0800] "GET /css/WEI_2000/animate.min.css HTTP/1.1" 304 - "http://merp.yudo.com.cn:8183/WEI_2000/WEI_2000" "Mozilla/5.0 (iPhone; CPU iPhone OS 10_3_3 like Mac OS X) AppleWebKit/603.3.8 (KHTML, like Gecko) Mobile/14G60JLAMPMode:iPhone"
117.136.68.182 - - [19/Apr/2018:11:30:46 +0800] "GET /js/WEI_2000/mui.min.js HTTP/1.1" 304 - "http://merp.yudo.com.cn:8183/WEI_2000/WEI_2000" "Mozilla/5.0 (iPhone; CPU iPhone OS 10_3_3 like Mac OS X) AppleWebKit/603.3.8 (KHTML, like Gecko) Mobile/14G60JLAMPMode:iPhone"
117.136.68.182 - - [19/Apr/2018:11:30:46 +0800] "GET /third_party/KendoUI/js/kendo.all.min.js HTTP/1.1" 200 3038548 "http://merp.yudo.com.cn:8183/WEI_2000/WEI_2000" "Mozilla/5.0 (iPhone; CPU iPhone OS 10_3_3 like Mac OS X) AppleWebKit/603.3.8 (KHTML, like Gecko) Mobile/14G60JLAMPMode:iPhone"
121.227.232.104 - - [19/Apr/2018:11:30:47 +0800] "POST /JLAMPCommon/langBatchRows_prc HTTP/1.1" 200 44 "http://merp.yudo.com.cn:8183/WEI_2000" "Mozilla/5.0 (iPhone; CPU iPhone OS 11_0 like Mac OS X) AppleWebKit/604.1.38 (KHTML, like Gecko) Version/11.0 Mobile/15A372 Safari/604.1"
121.227.232.104 - - [19/Apr/2018:11:30:47 +0800] "GET /JLAMPCommon/getCookieJson_prc HTTP/1.1" 200 842 "http://merp.yudo.com.cn:8183/WEI_2000" "Mozilla/5.0 (iPhone; CPU iPhone OS 11_0 like Mac OS X) AppleWebKit/604.1.38 (KHTML, like Gecko) Version/11.0 Mobile/15A372 Safari/604.1"
117.136.68.182 - - [19/Apr/2018:11:30:48 +0800] "POST /JLAMPCommon/langBatchRows_prc HTTP/1.1" 200 44 "http://merp.yudo.com.cn:8183/WEI_2000/WEI_2000" "Mozilla/5.0 (iPhone; CPU iPhone OS 10_3_3 like Mac OS X) AppleWebKit/603.3.8 (KHTML, like Gecko) Mobile/14G60JLAMPMode:iPhone"
121.227.232.104 - - [19/Apr/2018:11:30:47 +0800] "POST /JLAMPCommon/langRow_prc HTTP/1.1" 200 191 "http://merp.yudo.com.cn:8183/WEI_2000" "Mozilla/5.0 (iPhone; CPU iPhone OS 11_0 like Mac OS X) AppleWebKit/604.1.38 (KHTML, like Gecko) Version/11.0 Mobile/15A372 Safari/604.1"
117.136.68.182 - - [19/Apr/2018:11:30:48 +0800] "GET /JLAMPCommon/getCookieJson_prc HTTP/1.1" 200 842 "http://merp.yudo.com.cn:8183/WEI_2000/WEI_2000" "Mozilla/5.0 (iPhone; CPU iPhone OS 10_3_3 like Mac OS X) AppleWebKit/603.3.8 (KHTML, like Gecko) Mobile/14G60JLAMPMode:iPhone"
121.227.232.104 - - [19/Apr/2018:11:30:48 +0800] "POST /JLAMPCommon/langRow_prc HTTP/1.1" 200 203 "http://merp.yudo.com.cn:8183/WEI_2000" "Mozilla/5.0 (iPhone; CPU iPhone OS 11_0 like Mac OS X) AppleWebKit/604.1.38 (KHTML, like Gecko) Version/11.0 Mobile/15A372 Safari/604.1"
117.136.68.182 - - [19/Apr/2018:11:30:48 +0800] "POST /JLAMPCommon/langRow_prc HTTP/1.1" 200 191 "http://merp.yudo.com.cn:8183/WEI_2000/WEI_2000" "Mozilla/5.0 (iPhone; CPU iPhone OS 10_3_3 like Mac OS X) AppleWebKit/603.3.8 (KHTML, like Gecko) Mobile/14G60JLAMPMode:iPhone"
117.136.68.182 - - [19/Apr/2018:11:30:49 +0800] "POST /JLAMPCommon/langRow_prc HTTP/1.1" 200 215 "http://merp.yudo.com.cn:8183/WEI_2000/WEI_2000" "Mozilla/5.0 (iPhone; CPU iPhone OS 10_3_3 like Mac OS X) AppleWebKit/603.3.8 (KHTML, like Gecko) Mobile/14G60JLAMPMode:iPhone"
::1 - - [19/Apr/2018:11:30:51 +0800] "OPTIONS * HTTP/1.0" 200 - "-" "Apache/2.4.6 (CentOS) PHP/5.6.32 (internal dummy connection)"
::1 - - [19/Apr/2018:11:30:52 +0800] "OPTIONS * HTTP/1.0" 200 - "-" "Apache/2.4.6 (CentOS) PHP/5.6.32 (internal dummy connection)"
::1 - - [19/Apr/2018:11:30:55 +0800] "OPTIONS * HTTP/1.0" 200 - "-" "Apache/2.4.6 (CentOS) PHP/5.6.32 (internal dummy connection)"
121.227.232.104 - - [19/Apr/2018:11:31:41 +0800] "GET /WEI_2000 HTTP/1.1" 200 19224 "-" "Mozilla/5.0 (iPhone; CPU iPhone OS 11_0 like Mac OS X) AppleWebKit/604.1.38 (KHTML, like Gecko) Version/11.0 Mobile/15A372 Safari/604.1"
121.227.232.104 - - [19/Apr/2018:11:31:41 +0800] "GET /css/WEI_2000/WEI_2000_Lists.css?v=201804191027 HTTP/1.1" 304 - "http://merp.yudo.com.cn:8183/WEI_2000" "Mozilla/5.0 (iPhone; CPU iPhone OS 11_0 like Mac OS X) AppleWebKit/604.1.38 (KHTML, like Gecko) Version/11.0 Mobile/15A372 Safari/604.1"
121.227.232.104 - - [19/Apr/2018:11:31:41 +0800] "GET /js/WEI_2000/WEI_2000_Lists.js?v=201804191027 HTTP/1.1" 304 - "http://merp.yudo.com.cn:8183/WEI_2000" "Mozilla/5.0 (iPhone; CPU iPhone OS 11_0 like Mac OS X) AppleWebKit/604.1.38 (KHTML, like Gecko) Version/11.0 Mobile/15A372 Safari/604.1"
121.227.232.104 - - [19/Apr/2018:11:31:42 +0800] "POST /JLAMPCommon/langBatchRows_prc HTTP/1.1" 200 44 "http://merp.yudo.com.cn:8183/WEI_2000" "Mozilla/5.0 (iPhone; CPU iPhone OS 11_0 like Mac OS X) AppleWebKit/604.1.38 (KHTML, like Gecko) Version/11.0 Mobile/15A372 Safari/604.1"
121.227.232.104 - - [19/Apr/2018:11:31:43 +0800] "GET /JLAMPCommon/getCookieJson_prc HTTP/1.1" 200 842 "http://merp.yudo.com.cn:8183/WEI_2000" "Mozilla/5.0 (iPhone; CPU iPhone OS 11_0 like Mac OS X) AppleWebKit/604.1.38 (KHTML, like Gecko) Version/11.0 Mobile/15A372 Safari/604.1"
121.227.232.104 - - [19/Apr/2018:11:31:43 +0800] "POST /JLAMPCommon/langRow_prc HTTP/1.1" 200 191 "http://merp.yudo.com.cn:8183/WEI_2000" "Mozilla/5.0 (iPhone; CPU iPhone OS 11_0 like Mac OS X) AppleWebKit/604.1.38 (KHTML, like Gecko) Version/11.0 Mobile/15A372 Safari/604.1"
121.227.232.104 - - [19/Apr/2018:11:31:43 +0800] "POST /JLAMPCommon/langRow_prc HTTP/1.1" 200 203 "http://merp.yudo.com.cn:8183/WEI_2000" "Mozilla/5.0 (iPhone; CPU iPhone OS 11_0 like Mac OS X) AppleWebKit/604.1.38 (KHTML, like Gecko) Version/11.0 Mobile/15A372 Safari/604.1"
121.227.232.104 - - [19/Apr/2018:11:33:04 +0800] "GET /WEI_2000 HTTP/1.1" 200 19412 "-" "Mozilla/5.0 (iPhone; CPU iPhone OS 11_0 like Mac OS X) AppleWebKit/604.1.38 (KHTML, like Gecko) Version/11.0 Mobile/15A372 Safari/604.1"
121.227.232.104 - - [19/Apr/2018:11:33:05 +0800] "GET /css/WEI_2000/WEI_2000_Lists.css?v=201804191027 HTTP/1.1" 304 - "http://merp.yudo.com.cn:8183/WEI_2000" "Mozilla/5.0 (iPhone; CPU iPhone OS 11_0 like Mac OS X) AppleWebKit/604.1.38 (KHTML, like Gecko) Version/11.0 Mobile/15A372 Safari/604.1"
121.227.232.104 - - [19/Apr/2018:11:33:05 +0800] "GET /css/WEI_2000/mui.min.css HTTP/1.1" 304 - "http://merp.yudo.com.cn:8183/WEI_2000" "Mozilla/5.0 (iPhone; CPU iPhone OS 11_0 like Mac OS X) AppleWebKit/604.1.38 (KHTML, like Gecko) Version/11.0 Mobile/15A372 Safari/604.1"
121.227.232.104 - - [19/Apr/2018:11:33:05 +0800] "GET /js/WEI_2000/WEI_2000_Lists.js?v=201804191027 HTTP/1.1" 304 - "http://merp.yudo.com.cn:8183/WEI_2000" "Mozilla/5.0 (iPhone; CPU iPhone OS 11_0 like Mac OS X) AppleWebKit/604.1.38 (KHTML, like Gecko) Version/11.0 Mobile/15A372 Safari/604.1"
121.227.232.104 - - [19/Apr/2018:11:33:05 +0800] "GET /js/WEI_2000/mui.min.js HTTP/1.1" 304 - "http://merp.yudo.com.cn:8183/WEI_2000" "Mozilla/5.0 (iPhone; CPU iPhone OS 11_0 like Mac OS X) AppleWebKit/604.1.38 (KHTML, like Gecko) Version/11.0 Mobile/15A372 Safari/604.1"
121.227.232.104 - - [19/Apr/2018:11:33:06 +0800] "POST /JLAMPCommon/langBatchRows_prc HTTP/1.1" 200 44 "http://merp.yudo.com.cn:8183/WEI_2000" "Mozilla/5.0 (iPhone; CPU iPhone OS 11_0 like Mac OS X) AppleWebKit/604.1.38 (KHTML, like Gecko) Version/11.0 Mobile/15A372 Safari/604.1"
121.227.232.104 - - [19/Apr/2018:11:33:07 +0800] "GET /JLAMPCommon/getCookieJson_prc HTTP/1.1" 200 842 "http://merp.yudo.com.cn:8183/WEI_2000" "Mozilla/5.0 (iPhone; CPU iPhone OS 11_0 like Mac OS X) AppleWebKit/604.1.38 (KHTML, like Gecko) Version/11.0 Mobile/15A372 Safari/604.1"
121.227.232.104 - - [19/Apr/2018:11:33:07 +0800] "POST /JLAMPCommon/langRow_prc HTTP/1.1" 200 191 "http://merp.yudo.com.cn:8183/WEI_2000" "Mozilla/5.0 (iPhone; CPU iPhone OS 11_0 like Mac OS X) AppleWebKit/604.1.38 (KHTML, like Gecko) Version/11.0 Mobile/15A372 Safari/604.1"
121.227.232.104 - - [19/Apr/2018:11:33:08 +0800] "POST /JLAMPCommon/langRow_prc HTTP/1.1" 200 203 "http://merp.yudo.com.cn:8183/WEI_2000" "Mozilla/5.0 (iPhone; CPU iPhone OS 11_0 like Mac OS X) AppleWebKit/604.1.38 (KHTML, like Gecko) Version/11.0 Mobile/15A372 Safari/604.1"
117.136.68.182 - - [19/Apr/2018:11:33:17 +0800] "GET /?deviceType=mobile&devicePlatform=ios HTTP/1.1" 302 149 "-" "Mozilla/5.0 (iPhone; CPU iPhone OS 10_3_3 like Mac OS X) AppleWebKit/603.3.8 (KHTML, like Gecko) Mobile/14G60JLAMPMode:iPhone"
117.136.68.182 - - [19/Apr/2018:11:33:18 +0800] "GET /Menu/Menu?formKey=M20180419T113113290 HTTP/1.1" 200 5727 "-" "Mozilla/5.0 (iPhone; CPU iPhone OS 10_3_3 like Mac OS X) AppleWebKit/603.3.8 (KHTML, like Gecko) Mobile/14G60JLAMPMode:iPhone"
117.136.68.182 - - [19/Apr/2018:11:33:18 +0800] "GET /WEI_2000/WEI_2000 HTTP/1.1" 200 19409 "http://merp.yudo.com.cn:8183/Menu/Menu?formKey=M20180419T113113290" "Mozilla/5.0 (iPhone; CPU iPhone OS 10_3_3 like Mac OS X) AppleWebKit/603.3.8 (KHTML, like Gecko) Mobile/14G60JLAMPMode:iPhone"
117.136.68.182 - - [19/Apr/2018:11:33:18 +0800] "GET /css/WEI_2000/WEI_2000_Lists.css?v=201804191027 HTTP/1.1" 304 - "http://merp.yudo.com.cn:8183/WEI_2000/WEI_2000" "Mozilla/5.0 (iPhone; CPU iPhone OS 10_3_3 like Mac OS X) AppleWebKit/603.3.8 (KHTML, like Gecko) Mobile/14G60JLAMPMode:iPhone"
117.136.68.182 - - [19/Apr/2018:11:33:18 +0800] "GET /css/JLAMP.common.min.css HTTP/1.1" 200 - "http://merp.yudo.com.cn:8183/WEI_2000/WEI_2000" "Mozilla/5.0 (iPhone; CPU iPhone OS 10_3_3 like Mac OS X) AppleWebKit/603.3.8 (KHTML, like Gecko) Mobile/14G60JLAMPMode:iPhone"
117.136.68.182 - - [19/Apr/2018:11:33:18 +0800] "GET /css/WEI_2000/mui.min.css HTTP/1.1" 304 - "http://merp.yudo.com.cn:8183/WEI_2000/WEI_2000" "Mozilla/5.0 (iPhone; CPU iPhone OS 10_3_3 like Mac OS X) AppleWebKit/603.3.8 (KHTML, like Gecko) Mobile/14G60JLAMPMode:iPhone"
117.136.68.182 - - [19/Apr/2018:11:33:18 +0800] "GET /css/WEI_2000/animate.min.css HTTP/1.1" 304 - "http://merp.yudo.com.cn:8183/WEI_2000/WEI_2000" "Mozilla/5.0 (iPhone; CPU iPhone OS 10_3_3 like Mac OS X) AppleWebKit/603.3.8 (KHTML, like Gecko) Mobile/14G60JLAMPMode:iPhone"
117.136.68.182 - - [19/Apr/2018:11:33:18 +0800] "GET /js/WEI_2000/mui.min.js HTTP/1.1" 304 - "http://merp.yudo.com.cn:8183/WEI_2000/WEI_2000" "Mozilla/5.0 (iPhone; CPU iPhone OS 10_3_3 like Mac OS X) AppleWebKit/603.3.8 (KHTML, like Gecko) Mobile/14G60JLAMPMode:iPhone"
117.136.68.182 - - [19/Apr/2018:11:33:18 +0800] "GET /js/WEI_2000/WEI_2000_Lists.js?v=201804191027 HTTP/1.1" 304 - "http://merp.yudo.com.cn:8183/WEI_2000/WEI_2000" "Mozilla/5.0 (iPhone; CPU iPhone OS 10_3_3 like Mac OS X) AppleWebKit/603.3.8 (KHTML, like Gecko) Mobile/14G60JLAMPMode:iPhone"
117.136.68.182 - - [19/Apr/2018:11:33:18 +0800] "GET /third_party/KendoUI/js/kendo.all.min.js HTTP/1.1" 200 3038548 "http://merp.yudo.com.cn:8183/WEI_2000/WEI_2000" "Mozilla/5.0 (iPhone; CPU iPhone OS 10_3_3 like Mac OS X) AppleWebKit/603.3.8 (KHTML, like Gecko) Mobile/14G60JLAMPMode:iPhone"
117.136.68.182 - - [19/Apr/2018:11:33:21 +0800] "POST /JLAMPCommon/langBatchRows_prc HTTP/1.1" 200 44 "http://merp.yudo.com.cn:8183/WEI_2000/WEI_2000" "Mozilla/5.0 (iPhone; CPU iPhone OS 10_3_3 like Mac OS X) AppleWebKit/603.3.8 (KHTML, like Gecko) Mobile/14G60JLAMPMode:iPhone"
117.136.68.182 - - [19/Apr/2018:11:33:21 +0800] "GET /JLAMPCommon/getCookieJson_prc HTTP/1.1" 200 842 "http://merp.yudo.com.cn:8183/WEI_2000/WEI_2000" "Mozilla/5.0 (iPhone; CPU iPhone OS 10_3_3 like Mac OS X) AppleWebKit/603.3.8 (KHTML, like Gecko) Mobile/14G60JLAMPMode:iPhone"
117.136.68.182 - - [19/Apr/2018:11:33:22 +0800] "POST /JLAMPCommon/langRow_prc HTTP/1.1" 200 191 "http://merp.yudo.com.cn:8183/WEI_2000/WEI_2000" "Mozilla/5.0 (iPhone; CPU iPhone OS 10_3_3 like Mac OS X) AppleWebKit/603.3.8 (KHTML, like Gecko) Mobile/14G60JLAMPMode:iPhone"
117.136.68.182 - - [19/Apr/2018:11:33:23 +0800] "POST /JLAMPCommon/langRow_prc HTTP/1.1" 200 215 "http://merp.yudo.com.cn:8183/WEI_2000/WEI_2000" "Mozilla/5.0 (iPhone; CPU iPhone OS 10_3_3 like Mac OS X) AppleWebKit/603.3.8 (KHTML, like Gecko) Mobile/14G60JLAMPMode:iPhone"
::1 - - [19/Apr/2018:11:33:26 +0800] "OPTIONS * HTTP/1.0" 200 - "-" "Apache/2.4.6 (CentOS) PHP/5.6.32 (internal dummy connection)"
121.227.232.104 - - [19/Apr/2018:11:35:07 +0800] "GET /WEI_2000 HTTP/1.1" 200 19412 "-" "Mozilla/5.0 (iPhone; CPU iPhone OS 11_0 like Mac OS X) AppleWebKit/604.1.38 (KHTML, like Gecko) Version/11.0 Mobile/15A372 Safari/604.1"
121.227.232.104 - - [19/Apr/2018:11:35:07 +0800] "GET /css/WEI_2000/WEI_2000_Lists.css?v=201804191027 HTTP/1.1" 304 - "http://merp.yudo.com.cn:8183/WEI_2000" "Mozilla/5.0 (iPhone; CPU iPhone OS 11_0 like Mac OS X) AppleWebKit/604.1.38 (KHTML, like Gecko) Version/11.0 Mobile/15A372 Safari/604.1"
121.227.232.104 - - [19/Apr/2018:11:35:07 +0800] "GET /js/WEI_2000/WEI_2000_Lists.js?v=201804191027 HTTP/1.1" 200 17635 "http://merp.yudo.com.cn:8183/WEI_2000" "Mozilla/5.0 (iPhone; CPU iPhone OS 11_0 like Mac OS X) AppleWebKit/604.1.38 (KHTML, like Gecko) Version/11.0 Mobile/15A372 Safari/604.1"
121.227.232.104 - - [19/Apr/2018:11:35:09 +0800] "POST /JLAMPCommon/langBatchRows_prc HTTP/1.1" 200 44 "http://merp.yudo.com.cn:8183/WEI_2000" "Mozilla/5.0 (iPhone; CPU iPhone OS 11_0 like Mac OS X) AppleWebKit/604.1.38 (KHTML, like Gecko) Version/11.0 Mobile/15A372 Safari/604.1"
121.227.232.104 - - [19/Apr/2018:11:35:09 +0800] "GET /JLAMPCommon/getCookieJson_prc HTTP/1.1" 200 842 "http://merp.yudo.com.cn:8183/WEI_2000" "Mozilla/5.0 (iPhone; CPU iPhone OS 11_0 like Mac OS X) AppleWebKit/604.1.38 (KHTML, like Gecko) Version/11.0 Mobile/15A372 Safari/604.1"
121.227.232.104 - - [19/Apr/2018:11:35:09 +0800] "POST /JLAMPCommon/langRow_prc HTTP/1.1" 200 191 "http://merp.yudo.com.cn:8183/WEI_2000" "Mozilla/5.0 (iPhone; CPU iPhone OS 11_0 like Mac OS X) AppleWebKit/604.1.38 (KHTML, like Gecko) Version/11.0 Mobile/15A372 Safari/604.1"
121.227.232.104 - - [19/Apr/2018:11:35:10 +0800] "POST /JLAMPCommon/langRow_prc HTTP/1.1" 200 203 "http://merp.yudo.com.cn:8183/WEI_2000" "Mozilla/5.0 (iPhone; CPU iPhone OS 11_0 like Mac OS X) AppleWebKit/604.1.38 (KHTML, like Gecko) Version/11.0 Mobile/15A372 Safari/604.1"
121.227.232.104 - - [19/Apr/2018:11:36:54 +0800] "GET /WEI_2000 HTTP/1.1" 200 19423 "-" "Mozilla/5.0 (iPhone; CPU iPhone OS 11_0 like Mac OS X) AppleWebKit/604.1.38 (KHTML, like Gecko) Version/11.0 Mobile/15A372 Safari/604.1"
121.227.232.104 - - [19/Apr/2018:11:36:54 +0800] "GET /css/WEI_2000/WEI_2000_Lists.css?v=201804191027 HTTP/1.1" 304 - "http://merp.yudo.com.cn:8183/WEI_2000" "Mozilla/5.0 (iPhone; CPU iPhone OS 11_0 like Mac OS X) AppleWebKit/604.1.38 (KHTML, like Gecko) Version/11.0 Mobile/15A372 Safari/604.1"
121.227.232.104 - - [19/Apr/2018:11:36:54 +0800] "GET /js/WEI_2000/WEI_2000_Lists.js?v=201804191027 HTTP/1.1" 304 - "http://merp.yudo.com.cn:8183/WEI_2000" "Mozilla/5.0 (iPhone; CPU iPhone OS 11_0 like Mac OS X) AppleWebKit/604.1.38 (KHTML, like Gecko) Version/11.0 Mobile/15A372 Safari/604.1"
117.136.68.182 - - [19/Apr/2018:11:36:54 +0800] "GET /?deviceType=mobile&devicePlatform=ios HTTP/1.1" 302 149 "-" "Mozilla/5.0 (iPhone; CPU iPhone OS 10_3_3 like Mac OS X) AppleWebKit/603.3.8 (KHTML, like Gecko) Mobile/14G60JLAMPMode:iPhone"
117.136.68.182 - - [19/Apr/2018:11:36:55 +0800] "GET /Menu/Menu?formKey=M20180419T113450990 HTTP/1.1" 200 5727 "-" "Mozilla/5.0 (iPhone; CPU iPhone OS 10_3_3 like Mac OS X) AppleWebKit/603.3.8 (KHTML, like Gecko) Mobile/14G60JLAMPMode:iPhone"
117.136.68.182 - - [19/Apr/2018:11:36:56 +0800] "GET /WEI_2000/WEI_2000 HTTP/1.1" 200 19420 "http://merp.yudo.com.cn:8183/Menu/Menu?formKey=M20180419T113450990" "Mozilla/5.0 (iPhone; CPU iPhone OS 10_3_3 like Mac OS X) AppleWebKit/603.3.8 (KHTML, like Gecko) Mobile/14G60JLAMPMode:iPhone"
