223.104.145.101 - - [04/Jan/2019:18:04:45 +0800] "POST /JLAMPCommon/langBatchRows_prc HTTP/1.1" 200 595 "http://merp.yudo.com.cn:8183/Menu/Menu/menuLists?formKey=undefined&menuSelection=undefined" "Mozilla/5.0 (Linux; Android 9; HMA-AL00 Build/HUAWEIHMA-AL00; wv) AppleWebKit/537.36 (KHTML, like Gecko) Version/4.0 Chrome/68.0.3440.91 Mobile Safari/537.36"
223.104.145.101 - - [04/Jan/2019:18:04:45 +0800] "GET /JLAMPCommon/getCookieJson_prc HTTP/1.1" 200 933 "http://merp.yudo.com.cn:8183/Menu/Menu/menuLists?formKey=undefined&menuSelection=undefined" "Mozilla/5.0 (Linux; Android 9; HMA-AL00 Build/HUAWEIHMA-AL00; wv) AppleWebKit/537.36 (KHTML, like Gecko) Version/4.0 Chrome/68.0.3440.91 Mobile Safari/537.36"
223.104.145.101 - - [04/Jan/2019:18:04:45 +0800] "GET /Menu/doMenuRows_prc?formKey=undefined HTTP/1.1" 200 1305 "http://merp.yudo.com.cn:8183/Menu/Menu/menuLists?formKey=undefined&menuSelection=undefined" "Mozilla/5.0 (Linux; Android 9; HMA-AL00 Build/HUAWEIHMA-AL00; wv) AppleWebKit/537.36 (KHTML, like Gecko) Version/4.0 Chrome/68.0.3440.91 Mobile Safari/537.36"
192.168.253.2 - - [04/Jan/2019:18:05:22 +0800] "GET /WEI_2300/getMempId HTTP/1.1" 200 650 "http://merp.yudo.com.cn:8183/WEI_2300/WEI_2300?formKey=undefined&menuSelection=asm" "Mozilla/5.0 (iPhone; CPU iPhone OS 11_4_1 like Mac OS X) AppleWebKit/605.1.15 (KHTML, like Gecko) Mobile/15G77JLAMPMode:iPhone"
192.168.253.2 - - [04/Jan/2019:18:05:24 +0800] "POST /WEI_2300/getMempIdTarget HTTP/1.1" 200 6062 "http://merp.yudo.com.cn:8183/WEI_2300/WEI_2300?formKey=undefined&menuSelection=asm" "Mozilla/5.0 (iPhone; CPU iPhone OS 11_4_1 like Mac OS X) AppleWebKit/605.1.15 (KHTML, like Gecko) Mobile/15G77JLAMPMode:iPhone"
223.104.145.101 - - [04/Jan/2019:18:06:03 +0800] "GET /WEI_2300/WEI_2300?formKey=undefined&menuSelection=asm HTTP/1.1" 200 42837 "http://merp.yudo.com.cn:8183/Menu/Menu/menuLists?formKey=undefined&menuSelection=undefined" "Mozilla/5.0 (Linux; Android 9; HMA-AL00 Build/HUAWEIHMA-AL00; wv) AppleWebKit/537.36 (KHTML, like Gecko) Version/4.0 Chrome/68.0.3440.91 Mobile Safari/537.36"
223.104.145.101 - - [04/Jan/2019:18:06:03 +0800] "POST /JLAMPCommon/langBatchRows_prc HTTP/1.1" 200 18559 "http://merp.yudo.com.cn:8183/WEI_2300/WEI_2300?formKey=undefined&menuSelection=asm" "Mozilla/5.0 (Linux; Android 9; HMA-AL00 Build/HUAWEIHMA-AL00; wv) AppleWebKit/537.36 (KHTML, like Gecko) Version/4.0 Chrome/68.0.3440.91 Mobile Safari/537.36"
223.104.145.101 - - [04/Jan/2019:18:06:03 +0800] "POST /JLAMPCommon/langBatchRows_prc HTTP/1.1" 200 483 "http://merp.yudo.com.cn:8183/WEI_2300/WEI_2300?formKey=undefined&menuSelection=asm" "Mozilla/5.0 (Linux; Android 9; HMA-AL00 Build/HUAWEIHMA-AL00; wv) AppleWebKit/537.36 (KHTML, like Gecko) Version/4.0 Chrome/68.0.3440.91 Mobile Safari/537.36"
223.104.145.101 - - [04/Jan/2019:18:06:03 +0800] "GET /WEI_2300/getLoginInfo HTTP/1.1" 200 157 "http://merp.yudo.com.cn:8183/WEI_2300/WEI_2300?formKey=undefined&menuSelection=asm" "Mozilla/5.0 (Linux; Android 9; HMA-AL00 Build/HUAWEIHMA-AL00; wv) AppleWebKit/537.36 (KHTML, like Gecko) Version/4.0 Chrome/68.0.3440.91 Mobile Safari/537.36"
223.104.145.101 - - [04/Jan/2019:18:06:03 +0800] "GET /JLAMPCommon/getCookieJson_prc HTTP/1.1" 200 933 "http://merp.yudo.com.cn:8183/WEI_2300/WEI_2300?formKey=undefined&menuSelection=asm" "Mozilla/5.0 (Linux; Android 9; HMA-AL00 Build/HUAWEIHMA-AL00; wv) AppleWebKit/537.36 (KHTML, like Gecko) Version/4.0 Chrome/68.0.3440.91 Mobile Safari/537.36"
223.104.145.101 - - [04/Jan/2019:18:06:05 +0800] "GET /WEI_2300/getPermission HTTP/1.1" 200 63 "http://merp.yudo.com.cn:8183/WEI_2300/WEI_2300?formKey=undefined&menuSelection=asm" "Mozilla/5.0 (Linux; Android 9; HMA-AL00 Build/HUAWEIHMA-AL00; wv) AppleWebKit/537.36 (KHTML, like Gecko) Version/4.0 Chrome/68.0.3440.91 Mobile Safari/537.36"
223.104.145.101 - - [04/Jan/2019:18:06:05 +0800] "GET /WEI_2300/getLeader HTTP/1.1" 200 215 "http://merp.yudo.com.cn:8183/WEI_2300/WEI_2300?formKey=undefined&menuSelection=asm" "Mozilla/5.0 (Linux; Android 9; HMA-AL00 Build/HUAWEIHMA-AL00; wv) AppleWebKit/537.36 (KHTML, like Gecko) Version/4.0 Chrome/68.0.3440.91 Mobile Safari/537.36"
192.168.253.2 - - [04/Jan/2019:18:06:19 +0800] "GET /WEI_2300/getLeader HTTP/1.1" 200 215 "http://merp.yudo.com.cn:8183/WEI_2300/WEI_2300?formKey=undefined&menuSelection=asm" "Mozilla/5.0 (iPhone; CPU iPhone OS 11_4_1 like Mac OS X) AppleWebKit/605.1.15 (KHTML, like Gecko) Mobile/15G77JLAMPMode:iPhone"
223.104.145.101 - - [04/Jan/2019:18:06:23 +0800] "GET /WEI_2300/getDeptId HTTP/1.1" 200 2736 "http://merp.yudo.com.cn:8183/WEI_2300/WEI_2300?formKey=undefined&menuSelection=asm" "Mozilla/5.0 (Linux; Android 9; HMA-AL00 Build/HUAWEIHMA-AL00; wv) AppleWebKit/537.36 (KHTML, like Gecko) Version/4.0 Chrome/68.0.3440.91 Mobile Safari/537.36"
223.104.145.101 - - [04/Jan/2019:18:06:25 +0800] "POST /WEI_2300/getDeptIdTarget HTTP/1.1" 200 33545 "http://merp.yudo.com.cn:8183/WEI_2300/WEI_2300?formKey=undefined&menuSelection=asm" "Mozilla/5.0 (Linux; Android 9; HMA-AL00 Build/HUAWEIHMA-AL00; wv) AppleWebKit/537.36 (KHTML, like Gecko) Version/4.0 Chrome/68.0.3440.91 Mobile Safari/537.36"
223.104.145.101 - - [04/Jan/2019:18:06:50 +0800] "GET /WEI_2300/getMempId HTTP/1.1" 200 650 "http://merp.yudo.com.cn:8183/WEI_2300/WEI_2300?formKey=undefined&menuSelection=asm" "Mozilla/5.0 (Linux; Android 9; HMA-AL00 Build/HUAWEIHMA-AL00; wv) AppleWebKit/537.36 (KHTML, like Gecko) Version/4.0 Chrome/68.0.3440.91 Mobile Safari/537.36"
192.168.253.2 - - [04/Jan/2019:18:06:43 +0800] "POST /WEI_2300/getLeaderTarget HTTP/1.1" 200 565 "http://merp.yudo.com.cn:8183/WEI_2300/WEI_2300?formKey=undefined&menuSelection=asm" "Mozilla/5.0 (iPhone; CPU iPhone OS 11_4_1 like Mac OS X) AppleWebKit/605.1.15 (KHTML, like Gecko) Mobile/15G77JLAMPMode:iPhone"
223.104.145.101 - - [04/Jan/2019:18:06:52 +0800] "POST /WEI_2300/getMempIdTarget HTTP/1.1" 200 6062 "http://merp.yudo.com.cn:8183/WEI_2300/WEI_2300?formKey=undefined&menuSelection=asm" "Mozilla/5.0 (Linux; Android 9; HMA-AL00 Build/HUAWEIHMA-AL00; wv) AppleWebKit/537.36 (KHTML, like Gecko) Version/4.0 Chrome/68.0.3440.91 Mobile Safari/537.36"
192.168.253.2 - - [04/Jan/2019:18:07:12 +0800] "POST /WEI_2300/getLeaderTarget HTTP/1.1" 200 579 "http://merp.yudo.com.cn:8183/WEI_2300/WEI_2300?formKey=undefined&menuSelection=asm" "Mozilla/5.0 (iPhone; CPU iPhone OS 11_4_1 like Mac OS X) AppleWebKit/605.1.15 (KHTML, like Gecko) Mobile/15G77JLAMPMode:iPhone"
192.168.253.2 - - [04/Jan/2019:18:07:28 +0800] "GET /Menu/Menu/menuLists?formKey=undefined&menuSelection=undefined HTTP/1.1" 200 5838 "http://merp.yudo.com.cn:8183/WEI_2300/WEI_2300?formKey=undefined&menuSelection=asm" "Mozilla/5.0 (iPhone; CPU iPhone OS 11_4_1 like Mac OS X) AppleWebKit/605.1.15 (KHTML, like Gecko) Mobile/15G77JLAMPMode:iPhone"
192.168.253.2 - - [04/Jan/2019:18:07:28 +0800] "POST /JLAMPCommon/langBatchRows_prc HTTP/1.1" 200 595 "http://merp.yudo.com.cn:8183/Menu/Menu/menuLists?formKey=undefined&menuSelection=undefined" "Mozilla/5.0 (iPhone; CPU iPhone OS 11_4_1 like Mac OS X) AppleWebKit/605.1.15 (KHTML, like Gecko) Mobile/15G77JLAMPMode:iPhone"
192.168.253.2 - - [04/Jan/2019:18:07:28 +0800] "GET /JLAMPCommon/getCookieJson_prc HTTP/1.1" 200 933 "http://merp.yudo.com.cn:8183/Menu/Menu/menuLists?formKey=undefined&menuSelection=undefined" "Mozilla/5.0 (iPhone; CPU iPhone OS 11_4_1 like Mac OS X) AppleWebKit/605.1.15 (KHTML, like Gecko) Mobile/15G77JLAMPMode:iPhone"
192.168.253.2 - - [04/Jan/2019:18:07:28 +0800] "GET /Menu/doMenuRows_prc?formKey=undefined HTTP/1.1" 200 1305 "http://merp.yudo.com.cn:8183/Menu/Menu/menuLists?formKey=undefined&menuSelection=undefined" "Mozilla/5.0 (iPhone; CPU iPhone OS 11_4_1 like Mac OS X) AppleWebKit/605.1.15 (KHTML, like Gecko) Mobile/15G77JLAMPMode:iPhone"
192.168.253.2 - - [04/Jan/2019:18:07:43 +0800] "GET /WEI_1300/WEI_1300?formKey=undefined&menuSelection=sm HTTP/1.1" 200 7459 "http://merp.yudo.com.cn:8183/Menu/Menu/menuLists?formKey=undefined&menuSelection=undefined" "Mozilla/5.0 (iPhone; CPU iPhone OS 11_4_1 like Mac OS X) AppleWebKit/605.1.15 (KHTML, like Gecko) Mobile/15G77JLAMPMode:iPhone"
192.168.253.2 - - [04/Jan/2019:18:07:43 +0800] "GET /css/WEI_1300/WEI_1300_Lists.css HTTP/1.1" 200 121 "http://merp.yudo.com.cn:8183/WEI_1300/WEI_1300?formKey=undefined&menuSelection=sm" "Mozilla/5.0 (iPhone; CPU iPhone OS 11_4_1 like Mac OS X) AppleWebKit/605.1.15 (KHTML, like Gecko) Mobile/15G77JLAMPMode:iPhone"
192.168.253.2 - - [04/Jan/2019:18:07:43 +0800] "GET /js/WEI_1300/WEI_1300_Lists.js?v=20180205001 HTTP/1.1" 200 10532 "http://merp.yudo.com.cn:8183/WEI_1300/WEI_1300?formKey=undefined&menuSelection=sm" "Mozilla/5.0 (iPhone; CPU iPhone OS 11_4_1 like Mac OS X) AppleWebKit/605.1.15 (KHTML, like Gecko) Mobile/15G77JLAMPMode:iPhone"
192.168.253.2 - - [04/Jan/2019:18:07:43 +0800] "GET /image/no_chart.png HTTP/1.1" 200 2051 "http://merp.yudo.com.cn:8183/WEI_1300/WEI_1300?formKey=undefined&menuSelection=sm" "Mozilla/5.0 (iPhone; CPU iPhone OS 11_4_1 like Mac OS X) AppleWebKit/605.1.15 (KHTML, like Gecko) Mobile/15G77JLAMPMode:iPhone"
192.168.253.2 - - [04/Jan/2019:18:07:43 +0800] "GET /third_party/KendoUI/js/kendo.all.min.js HTTP/1.1" 200 3038548 "http://merp.yudo.com.cn:8183/WEI_1300/WEI_1300?formKey=undefined&menuSelection=sm" "Mozilla/5.0 (iPhone; CPU iPhone OS 11_4_1 like Mac OS X) AppleWebKit/605.1.15 (KHTML, like Gecko) Mobile/15G77JLAMPMode:iPhone"
192.168.253.2 - - [04/Jan/2019:18:07:44 +0800] "POST /JLAMPCommon/langBatchRows_prc HTTP/1.1" 200 2192 "http://merp.yudo.com.cn:8183/WEI_1300/WEI_1300?formKey=undefined&menuSelection=sm" "Mozilla/5.0 (iPhone; CPU iPhone OS 11_4_1 like Mac OS X) AppleWebKit/605.1.15 (KHTML, like Gecko) Mobile/15G77JLAMPMode:iPhone"
192.168.253.2 - - [04/Jan/2019:18:07:44 +0800] "GET /JLAMPCommon/getCookieJson_prc HTTP/1.1" 200 933 "http://merp.yudo.com.cn:8183/WEI_1300/WEI_1300?formKey=undefined&menuSelection=sm" "Mozilla/5.0 (iPhone; CPU iPhone OS 11_4_1 like Mac OS X) AppleWebKit/605.1.15 (KHTML, like Gecko) Mobile/15G77JLAMPMode:iPhone"
192.168.253.2 - - [04/Jan/2019:18:07:44 +0800] "POST /JLAMPCommon/langRow_prc HTTP/1.1" 200 191 "http://merp.yudo.com.cn:8183/WEI_1300/WEI_1300?formKey=undefined&menuSelection=sm" "Mozilla/5.0 (iPhone; CPU iPhone OS 11_4_1 like Mac OS X) AppleWebKit/605.1.15 (KHTML, like Gecko) Mobile/15G77JLAMPMode:iPhone"
192.168.253.2 - - [04/Jan/2019:18:07:44 +0800] "POST /JLAMPCommon/langRow_prc HTTP/1.1" 200 203 "http://merp.yudo.com.cn:8183/WEI_1300/WEI_1300?formKey=undefined&menuSelection=sm" "Mozilla/5.0 (iPhone; CPU iPhone OS 11_4_1 like Mac OS X) AppleWebKit/605.1.15 (KHTML, like Gecko) Mobile/15G77JLAMPMode:iPhone"
192.168.253.2 - - [04/Jan/2019:18:07:53 +0800] "POST /JLAMPCommon/setFormAccessLog_prc HTTP/1.1" 200 65 "http://merp.yudo.com.cn:8183/WEI_1300/WEI_1300?formKey=undefined&menuSelection=sm" "Mozilla/5.0 (iPhone; CPU iPhone OS 11_4_1 like Mac OS X) AppleWebKit/605.1.15 (KHTML, like Gecko) Mobile/15G77JLAMPMode:iPhone"
192.168.253.2 - - [04/Jan/2019:18:07:54 +0800] "POST /main/logout_prc HTTP/1.1" 200 44 "http://merp.yudo.com.cn:8183/WEI_1300/WEI_1300?formKey=undefined&menuSelection=sm" "Mozilla/5.0 (iPhone; CPU iPhone OS 11_4_1 like Mac OS X) AppleWebKit/605.1.15 (KHTML, like Gecko) Mobile/15G77JLAMPMode:iPhone"
192.168.253.2 - - [04/Jan/2019:18:07:54 +0800] "GET /?deviceType=mobile&devicePlatform=ios HTTP/1.1" 200 7936 "http://merp.yudo.com.cn:8183/WEI_1300/WEI_1300?formKey=undefined&menuSelection=sm" "Mozilla/5.0 (iPhone; CPU iPhone OS 11_4_1 like Mac OS X) AppleWebKit/605.1.15 (KHTML, like Gecko) Mobile/15G77JLAMPMode:iPhone"
192.168.253.2 - - [04/Jan/2019:18:07:54 +0800] "GET /JLAMPCommon/getCookieJson_prc HTTP/1.1" 200 62 "http://merp.yudo.com.cn:8183/?deviceType=mobile&devicePlatform=ios" "Mozilla/5.0 (iPhone; CPU iPhone OS 11_4_1 like Mac OS X) AppleWebKit/605.1.15 (KHTML, like Gecko) Mobile/15G77JLAMPMode:iPhone"
192.168.253.2 - - [04/Jan/2019:18:08:05 +0800] "POST /main/login_prc HTTP/1.1" 200 74 "http://merp.yudo.com.cn:8183/?deviceType=mobile&devicePlatform=ios" "Mozilla/5.0 (iPhone; CPU iPhone OS 11_4_1 like Mac OS X) AppleWebKit/605.1.15 (KHTML, like Gecko) Mobile/15G77JLAMPMode:iPhone"
192.168.253.2 - - [04/Jan/2019:18:08:07 +0800] "POST /main/login_prc HTTP/1.1" 200 74 "http://merp.yudo.com.cn:8183/?deviceType=mobile&devicePlatform=ios" "Mozilla/5.0 (iPhone; CPU iPhone OS 11_4_1 like Mac OS X) AppleWebKit/605.1.15 (KHTML, like Gecko) Mobile/15G77JLAMPMode:iPhone"
192.168.253.2 - - [04/Jan/2019:18:08:19 +0800] "POST /main/login_prc HTTP/1.1" 200 44 "http://merp.yudo.com.cn:8183/?deviceType=mobile&devicePlatform=ios" "Mozilla/5.0 (iPhone; CPU iPhone OS 11_4_1 like Mac OS X) AppleWebKit/605.1.15 (KHTML, like Gecko) Mobile/15G77JLAMPMode:iPhone"
192.168.253.2 - - [04/Jan/2019:18:08:19 +0800] "POST /main/checkMenuAuth_prc HTTP/1.1" 200 44 "http://merp.yudo.com.cn:8183/?deviceType=mobile&devicePlatform=ios" "Mozilla/5.0 (iPhone; CPU iPhone OS 11_4_1 like Mac OS X) AppleWebKit/605.1.15 (KHTML, like Gecko) Mobile/15G77JLAMPMode:iPhone"
192.168.253.2 - - [04/Jan/2019:18:08:19 +0800] "POST / HTTP/1.1" 302 149 "http://merp.yudo.com.cn:8183/?deviceType=mobile&devicePlatform=ios" "Mozilla/5.0 (iPhone; CPU iPhone OS 11_4_1 like Mac OS X) AppleWebKit/605.1.15 (KHTML, like Gecko) Mobile/15G77JLAMPMode:iPhone"
192.168.253.2 - - [04/Jan/2019:18:08:19 +0800] "GET /Menu/Menu?formKey=M20190104T180652203 HTTP/1.1" 200 5836 "http://merp.yudo.com.cn:8183/?deviceType=mobile&devicePlatform=ios" "Mozilla/5.0 (iPhone; CPU iPhone OS 11_4_1 like Mac OS X) AppleWebKit/605.1.15 (KHTML, like Gecko) Mobile/15G77JLAMPMode:iPhone"
192.168.253.2 - - [04/Jan/2019:18:08:20 +0800] "POST /JLAMPCommon/langBatchRows_prc HTTP/1.1" 200 227 "http://merp.yudo.com.cn:8183/Menu/Menu?formKey=M20190104T180652203" "Mozilla/5.0 (iPhone; CPU iPhone OS 11_4_1 like Mac OS X) AppleWebKit/605.1.15 (KHTML, like Gecko) Mobile/15G77JLAMPMode:iPhone"
192.168.253.2 - - [04/Jan/2019:18:08:20 +0800] "GET /JLAMPCommon/getCookieJson_prc HTTP/1.1" 200 933 "http://merp.yudo.com.cn:8183/Menu/Menu?formKey=M20190104T180652203" "Mozilla/5.0 (iPhone; CPU iPhone OS 11_4_1 like Mac OS X) AppleWebKit/605.1.15 (KHTML, like Gecko) Mobile/15G77JLAMPMode:iPhone"
192.168.253.2 - - [04/Jan/2019:18:08:20 +0800] "GET /Menu/doMenuRows_prc?formKey=M20190104T180652203 HTTP/1.1" 200 1371 "http://merp.yudo.com.cn:8183/Menu/Menu?formKey=M20190104T180652203" "Mozilla/5.0 (iPhone; CPU iPhone OS 11_4_1 like Mac OS X) AppleWebKit/605.1.15 (KHTML, like Gecko) Mobile/15G77JLAMPMode:iPhone"
192.168.253.2 - - [04/Jan/2019:18:08:29 +0800] "POST /JLAMPCommon/setFormAccessLog_prc HTTP/1.1" 200 75 "http://merp.yudo.com.cn:8183/Menu/Menu?formKey=M20190104T180652203" "Mozilla/5.0 (iPhone; CPU iPhone OS 11_4_1 like Mac OS X) AppleWebKit/605.1.15 (KHTML, like Gecko) Mobile/15G77JLAMPMode:iPhone"
192.168.253.2 - - [04/Jan/2019:18:08:29 +0800] "POST /main/logout_prc HTTP/1.1" 200 44 "http://merp.yudo.com.cn:8183/Menu/Menu?formKey=M20190104T180652203" "Mozilla/5.0 (iPhone; CPU iPhone OS 11_4_1 like Mac OS X) AppleWebKit/605.1.15 (KHTML, like Gecko) Mobile/15G77JLAMPMode:iPhone"
192.168.253.2 - - [04/Jan/2019:18:08:29 +0800] "GET /?deviceType=mobile&devicePlatform=ios HTTP/1.1" 200 7936 "http://merp.yudo.com.cn:8183/Menu/Menu?formKey=M20190104T180652203" "Mozilla/5.0 (iPhone; CPU iPhone OS 11_4_1 like Mac OS X) AppleWebKit/605.1.15 (KHTML, like Gecko) Mobile/15G77JLAMPMode:iPhone"
192.168.253.2 - - [04/Jan/2019:18:08:29 +0800] "GET /JLAMPCommon/getCookieJson_prc HTTP/1.1" 200 62 "http://merp.yudo.com.cn:8183/?deviceType=mobile&devicePlatform=ios" "Mozilla/5.0 (iPhone; CPU iPhone OS 11_4_1 like Mac OS X) AppleWebKit/605.1.15 (KHTML, like Gecko) Mobile/15G77JLAMPMode:iPhone"
192.168.253.2 - - [04/Jan/2019:18:08:43 +0800] "POST /main/login_prc HTTP/1.1" 200 44 "http://merp.yudo.com.cn:8183/?deviceType=mobile&devicePlatform=ios" "Mozilla/5.0 (iPhone; CPU iPhone OS 11_4_1 like Mac OS X) AppleWebKit/605.1.15 (KHTML, like Gecko) Mobile/15G77JLAMPMode:iPhone"
192.168.253.2 - - [04/Jan/2019:18:08:43 +0800] "POST /main/checkMenuAuth_prc HTTP/1.1" 200 44 "http://merp.yudo.com.cn:8183/?deviceType=mobile&devicePlatform=ios" "Mozilla/5.0 (iPhone; CPU iPhone OS 11_4_1 like Mac OS X) AppleWebKit/605.1.15 (KHTML, like Gecko) Mobile/15G77JLAMPMode:iPhone"
192.168.253.2 - - [04/Jan/2019:18:08:43 +0800] "POST / HTTP/1.1" 302 149 "http://merp.yudo.com.cn:8183/?deviceType=mobile&devicePlatform=ios" "Mozilla/5.0 (iPhone; CPU iPhone OS 11_4_1 like Mac OS X) AppleWebKit/605.1.15 (KHTML, like Gecko) Mobile/15G77JLAMPMode:iPhone"
192.168.253.2 - - [04/Jan/2019:18:08:44 +0800] "GET /Menu/Menu?formKey=M20190104T180716620 HTTP/1.1" 200 5839 "http://merp.yudo.com.cn:8183/?deviceType=mobile&devicePlatform=ios" "Mozilla/5.0 (iPhone; CPU iPhone OS 11_4_1 like Mac OS X) AppleWebKit/605.1.15 (KHTML, like Gecko) Mobile/15G77JLAMPMode:iPhone"
192.168.253.2 - - [04/Jan/2019:18:08:44 +0800] "POST /JLAMPCommon/langBatchRows_prc HTTP/1.1" 200 595 "http://merp.yudo.com.cn:8183/Menu/Menu?formKey=M20190104T180716620" "Mozilla/5.0 (iPhone; CPU iPhone OS 11_4_1 like Mac OS X) AppleWebKit/605.1.15 (KHTML, like Gecko) Mobile/15G77JLAMPMode:iPhone"
192.168.253.2 - - [04/Jan/2019:18:08:44 +0800] "GET /JLAMPCommon/getCookieJson_prc HTTP/1.1" 200 933 "http://merp.yudo.com.cn:8183/Menu/Menu?formKey=M20190104T180716620" "Mozilla/5.0 (iPhone; CPU iPhone OS 11_4_1 like Mac OS X) AppleWebKit/605.1.15 (KHTML, like Gecko) Mobile/15G77JLAMPMode:iPhone"
192.168.253.2 - - [04/Jan/2019:18:08:44 +0800] "GET /Menu/doMenuRows_prc?formKey=M20190104T180716620 HTTP/1.1" 200 1365 "http://merp.yudo.com.cn:8183/Menu/Menu?formKey=M20190104T180716620" "Mozilla/5.0 (iPhone; CPU iPhone OS 11_4_1 like Mac OS X) AppleWebKit/605.1.15 (KHTML, like Gecko) Mobile/15G77JLAMPMode:iPhone"
112.17.241.126 - - [04/Jan/2019:18:08:51 +0800] "GET /JLAMPCommon/getCookieJson_prc HTTP/1.1" 200 62 "http://merp.yudo.com.cn:8183/?deviceType=mobile&devicePlatform=android" "Mozilla/5.0 (Linux; Android 5.0.2; vivo X6Plus A Build/LRX22G) AppleWebKit/537.36 (KHTML, like Gecko) Version/4.0 Chrome/37.0.0.0 Mobile Safari/537.36"
112.17.241.126 - - [04/Jan/2019:18:08:51 +0800] "GET /image/favicon.ico HTTP/1.1" 404 1506 "-" "Mozilla/5.0 (Linux; Android 5.0.2; vivo X6Plus A Build/LRX22G) AppleWebKit/537.36 (KHTML, like Gecko) Version/4.0 Chrome/37.0.0.0 Mobile Safari/537.36"
192.168.253.2 - - [04/Jan/2019:18:08:53 +0800] "GET /WEI_1000/WEI_1000?formKey=M20190104T180716620&menuSelection=sm HTTP/1.1" 200 11811 "http://merp.yudo.com.cn:8183/Menu/Menu?formKey=M20190104T180716620" "Mozilla/5.0 (iPhone; CPU iPhone OS 11_4_1 like Mac OS X) AppleWebKit/605.1.15 (KHTML, like Gecko) Mobile/15G77JLAMPMode:iPhone"
192.168.253.2 - - [04/Jan/2019:18:08:54 +0800] "GET /css/yudo-ui.css?v=1066 HTTP/1.1" 200 16320 "http://merp.yudo.com.cn:8183/WEI_1000/WEI_1000?formKey=M20190104T180716620&menuSelection=sm" "Mozilla/5.0 (iPhone; CPU iPhone OS 11_4_1 like Mac OS X) AppleWebKit/605.1.15 (KHTML, like Gecko) Mobile/15G77JLAMPMode:iPhone"
192.168.253.2 - - [04/Jan/2019:18:08:54 +0800] "GET /js/WEI_1000/WEI_1000_Lists.js?v=1175 HTTP/1.1" 200 26652 "http://merp.yudo.com.cn:8183/WEI_1000/WEI_1000?formKey=M20190104T180716620&menuSelection=sm" "Mozilla/5.0 (iPhone; CPU iPhone OS 11_4_1 like Mac OS X) AppleWebKit/605.1.15 (KHTML, like Gecko) Mobile/15G77JLAMPMode:iPhone"
192.168.253.2 - - [04/Jan/2019:18:08:54 +0800] "GET /image/fonticon/tubiao_icon2.png HTTP/1.1" 200 4944 "http://merp.yudo.com.cn:8183/WEI_1000/WEI_1000?formKey=M20190104T180716620&menuSelection=sm" "Mozilla/5.0 (iPhone; CPU iPhone OS 11_4_1 like Mac OS X) AppleWebKit/605.1.15 (KHTML, like Gecko) Mobile/15G77JLAMPMode:iPhone"
192.168.253.2 - - [04/Jan/2019:18:08:54 +0800] "POST /JLAMPCommon/langBatchRows_prc HTTP/1.1" 200 393 "http://merp.yudo.com.cn:8183/WEI_1000/WEI_1000?formKey=M20190104T180716620&menuSelection=sm" "Mozilla/5.0 (iPhone; CPU iPhone OS 11_4_1 like Mac OS X) AppleWebKit/605.1.15 (KHTML, like Gecko) Mobile/15G77JLAMPMode:iPhone"
192.168.253.2 - - [04/Jan/2019:18:08:54 +0800] "GET /JLAMPCommon/getCookieJson_prc HTTP/1.1" 200 933 "http://merp.yudo.com.cn:8183/WEI_1000/WEI_1000?formKey=M20190104T180716620&menuSelection=sm" "Mozilla/5.0 (iPhone; CPU iPhone OS 11_4_1 like Mac OS X) AppleWebKit/605.1.15 (KHTML, like Gecko) Mobile/15G77JLAMPMode:iPhone"
192.168.253.2 - - [04/Jan/2019:18:08:54 +0800] "POST /JLAMPCommon/langBatchRows_prc HTTP/1.1" 200 13001 "http://merp.yudo.com.cn:8183/WEI_1000/WEI_1000?formKey=M20190104T180716620&menuSelection=sm" "Mozilla/5.0 (iPhone; CPU iPhone OS 11_4_1 like Mac OS X) AppleWebKit/605.1.15 (KHTML, like Gecko) Mobile/15G77JLAMPMode:iPhone"
192.168.253.2 - - [04/Jan/2019:18:08:59 +0800] "GET /WEI_1000/lists_prc?baseDate=20190104 HTTP/1.1" 200 116542 "http://merp.yudo.com.cn:8183/WEI_1000/WEI_1000?formKey=M20190104T180716620&menuSelection=sm" "Mozilla/5.0 (iPhone; CPU iPhone OS 11_4_1 like Mac OS X) AppleWebKit/605.1.15 (KHTML, like Gecko) Mobile/15G77JLAMPMode:iPhone"
192.168.253.2 - - [04/Jan/2019:18:09:07 +0800] "GET /Menu/Menu/menuLists?formKey=undefined&menuSelection=undefined HTTP/1.1" 200 5838 "http://merp.yudo.com.cn:8183/WEI_1000/WEI_1000?formKey=M20190104T180716620&menuSelection=sm" "Mozilla/5.0 (iPhone; CPU iPhone OS 11_4_1 like Mac OS X) AppleWebKit/605.1.15 (KHTML, like Gecko) Mobile/15G77JLAMPMode:iPhone"
192.168.253.2 - - [04/Jan/2019:18:09:07 +0800] "POST /JLAMPCommon/langBatchRows_prc HTTP/1.1" 200 595 "http://merp.yudo.com.cn:8183/Menu/Menu/menuLists?formKey=undefined&menuSelection=undefined" "Mozilla/5.0 (iPhone; CPU iPhone OS 11_4_1 like Mac OS X) AppleWebKit/605.1.15 (KHTML, like Gecko) Mobile/15G77JLAMPMode:iPhone"
192.168.253.2 - - [04/Jan/2019:18:09:07 +0800] "GET /JLAMPCommon/getCookieJson_prc HTTP/1.1" 200 933 "http://merp.yudo.com.cn:8183/Menu/Menu/menuLists?formKey=undefined&menuSelection=undefined" "Mozilla/5.0 (iPhone; CPU iPhone OS 11_4_1 like Mac OS X) AppleWebKit/605.1.15 (KHTML, like Gecko) Mobile/15G77JLAMPMode:iPhone"
192.168.253.2 - - [04/Jan/2019:18:09:07 +0800] "GET /Menu/doMenuRows_prc?formKey=undefined HTTP/1.1" 200 1305 "http://merp.yudo.com.cn:8183/Menu/Menu/menuLists?formKey=undefined&menuSelection=undefined" "Mozilla/5.0 (iPhone; CPU iPhone OS 11_4_1 like Mac OS X) AppleWebKit/605.1.15 (KHTML, like Gecko) Mobile/15G77JLAMPMode:iPhone"
192.168.253.2 - - [04/Jan/2019:18:09:14 +0800] "GET /WEI_2100/WEI_2100?formKey=undefined&menuSelection=asm HTTP/1.1" 200 87865 "http://merp.yudo.com.cn:8183/Menu/Menu/menuLists?formKey=undefined&menuSelection=undefined" "Mozilla/5.0 (iPhone; CPU iPhone OS 11_4_1 like Mac OS X) AppleWebKit/605.1.15 (KHTML, like Gecko) Mobile/15G77JLAMPMode:iPhone"
192.168.253.2 - - [04/Jan/2019:18:09:14 +0800] "GET /css/WEI_2100/WEI_2100_Lists.css?v=201806080934 HTTP/1.1" 200 10369 "http://merp.yudo.com.cn:8183/WEI_2100/WEI_2100?formKey=undefined&menuSelection=asm" "Mozilla/5.0 (iPhone; CPU iPhone OS 11_4_1 like Mac OS X) AppleWebKit/605.1.15 (KHTML, like Gecko) Mobile/15G77JLAMPMode:iPhone"
192.168.253.2 - - [04/Jan/2019:18:09:14 +0800] "GET /css/WEI_2000/mui.min.css HTTP/1.1" 200 74864 "http://merp.yudo.com.cn:8183/WEI_2100/WEI_2100?formKey=undefined&menuSelection=asm" "Mozilla/5.0 (iPhone; CPU iPhone OS 11_4_1 like Mac OS X) AppleWebKit/605.1.15 (KHTML, like Gecko) Mobile/15G77JLAMPMode:iPhone"
192.168.253.2 - - [04/Jan/2019:18:09:14 +0800] "GET /js/WEI_2100/css/layui.css HTTP/1.1" 200 62448 "http://merp.yudo.com.cn:8183/WEI_2100/WEI_2100?formKey=undefined&menuSelection=asm" "Mozilla/5.0 (iPhone; CPU iPhone OS 11_4_1 like Mac OS X) AppleWebKit/605.1.15 (KHTML, like Gecko) Mobile/15G77JLAMPMode:iPhone"
192.168.253.2 - - [04/Jan/2019:18:09:14 +0800] "GET /js/WEI_2100/WEI_2100_Lang.js?v=1001 HTTP/1.1" 200 930 "http://merp.yudo.com.cn:8183/WEI_2100/WEI_2100?formKey=undefined&menuSelection=asm" "Mozilla/5.0 (iPhone; CPU iPhone OS 11_4_1 like Mac OS X) AppleWebKit/605.1.15 (KHTML, like Gecko) Mobile/15G77JLAMPMode:iPhone"
192.168.253.2 - - [04/Jan/2019:18:09:14 +0800] "GET /js/WEI_2000/mui.min.js?v=1001 HTTP/1.1" 200 115810 "http://merp.yudo.com.cn:8183/WEI_2100/WEI_2100?formKey=undefined&menuSelection=asm" "Mozilla/5.0 (iPhone; CPU iPhone OS 11_4_1 like Mac OS X) AppleWebKit/605.1.15 (KHTML, like Gecko) Mobile/15G77JLAMPMode:iPhone"
192.168.253.2 - - [04/Jan/2019:18:09:14 +0800] "GET /js/WEI_2100/multiSelect.js?v=1005 HTTP/1.1" 200 4974 "http://merp.yudo.com.cn:8183/WEI_2100/WEI_2100?formKey=undefined&menuSelection=asm" "Mozilla/5.0 (iPhone; CPU iPhone OS 11_4_1 like Mac OS X) AppleWebKit/605.1.15 (KHTML, like Gecko) Mobile/15G77JLAMPMode:iPhone"
192.168.253.2 - - [04/Jan/2019:18:09:14 +0800] "GET /js/WEI_2000/mui.previewimage.js?v=201804261256 HTTP/1.1" 200 13324 "http://merp.yudo.com.cn:8183/WEI_2100/WEI_2100?formKey=undefined&menuSelection=asm" "Mozilla/5.0 (iPhone; CPU iPhone OS 11_4_1 like Mac OS X) AppleWebKit/605.1.15 (KHTML, like Gecko) Mobile/15G77JLAMPMode:iPhone"
192.168.253.2 - - [04/Jan/2019:18:09:14 +0800] "GET /js/WEI_2000/mui.zoom.js?v=201804231454 HTTP/1.1" 200 11703 "http://merp.yudo.com.cn:8183/WEI_2100/WEI_2100?formKey=undefined&menuSelection=asm" "Mozilla/5.0 (iPhone; CPU iPhone OS 11_4_1 like Mac OS X) AppleWebKit/605.1.15 (KHTML, like Gecko) Mobile/15G77JLAMPMode:iPhone"
192.168.253.2 - - [04/Jan/2019:18:09:14 +0800] "GET /js/WEI_2100/WEI_2100_Lists.js?v=3200 HTTP/1.1" 200 139256 "http://merp.yudo.com.cn:8183/WEI_2100/WEI_2100?formKey=undefined&menuSelection=asm" "Mozilla/5.0 (iPhone; CPU iPhone OS 11_4_1 like Mac OS X) AppleWebKit/605.1.15 (KHTML, like Gecko) Mobile/15G77JLAMPMode:iPhone"
192.168.253.2 - - [04/Jan/2019:18:09:14 +0800] "GET /image/qrcode.png HTTP/1.1" 200 5736 "http://merp.yudo.com.cn:8183/WEI_2100/WEI_2100?formKey=undefined&menuSelection=asm" "Mozilla/5.0 (iPhone; CPU iPhone OS 11_4_1 like Mac OS X) AppleWebKit/605.1.15 (KHTML, like Gecko) Mobile/15G77JLAMPMode:iPhone"
192.168.253.2 - - [04/Jan/2019:18:09:14 +0800] "GET /js/WEI_2100/vue/vue.js HTTP/1.1" 200 289303 "http://merp.yudo.com.cn:8183/WEI_2100/WEI_2100?formKey=undefined&menuSelection=asm" "Mozilla/5.0 (iPhone; CPU iPhone OS 11_4_1 like Mac OS X) AppleWebKit/605.1.15 (KHTML, like Gecko) Mobile/15G77JLAMPMode:iPhone"
192.168.253.2 - - [04/Jan/2019:18:09:14 +0800] "GET /js/WEI_2100/layui.all.js HTTP/1.1" 200 228080 "http://merp.yudo.com.cn:8183/WEI_2100/WEI_2100?formKey=undefined&menuSelection=asm" "Mozilla/5.0 (iPhone; CPU iPhone OS 11_4_1 like Mac OS X) AppleWebKit/605.1.15 (KHTML, like Gecko) Mobile/15G77JLAMPMode:iPhone"
192.168.253.2 - - [04/Jan/2019:18:09:15 +0800] "GET /js/WEI_2100/css/modules/laydate/default/laydate.css?v=5.0.9 HTTP/1.1" 200 7541 "http://merp.yudo.com.cn:8183/WEI_2100/WEI_2100?formKey=undefined&menuSelection=asm" "Mozilla/5.0 (iPhone; CPU iPhone OS 11_4_1 like Mac OS X) AppleWebKit/605.1.15 (KHTML, like Gecko) Mobile/15G77JLAMPMode:iPhone"
192.168.253.2 - - [04/Jan/2019:18:09:15 +0800] "GET /js/WEI_2100/css/modules/layer/default/layer.css?v=3.1.1 HTTP/1.1" 200 14429 "http://merp.yudo.com.cn:8183/WEI_2100/WEI_2100?formKey=undefined&menuSelection=asm" "Mozilla/5.0 (iPhone; CPU iPhone OS 11_4_1 like Mac OS X) AppleWebKit/605.1.15 (KHTML, like Gecko) Mobile/15G77JLAMPMode:iPhone"
192.168.253.2 - - [04/Jan/2019:18:09:15 +0800] "GET /js/WEI_2100/css/modules/code.css HTTP/1.1" 200 1067 "http://merp.yudo.com.cn:8183/WEI_2100/WEI_2100?formKey=undefined&menuSelection=asm" "Mozilla/5.0 (iPhone; CPU iPhone OS 11_4_1 like Mac OS X) AppleWebKit/605.1.15 (KHTML, like Gecko) Mobile/15G77JLAMPMode:iPhone"
192.168.253.2 - - [04/Jan/2019:18:09:20 +0800] "POST /JLAMPCommon/langBatchRows_prc HTTP/1.1" 200 12699 "http://merp.yudo.com.cn:8183/WEI_2100/WEI_2100?formKey=undefined&menuSelection=asm" "Mozilla/5.0 (iPhone; CPU iPhone OS 11_4_1 like Mac OS X) AppleWebKit/605.1.15 (KHTML, like Gecko) Mobile/15G77JLAMPMode:iPhone"
192.168.253.2 - - [04/Jan/2019:18:09:20 +0800] "POST /JLAMPCommon/langBatchRows_prc HTTP/1.1" 200 13667 "http://merp.yudo.com.cn:8183/WEI_2100/WEI_2100?formKey=undefined&menuSelection=asm" "Mozilla/5.0 (iPhone; CPU iPhone OS 11_4_1 like Mac OS X) AppleWebKit/605.1.15 (KHTML, like Gecko) Mobile/15G77JLAMPMode:iPhone"
192.168.253.2 - - [04/Jan/2019:18:09:20 +0800] "GET /JLAMPCommon/getCookieJson_prc HTTP/1.1" 200 933 "http://merp.yudo.com.cn:8183/WEI_2100/WEI_2100?formKey=undefined&menuSelection=asm" "Mozilla/5.0 (iPhone; CPU iPhone OS 11_4_1 like Mac OS X) AppleWebKit/605.1.15 (KHTML, like Gecko) Mobile/15G77JLAMPMode:iPhone"
192.168.253.2 - - [04/Jan/2019:18:09:24 +0800] "GET /Menu/Menu/menuLists?formKey=undefined&menuSelection=asm HTTP/1.1" 200 5832 "http://merp.yudo.com.cn:8183/WEI_2100/WEI_2100?formKey=undefined&menuSelection=asm" "Mozilla/5.0 (iPhone; CPU iPhone OS 11_4_1 like Mac OS X) AppleWebKit/605.1.15 (KHTML, like Gecko) Mobile/15G77JLAMPMode:iPhone"
192.168.253.2 - - [04/Jan/2019:18:09:24 +0800] "POST /JLAMPCommon/langBatchRows_prc HTTP/1.1" 200 595 "http://merp.yudo.com.cn:8183/Menu/Menu/menuLists?formKey=undefined&menuSelection=asm" "Mozilla/5.0 (iPhone; CPU iPhone OS 11_4_1 like Mac OS X) AppleWebKit/605.1.15 (KHTML, like Gecko) Mobile/15G77JLAMPMode:iPhone"
192.168.253.2 - - [04/Jan/2019:18:09:24 +0800] "GET /JLAMPCommon/getCookieJson_prc HTTP/1.1" 200 933 "http://merp.yudo.com.cn:8183/Menu/Menu/menuLists?formKey=undefined&menuSelection=asm" "Mozilla/5.0 (iPhone; CPU iPhone OS 11_4_1 like Mac OS X) AppleWebKit/605.1.15 (KHTML, like Gecko) Mobile/15G77JLAMPMode:iPhone"
192.168.253.2 - - [04/Jan/2019:18:09:25 +0800] "GET /Menu/doMenuRows_prc?formKey=undefined HTTP/1.1" 200 1305 "http://merp.yudo.com.cn:8183/Menu/Menu/menuLists?formKey=undefined&menuSelection=asm" "Mozilla/5.0 (iPhone; CPU iPhone OS 11_4_1 like Mac OS X) AppleWebKit/605.1.15 (KHTML, like Gecko) Mobile/15G77JLAMPMode:iPhone"
192.168.253.2 - - [04/Jan/2019:18:09:27 +0800] "GET /WEI_2100/WEI_2100?formKey=undefined&menuSelection=asm HTTP/1.1" 200 87865 "http://merp.yudo.com.cn:8183/Menu/Menu/menuLists?formKey=undefined&menuSelection=asm" "Mozilla/5.0 (iPhone; CPU iPhone OS 11_4_1 like Mac OS X) AppleWebKit/605.1.15 (KHTML, like Gecko) Mobile/15G77JLAMPMode:iPhone"
192.168.253.2 - - [04/Jan/2019:18:09:28 +0800] "GET /css/fonts/mui.ttf HTTP/1.1" 200 29884 "http://merp.yudo.com.cn:8183/Menu/Menu?formKey=M20190104T175848127" "Mozilla/5.0 (iPhone; CPU iPhone OS 11_4_1 like Mac OS X) AppleWebKit/605.1.15 (KHTML, like Gecko) Mobile/15G77JLAMPMode:iPhone"
192.168.253.2 - - [04/Jan/2019:18:09:33 +0800] "POST /JLAMPCommon/langBatchRows_prc HTTP/1.1" 200 13667 "http://merp.yudo.com.cn:8183/WEI_2100/WEI_2100?formKey=undefined&menuSelection=asm" "Mozilla/5.0 (iPhone; CPU iPhone OS 11_4_1 like Mac OS X) AppleWebKit/605.1.15 (KHTML, like Gecko) Mobile/15G77JLAMPMode:iPhone"
192.168.253.2 - - [04/Jan/2019:18:09:33 +0800] "GET /JLAMPCommon/getCookieJson_prc HTTP/1.1" 200 933 "http://merp.yudo.com.cn:8183/WEI_2100/WEI_2100?formKey=undefined&menuSelection=asm" "Mozilla/5.0 (iPhone; CPU iPhone OS 11_4_1 like Mac OS X) AppleWebKit/605.1.15 (KHTML, like Gecko) Mobile/15G77JLAMPMode:iPhone"
::1 - - [04/Jan/2019:18:09:39 +0800] "OPTIONS * HTTP/1.0" 200 - "-" "Apache/2.4.6 (CentOS) PHP/5.6.32 (internal dummy connection)"
192.168.253.2 - - [04/Jan/2019:18:09:40 +0800] "GET /js/WEI_2100/css/modules/layer/default/loading-2.gif HTTP/1.1" 200 1787 "http://merp.yudo.com.cn:8183/WEI_2100/WEI_2100?formKey=undefined&menuSelection=asm" "Mozilla/5.0 (iPhone; CPU iPhone OS 11_4_1 like Mac OS X) AppleWebKit/605.1.15 (KHTML, like Gecko) Mobile/15G77JLAMPMode:iPhone"
192.168.253.2 - - [04/Jan/2019:18:09:40 +0800] "GET /WEI_2100/login_user HTTP/1.1" 200 165 "http://merp.yudo.com.cn:8183/WEI_2100/WEI_2100?formKey=undefined&menuSelection=asm" "Mozilla/5.0 (iPhone; CPU iPhone OS 11_4_1 like Mac OS X) AppleWebKit/605.1.15 (KHTML, like Gecko) Mobile/15G77JLAMPMode:iPhone"
192.168.253.2 - - [04/Jan/2019:18:09:40 +0800] "GET /WEI_2100/systemclass_big_prc?bigsysid=startpoint HTTP/1.1" 200 317 "http://merp.yudo.com.cn:8183/WEI_2100/WEI_2100?formKey=undefined&menuSelection=asm" "Mozilla/5.0 (iPhone; CPU iPhone OS 11_4_1 like Mac OS X) AppleWebKit/605.1.15 (KHTML, like Gecko) Mobile/15G77JLAMPMode:iPhone"
192.168.253.2 - - [04/Jan/2019:18:09:40 +0800] "GET /WEI_2100/systemclass_big_prc?bigsysid=asclass1 HTTP/1.1" 200 475 "http://merp.yudo.com.cn:8183/WEI_2100/WEI_2100?formKey=undefined&menuSelection=asm" "Mozilla/5.0 (iPhone; CPU iPhone OS 11_4_1 like Mac OS X) AppleWebKit/605.1.15 (KHTML, like Gecko) Mobile/15G77JLAMPMode:iPhone"
192.168.253.2 - - [04/Jan/2019:18:09:40 +0800] "GET /WEI_2100/systemclass_big_prc?bigsysid=ascause HTTP/1.1" 200 209 "http://merp.yudo.com.cn:8183/WEI_2100/WEI_2100?formKey=undefined&menuSelection=asm" "Mozilla/5.0 (iPhone; CPU iPhone OS 11_4_1 like Mac OS X) AppleWebKit/605.1.15 (KHTML, like Gecko) Mobile/15G77JLAMPMode:iPhone"
192.168.253.2 - - [04/Jan/2019:18:09:41 +0800] "GET /WEI_2100/systemclass_big_prc?bigsysid=supplyscope HTTP/1.1" 200 302 "http://merp.yudo.com.cn:8183/WEI_2100/WEI_2100?formKey=undefined&menuSelection=asm" "Mozilla/5.0 (iPhone; CPU iPhone OS 11_4_1 like Mac OS X) AppleWebKit/605.1.15 (KHTML, like Gecko) Mobile/15G77JLAMPMode:iPhone"
192.168.253.2 - - [04/Jan/2019:18:09:40 +0800] "GET /WEI_2100/systemclass_big_prc?bigsysid=markets HTTP/1.1" 200 512 "http://merp.yudo.com.cn:8183/WEI_2100/WEI_2100?formKey=undefined&menuSelection=asm" "Mozilla/5.0 (iPhone; CPU iPhone OS 11_4_1 like Mac OS X) AppleWebKit/605.1.15 (KHTML, like Gecko) Mobile/15G77JLAMPMode:iPhone"
192.168.253.2 - - [04/Jan/2019:18:09:42 +0800] "GET /WEI_2100/user_prc HTTP/1.1" 200 88839 "http://merp.yudo.com.cn:8183/WEI_2100/WEI_2100?formKey=undefined&menuSelection=asm" "Mozilla/5.0 (iPhone; CPU iPhone OS 11_4_1 like Mac OS X) AppleWebKit/605.1.15 (KHTML, like Gecko) Mobile/15G77JLAMPMode:iPhone"
192.168.253.2 - - [04/Jan/2019:18:09:42 +0800] "GET /js/WEI_2100/font/iconfont.svg?v=230-rc1 HTTP/1.1" 200 273664 "http://merp.yudo.com.cn:8183/WEI_2100/WEI_2100?formKey=undefined&menuSelection=asm" "Mozilla/5.0 (iPhone; CPU iPhone OS 11_4_1 like Mac OS X) AppleWebKit/605.1.15 (KHTML, like Gecko) Mobile/15G77JLAMPMode:iPhone"
192.168.253.2 - - [04/Jan/2019:18:09:42 +0800] "GET /js/WEI_2100/font/iconfont.woff?v=230-rc1 HTTP/1.1" 200 25996 "http://merp.yudo.com.cn:8183/WEI_2100/WEI_2100?formKey=undefined&menuSelection=asm" "Mozilla/5.0 (iPhone; CPU iPhone OS 11_4_1 like Mac OS X) AppleWebKit/605.1.15 (KHTML, like Gecko) Mobile/15G77JLAMPMode:iPhone"
192.168.253.2 - - [04/Jan/2019:18:09:42 +0800] "GET /WEI_2100/as_unit HTTP/1.1" 200 1002 "http://merp.yudo.com.cn:8183/WEI_2100/WEI_2100?formKey=undefined&menuSelection=asm" "Mozilla/5.0 (iPhone; CPU iPhone OS 11_4_1 like Mac OS X) AppleWebKit/605.1.15 (KHTML, like Gecko) Mobile/15G77JLAMPMode:iPhone"
192.168.253.2 - - [04/Jan/2019:18:09:41 +0800] "GET /WEI_2100/systemclass_big_prc?bigsysid=asclass HTTP/1.1" 200 264 "http://merp.yudo.com.cn:8183/WEI_2100/WEI_2100?formKey=undefined&menuSelection=asm" "Mozilla/5.0 (iPhone; CPU iPhone OS 11_4_1 like Mac OS X) AppleWebKit/605.1.15 (KHTML, like Gecko) Mobile/15G77JLAMPMode:iPhone"
192.168.253.2 - - [04/Jan/2019:18:09:41 +0800] "GET /WEI_2100/systemclass_big_prc?bigsysid=asbadtype HTTP/1.1" 200 152 "http://merp.yudo.com.cn:8183/WEI_2100/WEI_2100?formKey=undefined&menuSelection=asm" "Mozilla/5.0 (iPhone; CPU iPhone OS 11_4_1 like Mac OS X) AppleWebKit/605.1.15 (KHTML, like Gecko) Mobile/15G77JLAMPMode:iPhone"
192.168.253.2 - - [04/Jan/2019:18:09:40 +0800] "GET /WEI_2100/systemclass_big_prc?bigsysid=area HTTP/1.1" 200 751 "http://merp.yudo.com.cn:8183/WEI_2100/WEI_2100?formKey=undefined&menuSelection=asm" "Mozilla/5.0 (iPhone; CPU iPhone OS 11_4_1 like Mac OS X) AppleWebKit/605.1.15 (KHTML, like Gecko) Mobile/15G77JLAMPMode:iPhone"
::1 - - [04/Jan/2019:18:09:49 +0800] "OPTIONS * HTTP/1.0" 200 - "-" "Apache/2.4.6 (CentOS) PHP/5.6.32 (internal dummy connection)"
112.17.241.126 - - [04/Jan/2019:18:10:17 +0800] "POST /main/login_prc HTTP/1.1" 200 92 "http://merp.yudo.com.cn:8183/?deviceType=mobile&devicePlatform=android" "Mozilla/5.0 (Linux; Android 5.0.2; vivo X6Plus A Build/LRX22G) AppleWebKit/537.36 (KHTML, like Gecko) Version/4.0 Chrome/37.0.0.0 Mobile Safari/537.36"
192.168.253.2 - - [04/Jan/2019:18:10:18 +0800] "GET /Menu/Menu/menuLists?formKey=undefined&menuSelection=asm HTTP/1.1" 200 5832 "http://merp.yudo.com.cn:8183/WEI_2100/WEI_2100?formKey=undefined&menuSelection=asm" "Mozilla/5.0 (iPhone; CPU iPhone OS 11_4_1 like Mac OS X) AppleWebKit/605.1.15 (KHTML, like Gecko) Mobile/15G77JLAMPMode:iPhone"
192.168.253.2 - - [04/Jan/2019:18:10:18 +0800] "POST /JLAMPCommon/langBatchRows_prc HTTP/1.1" 200 595 "http://merp.yudo.com.cn:8183/Menu/Menu/menuLists?formKey=undefined&menuSelection=asm" "Mozilla/5.0 (iPhone; CPU iPhone OS 11_4_1 like Mac OS X) AppleWebKit/605.1.15 (KHTML, like Gecko) Mobile/15G77JLAMPMode:iPhone"
192.168.253.2 - - [04/Jan/2019:18:10:18 +0800] "GET /JLAMPCommon/getCookieJson_prc HTTP/1.1" 200 933 "http://merp.yudo.com.cn:8183/Menu/Menu/menuLists?formKey=undefined&menuSelection=asm" "Mozilla/5.0 (iPhone; CPU iPhone OS 11_4_1 like Mac OS X) AppleWebKit/605.1.15 (KHTML, like Gecko) Mobile/15G77JLAMPMode:iPhone"
192.168.253.2 - - [04/Jan/2019:18:10:18 +0800] "GET /Menu/doMenuRows_prc?formKey=undefined HTTP/1.1" 200 1305 "http://merp.yudo.com.cn:8183/Menu/Menu/menuLists?formKey=undefined&menuSelection=asm" "Mozilla/5.0 (iPhone; CPU iPhone OS 11_4_1 like Mac OS X) AppleWebKit/605.1.15 (KHTML, like Gecko) Mobile/15G77JLAMPMode:iPhone"
112.17.241.126 - - [04/Jan/2019:18:10:20 +0800] "POST /main/login_prc HTTP/1.1" 200 92 "http://merp.yudo.com.cn:8183/?deviceType=mobile&devicePlatform=android" "Mozilla/5.0 (Linux; Android 5.0.2; vivo X6Plus A Build/LRX22G) AppleWebKit/537.36 (KHTML, like Gecko) Version/4.0 Chrome/37.0.0.0 Mobile Safari/537.36"
112.17.241.126 - - [04/Jan/2019:18:10:21 +0800] "POST /main/login_prc HTTP/1.1" 200 92 "http://merp.yudo.com.cn:8183/?deviceType=mobile&devicePlatform=android" "Mozilla/5.0 (Linux; Android 5.0.2; vivo X6Plus A Build/LRX22G) AppleWebKit/537.36 (KHTML, like Gecko) Version/4.0 Chrome/37.0.0.0 Mobile Safari/537.36"
112.17.241.126 - - [04/Jan/2019:18:10:22 +0800] "POST /main/login_prc HTTP/1.1" 200 92 "http://merp.yudo.com.cn:8183/?deviceType=mobile&devicePlatform=android" "Mozilla/5.0 (Linux; Android 5.0.2; vivo X6Plus A Build/LRX22G) AppleWebKit/537.36 (KHTML, like Gecko) Version/4.0 Chrome/37.0.0.0 Mobile Safari/537.36"
112.17.241.126 - - [04/Jan/2019:18:10:24 +0800] "POST /main/login_prc HTTP/1.1" 200 92 "http://merp.yudo.com.cn:8183/?deviceType=mobile&devicePlatform=android" "Mozilla/5.0 (Linux; Android 5.0.2; vivo X6Plus A Build/LRX22G) AppleWebKit/537.36 (KHTML, like Gecko) Version/4.0 Chrome/37.0.0.0 Mobile Safari/537.36"
192.168.253.2 - - [04/Jan/2019:18:10:24 +0800] "GET /WEI_1000/WEI_1000?formKey=undefined&menuSelection=sm HTTP/1.1" 200 11811 "http://merp.yudo.com.cn:8183/Menu/Menu/menuLists?formKey=undefined&menuSelection=asm" "Mozilla/5.0 (iPhone; CPU iPhone OS 11_4_1 like Mac OS X) AppleWebKit/605.1.15 (KHTML, like Gecko) Mobile/15G77JLAMPMode:iPhone"
192.168.253.2 - - [04/Jan/2019:18:10:24 +0800] "POST /JLAMPCommon/langBatchRows_prc HTTP/1.1" 200 13001 "http://merp.yudo.com.cn:8183/WEI_1000/WEI_1000?formKey=undefined&menuSelection=sm" "Mozilla/5.0 (iPhone; CPU iPhone OS 11_4_1 like Mac OS X) AppleWebKit/605.1.15 (KHTML, like Gecko) Mobile/15G77JLAMPMode:iPhone"
192.168.253.2 - - [04/Jan/2019:18:10:24 +0800] "POST /JLAMPCommon/langBatchRows_prc HTTP/1.1" 200 393 "http://merp.yudo.com.cn:8183/WEI_1000/WEI_1000?formKey=undefined&menuSelection=sm" "Mozilla/5.0 (iPhone; CPU iPhone OS 11_4_1 like Mac OS X) AppleWebKit/605.1.15 (KHTML, like Gecko) Mobile/15G77JLAMPMode:iPhone"
192.168.253.2 - - [04/Jan/2019:18:10:25 +0800] "GET /JLAMPCommon/getCookieJson_prc HTTP/1.1" 200 933 "http://merp.yudo.com.cn:8183/WEI_1000/WEI_1000?formKey=undefined&menuSelection=sm" "Mozilla/5.0 (iPhone; CPU iPhone OS 11_4_1 like Mac OS X) AppleWebKit/605.1.15 (KHTML, like Gecko) Mobile/15G77JLAMPMode:iPhone"
112.17.241.126 - - [04/Jan/2019:18:10:25 +0800] "POST /main/login_prc HTTP/1.1" 200 92 "http://merp.yudo.com.cn:8183/?deviceType=mobile&devicePlatform=android" "Mozilla/5.0 (Linux; Android 5.0.2; vivo X6Plus A Build/LRX22G) AppleWebKit/537.36 (KHTML, like Gecko) Version/4.0 Chrome/37.0.0.0 Mobile Safari/537.36"
112.17.241.126 - - [04/Jan/2019:18:10:26 +0800] "POST /main/login_prc HTTP/1.1" 200 92 "http://merp.yudo.com.cn:8183/?deviceType=mobile&devicePlatform=android" "Mozilla/5.0 (Linux; Android 5.0.2; vivo X6Plus A Build/LRX22G) AppleWebKit/537.36 (KHTML, like Gecko) Version/4.0 Chrome/37.0.0.0 Mobile Safari/537.36"
112.17.241.126 - - [04/Jan/2019:18:10:27 +0800] "POST /main/login_prc HTTP/1.1" 200 92 "http://merp.yudo.com.cn:8183/?deviceType=mobile&devicePlatform=android" "Mozilla/5.0 (Linux; Android 5.0.2; vivo X6Plus A Build/LRX22G) AppleWebKit/537.36 (KHTML, like Gecko) Version/4.0 Chrome/37.0.0.0 Mobile Safari/537.36"
112.17.241.126 - - [04/Jan/2019:18:10:28 +0800] "POST /main/login_prc HTTP/1.1" 200 92 "http://merp.yudo.com.cn:8183/?deviceType=mobile&devicePlatform=android" "Mozilla/5.0 (Linux; Android 5.0.2; vivo X6Plus A Build/LRX22G) AppleWebKit/537.36 (KHTML, like Gecko) Version/4.0 Chrome/37.0.0.0 Mobile Safari/537.36"
192.168.253.2 - - [04/Jan/2019:18:10:28 +0800] "GET /Menu/Menu/menuLists?formKey=undefined&menuSelection=undefined HTTP/1.1" 200 5838 "http://merp.yudo.com.cn:8183/WEI_1000/WEI_1000?formKey=undefined&menuSelection=sm" "Mozilla/5.0 (iPhone; CPU iPhone OS 11_4_1 like Mac OS X) AppleWebKit/605.1.15 (KHTML, like Gecko) Mobile/15G77JLAMPMode:iPhone"
192.168.253.2 - - [04/Jan/2019:18:10:29 +0800] "POST /JLAMPCommon/langBatchRows_prc HTTP/1.1" 200 595 "http://merp.yudo.com.cn:8183/Menu/Menu/menuLists?formKey=undefined&menuSelection=undefined" "Mozilla/5.0 (iPhone; CPU iPhone OS 11_4_1 like Mac OS X) AppleWebKit/605.1.15 (KHTML, like Gecko) Mobile/15G77JLAMPMode:iPhone"
192.168.253.2 - - [04/Jan/2019:18:10:29 +0800] "GET /JLAMPCommon/getCookieJson_prc HTTP/1.1" 200 933 "http://merp.yudo.com.cn:8183/Menu/Menu/menuLists?formKey=undefined&menuSelection=undefined" "Mozilla/5.0 (iPhone; CPU iPhone OS 11_4_1 like Mac OS X) AppleWebKit/605.1.15 (KHTML, like Gecko) Mobile/15G77JLAMPMode:iPhone"
112.17.241.126 - - [04/Jan/2019:18:10:29 +0800] "POST /main/login_prc HTTP/1.1" 200 92 "http://merp.yudo.com.cn:8183/?deviceType=mobile&devicePlatform=android" "Mozilla/5.0 (Linux; Android 5.0.2; vivo X6Plus A Build/LRX22G) AppleWebKit/537.36 (KHTML, like Gecko) Version/4.0 Chrome/37.0.0.0 Mobile Safari/537.36"
192.168.253.2 - - [04/Jan/2019:18:10:29 +0800] "GET /Menu/doMenuRows_prc?formKey=undefined HTTP/1.1" 200 1305 "http://merp.yudo.com.cn:8183/Menu/Menu/menuLists?formKey=undefined&menuSelection=undefined" "Mozilla/5.0 (iPhone; CPU iPhone OS 11_4_1 like Mac OS X) AppleWebKit/605.1.15 (KHTML, like Gecko) Mobile/15G77JLAMPMode:iPhone"
112.17.241.126 - - [04/Jan/2019:18:10:30 +0800] "POST /main/login_prc HTTP/1.1" 200 92 "http://merp.yudo.com.cn:8183/?deviceType=mobile&devicePlatform=android" "Mozilla/5.0 (Linux; Android 5.0.2; vivo X6Plus A Build/LRX22G) AppleWebKit/537.36 (KHTML, like Gecko) Version/4.0 Chrome/37.0.0.0 Mobile Safari/537.36"
112.17.241.126 - - [04/Jan/2019:18:10:32 +0800] "POST /main/login_prc HTTP/1.1" 200 92 "http://merp.yudo.com.cn:8183/?deviceType=mobile&devicePlatform=android" "Mozilla/5.0 (Linux; Android 5.0.2; vivo X6Plus A Build/LRX22G) AppleWebKit/537.36 (KHTML, like Gecko) Version/4.0 Chrome/37.0.0.0 Mobile Safari/537.36"
112.17.241.126 - - [04/Jan/2019:18:10:33 +0800] "POST /main/login_prc HTTP/1.1" 200 92 "http://merp.yudo.com.cn:8183/?deviceType=mobile&devicePlatform=android" "Mozilla/5.0 (Linux; Android 5.0.2; vivo X6Plus A Build/LRX22G) AppleWebKit/537.36 (KHTML, like Gecko) Version/4.0 Chrome/37.0.0.0 Mobile Safari/537.36"
112.17.241.126 - - [04/Jan/2019:18:10:34 +0800] "POST /main/login_prc HTTP/1.1" 200 92 "http://merp.yudo.com.cn:8183/?deviceType=mobile&devicePlatform=android" "Mozilla/5.0 (Linux; Android 5.0.2; vivo X6Plus A Build/LRX22G) AppleWebKit/537.36 (KHTML, like Gecko) Version/4.0 Chrome/37.0.0.0 Mobile Safari/537.36"
192.168.253.2 - - [04/Jan/2019:18:10:35 +0800] "GET /WEI_2100/WEI_2100?formKey=undefined&menuSelection=asm HTTP/1.1" 200 87865 "http://merp.yudo.com.cn:8183/Menu/Menu/menuLists?formKey=undefined&menuSelection=undefined" "Mozilla/5.0 (iPhone; CPU iPhone OS 11_4_1 like Mac OS X) AppleWebKit/605.1.15 (KHTML, like Gecko) Mobile/15G77JLAMPMode:iPhone"
112.17.241.126 - - [04/Jan/2019:18:10:35 +0800] "POST /main/login_prc HTTP/1.1" 200 92 "http://merp.yudo.com.cn:8183/?deviceType=mobile&devicePlatform=android" "Mozilla/5.0 (Linux; Android 5.0.2; vivo X6Plus A Build/LRX22G) AppleWebKit/537.36 (KHTML, like Gecko) Version/4.0 Chrome/37.0.0.0 Mobile Safari/537.36"
192.168.253.2 - - [04/Jan/2019:18:10:41 +0800] "POST /JLAMPCommon/langBatchRows_prc HTTP/1.1" 200 12699 "http://merp.yudo.com.cn:8183/WEI_2100/WEI_2100?formKey=undefined&menuSelection=asm" "Mozilla/5.0 (iPhone; CPU iPhone OS 11_4_1 like Mac OS X) AppleWebKit/605.1.15 (KHTML, like Gecko) Mobile/15G77JLAMPMode:iPhone"
192.168.253.2 - - [04/Jan/2019:18:10:41 +0800] "POST /JLAMPCommon/langBatchRows_prc HTTP/1.1" 200 13667 "http://merp.yudo.com.cn:8183/WEI_2100/WEI_2100?formKey=undefined&menuSelection=asm" "Mozilla/5.0 (iPhone; CPU iPhone OS 11_4_1 like Mac OS X) AppleWebKit/605.1.15 (KHTML, like Gecko) Mobile/15G77JLAMPMode:iPhone"
192.168.253.2 - - [04/Jan/2019:18:10:41 +0800] "GET /JLAMPCommon/getCookieJson_prc HTTP/1.1" 200 933 "http://merp.yudo.com.cn:8183/WEI_2100/WEI_2100?formKey=undefined&menuSelection=asm" "Mozilla/5.0 (iPhone; CPU iPhone OS 11_4_1 like Mac OS X) AppleWebKit/605.1.15 (KHTML, like Gecko) Mobile/15G77JLAMPMode:iPhone"
112.17.241.126 - - [04/Jan/2019:18:10:41 +0800] "POST /main/login_prc HTTP/1.1" 200 44 "http://merp.yudo.com.cn:8183/?deviceType=mobile&devicePlatform=android" "Mozilla/5.0 (Linux; Android 5.0.2; vivo X6Plus A Build/LRX22G) AppleWebKit/537.36 (KHTML, like Gecko) Version/4.0 Chrome/37.0.0.0 Mobile Safari/537.36"
112.17.241.126 - - [04/Jan/2019:18:10:41 +0800] "POST /main/checkMenuAuth_prc HTTP/1.1" 200 44 "http://merp.yudo.com.cn:8183/?deviceType=mobile&devicePlatform=android" "Mozilla/5.0 (Linux; Android 5.0.2; vivo X6Plus A Build/LRX22G) AppleWebKit/537.36 (KHTML, like Gecko) Version/4.0 Chrome/37.0.0.0 Mobile Safari/537.36"
112.17.241.126 - - [04/Jan/2019:18:10:41 +0800] "POST / HTTP/1.1" 302 149 "http://merp.yudo.com.cn:8183/?deviceType=mobile&devicePlatform=android" "Mozilla/5.0 (Linux; Android 5.0.2; vivo X6Plus A Build/LRX22G) AppleWebKit/537.36 (KHTML, like Gecko) Version/4.0 Chrome/37.0.0.0 Mobile Safari/537.36"
112.17.241.126 - - [04/Jan/2019:18:10:42 +0800] "POST / HTTP/1.1" 302 149 "http://merp.yudo.com.cn:8183/?deviceType=mobile&devicePlatform=android" "Mozilla/5.0 (Linux; Android 5.0.2; vivo X6Plus A Build/LRX22G) AppleWebKit/537.36 (KHTML, like Gecko) Version/4.0 Chrome/37.0.0.0 Mobile Safari/537.36"
112.17.241.126 - - [04/Jan/2019:18:10:42 +0800] "GET /Menu/Menu?formKey=M20190104T180914593 HTTP/1.1" 200 5839 "http://merp.yudo.com.cn:8183/?deviceType=mobile&devicePlatform=android" "Mozilla/5.0 (Linux; Android 5.0.2; vivo X6Plus A Build/LRX22G) AppleWebKit/537.36 (KHTML, like Gecko) Version/4.0 Chrome/37.0.0.0 Mobile Safari/537.36"
112.17.241.126 - - [04/Jan/2019:18:10:42 +0800] "GET /js/version.js?v=20180920001 HTTP/1.1" 304 - "http://merp.yudo.com.cn:8183/Menu/Menu?formKey=M20190104T180914593" "Mozilla/5.0 (Linux; Android 5.0.2; vivo X6Plus A Build/LRX22G) AppleWebKit/537.36 (KHTML, like Gecko) Version/4.0 Chrome/37.0.0.0 Mobile Safari/537.36"
112.17.241.126 - - [04/Jan/2019:18:10:43 +0800] "POST /JLAMPCommon/langBatchRows_prc HTTP/1.1" 200 595 "http://merp.yudo.com.cn:8183/Menu/Menu?formKey=M20190104T180914593" "Mozilla/5.0 (Linux; Android 5.0.2; vivo X6Plus A Build/LRX22G) AppleWebKit/537.36 (KHTML, like Gecko) Version/4.0 Chrome/37.0.0.0 Mobile Safari/537.36"
112.17.241.126 - - [04/Jan/2019:18:10:43 +0800] "GET /JLAMPCommon/getCookieJson_prc HTTP/1.1" 200 910 "http://merp.yudo.com.cn:8183/Menu/Menu?formKey=M20190104T180914593" "Mozilla/5.0 (Linux; Android 5.0.2; vivo X6Plus A Build/LRX22G) AppleWebKit/537.36 (KHTML, like Gecko) Version/4.0 Chrome/37.0.0.0 Mobile Safari/537.36"
112.17.241.126 - - [04/Jan/2019:18:10:43 +0800] "GET /Menu/doMenuRows_prc?formKey=M20190104T180914593 HTTP/1.1" 200 540 "http://merp.yudo.com.cn:8183/Menu/Menu?formKey=M20190104T180914593" "Mozilla/5.0 (Linux; Android 5.0.2; vivo X6Plus A Build/LRX22G) AppleWebKit/537.36 (KHTML, like Gecko) Version/4.0 Chrome/37.0.0.0 Mobile Safari/537.36"
192.168.253.2 - - [04/Jan/2019:18:10:46 +0800] "GET /Menu/Menu/menuLists?formKey=undefined&menuSelection=asm HTTP/1.1" 200 5832 "http://merp.yudo.com.cn:8183/WEI_2100/WEI_2100?formKey=undefined&menuSelection=asm" "Mozilla/5.0 (iPhone; CPU iPhone OS 11_4_1 like Mac OS X) AppleWebKit/605.1.15 (KHTML, like Gecko) Mobile/15G77JLAMPMode:iPhone"
192.168.253.2 - - [04/Jan/2019:18:10:47 +0800] "POST /JLAMPCommon/langBatchRows_prc HTTP/1.1" 200 595 "http://merp.yudo.com.cn:8183/Menu/Menu/menuLists?formKey=undefined&menuSelection=asm" "Mozilla/5.0 (iPhone; CPU iPhone OS 11_4_1 like Mac OS X) AppleWebKit/605.1.15 (KHTML, like Gecko) Mobile/15G77JLAMPMode:iPhone"
192.168.253.2 - - [04/Jan/2019:18:10:47 +0800] "GET /JLAMPCommon/getCookieJson_prc HTTP/1.1" 200 933 "http://merp.yudo.com.cn:8183/Menu/Menu/menuLists?formKey=undefined&menuSelection=asm" "Mozilla/5.0 (iPhone; CPU iPhone OS 11_4_1 like Mac OS X) AppleWebKit/605.1.15 (KHTML, like Gecko) Mobile/15G77JLAMPMode:iPhone"
192.168.253.2 - - [04/Jan/2019:18:10:47 +0800] "GET /Menu/doMenuRows_prc?formKey=undefined HTTP/1.1" 200 1305 "http://merp.yudo.com.cn:8183/Menu/Menu/menuLists?formKey=undefined&menuSelection=asm" "Mozilla/5.0 (iPhone; CPU iPhone OS 11_4_1 like Mac OS X) AppleWebKit/605.1.15 (KHTML, like Gecko) Mobile/15G77JLAMPMode:iPhone"
