223.104.148.85 - - [31/Jul/2020:13:55:56 +0800] "GET /WEI_2100/as_count?orderid=2020020870 HTTP/1.1" 200 74 "http://merp.yudo.com.cn:8183/WEI_2100/WEI_2100?formKey=Menu&menuSelection=asm" "Mozilla/5.0 (Linux; Android 10; EML-AL00 Build/HUAWEIEML-AL00; wv) AppleWebKit/537.36 (KHTML, like Gecko) Version/4.0 Chrome/79.0.3945.116 Mobile Safari/537.36"
223.104.148.85 - - [31/Jul/2020:13:55:56 +0800] "GET /WEI_2100/systemclass_mini_prc?bigsysid=SA10380461&minisysid=supplyscope_c5 HTTP/1.1" 200 389 "http://merp.yudo.com.cn:8183/WEI_2100/WEI_2100?formKey=Menu&menuSelection=asm" "Mozilla/5.0 (Linux; Android 10; EML-AL00 Build/HUAWEIEML-AL00; wv) AppleWebKit/537.36 (KHTML, like Gecko) Version/4.0 Chrome/79.0.3945.116 Mobile Safari/537.36"
::1 - - [31/Jul/2020:13:56:05 +0800] "OPTIONS * HTTP/1.0" 200 - "-" "Apache/2.4.6 (CentOS) PHP/5.6.32 (internal dummy connection)"
223.104.148.85 - - [31/Jul/2020:13:56:15 +0800] "GET /WEI_2100/systemclass_mini_prc?bigsysid=AS10110030&minisysid=ascause_c HTTP/1.1" 200 119 "http://merp.yudo.com.cn:8183/WEI_2100/WEI_2100?formKey=Menu&menuSelection=asm" "Mozilla/5.0 (Linux; Android 10; EML-AL00 Build/HUAWEIEML-AL00; wv) AppleWebKit/537.36 (KHTML, like Gecko) Version/4.0 Chrome/79.0.3945.116 Mobile Safari/537.36"
223.104.148.85 - - [31/Jul/2020:13:56:19 +0800] "GET /WEI_2100/systemclass_mini_prc?bigsysid=AS10060020&minisysid=asclass1_c HTTP/1.1" 200 2106 "http://merp.yudo.com.cn:8183/WEI_2100/WEI_2100?formKey=Menu&menuSelection=asm" "Mozilla/5.0 (Linux; Android 10; EML-AL00 Build/HUAWEIEML-AL00; wv) AppleWebKit/537.36 (KHTML, like Gecko) Version/4.0 Chrome/79.0.3945.116 Mobile Safari/537.36"
223.104.189.3 - - [31/Jul/2020:13:58:02 +0800] "GET /?deviceType=mobile&devicePlatform=ios HTTP/1.1" 200 6736 "-" "Mozilla/5.0 (iPhone; CPU iPhone OS 13_5_1 like Mac OS X) AppleWebKit/605.1.15 (KHTML, like Gecko) Mobile/15E148"
223.104.189.3 - - [31/Jul/2020:13:58:03 +0800] "GET /JLAMPCommon/getCookieJson_prc HTTP/1.1" 200 62 "http://merp.yudo.com.cn:8183/?deviceType=mobile&devicePlatform=ios" "Mozilla/5.0 (iPhone; CPU iPhone OS 13_5_1 like Mac OS X) AppleWebKit/605.1.15 (KHTML, like Gecko) Mobile/15E148"
223.104.189.3 - - [31/Jul/2020:13:58:27 +0800] "POST /main/login_prc HTTP/1.1" 200 44 "http://merp.yudo.com.cn:8183/?deviceType=mobile&devicePlatform=ios" "Mozilla/5.0 (iPhone; CPU iPhone OS 13_5_1 like Mac OS X) AppleWebKit/605.1.15 (KHTML, like Gecko) Mobile/15E148"
223.104.189.3 - - [31/Jul/2020:13:58:28 +0800] "GET /?deviceType=mobile&devicePlatform=ios HTTP/1.1" 302 149 "http://merp.yudo.com.cn:8183/?deviceType=mobile&devicePlatform=ios" "Mozilla/5.0 (iPhone; CPU iPhone OS 13_5_1 like Mac OS X) AppleWebKit/605.1.15 (KHTML, like Gecko) Mobile/15E148"
223.104.189.3 - - [31/Jul/2020:13:58:28 +0800] "GET /Menu HTTP/1.1" 200 12297 "http://merp.yudo.com.cn:8183/?deviceType=mobile&devicePlatform=ios" "Mozilla/5.0 (iPhone; CPU iPhone OS 13_5_1 like Mac OS X) AppleWebKit/605.1.15 (KHTML, like Gecko) Mobile/15E148"
223.104.189.3 - - [31/Jul/2020:13:58:28 +0800] "GET /css/animate.min.css?v=1003 HTTP/1.1" 200 52799 "http://merp.yudo.com.cn:8183/Menu" "Mozilla/5.0 (iPhone; CPU iPhone OS 13_5_1 like Mac OS X) AppleWebKit/605.1.15 (KHTML, like Gecko) Mobile/15E148"
223.104.189.3 - - [31/Jul/2020:13:58:28 +0800] "GET /css/mui.picker.min.css?v=1000 HTTP/1.1" 200 4844 "http://merp.yudo.com.cn:8183/Menu" "Mozilla/5.0 (iPhone; CPU iPhone OS 13_5_1 like Mac OS X) AppleWebKit/605.1.15 (KHTML, like Gecko) Mobile/15E148"
223.104.189.3 - - [31/Jul/2020:13:58:28 +0800] "GET /css/yudo-ui.css?v=2016 HTTP/1.1" 200 41489 "http://merp.yudo.com.cn:8183/Menu" "Mozilla/5.0 (iPhone; CPU iPhone OS 13_5_1 like Mac OS X) AppleWebKit/605.1.15 (KHTML, like Gecko) Mobile/15E148"
223.104.189.3 - - [31/Jul/2020:13:58:28 +0800] "GET /css/mui.min.css?v=1012 HTTP/1.1" 200 76673 "http://merp.yudo.com.cn:8183/Menu" "Mozilla/5.0 (iPhone; CPU iPhone OS 13_5_1 like Mac OS X) AppleWebKit/605.1.15 (KHTML, like Gecko) Mobile/15E148"
223.104.189.3 - - [31/Jul/2020:13:58:28 +0800] "GET /js/server.js?v=1010 HTTP/1.1" 200 88 "http://merp.yudo.com.cn:8183/Menu" "Mozilla/5.0 (iPhone; CPU iPhone OS 13_5_1 like Mac OS X) AppleWebKit/605.1.15 (KHTML, like Gecko) Mobile/15E148"
223.104.189.3 - - [31/Jul/2020:13:58:28 +0800] "GET /js/lang.min.js?v=1004 HTTP/1.1" 200 1138 "http://merp.yudo.com.cn:8183/Menu" "Mozilla/5.0 (iPhone; CPU iPhone OS 13_5_1 like Mac OS X) AppleWebKit/605.1.15 (KHTML, like Gecko) Mobile/15E148"
223.104.189.3 - - [31/Jul/2020:13:58:28 +0800] "GET /js/multiHttp.js?v=1015 HTTP/1.1" 200 48308 "http://merp.yudo.com.cn:8183/Menu" "Mozilla/5.0 (iPhone; CPU iPhone OS 13_5_1 like Mac OS X) AppleWebKit/605.1.15 (KHTML, like Gecko) Mobile/15E148"
223.104.189.3 - - [31/Jul/2020:13:58:28 +0800] "GET /js/vue.js HTTP/1.1" 200 289301 "http://merp.yudo.com.cn:8183/Menu" "Mozilla/5.0 (iPhone; CPU iPhone OS 13_5_1 like Mac OS X) AppleWebKit/605.1.15 (KHTML, like Gecko) Mobile/15E148"
223.104.189.3 - - [31/Jul/2020:13:58:28 +0800] "GET /js/mui.previewimage.js?v=201804261256 HTTP/1.1" 200 13324 "http://merp.yudo.com.cn:8183/Menu" "Mozilla/5.0 (iPhone; CPU iPhone OS 13_5_1 like Mac OS X) AppleWebKit/605.1.15 (KHTML, like Gecko) Mobile/15E148"
223.104.189.3 - - [31/Jul/2020:13:58:29 +0800] "GET /js/mui.zoom.js?v=201804231454 HTTP/1.1" 200 11703 "http://merp.yudo.com.cn:8183/Menu" "Mozilla/5.0 (iPhone; CPU iPhone OS 13_5_1 like Mac OS X) AppleWebKit/605.1.15 (KHTML, like Gecko) Mobile/15E148"
223.104.189.3 - - [31/Jul/2020:13:58:29 +0800] "GET /js/mui.picker.min.js?v=1002 HTTP/1.1" 200 18411 "http://merp.yudo.com.cn:8183/Menu" "Mozilla/5.0 (iPhone; CPU iPhone OS 13_5_1 like Mac OS X) AppleWebKit/605.1.15 (KHTML, like Gecko) Mobile/15E148"
223.104.189.3 - - [31/Jul/2020:13:58:29 +0800] "GET /third_party/jquery-2.1.4/jquery.js HTTP/1.1" 304 - "http://merp.yudo.com.cn:8183/Menu" "Mozilla/5.0 (iPhone; CPU iPhone OS 13_5_1 like Mac OS X) AppleWebKit/605.1.15 (KHTML, like Gecko) Mobile/15E148"
223.104.189.3 - - [31/Jul/2020:13:58:29 +0800] "GET /js/JLAMP.min.js HTTP/1.1" 304 - "http://merp.yudo.com.cn:8183/Menu" "Mozilla/5.0 (iPhone; CPU iPhone OS 13_5_1 like Mac OS X) AppleWebKit/605.1.15 (KHTML, like Gecko) Mobile/15E148"
223.104.189.3 - - [31/Jul/2020:13:58:29 +0800] "GET /js/mui.min.js?v=1001 HTTP/1.1" 304 - "http://merp.yudo.com.cn:8183/Menu" "Mozilla/5.0 (iPhone; CPU iPhone OS 13_5_1 like Mac OS X) AppleWebKit/605.1.15 (KHTML, like Gecko) Mobile/15E148"
223.104.189.3 - - [31/Jul/2020:13:58:29 +0800] "GET /js/fastclick.js HTTP/1.1" 304 - "http://merp.yudo.com.cn:8183/Menu" "Mozilla/5.0 (iPhone; CPU iPhone OS 13_5_1 like Mac OS X) AppleWebKit/605.1.15 (KHTML, like Gecko) Mobile/15E148"
223.104.189.3 - - [31/Jul/2020:13:58:29 +0800] "GET /js/JLAMP.common.min.js HTTP/1.1" 304 - "http://merp.yudo.com.cn:8183/Menu" "Mozilla/5.0 (iPhone; CPU iPhone OS 13_5_1 like Mac OS X) AppleWebKit/605.1.15 (KHTML, like Gecko) Mobile/15E148"
223.104.189.3 - - [31/Jul/2020:13:58:29 +0800] "GET /js/JLAMP.lang.min.js HTTP/1.1" 304 - "http://merp.yudo.com.cn:8183/Menu" "Mozilla/5.0 (iPhone; CPU iPhone OS 13_5_1 like Mac OS X) AppleWebKit/605.1.15 (KHTML, like Gecko) Mobile/15E148"
223.104.189.3 - - [31/Jul/2020:13:58:29 +0800] "GET /js/Menu/Menu.js?v=200017 HTTP/1.1" 200 11548 "http://merp.yudo.com.cn:8183/Menu" "Mozilla/5.0 (iPhone; CPU iPhone OS 13_5_1 like Mac OS X) AppleWebKit/605.1.15 (KHTML, like Gecko) Mobile/15E148"
223.104.189.3 - - [31/Jul/2020:13:58:29 +0800] "GET /image/fonticon/headDefault.jpg HTTP/1.1" 200 2436 "http://merp.yudo.com.cn:8183/Menu" "Mozilla/5.0 (iPhone; CPU iPhone OS 13_5_1 like Mac OS X) AppleWebKit/605.1.15 (KHTML, like Gecko) Mobile/15E148"
223.104.189.3 - - [31/Jul/2020:13:58:28 +0800] "GET /js/echarts.min.js HTTP/1.1" 200 744675 "http://merp.yudo.com.cn:8183/Menu" "Mozilla/5.0 (iPhone; CPU iPhone OS 13_5_1 like Mac OS X) AppleWebKit/605.1.15 (KHTML, like Gecko) Mobile/15E148"
223.104.189.3 - - [31/Jul/2020:13:58:29 +0800] "GET /image/login_logo.png HTTP/1.1" 200 3941 "http://merp.yudo.com.cn:8183/Menu" "Mozilla/5.0 (iPhone; CPU iPhone OS 13_5_1 like Mac OS X) AppleWebKit/605.1.15 (KHTML, like Gecko) Mobile/15E148"
223.104.189.3 - - [31/Jul/2020:13:58:29 +0800] "GET /image/fonticon/refresh_icon.png HTTP/1.1" 200 2550 "http://merp.yudo.com.cn:8183/Menu" "Mozilla/5.0 (iPhone; CPU iPhone OS 13_5_1 like Mac OS X) AppleWebKit/605.1.15 (KHTML, like Gecko) Mobile/15E148"
223.104.189.3 - - [31/Jul/2020:13:58:29 +0800] "GET /language/LANG_CHN.json?beta=1284 HTTP/1.1" 200 32414 "http://merp.yudo.com.cn:8183/Menu" "Mozilla/5.0 (iPhone; CPU iPhone OS 13_5_1 like Mac OS X) AppleWebKit/605.1.15 (KHTML, like Gecko) Mobile/15E148"
223.104.189.3 - - [31/Jul/2020:13:58:29 +0800] "GET /image/fonticon/home_icon.png HTTP/1.1" 200 1180 "http://merp.yudo.com.cn:8183/Menu" "Mozilla/5.0 (iPhone; CPU iPhone OS 13_5_1 like Mac OS X) AppleWebKit/605.1.15 (KHTML, like Gecko) Mobile/15E148"
223.104.189.3 - - [31/Jul/2020:13:58:29 +0800] "GET /fonts/mui.ttf HTTP/1.1" 304 - "http://merp.yudo.com.cn:8183/Menu" "Mozilla/5.0 (iPhone; CPU iPhone OS 13_5_1 like Mac OS X) AppleWebKit/605.1.15 (KHTML, like Gecko) Mobile/15E148"
223.104.189.3 - - [31/Jul/2020:13:58:29 +0800] "GET /Menu/doMenuRows_prc?formKey=Menu HTTP/1.1" 200 1582 "http://merp.yudo.com.cn:8183/Menu" "Mozilla/5.0 (iPhone; CPU iPhone OS 13_5_1 like Mac OS X) AppleWebKit/605.1.15 (KHTML, like Gecko) Mobile/15E148"
223.104.189.3 - - [31/Jul/2020:13:58:29 +0800] "GET /image/fonticon/switchPass_icon.png HTTP/1.1" 200 1480 "http://merp.yudo.com.cn:8183/Menu" "Mozilla/5.0 (iPhone; CPU iPhone OS 13_5_1 like Mac OS X) AppleWebKit/605.1.15 (KHTML, like Gecko) Mobile/15E148"
223.104.189.3 - - [31/Jul/2020:13:58:29 +0800] "GET /image/fonticon/cleanCache_icon.png HTTP/1.1" 200 951 "http://merp.yudo.com.cn:8183/Menu" "Mozilla/5.0 (iPhone; CPU iPhone OS 13_5_1 like Mac OS X) AppleWebKit/605.1.15 (KHTML, like Gecko) Mobile/15E148"
223.104.189.3 - - [31/Jul/2020:13:58:29 +0800] "GET /Menu/getVersionInfo HTTP/1.1" 200 394 "http://merp.yudo.com.cn:8183/Menu" "Mozilla/5.0 (iPhone; CPU iPhone OS 13_5_1 like Mac OS X) AppleWebKit/605.1.15 (KHTML, like Gecko) Mobile/15E148"
223.104.189.3 - - [31/Jul/2020:13:58:30 +0800] "GET /image/fonticon/userMenu_icon.png HTTP/1.1" 200 412 "http://merp.yudo.com.cn:8183/Menu" "Mozilla/5.0 (iPhone; CPU iPhone OS 13_5_1 like Mac OS X) AppleWebKit/605.1.15 (KHTML, like Gecko) Mobile/15E148"
223.104.189.3 - - [31/Jul/2020:13:58:30 +0800] "GET /image/fonticon/quit_icon.png HTTP/1.1" 200 1268 "http://merp.yudo.com.cn:8183/Menu" "Mozilla/5.0 (iPhone; CPU iPhone OS 13_5_1 like Mac OS X) AppleWebKit/605.1.15 (KHTML, like Gecko) Mobile/15E148"
223.104.189.3 - - [31/Jul/2020:13:58:29 +0800] "GET /image/yudo-01.png HTTP/1.1" 200 381770 "http://merp.yudo.com.cn:8183/Menu" "Mozilla/5.0 (iPhone; CPU iPhone OS 13_5_1 like Mac OS X) AppleWebKit/605.1.15 (KHTML, like Gecko) Mobile/15E148"
223.104.189.3 - - [31/Jul/2020:13:58:30 +0800] "GET /Menu/getLoginInfo HTTP/1.1" 200 188 "http://merp.yudo.com.cn:8183/Menu" "Mozilla/5.0 (iPhone; CPU iPhone OS 13_5_1 like Mac OS X) AppleWebKit/605.1.15 (KHTML, like Gecko) Mobile/15E148"
223.104.189.3 - - [31/Jul/2020:13:58:30 +0800] "GET /image/fonticon/extend_icon.png HTTP/1.1" 200 731 "http://merp.yudo.com.cn:8183/Menu" "Mozilla/5.0 (iPhone; CPU iPhone OS 13_5_1 like Mac OS X) AppleWebKit/605.1.15 (KHTML, like Gecko) Mobile/15E148"
223.104.189.3 - - [31/Jul/2020:13:58:30 +0800] "GET /image/fonticon/as_icon.png HTTP/1.1" 200 5008 "http://merp.yudo.com.cn:8183/Menu" "Mozilla/5.0 (iPhone; CPU iPhone OS 13_5_1 like Mac OS X) AppleWebKit/605.1.15 (KHTML, like Gecko) Mobile/15E148"
223.104.189.3 - - [31/Jul/2020:13:58:30 +0800] "GET /image/fonticon/salesStatus_icon.png HTTP/1.1" 200 4985 "http://merp.yudo.com.cn:8183/Menu" "Mozilla/5.0 (iPhone; CPU iPhone OS 13_5_1 like Mac OS X) AppleWebKit/605.1.15 (KHTML, like Gecko) Mobile/15E148"
223.104.189.3 - - [31/Jul/2020:13:58:30 +0800] "GET /image/fonticon/dayTotal_icon.png HTTP/1.1" 200 4233 "http://merp.yudo.com.cn:8183/Menu" "Mozilla/5.0 (iPhone; CPU iPhone OS 13_5_1 like Mac OS X) AppleWebKit/605.1.15 (KHTML, like Gecko) Mobile/15E148"
223.104.189.3 - - [31/Jul/2020:13:58:30 +0800] "GET /image/fonticon/loading_icon6.png HTTP/1.1" 304 - "http://merp.yudo.com.cn:8183/Menu" "Mozilla/5.0 (iPhone; CPU iPhone OS 13_5_1 like Mac OS X) AppleWebKit/605.1.15 (KHTML, like Gecko) Mobile/15E148"
223.104.189.3 - - [31/Jul/2020:13:58:32 +0800] "GET /WEI_0100/WEI_0100?formKey=Menu&menuSelection=mi HTTP/1.1" 200 14458 "http://merp.yudo.com.cn:8183/Menu" "Mozilla/5.0 (iPhone; CPU iPhone OS 13_5_1 like Mac OS X) AppleWebKit/605.1.15 (KHTML, like Gecko) Mobile/15E148"
223.104.189.3 - - [31/Jul/2020:13:58:34 +0800] "GET /WEI_0100/lists_prc?gubun=M&baseDate=2020-07-31&dbChoose=SZ HTTP/1.1" 200 35252 "http://merp.yudo.com.cn:8183/WEI_0100/WEI_0100?formKey=Menu&menuSelection=mi" "Mozilla/5.0 (iPhone; CPU iPhone OS 13_5_1 like Mac OS X) AppleWebKit/605.1.15 (KHTML, like Gecko) Mobile/15E148"
223.104.189.3 - - [31/Jul/2020:13:59:00 +0800] "GET /WEI_0100/lists_prc?gubun=M&baseDate=2020-07-31&dbChoose=GD HTTP/1.1" 200 16956 "http://merp.yudo.com.cn:8183/WEI_0100/WEI_0100?formKey=Menu&menuSelection=mi" "Mozilla/5.0 (iPhone; CPU iPhone OS 13_5_1 like Mac OS X) AppleWebKit/605.1.15 (KHTML, like Gecko) Mobile/15E148"
223.104.189.3 - - [31/Jul/2020:13:59:13 +0800] "GET /WEI_0100/lists_prc?gubun=M&baseDate=2020-07-31&dbChoose=QD HTTP/1.1" 200 6504 "http://merp.yudo.com.cn:8183/WEI_0100/WEI_0100?formKey=Menu&menuSelection=mi" "Mozilla/5.0 (iPhone; CPU iPhone OS 13_5_1 like Mac OS X) AppleWebKit/605.1.15 (KHTML, like Gecko) Mobile/15E148"
218.205.55.10 - - [31/Jul/2020:13:59:34 +0800] "POST /WEI_2300/getMempIdTarget HTTP/1.1" 200 2637 "http://merp.yudo.com.cn:8183/WEI_2300/WEI_2300?formKey=Menu&menuSelection=asm" "Mozilla/5.0 (iPhone; CPU iPhone OS 11_4_1 like Mac OS X) AppleWebKit/605.1.15 (KHTML, like Gecko) Mobile/15G77"
223.104.189.3 - - [31/Jul/2020:13:59:41 +0800] "GET /WEI_0100/lists_prc?gubun=MS&baseDate=2020-07-31&dbChoose=QD HTTP/1.1" 200 9321 "http://merp.yudo.com.cn:8183/WEI_0100/WEI_0100?formKey=Menu&menuSelection=mi" "Mozilla/5.0 (iPhone; CPU iPhone OS 13_5_1 like Mac OS X) AppleWebKit/605.1.15 (KHTML, like Gecko) Mobile/15E148"
218.205.55.10 - - [31/Jul/2020:13:59:51 +0800] "POST /WEI_2300/getMempIdTarget HTTP/1.1" 200 2637 "http://merp.yudo.com.cn:8183/WEI_2300/WEI_2300?formKey=Menu&menuSelection=asm" "Mozilla/5.0 (iPhone; CPU iPhone OS 11_4_1 like Mac OS X) AppleWebKit/605.1.15 (KHTML, like Gecko) Mobile/15G77"
223.104.189.3 - - [31/Jul/2020:13:59:51 +0800] "GET /WEI_0100/lists_prc?gubun=MS&baseDate=2020-07-31&dbChoose=GD HTTP/1.1" 200 18553 "http://merp.yudo.com.cn:8183/WEI_0100/WEI_0100?formKey=Menu&menuSelection=mi" "Mozilla/5.0 (iPhone; CPU iPhone OS 13_5_1 like Mac OS X) AppleWebKit/605.1.15 (KHTML, like Gecko) Mobile/15E148"
223.104.189.3 - - [31/Jul/2020:14:00:10 +0800] "GET /WEI_0100/lists_prc?gubun=MS&baseDate=2020-07-31&dbChoose=SZ HTTP/1.1" 200 37643 "http://merp.yudo.com.cn:8183/WEI_0100/WEI_0100?formKey=Menu&menuSelection=mi" "Mozilla/5.0 (iPhone; CPU iPhone OS 13_5_1 like Mac OS X) AppleWebKit/605.1.15 (KHTML, like Gecko) Mobile/15E148"
223.104.189.3 - - [31/Jul/2020:14:00:20 +0800] "GET /WEI_0100/lists_prc?gubun=MS&baseDate=2020-07-31&dbChoose=QD HTTP/1.1" 200 9321 "http://merp.yudo.com.cn:8183/WEI_0100/WEI_0100?formKey=Menu&menuSelection=mi" "Mozilla/5.0 (iPhone; CPU iPhone OS 13_5_1 like Mac OS X) AppleWebKit/605.1.15 (KHTML, like Gecko) Mobile/15E148"
223.104.189.3 - - [31/Jul/2020:14:00:27 +0800] "GET /WEI_0100/lists_prc?gubun=Y&baseDate=2020-07-31&dbChoose=QD HTTP/1.1" 200 10640 "http://merp.yudo.com.cn:8183/WEI_0100/WEI_0100?formKey=Menu&menuSelection=mi" "Mozilla/5.0 (iPhone; CPU iPhone OS 13_5_1 like Mac OS X) AppleWebKit/605.1.15 (KHTML, like Gecko) Mobile/15E148"
223.104.189.3 - - [31/Jul/2020:14:00:34 +0800] "GET /WEI_0100/lists_prc?gubun=Y&baseDate=2020-07-31&dbChoose=SZ HTTP/1.1" 200 37702 "http://merp.yudo.com.cn:8183/WEI_0100/WEI_0100?formKey=Menu&menuSelection=mi" "Mozilla/5.0 (iPhone; CPU iPhone OS 13_5_1 like Mac OS X) AppleWebKit/605.1.15 (KHTML, like Gecko) Mobile/15E148"
223.104.189.3 - - [31/Jul/2020:14:00:43 +0800] "GET /WEI_0100/lists_prc?gubun=Y&baseDate=2020-07-31&dbChoose=GD HTTP/1.1" 200 19315 "http://merp.yudo.com.cn:8183/WEI_0100/WEI_0100?formKey=Menu&menuSelection=mi" "Mozilla/5.0 (iPhone; CPU iPhone OS 13_5_1 like Mac OS X) AppleWebKit/605.1.15 (KHTML, like Gecko) Mobile/15E148"
223.104.148.85 - - [31/Jul/2020:14:01:10 +0800] "POST /WEI_2100/save_as HTTP/1.1" 200 74 "http://merp.yudo.com.cn:8183/WEI_2100/WEI_2100?formKey=Menu&menuSelection=asm" "Mozilla/5.0 (Linux; Android 10; EML-AL00 Build/HUAWEIEML-AL00; wv) AppleWebKit/537.36 (KHTML, like Gecko) Version/4.0 Chrome/79.0.3945.116 Mobile Safari/537.36"
223.104.148.85 - - [31/Jul/2020:14:01:10 +0800] "GET /WEI_2100/as_minute?asid=2020071389 HTTP/1.1" 200 1972 "http://merp.yudo.com.cn:8183/WEI_2100/WEI_2100?formKey=Menu&menuSelection=asm" "Mozilla/5.0 (Linux; Android 10; EML-AL00 Build/HUAWEIEML-AL00; wv) AppleWebKit/537.36 (KHTML, like Gecko) Version/4.0 Chrome/79.0.3945.116 Mobile Safari/537.36"
223.104.148.85 - - [31/Jul/2020:14:01:10 +0800] "GET /WEI_2100/as_minute_table?asid=2020071389 HTTP/1.1" 200 63 "http://merp.yudo.com.cn:8183/WEI_2100/WEI_2100?formKey=Menu&menuSelection=asm" "Mozilla/5.0 (Linux; Android 10; EML-AL00 Build/HUAWEIEML-AL00; wv) AppleWebKit/537.36 (KHTML, like Gecko) Version/4.0 Chrome/79.0.3945.116 Mobile Safari/537.36"
223.104.148.85 - - [31/Jul/2020:14:01:12 +0800] "GET /WEI_2100/systemclass_mini_prc?bigsysid=AS10110030&minisysid=ascause_c HTTP/1.1" 200 119 "http://merp.yudo.com.cn:8183/WEI_2100/WEI_2100?formKey=Menu&menuSelection=asm" "Mozilla/5.0 (Linux; Android 10; EML-AL00 Build/HUAWEIEML-AL00; wv) AppleWebKit/537.36 (KHTML, like Gecko) Version/4.0 Chrome/79.0.3945.116 Mobile Safari/537.36"
223.104.148.85 - - [31/Jul/2020:14:01:12 +0800] "GET /WEI_2100/systemclass_mini_prc?bigsysid=SA10340020&minisysid=supplyscope_c1 HTTP/1.1" 200 1094 "http://merp.yudo.com.cn:8183/WEI_2100/WEI_2100?formKey=Menu&menuSelection=asm" "Mozilla/5.0 (Linux; Android 10; EML-AL00 Build/HUAWEIEML-AL00; wv) AppleWebKit/537.36 (KHTML, like Gecko) Version/4.0 Chrome/79.0.3945.116 Mobile Safari/537.36"
223.104.148.85 - - [31/Jul/2020:14:01:12 +0800] "GET /WEI_2100/systemclass_mini_prc?bigsysid=AS10060020&minisysid=asclass1_c HTTP/1.1" 200 2106 "http://merp.yudo.com.cn:8183/WEI_2100/WEI_2100?formKey=Menu&menuSelection=asm" "Mozilla/5.0 (Linux; Android 10; EML-AL00 Build/HUAWEIEML-AL00; wv) AppleWebKit/537.36 (KHTML, like Gecko) Version/4.0 Chrome/79.0.3945.116 Mobile Safari/537.36"
223.104.148.85 - - [31/Jul/2020:14:01:12 +0800] "GET /WEI_2100/systemclass_mini_prc?bigsysid=SA10360098&minisysid=supplyscope_c3 HTTP/1.1" 200 237 "http://merp.yudo.com.cn:8183/WEI_2100/WEI_2100?formKey=Menu&menuSelection=asm" "Mozilla/5.0 (Linux; Android 10; EML-AL00 Build/HUAWEIEML-AL00; wv) AppleWebKit/537.36 (KHTML, like Gecko) Version/4.0 Chrome/79.0.3945.116 Mobile Safari/537.36"
223.104.148.85 - - [31/Jul/2020:14:01:12 +0800] "GET /WEI_2100/systemclass_mini_prc?bigsysid=SA10380461&minisysid=supplyscope_c5 HTTP/1.1" 200 389 "http://merp.yudo.com.cn:8183/WEI_2100/WEI_2100?formKey=Menu&menuSelection=asm" "Mozilla/5.0 (Linux; Android 10; EML-AL00 Build/HUAWEIEML-AL00; wv) AppleWebKit/537.36 (KHTML, like Gecko) Version/4.0 Chrome/79.0.3945.116 Mobile Safari/537.36"
223.104.148.85 - - [31/Jul/2020:14:01:12 +0800] "GET /WEI_2100/systemclass_mini_prc?bigsysid=SA10370301&minisysid=supplyscope_c4 HTTP/1.1" 200 137 "http://merp.yudo.com.cn:8183/WEI_2100/WEI_2100?formKey=Menu&menuSelection=asm" "Mozilla/5.0 (Linux; Android 10; EML-AL00 Build/HUAWEIEML-AL00; wv) AppleWebKit/537.36 (KHTML, like Gecko) Version/4.0 Chrome/79.0.3945.116 Mobile Safari/537.36"
223.104.148.85 - - [31/Jul/2020:14:01:12 +0800] "GET /WEI_2100/systemclass_mini_prc?bigsysid=SA10350018&minisysid=supplyscope_c2 HTTP/1.1" 200 167 "http://merp.yudo.com.cn:8183/WEI_2100/WEI_2100?formKey=Menu&menuSelection=asm" "Mozilla/5.0 (Linux; Android 10; EML-AL00 Build/HUAWEIEML-AL00; wv) AppleWebKit/537.36 (KHTML, like Gecko) Version/4.0 Chrome/79.0.3945.116 Mobile Safari/537.36"
::1 - - [31/Jul/2020:14:01:22 +0800] "OPTIONS * HTTP/1.0" 200 - "-" "Apache/2.4.6 (CentOS) PHP/5.6.32 (internal dummy connection)"
223.104.148.85 - - [31/Jul/2020:14:01:38 +0800] "GET /FireWork/getItemList?itemNo=&itemNm=%E9%9D%9E%E6%A0%87%E4%B8%BB%E5%B0%84%E5%92%80&count=0 HTTP/1.1" 200 70 "http://merp.yudo.com.cn:8183/WEI_2100/WEI_2100?formKey=Menu&menuSelection=asm" "Mozilla/5.0 (Linux; Android 10; EML-AL00 Build/HUAWEIEML-AL00; wv) AppleWebKit/537.36 (KHTML, like Gecko) Version/4.0 Chrome/79.0.3945.116 Mobile Safari/537.36"
223.104.193.85 - - [31/Jul/2020:14:01:40 +0800] "GET /?deviceType=mobile&devicePlatform=android HTTP/1.1" 302 149 "-" "Mozilla/5.0 (Linux; Android 9; VTR-TL00 Build/HUAWEIVTR-TL00; wv) AppleWebKit/537.36 (KHTML, like Gecko) Version/4.0 Chrome/79.0.3945.116 Mobile Safari/537.36"
223.104.193.85 - - [31/Jul/2020:14:01:40 +0800] "GET /Menu HTTP/1.1" 200 12297 "-" "Mozilla/5.0 (Linux; Android 9; VTR-TL00 Build/HUAWEIVTR-TL00; wv) AppleWebKit/537.36 (KHTML, like Gecko) Version/4.0 Chrome/79.0.3945.116 Mobile Safari/537.36"
223.104.193.85 - - [31/Jul/2020:14:01:41 +0800] "GET /css/yudo-ui.css?v=2016 HTTP/1.1" 200 41489 "http://merp.yudo.com.cn:8183/Menu" "Mozilla/5.0 (Linux; Android 9; VTR-TL00 Build/HUAWEIVTR-TL00; wv) AppleWebKit/537.36 (KHTML, like Gecko) Version/4.0 Chrome/79.0.3945.116 Mobile Safari/537.36"
223.104.193.85 - - [31/Jul/2020:14:01:41 +0800] "GET /css/mui.min.css?v=1012 HTTP/1.1" 200 76673 "http://merp.yudo.com.cn:8183/Menu" "Mozilla/5.0 (Linux; Android 9; VTR-TL00 Build/HUAWEIVTR-TL00; wv) AppleWebKit/537.36 (KHTML, like Gecko) Version/4.0 Chrome/79.0.3945.116 Mobile Safari/537.36"
223.104.193.85 - - [31/Jul/2020:14:01:41 +0800] "GET /css/mui.picker.min.css?v=1000 HTTP/1.1" 200 4844 "http://merp.yudo.com.cn:8183/Menu" "Mozilla/5.0 (Linux; Android 9; VTR-TL00 Build/HUAWEIVTR-TL00; wv) AppleWebKit/537.36 (KHTML, like Gecko) Version/4.0 Chrome/79.0.3945.116 Mobile Safari/537.36"
223.104.193.85 - - [31/Jul/2020:14:01:41 +0800] "GET /css/animate.min.css?v=1003 HTTP/1.1" 200 52799 "http://merp.yudo.com.cn:8183/Menu" "Mozilla/5.0 (Linux; Android 9; VTR-TL00 Build/HUAWEIVTR-TL00; wv) AppleWebKit/537.36 (KHTML, like Gecko) Version/4.0 Chrome/79.0.3945.116 Mobile Safari/537.36"
223.104.193.85 - - [31/Jul/2020:14:01:41 +0800] "GET /js/lang.min.js?v=1004 HTTP/1.1" 200 1138 "http://merp.yudo.com.cn:8183/Menu" "Mozilla/5.0 (Linux; Android 9; VTR-TL00 Build/HUAWEIVTR-TL00; wv) AppleWebKit/537.36 (KHTML, like Gecko) Version/4.0 Chrome/79.0.3945.116 Mobile Safari/537.36"
223.104.193.85 - - [31/Jul/2020:14:01:41 +0800] "GET /js/mui.min.js?v=1001 HTTP/1.1" 200 115810 "http://merp.yudo.com.cn:8183/Menu" "Mozilla/5.0 (Linux; Android 9; VTR-TL00 Build/HUAWEIVTR-TL00; wv) AppleWebKit/537.36 (KHTML, like Gecko) Version/4.0 Chrome/79.0.3945.116 Mobile Safari/537.36"
223.104.193.85 - - [31/Jul/2020:14:01:41 +0800] "GET /js/mui.previewimage.js?v=201804261256 HTTP/1.1" 200 13324 "http://merp.yudo.com.cn:8183/Menu" "Mozilla/5.0 (Linux; Android 9; VTR-TL00 Build/HUAWEIVTR-TL00; wv) AppleWebKit/537.36 (KHTML, like Gecko) Version/4.0 Chrome/79.0.3945.116 Mobile Safari/537.36"
223.104.193.85 - - [31/Jul/2020:14:01:41 +0800] "GET /js/mui.zoom.js?v=201804231454 HTTP/1.1" 200 11703 "http://merp.yudo.com.cn:8183/Menu" "Mozilla/5.0 (Linux; Android 9; VTR-TL00 Build/HUAWEIVTR-TL00; wv) AppleWebKit/537.36 (KHTML, like Gecko) Version/4.0 Chrome/79.0.3945.116 Mobile Safari/537.36"
223.104.193.85 - - [31/Jul/2020:14:01:41 +0800] "GET /js/server.js?v=1010 HTTP/1.1" 200 88 "http://merp.yudo.com.cn:8183/Menu" "Mozilla/5.0 (Linux; Android 9; VTR-TL00 Build/HUAWEIVTR-TL00; wv) AppleWebKit/537.36 (KHTML, like Gecko) Version/4.0 Chrome/79.0.3945.116 Mobile Safari/537.36"
223.104.193.85 - - [31/Jul/2020:14:01:41 +0800] "GET /third_party/jquery-2.1.4/jquery.js HTTP/1.1" 200 247606 "http://merp.yudo.com.cn:8183/Menu" "Mozilla/5.0 (Linux; Android 9; VTR-TL00 Build/HUAWEIVTR-TL00; wv) AppleWebKit/537.36 (KHTML, like Gecko) Version/4.0 Chrome/79.0.3945.116 Mobile Safari/537.36"
223.104.193.85 - - [31/Jul/2020:14:01:41 +0800] "GET /js/multiHttp.js?v=1015 HTTP/1.1" 200 48308 "http://merp.yudo.com.cn:8183/Menu" "Mozilla/5.0 (Linux; Android 9; VTR-TL00 Build/HUAWEIVTR-TL00; wv) AppleWebKit/537.36 (KHTML, like Gecko) Version/4.0 Chrome/79.0.3945.116 Mobile Safari/537.36"
223.104.193.85 - - [31/Jul/2020:14:01:41 +0800] "GET /js/mui.picker.min.js?v=1002 HTTP/1.1" 200 18411 "http://merp.yudo.com.cn:8183/Menu" "Mozilla/5.0 (Linux; Android 9; VTR-TL00 Build/HUAWEIVTR-TL00; wv) AppleWebKit/537.36 (KHTML, like Gecko) Version/4.0 Chrome/79.0.3945.116 Mobile Safari/537.36"
223.104.193.85 - - [31/Jul/2020:14:01:41 +0800] "GET /js/fastclick.js HTTP/1.1" 200 25966 "http://merp.yudo.com.cn:8183/Menu" "Mozilla/5.0 (Linux; Android 9; VTR-TL00 Build/HUAWEIVTR-TL00; wv) AppleWebKit/537.36 (KHTML, like Gecko) Version/4.0 Chrome/79.0.3945.116 Mobile Safari/537.36"
223.104.193.85 - - [31/Jul/2020:14:01:41 +0800] "GET /js/vue.js HTTP/1.1" 200 289301 "http://merp.yudo.com.cn:8183/Menu" "Mozilla/5.0 (Linux; Android 9; VTR-TL00 Build/HUAWEIVTR-TL00; wv) AppleWebKit/537.36 (KHTML, like Gecko) Version/4.0 Chrome/79.0.3945.116 Mobile Safari/537.36"
223.104.193.85 - - [31/Jul/2020:14:01:41 +0800] "GET /js/JLAMP.min.js HTTP/1.1" 200 1461 "http://merp.yudo.com.cn:8183/Menu" "Mozilla/5.0 (Linux; Android 9; VTR-TL00 Build/HUAWEIVTR-TL00; wv) AppleWebKit/537.36 (KHTML, like Gecko) Version/4.0 Chrome/79.0.3945.116 Mobile Safari/537.36"
223.104.193.85 - - [31/Jul/2020:14:01:41 +0800] "GET /js/JLAMP.common.min.js HTTP/1.1" 200 9705 "http://merp.yudo.com.cn:8183/Menu" "Mozilla/5.0 (Linux; Android 9; VTR-TL00 Build/HUAWEIVTR-TL00; wv) AppleWebKit/537.36 (KHTML, like Gecko) Version/4.0 Chrome/79.0.3945.116 Mobile Safari/537.36"
223.104.193.85 - - [31/Jul/2020:14:01:41 +0800] "GET /js/JLAMP.lang.min.js HTTP/1.1" 200 1750 "http://merp.yudo.com.cn:8183/Menu" "Mozilla/5.0 (Linux; Android 9; VTR-TL00 Build/HUAWEIVTR-TL00; wv) AppleWebKit/537.36 (KHTML, like Gecko) Version/4.0 Chrome/79.0.3945.116 Mobile Safari/537.36"
223.104.193.85 - - [31/Jul/2020:14:01:42 +0800] "GET /image/fonticon/headDefault.jpg HTTP/1.1" 200 2436 "http://merp.yudo.com.cn:8183/Menu" "Mozilla/5.0 (Linux; Android 9; VTR-TL00 Build/HUAWEIVTR-TL00; wv) AppleWebKit/537.36 (KHTML, like Gecko) Version/4.0 Chrome/79.0.3945.116 Mobile Safari/537.36"
223.104.193.85 - - [31/Jul/2020:14:01:42 +0800] "GET /image/login_logo.png HTTP/1.1" 200 3941 "http://merp.yudo.com.cn:8183/Menu" "Mozilla/5.0 (Linux; Android 9; VTR-TL00 Build/HUAWEIVTR-TL00; wv) AppleWebKit/537.36 (KHTML, like Gecko) Version/4.0 Chrome/79.0.3945.116 Mobile Safari/537.36"
223.104.193.85 - - [31/Jul/2020:14:01:41 +0800] "GET /js/echarts.min.js HTTP/1.1" 200 744675 "http://merp.yudo.com.cn:8183/Menu" "Mozilla/5.0 (Linux; Android 9; VTR-TL00 Build/HUAWEIVTR-TL00; wv) AppleWebKit/537.36 (KHTML, like Gecko) Version/4.0 Chrome/79.0.3945.116 Mobile Safari/537.36"
223.104.193.85 - - [31/Jul/2020:14:01:42 +0800] "GET /js/Menu/Menu.js?v=200017 HTTP/1.1" 200 11548 "http://merp.yudo.com.cn:8183/Menu" "Mozilla/5.0 (Linux; Android 9; VTR-TL00 Build/HUAWEIVTR-TL00; wv) AppleWebKit/537.36 (KHTML, like Gecko) Version/4.0 Chrome/79.0.3945.116 Mobile Safari/537.36"
223.104.193.85 - - [31/Jul/2020:14:01:42 +0800] "GET /image/fonticon/refresh_icon.png HTTP/1.1" 200 2550 "http://merp.yudo.com.cn:8183/css/yudo-ui.css?v=2016" "Mozilla/5.0 (Linux; Android 9; VTR-TL00 Build/HUAWEIVTR-TL00; wv) AppleWebKit/537.36 (KHTML, like Gecko) Version/4.0 Chrome/79.0.3945.116 Mobile Safari/537.36"
223.104.193.85 - - [31/Jul/2020:14:01:42 +0800] "GET /image/fonticon/home_icon.png HTTP/1.1" 200 1180 "http://merp.yudo.com.cn:8183/css/yudo-ui.css?v=2016" "Mozilla/5.0 (Linux; Android 9; VTR-TL00 Build/HUAWEIVTR-TL00; wv) AppleWebKit/537.36 (KHTML, like Gecko) Version/4.0 Chrome/79.0.3945.116 Mobile Safari/537.36"
223.104.193.85 - - [31/Jul/2020:14:01:42 +0800] "GET /image/fonticon/switchPass_icon.png HTTP/1.1" 200 1480 "http://merp.yudo.com.cn:8183/css/yudo-ui.css?v=2016" "Mozilla/5.0 (Linux; Android 9; VTR-TL00 Build/HUAWEIVTR-TL00; wv) AppleWebKit/537.36 (KHTML, like Gecko) Version/4.0 Chrome/79.0.3945.116 Mobile Safari/537.36"
223.104.193.85 - - [31/Jul/2020:14:01:42 +0800] "GET /image/fonticon/connectRecord_icon.png HTTP/1.1" 200 1412 "http://merp.yudo.com.cn:8183/css/yudo-ui.css?v=2016" "Mozilla/5.0 (Linux; Android 9; VTR-TL00 Build/HUAWEIVTR-TL00; wv) AppleWebKit/537.36 (KHTML, like Gecko) Version/4.0 Chrome/79.0.3945.116 Mobile Safari/537.36"
223.104.193.85 - - [31/Jul/2020:14:01:42 +0800] "GET /image/fonticon/cleanCache_icon.png HTTP/1.1" 200 951 "http://merp.yudo.com.cn:8183/css/yudo-ui.css?v=2016" "Mozilla/5.0 (Linux; Android 9; VTR-TL00 Build/HUAWEIVTR-TL00; wv) AppleWebKit/537.36 (KHTML, like Gecko) Version/4.0 Chrome/79.0.3945.116 Mobile Safari/537.36"
223.104.193.85 - - [31/Jul/2020:14:01:42 +0800] "GET /image/fonticon/quit_icon.png HTTP/1.1" 200 1268 "http://merp.yudo.com.cn:8183/css/yudo-ui.css?v=2016" "Mozilla/5.0 (Linux; Android 9; VTR-TL00 Build/HUAWEIVTR-TL00; wv) AppleWebKit/537.36 (KHTML, like Gecko) Version/4.0 Chrome/79.0.3945.116 Mobile Safari/537.36"
223.104.193.85 - - [31/Jul/2020:14:01:42 +0800] "GET /fonts/mui.ttf HTTP/1.1" 200 29884 "http://merp.yudo.com.cn:8183/css/mui.min.css?v=1012" "Mozilla/5.0 (Linux; Android 9; VTR-TL00 Build/HUAWEIVTR-TL00; wv) AppleWebKit/537.36 (KHTML, like Gecko) Version/4.0 Chrome/79.0.3945.116 Mobile Safari/537.36"
223.104.193.85 - - [31/Jul/2020:14:01:42 +0800] "GET /image/fonticon/userMenu_icon.png HTTP/1.1" 200 412 "http://merp.yudo.com.cn:8183/css/yudo-ui.css?v=2016" "Mozilla/5.0 (Linux; Android 9; VTR-TL00 Build/HUAWEIVTR-TL00; wv) AppleWebKit/537.36 (KHTML, like Gecko) Version/4.0 Chrome/79.0.3945.116 Mobile Safari/537.36"
223.104.193.85 - - [31/Jul/2020:14:01:42 +0800] "GET /image/fonticon/extend_icon.png HTTP/1.1" 200 731 "http://merp.yudo.com.cn:8183/css/yudo-ui.css?v=2016" "Mozilla/5.0 (Linux; Android 9; VTR-TL00 Build/HUAWEIVTR-TL00; wv) AppleWebKit/537.36 (KHTML, like Gecko) Version/4.0 Chrome/79.0.3945.116 Mobile Safari/537.36"
223.104.193.85 - - [31/Jul/2020:14:01:43 +0800] "GET /language/LANG_CHN.json?beta=7757 HTTP/1.1" 200 32414 "http://merp.yudo.com.cn:8183/Menu" "Mozilla/5.0 (Linux; Android 9; VTR-TL00 Build/HUAWEIVTR-TL00; wv) AppleWebKit/537.36 (KHTML, like Gecko) Version/4.0 Chrome/79.0.3945.116 Mobile Safari/537.36"
223.104.193.85 - - [31/Jul/2020:14:01:43 +0800] "GET /image/fonticon/dayTotal_icon.png HTTP/1.1" 200 4233 "http://merp.yudo.com.cn:8183/css/yudo-ui.css?v=2016" "Mozilla/5.0 (Linux; Android 9; VTR-TL00 Build/HUAWEIVTR-TL00; wv) AppleWebKit/537.36 (KHTML, like Gecko) Version/4.0 Chrome/79.0.3945.116 Mobile Safari/537.36"
223.104.193.85 - - [31/Jul/2020:14:01:43 +0800] "GET /image/fonticon/salesStatus_icon.png HTTP/1.1" 200 4985 "http://merp.yudo.com.cn:8183/css/yudo-ui.css?v=2016" "Mozilla/5.0 (Linux; Android 9; VTR-TL00 Build/HUAWEIVTR-TL00; wv) AppleWebKit/537.36 (KHTML, like Gecko) Version/4.0 Chrome/79.0.3945.116 Mobile Safari/537.36"
223.104.193.85 - - [31/Jul/2020:14:01:43 +0800] "GET /image/fonticon/sales_icon.png HTTP/1.1" 200 5931 "http://merp.yudo.com.cn:8183/css/yudo-ui.css?v=2016" "Mozilla/5.0 (Linux; Android 9; VTR-TL00 Build/HUAWEIVTR-TL00; wv) AppleWebKit/537.36 (KHTML, like Gecko) Version/4.0 Chrome/79.0.3945.116 Mobile Safari/537.36"
223.104.148.85 - - [31/Jul/2020:14:01:43 +0800] "GET /FireWork/getItemList?itemNo=&itemNm=%E4%B8%BB%E5%B0%84%E5%92%80&count=0 HTTP/1.1" 200 257 "http://merp.yudo.com.cn:8183/WEI_2100/WEI_2100?formKey=Menu&menuSelection=asm" "Mozilla/5.0 (Linux; Android 10; EML-AL00 Build/HUAWEIEML-AL00; wv) AppleWebKit/537.36 (KHTML, like Gecko) Version/4.0 Chrome/79.0.3945.116 Mobile Safari/537.36"
223.104.193.85 - - [31/Jul/2020:14:01:43 +0800] "GET /image/fonticon/loading_icon6.png HTTP/1.1" 200 2555 "http://merp.yudo.com.cn:8183/css/mui.min.css?v=1012" "Mozilla/5.0 (Linux; Android 9; VTR-TL00 Build/HUAWEIVTR-TL00; wv) AppleWebKit/537.36 (KHTML, like Gecko) Version/4.0 Chrome/79.0.3945.116 Mobile Safari/537.36"
223.104.193.85 - - [31/Jul/2020:14:01:43 +0800] "GET /Menu/doMenuRows_prc?formKey=Menu HTTP/1.1" 200 1582 "http://merp.yudo.com.cn:8183/Menu" "Mozilla/5.0 (Linux; Android 9; VTR-TL00 Build/HUAWEIVTR-TL00; wv) AppleWebKit/537.36 (KHTML, like Gecko) Version/4.0 Chrome/79.0.3945.116 Mobile Safari/537.36"
223.104.193.85 - - [31/Jul/2020:14:01:43 +0800] "GET /image/yudo-01.png HTTP/1.1" 200 381770 "http://merp.yudo.com.cn:8183/Menu" "Mozilla/5.0 (Linux; Android 9; VTR-TL00 Build/HUAWEIVTR-TL00; wv) AppleWebKit/537.36 (KHTML, like Gecko) Version/4.0 Chrome/79.0.3945.116 Mobile Safari/537.36"
223.104.193.85 - - [31/Jul/2020:14:01:43 +0800] "GET /Menu/getVersionInfo HTTP/1.1" 200 394 "http://merp.yudo.com.cn:8183/Menu" "Mozilla/5.0 (Linux; Android 9; VTR-TL00 Build/HUAWEIVTR-TL00; wv) AppleWebKit/537.36 (KHTML, like Gecko) Version/4.0 Chrome/79.0.3945.116 Mobile Safari/537.36"
223.104.193.85 - - [31/Jul/2020:14:01:43 +0800] "GET /Menu/getLoginInfo HTTP/1.1" 200 188 "http://merp.yudo.com.cn:8183/Menu" "Mozilla/5.0 (Linux; Android 9; VTR-TL00 Build/HUAWEIVTR-TL00; wv) AppleWebKit/537.36 (KHTML, like Gecko) Version/4.0 Chrome/79.0.3945.116 Mobile Safari/537.36"
223.104.193.85 - - [31/Jul/2020:14:01:43 +0800] "GET /favicon.ico HTTP/1.1" 404 1476 "http://merp.yudo.com.cn:8183/Menu" "Mozilla/5.0 (Linux; Android 9; VTR-TL00 Build/HUAWEIVTR-TL00; wv) AppleWebKit/537.36 (KHTML, like Gecko) Version/4.0 Chrome/79.0.3945.116 Mobile Safari/537.36"
223.104.193.85 - - [31/Jul/2020:14:01:46 +0800] "GET /WEI_0200/WEI_0200?formKey=Menu&menuSelection=mi HTTP/1.1" 200 21168 "http://merp.yudo.com.cn:8183/Menu" "Mozilla/5.0 (Linux; Android 9; VTR-TL00 Build/HUAWEIVTR-TL00; wv) AppleWebKit/537.36 (KHTML, like Gecko) Version/4.0 Chrome/79.0.3945.116 Mobile Safari/537.36"
223.104.193.85 - - [31/Jul/2020:14:01:47 +0800] "GET /image/fonticon/backMenu_icon.png HTTP/1.1" 200 1449 "http://merp.yudo.com.cn:8183/css/yudo-ui.css?v=2016" "Mozilla/5.0 (Linux; Android 9; VTR-TL00 Build/HUAWEIVTR-TL00; wv) AppleWebKit/537.36 (KHTML, like Gecko) Version/4.0 Chrome/79.0.3945.116 Mobile Safari/537.36"
223.104.193.85 - - [31/Jul/2020:14:01:47 +0800] "GET /image/fonticon/date_icon.png HTTP/1.1" 200 1883 "http://merp.yudo.com.cn:8183/css/yudo-ui.css?v=2016" "Mozilla/5.0 (Linux; Android 9; VTR-TL00 Build/HUAWEIVTR-TL00; wv) AppleWebKit/537.36 (KHTML, like Gecko) Version/4.0 Chrome/79.0.3945.116 Mobile Safari/537.36"
223.104.193.85 - - [31/Jul/2020:14:01:47 +0800] "GET /image/fonticon/money_icon.png HTTP/1.1" 200 3149 "http://merp.yudo.com.cn:8183/css/yudo-ui.css?v=2016" "Mozilla/5.0 (Linux; Android 9; VTR-TL00 Build/HUAWEIVTR-TL00; wv) AppleWebKit/537.36 (KHTML, like Gecko) Version/4.0 Chrome/79.0.3945.116 Mobile Safari/537.36"
223.104.193.85 - - [31/Jul/2020:14:01:47 +0800] "GET /image/fonticon/tubiao_mini2_icon.png HTTP/1.1" 200 1466 "http://merp.yudo.com.cn:8183/css/yudo-ui.css?v=2016" "Mozilla/5.0 (Linux; Android 9; VTR-TL00 Build/HUAWEIVTR-TL00; wv) AppleWebKit/537.36 (KHTML, like Gecko) Version/4.0 Chrome/79.0.3945.116 Mobile Safari/537.36"
223.104.193.85 - - [31/Jul/2020:14:01:47 +0800] "GET /image/yudo_yibiao.png HTTP/1.1" 200 31490 "http://merp.yudo.com.cn:8183/css/yudo-ui.css?v=2016" "Mozilla/5.0 (Linux; Android 9; VTR-TL00 Build/HUAWEIVTR-TL00; wv) AppleWebKit/537.36 (KHTML, like Gecko) Version/4.0 Chrome/79.0.3945.116 Mobile Safari/537.36"
223.104.193.85 - - [31/Jul/2020:14:01:47 +0800] "GET /image/img_needle.png HTTP/1.1" 200 1643 "http://merp.yudo.com.cn:8183/css/yudo-ui.css?v=2016" "Mozilla/5.0 (Linux; Android 9; VTR-TL00 Build/HUAWEIVTR-TL00; wv) AppleWebKit/537.36 (KHTML, like Gecko) Version/4.0 Chrome/79.0.3945.116 Mobile Safari/537.36"
223.104.193.85 - - [31/Jul/2020:14:01:47 +0800] "GET /js/WEI_0200/WEI_0200_Lists.js?v=200016 HTTP/1.1" 200 31926 "http://merp.yudo.com.cn:8183/WEI_0200/WEI_0200?formKey=Menu&menuSelection=mi" "Mozilla/5.0 (Linux; Android 9; VTR-TL00 Build/HUAWEIVTR-TL00; wv) AppleWebKit/537.36 (KHTML, like Gecko) Version/4.0 Chrome/79.0.3945.116 Mobile Safari/537.36"
223.104.193.85 - - [31/Jul/2020:14:01:52 +0800] "GET /WEI_0200/listsSearch?dbChoose=SZ&gubun=Y&amtClass=order&date=2020 HTTP/1.1" 200 140 "http://merp.yudo.com.cn:8183/WEI_0200/WEI_0200?formKey=Menu&menuSelection=mi" "Mozilla/5.0 (Linux; Android 9; VTR-TL00 Build/HUAWEIVTR-TL00; wv) AppleWebKit/537.36 (KHTML, like Gecko) Version/4.0 Chrome/79.0.3945.116 Mobile Safari/537.36"
223.104.193.85 - - [31/Jul/2020:14:01:52 +0800] "GET /WEI_0200/listsSearch?dbChoose=GD&gubun=Y&amtClass=order&date=2020 HTTP/1.1" 200 140 "http://merp.yudo.com.cn:8183/WEI_0200/WEI_0200?formKey=Menu&menuSelection=mi" "Mozilla/5.0 (Linux; Android 9; VTR-TL00 Build/HUAWEIVTR-TL00; wv) AppleWebKit/537.36 (KHTML, like Gecko) Version/4.0 Chrome/79.0.3945.116 Mobile Safari/537.36"
223.104.193.85 - - [31/Jul/2020:14:01:52 +0800] "GET /WEI_0200/listsSearch?dbChoose=HS&gubun=Y&amtClass=order&date=2020 HTTP/1.1" 200 139 "http://merp.yudo.com.cn:8183/WEI_0200/WEI_0200?formKey=Menu&menuSelection=mi" "Mozilla/5.0 (Linux; Android 9; VTR-TL00 Build/HUAWEIVTR-TL00; wv) AppleWebKit/537.36 (KHTML, like Gecko) Version/4.0 Chrome/79.0.3945.116 Mobile Safari/537.36"
223.104.193.85 - - [31/Jul/2020:14:01:52 +0800] "GET /WEI_0200/listsSearch?dbChoose=QD&gubun=Y&amtClass=order&date=2020 HTTP/1.1" 200 138 "http://merp.yudo.com.cn:8183/WEI_0200/WEI_0200?formKey=Menu&menuSelection=mi" "Mozilla/5.0 (Linux; Android 9; VTR-TL00 Build/HUAWEIVTR-TL00; wv) AppleWebKit/537.36 (KHTML, like Gecko) Version/4.0 Chrome/79.0.3945.116 Mobile Safari/537.36"
223.104.193.85 - - [31/Jul/2020:14:01:52 +0800] "GET /WEI_0200/getk3Amt?dbChoose=YBD&gubun=Y&amtClass=order&date=2020 HTTP/1.1" 200 318 "http://merp.yudo.com.cn:8183/WEI_0200/WEI_0200?formKey=Menu&menuSelection=mi" "Mozilla/5.0 (Linux; Android 9; VTR-TL00 Build/HUAWEIVTR-TL00; wv) AppleWebKit/537.36 (KHTML, like Gecko) Version/4.0 Chrome/79.0.3945.116 Mobile Safari/537.36"
223.104.193.85 - - [31/Jul/2020:14:01:52 +0800] "GET /WEI_0200/listsSearch?dbChoose=XR&gubun=Y&amtClass=order&date=2020 HTTP/1.1" 200 139 "http://merp.yudo.com.cn:8183/WEI_0200/WEI_0200?formKey=Menu&menuSelection=mi" "Mozilla/5.0 (Linux; Android 9; VTR-TL00 Build/HUAWEIVTR-TL00; wv) AppleWebKit/537.36 (KHTML, like Gecko) Version/4.0 Chrome/79.0.3945.116 Mobile Safari/537.36"
223.104.148.85 - - [31/Jul/2020:14:01:57 +0800] "GET /FireWork/getItemList?itemNo=Nsnl&itemNm=&count=0 HTTP/1.1" 200 2230 "http://merp.yudo.com.cn:8183/WEI_2100/WEI_2100?formKey=Menu&menuSelection=asm" "Mozilla/5.0 (Linux; Android 10; EML-AL00 Build/HUAWEIEML-AL00; wv) AppleWebKit/537.36 (KHTML, like Gecko) Version/4.0 Chrome/79.0.3945.116 Mobile Safari/537.36"
::1 - - [31/Jul/2020:14:02:03 +0800] "OPTIONS * HTTP/1.0" 200 - "-" "Apache/2.4.6 (CentOS) PHP/5.6.32 (internal dummy connection)"
::1 - - [31/Jul/2020:14:02:04 +0800] "OPTIONS * HTTP/1.0" 200 - "-" "Apache/2.4.6 (CentOS) PHP/5.6.32 (internal dummy connection)"
::1 - - [31/Jul/2020:14:02:05 +0800] "OPTIONS * HTTP/1.0" 200 - "-" "Apache/2.4.6 (CentOS) PHP/5.6.32 (internal dummy connection)"
223.104.148.85 - - [31/Jul/2020:14:02:13 +0800] "GET /FireWork/getItemList?itemNo=Nsnl&itemNm=&count=0 HTTP/1.1" 200 2230 "http://merp.yudo.com.cn:8183/WEI_2100/WEI_2100?formKey=Menu&menuSelection=asm" "Mozilla/5.0 (Linux; Android 10; EML-AL00 Build/HUAWEIEML-AL00; wv) AppleWebKit/537.36 (KHTML, like Gecko) Version/4.0 Chrome/79.0.3945.116 Mobile Safari/537.36"
223.104.193.85 - - [31/Jul/2020:14:02:15 +0800] "GET /WEI_0200/listsSearch?dbChoose=SZ&gubun=Y&amtClass=receipt&date=2020 HTTP/1.1" 200 140 "http://merp.yudo.com.cn:8183/WEI_0200/WEI_0200?formKey=Menu&menuSelection=mi" "Mozilla/5.0 (Linux; Android 9; VTR-TL00 Build/HUAWEIVTR-TL00; wv) AppleWebKit/537.36 (KHTML, like Gecko) Version/4.0 Chrome/79.0.3945.116 Mobile Safari/537.36"
223.104.193.85 - - [31/Jul/2020:14:02:15 +0800] "GET /WEI_0200/listsSearch?dbChoose=GD&gubun=Y&amtClass=receipt&date=2020 HTTP/1.1" 200 140 "http://merp.yudo.com.cn:8183/WEI_0200/WEI_0200?formKey=Menu&menuSelection=mi" "Mozilla/5.0 (Linux; Android 9; VTR-TL00 Build/HUAWEIVTR-TL00; wv) AppleWebKit/537.36 (KHTML, like Gecko) Version/4.0 Chrome/79.0.3945.116 Mobile Safari/537.36"
223.104.193.85 - - [31/Jul/2020:14:02:15 +0800] "GET /WEI_0200/listsSearch?dbChoose=QD&gubun=Y&amtClass=receipt&date=2020 HTTP/1.1" 200 138 "http://merp.yudo.com.cn:8183/WEI_0200/WEI_0200?formKey=Menu&menuSelection=mi" "Mozilla/5.0 (Linux; Android 9; VTR-TL00 Build/HUAWEIVTR-TL00; wv) AppleWebKit/537.36 (KHTML, like Gecko) Version/4.0 Chrome/79.0.3945.116 Mobile Safari/537.36"
223.104.193.85 - - [31/Jul/2020:14:02:15 +0800] "GET /WEI_0200/listsSearch?dbChoose=XR&gubun=Y&amtClass=receipt&date=2020 HTTP/1.1" 200 139 "http://merp.yudo.com.cn:8183/WEI_0200/WEI_0200?formKey=Menu&menuSelection=mi" "Mozilla/5.0 (Linux; Android 9; VTR-TL00 Build/HUAWEIVTR-TL00; wv) AppleWebKit/537.36 (KHTML, like Gecko) Version/4.0 Chrome/79.0.3945.116 Mobile Safari/537.36"
223.104.193.85 - - [31/Jul/2020:14:02:15 +0800] "GET /WEI_0200/listsSearch?dbChoose=HS&gubun=Y&amtClass=receipt&date=2020 HTTP/1.1" 200 139 "http://merp.yudo.com.cn:8183/WEI_0200/WEI_0200?formKey=Menu&menuSelection=mi" "Mozilla/5.0 (Linux; Android 9; VTR-TL00 Build/HUAWEIVTR-TL00; wv) AppleWebKit/537.36 (KHTML, like Gecko) Version/4.0 Chrome/79.0.3945.116 Mobile Safari/537.36"
::1 - - [31/Jul/2020:14:02:23 +0800] "OPTIONS * HTTP/1.0" 200 - "-" "Apache/2.4.6 (CentOS) PHP/5.6.32 (internal dummy connection)"
223.104.193.85 - - [31/Jul/2020:14:02:15 +0800] "GET /WEI_0200/getk3Amt?dbChoose=YBD&gubun=Y&amtClass=receipt&date=2020 HTTP/1.1" 200 318 "http://merp.yudo.com.cn:8183/WEI_0200/WEI_0200?formKey=Menu&menuSelection=mi" "Mozilla/5.0 (Linux; Android 9; VTR-TL00 Build/HUAWEIVTR-TL00; wv) AppleWebKit/537.36 (KHTML, like Gecko) Version/4.0 Chrome/79.0.3945.116 Mobile Safari/537.36"
::1 - - [31/Jul/2020:14:02:24 +0800] "OPTIONS * HTTP/1.0" 200 - "-" "Apache/2.4.6 (CentOS) PHP/5.6.32 (internal dummy connection)"
::1 - - [31/Jul/2020:14:02:31 +0800] "OPTIONS * HTTP/1.0" 200 - "-" "Apache/2.4.6 (CentOS) PHP/5.6.32 (internal dummy connection)"
223.104.148.85 - - [31/Jul/2020:14:03:02 +0800] "POST /WEI_2100/save_astable HTTP/1.1" 200 204 "http://merp.yudo.com.cn:8183/WEI_2100/WEI_2100?formKey=Menu&menuSelection=asm" "Mozilla/5.0 (Linux; Android 10; EML-AL00 Build/HUAWEIEML-AL00; wv) AppleWebKit/537.36 (KHTML, like Gecko) Version/4.0 Chrome/79.0.3945.116 Mobile Safari/537.36"
223.104.148.85 - - [31/Jul/2020:14:03:02 +0800] "GET /WEI_2100/as_minute_table?asid=1 HTTP/1.1" 200 63 "http://merp.yudo.com.cn:8183/WEI_2100/WEI_2100?formKey=Menu&menuSelection=asm" "Mozilla/5.0 (Linux; Android 10; EML-AL00 Build/HUAWEIEML-AL00; wv) AppleWebKit/537.36 (KHTML, like Gecko) Version/4.0 Chrome/79.0.3945.116 Mobile Safari/537.36"
223.104.148.85 - - [31/Jul/2020:14:03:19 +0800] "GET /WEI_2100/as_photo?asid=2020071389 HTTP/1.1" 200 69 "http://merp.yudo.com.cn:8183/WEI_2100/WEI_2100?formKey=Menu&menuSelection=asm" "Mozilla/5.0 (Linux; Android 10; EML-AL00 Build/HUAWEIEML-AL00; wv) AppleWebKit/537.36 (KHTML, like Gecko) Version/4.0 Chrome/79.0.3945.116 Mobile Safari/537.36"
223.104.148.85 - - [31/Jul/2020:14:03:59 +0800] "POST /WEI_2100/WEI_2100/upload_photo HTTP/1.1" 200 85 "http://merp.yudo.com.cn:8183/WEI_2100/WEI_2100?formKey=Menu&menuSelection=asm" "Mozilla/5.0 (Linux; Android 10; EML-AL00 Build/HUAWEIEML-AL00; wv) AppleWebKit/537.36 (KHTML, like Gecko) Version/4.0 Chrome/79.0.3945.116 Mobile Safari/537.36"
223.104.148.85 - - [31/Jul/2020:14:04:04 +0800] "GET /WEI_2100/as_photo?asid=2020071389 HTTP/1.1" 200 227 "http://merp.yudo.com.cn:8183/WEI_2100/WEI_2100?formKey=Menu&menuSelection=asm" "Mozilla/5.0 (Linux; Android 10; EML-AL00 Build/HUAWEIEML-AL00; wv) AppleWebKit/537.36 (KHTML, like Gecko) Version/4.0 Chrome/79.0.3945.116 Mobile Safari/537.36"
223.104.148.85 - - [31/Jul/2020:14:04:04 +0800] "GET /image/erpfile/AS/ASReceipt/2020/07/2020071389/M20200731020400754.jpg HTTP/1.1" 404 1813 "http://merp.yudo.com.cn:8183/WEI_2100/WEI_2100?formKey=Menu&menuSelection=asm" "Mozilla/5.0 (Linux; Android 10; EML-AL00 Build/HUAWEIEML-AL00; wv) AppleWebKit/537.36 (KHTML, like Gecko) Version/4.0 Chrome/79.0.3945.116 Mobile Safari/537.36"
223.104.148.85 - - [31/Jul/2020:14:04:41 +0800] "POST /WEI_2100/WEI_2100/upload_photo HTTP/1.1" 200 85 "http://merp.yudo.com.cn:8183/WEI_2100/WEI_2100?formKey=Menu&menuSelection=asm" "Mozilla/5.0 (Linux; Android 10; EML-AL00 Build/HUAWEIEML-AL00; wv) AppleWebKit/537.36 (KHTML, like Gecko) Version/4.0 Chrome/79.0.3945.116 Mobile Safari/537.36"
223.104.148.85 - - [31/Jul/2020:14:04:42 +0800] "GET /WEI_2100/as_photo?asid=2020071389 HTTP/1.1" 200 392 "http://merp.yudo.com.cn:8183/WEI_2100/WEI_2100?formKey=Menu&menuSelection=asm" "Mozilla/5.0 (Linux; Android 10; EML-AL00 Build/HUAWEIEML-AL00; wv) AppleWebKit/537.36 (KHTML, like Gecko) Version/4.0 Chrome/79.0.3945.116 Mobile Safari/537.36"
223.104.148.85 - - [31/Jul/2020:14:04:43 +0800] "GET /image/erpfile/AS/ASReceipt/2020/07/2020071389/M20200731020442795.jpg HTTP/1.1" 404 1813 "http://merp.yudo.com.cn:8183/WEI_2100/WEI_2100?formKey=Menu&menuSelection=asm" "Mozilla/5.0 (Linux; Android 10; EML-AL00 Build/HUAWEIEML-AL00; wv) AppleWebKit/537.36 (KHTML, like Gecko) Version/4.0 Chrome/79.0.3945.116 Mobile Safari/537.36"
223.104.148.85 - - [31/Jul/2020:14:05:07 +0800] "POST /WEI_2100/WEI_2100/upload_photo HTTP/1.1" 200 85 "http://merp.yudo.com.cn:8183/WEI_2100/WEI_2100?formKey=Menu&menuSelection=asm" "Mozilla/5.0 (Linux; Android 10; EML-AL00 Build/HUAWEIEML-AL00; wv) AppleWebKit/537.36 (KHTML, like Gecko) Version/4.0 Chrome/79.0.3945.116 Mobile Safari/537.36"
223.104.148.85 - - [31/Jul/2020:14:05:09 +0800] "GET /WEI_2100/as_photo?asid=2020071389 HTTP/1.1" 200 557 "http://merp.yudo.com.cn:8183/WEI_2100/WEI_2100?formKey=Menu&menuSelection=asm" "Mozilla/5.0 (Linux; Android 10; EML-AL00 Build/HUAWEIEML-AL00; wv) AppleWebKit/537.36 (KHTML, like Gecko) Version/4.0 Chrome/79.0.3945.116 Mobile Safari/537.36"
223.104.148.85 - - [31/Jul/2020:14:05:09 +0800] "GET /image/erpfile/AS/ASReceipt/2020/07/2020071389/M20200731020508815.jpg HTTP/1.1" 404 1813 "http://merp.yudo.com.cn:8183/WEI_2100/WEI_2100?formKey=Menu&menuSelection=asm" "Mozilla/5.0 (Linux; Android 10; EML-AL00 Build/HUAWEIEML-AL00; wv) AppleWebKit/537.36 (KHTML, like Gecko) Version/4.0 Chrome/79.0.3945.116 Mobile Safari/537.36"
223.104.148.85 - - [31/Jul/2020:14:05:13 +0800] "POST /WEI_2100/save_as HTTP/1.1" 200 76 "http://merp.yudo.com.cn:8183/WEI_2100/WEI_2100?formKey=Menu&menuSelection=asm" "Mozilla/5.0 (Linux; Android 10; EML-AL00 Build/HUAWEIEML-AL00; wv) AppleWebKit/537.36 (KHTML, like Gecko) Version/4.0 Chrome/79.0.3945.116 Mobile Safari/537.36"
223.104.148.85 - - [31/Jul/2020:14:05:13 +0800] "GET /WEI_2100/as_minute?asid=2020071389 HTTP/1.1" 200 2025 "http://merp.yudo.com.cn:8183/WEI_2100/WEI_2100?formKey=Menu&menuSelection=asm" "Mozilla/5.0 (Linux; Android 10; EML-AL00 Build/HUAWEIEML-AL00; wv) AppleWebKit/537.36 (KHTML, like Gecko) Version/4.0 Chrome/79.0.3945.116 Mobile Safari/537.36"
223.104.148.85 - - [31/Jul/2020:14:05:13 +0800] "GET /WEI_2100/as_minute_table?asid=2020071389 HTTP/1.1" 200 374 "http://merp.yudo.com.cn:8183/WEI_2100/WEI_2100?formKey=Menu&menuSelection=asm" "Mozilla/5.0 (Linux; Android 10; EML-AL00 Build/HUAWEIEML-AL00; wv) AppleWebKit/537.36 (KHTML, like Gecko) Version/4.0 Chrome/79.0.3945.116 Mobile Safari/537.36"
223.104.148.85 - - [31/Jul/2020:14:05:14 +0800] "GET /WEI_2100/systemclass_mini_prc?bigsysid=AS10110030&minisysid=ascause_c HTTP/1.1" 200 119 "http://merp.yudo.com.cn:8183/WEI_2100/WEI_2100?formKey=Menu&menuSelection=asm" "Mozilla/5.0 (Linux; Android 10; EML-AL00 Build/HUAWEIEML-AL00; wv) AppleWebKit/537.36 (KHTML, like Gecko) Version/4.0 Chrome/79.0.3945.116 Mobile Safari/537.36"
223.104.148.85 - - [31/Jul/2020:14:05:14 +0800] "GET /WEI_2100/systemclass_mini_prc?bigsysid=AS10060020&minisysid=asclass1_c HTTP/1.1" 200 2106 "http://merp.yudo.com.cn:8183/WEI_2100/WEI_2100?formKey=Menu&menuSelection=asm" "Mozilla/5.0 (Linux; Android 10; EML-AL00 Build/HUAWEIEML-AL00; wv) AppleWebKit/537.36 (KHTML, like Gecko) Version/4.0 Chrome/79.0.3945.116 Mobile Safari/537.36"
223.104.148.85 - - [31/Jul/2020:14:05:14 +0800] "GET /WEI_2100/systemclass_mini_prc?bigsysid=SA10340020&minisysid=supplyscope_c1 HTTP/1.1" 200 1094 "http://merp.yudo.com.cn:8183/WEI_2100/WEI_2100?formKey=Menu&menuSelection=asm" "Mozilla/5.0 (Linux; Android 10; EML-AL00 Build/HUAWEIEML-AL00; wv) AppleWebKit/537.36 (KHTML, like Gecko) Version/4.0 Chrome/79.0.3945.116 Mobile Safari/537.36"
223.104.148.85 - - [31/Jul/2020:14:05:14 +0800] "GET /WEI_2100/systemclass_mini_prc?bigsysid=SA10350018&minisysid=supplyscope_c2 HTTP/1.1" 200 167 "http://merp.yudo.com.cn:8183/WEI_2100/WEI_2100?formKey=Menu&menuSelection=asm" "Mozilla/5.0 (Linux; Android 10; EML-AL00 Build/HUAWEIEML-AL00; wv) AppleWebKit/537.36 (KHTML, like Gecko) Version/4.0 Chrome/79.0.3945.116 Mobile Safari/537.36"
223.104.148.85 - - [31/Jul/2020:14:05:14 +0800] "GET /WEI_2100/systemclass_mini_prc?bigsysid=SA10360098&minisysid=supplyscope_c3 HTTP/1.1" 200 237 "http://merp.yudo.com.cn:8183/WEI_2100/WEI_2100?formKey=Menu&menuSelection=asm" "Mozilla/5.0 (Linux; Android 10; EML-AL00 Build/HUAWEIEML-AL00; wv) AppleWebKit/537.36 (KHTML, like Gecko) Version/4.0 Chrome/79.0.3945.116 Mobile Safari/537.36"
