114.216.56.62 - - [08/Apr/2018:15:50:27 +0800] "GET /css/Menu/Menu.css HTTP/1.1" 200 1868 "http://merp.yudo.com.cn:8183/Menu/Menu?formKey=M20180408T154827353" "Mozilla/5.0 (Windows NT 6.0; WOW64) AppleWebKit/537.36 (KHTML, like Gecko) Chrome/49.0.2623.221 Safari/537.36 SE 2.X MetaSr 1.0"
114.216.56.62 - - [08/Apr/2018:15:50:27 +0800] "GET /third_party/bootstrap-datetimepicker/js/locales/bootstrap-datetimepicker.zh-CN.js HTTP/1.1" 200 813 "http://merp.yudo.com.cn:8183/Menu/Menu?formKey=M20180408T154827353" "Mozilla/5.0 (Windows NT 6.0; WOW64) AppleWebKit/537.36 (KHTML, like Gecko) Chrome/49.0.2623.221 Safari/537.36 SE 2.X MetaSr 1.0"
114.216.56.62 - - [08/Apr/2018:15:50:27 +0800] "GET /js/Menu/Menu.js HTTP/1.1" 200 1627 "http://merp.yudo.com.cn:8183/Menu/Menu?formKey=M20180408T154827353" "Mozilla/5.0 (Windows NT 6.0; WOW64) AppleWebKit/537.36 (KHTML, like Gecko) Chrome/49.0.2623.221 Safari/537.36 SE 2.X MetaSr 1.0"
114.216.56.62 - - [08/Apr/2018:15:50:27 +0800] "GET /image/MI.png HTTP/1.1" 200 3083 "http://merp.yudo.com.cn:8183/Menu/Menu?formKey=M20180408T154827353" "Mozilla/5.0 (Windows NT 6.0; WOW64) AppleWebKit/537.36 (KHTML, like Gecko) Chrome/49.0.2623.221 Safari/537.36 SE 2.X MetaSr 1.0"
114.216.56.62 - - [08/Apr/2018:15:50:27 +0800] "GET /image/SM.png HTTP/1.1" 200 3070 "http://merp.yudo.com.cn:8183/Menu/Menu?formKey=M20180408T154827353" "Mozilla/5.0 (Windows NT 6.0; WOW64) AppleWebKit/537.36 (KHTML, like Gecko) Chrome/49.0.2623.221 Safari/537.36 SE 2.X MetaSr 1.0"
114.216.56.62 - - [08/Apr/2018:15:50:27 +0800] "GET /image/ASM.png HTTP/1.1" 200 4872 "http://merp.yudo.com.cn:8183/Menu/Menu?formKey=M20180408T154827353" "Mozilla/5.0 (Windows NT 6.0; WOW64) AppleWebKit/537.36 (KHTML, like Gecko) Chrome/49.0.2623.221 Safari/537.36 SE 2.X MetaSr 1.0"
114.216.56.62 - - [08/Apr/2018:15:50:27 +0800] "GET /image/favicon.ico HTTP/1.1" 404 1133 "-" "Mozilla/5.0 (Windows NT 6.0; WOW64) AppleWebKit/537.36 (KHTML, like Gecko) Chrome/49.0.2623.221 Safari/537.36 SE 2.X MetaSr 1.0"
114.216.56.62 - - [08/Apr/2018:15:50:28 +0800] "POST /JLAMPCommon/langBatchRows_prc HTTP/1.1" 200 571 "http://merp.yudo.com.cn:8183/Menu/Menu?formKey=M20180408T154827353" "Mozilla/5.0 (Windows NT 6.0; WOW64) AppleWebKit/537.36 (KHTML, like Gecko) Chrome/49.0.2623.221 Safari/537.36 SE 2.X MetaSr 1.0"
114.216.56.62 - - [08/Apr/2018:15:50:28 +0800] "GET /JLAMPCommon/getCookieJson_prc HTTP/1.1" 200 842 "http://merp.yudo.com.cn:8183/Menu/Menu?formKey=M20180408T154827353" "Mozilla/5.0 (Windows NT 6.0; WOW64) AppleWebKit/537.36 (KHTML, like Gecko) Chrome/49.0.2623.221 Safari/537.36 SE 2.X MetaSr 1.0"
114.216.56.62 - - [08/Apr/2018:15:50:28 +0800] "GET /Menu/doMenuRows_prc?formKey=M20180408T154827353 HTTP/1.1" 200 1226 "http://merp.yudo.com.cn:8183/Menu/Menu?formKey=M20180408T154827353" "Mozilla/5.0 (Windows NT 6.0; WOW64) AppleWebKit/537.36 (KHTML, like Gecko) Chrome/49.0.2623.221 Safari/537.36 SE 2.X MetaSr 1.0"
114.216.56.62 - - [08/Apr/2018:15:50:28 +0800] "GET /image/menu_allow.png HTTP/1.1" 200 2728 "http://merp.yudo.com.cn:8183/Menu/Menu?formKey=M20180408T154827353" "Mozilla/5.0 (Windows NT 6.0; WOW64) AppleWebKit/537.36 (KHTML, like Gecko) Chrome/49.0.2623.221 Safari/537.36 SE 2.X MetaSr 1.0"
114.216.56.62 - - [08/Apr/2018:15:50:36 +0800] "GET /WEI_1400/WEI_1400?formKey=M20180408T154827353&menuSelection=sm HTTP/1.1" 200 7200 "http://merp.yudo.com.cn:8183/Menu/Menu?formKey=M20180408T154827353" "Mozilla/5.0 (Windows NT 6.0; WOW64) AppleWebKit/537.36 (KHTML, like Gecko) Chrome/49.0.2623.221 Safari/537.36 SE 2.X MetaSr 1.0"
114.216.56.62 - - [08/Apr/2018:15:50:36 +0800] "GET /css/WEI_1400/WEI_1400_Lists.css HTTP/1.1" 200 124 "http://merp.yudo.com.cn:8183/WEI_1400/WEI_1400?formKey=M20180408T154827353&menuSelection=sm" "Mozilla/5.0 (Windows NT 6.0; WOW64) AppleWebKit/537.36 (KHTML, like Gecko) Chrome/49.0.2623.221 Safari/537.36 SE 2.X MetaSr 1.0"
114.216.56.62 - - [08/Apr/2018:15:50:36 +0800] "GET /js/WEI_1400/WEI_1400_Lists.js?v=20180205001 HTTP/1.1" 200 10172 "http://merp.yudo.com.cn:8183/WEI_1400/WEI_1400?formKey=M20180408T154827353&menuSelection=sm" "Mozilla/5.0 (Windows NT 6.0; WOW64) AppleWebKit/537.36 (KHTML, like Gecko) Chrome/49.0.2623.221 Safari/537.36 SE 2.X MetaSr 1.0"
114.216.56.62 - - [08/Apr/2018:15:50:36 +0800] "GET /image/favicon.ico HTTP/1.1" 404 1133 "-" "Mozilla/5.0 (Windows NT 6.0; WOW64) AppleWebKit/537.36 (KHTML, like Gecko) Chrome/49.0.2623.221 Safari/537.36 SE 2.X MetaSr 1.0"
114.216.56.62 - - [08/Apr/2018:15:50:37 +0800] "POST /JLAMPCommon/langBatchRows_prc HTTP/1.1" 200 1280 "http://merp.yudo.com.cn:8183/WEI_1400/WEI_1400?formKey=M20180408T154827353&menuSelection=sm" "Mozilla/5.0 (Windows NT 6.0; WOW64) AppleWebKit/537.36 (KHTML, like Gecko) Chrome/49.0.2623.221 Safari/537.36 SE 2.X MetaSr 1.0"
114.216.56.62 - - [08/Apr/2018:15:50:37 +0800] "GET /JLAMPCommon/getCookieJson_prc HTTP/1.1" 200 842 "http://merp.yudo.com.cn:8183/WEI_1400/WEI_1400?formKey=M20180408T154827353&menuSelection=sm" "Mozilla/5.0 (Windows NT 6.0; WOW64) AppleWebKit/537.36 (KHTML, like Gecko) Chrome/49.0.2623.221 Safari/537.36 SE 2.X MetaSr 1.0"
114.216.56.62 - - [08/Apr/2018:15:50:37 +0800] "POST /JLAMPCommon/langRow_prc HTTP/1.1" 200 191 "http://merp.yudo.com.cn:8183/WEI_1400/WEI_1400?formKey=M20180408T154827353&menuSelection=sm" "Mozilla/5.0 (Windows NT 6.0; WOW64) AppleWebKit/537.36 (KHTML, like Gecko) Chrome/49.0.2623.221 Safari/537.36 SE 2.X MetaSr 1.0"
114.216.56.62 - - [08/Apr/2018:15:50:37 +0800] "POST /JLAMPCommon/langRow_prc HTTP/1.1" 200 203 "http://merp.yudo.com.cn:8183/WEI_1400/WEI_1400?formKey=M20180408T154827353&menuSelection=sm" "Mozilla/5.0 (Windows NT 6.0; WOW64) AppleWebKit/537.36 (KHTML, like Gecko) Chrome/49.0.2623.221 Safari/537.36 SE 2.X MetaSr 1.0"
114.216.56.62 - - [08/Apr/2018:15:50:40 +0800] "POST /JLAMPCommon/langRow_prc HTTP/1.1" 200 191 "http://merp.yudo.com.cn:8183/WEI_1400/WEI_1400?formKey=M20180408T154827353&menuSelection=sm" "Mozilla/5.0 (Windows NT 6.0; WOW64) AppleWebKit/537.36 (KHTML, like Gecko) Chrome/49.0.2623.221 Safari/537.36 SE 2.X MetaSr 1.0"
114.216.56.62 - - [08/Apr/2018:15:50:40 +0800] "POST /JLAMPCommon/langRow_prc HTTP/1.1" 200 191 "http://merp.yudo.com.cn:8183/WEI_1400/WEI_1400?formKey=M20180408T154827353&menuSelection=sm" "Mozilla/5.0 (Windows NT 6.0; WOW64) AppleWebKit/537.36 (KHTML, like Gecko) Chrome/49.0.2623.221 Safari/537.36 SE 2.X MetaSr 1.0"
114.216.56.62 - - [08/Apr/2018:15:50:41 +0800] "POST /JLAMPCommon/langRow_prc HTTP/1.1" 200 191 "http://merp.yudo.com.cn:8183/WEI_1400/WEI_1400?formKey=M20180408T154827353&menuSelection=sm" "Mozilla/5.0 (Windows NT 6.0; WOW64) AppleWebKit/537.36 (KHTML, like Gecko) Chrome/49.0.2623.221 Safari/537.36 SE 2.X MetaSr 1.0"
114.216.56.62 - - [08/Apr/2018:15:50:41 +0800] "POST /JLAMPCommon/langRow_prc HTTP/1.1" 200 191 "http://merp.yudo.com.cn:8183/WEI_1400/WEI_1400?formKey=M20180408T154827353&menuSelection=sm" "Mozilla/5.0 (Windows NT 6.0; WOW64) AppleWebKit/537.36 (KHTML, like Gecko) Chrome/49.0.2623.221 Safari/537.36 SE 2.X MetaSr 1.0"
114.216.56.62 - - [08/Apr/2018:15:50:41 +0800] "POST /JLAMPCommon/langRow_prc HTTP/1.1" 200 227 "http://merp.yudo.com.cn:8183/WEI_1400/WEI_1400?formKey=M20180408T154827353&menuSelection=sm" "Mozilla/5.0 (Windows NT 6.0; WOW64) AppleWebKit/537.36 (KHTML, like Gecko) Chrome/49.0.2623.221 Safari/537.36 SE 2.X MetaSr 1.0"
114.216.56.62 - - [08/Apr/2018:15:50:41 +0800] "GET /WEI_1400/WEI_1400/lists_prc?gubun=Y&baseDate=2018-04-08 HTTP/1.1" 200 2102 "http://merp.yudo.com.cn:8183/WEI_1400/WEI_1400?formKey=M20180408T154827353&menuSelection=sm" "Mozilla/5.0 (Windows NT 6.0; WOW64) AppleWebKit/537.36 (KHTML, like Gecko) Chrome/49.0.2623.221 Safari/537.36 SE 2.X MetaSr 1.0"
114.216.56.62 - - [08/Apr/2018:15:50:45 +0800] "POST /JLAMPCommon/langRow_prc HTTP/1.1" 200 191 "http://merp.yudo.com.cn:8183/WEI_1400/WEI_1400?formKey=M20180408T154827353&menuSelection=sm" "Mozilla/5.0 (Windows NT 6.0; WOW64) AppleWebKit/537.36 (KHTML, like Gecko) Chrome/49.0.2623.221 Safari/537.36 SE 2.X MetaSr 1.0"
114.216.56.62 - - [08/Apr/2018:15:50:45 +0800] "POST /JLAMPCommon/langRow_prc HTTP/1.1" 200 209 "http://merp.yudo.com.cn:8183/WEI_1400/WEI_1400?formKey=M20180408T154827353&menuSelection=sm" "Mozilla/5.0 (Windows NT 6.0; WOW64) AppleWebKit/537.36 (KHTML, like Gecko) Chrome/49.0.2623.221 Safari/537.36 SE 2.X MetaSr 1.0"
114.216.56.62 - - [08/Apr/2018:15:50:45 +0800] "POST /JLAMPCommon/langRow_prc HTTP/1.1" 200 254 "http://merp.yudo.com.cn:8183/WEI_1400/WEI_1400?formKey=M20180408T154827353&menuSelection=sm" "Mozilla/5.0 (Windows NT 6.0; WOW64) AppleWebKit/537.36 (KHTML, like Gecko) Chrome/49.0.2623.221 Safari/537.36 SE 2.X MetaSr 1.0"
114.216.56.62 - - [08/Apr/2018:15:51:00 +0800] "GET /Menu/Menu/menuLists?formKey=M20180408T154827353&menuSelection=sm HTTP/1.1" 200 5249 "http://merp.yudo.com.cn:8183/WEI_1400/WEI_1400?formKey=M20180408T154827353&menuSelection=sm" "Mozilla/5.0 (Windows NT 6.0; WOW64) AppleWebKit/537.36 (KHTML, like Gecko) Chrome/49.0.2623.221 Safari/537.36 SE 2.X MetaSr 1.0"
114.216.56.62 - - [08/Apr/2018:15:51:00 +0800] "GET /image/favicon.ico HTTP/1.1" 404 1133 "-" "Mozilla/5.0 (Windows NT 6.0; WOW64) AppleWebKit/537.36 (KHTML, like Gecko) Chrome/49.0.2623.221 Safari/537.36 SE 2.X MetaSr 1.0"
114.216.56.62 - - [08/Apr/2018:15:51:01 +0800] "POST /JLAMPCommon/langBatchRows_prc HTTP/1.1" 200 571 "http://merp.yudo.com.cn:8183/Menu/Menu/menuLists?formKey=M20180408T154827353&menuSelection=sm" "Mozilla/5.0 (Windows NT 6.0; WOW64) AppleWebKit/537.36 (KHTML, like Gecko) Chrome/49.0.2623.221 Safari/537.36 SE 2.X MetaSr 1.0"
114.216.56.62 - - [08/Apr/2018:15:51:01 +0800] "GET /JLAMPCommon/getCookieJson_prc HTTP/1.1" 200 842 "http://merp.yudo.com.cn:8183/Menu/Menu/menuLists?formKey=M20180408T154827353&menuSelection=sm" "Mozilla/5.0 (Windows NT 6.0; WOW64) AppleWebKit/537.36 (KHTML, like Gecko) Chrome/49.0.2623.221 Safari/537.36 SE 2.X MetaSr 1.0"
114.216.56.62 - - [08/Apr/2018:15:51:01 +0800] "GET /Menu/doMenuRows_prc?formKey=M20180408T154827353 HTTP/1.1" 200 1226 "http://merp.yudo.com.cn:8183/Menu/Menu/menuLists?formKey=M20180408T154827353&menuSelection=sm" "Mozilla/5.0 (Windows NT 6.0; WOW64) AppleWebKit/537.36 (KHTML, like Gecko) Chrome/49.0.2623.221 Safari/537.36 SE 2.X MetaSr 1.0"
114.216.56.62 - - [08/Apr/2018:15:51:02 +0800] "GET /WEI_1100/WEI_1100?formKey=M20180408T154827353&menuSelection=sm HTTP/1.1" 200 7314 "http://merp.yudo.com.cn:8183/Menu/Menu/menuLists?formKey=M20180408T154827353&menuSelection=sm" "Mozilla/5.0 (Windows NT 6.0; WOW64) AppleWebKit/537.36 (KHTML, like Gecko) Chrome/49.0.2623.221 Safari/537.36 SE 2.X MetaSr 1.0"
114.216.56.62 - - [08/Apr/2018:15:51:02 +0800] "GET /css/WEI_1100/WEI_1100_Lists.css HTTP/1.1" 200 121 "http://merp.yudo.com.cn:8183/WEI_1100/WEI_1100?formKey=M20180408T154827353&menuSelection=sm" "Mozilla/5.0 (Windows NT 6.0; WOW64) AppleWebKit/537.36 (KHTML, like Gecko) Chrome/49.0.2623.221 Safari/537.36 SE 2.X MetaSr 1.0"
114.216.56.62 - - [08/Apr/2018:15:51:02 +0800] "GET /js/WEI_1100/WEI_1100_Lists.js?v=20180205001 HTTP/1.1" 200 8642 "http://merp.yudo.com.cn:8183/WEI_1100/WEI_1100?formKey=M20180408T154827353&menuSelection=sm" "Mozilla/5.0 (Windows NT 6.0; WOW64) AppleWebKit/537.36 (KHTML, like Gecko) Chrome/49.0.2623.221 Safari/537.36 SE 2.X MetaSr 1.0"
114.216.56.62 - - [08/Apr/2018:15:51:02 +0800] "GET /image/favicon.ico HTTP/1.1" 404 1133 "-" "Mozilla/5.0 (Windows NT 6.0; WOW64) AppleWebKit/537.36 (KHTML, like Gecko) Chrome/49.0.2623.221 Safari/537.36 SE 2.X MetaSr 1.0"
114.216.56.62 - - [08/Apr/2018:15:51:03 +0800] "POST /JLAMPCommon/langBatchRows_prc HTTP/1.1" 200 2033 "http://merp.yudo.com.cn:8183/WEI_1100/WEI_1100?formKey=M20180408T154827353&menuSelection=sm" "Mozilla/5.0 (Windows NT 6.0; WOW64) AppleWebKit/537.36 (KHTML, like Gecko) Chrome/49.0.2623.221 Safari/537.36 SE 2.X MetaSr 1.0"
114.216.56.62 - - [08/Apr/2018:15:51:03 +0800] "GET /JLAMPCommon/getCookieJson_prc HTTP/1.1" 200 842 "http://merp.yudo.com.cn:8183/WEI_1100/WEI_1100?formKey=M20180408T154827353&menuSelection=sm" "Mozilla/5.0 (Windows NT 6.0; WOW64) AppleWebKit/537.36 (KHTML, like Gecko) Chrome/49.0.2623.221 Safari/537.36 SE 2.X MetaSr 1.0"
114.216.56.62 - - [08/Apr/2018:15:51:03 +0800] "POST /JLAMPCommon/langRow_prc HTTP/1.1" 200 191 "http://merp.yudo.com.cn:8183/WEI_1100/WEI_1100?formKey=M20180408T154827353&menuSelection=sm" "Mozilla/5.0 (Windows NT 6.0; WOW64) AppleWebKit/537.36 (KHTML, like Gecko) Chrome/49.0.2623.221 Safari/537.36 SE 2.X MetaSr 1.0"
114.216.56.62 - - [08/Apr/2018:15:51:03 +0800] "POST /JLAMPCommon/langRow_prc HTTP/1.1" 200 203 "http://merp.yudo.com.cn:8183/WEI_1100/WEI_1100?formKey=M20180408T154827353&menuSelection=sm" "Mozilla/5.0 (Windows NT 6.0; WOW64) AppleWebKit/537.36 (KHTML, like Gecko) Chrome/49.0.2623.221 Safari/537.36 SE 2.X MetaSr 1.0"
114.216.56.62 - - [08/Apr/2018:15:51:05 +0800] "GET /WEI_1100/WEI_1100/lists_prc?workType=M&baseDate=2018-04-08 HTTP/1.1" 200 4542 "http://merp.yudo.com.cn:8183/WEI_1100/WEI_1100?formKey=M20180408T154827353&menuSelection=sm" "Mozilla/5.0 (Windows NT 6.0; WOW64) AppleWebKit/537.36 (KHTML, like Gecko) Chrome/49.0.2623.221 Safari/537.36 SE 2.X MetaSr 1.0"
114.216.56.62 - - [08/Apr/2018:15:51:11 +0800] "POST /JLAMPCommon/langRow_prc HTTP/1.1" 200 263 "http://merp.yudo.com.cn:8183/WEI_1100/WEI_1100?formKey=M20180408T154827353&menuSelection=sm" "Mozilla/5.0 (Windows NT 6.0; WOW64) AppleWebKit/537.36 (KHTML, like Gecko) Chrome/49.0.2623.221 Safari/537.36 SE 2.X MetaSr 1.0"
114.216.56.62 - - [08/Apr/2018:15:51:11 +0800] "POST /JLAMPCommon/langRow_prc HTTP/1.1" 200 264 "http://merp.yudo.com.cn:8183/WEI_1100/WEI_1100?formKey=M20180408T154827353&menuSelection=sm" "Mozilla/5.0 (Windows NT 6.0; WOW64) AppleWebKit/537.36 (KHTML, like Gecko) Chrome/49.0.2623.221 Safari/537.36 SE 2.X MetaSr 1.0"
114.216.56.62 - - [08/Apr/2018:15:51:11 +0800] "POST /JLAMPCommon/langRow_prc HTTP/1.1" 200 263 "http://merp.yudo.com.cn:8183/WEI_1100/WEI_1100?formKey=M20180408T154827353&menuSelection=sm" "Mozilla/5.0 (Windows NT 6.0; WOW64) AppleWebKit/537.36 (KHTML, like Gecko) Chrome/49.0.2623.221 Safari/537.36 SE 2.X MetaSr 1.0"
114.216.56.62 - - [08/Apr/2018:15:51:12 +0800] "POST /JLAMPCommon/langRow_prc HTTP/1.1" 200 263 "http://merp.yudo.com.cn:8183/WEI_1100/WEI_1100?formKey=M20180408T154827353&menuSelection=sm" "Mozilla/5.0 (Windows NT 6.0; WOW64) AppleWebKit/537.36 (KHTML, like Gecko) Chrome/49.0.2623.221 Safari/537.36 SE 2.X MetaSr 1.0"
114.216.56.62 - - [08/Apr/2018:15:51:12 +0800] "POST /JLAMPCommon/langRow_prc HTTP/1.1" 200 299 "http://merp.yudo.com.cn:8183/WEI_1100/WEI_1100?formKey=M20180408T154827353&menuSelection=sm" "Mozilla/5.0 (Windows NT 6.0; WOW64) AppleWebKit/537.36 (KHTML, like Gecko) Chrome/49.0.2623.221 Safari/537.36 SE 2.X MetaSr 1.0"
61.129.8.179 - - [08/Apr/2018:15:51:16 +0800] "GET /Myclass/Myclass HTTP/1.1" 200 7894 "-" "Mozilla/5.0 (Windows NT 6.1; WOW64) AppleWebKit/537.36 (KHTML, like Gecko) Chrome/53.0.2785.104 Safari/537.36 Core/1.53.2141.400 QQBrowser/9.5.10219.400"
61.129.8.179 - - [08/Apr/2018:15:51:16 +0800] "GET /third_party/jquery-2.1.4/jquery.js HTTP/1.1" 200 247606 "http://merp.yudo.com.cn:8183/Myclass/Myclass" "Mozilla/5.0 (Windows NT 6.1; WOW64; Trident/7.0; SLCC2; .NET CLR 2.0.50727; .NET CLR 3.5.30729; .NET CLR 3.0.30729; Media Center PC 6.0; .NET4.0C; .NET4.0E; InfoPath.3; rv:11.0) like Gecko"
61.129.6.151 - - [08/Apr/2018:15:51:17 +0800] "GET /third_party/KendoUI/styles/images/kendoui.woff?v=1.1 HTTP/1.1" 200 64184 "http://merp.yudo.com.cn:8183/third_party/KendoUI/styles/kendo.bootstrap.mobile.min.css" "Mozilla/5.0 (Windows NT 6.1; WOW64) AppleWebKit/537.36 (KHTML, like Gecko) Chrome/56.0.2924.87 Safari/537.36"
114.216.56.62 - - [08/Apr/2018:15:50:17 +0800] "GET /third_party/KendoUI/js/kendo.all.min.js HTTP/1.1" 200 3038548 "http://merp.yudo.com.cn:8183/Myclass/Myclass" "Mozilla/5.0 (Windows NT 6.0; WOW64) AppleWebKit/537.36 (KHTML, like Gecko) Chrome/49.0.2623.221 Safari/537.36 SE 2.X MetaSr 1.0"
61.129.8.179 - - [08/Apr/2018:15:51:17 +0800] "GET /third_party/jquery-ui-1.11.4/jquery-ui.js HTTP/1.1" 200 470596 "http://merp.yudo.com.cn:8183/Myclass/Myclass" "Mozilla/5.0 (Macintosh; Intel Mac OS X 10_12_4) AppleWebKit/537.36 (KHTML, like Gecko) \t\t\tChrome/55.0.2883.95 Safari/537.36"
61.151.226.61 - - [08/Apr/2018:15:51:17 +0800] "GET / HTTP/1.1" 200 41 "70BCD0E5135E103323114.216.56.62" "Mozilla/5.0 (Windows NT 6.1; WOW64) AppleWebKit/537.36 (KHTML, like Gecko) Chrome/53.0.2785.104 Safari/537.36 Core/1.53.2141.400 QQBrowser/9.5.10219.400"
61.129.8.179 - - [08/Apr/2018:15:51:18 +0800] "GET /third_party/bootstrap-3.3.5/js/bootstrap.min.js HTTP/1.1" 200 36816 "http://merp.yudo.com.cn:8183/Myclass/Myclass" "Mozilla/5.0 (Windows NT 6.1; WOW64) AppleWebKit/537.36 (KHTML, like Gecko) Chrome/45.0.2454.101 Safari/537.36"
61.129.8.179 - - [08/Apr/2018:15:51:18 +0800] "GET /third_party/bootstrap-datetimepicker/js/bootstrap-datetimepicker.js HTTP/1.1" 200 67526 "http://merp.yudo.com.cn:8183/Myclass/Myclass" "Mozilla/5.0 (Macintosh; Intel Mac OS X 10_12_4) AppleWebKit/537.36 (KHTML, like Gecko) \t\t\tChrome/55.0.2883.95 Safari/537.36"
61.129.8.179 - - [08/Apr/2018:15:51:18 +0800] "GET /third_party/bootstrap-datetimepicker/js/locales/bootstrap-datetimepicker.ko.js HTTP/1.1" 200 765 "http://merp.yudo.com.cn:8183/Myclass/Myclass" "Mozilla/5.0 (Windows NT 6.1; WOW64; Trident/7.0; SLCC2; .NET CLR 2.0.50727; .NET CLR 3.5.30729; .NET CLR 3.0.30729; Media Center PC 6.0; .NET4.0C; .NET4.0E; InfoPath.3; rv:11.0) like Gecko"
61.151.207.252 - - [08/Apr/2018:15:51:19 +0800] "GET /third_party/KendoUI/styles/fonts/glyphs/WebComponentsIcons.ttf?gedxeo HTTP/1.1" 200 96108 "http://merp.yudo.com.cn:8183/third_party/KendoUI/styles/kendo.common.min.css" "Mozilla/5.0 (Windows NT 6.1; WOW64; Trident/7.0; SLCC2; .NET CLR 2.0.50727; .NET CLR 3.5.30729; .NET CLR 3.0.30729; Media Center PC 6.0; .NET4.0C; .NET4.0E; InfoPath.3; rv:11.0) like Gecko"
61.129.8.179 - - [08/Apr/2018:15:51:19 +0800] "GET /third_party/KendoUI/js/kendo.all.min.js HTTP/1.1" 200 3038548 "http://merp.yudo.com.cn:8183/Myclass/Myclass" "Mozilla/5.0 (Windows NT 6.1; WOW64) AppleWebKit/537.36 (KHTML, like Gecko) Chrome/56.0.2924.87 Safari/537.36"
61.129.8.179 - - [08/Apr/2018:15:51:19 +0800] "GET /third_party/loading-overlay/waitMe.js HTTP/1.1" 200 8583 "http://merp.yudo.com.cn:8183/Myclass/Myclass" "Mozilla/5.0 (Windows NT 6.1; WOW64; Trident/7.0; SLCC2; .NET CLR 2.0.50727; .NET CLR 3.5.30729; .NET CLR 3.0.30729; Media Center PC 6.0; .NET4.0C; .NET4.0E; InfoPath.3; rv:11.0) like Gecko"
61.151.226.65 - - [08/Apr/2018:15:51:19 +0800] "GET /JLAMPCommon/getCookieJson_prc HTTP/1.1" 200 62 "http://merp.yudo.com.cn:8183/?deviceType=mobile&devicePlatform=ios" "Mozilla/5.0 (Windows NT 6.1; WOW64; rv:50.0) Gecko/20100101 Firefox/50.0"
61.129.8.179 - - [08/Apr/2018:15:51:19 +0800] "GET /third_party/slideout-1.0.1/slideout.js HTTP/1.1" 200 37980 "http://merp.yudo.com.cn:8183/Myclass/Myclass" "Mozilla/5.0 (Macintosh; Intel Mac OS X 10_12_4) AppleWebKit/537.36 (KHTML, like Gecko) \t\t\tChrome/55.0.2883.95 Safari/537.36"
61.129.8.179 - - [08/Apr/2018:15:51:19 +0800] "GET /js/JLAMP.polyfill.min.js HTTP/1.1" 200 361 "http://merp.yudo.com.cn:8183/Myclass/Myclass" "Mozilla/5.0 (Windows NT 6.1; WOW64) AppleWebKit/537.36 (KHTML, like Gecko) Chrome/45.0.2454.101 Safari/537.36"
61.129.8.179 - - [08/Apr/2018:15:51:19 +0800] "GET /js/JLAMP.min.js HTTP/1.1" 200 1461 "http://merp.yudo.com.cn:8183/Myclass/Myclass" "Mozilla/5.0 (Windows NT 6.1; WOW64; Trident/7.0; SLCC2; .NET CLR 2.0.50727; .NET CLR 3.5.30729; .NET CLR 3.0.30729; Media Center PC 6.0; .NET4.0C; .NET4.0E; InfoPath.3; rv:11.0) like Gecko"
61.129.8.179 - - [08/Apr/2018:15:51:19 +0800] "GET /js/JLAMP.common.min.js HTTP/1.1" 200 9705 "http://merp.yudo.com.cn:8183/Myclass/Myclass" "Mozilla/5.0 (Windows NT 6.1; WOW64) AppleWebKit/537.36 (KHTML, like Gecko) Chrome/53.0.2785.104 Safari/537.36 Core/1.53.2141.400 QQBrowser/9.5.10219.400"
61.129.8.179 - - [08/Apr/2018:15:51:20 +0800] "GET /js/JLAMP.menu.min.js HTTP/1.1" 200 6519 "http://merp.yudo.com.cn:8183/Myclass/Myclass" "Mozilla/5.0 (Windows NT 6.1; WOW64; rv:50.0) Gecko/20100101 Firefox/50.0"
61.129.8.179 - - [08/Apr/2018:15:51:20 +0800] "GET /js/JLAMP.autobinding.min.js HTTP/1.1" 200 8816 "http://merp.yudo.com.cn:8183/Myclass/Myclass" "Mozilla/5.0 (Macintosh; Intel Mac OS X 10_12_4) AppleWebKit/537.36 (KHTML, like Gecko) \t\t\tChrome/55.0.2883.95 Safari/537.36"
61.129.8.179 - - [08/Apr/2018:15:51:21 +0800] "GET /js/JLAMP.modal.min.js HTTP/1.1" 200 16516 "http://merp.yudo.com.cn:8183/Myclass/Myclass" "Mozilla/5.0 (Windows NT 6.1; WOW64) AppleWebKit/537.36 (KHTML, like Gecko) Chrome/43.0.2357.124 Safari/537.36"
61.129.8.179 - - [08/Apr/2018:15:51:21 +0800] "GET /js/JLAMP.lang.min.js HTTP/1.1" 200 1750 "http://merp.yudo.com.cn:8183/Myclass/Myclass" "Mozilla/5.0 (Windows NT 6.1; WOW64; Trident/7.0; SLCC2; .NET CLR 2.0.50727; .NET CLR 3.5.30729; .NET CLR 3.0.30729; Media Center PC 6.0; .NET4.0C; .NET4.0E; InfoPath.3; rv:11.0) like Gecko"
61.129.8.179 - - [08/Apr/2018:15:51:21 +0800] "GET /js/session.js HTTP/1.1" 200 638 "http://merp.yudo.com.cn:8183/Myclass/Myclass" "Mozilla/5.0 (Windows NT 6.1; WOW64) AppleWebKit/537.36 (KHTML, like Gecko) Chrome/53.0.2785.104 Safari/537.36 Core/1.53.2141.400 QQBrowser/9.5.10219.400"
61.129.8.179 - - [08/Apr/2018:15:51:21 +0800] "GET /js/version.js HTTP/1.1" 200 1044 "http://merp.yudo.com.cn:8183/Myclass/Myclass" "Mozilla/5.0 (Macintosh; Intel Mac OS X 10_12_4) AppleWebKit/537.36 (KHTML, like Gecko) \t\t\tChrome/55.0.2883.95 Safari/537.36"
61.129.8.179 - - [08/Apr/2018:15:51:21 +0800] "GET /js/common.js HTTP/1.1" 200 11633 "http://merp.yudo.com.cn:8183/Myclass/Myclass" "Mozilla/5.0 (Windows NT 6.1; WOW64; Trident/7.0; SLCC2; .NET CLR 2.0.50727; .NET CLR 3.5.30729; .NET CLR 3.0.30729; Media Center PC 6.0; .NET4.0C; .NET4.0E; InfoPath.3; rv:11.0) like Gecko"
61.129.8.179 - - [08/Apr/2018:15:51:22 +0800] "GET /js/GNB.js HTTP/1.1" 200 2176 "http://merp.yudo.com.cn:8183/Myclass/Myclass" "Mozilla/5.0 (Windows NT 6.1; WOW64; rv:50.0) Gecko/20100101 Firefox/50.0"
61.129.8.179 - - [08/Apr/2018:15:51:22 +0800] "GET /js/Myclass/Myclass_Lists.js?v=201804031508 HTTP/1.1" 200 11852 "http://merp.yudo.com.cn:8183/Myclass/Myclass" "Mozilla/5.0 (Windows NT 6.1; WOW64) AppleWebKit/537.36 (KHTML, like Gecko) Chrome/45.0.2454.101 Safari/537.36"
61.151.178.169 - - [08/Apr/2018:15:51:26 +0800] "GET / HTTP/1.1" 200 41 "-" "Mozilla/5.0 (Windows NT 6.1; WOW64) AppleWebKit/537.36 (KHTML, like Gecko) Chrome/45.0.2454.101 Safari/537.36"
117.185.117.61 - - [08/Apr/2018:15:51:27 +0800] "GET /menu/menu HTTP/1.1" 404 1133 "70BCD0E5135E103323114.216.56.62" "Mozilla/5.0 (Windows NT 6.1; WOW64) AppleWebKit/537.36 (KHTML, like Gecko) Chrome/56.0.2924.87 Safari/537.36"
120.204.200.82 - - [08/Apr/2018:15:51:27 +0800] "GET /Menu/Menu?formKey=M20180408T154827353 HTTP/1.1" 200 5244 "-" "Mozilla/5.0 (Windows NT 6.1; WOW64) AppleWebKit/537.36 (KHTML, like Gecko) Chrome/45.0.2454.101 Safari/537.36"
120.204.200.82 - - [08/Apr/2018:15:51:28 +0800] "GET /third_party/jquery-2.1.4/jquery.js HTTP/1.1" 200 247606 "http://merp.yudo.com.cn:8183/Menu/Menu?formKey=M20180408T154827353" "Mozilla/5.0 (Windows NT 6.1; WOW64; Trident/7.0; SLCC2; .NET CLR 2.0.50727; .NET CLR 3.5.30729; .NET CLR 3.0.30729; Media Center PC 6.0; .NET4.0C; .NET4.0E; InfoPath.3; rv:11.0) like Gecko"
61.129.8.203 - - [08/Apr/2018:15:51:28 +0800] "GET /Menu/doMenuRows_prc?formKey=M20180408T154827353 HTTP/1.1" 200 44 "http://merp.yudo.com.cn:8183/Menu/Menu?formKey=M20180408T154827353" "Mozilla/5.0 (Windows NT 6.1; WOW64) AppleWebKit/537.36 (KHTML, like Gecko) Chrome/43.0.2357.124 Safari/537.36"
120.204.200.82 - - [08/Apr/2018:15:51:29 +0800] "GET /third_party/jquery-ui-1.11.4/jquery-ui.js HTTP/1.1" 200 470596 "http://merp.yudo.com.cn:8183/Menu/Menu?formKey=M20180408T154827353" "Mozilla/5.0 (Macintosh; Intel Mac OS X 10_12_4) AppleWebKit/537.36 (KHTML, like Gecko) \t\t\tChrome/55.0.2883.95 Safari/537.36"
120.204.200.82 - - [08/Apr/2018:15:51:29 +0800] "GET /third_party/bootstrap-3.3.5/js/bootstrap.min.js HTTP/1.1" 200 36816 "http://merp.yudo.com.cn:8183/Menu/Menu?formKey=M20180408T154827353" "Mozilla/5.0 (Windows NT 6.1; WOW64) AppleWebKit/537.36 (KHTML, like Gecko) Chrome/43.0.2357.124 Safari/537.36"
120.204.200.82 - - [08/Apr/2018:15:51:30 +0800] "GET /third_party/bootstrap-datetimepicker/js/bootstrap-datetimepicker.js HTTP/1.1" 200 67526 "http://merp.yudo.com.cn:8183/Menu/Menu?formKey=M20180408T154827353" "Mozilla/5.0 (Windows NT 6.1; WOW64; Trident/7.0; SLCC2; .NET CLR 2.0.50727; .NET CLR 3.5.30729; .NET CLR 3.0.30729; Media Center PC 6.0; .NET4.0C; .NET4.0E; InfoPath.3; rv:11.0) like Gecko"
120.204.200.82 - - [08/Apr/2018:15:51:30 +0800] "GET /third_party/bootstrap-datetimepicker/js/locales/bootstrap-datetimepicker.ko.js HTTP/1.1" 200 765 "http://merp.yudo.com.cn:8183/Menu/Menu?formKey=M20180408T154827353" "Mozilla/5.0 (Windows NT 6.1; WOW64) AppleWebKit/537.36 (KHTML, like Gecko) Chrome/43.0.2357.124 Safari/537.36"
120.204.200.82 - - [08/Apr/2018:15:51:30 +0800] "GET /third_party/KendoUI/js/kendo.all.min.js HTTP/1.1" 200 3038548 "http://merp.yudo.com.cn:8183/Menu/Menu?formKey=M20180408T154827353" "Mozilla/5.0 (Windows NT 6.1; WOW64) AppleWebKit/537.36 (KHTML, like Gecko) Chrome/53.0.2785.104 Safari/537.36 Core/1.53.2141.400 QQBrowser/9.5.10219.400"
120.204.200.82 - - [08/Apr/2018:15:51:30 +0800] "GET /third_party/loading-overlay/waitMe.js HTTP/1.1" 200 8583 "http://merp.yudo.com.cn:8183/Menu/Menu?formKey=M20180408T154827353" "Mozilla/5.0 (Windows NT 6.1; WOW64) AppleWebKit/537.36 (KHTML, like Gecko) Chrome/43.0.2357.124 Safari/537.36"
120.204.200.82 - - [08/Apr/2018:15:51:30 +0800] "GET /third_party/slideout-1.0.1/slideout.js HTTP/1.1" 200 37980 "http://merp.yudo.com.cn:8183/Menu/Menu?formKey=M20180408T154827353" "Mozilla/5.0 (Windows NT 6.1; WOW64) AppleWebKit/537.36 (KHTML, like Gecko) Chrome/53.0.2785.104 Safari/537.36 Core/1.53.2141.400 QQBrowser/9.5.10219.400"
120.204.200.82 - - [08/Apr/2018:15:51:31 +0800] "GET /js/JLAMP.polyfill.min.js HTTP/1.1" 200 361 "http://merp.yudo.com.cn:8183/Menu/Menu?formKey=M20180408T154827353" "Mozilla/5.0 (Windows NT 6.1; WOW64) AppleWebKit/537.36 (KHTML, like Gecko) Chrome/43.0.2357.124 Safari/537.36"
120.204.200.82 - - [08/Apr/2018:15:51:31 +0800] "GET /js/JLAMP.min.js HTTP/1.1" 200 1461 "http://merp.yudo.com.cn:8183/Menu/Menu?formKey=M20180408T154827353" "Mozilla/5.0 (Windows NT 6.1; WOW64; rv:50.0) Gecko/20100101 Firefox/50.0"
120.204.200.82 - - [08/Apr/2018:15:51:31 +0800] "GET /js/JLAMP.common.min.js HTTP/1.1" 200 9705 "http://merp.yudo.com.cn:8183/Menu/Menu?formKey=M20180408T154827353" "Mozilla/5.0 (Windows NT 6.1; WOW64; Trident/7.0; SLCC2; .NET CLR 2.0.50727; .NET CLR 3.5.30729; .NET CLR 3.0.30729; Media Center PC 6.0; .NET4.0C; .NET4.0E; InfoPath.3; rv:11.0) like Gecko"
120.204.200.82 - - [08/Apr/2018:15:51:31 +0800] "GET /js/JLAMP.menu.min.js HTTP/1.1" 200 6519 "http://merp.yudo.com.cn:8183/Menu/Menu?formKey=M20180408T154827353" "Mozilla/5.0 (Windows NT 6.1; WOW64) AppleWebKit/537.36 (KHTML, like Gecko) Chrome/56.0.2924.87 Safari/537.36"
120.204.200.82 - - [08/Apr/2018:15:51:31 +0800] "GET /js/JLAMP.autobinding.min.js HTTP/1.1" 200 8816 "http://merp.yudo.com.cn:8183/Menu/Menu?formKey=M20180408T154827353" "Mozilla/5.0 (Windows NT 6.1; WOW64; Trident/7.0; SLCC2; .NET CLR 2.0.50727; .NET CLR 3.5.30729; .NET CLR 3.0.30729; Media Center PC 6.0; .NET4.0C; .NET4.0E; InfoPath.3; rv:11.0) like Gecko"
120.204.200.82 - - [08/Apr/2018:15:51:32 +0800] "GET /js/JLAMP.modal.min.js HTTP/1.1" 200 16516 "http://merp.yudo.com.cn:8183/Menu/Menu?formKey=M20180408T154827353" "Mozilla/5.0 (Macintosh; Intel Mac OS X 10_12_4) AppleWebKit/537.36 (KHTML, like Gecko) \t\t\tChrome/55.0.2883.95 Safari/537.36"
120.204.200.82 - - [08/Apr/2018:15:51:33 +0800] "GET /js/JLAMP.lang.min.js HTTP/1.1" 200 1750 "http://merp.yudo.com.cn:8183/Menu/Menu?formKey=M20180408T154827353" "Mozilla/5.0 (Windows NT 6.1; WOW64) AppleWebKit/537.36 (KHTML, like Gecko) Chrome/56.0.2924.87 Safari/537.36"
120.204.200.82 - - [08/Apr/2018:15:51:33 +0800] "GET /js/session.js HTTP/1.1" 200 638 "http://merp.yudo.com.cn:8183/Menu/Menu?formKey=M20180408T154827353" "Mozilla/5.0 (Windows NT 6.1; WOW64; Trident/7.0; SLCC2; .NET CLR 2.0.50727; .NET CLR 3.5.30729; .NET CLR 3.0.30729; Media Center PC 6.0; .NET4.0C; .NET4.0E; InfoPath.3; rv:11.0) like Gecko"
120.204.200.82 - - [08/Apr/2018:15:51:33 +0800] "GET /js/version.js HTTP/1.1" 200 1044 "http://merp.yudo.com.cn:8183/Menu/Menu?formKey=M20180408T154827353" "Mozilla/5.0 (Windows NT 6.1; WOW64) AppleWebKit/537.36 (KHTML, like Gecko) Chrome/53.0.2785.104 Safari/537.36 Core/1.53.2141.400 QQBrowser/9.5.10219.400"
120.204.200.82 - - [08/Apr/2018:15:51:33 +0800] "GET /js/common.js HTTP/1.1" 200 11633 "http://merp.yudo.com.cn:8183/Menu/Menu?formKey=M20180408T154827353" "Mozilla/5.0 (Windows NT 6.1; WOW64; rv:50.0) Gecko/20100101 Firefox/50.0"
120.204.200.82 - - [08/Apr/2018:15:51:33 +0800] "GET /js/GNB.js HTTP/1.1" 200 2176 "http://merp.yudo.com.cn:8183/Menu/Menu?formKey=M20180408T154827353" "Mozilla/5.0 (Windows NT 6.1; WOW64) AppleWebKit/537.36 (KHTML, like Gecko) Chrome/56.0.2924.87 Safari/537.36"
120.204.200.82 - - [08/Apr/2018:15:51:33 +0800] "GET /js/Menu/Menu.js HTTP/1.1" 200 1627 "http://merp.yudo.com.cn:8183/Menu/Menu?formKey=M20180408T154827353" "Mozilla/5.0 (Windows NT 6.1; WOW64; Trident/7.0; SLCC2; .NET CLR 2.0.50727; .NET CLR 3.5.30729; .NET CLR 3.0.30729; Media Center PC 6.0; .NET4.0C; .NET4.0E; InfoPath.3; rv:11.0) like Gecko"
61.129.8.199 - - [08/Apr/2018:15:51:36 +0800] "GET /wei_1400/wei_1400 HTTP/1.1" 404 1133 "70BCD0E5135E103323114.216.56.62" "Mozilla/5.0 (Windows NT 6.1; WOW64) AppleWebKit/537.36 (KHTML, like Gecko) Chrome/56.0.2924.87 Safari/537.36"
101.226.225.85 - - [08/Apr/2018:15:51:36 +0800] "GET /WEI_1400/WEI_1400?formKey=M20180408T154827353&menuSelection=sm HTTP/1.1" 200 7197 "-" "Mozilla/5.0 (Windows NT 6.1; WOW64) AppleWebKit/537.36 (KHTML, like Gecko) Chrome/45.0.2454.101 Safari/537.36"
101.226.225.85 - - [08/Apr/2018:15:51:37 +0800] "GET /third_party/jquery-2.1.4/jquery.js HTTP/1.1" 200 247606 "http://merp.yudo.com.cn:8183/WEI_1400/WEI_1400?formKey=M20180408T154827353&menuSelection=sm" "Mozilla/5.0 (Windows NT 6.1; WOW64) AppleWebKit/537.36 (KHTML, like Gecko) Chrome/53.0.2785.104 Safari/537.36 Core/1.53.2141.400 QQBrowser/9.5.10219.400"
101.226.225.85 - - [08/Apr/2018:15:51:38 +0800] "GET /third_party/jquery-ui-1.11.4/jquery-ui.js HTTP/1.1" 200 470596 "http://merp.yudo.com.cn:8183/WEI_1400/WEI_1400?formKey=M20180408T154827353&menuSelection=sm" "Mozilla/5.0 (Macintosh; Intel Mac OS X 10_12_4) AppleWebKit/537.36 (KHTML, like Gecko) \t\t\tChrome/55.0.2883.95 Safari/537.36"
101.226.225.85 - - [08/Apr/2018:15:51:39 +0800] "GET /third_party/bootstrap-3.3.5/js/bootstrap.min.js HTTP/1.1" 200 36816 "http://merp.yudo.com.cn:8183/WEI_1400/WEI_1400?formKey=M20180408T154827353&menuSelection=sm" "Mozilla/5.0 (Windows NT 6.1; WOW64; Trident/7.0; SLCC2; .NET CLR 2.0.50727; .NET CLR 3.5.30729; .NET CLR 3.0.30729; Media Center PC 6.0; .NET4.0C; .NET4.0E; InfoPath.3; rv:11.0) like Gecko"
101.226.225.85 - - [08/Apr/2018:15:51:39 +0800] "GET /third_party/bootstrap-datetimepicker/js/bootstrap-datetimepicker.js HTTP/1.1" 200 67526 "http://merp.yudo.com.cn:8183/WEI_1400/WEI_1400?formKey=M20180408T154827353&menuSelection=sm" "Mozilla/5.0 (Windows NT 6.1; WOW64) AppleWebKit/537.36 (KHTML, like Gecko) Chrome/43.0.2357.124 Safari/537.36"
101.226.225.85 - - [08/Apr/2018:15:51:40 +0800] "GET /third_party/bootstrap-datetimepicker/js/locales/bootstrap-datetimepicker.ko.js HTTP/1.1" 200 765 "http://merp.yudo.com.cn:8183/WEI_1400/WEI_1400?formKey=M20180408T154827353&menuSelection=sm" "Mozilla/5.0 (Windows NT 6.1; WOW64; Trident/7.0; SLCC2; .NET CLR 2.0.50727; .NET CLR 3.5.30729; .NET CLR 3.0.30729; Media Center PC 6.0; .NET4.0C; .NET4.0E; InfoPath.3; rv:11.0) like Gecko"
101.226.225.85 - - [08/Apr/2018:15:51:40 +0800] "GET /third_party/KendoUI/js/kendo.all.min.js HTTP/1.1" 200 3038548 "http://merp.yudo.com.cn:8183/WEI_1400/WEI_1400?formKey=M20180408T154827353&menuSelection=sm" "Mozilla/5.0 (Windows NT 6.1; WOW64) AppleWebKit/537.36 (KHTML, like Gecko) Chrome/56.0.2924.87 Safari/537.36"
101.226.225.85 - - [08/Apr/2018:15:51:40 +0800] "GET /third_party/loading-overlay/waitMe.js HTTP/1.1" 200 8583 "http://merp.yudo.com.cn:8183/WEI_1400/WEI_1400?formKey=M20180408T154827353&menuSelection=sm" "Mozilla/5.0 (Windows NT 6.1; WOW64) AppleWebKit/537.36 (KHTML, like Gecko) Chrome/56.0.2924.87 Safari/537.36"
101.226.225.85 - - [08/Apr/2018:15:51:40 +0800] "GET /third_party/slideout-1.0.1/slideout.js HTTP/1.1" 200 37980 "http://merp.yudo.com.cn:8183/WEI_1400/WEI_1400?formKey=M20180408T154827353&menuSelection=sm" "Mozilla/5.0 (Macintosh; Intel Mac OS X 10_12_4) AppleWebKit/537.36 (KHTML, like Gecko) \t\t\tChrome/55.0.2883.95 Safari/537.36"
101.226.225.85 - - [08/Apr/2018:15:51:41 +0800] "GET /js/JLAMP.polyfill.min.js HTTP/1.1" 200 361 "http://merp.yudo.com.cn:8183/WEI_1400/WEI_1400?formKey=M20180408T154827353&menuSelection=sm" "Mozilla/5.0 (Windows NT 6.1; WOW64) AppleWebKit/537.36 (KHTML, like Gecko) Chrome/45.0.2454.101 Safari/537.36"
101.226.225.85 - - [08/Apr/2018:15:51:41 +0800] "GET /js/JLAMP.min.js HTTP/1.1" 200 1461 "http://merp.yudo.com.cn:8183/WEI_1400/WEI_1400?formKey=M20180408T154827353&menuSelection=sm" "Mozilla/5.0 (Windows NT 6.1; WOW64) AppleWebKit/537.36 (KHTML, like Gecko) Chrome/56.0.2924.87 Safari/537.36"
101.226.225.85 - - [08/Apr/2018:15:51:42 +0800] "GET /js/JLAMP.common.min.js HTTP/1.1" 200 9705 "http://merp.yudo.com.cn:8183/WEI_1400/WEI_1400?formKey=M20180408T154827353&menuSelection=sm" "Mozilla/5.0 (Windows NT 6.1; WOW64) AppleWebKit/537.36 (KHTML, like Gecko) Chrome/45.0.2454.101 Safari/537.36"
101.226.225.85 - - [08/Apr/2018:15:51:43 +0800] "GET /js/JLAMP.menu.min.js HTTP/1.1" 200 6519 "http://merp.yudo.com.cn:8183/WEI_1400/WEI_1400?formKey=M20180408T154827353&menuSelection=sm" "Mozilla/5.0 (Macintosh; Intel Mac OS X 10_12_4) AppleWebKit/537.36 (KHTML, like Gecko) \t\t\tChrome/55.0.2883.95 Safari/537.36"
101.226.225.85 - - [08/Apr/2018:15:51:43 +0800] "GET /js/JLAMP.autobinding.min.js HTTP/1.1" 200 8816 "http://merp.yudo.com.cn:8183/WEI_1400/WEI_1400?formKey=M20180408T154827353&menuSelection=sm" "Mozilla/5.0 (Windows NT 6.1; WOW64; rv:50.0) Gecko/20100101 Firefox/50.0"
101.226.225.85 - - [08/Apr/2018:15:51:43 +0800] "GET /js/JLAMP.modal.min.js HTTP/1.1" 200 16516 "http://merp.yudo.com.cn:8183/WEI_1400/WEI_1400?formKey=M20180408T154827353&menuSelection=sm" "Mozilla/5.0 (Windows NT 6.1; WOW64; Trident/7.0; SLCC2; .NET CLR 2.0.50727; .NET CLR 3.5.30729; .NET CLR 3.0.30729; Media Center PC 6.0; .NET4.0C; .NET4.0E; InfoPath.3; rv:11.0) like Gecko"
101.226.225.85 - - [08/Apr/2018:15:51:43 +0800] "GET /js/JLAMP.lang.min.js HTTP/1.1" 200 1750 "http://merp.yudo.com.cn:8183/WEI_1400/WEI_1400?formKey=M20180408T154827353&menuSelection=sm" "Mozilla/5.0 (Windows NT 6.1; WOW64) AppleWebKit/537.36 (KHTML, like Gecko) Chrome/56.0.2924.87 Safari/537.36"
101.226.225.85 - - [08/Apr/2018:15:51:43 +0800] "GET /js/session.js HTTP/1.1" 200 638 "http://merp.yudo.com.cn:8183/WEI_1400/WEI_1400?formKey=M20180408T154827353&menuSelection=sm" "Mozilla/5.0 (Windows NT 6.1; WOW64; rv:50.0) Gecko/20100101 Firefox/50.0"
101.226.225.85 - - [08/Apr/2018:15:51:44 +0800] "GET /js/version.js HTTP/1.1" 200 1044 "http://merp.yudo.com.cn:8183/WEI_1400/WEI_1400?formKey=M20180408T154827353&menuSelection=sm" "Mozilla/5.0 (Macintosh; Intel Mac OS X 10_12_4) AppleWebKit/537.36 (KHTML, like Gecko) \t\t\tChrome/55.0.2883.95 Safari/537.36"
101.226.225.85 - - [08/Apr/2018:15:51:44 +0800] "GET /js/common.js HTTP/1.1" 200 11633 "http://merp.yudo.com.cn:8183/WEI_1400/WEI_1400?formKey=M20180408T154827353&menuSelection=sm" "Mozilla/5.0 (Windows NT 6.1; WOW64) AppleWebKit/537.36 (KHTML, like Gecko) Chrome/45.0.2454.101 Safari/537.36"
101.226.225.85 - - [08/Apr/2018:15:51:44 +0800] "GET /js/GNB.js HTTP/1.1" 200 2176 "http://merp.yudo.com.cn:8183/WEI_1400/WEI_1400?formKey=M20180408T154827353&menuSelection=sm" "Mozilla/5.0 (Windows NT 6.1; WOW64) AppleWebKit/537.36 (KHTML, like Gecko) Chrome/56.0.2924.87 Safari/537.36"
101.226.225.85 - - [08/Apr/2018:15:51:44 +0800] "GET /js/WEI_1400/WEI_1400_Lists.js?v=20180205001 HTTP/1.1" 200 10172 "http://merp.yudo.com.cn:8183/WEI_1400/WEI_1400?formKey=M20180408T154827353&menuSelection=sm" "Mozilla/5.0 (Windows NT 6.1; WOW64) AppleWebKit/537.36 (KHTML, like Gecko) Chrome/45.0.2454.101 Safari/537.36"
::1 - - [08/Apr/2018:15:51:50 +0800] "OPTIONS * HTTP/1.0" 200 - "-" "Apache/2.4.6 (CentOS) PHP/5.6.32 (internal dummy connection)"
117.135.173.78 - - [08/Apr/2018:15:52:00 +0800] "GET /Menu/Menu/menuLists?formKey=M20180408T154827353&menuSelection=sm HTTP/1.1" 200 5246 "-" "Mozilla/5.0 (Windows NT 6.1; WOW64) AppleWebKit/537.36 (KHTML, like Gecko) Chrome/43.0.2357.124 Safari/537.36"
61.129.6.151 - - [08/Apr/2018:15:52:00 +0800] "GET /menu/menu/menulists HTTP/1.1" 404 1133 "70BCD0E5135E103323114.216.56.62" "Mozilla/5.0 (Windows NT 6.1; WOW64) AppleWebKit/537.36 (KHTML, like Gecko) Chrome/45.0.2454.101 Safari/537.36"
117.135.173.78 - - [08/Apr/2018:15:52:00 +0800] "GET /third_party/jquery-2.1.4/jquery.js HTTP/1.1" 200 247606 "http://merp.yudo.com.cn:8183/Menu/Menu/menuLists?formKey=M20180408T154827353&menuSelection=sm" "Mozilla/5.0 (Windows NT 6.1; WOW64) AppleWebKit/537.36 (KHTML, like Gecko) Chrome/53.0.2785.104 Safari/537.36 Core/1.53.2141.400 QQBrowser/9.5.10219.400"
117.144.245.12 - - [08/Apr/2018:15:52:02 +0800] "GET /WEI_1100/WEI_1100?formKey=M20180408T154827353&menuSelection=sm HTTP/1.1" 200 7311 "-" "Mozilla/5.0 (Windows NT 6.1; WOW64) AppleWebKit/537.36 (KHTML, like Gecko) Chrome/56.0.2924.87 Safari/537.36"
117.144.245.12 - - [08/Apr/2018:15:52:02 +0800] "GET /third_party/jquery-2.1.4/jquery.js HTTP/1.1" 200 247606 "http://merp.yudo.com.cn:8183/WEI_1100/WEI_1100?formKey=M20180408T154827353&menuSelection=sm" "Mozilla/5.0 (Windows NT 6.1; WOW64) AppleWebKit/537.36 (KHTML, like Gecko) Chrome/53.0.2785.104 Safari/537.36 Core/1.53.2141.400 QQBrowser/9.5.10219.400"
117.135.173.78 - - [08/Apr/2018:15:52:02 +0800] "GET /third_party/jquery-ui-1.11.4/jquery-ui.js HTTP/1.1" 200 470596 "http://merp.yudo.com.cn:8183/Menu/Menu/menuLists?formKey=M20180408T154827353&menuSelection=sm" "Mozilla/5.0 (Windows NT 6.1; WOW64) AppleWebKit/537.36 (KHTML, like Gecko) Chrome/56.0.2924.87 Safari/537.36"
61.129.6.73 - - [08/Apr/2018:15:52:02 +0800] "GET /WEI_1100/WEI_1100?formKey=M20180408T154827353&menuSelection=sm HTTP/1.1" 200 7311 "http://merp.yudo.com.cn:8183/Menu/Menu/menuLists?formKey=M20180408T154827353&menuSelection=sm" "Mozilla/5.0 (Windows NT 6.1; WOW64) AppleWebKit/537.36 (KHTML, like Gecko) Chrome/56.0.2924.87 Safari/537.36"
117.135.173.78 - - [08/Apr/2018:15:52:02 +0800] "GET /third_party/bootstrap-3.3.5/js/bootstrap.min.js HTTP/1.1" 200 36816 "http://merp.yudo.com.cn:8183/Menu/Menu/menuLists?formKey=M20180408T154827353&menuSelection=sm" "Mozilla/5.0 (Windows NT 6.1; WOW64; rv:50.0) Gecko/20100101 Firefox/50.0"
101.226.102.237 - - [08/Apr/2018:15:52:02 +0800] "GET /wei_1100/wei_1100 HTTP/1.1" 404 1133 "70BCD0E5135E103323114.216.56.62" "Mozilla/5.0 (Windows NT 6.1; WOW64) AppleWebKit/537.36 (KHTML, like Gecko) Chrome/53.0.2785.104 Safari/537.36 Core/1.53.2141.400 QQBrowser/9.5.10219.400"
117.135.173.78 - - [08/Apr/2018:15:52:03 +0800] "GET /third_party/bootstrap-datetimepicker/js/bootstrap-datetimepicker.js HTTP/1.1" 200 67526 "http://merp.yudo.com.cn:8183/Menu/Menu/menuLists?formKey=M20180408T154827353&menuSelection=sm" "Mozilla/5.0 (Windows NT 6.1; WOW64) AppleWebKit/537.36 (KHTML, like Gecko) Chrome/56.0.2924.87 Safari/537.36"
61.129.6.73 - - [08/Apr/2018:15:52:03 +0800] "GET /third_party/jquery-2.1.4/jquery.js HTTP/1.1" 200 247606 "http://merp.yudo.com.cn:8183/WEI_1100/WEI_1100?formKey=M20180408T154827353&menuSelection=sm" "Mozilla/5.0 (Windows NT 6.1; WOW64) AppleWebKit/537.36 (KHTML, like Gecko) Chrome/43.0.2357.124 Safari/537.36"
117.144.245.12 - - [08/Apr/2018:15:52:03 +0800] "GET /third_party/jquery-ui-1.11.4/jquery-ui.js HTTP/1.1" 200 470596 "http://merp.yudo.com.cn:8183/WEI_1100/WEI_1100?formKey=M20180408T154827353&menuSelection=sm" "Mozilla/5.0 (Windows NT 6.1; WOW64; rv:50.0) Gecko/20100101 Firefox/50.0"
117.135.173.78 - - [08/Apr/2018:15:52:03 +0800] "GET /third_party/bootstrap-datetimepicker/js/locales/bootstrap-datetimepicker.ko.js HTTP/1.1" 200 765 "http://merp.yudo.com.cn:8183/Menu/Menu/menuLists?formKey=M20180408T154827353&menuSelection=sm" "Mozilla/5.0 (Windows NT 6.1; WOW64) AppleWebKit/537.36 (KHTML, like Gecko) Chrome/43.0.2357.124 Safari/537.36"
117.144.245.12 - - [08/Apr/2018:15:52:03 +0800] "GET /third_party/bootstrap-3.3.5/js/bootstrap.min.js HTTP/1.1" 200 36816 "http://merp.yudo.com.cn:8183/WEI_1100/WEI_1100?formKey=M20180408T154827353&menuSelection=sm" "Mozilla/5.0 (Windows NT 6.1; WOW64) AppleWebKit/537.36 (KHTML, like Gecko) Chrome/45.0.2454.101 Safari/537.36"
117.144.245.12 - - [08/Apr/2018:15:52:03 +0800] "GET /third_party/bootstrap-datetimepicker/js/bootstrap-datetimepicker.js HTTP/1.1" 200 67526 "http://merp.yudo.com.cn:8183/WEI_1100/WEI_1100?formKey=M20180408T154827353&menuSelection=sm" "Mozilla/5.0 (Windows NT 6.1; WOW64) AppleWebKit/537.36 (KHTML, like Gecko) Chrome/53.0.2785.104 Safari/537.36 Core/1.53.2141.400 QQBrowser/9.5.10219.400"
117.144.245.12 - - [08/Apr/2018:15:52:04 +0800] "GET /third_party/bootstrap-datetimepicker/js/locales/bootstrap-datetimepicker.ko.js HTTP/1.1" 200 765 "http://merp.yudo.com.cn:8183/WEI_1100/WEI_1100?formKey=M20180408T154827353&menuSelection=sm" "Mozilla/5.0 (Windows NT 6.1; WOW64) AppleWebKit/537.36 (KHTML, like Gecko) Chrome/56.0.2924.87 Safari/537.36"
117.144.245.12 - - [08/Apr/2018:15:52:04 +0800] "GET /third_party/KendoUI/js/kendo.all.min.js HTTP/1.1" 200 3038548 "http://merp.yudo.com.cn:8183/WEI_1100/WEI_1100?formKey=M20180408T154827353&menuSelection=sm" "Mozilla/5.0 (Windows NT 6.1; WOW64) AppleWebKit/537.36 (KHTML, like Gecko) Chrome/53.0.2785.104 Safari/537.36 Core/1.53.2141.400 QQBrowser/9.5.10219.400"
117.144.245.12 - - [08/Apr/2018:15:52:04 +0800] "GET /third_party/loading-overlay/waitMe.js HTTP/1.1" 200 8583 "http://merp.yudo.com.cn:8183/WEI_1100/WEI_1100?formKey=M20180408T154827353&menuSelection=sm" "Mozilla/5.0 (Windows NT 6.1; WOW64) AppleWebKit/537.36 (KHTML, like Gecko) Chrome/43.0.2357.124 Safari/537.36"
117.144.245.12 - - [08/Apr/2018:15:52:04 +0800] "GET /third_party/slideout-1.0.1/slideout.js HTTP/1.1" 200 37980 "http://merp.yudo.com.cn:8183/WEI_1100/WEI_1100?formKey=M20180408T154827353&menuSelection=sm" "Mozilla/5.0 (Windows NT 6.1; WOW64) AppleWebKit/537.36 (KHTML, like Gecko) Chrome/56.0.2924.87 Safari/537.36"
117.135.173.78 - - [08/Apr/2018:15:52:03 +0800] "GET /third_party/KendoUI/js/kendo.all.min.js HTTP/1.1" 200 3038548 "http://merp.yudo.com.cn:8183/Menu/Menu/menuLists?formKey=M20180408T154827353&menuSelection=sm" "Mozilla/5.0 (Windows NT 6.1; WOW64) AppleWebKit/537.36 (KHTML, like Gecko) Chrome/43.0.2357.124 Safari/537.36"
117.144.245.12 - - [08/Apr/2018:15:52:04 +0800] "GET /js/JLAMP.polyfill.min.js HTTP/1.1" 200 361 "http://merp.yudo.com.cn:8183/WEI_1100/WEI_1100?formKey=M20180408T154827353&menuSelection=sm" "Mozilla/5.0 (Windows NT 6.1; WOW64; rv:50.0) Gecko/20100101 Firefox/50.0"
117.144.245.12 - - [08/Apr/2018:15:52:04 +0800] "GET /js/JLAMP.min.js HTTP/1.1" 200 1461 "http://merp.yudo.com.cn:8183/WEI_1100/WEI_1100?formKey=M20180408T154827353&menuSelection=sm" "Mozilla/5.0 (Windows NT 6.1; WOW64; Trident/7.0; SLCC2; .NET CLR 2.0.50727; .NET CLR 3.5.30729; .NET CLR 3.0.30729; Media Center PC 6.0; .NET4.0C; .NET4.0E; InfoPath.3; rv:11.0) like Gecko"
117.135.173.78 - - [08/Apr/2018:15:52:04 +0800] "GET /third_party/loading-overlay/waitMe.js HTTP/1.1" 200 8583 "http://merp.yudo.com.cn:8183/Menu/Menu/menuLists?formKey=M20180408T154827353&menuSelection=sm" "Mozilla/5.0 (Macintosh; Intel Mac OS X 10_12_4) AppleWebKit/537.36 (KHTML, like Gecko) \t\t\tChrome/55.0.2883.95 Safari/537.36"
117.144.245.12 - - [08/Apr/2018:15:52:05 +0800] "GET /js/JLAMP.common.min.js HTTP/1.1" 200 9705 "http://merp.yudo.com.cn:8183/WEI_1100/WEI_1100?formKey=M20180408T154827353&menuSelection=sm" "Mozilla/5.0 (Windows NT 6.1; WOW64) AppleWebKit/537.36 (KHTML, like Gecko) Chrome/43.0.2357.124 Safari/537.36"
61.129.6.73 - - [08/Apr/2018:15:52:04 +0800] "GET /third_party/jquery-ui-1.11.4/jquery-ui.js HTTP/1.1" 200 470596 "http://merp.yudo.com.cn:8183/WEI_1100/WEI_1100?formKey=M20180408T154827353&menuSelection=sm" "Mozilla/5.0 (Windows NT 6.1; WOW64) AppleWebKit/537.36 (KHTML, like Gecko) Chrome/53.0.2785.104 Safari/537.36 Core/1.53.2141.400 QQBrowser/9.5.10219.400"
117.144.245.12 - - [08/Apr/2018:15:52:05 +0800] "GET /js/JLAMP.menu.min.js HTTP/1.1" 200 6519 "http://merp.yudo.com.cn:8183/WEI_1100/WEI_1100?formKey=M20180408T154827353&menuSelection=sm" "Mozilla/5.0 (Macintosh; Intel Mac OS X 10_12_4) AppleWebKit/537.36 (KHTML, like Gecko) \t\t\tChrome/55.0.2883.95 Safari/537.36"
117.144.245.12 - - [08/Apr/2018:15:52:05 +0800] "GET /js/JLAMP.autobinding.min.js HTTP/1.1" 200 8816 "http://merp.yudo.com.cn:8183/WEI_1100/WEI_1100?formKey=M20180408T154827353&menuSelection=sm" "Mozilla/5.0 (Windows NT 6.1; WOW64) AppleWebKit/537.36 (KHTML, like Gecko) Chrome/45.0.2454.101 Safari/537.36"
117.144.245.12 - - [08/Apr/2018:15:52:05 +0800] "GET /js/JLAMP.modal.min.js HTTP/1.1" 200 16516 "http://merp.yudo.com.cn:8183/WEI_1100/WEI_1100?formKey=M20180408T154827353&menuSelection=sm" "Mozilla/5.0 (Windows NT 6.1; WOW64; Trident/7.0; SLCC2; .NET CLR 2.0.50727; .NET CLR 3.5.30729; .NET CLR 3.0.30729; Media Center PC 6.0; .NET4.0C; .NET4.0E; InfoPath.3; rv:11.0) like Gecko"
117.144.245.12 - - [08/Apr/2018:15:52:05 +0800] "GET /js/JLAMP.lang.min.js HTTP/1.1" 200 1750 "http://merp.yudo.com.cn:8183/WEI_1100/WEI_1100?formKey=M20180408T154827353&menuSelection=sm" "Mozilla/5.0 (Windows NT 6.1; WOW64) AppleWebKit/537.36 (KHTML, like Gecko) Chrome/56.0.2924.87 Safari/537.36"
117.135.173.78 - - [08/Apr/2018:15:52:05 +0800] "GET /third_party/slideout-1.0.1/slideout.js HTTP/1.1" 200 37980 "http://merp.yudo.com.cn:8183/Menu/Menu/menuLists?formKey=M20180408T154827353&menuSelection=sm" "Mozilla/5.0 (Windows NT 6.1; WOW64) AppleWebKit/537.36 (KHTML, like Gecko) Chrome/53.0.2785.104 Safari/537.36 Core/1.53.2141.400 QQBrowser/9.5.10219.400"
61.129.6.73 - - [08/Apr/2018:15:52:05 +0800] "GET /third_party/bootstrap-3.3.5/js/bootstrap.min.js HTTP/1.1" 200 36816 "http://merp.yudo.com.cn:8183/WEI_1100/WEI_1100?formKey=M20180408T154827353&menuSelection=sm" "Mozilla/5.0 (Windows NT 6.1; WOW64) AppleWebKit/537.36 (KHTML, like Gecko) Chrome/56.0.2924.87 Safari/537.36"
117.144.245.12 - - [08/Apr/2018:15:52:05 +0800] "GET /js/session.js HTTP/1.1" 200 638 "http://merp.yudo.com.cn:8183/WEI_1100/WEI_1100?formKey=M20180408T154827353&menuSelection=sm" "Mozilla/5.0 (Windows NT 6.1; WOW64) AppleWebKit/537.36 (KHTML, like Gecko) Chrome/45.0.2454.101 Safari/537.36"
117.144.245.12 - - [08/Apr/2018:15:52:05 +0800] "GET /js/version.js HTTP/1.1" 200 1044 "http://merp.yudo.com.cn:8183/WEI_1100/WEI_1100?formKey=M20180408T154827353&menuSelection=sm" "Mozilla/5.0 (Windows NT 6.1; WOW64) AppleWebKit/537.36 (KHTML, like Gecko) Chrome/56.0.2924.87 Safari/537.36"
117.144.245.12 - - [08/Apr/2018:15:52:05 +0800] "GET /js/common.js HTTP/1.1" 200 11633 "http://merp.yudo.com.cn:8183/WEI_1100/WEI_1100?formKey=M20180408T154827353&menuSelection=sm" "Mozilla/5.0 (Macintosh; Intel Mac OS X 10_12_4) AppleWebKit/537.36 (KHTML, like Gecko) \t\t\tChrome/55.0.2883.95 Safari/537.36"
117.144.245.12 - - [08/Apr/2018:15:52:05 +0800] "GET /js/GNB.js HTTP/1.1" 200 2176 "http://merp.yudo.com.cn:8183/WEI_1100/WEI_1100?formKey=M20180408T154827353&menuSelection=sm" "Mozilla/5.0 (Windows NT 6.1; WOW64) AppleWebKit/537.36 (KHTML, like Gecko) Chrome/45.0.2454.101 Safari/537.36"
117.144.245.12 - - [08/Apr/2018:15:52:05 +0800] "GET /js/WEI_1100/WEI_1100_Lists.js?v=20180205001 HTTP/1.1" 200 8642 "http://merp.yudo.com.cn:8183/WEI_1100/WEI_1100?formKey=M20180408T154827353&menuSelection=sm" "Mozilla/5.0 (Macintosh; Intel Mac OS X 10_12_4) AppleWebKit/537.36 (KHTML, like Gecko) \t\t\tChrome/55.0.2883.95 Safari/537.36"
61.129.6.73 - - [08/Apr/2018:15:52:06 +0800] "GET /third_party/bootstrap-datetimepicker/js/bootstrap-datetimepicker.js HTTP/1.1" 200 67526 "http://merp.yudo.com.cn:8183/WEI_1100/WEI_1100?formKey=M20180408T154827353&menuSelection=sm" "Mozilla/5.0 (Windows NT 6.1; WOW64; Trident/7.0; SLCC2; .NET CLR 2.0.50727; .NET CLR 3.5.30729; .NET CLR 3.0.30729; Media Center PC 6.0; .NET4.0C; .NET4.0E; InfoPath.3; rv:11.0) like Gecko"
117.135.173.78 - - [08/Apr/2018:15:52:06 +0800] "GET /js/JLAMP.polyfill.min.js HTTP/1.1" 200 361 "http://merp.yudo.com.cn:8183/Menu/Menu/menuLists?formKey=M20180408T154827353&menuSelection=sm" "Mozilla/5.0 (Windows NT 6.1; WOW64; Trident/7.0; SLCC2; .NET CLR 2.0.50727; .NET CLR 3.5.30729; .NET CLR 3.0.30729; Media Center PC 6.0; .NET4.0C; .NET4.0E; InfoPath.3; rv:11.0) like Gecko"
117.135.173.78 - - [08/Apr/2018:15:52:06 +0800] "GET /js/JLAMP.min.js HTTP/1.1" 200 1461 "http://merp.yudo.com.cn:8183/Menu/Menu/menuLists?formKey=M20180408T154827353&menuSelection=sm" "Mozilla/5.0 (Windows NT 6.1; WOW64) AppleWebKit/537.36 (KHTML, like Gecko) Chrome/45.0.2454.101 Safari/537.36"
117.135.173.78 - - [08/Apr/2018:15:52:06 +0800] "GET /js/JLAMP.common.min.js HTTP/1.1" 200 9705 "http://merp.yudo.com.cn:8183/Menu/Menu/menuLists?formKey=M20180408T154827353&menuSelection=sm" "Mozilla/5.0 (Windows NT 6.1; WOW64; rv:50.0) Gecko/20100101 Firefox/50.0"
117.135.173.78 - - [08/Apr/2018:15:52:06 +0800] "GET /js/JLAMP.menu.min.js HTTP/1.1" 200 6519 "http://merp.yudo.com.cn:8183/Menu/Menu/menuLists?formKey=M20180408T154827353&menuSelection=sm" "Mozilla/5.0 (Windows NT 6.1; WOW64; Trident/7.0; SLCC2; .NET CLR 2.0.50727; .NET CLR 3.5.30729; .NET CLR 3.0.30729; Media Center PC 6.0; .NET4.0C; .NET4.0E; InfoPath.3; rv:11.0) like Gecko"
