49.73.86.118 - - [23/Apr/2018:10:00:48 +0800] "GET /JLAMPCommon/getCookieJson_prc HTTP/1.1" 200 842 "http://merp.yudo.com.cn:8183/WEI_2000/WEI_2000" "Mozilla/5.0 (Windows NT 6.1; WOW64) AppleWebKit/537.36 (KHTML, like Gecko) Chrome/65.0.3325.181 Safari/537.36"
49.73.86.118 - - [23/Apr/2018:10:00:48 +0800] "POST /JLAMPCommon/langRow_prc HTTP/1.1" 200 191 "http://merp.yudo.com.cn:8183/WEI_2000/WEI_2000" "Mozilla/5.0 (Windows NT 6.1; WOW64) AppleWebKit/537.36 (KHTML, like Gecko) Chrome/65.0.3325.181 Safari/537.36"
49.73.86.118 - - [23/Apr/2018:10:00:49 +0800] "POST /JLAMPCommon/langRow_prc HTTP/1.1" 200 215 "http://merp.yudo.com.cn:8183/WEI_2000/WEI_2000" "Mozilla/5.0 (Windows NT 6.1; WOW64) AppleWebKit/537.36 (KHTML, like Gecko) Chrome/65.0.3325.181 Safari/537.36"
49.73.86.118 - - [23/Apr/2018:10:00:49 +0800] "GET /image/favicon.ico HTTP/1.1" 404 1133 "http://merp.yudo.com.cn:8183/WEI_2000/WEI_2000" "Mozilla/5.0 (Windows NT 6.1; WOW64) AppleWebKit/537.36 (KHTML, like Gecko) Chrome/65.0.3325.181 Safari/537.36"
::1 - - [23/Apr/2018:10:00:55 +0800] "OPTIONS * HTTP/1.0" 200 - "-" "Apache/2.4.6 (CentOS) PHP/5.6.32 (internal dummy connection)"
49.73.86.118 - - [23/Apr/2018:10:01:08 +0800] "GET /WEI_2000/WEI_2000/order_prc?orderby= HTTP/1.1" 200 15536 "http://merp.yudo.com.cn:8183/WEI_2000/WEI_2000" "Mozilla/5.0 (Windows NT 6.1; WOW64) AppleWebKit/537.36 (KHTML, like Gecko) Chrome/65.0.3325.181 Safari/537.36"
101.227.131.219 - - [23/Apr/2018:10:01:43 +0800] "GET /?deviceType=mobile&devicePlatform=ios HTTP/1.1" 200 6704 "-" "Mozilla/5.0 (Macintosh; Intel Mac OS X 10_12_4) AppleWebKit/537.36 (KHTML, like Gecko) \t\t\tChrome/55.0.2883.95 Safari/537.36"
101.227.131.219 - - [23/Apr/2018:10:01:54 +0800] "GET /third_party/jquery-2.1.4/jquery.js HTTP/1.1" 200 247606 "http://merp.yudo.com.cn:8183/?deviceType=mobile&devicePlatform=ios" "Mozilla/5.0 (Windows NT 6.1; WOW64; Trident/7.0; SLCC2; .NET CLR 2.0.50727; .NET CLR 3.5.30729; .NET CLR 3.0.30729; Media Center PC 6.0; .NET4.0C; .NET4.0E; InfoPath.3; rv:11.0) like Gecko"
101.227.131.219 - - [23/Apr/2018:10:02:36 +0800] "GET /third_party/jquery-ui-1.11.4/jquery-ui.js HTTP/1.1" 200 470596 "http://merp.yudo.com.cn:8183/?deviceType=mobile&devicePlatform=ios" "Mozilla/5.0 (Windows NT 6.1; WOW64; rv:50.0) Gecko/20100101 Firefox/50.0"
101.227.131.219 - - [23/Apr/2018:10:03:16 +0800] "GET /third_party/bootstrap-3.3.5/js/bootstrap.min.js HTTP/1.1" 200 36816 "http://merp.yudo.com.cn:8183/?deviceType=mobile&devicePlatform=ios" "Mozilla/5.0 (Windows NT 6.1; WOW64) AppleWebKit/537.36 (KHTML, like Gecko) Chrome/56.0.2924.87 Safari/537.36"
49.73.86.118 - - [23/Apr/2018:10:03:16 +0800] "GET /WEI_2000/WEI_2000 HTTP/1.1" 200 21452 "http://merp.yudo.com.cn:8183/Menu/Menu?formKey=M20180423T095836950" "Mozilla/5.0 (Windows NT 6.1; WOW64) AppleWebKit/537.36 (KHTML, like Gecko) Chrome/65.0.3325.181 Safari/537.36"
49.73.86.118 - - [23/Apr/2018:10:03:16 +0800] "GET /js/WEI_2000/WEI_2000_Lists.js?v=201804201822 HTTP/1.1" 200 26057 "http://merp.yudo.com.cn:8183/WEI_2000/WEI_2000" "Mozilla/5.0 (Windows NT 6.1; WOW64) AppleWebKit/537.36 (KHTML, like Gecko) Chrome/65.0.3325.181 Safari/537.36"
49.73.86.118 - - [23/Apr/2018:10:03:17 +0800] "POST /JLAMPCommon/langBatchRows_prc HTTP/1.1" 200 6389 "http://merp.yudo.com.cn:8183/WEI_2000/WEI_2000" "Mozilla/5.0 (Windows NT 6.1; WOW64) AppleWebKit/537.36 (KHTML, like Gecko) Chrome/65.0.3325.181 Safari/537.36"
49.73.86.118 - - [23/Apr/2018:10:03:17 +0800] "GET /JLAMPCommon/getCookieJson_prc HTTP/1.1" 200 842 "http://merp.yudo.com.cn:8183/WEI_2000/WEI_2000" "Mozilla/5.0 (Windows NT 6.1; WOW64) AppleWebKit/537.36 (KHTML, like Gecko) Chrome/65.0.3325.181 Safari/537.36"
49.73.86.118 - - [23/Apr/2018:10:03:17 +0800] "POST /JLAMPCommon/langRow_prc HTTP/1.1" 200 191 "http://merp.yudo.com.cn:8183/WEI_2000/WEI_2000" "Mozilla/5.0 (Windows NT 6.1; WOW64) AppleWebKit/537.36 (KHTML, like Gecko) Chrome/65.0.3325.181 Safari/537.36"
49.73.86.118 - - [23/Apr/2018:10:03:17 +0800] "POST /JLAMPCommon/langRow_prc HTTP/1.1" 200 215 "http://merp.yudo.com.cn:8183/WEI_2000/WEI_2000" "Mozilla/5.0 (Windows NT 6.1; WOW64) AppleWebKit/537.36 (KHTML, like Gecko) Chrome/65.0.3325.181 Safari/537.36"
49.73.86.118 - - [23/Apr/2018:10:03:23 +0800] "GET /WEI_2000/WEI_2000/order_prc?orderby= HTTP/1.1" 200 15536 "http://merp.yudo.com.cn:8183/WEI_2000/WEI_2000" "Mozilla/5.0 (Windows NT 6.1; WOW64) AppleWebKit/537.36 (KHTML, like Gecko) Chrome/65.0.3325.181 Safari/537.36"
49.73.86.118 - - [23/Apr/2018:10:03:27 +0800] "GET /WEI_2000/WEI_2000/order_prc?orderby= HTTP/1.1" 200 15536 "http://merp.yudo.com.cn:8183/WEI_2000/WEI_2000" "Mozilla/5.0 (Windows NT 6.1; WOW64) AppleWebKit/537.36 (KHTML, like Gecko) Chrome/65.0.3325.181 Safari/537.36"
101.227.131.219 - - [23/Apr/2018:10:03:34 +0800] "GET /third_party/bootstrap-datetimepicker/js/bootstrap-datetimepicker.js HTTP/1.1" 200 67526 "http://merp.yudo.com.cn:8183/?deviceType=mobile&devicePlatform=ios" "Mozilla/5.0 (Windows NT 6.1; WOW64) AppleWebKit/537.36 (KHTML, like Gecko) Chrome/53.0.2785.104 Safari/537.36 Core/1.53.2141.400 QQBrowser/9.5.10219.400"
101.227.131.219 - - [23/Apr/2018:10:03:58 +0800] "GET /third_party/bootstrap-datetimepicker/js/locales/bootstrap-datetimepicker.ko.js HTTP/1.1" 200 765 "http://merp.yudo.com.cn:8183/?deviceType=mobile&devicePlatform=ios" "Mozilla/5.0 (Windows NT 6.1; WOW64) AppleWebKit/537.36 (KHTML, like Gecko) Chrome/45.0.2454.101 Safari/537.36"
117.136.68.146 - - [23/Apr/2018:10:04:00 +0800] "GET /?deviceType=mobile&devicePlatform=ios HTTP/1.1" 302 149 "-" "Mozilla/5.0 (iPhone; CPU iPhone OS 10_3_3 like Mac OS X) AppleWebKit/603.3.8 (KHTML, like Gecko) Mobile/14G60JLAMPMode:iPhone"
117.136.68.146 - - [23/Apr/2018:10:04:00 +0800] "GET /Menu/Menu?formKey=M20180423T100150367 HTTP/1.1" 200 5730 "-" "Mozilla/5.0 (iPhone; CPU iPhone OS 10_3_3 like Mac OS X) AppleWebKit/603.3.8 (KHTML, like Gecko) Mobile/14G60JLAMPMode:iPhone"
117.136.68.146 - - [23/Apr/2018:10:04:00 +0800] "GET /WEI_2000/WEI_2000 HTTP/1.1" 200 21455 "http://merp.yudo.com.cn:8183/Menu/Menu?formKey=M20180423T100150367" "Mozilla/5.0 (iPhone; CPU iPhone OS 10_3_3 like Mac OS X) AppleWebKit/603.3.8 (KHTML, like Gecko) Mobile/14G60JLAMPMode:iPhone"
117.136.68.146 - - [23/Apr/2018:10:04:00 +0800] "GET /css/WEI_2000/animate.min.css HTTP/1.1" 304 - "http://merp.yudo.com.cn:8183/WEI_2000/WEI_2000" "Mozilla/5.0 (iPhone; CPU iPhone OS 10_3_3 like Mac OS X) AppleWebKit/603.3.8 (KHTML, like Gecko) Mobile/14G60JLAMPMode:iPhone"
117.136.68.146 - - [23/Apr/2018:10:04:00 +0800] "GET /js/WEI_2000/WEI_2000_Lists.js?v=201804201822 HTTP/1.1" 200 26057 "http://merp.yudo.com.cn:8183/WEI_2000/WEI_2000" "Mozilla/5.0 (iPhone; CPU iPhone OS 10_3_3 like Mac OS X) AppleWebKit/603.3.8 (KHTML, like Gecko) Mobile/14G60JLAMPMode:iPhone"
117.136.68.146 - - [23/Apr/2018:10:04:00 +0800] "GET /css/JLAMP.common.min.css HTTP/1.1" 200 - "http://merp.yudo.com.cn:8183/WEI_2000/WEI_2000" "Mozilla/5.0 (iPhone; CPU iPhone OS 10_3_3 like Mac OS X) AppleWebKit/603.3.8 (KHTML, like Gecko) Mobile/14G60JLAMPMode:iPhone"
117.136.68.146 - - [23/Apr/2018:10:04:01 +0800] "GET /css/WEI_2000/mui.min.css HTTP/1.1" 304 - "http://merp.yudo.com.cn:8183/WEI_2000/WEI_2000" "Mozilla/5.0 (iPhone; CPU iPhone OS 10_3_3 like Mac OS X) AppleWebKit/603.3.8 (KHTML, like Gecko) Mobile/14G60JLAMPMode:iPhone"
117.136.68.146 - - [23/Apr/2018:10:04:01 +0800] "GET /js/WEI_2000/mui.min.js HTTP/1.1" 304 - "http://merp.yudo.com.cn:8183/WEI_2000/WEI_2000" "Mozilla/5.0 (iPhone; CPU iPhone OS 10_3_3 like Mac OS X) AppleWebKit/603.3.8 (KHTML, like Gecko) Mobile/14G60JLAMPMode:iPhone"
117.136.68.146 - - [23/Apr/2018:10:04:01 +0800] "GET /image/qrcode.png HTTP/1.1" 304 - "http://merp.yudo.com.cn:8183/WEI_2000/WEI_2000" "Mozilla/5.0 (iPhone; CPU iPhone OS 10_3_3 like Mac OS X) AppleWebKit/603.3.8 (KHTML, like Gecko) Mobile/14G60JLAMPMode:iPhone"
117.136.68.146 - - [23/Apr/2018:10:04:01 +0800] "GET /third_party/KendoUI/js/kendo.all.min.js HTTP/1.1" 200 3038548 "http://merp.yudo.com.cn:8183/WEI_2000/WEI_2000" "Mozilla/5.0 (iPhone; CPU iPhone OS 10_3_3 like Mac OS X) AppleWebKit/603.3.8 (KHTML, like Gecko) Mobile/14G60JLAMPMode:iPhone"
::1 - - [23/Apr/2018:10:04:03 +0800] "OPTIONS * HTTP/1.0" 200 - "-" "Apache/2.4.6 (CentOS) PHP/5.6.32 (internal dummy connection)"
117.136.68.146 - - [23/Apr/2018:10:04:03 +0800] "POST /JLAMPCommon/langBatchRows_prc HTTP/1.1" 200 191 "http://merp.yudo.com.cn:8183/WEI_2000/WEI_2000" "Mozilla/5.0 (iPhone; CPU iPhone OS 10_3_3 like Mac OS X) AppleWebKit/603.3.8 (KHTML, like Gecko) Mobile/14G60JLAMPMode:iPhone"
117.136.68.146 - - [23/Apr/2018:10:04:04 +0800] "GET /JLAMPCommon/getCookieJson_prc HTTP/1.1" 200 842 "http://merp.yudo.com.cn:8183/WEI_2000/WEI_2000" "Mozilla/5.0 (iPhone; CPU iPhone OS 10_3_3 like Mac OS X) AppleWebKit/603.3.8 (KHTML, like Gecko) Mobile/14G60JLAMPMode:iPhone"
117.136.68.146 - - [23/Apr/2018:10:04:04 +0800] "POST /JLAMPCommon/langRow_prc HTTP/1.1" 200 191 "http://merp.yudo.com.cn:8183/WEI_2000/WEI_2000" "Mozilla/5.0 (iPhone; CPU iPhone OS 10_3_3 like Mac OS X) AppleWebKit/603.3.8 (KHTML, like Gecko) Mobile/14G60JLAMPMode:iPhone"
117.136.68.146 - - [23/Apr/2018:10:04:04 +0800] "POST /JLAMPCommon/langRow_prc HTTP/1.1" 200 203 "http://merp.yudo.com.cn:8183/WEI_2000/WEI_2000" "Mozilla/5.0 (iPhone; CPU iPhone OS 10_3_3 like Mac OS X) AppleWebKit/603.3.8 (KHTML, like Gecko) Mobile/14G60JLAMPMode:iPhone"
::1 - - [23/Apr/2018:10:04:07 +0800] "OPTIONS * HTTP/1.0" 200 - "-" "Apache/2.4.6 (CentOS) PHP/5.6.32 (internal dummy connection)"
117.136.68.146 - - [23/Apr/2018:10:04:11 +0800] "GET /WEI_2000/WEI_2000/order_prc?orderid=2017103280&orderby= HTTP/1.1" 200 63 "http://merp.yudo.com.cn:8183/WEI_2000/WEI_2000" "Mozilla/5.0 (iPhone; CPU iPhone OS 10_3_3 like Mac OS X) AppleWebKit/603.3.8 (KHTML, like Gecko) Mobile/14G60JLAMPMode:iPhone"
101.227.131.219 - - [23/Apr/2018:10:04:05 +0800] "GET /third_party/KendoUI/js/kendo.all.min.js HTTP/1.1" 200 3038548 "http://merp.yudo.com.cn:8183/?deviceType=mobile&devicePlatform=ios" "Mozilla/5.0 (Windows NT 6.1; WOW64; rv:50.0) Gecko/20100101 Firefox/50.0"
::1 - - [23/Apr/2018:10:04:30 +0800] "OPTIONS * HTTP/1.0" 200 - "-" "Apache/2.4.6 (CentOS) PHP/5.6.32 (internal dummy connection)"
101.227.131.219 - - [23/Apr/2018:10:04:35 +0800] "GET /third_party/loading-overlay/waitMe.js HTTP/1.1" 200 8583 "http://merp.yudo.com.cn:8183/?deviceType=mobile&devicePlatform=ios" "Mozilla/5.0 (Windows NT 6.1; WOW64; Trident/7.0; SLCC2; .NET CLR 2.0.50727; .NET CLR 3.5.30729; .NET CLR 3.0.30729; Media Center PC 6.0; .NET4.0C; .NET4.0E; InfoPath.3; rv:11.0) like Gecko"
101.227.131.219 - - [23/Apr/2018:10:04:44 +0800] "GET /third_party/slideout-1.0.1/slideout.js HTTP/1.1" 200 37980 "http://merp.yudo.com.cn:8183/?deviceType=mobile&devicePlatform=ios" "Mozilla/5.0 (Windows NT 6.1; WOW64; rv:50.0) Gecko/20100101 Firefox/50.0"
101.227.131.219 - - [23/Apr/2018:10:04:59 +0800] "GET /js/JLAMP.polyfill.min.js HTTP/1.1" 200 361 "http://merp.yudo.com.cn:8183/?deviceType=mobile&devicePlatform=ios" "Mozilla/5.0 (Macintosh; Intel Mac OS X 10_12_4) AppleWebKit/537.36 (KHTML, like Gecko) \t\t\tChrome/55.0.2883.95 Safari/537.36"
101.227.131.219 - - [23/Apr/2018:10:05:07 +0800] "GET /js/JLAMP.min.js HTTP/1.1" 200 1461 "http://merp.yudo.com.cn:8183/?deviceType=mobile&devicePlatform=ios" "Mozilla/5.0 (Windows NT 6.1; WOW64) AppleWebKit/537.36 (KHTML, like Gecko) Chrome/45.0.2454.101 Safari/537.36"
101.227.131.219 - - [23/Apr/2018:10:05:14 +0800] "GET /js/JLAMP.common.min.js HTTP/1.1" 200 9705 "http://merp.yudo.com.cn:8183/?deviceType=mobile&devicePlatform=ios" "Mozilla/5.0 (Windows NT 6.1; WOW64) AppleWebKit/537.36 (KHTML, like Gecko) Chrome/56.0.2924.87 Safari/537.36"
101.227.131.219 - - [23/Apr/2018:10:05:23 +0800] "GET /js/JLAMP.menu.min.js HTTP/1.1" 200 6519 "http://merp.yudo.com.cn:8183/?deviceType=mobile&devicePlatform=ios" "Mozilla/5.0 (Windows NT 6.1; WOW64; rv:50.0) Gecko/20100101 Firefox/50.0"
101.227.131.219 - - [23/Apr/2018:10:05:31 +0800] "GET /js/JLAMP.autobinding.min.js HTTP/1.1" 200 8816 "http://merp.yudo.com.cn:8183/?deviceType=mobile&devicePlatform=ios" "Mozilla/5.0 (Windows NT 6.1; WOW64) AppleWebKit/537.36 (KHTML, like Gecko) Chrome/43.0.2357.124 Safari/537.36"
101.227.131.219 - - [23/Apr/2018:10:05:38 +0800] "GET /js/JLAMP.modal.min.js HTTP/1.1" 200 16516 "http://merp.yudo.com.cn:8183/?deviceType=mobile&devicePlatform=ios" "Mozilla/5.0 (Windows NT 6.1; WOW64) AppleWebKit/537.36 (KHTML, like Gecko) Chrome/56.0.2924.87 Safari/537.36"
49.73.86.118 - - [23/Apr/2018:10:05:40 +0800] "GET /third_party/KendoUI/styles/kendo.bootstrap.min.css.map HTTP/1.1" 200 25777 "-" "Mozilla/5.0 (iPhone; CPU iPhone OS 11_0 like Mac OS X) AppleWebKit/604.1.38 (KHTML, like Gecko) Version/11.0 Mobile/15A372 Safari/604.1"
49.73.86.118 - - [23/Apr/2018:10:05:40 +0800] "GET /third_party/KendoUI/styles/kendo.bootstrap.mobile.min.css.map HTTP/1.1" 200 38075 "-" "Mozilla/5.0 (iPhone; CPU iPhone OS 11_0 like Mac OS X) AppleWebKit/604.1.38 (KHTML, like Gecko) Version/11.0 Mobile/15A372 Safari/604.1"
49.73.86.118 - - [23/Apr/2018:10:05:40 +0800] "GET /third_party/bootstrap-3.3.5/css/bootstrap-theme.css.map HTTP/1.1" 200 47721 "-" "Mozilla/5.0 (iPhone; CPU iPhone OS 11_0 like Mac OS X) AppleWebKit/604.1.38 (KHTML, like Gecko) Version/11.0 Mobile/15A372 Safari/604.1"
49.73.86.118 - - [23/Apr/2018:10:05:40 +0800] "GET /third_party/KendoUI/styles/kendo.common.min.css.map HTTP/1.1" 200 87034 "-" "Mozilla/5.0 (iPhone; CPU iPhone OS 11_0 like Mac OS X) AppleWebKit/604.1.38 (KHTML, like Gecko) Version/11.0 Mobile/15A372 Safari/604.1"
49.73.86.118 - - [23/Apr/2018:10:05:40 +0800] "GET /third_party/bootstrap-3.3.5/css/bootstrap.css.map HTTP/1.1" 200 390518 "-" "Mozilla/5.0 (iPhone; CPU iPhone OS 11_0 like Mac OS X) AppleWebKit/604.1.38 (KHTML, like Gecko) Version/11.0 Mobile/15A372 Safari/604.1"
49.73.86.118 - - [23/Apr/2018:10:05:40 +0800] "GET /third_party/KendoUI/js/kendo.all.min.js.map HTTP/1.1" 200 12386724 "-" "Mozilla/5.0 (iPhone; CPU iPhone OS 11_0 like Mac OS X) AppleWebKit/604.1.38 (KHTML, like Gecko) Version/11.0 Mobile/15A372 Safari/604.1"
49.73.86.118 - - [23/Apr/2018:10:05:45 +0800] "GET /WEI_2000/WEI_2000/mt_prc?orderid=2009070281 HTTP/1.1" 200 66 "http://merp.yudo.com.cn:8183/WEI_2000/WEI_2000" "Mozilla/5.0 (iPhone; CPU iPhone OS 11_0 like Mac OS X) AppleWebKit/604.1.38 (KHTML, like Gecko) Version/11.0 Mobile/15A372 Safari/604.1"
::1 - - [23/Apr/2018:10:05:48 +0800] "OPTIONS * HTTP/1.0" 200 - "-" "Apache/2.4.6 (CentOS) PHP/5.6.32 (internal dummy connection)"
::1 - - [23/Apr/2018:10:05:49 +0800] "OPTIONS * HTTP/1.0" 200 - "-" "Apache/2.4.6 (CentOS) PHP/5.6.32 (internal dummy connection)"
101.227.131.219 - - [23/Apr/2018:10:05:50 +0800] "GET /js/JLAMP.lang.min.js HTTP/1.1" 200 1750 "http://merp.yudo.com.cn:8183/?deviceType=mobile&devicePlatform=ios" "Mozilla/5.0 (Windows NT 6.1; WOW64) AppleWebKit/537.36 (KHTML, like Gecko) Chrome/53.0.2785.104 Safari/537.36 Core/1.53.2141.400 QQBrowser/9.5.10219.400"
::1 - - [23/Apr/2018:10:05:56 +0800] "OPTIONS * HTTP/1.0" 200 - "-" "Apache/2.4.6 (CentOS) PHP/5.6.32 (internal dummy connection)"
101.227.131.219 - - [23/Apr/2018:10:06:00 +0800] "GET /js/session.js HTTP/1.1" 200 638 "http://merp.yudo.com.cn:8183/?deviceType=mobile&devicePlatform=ios" "Mozilla/5.0 (Windows NT 6.1; WOW64) AppleWebKit/537.36 (KHTML, like Gecko) Chrome/53.0.2785.104 Safari/537.36 Core/1.53.2141.400 QQBrowser/9.5.10219.400"
101.227.131.219 - - [23/Apr/2018:10:06:08 +0800] "GET /js/version.js HTTP/1.1" 200 1044 "http://merp.yudo.com.cn:8183/?deviceType=mobile&devicePlatform=ios" "Mozilla/5.0 (Windows NT 6.1; WOW64; Trident/7.0; SLCC2; .NET CLR 2.0.50727; .NET CLR 3.5.30729; .NET CLR 3.0.30729; Media Center PC 6.0; .NET4.0C; .NET4.0E; InfoPath.3; rv:11.0) like Gecko"
101.227.131.219 - - [23/Apr/2018:10:06:17 +0800] "GET /js/common.js HTTP/1.1" 200 11633 "http://merp.yudo.com.cn:8183/?deviceType=mobile&devicePlatform=ios" "Mozilla/5.0 (Windows NT 6.1; WOW64; Trident/7.0; SLCC2; .NET CLR 2.0.50727; .NET CLR 3.5.30729; .NET CLR 3.0.30729; Media Center PC 6.0; .NET4.0C; .NET4.0E; InfoPath.3; rv:11.0) like Gecko"
101.227.131.219 - - [23/Apr/2018:10:06:25 +0800] "GET /js/GNB.js HTTP/1.1" 200 2176 "http://merp.yudo.com.cn:8183/?deviceType=mobile&devicePlatform=ios" "Mozilla/5.0 (Windows NT 6.1; WOW64; Trident/7.0; SLCC2; .NET CLR 2.0.50727; .NET CLR 3.5.30729; .NET CLR 3.0.30729; Media Center PC 6.0; .NET4.0C; .NET4.0E; InfoPath.3; rv:11.0) like Gecko"
101.227.131.219 - - [23/Apr/2018:10:06:33 +0800] "GET /js/login.js HTTP/1.1" 200 7593 "http://merp.yudo.com.cn:8183/?deviceType=mobile&devicePlatform=ios" "Mozilla/5.0 (Windows NT 6.1; WOW64; rv:50.0) Gecko/20100101 Firefox/50.0"
49.73.86.118 - - [23/Apr/2018:10:08:00 +0800] "GET /WEI_2000/WEI_2000 HTTP/1.1" 200 21452 "http://merp.yudo.com.cn:8183/Menu/Menu?formKey=M20180423T095836950" "Mozilla/5.0 (iPhone; CPU iPhone OS 11_0 like Mac OS X) AppleWebKit/604.1.38 (KHTML, like Gecko) Version/11.0 Mobile/15A372 Safari/604.1"
49.73.86.118 - - [23/Apr/2018:10:08:00 +0800] "GET /js/WEI_2000/WEI_2000_Lists.js?v=201804201822 HTTP/1.1" 304 - "http://merp.yudo.com.cn:8183/WEI_2000/WEI_2000" "Mozilla/5.0 (iPhone; CPU iPhone OS 11_0 like Mac OS X) AppleWebKit/604.1.38 (KHTML, like Gecko) Version/11.0 Mobile/15A372 Safari/604.1"
49.73.86.118 - - [23/Apr/2018:10:08:00 +0800] "GET /image/qrcode.png HTTP/1.1" 304 - "http://merp.yudo.com.cn:8183/WEI_2000/WEI_2000" "Mozilla/5.0 (iPhone; CPU iPhone OS 11_0 like Mac OS X) AppleWebKit/604.1.38 (KHTML, like Gecko) Version/11.0 Mobile/15A372 Safari/604.1"
49.73.86.118 - - [23/Apr/2018:10:08:02 +0800] "POST /JLAMPCommon/langBatchRows_prc HTTP/1.1" 200 6389 "http://merp.yudo.com.cn:8183/WEI_2000/WEI_2000" "Mozilla/5.0 (iPhone; CPU iPhone OS 11_0 like Mac OS X) AppleWebKit/604.1.38 (KHTML, like Gecko) Version/11.0 Mobile/15A372 Safari/604.1"
49.73.86.118 - - [23/Apr/2018:10:08:03 +0800] "GET /JLAMPCommon/getCookieJson_prc HTTP/1.1" 200 842 "http://merp.yudo.com.cn:8183/WEI_2000/WEI_2000" "Mozilla/5.0 (iPhone; CPU iPhone OS 11_0 like Mac OS X) AppleWebKit/604.1.38 (KHTML, like Gecko) Version/11.0 Mobile/15A372 Safari/604.1"
49.73.86.118 - - [23/Apr/2018:10:08:03 +0800] "POST /JLAMPCommon/langRow_prc HTTP/1.1" 200 191 "http://merp.yudo.com.cn:8183/WEI_2000/WEI_2000" "Mozilla/5.0 (iPhone; CPU iPhone OS 11_0 like Mac OS X) AppleWebKit/604.1.38 (KHTML, like Gecko) Version/11.0 Mobile/15A372 Safari/604.1"
49.73.86.118 - - [23/Apr/2018:10:08:03 +0800] "POST /JLAMPCommon/langRow_prc HTTP/1.1" 200 215 "http://merp.yudo.com.cn:8183/WEI_2000/WEI_2000" "Mozilla/5.0 (iPhone; CPU iPhone OS 11_0 like Mac OS X) AppleWebKit/604.1.38 (KHTML, like Gecko) Version/11.0 Mobile/15A372 Safari/604.1"
117.136.68.146 - - [23/Apr/2018:10:16:12 +0800] "GET /?deviceType=mobile&devicePlatform=ios HTTP/1.1" 302 149 "-" "Mozilla/5.0 (iPhone; CPU iPhone OS 10_3_3 like Mac OS X) AppleWebKit/603.3.8 (KHTML, like Gecko) Mobile/14G60JLAMPMode:iPhone"
117.136.68.146 - - [23/Apr/2018:10:16:13 +0800] "GET /Menu/Menu?formKey=M20180423T101403217 HTTP/1.1" 200 5730 "-" "Mozilla/5.0 (iPhone; CPU iPhone OS 10_3_3 like Mac OS X) AppleWebKit/603.3.8 (KHTML, like Gecko) Mobile/14G60JLAMPMode:iPhone"
117.136.68.146 - - [23/Apr/2018:10:16:13 +0800] "GET /WEI_2000/WEI_2000 HTTP/1.1" 200 21455 "http://merp.yudo.com.cn:8183/Menu/Menu?formKey=M20180423T101403217" "Mozilla/5.0 (iPhone; CPU iPhone OS 10_3_3 like Mac OS X) AppleWebKit/603.3.8 (KHTML, like Gecko) Mobile/14G60JLAMPMode:iPhone"
117.136.68.146 - - [23/Apr/2018:10:16:13 +0800] "GET /css/JLAMP.common.min.css HTTP/1.1" 200 - "http://merp.yudo.com.cn:8183/WEI_2000/WEI_2000" "Mozilla/5.0 (iPhone; CPU iPhone OS 10_3_3 like Mac OS X) AppleWebKit/603.3.8 (KHTML, like Gecko) Mobile/14G60JLAMPMode:iPhone"
117.136.68.146 - - [23/Apr/2018:10:16:13 +0800] "GET /css/WEI_2000/animate.min.css HTTP/1.1" 304 - "http://merp.yudo.com.cn:8183/WEI_2000/WEI_2000" "Mozilla/5.0 (iPhone; CPU iPhone OS 10_3_3 like Mac OS X) AppleWebKit/603.3.8 (KHTML, like Gecko) Mobile/14G60JLAMPMode:iPhone"
117.136.68.146 - - [23/Apr/2018:10:16:13 +0800] "GET /image/qrcode.png HTTP/1.1" 304 - "http://merp.yudo.com.cn:8183/WEI_2000/WEI_2000" "Mozilla/5.0 (iPhone; CPU iPhone OS 10_3_3 like Mac OS X) AppleWebKit/603.3.8 (KHTML, like Gecko) Mobile/14G60JLAMPMode:iPhone"
117.136.68.146 - - [23/Apr/2018:10:16:13 +0800] "GET /js/WEI_2000/mui.min.js HTTP/1.1" 304 - "http://merp.yudo.com.cn:8183/WEI_2000/WEI_2000" "Mozilla/5.0 (iPhone; CPU iPhone OS 10_3_3 like Mac OS X) AppleWebKit/603.3.8 (KHTML, like Gecko) Mobile/14G60JLAMPMode:iPhone"
117.136.68.146 - - [23/Apr/2018:10:16:13 +0800] "GET /js/WEI_2000/WEI_2000_Lists.js?v=201804201822 HTTP/1.1" 200 26071 "http://merp.yudo.com.cn:8183/WEI_2000/WEI_2000" "Mozilla/5.0 (iPhone; CPU iPhone OS 10_3_3 like Mac OS X) AppleWebKit/603.3.8 (KHTML, like Gecko) Mobile/14G60JLAMPMode:iPhone"
117.136.68.146 - - [23/Apr/2018:10:16:13 +0800] "GET /css/WEI_2000/mui.min.css HTTP/1.1" 304 - "http://merp.yudo.com.cn:8183/WEI_2000/WEI_2000" "Mozilla/5.0 (iPhone; CPU iPhone OS 10_3_3 like Mac OS X) AppleWebKit/603.3.8 (KHTML, like Gecko) Mobile/14G60JLAMPMode:iPhone"
117.136.68.146 - - [23/Apr/2018:10:16:13 +0800] "GET /third_party/KendoUI/js/kendo.all.min.js HTTP/1.1" 200 3038548 "http://merp.yudo.com.cn:8183/WEI_2000/WEI_2000" "Mozilla/5.0 (iPhone; CPU iPhone OS 10_3_3 like Mac OS X) AppleWebKit/603.3.8 (KHTML, like Gecko) Mobile/14G60JLAMPMode:iPhone"
117.136.68.146 - - [23/Apr/2018:10:16:15 +0800] "POST /JLAMPCommon/langBatchRows_prc HTTP/1.1" 200 191 "http://merp.yudo.com.cn:8183/WEI_2000/WEI_2000" "Mozilla/5.0 (iPhone; CPU iPhone OS 10_3_3 like Mac OS X) AppleWebKit/603.3.8 (KHTML, like Gecko) Mobile/14G60JLAMPMode:iPhone"
117.136.68.146 - - [23/Apr/2018:10:16:16 +0800] "GET /JLAMPCommon/getCookieJson_prc HTTP/1.1" 200 842 "http://merp.yudo.com.cn:8183/WEI_2000/WEI_2000" "Mozilla/5.0 (iPhone; CPU iPhone OS 10_3_3 like Mac OS X) AppleWebKit/603.3.8 (KHTML, like Gecko) Mobile/14G60JLAMPMode:iPhone"
117.136.68.146 - - [23/Apr/2018:10:16:16 +0800] "POST /JLAMPCommon/langRow_prc HTTP/1.1" 200 191 "http://merp.yudo.com.cn:8183/WEI_2000/WEI_2000" "Mozilla/5.0 (iPhone; CPU iPhone OS 10_3_3 like Mac OS X) AppleWebKit/603.3.8 (KHTML, like Gecko) Mobile/14G60JLAMPMode:iPhone"
117.136.68.146 - - [23/Apr/2018:10:16:16 +0800] "POST /JLAMPCommon/langRow_prc HTTP/1.1" 200 203 "http://merp.yudo.com.cn:8183/WEI_2000/WEI_2000" "Mozilla/5.0 (iPhone; CPU iPhone OS 10_3_3 like Mac OS X) AppleWebKit/603.3.8 (KHTML, like Gecko) Mobile/14G60JLAMPMode:iPhone"
::1 - - [23/Apr/2018:10:16:18 +0800] "OPTIONS * HTTP/1.0" 200 - "-" "Apache/2.4.6 (CentOS) PHP/5.6.32 (internal dummy connection)"
117.136.68.146 - - [23/Apr/2018:10:16:45 +0800] "GET /?deviceType=mobile&devicePlatform=ios HTTP/1.1" 302 149 "-" "Mozilla/5.0 (iPhone; CPU iPhone OS 10_3_3 like Mac OS X) AppleWebKit/603.3.8 (KHTML, like Gecko) Mobile/14G60JLAMPMode:iPhone"
117.136.68.146 - - [23/Apr/2018:10:16:45 +0800] "GET /Menu/Menu?formKey=M20180423T101435403 HTTP/1.1" 200 5730 "-" "Mozilla/5.0 (iPhone; CPU iPhone OS 10_3_3 like Mac OS X) AppleWebKit/603.3.8 (KHTML, like Gecko) Mobile/14G60JLAMPMode:iPhone"
117.136.68.146 - - [23/Apr/2018:10:16:45 +0800] "GET /WEI_2000/WEI_2000 HTTP/1.1" 200 21455 "http://merp.yudo.com.cn:8183/Menu/Menu?formKey=M20180423T101435403" "Mozilla/5.0 (iPhone; CPU iPhone OS 10_3_3 like Mac OS X) AppleWebKit/603.3.8 (KHTML, like Gecko) Mobile/14G60JLAMPMode:iPhone"
117.136.68.146 - - [23/Apr/2018:10:16:45 +0800] "GET /css/WEI_2000/animate.min.css HTTP/1.1" 304 - "http://merp.yudo.com.cn:8183/WEI_2000/WEI_2000" "Mozilla/5.0 (iPhone; CPU iPhone OS 10_3_3 like Mac OS X) AppleWebKit/603.3.8 (KHTML, like Gecko) Mobile/14G60JLAMPMode:iPhone"
117.136.68.146 - - [23/Apr/2018:10:16:45 +0800] "GET /css/JLAMP.common.min.css HTTP/1.1" 200 - "http://merp.yudo.com.cn:8183/WEI_2000/WEI_2000" "Mozilla/5.0 (iPhone; CPU iPhone OS 10_3_3 like Mac OS X) AppleWebKit/603.3.8 (KHTML, like Gecko) Mobile/14G60JLAMPMode:iPhone"
117.136.68.146 - - [23/Apr/2018:10:16:45 +0800] "GET /css/WEI_2000/mui.min.css HTTP/1.1" 304 - "http://merp.yudo.com.cn:8183/WEI_2000/WEI_2000" "Mozilla/5.0 (iPhone; CPU iPhone OS 10_3_3 like Mac OS X) AppleWebKit/603.3.8 (KHTML, like Gecko) Mobile/14G60JLAMPMode:iPhone"
117.136.68.146 - - [23/Apr/2018:10:16:45 +0800] "GET /image/qrcode.png HTTP/1.1" 304 - "http://merp.yudo.com.cn:8183/WEI_2000/WEI_2000" "Mozilla/5.0 (iPhone; CPU iPhone OS 10_3_3 like Mac OS X) AppleWebKit/603.3.8 (KHTML, like Gecko) Mobile/14G60JLAMPMode:iPhone"
117.136.68.146 - - [23/Apr/2018:10:16:45 +0800] "GET /js/WEI_2000/mui.min.js HTTP/1.1" 304 - "http://merp.yudo.com.cn:8183/WEI_2000/WEI_2000" "Mozilla/5.0 (iPhone; CPU iPhone OS 10_3_3 like Mac OS X) AppleWebKit/603.3.8 (KHTML, like Gecko) Mobile/14G60JLAMPMode:iPhone"
117.136.68.146 - - [23/Apr/2018:10:16:46 +0800] "GET /js/WEI_2000/WEI_2000_Lists.js?v=201804201822 HTTP/1.1" 304 - "http://merp.yudo.com.cn:8183/WEI_2000/WEI_2000" "Mozilla/5.0 (iPhone; CPU iPhone OS 10_3_3 like Mac OS X) AppleWebKit/603.3.8 (KHTML, like Gecko) Mobile/14G60JLAMPMode:iPhone"
117.136.68.146 - - [23/Apr/2018:10:16:45 +0800] "GET /third_party/KendoUI/js/kendo.all.min.js HTTP/1.1" 200 3038548 "http://merp.yudo.com.cn:8183/WEI_2000/WEI_2000" "Mozilla/5.0 (iPhone; CPU iPhone OS 10_3_3 like Mac OS X) AppleWebKit/603.3.8 (KHTML, like Gecko) Mobile/14G60JLAMPMode:iPhone"
117.136.68.146 - - [23/Apr/2018:10:16:48 +0800] "POST /JLAMPCommon/langBatchRows_prc HTTP/1.1" 200 191 "http://merp.yudo.com.cn:8183/WEI_2000/WEI_2000" "Mozilla/5.0 (iPhone; CPU iPhone OS 10_3_3 like Mac OS X) AppleWebKit/603.3.8 (KHTML, like Gecko) Mobile/14G60JLAMPMode:iPhone"
117.136.68.146 - - [23/Apr/2018:10:16:48 +0800] "GET /JLAMPCommon/getCookieJson_prc HTTP/1.1" 200 842 "http://merp.yudo.com.cn:8183/WEI_2000/WEI_2000" "Mozilla/5.0 (iPhone; CPU iPhone OS 10_3_3 like Mac OS X) AppleWebKit/603.3.8 (KHTML, like Gecko) Mobile/14G60JLAMPMode:iPhone"
117.136.68.146 - - [23/Apr/2018:10:16:49 +0800] "POST /JLAMPCommon/langRow_prc HTTP/1.1" 200 191 "http://merp.yudo.com.cn:8183/WEI_2000/WEI_2000" "Mozilla/5.0 (iPhone; CPU iPhone OS 10_3_3 like Mac OS X) AppleWebKit/603.3.8 (KHTML, like Gecko) Mobile/14G60JLAMPMode:iPhone"
117.136.68.146 - - [23/Apr/2018:10:16:49 +0800] "POST /JLAMPCommon/langRow_prc HTTP/1.1" 200 203 "http://merp.yudo.com.cn:8183/WEI_2000/WEI_2000" "Mozilla/5.0 (iPhone; CPU iPhone OS 10_3_3 like Mac OS X) AppleWebKit/603.3.8 (KHTML, like Gecko) Mobile/14G60JLAMPMode:iPhone"
::1 - - [23/Apr/2018:10:16:52 +0800] "OPTIONS * HTTP/1.0" 200 - "-" "Apache/2.4.6 (CentOS) PHP/5.6.32 (internal dummy connection)"
117.136.68.146 - - [23/Apr/2018:10:16:54 +0800] "GET /WEI_2000/WEI_2000/order_prc?orderid=2017103280&orderby= HTTP/1.1" 200 332 "http://merp.yudo.com.cn:8183/WEI_2000/WEI_2000" "Mozilla/5.0 (iPhone; CPU iPhone OS 10_3_3 like Mac OS X) AppleWebKit/603.3.8 (KHTML, like Gecko) Mobile/14G60JLAMPMode:iPhone"
49.73.24.187 - - [23/Apr/2018:10:17:01 +0800] "GET /WEI_2000/WEI_2000 HTTP/1.1" 200 21452 "http://merp.yudo.com.cn:8183/Menu/Menu?formKey=M20180423T095836950" "Mozilla/5.0 (iPhone; CPU iPhone OS 11_0 like Mac OS X) AppleWebKit/604.1.38 (KHTML, like Gecko) Version/11.0 Mobile/15A372 Safari/604.1"
49.73.24.187 - - [23/Apr/2018:10:17:01 +0800] "GET /js/WEI_2000/WEI_2000_Lists.js?v=201804201822 HTTP/1.1" 200 26071 "http://merp.yudo.com.cn:8183/WEI_2000/WEI_2000" "Mozilla/5.0 (iPhone; CPU iPhone OS 11_0 like Mac OS X) AppleWebKit/604.1.38 (KHTML, like Gecko) Version/11.0 Mobile/15A372 Safari/604.1"
49.73.24.187 - - [23/Apr/2018:10:17:01 +0800] "GET /image/qrcode.png HTTP/1.1" 304 - "http://merp.yudo.com.cn:8183/WEI_2000/WEI_2000" "Mozilla/5.0 (iPhone; CPU iPhone OS 11_0 like Mac OS X) AppleWebKit/604.1.38 (KHTML, like Gecko) Version/11.0 Mobile/15A372 Safari/604.1"
49.73.24.187 - - [23/Apr/2018:10:17:03 +0800] "POST /JLAMPCommon/langBatchRows_prc HTTP/1.1" 200 6389 "http://merp.yudo.com.cn:8183/WEI_2000/WEI_2000" "Mozilla/5.0 (iPhone; CPU iPhone OS 11_0 like Mac OS X) AppleWebKit/604.1.38 (KHTML, like Gecko) Version/11.0 Mobile/15A372 Safari/604.1"
49.73.24.187 - - [23/Apr/2018:10:17:03 +0800] "GET /JLAMPCommon/getCookieJson_prc HTTP/1.1" 200 842 "http://merp.yudo.com.cn:8183/WEI_2000/WEI_2000" "Mozilla/5.0 (iPhone; CPU iPhone OS 11_0 like Mac OS X) AppleWebKit/604.1.38 (KHTML, like Gecko) Version/11.0 Mobile/15A372 Safari/604.1"
49.73.24.187 - - [23/Apr/2018:10:17:03 +0800] "POST /JLAMPCommon/langRow_prc HTTP/1.1" 200 191 "http://merp.yudo.com.cn:8183/WEI_2000/WEI_2000" "Mozilla/5.0 (iPhone; CPU iPhone OS 11_0 like Mac OS X) AppleWebKit/604.1.38 (KHTML, like Gecko) Version/11.0 Mobile/15A372 Safari/604.1"
49.73.24.187 - - [23/Apr/2018:10:17:03 +0800] "POST /JLAMPCommon/langRow_prc HTTP/1.1" 200 215 "http://merp.yudo.com.cn:8183/WEI_2000/WEI_2000" "Mozilla/5.0 (iPhone; CPU iPhone OS 11_0 like Mac OS X) AppleWebKit/604.1.38 (KHTML, like Gecko) Version/11.0 Mobile/15A372 Safari/604.1"
49.73.24.187 - - [23/Apr/2018:10:17:11 +0800] "GET /WEI_2000/WEI_2000/order_prc?orderid=2017103280&orderby=trust HTTP/1.1" 200 332 "http://merp.yudo.com.cn:8183/WEI_2000/WEI_2000" "Mozilla/5.0 (iPhone; CPU iPhone OS 11_0 like Mac OS X) AppleWebKit/604.1.38 (KHTML, like Gecko) Version/11.0 Mobile/15A372 Safari/604.1"
49.73.24.187 - - [23/Apr/2018:10:17:13 +0800] "GET /WEI_2000/WEI_2000/mt_prc?orderid=2017103280 HTTP/1.1" 200 66 "http://merp.yudo.com.cn:8183/WEI_2000/WEI_2000" "Mozilla/5.0 (iPhone; CPU iPhone OS 11_0 like Mac OS X) AppleWebKit/604.1.38 (KHTML, like Gecko) Version/11.0 Mobile/15A372 Safari/604.1"
117.136.68.146 - - [23/Apr/2018:10:23:05 +0800] "GET /?deviceType=mobile&devicePlatform=ios HTTP/1.1" 302 149 "-" "Mozilla/5.0 (iPhone; CPU iPhone OS 10_3_3 like Mac OS X) AppleWebKit/603.3.8 (KHTML, like Gecko) Mobile/14G60JLAMPMode:iPhone"
117.136.68.146 - - [23/Apr/2018:10:23:06 +0800] "GET /Menu/Menu?formKey=M20180423T102056070 HTTP/1.1" 200 5730 "-" "Mozilla/5.0 (iPhone; CPU iPhone OS 10_3_3 like Mac OS X) AppleWebKit/603.3.8 (KHTML, like Gecko) Mobile/14G60JLAMPMode:iPhone"
117.136.68.146 - - [23/Apr/2018:10:23:06 +0800] "GET /WEI_2000/WEI_2000 HTTP/1.1" 200 21455 "http://merp.yudo.com.cn:8183/Menu/Menu?formKey=M20180423T102056070" "Mozilla/5.0 (iPhone; CPU iPhone OS 10_3_3 like Mac OS X) AppleWebKit/603.3.8 (KHTML, like Gecko) Mobile/14G60JLAMPMode:iPhone"
117.136.68.146 - - [23/Apr/2018:10:23:06 +0800] "GET /js/WEI_2000/WEI_2000_Lists.js?v=201804201822 HTTP/1.1" 200 26709 "http://merp.yudo.com.cn:8183/WEI_2000/WEI_2000" "Mozilla/5.0 (iPhone; CPU iPhone OS 10_3_3 like Mac OS X) AppleWebKit/603.3.8 (KHTML, like Gecko) Mobile/14G60JLAMPMode:iPhone"
117.136.68.146 - - [23/Apr/2018:10:23:06 +0800] "GET /css/WEI_2000/animate.min.css HTTP/1.1" 304 - "http://merp.yudo.com.cn:8183/WEI_2000/WEI_2000" "Mozilla/5.0 (iPhone; CPU iPhone OS 10_3_3 like Mac OS X) AppleWebKit/603.3.8 (KHTML, like Gecko) Mobile/14G60JLAMPMode:iPhone"
117.136.68.146 - - [23/Apr/2018:10:23:06 +0800] "GET /css/JLAMP.common.min.css HTTP/1.1" 200 - "http://merp.yudo.com.cn:8183/WEI_2000/WEI_2000" "Mozilla/5.0 (iPhone; CPU iPhone OS 10_3_3 like Mac OS X) AppleWebKit/603.3.8 (KHTML, like Gecko) Mobile/14G60JLAMPMode:iPhone"
117.136.68.146 - - [23/Apr/2018:10:23:06 +0800] "GET /css/WEI_2000/mui.min.css HTTP/1.1" 304 - "http://merp.yudo.com.cn:8183/WEI_2000/WEI_2000" "Mozilla/5.0 (iPhone; CPU iPhone OS 10_3_3 like Mac OS X) AppleWebKit/603.3.8 (KHTML, like Gecko) Mobile/14G60JLAMPMode:iPhone"
117.136.68.146 - - [23/Apr/2018:10:23:06 +0800] "GET /js/WEI_2000/mui.min.js HTTP/1.1" 304 - "http://merp.yudo.com.cn:8183/WEI_2000/WEI_2000" "Mozilla/5.0 (iPhone; CPU iPhone OS 10_3_3 like Mac OS X) AppleWebKit/603.3.8 (KHTML, like Gecko) Mobile/14G60JLAMPMode:iPhone"
117.136.68.146 - - [23/Apr/2018:10:23:06 +0800] "GET /image/qrcode.png HTTP/1.1" 304 - "http://merp.yudo.com.cn:8183/WEI_2000/WEI_2000" "Mozilla/5.0 (iPhone; CPU iPhone OS 10_3_3 like Mac OS X) AppleWebKit/603.3.8 (KHTML, like Gecko) Mobile/14G60JLAMPMode:iPhone"
117.136.68.146 - - [23/Apr/2018:10:23:06 +0800] "GET /third_party/KendoUI/js/kendo.all.min.js HTTP/1.1" 200 3038548 "http://merp.yudo.com.cn:8183/WEI_2000/WEI_2000" "Mozilla/5.0 (iPhone; CPU iPhone OS 10_3_3 like Mac OS X) AppleWebKit/603.3.8 (KHTML, like Gecko) Mobile/14G60JLAMPMode:iPhone"
117.136.68.146 - - [23/Apr/2018:10:23:09 +0800] "POST /JLAMPCommon/langBatchRows_prc HTTP/1.1" 200 191 "http://merp.yudo.com.cn:8183/WEI_2000/WEI_2000" "Mozilla/5.0 (iPhone; CPU iPhone OS 10_3_3 like Mac OS X) AppleWebKit/603.3.8 (KHTML, like Gecko) Mobile/14G60JLAMPMode:iPhone"
117.136.68.146 - - [23/Apr/2018:10:23:09 +0800] "GET /JLAMPCommon/getCookieJson_prc HTTP/1.1" 200 842 "http://merp.yudo.com.cn:8183/WEI_2000/WEI_2000" "Mozilla/5.0 (iPhone; CPU iPhone OS 10_3_3 like Mac OS X) AppleWebKit/603.3.8 (KHTML, like Gecko) Mobile/14G60JLAMPMode:iPhone"
117.136.68.146 - - [23/Apr/2018:10:23:10 +0800] "POST /JLAMPCommon/langRow_prc HTTP/1.1" 200 191 "http://merp.yudo.com.cn:8183/WEI_2000/WEI_2000" "Mozilla/5.0 (iPhone; CPU iPhone OS 10_3_3 like Mac OS X) AppleWebKit/603.3.8 (KHTML, like Gecko) Mobile/14G60JLAMPMode:iPhone"
117.136.68.146 - - [23/Apr/2018:10:23:10 +0800] "POST /JLAMPCommon/langRow_prc HTTP/1.1" 200 203 "http://merp.yudo.com.cn:8183/WEI_2000/WEI_2000" "Mozilla/5.0 (iPhone; CPU iPhone OS 10_3_3 like Mac OS X) AppleWebKit/603.3.8 (KHTML, like Gecko) Mobile/14G60JLAMPMode:iPhone"
::1 - - [23/Apr/2018:10:23:13 +0800] "OPTIONS * HTTP/1.0" 200 - "-" "Apache/2.4.6 (CentOS) PHP/5.6.32 (internal dummy connection)"
117.136.68.146 - - [23/Apr/2018:10:23:16 +0800] "GET /WEI_2000/WEI_2000/order_prc?orderid=2017103280&orderby= HTTP/1.1" 200 332 "http://merp.yudo.com.cn:8183/WEI_2000/WEI_2000" "Mozilla/5.0 (iPhone; CPU iPhone OS 10_3_3 like Mac OS X) AppleWebKit/603.3.8 (KHTML, like Gecko) Mobile/14G60JLAMPMode:iPhone"
117.136.68.146 - - [23/Apr/2018:10:23:16 +0800] "GET /WEI_2000/WEI_2000/mt_prc?orderid='2017103280 HTTP/1.1" 200 66 "http://merp.yudo.com.cn:8183/WEI_2000/WEI_2000" "Mozilla/5.0 (iPhone; CPU iPhone OS 10_3_3 like Mac OS X) AppleWebKit/603.3.8 (KHTML, like Gecko) Mobile/14G60JLAMPMode:iPhone"
117.136.68.146 - - [23/Apr/2018:10:24:17 +0800] "GET /?deviceType=mobile&devicePlatform=ios HTTP/1.1" 302 149 "-" "Mozilla/5.0 (iPhone; CPU iPhone OS 10_3_3 like Mac OS X) AppleWebKit/603.3.8 (KHTML, like Gecko) Mobile/14G60JLAMPMode:iPhone"
117.136.68.146 - - [23/Apr/2018:10:24:18 +0800] "GET /Menu/Menu?formKey=M20180423T102207937 HTTP/1.1" 200 5730 "-" "Mozilla/5.0 (iPhone; CPU iPhone OS 10_3_3 like Mac OS X) AppleWebKit/603.3.8 (KHTML, like Gecko) Mobile/14G60JLAMPMode:iPhone"
117.136.68.146 - - [23/Apr/2018:10:24:18 +0800] "GET /WEI_2000/WEI_2000 HTTP/1.1" 200 21455 "http://merp.yudo.com.cn:8183/Menu/Menu?formKey=M20180423T102207937" "Mozilla/5.0 (iPhone; CPU iPhone OS 10_3_3 like Mac OS X) AppleWebKit/603.3.8 (KHTML, like Gecko) Mobile/14G60JLAMPMode:iPhone"
117.136.68.146 - - [23/Apr/2018:10:24:18 +0800] "GET /css/WEI_2000/animate.min.css HTTP/1.1" 304 - "http://merp.yudo.com.cn:8183/WEI_2000/WEI_2000" "Mozilla/5.0 (iPhone; CPU iPhone OS 10_3_3 like Mac OS X) AppleWebKit/603.3.8 (KHTML, like Gecko) Mobile/14G60JLAMPMode:iPhone"
117.136.68.146 - - [23/Apr/2018:10:24:18 +0800] "GET /css/JLAMP.common.min.css HTTP/1.1" 200 - "http://merp.yudo.com.cn:8183/WEI_2000/WEI_2000" "Mozilla/5.0 (iPhone; CPU iPhone OS 10_3_3 like Mac OS X) AppleWebKit/603.3.8 (KHTML, like Gecko) Mobile/14G60JLAMPMode:iPhone"
117.136.68.146 - - [23/Apr/2018:10:24:18 +0800] "GET /css/WEI_2000/mui.min.css HTTP/1.1" 304 - "http://merp.yudo.com.cn:8183/WEI_2000/WEI_2000" "Mozilla/5.0 (iPhone; CPU iPhone OS 10_3_3 like Mac OS X) AppleWebKit/603.3.8 (KHTML, like Gecko) Mobile/14G60JLAMPMode:iPhone"
117.136.68.146 - - [23/Apr/2018:10:24:18 +0800] "GET /image/qrcode.png HTTP/1.1" 304 - "http://merp.yudo.com.cn:8183/WEI_2000/WEI_2000" "Mozilla/5.0 (iPhone; CPU iPhone OS 10_3_3 like Mac OS X) AppleWebKit/603.3.8 (KHTML, like Gecko) Mobile/14G60JLAMPMode:iPhone"
117.136.68.146 - - [23/Apr/2018:10:24:18 +0800] "GET /js/WEI_2000/mui.min.js HTTP/1.1" 304 - "http://merp.yudo.com.cn:8183/WEI_2000/WEI_2000" "Mozilla/5.0 (iPhone; CPU iPhone OS 10_3_3 like Mac OS X) AppleWebKit/603.3.8 (KHTML, like Gecko) Mobile/14G60JLAMPMode:iPhone"
117.136.68.146 - - [23/Apr/2018:10:24:18 +0800] "GET /js/WEI_2000/WEI_2000_Lists.js?v=201804201822 HTTP/1.1" 200 26636 "http://merp.yudo.com.cn:8183/WEI_2000/WEI_2000" "Mozilla/5.0 (iPhone; CPU iPhone OS 10_3_3 like Mac OS X) AppleWebKit/603.3.8 (KHTML, like Gecko) Mobile/14G60JLAMPMode:iPhone"
117.136.68.146 - - [23/Apr/2018:10:24:18 +0800] "GET /third_party/KendoUI/js/kendo.all.min.js HTTP/1.1" 200 3038548 "http://merp.yudo.com.cn:8183/WEI_2000/WEI_2000" "Mozilla/5.0 (iPhone; CPU iPhone OS 10_3_3 like Mac OS X) AppleWebKit/603.3.8 (KHTML, like Gecko) Mobile/14G60JLAMPMode:iPhone"
117.136.68.146 - - [23/Apr/2018:10:24:21 +0800] "POST /JLAMPCommon/langBatchRows_prc HTTP/1.1" 200 191 "http://merp.yudo.com.cn:8183/WEI_2000/WEI_2000" "Mozilla/5.0 (iPhone; CPU iPhone OS 10_3_3 like Mac OS X) AppleWebKit/603.3.8 (KHTML, like Gecko) Mobile/14G60JLAMPMode:iPhone"
117.136.68.146 - - [23/Apr/2018:10:24:21 +0800] "GET /JLAMPCommon/getCookieJson_prc HTTP/1.1" 200 842 "http://merp.yudo.com.cn:8183/WEI_2000/WEI_2000" "Mozilla/5.0 (iPhone; CPU iPhone OS 10_3_3 like Mac OS X) AppleWebKit/603.3.8 (KHTML, like Gecko) Mobile/14G60JLAMPMode:iPhone"
117.136.68.146 - - [23/Apr/2018:10:24:22 +0800] "POST /JLAMPCommon/langRow_prc HTTP/1.1" 200 191 "http://merp.yudo.com.cn:8183/WEI_2000/WEI_2000" "Mozilla/5.0 (iPhone; CPU iPhone OS 10_3_3 like Mac OS X) AppleWebKit/603.3.8 (KHTML, like Gecko) Mobile/14G60JLAMPMode:iPhone"
117.136.68.146 - - [23/Apr/2018:10:24:22 +0800] "POST /JLAMPCommon/langRow_prc HTTP/1.1" 200 203 "http://merp.yudo.com.cn:8183/WEI_2000/WEI_2000" "Mozilla/5.0 (iPhone; CPU iPhone OS 10_3_3 like Mac OS X) AppleWebKit/603.3.8 (KHTML, like Gecko) Mobile/14G60JLAMPMode:iPhone"
::1 - - [23/Apr/2018:10:24:24 +0800] "OPTIONS * HTTP/1.0" 200 - "-" "Apache/2.4.6 (CentOS) PHP/5.6.32 (internal dummy connection)"
117.136.68.146 - - [23/Apr/2018:10:24:27 +0800] "GET /WEI_2000/WEI_2000/order_prc?orderid=2017103280&orderby= HTTP/1.1" 200 332 "http://merp.yudo.com.cn:8183/WEI_2000/WEI_2000" "Mozilla/5.0 (iPhone; CPU iPhone OS 10_3_3 like Mac OS X) AppleWebKit/603.3.8 (KHTML, like Gecko) Mobile/14G60JLAMPMode:iPhone"
117.136.68.146 - - [23/Apr/2018:10:24:27 +0800] "GET /WEI_2000/WEI_2000/mt_prc?orderid=2017103280 HTTP/1.1" 200 66 "http://merp.yudo.com.cn:8183/WEI_2000/WEI_2000" "Mozilla/5.0 (iPhone; CPU iPhone OS 10_3_3 like Mac OS X) AppleWebKit/603.3.8 (KHTML, like Gecko) Mobile/14G60JLAMPMode:iPhone"
117.136.68.146 - - [23/Apr/2018:10:24:32 +0800] "GET /WEI_2000/WEI_2000/user_prc?username=&userid=&groupname= HTTP/1.1" 200 219609 "http://merp.yudo.com.cn:8183/WEI_2000/WEI_2000" "Mozilla/5.0 (iPhone; CPU iPhone OS 10_3_3 like Mac OS X) AppleWebKit/603.3.8 (KHTML, like Gecko) Mobile/14G60JLAMPMode:iPhone"
117.136.68.146 - - [23/Apr/2018:10:26:22 +0800] "GET /?deviceType=mobile&devicePlatform=ios HTTP/1.1" 302 149 "-" "Mozilla/5.0 (iPhone; CPU iPhone OS 10_3_3 like Mac OS X) AppleWebKit/603.3.8 (KHTML, like Gecko) Mobile/14G60JLAMPMode:iPhone"
117.136.68.146 - - [23/Apr/2018:10:26:23 +0800] "GET /Menu/Menu?formKey=M20180423T102413153 HTTP/1.1" 200 5730 "-" "Mozilla/5.0 (iPhone; CPU iPhone OS 10_3_3 like Mac OS X) AppleWebKit/603.3.8 (KHTML, like Gecko) Mobile/14G60JLAMPMode:iPhone"
117.136.68.146 - - [23/Apr/2018:10:26:23 +0800] "GET /WEI_2000/WEI_2000 HTTP/1.1" 200 21455 "http://merp.yudo.com.cn:8183/Menu/Menu?formKey=M20180423T102413153" "Mozilla/5.0 (iPhone; CPU iPhone OS 10_3_3 like Mac OS X) AppleWebKit/603.3.8 (KHTML, like Gecko) Mobile/14G60JLAMPMode:iPhone"
117.136.68.146 - - [23/Apr/2018:10:26:23 +0800] "GET /css/JLAMP.common.min.css HTTP/1.1" 200 - "http://merp.yudo.com.cn:8183/WEI_2000/WEI_2000" "Mozilla/5.0 (iPhone; CPU iPhone OS 10_3_3 like Mac OS X) AppleWebKit/603.3.8 (KHTML, like Gecko) Mobile/14G60JLAMPMode:iPhone"
117.136.68.146 - - [23/Apr/2018:10:26:23 +0800] "GET /css/WEI_2000/mui.min.css HTTP/1.1" 304 - "http://merp.yudo.com.cn:8183/WEI_2000/WEI_2000" "Mozilla/5.0 (iPhone; CPU iPhone OS 10_3_3 like Mac OS X) AppleWebKit/603.3.8 (KHTML, like Gecko) Mobile/14G60JLAMPMode:iPhone"
117.136.68.146 - - [23/Apr/2018:10:26:23 +0800] "GET /css/WEI_2000/animate.min.css HTTP/1.1" 304 - "http://merp.yudo.com.cn:8183/WEI_2000/WEI_2000" "Mozilla/5.0 (iPhone; CPU iPhone OS 10_3_3 like Mac OS X) AppleWebKit/603.3.8 (KHTML, like Gecko) Mobile/14G60JLAMPMode:iPhone"
117.136.68.146 - - [23/Apr/2018:10:26:23 +0800] "GET /js/WEI_2000/WEI_2000_Lists.js?v=201804201822 HTTP/1.1" 200 27365 "http://merp.yudo.com.cn:8183/WEI_2000/WEI_2000" "Mozilla/5.0 (iPhone; CPU iPhone OS 10_3_3 like Mac OS X) AppleWebKit/603.3.8 (KHTML, like Gecko) Mobile/14G60JLAMPMode:iPhone"
117.136.68.146 - - [23/Apr/2018:10:26:23 +0800] "GET /js/WEI_2000/mui.min.js HTTP/1.1" 304 - "http://merp.yudo.com.cn:8183/WEI_2000/WEI_2000" "Mozilla/5.0 (iPhone; CPU iPhone OS 10_3_3 like Mac OS X) AppleWebKit/603.3.8 (KHTML, like Gecko) Mobile/14G60JLAMPMode:iPhone"
117.136.68.146 - - [23/Apr/2018:10:26:23 +0800] "GET /image/qrcode.png HTTP/1.1" 304 - "http://merp.yudo.com.cn:8183/WEI_2000/WEI_2000" "Mozilla/5.0 (iPhone; CPU iPhone OS 10_3_3 like Mac OS X) AppleWebKit/603.3.8 (KHTML, like Gecko) Mobile/14G60JLAMPMode:iPhone"
117.136.68.146 - - [23/Apr/2018:10:26:23 +0800] "GET /third_party/KendoUI/js/kendo.all.min.js HTTP/1.1" 200 3038548 "http://merp.yudo.com.cn:8183/WEI_2000/WEI_2000" "Mozilla/5.0 (iPhone; CPU iPhone OS 10_3_3 like Mac OS X) AppleWebKit/603.3.8 (KHTML, like Gecko) Mobile/14G60JLAMPMode:iPhone"
117.136.68.146 - - [23/Apr/2018:10:26:26 +0800] "POST /JLAMPCommon/langBatchRows_prc HTTP/1.1" 200 191 "http://merp.yudo.com.cn:8183/WEI_2000/WEI_2000" "Mozilla/5.0 (iPhone; CPU iPhone OS 10_3_3 like Mac OS X) AppleWebKit/603.3.8 (KHTML, like Gecko) Mobile/14G60JLAMPMode:iPhone"
117.136.68.146 - - [23/Apr/2018:10:26:26 +0800] "GET /JLAMPCommon/getCookieJson_prc HTTP/1.1" 200 842 "http://merp.yudo.com.cn:8183/WEI_2000/WEI_2000" "Mozilla/5.0 (iPhone; CPU iPhone OS 10_3_3 like Mac OS X) AppleWebKit/603.3.8 (KHTML, like Gecko) Mobile/14G60JLAMPMode:iPhone"
117.136.68.146 - - [23/Apr/2018:10:26:27 +0800] "POST /JLAMPCommon/langRow_prc HTTP/1.1" 200 191 "http://merp.yudo.com.cn:8183/WEI_2000/WEI_2000" "Mozilla/5.0 (iPhone; CPU iPhone OS 10_3_3 like Mac OS X) AppleWebKit/603.3.8 (KHTML, like Gecko) Mobile/14G60JLAMPMode:iPhone"
117.136.68.146 - - [23/Apr/2018:10:26:27 +0800] "POST /JLAMPCommon/langRow_prc HTTP/1.1" 200 203 "http://merp.yudo.com.cn:8183/WEI_2000/WEI_2000" "Mozilla/5.0 (iPhone; CPU iPhone OS 10_3_3 like Mac OS X) AppleWebKit/603.3.8 (KHTML, like Gecko) Mobile/14G60JLAMPMode:iPhone"
::1 - - [23/Apr/2018:10:26:29 +0800] "OPTIONS * HTTP/1.0" 200 - "-" "Apache/2.4.6 (CentOS) PHP/5.6.32 (internal dummy connection)"
117.136.68.146 - - [23/Apr/2018:10:26:30 +0800] "GET /WEI_2000/WEI_2000/user_prc?username=&userid=&groupname= HTTP/1.1" 200 219609 "http://merp.yudo.com.cn:8183/WEI_2000/WEI_2000" "Mozilla/5.0 (iPhone; CPU iPhone OS 10_3_3 like Mac OS X) AppleWebKit/603.3.8 (KHTML, like Gecko) Mobile/14G60JLAMPMode:iPhone"
117.136.68.146 - - [23/Apr/2018:10:26:38 +0800] "GET /WEI_2000/WEI_2000/user_prc?username=&userid=&groupname= HTTP/1.1" 200 219609 "http://merp.yudo.com.cn:8183/WEI_2000/WEI_2000" "Mozilla/5.0 (iPhone; CPU iPhone OS 10_3_3 like Mac OS X) AppleWebKit/603.3.8 (KHTML, like Gecko) Mobile/14G60JLAMPMode:iPhone"
117.136.68.146 - - [23/Apr/2018:10:27:02 +0800] "GET /WEI_2000/WEI_2000/user_prc?username=%E7%8E%8B&userid=&groupname= HTTP/1.1" 200 15665 "http://merp.yudo.com.cn:8183/WEI_2000/WEI_2000" "Mozilla/5.0 (iPhone; CPU iPhone OS 10_3_3 like Mac OS X) AppleWebKit/603.3.8 (KHTML, like Gecko) Mobile/14G60JLAMPMode:iPhone"
117.136.68.146 - - [23/Apr/2018:10:27:20 +0800] "GET /WEI_2000/WEI_2000/order_prc?orderid=2017103280&orderby= HTTP/1.1" 200 332 "http://merp.yudo.com.cn:8183/WEI_2000/WEI_2000" "Mozilla/5.0 (iPhone; CPU iPhone OS 10_3_3 like Mac OS X) AppleWebKit/603.3.8 (KHTML, like Gecko) Mobile/14G60JLAMPMode:iPhone"
117.136.68.146 - - [23/Apr/2018:10:27:20 +0800] "GET /WEI_2000/WEI_2000/mt_prc?orderid=2017103280 HTTP/1.1" 200 66 "http://merp.yudo.com.cn:8183/WEI_2000/WEI_2000" "Mozilla/5.0 (iPhone; CPU iPhone OS 10_3_3 like Mac OS X) AppleWebKit/603.3.8 (KHTML, like Gecko) Mobile/14G60JLAMPMode:iPhone"
117.136.68.146 - - [23/Apr/2018:10:27:37 +0800] "GET /WEI_2000/WEI_2000/order_prc?orderid=2017103280&orderby= HTTP/1.1" 200 332 "http://merp.yudo.com.cn:8183/WEI_2000/WEI_2000" "Mozilla/5.0 (iPhone; CPU iPhone OS 10_3_3 like Mac OS X) AppleWebKit/603.3.8 (KHTML, like Gecko) Mobile/14G60JLAMPMode:iPhone"
117.136.68.146 - - [23/Apr/2018:10:27:38 +0800] "GET /WEI_2000/WEI_2000/mt_prc?orderid=2017103280 HTTP/1.1" 200 66 "http://merp.yudo.com.cn:8183/WEI_2000/WEI_2000" "Mozilla/5.0 (iPhone; CPU iPhone OS 10_3_3 like Mac OS X) AppleWebKit/603.3.8 (KHTML, like Gecko) Mobile/14G60JLAMPMode:iPhone"
117.136.68.146 - - [23/Apr/2018:10:28:39 +0800] "GET /?deviceType=mobile&devicePlatform=ios HTTP/1.1" 302 149 "-" "Mozilla/5.0 (iPhone; CPU iPhone OS 10_3_3 like Mac OS X) AppleWebKit/603.3.8 (KHTML, like Gecko) Mobile/14G60JLAMPMode:iPhone"
117.136.68.146 - - [23/Apr/2018:10:28:40 +0800] "GET /Menu/Menu?formKey=M20180423T102630090 HTTP/1.1" 200 5730 "-" "Mozilla/5.0 (iPhone; CPU iPhone OS 10_3_3 like Mac OS X) AppleWebKit/603.3.8 (KHTML, like Gecko) Mobile/14G60JLAMPMode:iPhone"
117.136.68.146 - - [23/Apr/2018:10:28:40 +0800] "GET /WEI_2000/WEI_2000 HTTP/1.1" 200 21455 "http://merp.yudo.com.cn:8183/Menu/Menu?formKey=M20180423T102630090" "Mozilla/5.0 (iPhone; CPU iPhone OS 10_3_3 like Mac OS X) AppleWebKit/603.3.8 (KHTML, like Gecko) Mobile/14G60JLAMPMode:iPhone"
117.136.68.146 - - [23/Apr/2018:10:28:40 +0800] "GET /css/JLAMP.common.min.css HTTP/1.1" 200 - "http://merp.yudo.com.cn:8183/WEI_2000/WEI_2000" "Mozilla/5.0 (iPhone; CPU iPhone OS 10_3_3 like Mac OS X) AppleWebKit/603.3.8 (KHTML, like Gecko) Mobile/14G60JLAMPMode:iPhone"
117.136.68.146 - - [23/Apr/2018:10:28:40 +0800] "GET /image/qrcode.png HTTP/1.1" 304 - "http://merp.yudo.com.cn:8183/WEI_2000/WEI_2000" "Mozilla/5.0 (iPhone; CPU iPhone OS 10_3_3 like Mac OS X) AppleWebKit/603.3.8 (KHTML, like Gecko) Mobile/14G60JLAMPMode:iPhone"
117.136.68.146 - - [23/Apr/2018:10:28:40 +0800] "GET /css/WEI_2000/animate.min.css HTTP/1.1" 304 - "http://merp.yudo.com.cn:8183/WEI_2000/WEI_2000" "Mozilla/5.0 (iPhone; CPU iPhone OS 10_3_3 like Mac OS X) AppleWebKit/603.3.8 (KHTML, like Gecko) Mobile/14G60JLAMPMode:iPhone"
117.136.68.146 - - [23/Apr/2018:10:28:40 +0800] "GET /css/WEI_2000/mui.min.css HTTP/1.1" 304 - "http://merp.yudo.com.cn:8183/WEI_2000/WEI_2000" "Mozilla/5.0 (iPhone; CPU iPhone OS 10_3_3 like Mac OS X) AppleWebKit/603.3.8 (KHTML, like Gecko) Mobile/14G60JLAMPMode:iPhone"
117.136.68.146 - - [23/Apr/2018:10:28:40 +0800] "GET /js/WEI_2000/WEI_2000_Lists.js?v=201804201822 HTTP/1.1" 304 - "http://merp.yudo.com.cn:8183/WEI_2000/WEI_2000" "Mozilla/5.0 (iPhone; CPU iPhone OS 10_3_3 like Mac OS X) AppleWebKit/603.3.8 (KHTML, like Gecko) Mobile/14G60JLAMPMode:iPhone"
117.136.68.146 - - [23/Apr/2018:10:28:40 +0800] "GET /js/WEI_2000/mui.min.js HTTP/1.1" 304 - "http://merp.yudo.com.cn:8183/WEI_2000/WEI_2000" "Mozilla/5.0 (iPhone; CPU iPhone OS 10_3_3 like Mac OS X) AppleWebKit/603.3.8 (KHTML, like Gecko) Mobile/14G60JLAMPMode:iPhone"
117.136.68.146 - - [23/Apr/2018:10:28:40 +0800] "GET /third_party/KendoUI/js/kendo.all.min.js HTTP/1.1" 200 3038548 "http://merp.yudo.com.cn:8183/WEI_2000/WEI_2000" "Mozilla/5.0 (iPhone; CPU iPhone OS 10_3_3 like Mac OS X) AppleWebKit/603.3.8 (KHTML, like Gecko) Mobile/14G60JLAMPMode:iPhone"
117.136.68.146 - - [23/Apr/2018:10:28:42 +0800] "POST /JLAMPCommon/langBatchRows_prc HTTP/1.1" 200 191 "http://merp.yudo.com.cn:8183/WEI_2000/WEI_2000" "Mozilla/5.0 (iPhone; CPU iPhone OS 10_3_3 like Mac OS X) AppleWebKit/603.3.8 (KHTML, like Gecko) Mobile/14G60JLAMPMode:iPhone"
117.136.68.146 - - [23/Apr/2018:10:28:43 +0800] "GET /JLAMPCommon/getCookieJson_prc HTTP/1.1" 200 842 "http://merp.yudo.com.cn:8183/WEI_2000/WEI_2000" "Mozilla/5.0 (iPhone; CPU iPhone OS 10_3_3 like Mac OS X) AppleWebKit/603.3.8 (KHTML, like Gecko) Mobile/14G60JLAMPMode:iPhone"
117.136.68.146 - - [23/Apr/2018:10:28:43 +0800] "POST /JLAMPCommon/langRow_prc HTTP/1.1" 200 191 "http://merp.yudo.com.cn:8183/WEI_2000/WEI_2000" "Mozilla/5.0 (iPhone; CPU iPhone OS 10_3_3 like Mac OS X) AppleWebKit/603.3.8 (KHTML, like Gecko) Mobile/14G60JLAMPMode:iPhone"
117.136.68.146 - - [23/Apr/2018:10:28:44 +0800] "POST /JLAMPCommon/langRow_prc HTTP/1.1" 200 203 "http://merp.yudo.com.cn:8183/WEI_2000/WEI_2000" "Mozilla/5.0 (iPhone; CPU iPhone OS 10_3_3 like Mac OS X) AppleWebKit/603.3.8 (KHTML, like Gecko) Mobile/14G60JLAMPMode:iPhone"
::1 - - [23/Apr/2018:10:28:45 +0800] "OPTIONS * HTTP/1.0" 200 - "-" "Apache/2.4.6 (CentOS) PHP/5.6.32 (internal dummy connection)"
117.136.68.146 - - [23/Apr/2018:11:08:06 +0800] "GET /?deviceType=mobile&devicePlatform=ios HTTP/1.1" 302 149 "-" "Mozilla/5.0 (iPhone; CPU iPhone OS 10_3_3 like Mac OS X) AppleWebKit/603.3.8 (KHTML, like Gecko) Mobile/14G60JLAMPMode:iPhone"
117.136.68.146 - - [23/Apr/2018:11:08:06 +0800] "GET /Menu/Menu?formKey=M20180423T110556583 HTTP/1.1" 200 5730 "-" "Mozilla/5.0 (iPhone; CPU iPhone OS 10_3_3 like Mac OS X) AppleWebKit/603.3.8 (KHTML, like Gecko) Mobile/14G60JLAMPMode:iPhone"
117.136.68.146 - - [23/Apr/2018:11:08:07 +0800] "GET /WEI_2000/WEI_2000 HTTP/1.1" 200 21517 "http://merp.yudo.com.cn:8183/Menu/Menu?formKey=M20180423T110556583" "Mozilla/5.0 (iPhone; CPU iPhone OS 10_3_3 like Mac OS X) AppleWebKit/603.3.8 (KHTML, like Gecko) Mobile/14G60JLAMPMode:iPhone"
