223.104.4.18 - - [09/Aug/2018:09:15:05 +0800] "GET /WEI_2100/as_minute_table?asid=2018080338 HTTP/1.1" 200 63 "http://merp.yudo.com.cn:8183/WEI_2100/WEI_2100?formKey=M20180809T090416773&menuSelection=asm" "Mozilla/5.0 (Linux; Android 8.1.0; COL-AL10 Build/HUAWEICOL-AL10; wv) AppleWebKit/537.36 (KHTML, like Gecko) Version/4.0 Chrome/65.0.3325.109 Mobile Safari/537.36"
223.104.4.18 - - [09/Aug/2018:09:15:05 +0800] "GET /WEI_2100/systemclass_mini_prc?bigsysid=AS10110020&minisysid=ascause_c HTTP/1.1" 200 107 "http://merp.yudo.com.cn:8183/WEI_2100/WEI_2100?formKey=M20180809T090416773&menuSelection=asm" "Mozilla/5.0 (Linux; Android 8.1.0; COL-AL10 Build/HUAWEICOL-AL10; wv) AppleWebKit/537.36 (KHTML, like Gecko) Version/4.0 Chrome/65.0.3325.109 Mobile Safari/537.36"
223.104.4.18 - - [09/Aug/2018:09:15:06 +0800] "GET /WEI_2100/systemclass_mini_prc?bigsysid=AS10060020&minisysid=asclass1_c HTTP/1.1" 200 2106 "http://merp.yudo.com.cn:8183/WEI_2100/WEI_2100?formKey=M20180809T090416773&menuSelection=asm" "Mozilla/5.0 (Linux; Android 8.1.0; COL-AL10 Build/HUAWEICOL-AL10; wv) AppleWebKit/537.36 (KHTML, like Gecko) Version/4.0 Chrome/65.0.3325.109 Mobile Safari/537.36"
223.104.4.18 - - [09/Aug/2018:09:15:06 +0800] "GET /WEI_2100/systemclass_mini_prc?bigsysid=SA10340020&minisysid=supplyscope_c1 HTTP/1.1" 200 1053 "http://merp.yudo.com.cn:8183/WEI_2100/WEI_2100?formKey=M20180809T090416773&menuSelection=asm" "Mozilla/5.0 (Linux; Android 8.1.0; COL-AL10 Build/HUAWEICOL-AL10; wv) AppleWebKit/537.36 (KHTML, like Gecko) Version/4.0 Chrome/65.0.3325.109 Mobile Safari/537.36"
223.104.4.18 - - [09/Aug/2018:09:15:06 +0800] "GET /WEI_2100/systemclass_mini_prc?bigsysid=SA10370302&minisysid=supplyscope_c4 HTTP/1.1" 200 137 "http://merp.yudo.com.cn:8183/WEI_2100/WEI_2100?formKey=M20180809T090416773&menuSelection=asm" "Mozilla/5.0 (Linux; Android 8.1.0; COL-AL10 Build/HUAWEICOL-AL10; wv) AppleWebKit/537.36 (KHTML, like Gecko) Version/4.0 Chrome/65.0.3325.109 Mobile Safari/537.36"
223.104.4.18 - - [09/Aug/2018:09:15:06 +0800] "GET /WEI_2100/systemclass_mini_prc?bigsysid=SA10350018&minisysid=supplyscope_c2 HTTP/1.1" 200 167 "http://merp.yudo.com.cn:8183/WEI_2100/WEI_2100?formKey=M20180809T090416773&menuSelection=asm" "Mozilla/5.0 (Linux; Android 8.1.0; COL-AL10 Build/HUAWEICOL-AL10; wv) AppleWebKit/537.36 (KHTML, like Gecko) Version/4.0 Chrome/65.0.3325.109 Mobile Safari/537.36"
223.104.4.18 - - [09/Aug/2018:09:15:06 +0800] "GET /WEI_2100/systemclass_mini_prc?bigsysid=SA10380462&minisysid=supplyscope_c5 HTTP/1.1" 200 455 "http://merp.yudo.com.cn:8183/WEI_2100/WEI_2100?formKey=M20180809T090416773&menuSelection=asm" "Mozilla/5.0 (Linux; Android 8.1.0; COL-AL10 Build/HUAWEICOL-AL10; wv) AppleWebKit/537.36 (KHTML, like Gecko) Version/4.0 Chrome/65.0.3325.109 Mobile Safari/537.36"
223.104.4.18 - - [09/Aug/2018:09:15:06 +0800] "GET /WEI_2100/systemclass_mini_prc?bigsysid=SA10360098&minisysid=supplyscope_c3 HTTP/1.1" 200 237 "http://merp.yudo.com.cn:8183/WEI_2100/WEI_2100?formKey=M20180809T090416773&menuSelection=asm" "Mozilla/5.0 (Linux; Android 8.1.0; COL-AL10 Build/HUAWEICOL-AL10; wv) AppleWebKit/537.36 (KHTML, like Gecko) Version/4.0 Chrome/65.0.3325.109 Mobile Safari/537.36"
::1 - - [09/Aug/2018:09:15:16 +0800] "OPTIONS * HTTP/1.0" 200 - "-" "Apache/2.4.6 (CentOS) PHP/5.6.32 (internal dummy connection)"
117.136.46.200 - - [09/Aug/2018:09:14:16 +0800] "POST /WEI_2100/WEI_2100/upload_photo?asid=2018080336 HTTP/1.1" 200 234 "http://merp.yudo.com.cn:8183/WEI_2100/WEI_2100?formKey=M20180809T085905363&menuSelection=asm" "Mozilla/5.0 (Linux; Android 8.0.0; DUK-AL20 Build/HUAWEIDUK-AL20; wv) AppleWebKit/537.36 (KHTML, like Gecko) Version/4.0 Chrome/66.0.3359.126 Mobile Safari/537.36"
117.136.46.200 - - [09/Aug/2018:09:15:19 +0800] "GET /WEI_2100/as_photo?asid=2018080336 HTTP/1.1" 200 225 "http://merp.yudo.com.cn:8183/WEI_2100/WEI_2100?formKey=M20180809T085905363&menuSelection=asm" "Mozilla/5.0 (Linux; Android 8.0.0; DUK-AL20 Build/HUAWEIDUK-AL20; wv) AppleWebKit/537.36 (KHTML, like Gecko) Version/4.0 Chrome/66.0.3359.126 Mobile Safari/537.36"
117.136.46.200 - - [09/Aug/2018:09:15:19 +0800] "GET /image/uploads/AS/ASReceipt/201808/2018080336/M20180809091518861.jpg HTTP/1.1" 200 3454275 "http://merp.yudo.com.cn:8183/WEI_2100/WEI_2100?formKey=M20180809T085905363&menuSelection=asm" "Mozilla/5.0 (Linux; Android 8.0.0; DUK-AL20 Build/HUAWEIDUK-AL20; wv) AppleWebKit/537.36 (KHTML, like Gecko) Version/4.0 Chrome/66.0.3359.126 Mobile Safari/537.36"
223.104.4.18 - - [09/Aug/2018:09:15:23 +0800] "GET /Menu/Menu/menuLists?formKey=M20180809T090416773&menuSelection=asm HTTP/1.1" 200 6083 "http://merp.yudo.com.cn:8183/WEI_2100/WEI_2100?formKey=M20180809T090416773&menuSelection=asm" "Mozilla/5.0 (Linux; Android 8.1.0; COL-AL10 Build/HUAWEICOL-AL10; wv) AppleWebKit/537.36 (KHTML, like Gecko) Version/4.0 Chrome/65.0.3325.109 Mobile Safari/537.36"
223.104.4.18 - - [09/Aug/2018:09:15:23 +0800] "POST /JLAMPCommon/langBatchRows_prc HTTP/1.1" 200 595 "http://merp.yudo.com.cn:8183/Menu/Menu/menuLists?formKey=M20180809T090416773&menuSelection=asm" "Mozilla/5.0 (Linux; Android 8.1.0; COL-AL10 Build/HUAWEICOL-AL10; wv) AppleWebKit/537.36 (KHTML, like Gecko) Version/4.0 Chrome/65.0.3325.109 Mobile Safari/537.36"
223.104.4.18 - - [09/Aug/2018:09:15:23 +0800] "GET /JLAMPCommon/getCookieJson_prc HTTP/1.1" 200 841 "http://merp.yudo.com.cn:8183/Menu/Menu/menuLists?formKey=M20180809T090416773&menuSelection=asm" "Mozilla/5.0 (Linux; Android 8.1.0; COL-AL10 Build/HUAWEICOL-AL10; wv) AppleWebKit/537.36 (KHTML, like Gecko) Version/4.0 Chrome/65.0.3325.109 Mobile Safari/537.36"
223.104.4.18 - - [09/Aug/2018:09:15:24 +0800] "GET /Menu/doMenuRows_prc?formKey=M20180809T090416773 HTTP/1.1" 200 1622 "http://merp.yudo.com.cn:8183/Menu/Menu/menuLists?formKey=M20180809T090416773&menuSelection=asm" "Mozilla/5.0 (Linux; Android 8.1.0; COL-AL10 Build/HUAWEICOL-AL10; wv) AppleWebKit/537.36 (KHTML, like Gecko) Version/4.0 Chrome/65.0.3325.109 Mobile Safari/537.36"
223.104.4.18 - - [09/Aug/2018:09:15:26 +0800] "GET /WEI_2100/WEI_2100?formKey=M20180809T090416773&menuSelection=asm HTTP/1.1" 200 87603 "http://merp.yudo.com.cn:8183/Menu/Menu/menuLists?formKey=M20180809T090416773&menuSelection=asm" "Mozilla/5.0 (Linux; Android 8.1.0; COL-AL10 Build/HUAWEICOL-AL10; wv) AppleWebKit/537.36 (KHTML, like Gecko) Version/4.0 Chrome/65.0.3325.109 Mobile Safari/537.36"
223.104.4.18 - - [09/Aug/2018:09:15:27 +0800] "POST /JLAMPCommon/langBatchRows_prc HTTP/1.1" 200 12695 "http://merp.yudo.com.cn:8183/WEI_2100/WEI_2100?formKey=M20180809T090416773&menuSelection=asm" "Mozilla/5.0 (Linux; Android 8.1.0; COL-AL10 Build/HUAWEICOL-AL10; wv) AppleWebKit/537.36 (KHTML, like Gecko) Version/4.0 Chrome/65.0.3325.109 Mobile Safari/537.36"
223.104.4.18 - - [09/Aug/2018:09:15:27 +0800] "POST /JLAMPCommon/langBatchRows_prc HTTP/1.1" 200 13022 "http://merp.yudo.com.cn:8183/WEI_2100/WEI_2100?formKey=M20180809T090416773&menuSelection=asm" "Mozilla/5.0 (Linux; Android 8.1.0; COL-AL10 Build/HUAWEICOL-AL10; wv) AppleWebKit/537.36 (KHTML, like Gecko) Version/4.0 Chrome/65.0.3325.109 Mobile Safari/537.36"
223.104.4.18 - - [09/Aug/2018:09:15:27 +0800] "GET /JLAMPCommon/getCookieJson_prc HTTP/1.1" 200 841 "http://merp.yudo.com.cn:8183/WEI_2100/WEI_2100?formKey=M20180809T090416773&menuSelection=asm" "Mozilla/5.0 (Linux; Android 8.1.0; COL-AL10 Build/HUAWEICOL-AL10; wv) AppleWebKit/537.36 (KHTML, like Gecko) Version/4.0 Chrome/65.0.3325.109 Mobile Safari/537.36"
223.104.4.18 - - [09/Aug/2018:09:15:29 +0800] "GET /WEI_2100/systemclass_big_prc?bigsysid=asclass1 HTTP/1.1" 200 475 "http://merp.yudo.com.cn:8183/WEI_2100/WEI_2100?formKey=M20180809T090416773&menuSelection=asm" "Mozilla/5.0 (Linux; Android 8.1.0; COL-AL10 Build/HUAWEICOL-AL10; wv) AppleWebKit/537.36 (KHTML, like Gecko) Version/4.0 Chrome/65.0.3325.109 Mobile Safari/537.36"
223.104.4.18 - - [09/Aug/2018:09:15:29 +0800] "GET /WEI_2100/systemclass_big_prc?bigsysid=ascause HTTP/1.1" 200 209 "http://merp.yudo.com.cn:8183/WEI_2100/WEI_2100?formKey=M20180809T090416773&menuSelection=asm" "Mozilla/5.0 (Linux; Android 8.1.0; COL-AL10 Build/HUAWEICOL-AL10; wv) AppleWebKit/537.36 (KHTML, like Gecko) Version/4.0 Chrome/65.0.3325.109 Mobile Safari/537.36"
223.104.4.18 - - [09/Aug/2018:09:15:29 +0800] "GET /WEI_2100/systemclass_big_prc?bigsysid=markets HTTP/1.1" 200 512 "http://merp.yudo.com.cn:8183/WEI_2100/WEI_2100?formKey=M20180809T090416773&menuSelection=asm" "Mozilla/5.0 (Linux; Android 8.1.0; COL-AL10 Build/HUAWEICOL-AL10; wv) AppleWebKit/537.36 (KHTML, like Gecko) Version/4.0 Chrome/65.0.3325.109 Mobile Safari/537.36"
223.104.4.18 - - [09/Aug/2018:09:15:29 +0800] "GET /WEI_2100/systemclass_big_prc?bigsysid=area HTTP/1.1" 200 751 "http://merp.yudo.com.cn:8183/WEI_2100/WEI_2100?formKey=M20180809T090416773&menuSelection=asm" "Mozilla/5.0 (Linux; Android 8.1.0; COL-AL10 Build/HUAWEICOL-AL10; wv) AppleWebKit/537.36 (KHTML, like Gecko) Version/4.0 Chrome/65.0.3325.109 Mobile Safari/537.36"
223.104.4.18 - - [09/Aug/2018:09:15:29 +0800] "GET /WEI_2100/systemclass_big_prc?bigsysid=startpoint HTTP/1.1" 200 317 "http://merp.yudo.com.cn:8183/WEI_2100/WEI_2100?formKey=M20180809T090416773&menuSelection=asm" "Mozilla/5.0 (Linux; Android 8.1.0; COL-AL10 Build/HUAWEICOL-AL10; wv) AppleWebKit/537.36 (KHTML, like Gecko) Version/4.0 Chrome/65.0.3325.109 Mobile Safari/537.36"
223.104.4.18 - - [09/Aug/2018:09:15:29 +0800] "GET /WEI_2100/systemclass_big_prc?bigsysid=asbadtype HTTP/1.1" 200 152 "http://merp.yudo.com.cn:8183/WEI_2100/WEI_2100?formKey=M20180809T090416773&menuSelection=asm" "Mozilla/5.0 (Linux; Android 8.1.0; COL-AL10 Build/HUAWEICOL-AL10; wv) AppleWebKit/537.36 (KHTML, like Gecko) Version/4.0 Chrome/65.0.3325.109 Mobile Safari/537.36"
223.104.4.18 - - [09/Aug/2018:09:15:30 +0800] "GET /WEI_2100/systemclass_big_prc?bigsysid=supplyscope HTTP/1.1" 200 302 "http://merp.yudo.com.cn:8183/WEI_2100/WEI_2100?formKey=M20180809T090416773&menuSelection=asm" "Mozilla/5.0 (Linux; Android 8.1.0; COL-AL10 Build/HUAWEICOL-AL10; wv) AppleWebKit/537.36 (KHTML, like Gecko) Version/4.0 Chrome/65.0.3325.109 Mobile Safari/537.36"
223.104.4.18 - - [09/Aug/2018:09:15:30 +0800] "GET /WEI_2100/systemclass_big_prc?bigsysid=asclass HTTP/1.1" 200 264 "http://merp.yudo.com.cn:8183/WEI_2100/WEI_2100?formKey=M20180809T090416773&menuSelection=asm" "Mozilla/5.0 (Linux; Android 8.1.0; COL-AL10 Build/HUAWEICOL-AL10; wv) AppleWebKit/537.36 (KHTML, like Gecko) Version/4.0 Chrome/65.0.3325.109 Mobile Safari/537.36"
223.104.4.18 - - [09/Aug/2018:09:15:30 +0800] "GET /WEI_2100/user_prc HTTP/1.1" 200 92257 "http://merp.yudo.com.cn:8183/WEI_2100/WEI_2100?formKey=M20180809T090416773&menuSelection=asm" "Mozilla/5.0 (Linux; Android 8.1.0; COL-AL10 Build/HUAWEICOL-AL10; wv) AppleWebKit/537.36 (KHTML, like Gecko) Version/4.0 Chrome/65.0.3325.109 Mobile Safari/537.36"
223.104.4.18 - - [09/Aug/2018:09:15:30 +0800] "GET /WEI_2100/as_unit HTTP/1.1" 200 1002 "http://merp.yudo.com.cn:8183/WEI_2100/WEI_2100?formKey=M20180809T090416773&menuSelection=asm" "Mozilla/5.0 (Linux; Android 8.1.0; COL-AL10 Build/HUAWEICOL-AL10; wv) AppleWebKit/537.36 (KHTML, like Gecko) Version/4.0 Chrome/65.0.3325.109 Mobile Safari/537.36"
223.104.4.18 - - [09/Aug/2018:09:15:30 +0800] "GET /WEI_2100/as_prc?asid=&custnm=&ascount=0 HTTP/1.1" 200 66 "http://merp.yudo.com.cn:8183/WEI_2100/WEI_2100?formKey=M20180809T090416773&menuSelection=asm" "Mozilla/5.0 (Linux; Android 8.1.0; COL-AL10 Build/HUAWEICOL-AL10; wv) AppleWebKit/537.36 (KHTML, like Gecko) Version/4.0 Chrome/65.0.3325.109 Mobile Safari/537.36"
::1 - - [09/Aug/2018:09:15:39 +0800] "OPTIONS * HTTP/1.0" 200 - "-" "Apache/2.4.6 (CentOS) PHP/5.6.32 (internal dummy connection)"
117.136.46.200 - - [09/Aug/2018:09:15:46 +0800] "POST /WEI_2100/WEI_2100/upload_photo?asid=2018080336 HTTP/1.1" 200 61 "http://merp.yudo.com.cn:8183/WEI_2100/WEI_2100?formKey=M20180809T085905363&menuSelection=asm" "Mozilla/5.0 (Linux; Android 8.0.0; DUK-AL20 Build/HUAWEIDUK-AL20; wv) AppleWebKit/537.36 (KHTML, like Gecko) Version/4.0 Chrome/66.0.3359.126 Mobile Safari/537.36"
117.136.46.200 - - [09/Aug/2018:09:15:47 +0800] "GET /WEI_2100/as_photo?asid=2018080336 HTTP/1.1" 200 225 "http://merp.yudo.com.cn:8183/WEI_2100/WEI_2100?formKey=M20180809T085905363&menuSelection=asm" "Mozilla/5.0 (Linux; Android 8.0.0; DUK-AL20 Build/HUAWEIDUK-AL20; wv) AppleWebKit/537.36 (KHTML, like Gecko) Version/4.0 Chrome/66.0.3359.126 Mobile Safari/537.36"
223.104.4.18 - - [09/Aug/2018:09:15:49 +0800] "GET /WEI_2100/as_prc?asid=&custnm=&ascount=0 HTTP/1.1" 200 66 "http://merp.yudo.com.cn:8183/WEI_2100/WEI_2100?formKey=M20180809T090416773&menuSelection=asm" "Mozilla/5.0 (Linux; Android 8.1.0; COL-AL10 Build/HUAWEICOL-AL10; wv) AppleWebKit/537.36 (KHTML, like Gecko) Version/4.0 Chrome/65.0.3325.109 Mobile Safari/537.36"
117.136.46.200 - - [09/Aug/2018:09:16:05 +0800] "GET /WEI_2100/as_photo?asid=2018080336 HTTP/1.1" 200 225 "http://merp.yudo.com.cn:8183/WEI_2100/WEI_2100?formKey=M20180809T085905363&menuSelection=asm" "Mozilla/5.0 (Linux; Android 8.0.0; DUK-AL20 Build/HUAWEIDUK-AL20; wv) AppleWebKit/537.36 (KHTML, like Gecko) Version/4.0 Chrome/66.0.3359.126 Mobile Safari/537.36"
117.136.46.200 - - [09/Aug/2018:09:16:17 +0800] "GET /WEI_2100/as_photo?asid=2018080336 HTTP/1.1" 200 225 "http://merp.yudo.com.cn:8183/WEI_2100/WEI_2100?formKey=M20180809T085905363&menuSelection=asm" "Mozilla/5.0 (Linux; Android 8.0.0; DUK-AL20 Build/HUAWEIDUK-AL20; wv) AppleWebKit/537.36 (KHTML, like Gecko) Version/4.0 Chrome/66.0.3359.126 Mobile Safari/537.36"
117.136.46.200 - - [09/Aug/2018:09:16:27 +0800] "GET /WEI_2100/as_sales?asid=2018080336 HTTP/1.1" 200 63 "http://merp.yudo.com.cn:8183/WEI_2100/WEI_2100?formKey=M20180809T085905363&menuSelection=asm" "Mozilla/5.0 (Linux; Android 8.0.0; DUK-AL20 Build/HUAWEIDUK-AL20; wv) AppleWebKit/537.36 (KHTML, like Gecko) Version/4.0 Chrome/66.0.3359.126 Mobile Safari/537.36"
117.136.46.200 - - [09/Aug/2018:09:16:35 +0800] "GET /WEI_2100/user_prc?username=%E5%90%89%E5%8B%87&userid=&groupname= HTTP/1.1" 200 146 "http://merp.yudo.com.cn:8183/WEI_2100/WEI_2100?formKey=M20180809T085905363&menuSelection=asm" "Mozilla/5.0 (Linux; Android 8.0.0; DUK-AL20 Build/HUAWEIDUK-AL20; wv) AppleWebKit/537.36 (KHTML, like Gecko) Version/4.0 Chrome/66.0.3359.126 Mobile Safari/537.36"
117.136.46.200 - - [09/Aug/2018:09:16:41 +0800] "POST /WEI_2100/save_sales HTTP/1.1" 200 61 "http://merp.yudo.com.cn:8183/WEI_2100/WEI_2100?formKey=M20180809T085905363&menuSelection=asm" "Mozilla/5.0 (Linux; Android 8.0.0; DUK-AL20 Build/HUAWEIDUK-AL20; wv) AppleWebKit/537.36 (KHTML, like Gecko) Version/4.0 Chrome/66.0.3359.126 Mobile Safari/537.36"
117.136.46.200 - - [09/Aug/2018:09:16:41 +0800] "GET /WEI_2100/as_sales?asid=2018080336 HTTP/1.1" 200 144 "http://merp.yudo.com.cn:8183/WEI_2100/WEI_2100?formKey=M20180809T085905363&menuSelection=asm" "Mozilla/5.0 (Linux; Android 8.0.0; DUK-AL20 Build/HUAWEIDUK-AL20; wv) AppleWebKit/537.36 (KHTML, like Gecko) Version/4.0 Chrome/66.0.3359.126 Mobile Safari/537.36"
117.136.46.200 - - [09/Aug/2018:09:16:55 +0800] "GET /WEI_2100/as_photo?asid=2018080336 HTTP/1.1" 200 225 "http://merp.yudo.com.cn:8183/WEI_2100/WEI_2100?formKey=M20180809T085905363&menuSelection=asm" "Mozilla/5.0 (Linux; Android 8.0.0; DUK-AL20 Build/HUAWEIDUK-AL20; wv) AppleWebKit/537.36 (KHTML, like Gecko) Version/4.0 Chrome/66.0.3359.126 Mobile Safari/537.36"
117.136.46.200 - - [09/Aug/2018:09:17:42 +0800] "GET /WEI_2100/as_item?asitemid=mftsic140150&asitemnm=&asitempage=0 HTTP/1.1" 200 283 "http://merp.yudo.com.cn:8183/WEI_2100/WEI_2100?formKey=M20180809T085905363&menuSelection=asm" "Mozilla/5.0 (Linux; Android 8.0.0; DUK-AL20 Build/HUAWEIDUK-AL20; wv) AppleWebKit/537.36 (KHTML, like Gecko) Version/4.0 Chrome/66.0.3359.126 Mobile Safari/537.36"
223.104.4.18 - - [09/Aug/2018:09:17:45 +0800] "GET /WEI_2100/as_prc?asid=&custnm=%E9%87%8D%E5%BA%86&ascount=0 HTTP/1.1" 200 66 "http://merp.yudo.com.cn:8183/WEI_2100/WEI_2100?formKey=M20180809T090416773&menuSelection=asm" "Mozilla/5.0 (Linux; Android 8.1.0; COL-AL10 Build/HUAWEICOL-AL10; wv) AppleWebKit/537.36 (KHTML, like Gecko) Version/4.0 Chrome/65.0.3325.109 Mobile Safari/537.36"
117.136.46.200 - - [09/Aug/2018:09:18:01 +0800] "POST /WEI_2100/save_astable HTTP/1.1" 200 204 "http://merp.yudo.com.cn:8183/WEI_2100/WEI_2100?formKey=M20180809T085905363&menuSelection=asm" "Mozilla/5.0 (Linux; Android 8.0.0; DUK-AL20 Build/HUAWEIDUK-AL20; wv) AppleWebKit/537.36 (KHTML, like Gecko) Version/4.0 Chrome/66.0.3359.126 Mobile Safari/537.36"
117.136.46.200 - - [09/Aug/2018:09:18:01 +0800] "GET /WEI_2100/as_minute_table?asid=2018080336 HTTP/1.1" 200 400 "http://merp.yudo.com.cn:8183/WEI_2100/WEI_2100?formKey=M20180809T085905363&menuSelection=asm" "Mozilla/5.0 (Linux; Android 8.0.0; DUK-AL20 Build/HUAWEIDUK-AL20; wv) AppleWebKit/537.36 (KHTML, like Gecko) Version/4.0 Chrome/66.0.3359.126 Mobile Safari/537.36"
223.104.4.18 - - [09/Aug/2018:09:18:26 +0800] "GET /WEI_2100/as_prc?asid=&custnm=%E9%87%8D%E5%BA%86%E5%AE%9D%E7%AB%8B%E8%BE%B0%E7%B2%BE%E5%AF%86%E7%A7%91%E6%8A%80%E6%9C%89%E9%99%90%E5%85%AC%E5%8F%B8&ascount=0 HTTP/1.1" 200 66 "http://merp.yudo.com.cn:8183/WEI_2100/WEI_2100?formKey=M20180809T090416773&menuSelection=asm" "Mozilla/5.0 (Linux; Android 8.1.0; COL-AL10 Build/HUAWEICOL-AL10; wv) AppleWebKit/537.36 (KHTML, like Gecko) Version/4.0 Chrome/65.0.3325.109 Mobile Safari/537.36"
223.104.4.18 - - [09/Aug/2018:09:18:52 +0800] "GET /Menu/Menu/menuLists?formKey=M20180809T090416773&menuSelection=asm HTTP/1.1" 200 6083 "http://merp.yudo.com.cn:8183/WEI_2100/WEI_2100?formKey=M20180809T090416773&menuSelection=asm" "Mozilla/5.0 (Linux; Android 8.1.0; COL-AL10 Build/HUAWEICOL-AL10; wv) AppleWebKit/537.36 (KHTML, like Gecko) Version/4.0 Chrome/65.0.3325.109 Mobile Safari/537.36"
223.104.4.18 - - [09/Aug/2018:09:18:52 +0800] "POST /JLAMPCommon/langBatchRows_prc HTTP/1.1" 200 595 "http://merp.yudo.com.cn:8183/Menu/Menu/menuLists?formKey=M20180809T090416773&menuSelection=asm" "Mozilla/5.0 (Linux; Android 8.1.0; COL-AL10 Build/HUAWEICOL-AL10; wv) AppleWebKit/537.36 (KHTML, like Gecko) Version/4.0 Chrome/65.0.3325.109 Mobile Safari/537.36"
223.104.4.18 - - [09/Aug/2018:09:18:52 +0800] "GET /JLAMPCommon/getCookieJson_prc HTTP/1.1" 200 841 "http://merp.yudo.com.cn:8183/Menu/Menu/menuLists?formKey=M20180809T090416773&menuSelection=asm" "Mozilla/5.0 (Linux; Android 8.1.0; COL-AL10 Build/HUAWEICOL-AL10; wv) AppleWebKit/537.36 (KHTML, like Gecko) Version/4.0 Chrome/65.0.3325.109 Mobile Safari/537.36"
223.104.4.18 - - [09/Aug/2018:09:18:53 +0800] "GET /Menu/doMenuRows_prc?formKey=M20180809T090416773 HTTP/1.1" 200 1622 "http://merp.yudo.com.cn:8183/Menu/Menu/menuLists?formKey=M20180809T090416773&menuSelection=asm" "Mozilla/5.0 (Linux; Android 8.1.0; COL-AL10 Build/HUAWEICOL-AL10; wv) AppleWebKit/537.36 (KHTML, like Gecko) Version/4.0 Chrome/65.0.3325.109 Mobile Safari/537.36"
223.104.4.18 - - [09/Aug/2018:09:18:55 +0800] "GET /WEI_2000/WEI_2000?formKey=M20180809T090416773&menuSelection=asm HTTP/1.1" 200 36033 "http://merp.yudo.com.cn:8183/Menu/Menu/menuLists?formKey=M20180809T090416773&menuSelection=asm" "Mozilla/5.0 (Linux; Android 8.1.0; COL-AL10 Build/HUAWEICOL-AL10; wv) AppleWebKit/537.36 (KHTML, like Gecko) Version/4.0 Chrome/65.0.3325.109 Mobile Safari/537.36"
223.104.4.18 - - [09/Aug/2018:09:18:55 +0800] "GET /css/WEI_2000/WEI_2000_Lists.css?v=201807080921 HTTP/1.1" 200 6029 "http://merp.yudo.com.cn:8183/WEI_2000/WEI_2000?formKey=M20180809T090416773&menuSelection=asm" "Mozilla/5.0 (Linux; Android 8.1.0; COL-AL10 Build/HUAWEICOL-AL10; wv) AppleWebKit/537.36 (KHTML, like Gecko) Version/4.0 Chrome/65.0.3325.109 Mobile Safari/537.36"
223.104.4.18 - - [09/Aug/2018:09:18:55 +0800] "GET /third_party/bootstrap-3.3.5mui-table-view-cell/css/bootstrap.css HTTP/1.1" 404 1759 "http://merp.yudo.com.cn:8183/WEI_2000/WEI_2000?formKey=M20180809T090416773&menuSelection=asm" "Mozilla/5.0 (Linux; Android 8.1.0; COL-AL10 Build/HUAWEICOL-AL10; wv) AppleWebKit/537.36 (KHTML, like Gecko) Version/4.0 Chrome/65.0.3325.109 Mobile Safari/537.36"
223.104.4.18 - - [09/Aug/2018:09:18:55 +0800] "GET /js/WEI_2000/WEI_2000_Lists.js?v=201807370935 HTTP/1.1" 200 58186 "http://merp.yudo.com.cn:8183/WEI_2000/WEI_2000?formKey=M20180809T090416773&menuSelection=asm" "Mozilla/5.0 (Linux; Android 8.1.0; COL-AL10 Build/HUAWEICOL-AL10; wv) AppleWebKit/537.36 (KHTML, like Gecko) Version/4.0 Chrome/65.0.3325.109 Mobile Safari/537.36"
223.104.4.18 - - [09/Aug/2018:09:18:56 +0800] "POST /JLAMPCommon/langBatchRows_prc HTTP/1.1" 200 1422 "http://merp.yudo.com.cn:8183/WEI_2000/WEI_2000?formKey=M20180809T090416773&menuSelection=asm" "Mozilla/5.0 (Linux; Android 8.1.0; COL-AL10 Build/HUAWEICOL-AL10; wv) AppleWebKit/537.36 (KHTML, like Gecko) Version/4.0 Chrome/65.0.3325.109 Mobile Safari/537.36"
223.104.4.18 - - [09/Aug/2018:09:18:56 +0800] "GET /JLAMPCommon/getCookieJson_prc HTTP/1.1" 200 841 "http://merp.yudo.com.cn:8183/WEI_2000/WEI_2000?formKey=M20180809T090416773&menuSelection=asm" "Mozilla/5.0 (Linux; Android 8.1.0; COL-AL10 Build/HUAWEICOL-AL10; wv) AppleWebKit/537.36 (KHTML, like Gecko) Version/4.0 Chrome/65.0.3325.109 Mobile Safari/537.36"
223.104.4.18 - - [09/Aug/2018:09:18:56 +0800] "POST /JLAMPCommon/langRow_prc HTTP/1.1" 200 337 "http://merp.yudo.com.cn:8183/WEI_2000/WEI_2000?formKey=M20180809T090416773&menuSelection=asm" "Mozilla/5.0 (Linux; Android 8.1.0; COL-AL10 Build/HUAWEICOL-AL10; wv) AppleWebKit/537.36 (KHTML, like Gecko) Version/4.0 Chrome/65.0.3325.109 Mobile Safari/537.36"
223.104.4.18 - - [09/Aug/2018:09:18:56 +0800] "POST /JLAMPCommon/langRow_prc HTTP/1.1" 200 299 "http://merp.yudo.com.cn:8183/WEI_2000/WEI_2000?formKey=M20180809T090416773&menuSelection=asm" "Mozilla/5.0 (Linux; Android 8.1.0; COL-AL10 Build/HUAWEICOL-AL10; wv) AppleWebKit/537.36 (KHTML, like Gecko) Version/4.0 Chrome/65.0.3325.109 Mobile Safari/537.36"
223.104.4.18 - - [09/Aug/2018:09:18:57 +0800] "POST /JLAMPCommon/langRow_prc HTTP/1.1" 200 299 "http://merp.yudo.com.cn:8183/WEI_2000/WEI_2000?formKey=M20180809T090416773&menuSelection=asm" "Mozilla/5.0 (Linux; Android 8.1.0; COL-AL10 Build/HUAWEICOL-AL10; wv) AppleWebKit/537.36 (KHTML, like Gecko) Version/4.0 Chrome/65.0.3325.109 Mobile Safari/537.36"
223.104.4.18 - - [09/Aug/2018:09:18:57 +0800] "POST /JLAMPCommon/langRow_prc HTTP/1.1" 200 245 "http://merp.yudo.com.cn:8183/WEI_2000/WEI_2000?formKey=M20180809T090416773&menuSelection=asm" "Mozilla/5.0 (Linux; Android 8.1.0; COL-AL10 Build/HUAWEICOL-AL10; wv) AppleWebKit/537.36 (KHTML, like Gecko) Version/4.0 Chrome/65.0.3325.109 Mobile Safari/537.36"
223.104.4.18 - - [09/Aug/2018:09:18:57 +0800] "GET /WEI_2000/WEI_2000/login_user HTTP/1.1" 200 153 "http://merp.yudo.com.cn:8183/WEI_2000/WEI_2000?formKey=M20180809T090416773&menuSelection=asm" "Mozilla/5.0 (Linux; Android 8.1.0; COL-AL10 Build/HUAWEICOL-AL10; wv) AppleWebKit/537.36 (KHTML, like Gecko) Version/4.0 Chrome/65.0.3325.109 Mobile Safari/537.36"
223.104.4.18 - - [09/Aug/2018:09:18:57 +0800] "GET /WEI_2000/WEI_2000/user_prc HTTP/1.1" 200 92272 "http://merp.yudo.com.cn:8183/WEI_2000/WEI_2000?formKey=M20180809T090416773&menuSelection=asm" "Mozilla/5.0 (Linux; Android 8.1.0; COL-AL10 Build/HUAWEICOL-AL10; wv) AppleWebKit/537.36 (KHTML, like Gecko) Version/4.0 Chrome/65.0.3325.109 Mobile Safari/537.36"
223.104.4.18 - - [09/Aug/2018:09:18:57 +0800] "POST /JLAMPCommon/langRow_prc HTTP/1.1" 200 191 "http://merp.yudo.com.cn:8183/WEI_2000/WEI_2000?formKey=M20180809T090416773&menuSelection=asm" "Mozilla/5.0 (Linux; Android 8.1.0; COL-AL10 Build/HUAWEICOL-AL10; wv) AppleWebKit/537.36 (KHTML, like Gecko) Version/4.0 Chrome/65.0.3325.109 Mobile Safari/537.36"
223.104.4.18 - - [09/Aug/2018:09:18:58 +0800] "POST /JLAMPCommon/langRow_prc HTTP/1.1" 200 203 "http://merp.yudo.com.cn:8183/WEI_2000/WEI_2000?formKey=M20180809T090416773&menuSelection=asm" "Mozilla/5.0 (Linux; Android 8.1.0; COL-AL10 Build/HUAWEICOL-AL10; wv) AppleWebKit/537.36 (KHTML, like Gecko) Version/4.0 Chrome/65.0.3325.109 Mobile Safari/537.36"
223.104.4.18 - - [09/Aug/2018:09:19:01 +0800] "GET /Menu/Menu/menuLists?formKey=M20180809T090416773&menuSelection=asm HTTP/1.1" 200 6083 "http://merp.yudo.com.cn:8183/WEI_2000/WEI_2000?formKey=M20180809T090416773&menuSelection=asm" "Mozilla/5.0 (Linux; Android 8.1.0; COL-AL10 Build/HUAWEICOL-AL10; wv) AppleWebKit/537.36 (KHTML, like Gecko) Version/4.0 Chrome/65.0.3325.109 Mobile Safari/537.36"
223.104.4.18 - - [09/Aug/2018:09:19:01 +0800] "POST /JLAMPCommon/langBatchRows_prc HTTP/1.1" 200 595 "http://merp.yudo.com.cn:8183/Menu/Menu/menuLists?formKey=M20180809T090416773&menuSelection=asm" "Mozilla/5.0 (Linux; Android 8.1.0; COL-AL10 Build/HUAWEICOL-AL10; wv) AppleWebKit/537.36 (KHTML, like Gecko) Version/4.0 Chrome/65.0.3325.109 Mobile Safari/537.36"
223.104.4.18 - - [09/Aug/2018:09:19:02 +0800] "GET /JLAMPCommon/getCookieJson_prc HTTP/1.1" 200 841 "http://merp.yudo.com.cn:8183/Menu/Menu/menuLists?formKey=M20180809T090416773&menuSelection=asm" "Mozilla/5.0 (Linux; Android 8.1.0; COL-AL10 Build/HUAWEICOL-AL10; wv) AppleWebKit/537.36 (KHTML, like Gecko) Version/4.0 Chrome/65.0.3325.109 Mobile Safari/537.36"
223.104.4.18 - - [09/Aug/2018:09:19:02 +0800] "GET /Menu/doMenuRows_prc?formKey=M20180809T090416773 HTTP/1.1" 200 1622 "http://merp.yudo.com.cn:8183/Menu/Menu/menuLists?formKey=M20180809T090416773&menuSelection=asm" "Mozilla/5.0 (Linux; Android 8.1.0; COL-AL10 Build/HUAWEICOL-AL10; wv) AppleWebKit/537.36 (KHTML, like Gecko) Version/4.0 Chrome/65.0.3325.109 Mobile Safari/537.36"
117.136.46.200 - - [09/Aug/2018:09:19:06 +0800] "GET /WEI_2100/as_item?asitemid=vem+50+o&asitemnm=&asitempage=0 HTTP/1.1" 200 63 "http://merp.yudo.com.cn:8183/WEI_2100/WEI_2100?formKey=M20180809T085905363&menuSelection=asm" "Mozilla/5.0 (Linux; Android 8.0.0; DUK-AL20 Build/HUAWEIDUK-AL20; wv) AppleWebKit/537.36 (KHTML, like Gecko) Version/4.0 Chrome/66.0.3359.126 Mobile Safari/537.36"
223.104.4.18 - - [09/Aug/2018:09:19:07 +0800] "GET /WEI_2100/WEI_2100?formKey=M20180809T090416773&menuSelection=asm HTTP/1.1" 200 87603 "http://merp.yudo.com.cn:8183/Menu/Menu/menuLists?formKey=M20180809T090416773&menuSelection=asm" "Mozilla/5.0 (Linux; Android 8.1.0; COL-AL10 Build/HUAWEICOL-AL10; wv) AppleWebKit/537.36 (KHTML, like Gecko) Version/4.0 Chrome/65.0.3325.109 Mobile Safari/537.36"
223.104.4.18 - - [09/Aug/2018:09:19:08 +0800] "POST /JLAMPCommon/langBatchRows_prc HTTP/1.1" 200 12695 "http://merp.yudo.com.cn:8183/WEI_2100/WEI_2100?formKey=M20180809T090416773&menuSelection=asm" "Mozilla/5.0 (Linux; Android 8.1.0; COL-AL10 Build/HUAWEICOL-AL10; wv) AppleWebKit/537.36 (KHTML, like Gecko) Version/4.0 Chrome/65.0.3325.109 Mobile Safari/537.36"
223.104.4.18 - - [09/Aug/2018:09:19:08 +0800] "POST /JLAMPCommon/langBatchRows_prc HTTP/1.1" 200 13022 "http://merp.yudo.com.cn:8183/WEI_2100/WEI_2100?formKey=M20180809T090416773&menuSelection=asm" "Mozilla/5.0 (Linux; Android 8.1.0; COL-AL10 Build/HUAWEICOL-AL10; wv) AppleWebKit/537.36 (KHTML, like Gecko) Version/4.0 Chrome/65.0.3325.109 Mobile Safari/537.36"
223.104.4.18 - - [09/Aug/2018:09:19:09 +0800] "GET /JLAMPCommon/getCookieJson_prc HTTP/1.1" 200 841 "http://merp.yudo.com.cn:8183/WEI_2100/WEI_2100?formKey=M20180809T090416773&menuSelection=asm" "Mozilla/5.0 (Linux; Android 8.1.0; COL-AL10 Build/HUAWEICOL-AL10; wv) AppleWebKit/537.36 (KHTML, like Gecko) Version/4.0 Chrome/65.0.3325.109 Mobile Safari/537.36"
117.136.46.200 - - [09/Aug/2018:09:19:11 +0800] "GET /WEI_2100/as_item?asitemid=vem&asitemnm=&asitempage=0 HTTP/1.1" 200 63 "http://merp.yudo.com.cn:8183/WEI_2100/WEI_2100?formKey=M20180809T085905363&menuSelection=asm" "Mozilla/5.0 (Linux; Android 8.0.0; DUK-AL20 Build/HUAWEIDUK-AL20; wv) AppleWebKit/537.36 (KHTML, like Gecko) Version/4.0 Chrome/66.0.3359.126 Mobile Safari/537.36"
117.136.46.200 - - [09/Aug/2018:09:19:14 +0800] "GET /WEI_2100/as_item?asitemid=vem&asitemnm=&asitempage=0 HTTP/1.1" 200 63 "http://merp.yudo.com.cn:8183/WEI_2100/WEI_2100?formKey=M20180809T085905363&menuSelection=asm" "Mozilla/5.0 (Linux; Android 8.0.0; DUK-AL20 Build/HUAWEIDUK-AL20; wv) AppleWebKit/537.36 (KHTML, like Gecko) Version/4.0 Chrome/66.0.3359.126 Mobile Safari/537.36"
223.104.4.18 - - [09/Aug/2018:09:19:14 +0800] "GET /WEI_2100/login_user HTTP/1.1" 200 155 "http://merp.yudo.com.cn:8183/WEI_2100/WEI_2100?formKey=M20180809T090416773&menuSelection=asm" "Mozilla/5.0 (Linux; Android 8.1.0; COL-AL10 Build/HUAWEICOL-AL10; wv) AppleWebKit/537.36 (KHTML, like Gecko) Version/4.0 Chrome/65.0.3325.109 Mobile Safari/537.36"
223.104.4.18 - - [09/Aug/2018:09:19:14 +0800] "GET /WEI_2100/systemclass_big_prc?bigsysid=asclass1 HTTP/1.1" 200 475 "http://merp.yudo.com.cn:8183/WEI_2100/WEI_2100?formKey=M20180809T090416773&menuSelection=asm" "Mozilla/5.0 (Linux; Android 8.1.0; COL-AL10 Build/HUAWEICOL-AL10; wv) AppleWebKit/537.36 (KHTML, like Gecko) Version/4.0 Chrome/65.0.3325.109 Mobile Safari/537.36"
223.104.4.18 - - [09/Aug/2018:09:19:14 +0800] "GET /WEI_2100/systemclass_big_prc?bigsysid=ascause HTTP/1.1" 200 209 "http://merp.yudo.com.cn:8183/WEI_2100/WEI_2100?formKey=M20180809T090416773&menuSelection=asm" "Mozilla/5.0 (Linux; Android 8.1.0; COL-AL10 Build/HUAWEICOL-AL10; wv) AppleWebKit/537.36 (KHTML, like Gecko) Version/4.0 Chrome/65.0.3325.109 Mobile Safari/537.36"
223.104.4.18 - - [09/Aug/2018:09:19:14 +0800] "GET /WEI_2100/systemclass_big_prc?bigsysid=markets HTTP/1.1" 200 512 "http://merp.yudo.com.cn:8183/WEI_2100/WEI_2100?formKey=M20180809T090416773&menuSelection=asm" "Mozilla/5.0 (Linux; Android 8.1.0; COL-AL10 Build/HUAWEICOL-AL10; wv) AppleWebKit/537.36 (KHTML, like Gecko) Version/4.0 Chrome/65.0.3325.109 Mobile Safari/537.36"
223.104.4.18 - - [09/Aug/2018:09:19:14 +0800] "GET /WEI_2100/systemclass_big_prc?bigsysid=area HTTP/1.1" 200 751 "http://merp.yudo.com.cn:8183/WEI_2100/WEI_2100?formKey=M20180809T090416773&menuSelection=asm" "Mozilla/5.0 (Linux; Android 8.1.0; COL-AL10 Build/HUAWEICOL-AL10; wv) AppleWebKit/537.36 (KHTML, like Gecko) Version/4.0 Chrome/65.0.3325.109 Mobile Safari/537.36"
223.104.4.18 - - [09/Aug/2018:09:19:15 +0800] "GET /WEI_2100/systemclass_big_prc?bigsysid=supplyscope HTTP/1.1" 200 302 "http://merp.yudo.com.cn:8183/WEI_2100/WEI_2100?formKey=M20180809T090416773&menuSelection=asm" "Mozilla/5.0 (Linux; Android 8.1.0; COL-AL10 Build/HUAWEICOL-AL10; wv) AppleWebKit/537.36 (KHTML, like Gecko) Version/4.0 Chrome/65.0.3325.109 Mobile Safari/537.36"
223.104.4.18 - - [09/Aug/2018:09:19:15 +0800] "GET /WEI_2100/systemclass_big_prc?bigsysid=asclass HTTP/1.1" 200 264 "http://merp.yudo.com.cn:8183/WEI_2100/WEI_2100?formKey=M20180809T090416773&menuSelection=asm" "Mozilla/5.0 (Linux; Android 8.1.0; COL-AL10 Build/HUAWEICOL-AL10; wv) AppleWebKit/537.36 (KHTML, like Gecko) Version/4.0 Chrome/65.0.3325.109 Mobile Safari/537.36"
223.104.4.18 - - [09/Aug/2018:09:19:15 +0800] "GET /WEI_2100/user_prc HTTP/1.1" 200 92257 "http://merp.yudo.com.cn:8183/WEI_2100/WEI_2100?formKey=M20180809T090416773&menuSelection=asm" "Mozilla/5.0 (Linux; Android 8.1.0; COL-AL10 Build/HUAWEICOL-AL10; wv) AppleWebKit/537.36 (KHTML, like Gecko) Version/4.0 Chrome/65.0.3325.109 Mobile Safari/537.36"
223.104.4.18 - - [09/Aug/2018:09:19:14 +0800] "GET /WEI_2100/systemclass_big_prc?bigsysid=startpoint HTTP/1.1" 200 317 "http://merp.yudo.com.cn:8183/WEI_2100/WEI_2100?formKey=M20180809T090416773&menuSelection=asm" "Mozilla/5.0 (Linux; Android 8.1.0; COL-AL10 Build/HUAWEICOL-AL10; wv) AppleWebKit/537.36 (KHTML, like Gecko) Version/4.0 Chrome/65.0.3325.109 Mobile Safari/537.36"
223.104.4.18 - - [09/Aug/2018:09:19:15 +0800] "GET /WEI_2100/as_unit HTTP/1.1" 200 1002 "http://merp.yudo.com.cn:8183/WEI_2100/WEI_2100?formKey=M20180809T090416773&menuSelection=asm" "Mozilla/5.0 (Linux; Android 8.1.0; COL-AL10 Build/HUAWEICOL-AL10; wv) AppleWebKit/537.36 (KHTML, like Gecko) Version/4.0 Chrome/65.0.3325.109 Mobile Safari/537.36"
223.104.4.18 - - [09/Aug/2018:09:19:15 +0800] "GET /WEI_2100/systemclass_big_prc?bigsysid=asbadtype HTTP/1.1" 200 152 "http://merp.yudo.com.cn:8183/WEI_2100/WEI_2100?formKey=M20180809T090416773&menuSelection=asm" "Mozilla/5.0 (Linux; Android 8.1.0; COL-AL10 Build/HUAWEICOL-AL10; wv) AppleWebKit/537.36 (KHTML, like Gecko) Version/4.0 Chrome/65.0.3325.109 Mobile Safari/537.36"
::1 - - [09/Aug/2018:09:19:24 +0800] "OPTIONS * HTTP/1.0" 200 - "-" "Apache/2.4.6 (CentOS) PHP/5.6.32 (internal dummy connection)"
::1 - - [09/Aug/2018:09:19:25 +0800] "OPTIONS * HTTP/1.0" 200 - "-" "Apache/2.4.6 (CentOS) PHP/5.6.32 (internal dummy connection)"
117.136.46.200 - - [09/Aug/2018:09:19:25 +0800] "GET /WEI_2100/as_item?asitemid=VEM&asitemnm=&asitempage=0 HTTP/1.1" 200 63 "http://merp.yudo.com.cn:8183/WEI_2100/WEI_2100?formKey=M20180809T085905363&menuSelection=asm" "Mozilla/5.0 (Linux; Android 8.0.0; DUK-AL20 Build/HUAWEIDUK-AL20; wv) AppleWebKit/537.36 (KHTML, like Gecko) Version/4.0 Chrome/66.0.3359.126 Mobile Safari/537.36"
117.136.46.200 - - [09/Aug/2018:09:19:31 +0800] "GET /WEI_2100/as_item?asitemid=VEM&asitemnm=&asitempage=0 HTTP/1.1" 200 63 "http://merp.yudo.com.cn:8183/WEI_2100/WEI_2100?formKey=M20180809T085905363&menuSelection=asm" "Mozilla/5.0 (Linux; Android 8.0.0; DUK-AL20 Build/HUAWEIDUK-AL20; wv) AppleWebKit/537.36 (KHTML, like Gecko) Version/4.0 Chrome/66.0.3359.126 Mobile Safari/537.36"
::1 - - [09/Aug/2018:09:19:39 +0800] "OPTIONS * HTTP/1.0" 200 - "-" "Apache/2.4.6 (CentOS) PHP/5.6.32 (internal dummy connection)"
223.104.145.113 - - [09/Aug/2018:09:19:40 +0800] "GET /?deviceType=mobile&devicePlatform=android HTTP/1.1" 200 7869 "-" "Mozilla/5.0 (Linux; Android 5.1.1; vivo X7 Build/LMY47V) AppleWebKit/537.36 (KHTML, like Gecko) Version/4.0 Chrome/39.0.0.0 Mobile Safari/537.36"
223.104.145.113 - - [09/Aug/2018:09:19:41 +0800] "GET /third_party/bootstrap-3.3.5/css/bootstrap-theme.css HTTP/1.1" 200 26132 "http://merp.yudo.com.cn:8183/?deviceType=mobile&devicePlatform=android" "Mozilla/5.0 (Linux; Android 5.1.1; vivo X7 Build/LMY47V) AppleWebKit/537.36 (KHTML, like Gecko) Version/4.0 Chrome/39.0.0.0 Mobile Safari/537.36"
223.104.145.113 - - [09/Aug/2018:09:19:41 +0800] "GET /third_party/loading-overlay/waitMe.css HTTP/1.1" 200 14541 "http://merp.yudo.com.cn:8183/?deviceType=mobile&devicePlatform=android" "Mozilla/5.0 (Linux; Android 5.1.1; vivo X7 Build/LMY47V) AppleWebKit/537.36 (KHTML, like Gecko) Version/4.0 Chrome/39.0.0.0 Mobile Safari/537.36"
223.104.145.113 - - [09/Aug/2018:09:19:41 +0800] "GET /third_party/bootstrap-datetimepicker/css/bootstrap-datetimepicker.css HTTP/1.1" 200 12289 "http://merp.yudo.com.cn:8183/?deviceType=mobile&devicePlatform=android" "Mozilla/5.0 (Linux; Android 5.1.1; vivo X7 Build/LMY47V) AppleWebKit/537.36 (KHTML, like Gecko) Version/4.0 Chrome/39.0.0.0 Mobile Safari/537.36"
223.104.145.113 - - [09/Aug/2018:09:19:41 +0800] "GET /css/bootstrap_modify.css HTTP/1.1" 200 265 "http://merp.yudo.com.cn:8183/?deviceType=mobile&devicePlatform=android" "Mozilla/5.0 (Linux; Android 5.1.1; vivo X7 Build/LMY47V) AppleWebKit/537.36 (KHTML, like Gecko) Version/4.0 Chrome/39.0.0.0 Mobile Safari/537.36"
223.104.145.113 - - [09/Aug/2018:09:19:41 +0800] "GET /third_party/slideout-1.0.1/index.css HTTP/1.1" 200 491 "http://merp.yudo.com.cn:8183/?deviceType=mobile&devicePlatform=android" "Mozilla/5.0 (Linux; Android 5.1.1; vivo X7 Build/LMY47V) AppleWebKit/537.36 (KHTML, like Gecko) Version/4.0 Chrome/39.0.0.0 Mobile Safari/537.36"
223.104.145.113 - - [09/Aug/2018:09:19:41 +0800] "GET /css/slide_menu.css HTTP/1.1" 200 2705 "http://merp.yudo.com.cn:8183/?deviceType=mobile&devicePlatform=android" "Mozilla/5.0 (Linux; Android 5.1.1; vivo X7 Build/LMY47V) AppleWebKit/537.36 (KHTML, like Gecko) Version/4.0 Chrome/39.0.0.0 Mobile Safari/537.36"
223.104.145.113 - - [09/Aug/2018:09:19:41 +0800] "GET /css/JLAMP.common.min.css HTTP/1.1" 200 - "http://merp.yudo.com.cn:8183/?deviceType=mobile&devicePlatform=android" "Mozilla/5.0 (Linux; Android 5.1.1; vivo X7 Build/LMY47V) AppleWebKit/537.36 (KHTML, like Gecko) Version/4.0 Chrome/39.0.0.0 Mobile Safari/537.36"
223.104.145.113 - - [09/Aug/2018:09:19:41 +0800] "GET /css/JLAMP.modal.min.css HTTP/1.1" 200 920 "http://merp.yudo.com.cn:8183/?deviceType=mobile&devicePlatform=android" "Mozilla/5.0 (Linux; Android 5.1.1; vivo X7 Build/LMY47V) AppleWebKit/537.36 (KHTML, like Gecko) Version/4.0 Chrome/39.0.0.0 Mobile Safari/537.36"
223.104.145.113 - - [09/Aug/2018:09:19:41 +0800] "GET /css/JLAMP.autobinding.min.css HTTP/1.1" 200 852 "http://merp.yudo.com.cn:8183/?deviceType=mobile&devicePlatform=android" "Mozilla/5.0 (Linux; Android 5.1.1; vivo X7 Build/LMY47V) AppleWebKit/537.36 (KHTML, like Gecko) Version/4.0 Chrome/39.0.0.0 Mobile Safari/537.36"
223.104.145.113 - - [09/Aug/2018:09:19:41 +0800] "GET /css/login.css HTTP/1.1" 200 2712 "http://merp.yudo.com.cn:8183/?deviceType=mobile&devicePlatform=android" "Mozilla/5.0 (Linux; Android 5.1.1; vivo X7 Build/LMY47V) AppleWebKit/537.36 (KHTML, like Gecko) Version/4.0 Chrome/39.0.0.0 Mobile Safari/537.36"
223.104.145.113 - - [09/Aug/2018:09:19:41 +0800] "GET /css/common.css?v=4005 HTTP/1.1" 200 13583 "http://merp.yudo.com.cn:8183/?deviceType=mobile&devicePlatform=android" "Mozilla/5.0 (Linux; Android 5.1.1; vivo X7 Build/LMY47V) AppleWebKit/537.36 (KHTML, like Gecko) Version/4.0 Chrome/39.0.0.0 Mobile Safari/537.36"
223.104.145.113 - - [09/Aug/2018:09:19:41 +0800] "GET /third_party/bootstrap-3.3.5/css/bootstrap.css HTTP/1.1" 200 147430 "http://merp.yudo.com.cn:8183/?deviceType=mobile&devicePlatform=android" "Mozilla/5.0 (Linux; Android 5.1.1; vivo X7 Build/LMY47V) AppleWebKit/537.36 (KHTML, like Gecko) Version/4.0 Chrome/39.0.0.0 Mobile Safari/537.36"
223.104.145.113 - - [09/Aug/2018:09:19:41 +0800] "GET /third_party/KendoUI/styles/kendo.bootstrap.mobile.min.css HTTP/1.1" 200 112483 "http://merp.yudo.com.cn:8183/?deviceType=mobile&devicePlatform=android" "Mozilla/5.0 (Linux; Android 5.1.1; vivo X7 Build/LMY47V) AppleWebKit/537.36 (KHTML, like Gecko) Version/4.0 Chrome/39.0.0.0 Mobile Safari/537.36"
223.104.145.113 - - [09/Aug/2018:09:19:41 +0800] "GET /third_party/bootstrap-3.3.5/js/bootstrap.min.js HTTP/1.1" 200 36816 "http://merp.yudo.com.cn:8183/?deviceType=mobile&devicePlatform=android" "Mozilla/5.0 (Linux; Android 5.1.1; vivo X7 Build/LMY47V) AppleWebKit/537.36 (KHTML, like Gecko) Version/4.0 Chrome/39.0.0.0 Mobile Safari/537.36"
223.104.145.113 - - [09/Aug/2018:09:19:41 +0800] "GET /third_party/jquery-2.1.4/jquery.js HTTP/1.1" 200 247606 "http://merp.yudo.com.cn:8183/?deviceType=mobile&devicePlatform=android" "Mozilla/5.0 (Linux; Android 5.1.1; vivo X7 Build/LMY47V) AppleWebKit/537.36 (KHTML, like Gecko) Version/4.0 Chrome/39.0.0.0 Mobile Safari/537.36"
223.104.145.113 - - [09/Aug/2018:09:19:41 +0800] "GET /third_party/KendoUI/styles/kendo.bootstrap.min.css HTTP/1.1" 200 83074 "http://merp.yudo.com.cn:8183/?deviceType=mobile&devicePlatform=android" "Mozilla/5.0 (Linux; Android 5.1.1; vivo X7 Build/LMY47V) AppleWebKit/537.36 (KHTML, like Gecko) Version/4.0 Chrome/39.0.0.0 Mobile Safari/537.36"
223.104.145.113 - - [09/Aug/2018:09:19:42 +0800] "GET /third_party/bootstrap-datetimepicker/js/bootstrap-datetimepicker.js HTTP/1.1" 200 67526 "http://merp.yudo.com.cn:8183/?deviceType=mobile&devicePlatform=android" "Mozilla/5.0 (Linux; Android 5.1.1; vivo X7 Build/LMY47V) AppleWebKit/537.36 (KHTML, like Gecko) Version/4.0 Chrome/39.0.0.0 Mobile Safari/537.36"
223.104.145.113 - - [09/Aug/2018:09:19:42 +0800] "GET /third_party/bootstrap-datetimepicker/js/locales/bootstrap-datetimepicker.ko.js HTTP/1.1" 200 765 "http://merp.yudo.com.cn:8183/?deviceType=mobile&devicePlatform=android" "Mozilla/5.0 (Linux; Android 5.1.1; vivo X7 Build/LMY47V) AppleWebKit/537.36 (KHTML, like Gecko) Version/4.0 Chrome/39.0.0.0 Mobile Safari/537.36"
223.104.145.113 - - [09/Aug/2018:09:19:43 +0800] "GET /third_party/loading-overlay/waitMe.js HTTP/1.1" 200 8583 "http://merp.yudo.com.cn:8183/?deviceType=mobile&devicePlatform=android" "Mozilla/5.0 (Linux; Android 5.1.1; vivo X7 Build/LMY47V) AppleWebKit/537.36 (KHTML, like Gecko) Version/4.0 Chrome/39.0.0.0 Mobile Safari/537.36"
223.104.145.113 - - [09/Aug/2018:09:19:43 +0800] "GET /third_party/slideout-1.0.1/slideout.js HTTP/1.1" 200 37980 "http://merp.yudo.com.cn:8183/?deviceType=mobile&devicePlatform=android" "Mozilla/5.0 (Linux; Android 5.1.1; vivo X7 Build/LMY47V) AppleWebKit/537.36 (KHTML, like Gecko) Version/4.0 Chrome/39.0.0.0 Mobile Safari/537.36"
223.104.145.113 - - [09/Aug/2018:09:19:43 +0800] "GET /js/fastclick.js HTTP/1.1" 200 25966 "http://merp.yudo.com.cn:8183/?deviceType=mobile&devicePlatform=android" "Mozilla/5.0 (Linux; Android 5.1.1; vivo X7 Build/LMY47V) AppleWebKit/537.36 (KHTML, like Gecko) Version/4.0 Chrome/39.0.0.0 Mobile Safari/537.36"
223.104.145.113 - - [09/Aug/2018:09:19:43 +0800] "GET /js/JLAMP.polyfill.min.js HTTP/1.1" 200 361 "http://merp.yudo.com.cn:8183/?deviceType=mobile&devicePlatform=android" "Mozilla/5.0 (Linux; Android 5.1.1; vivo X7 Build/LMY47V) AppleWebKit/537.36 (KHTML, like Gecko) Version/4.0 Chrome/39.0.0.0 Mobile Safari/537.36"
223.104.145.113 - - [09/Aug/2018:09:19:43 +0800] "GET /js/JLAMP.min.js HTTP/1.1" 200 1461 "http://merp.yudo.com.cn:8183/?deviceType=mobile&devicePlatform=android" "Mozilla/5.0 (Linux; Android 5.1.1; vivo X7 Build/LMY47V) AppleWebKit/537.36 (KHTML, like Gecko) Version/4.0 Chrome/39.0.0.0 Mobile Safari/537.36"
223.104.145.113 - - [09/Aug/2018:09:19:43 +0800] "GET /js/JLAMP.common.min.js HTTP/1.1" 200 9705 "http://merp.yudo.com.cn:8183/?deviceType=mobile&devicePlatform=android" "Mozilla/5.0 (Linux; Android 5.1.1; vivo X7 Build/LMY47V) AppleWebKit/537.36 (KHTML, like Gecko) Version/4.0 Chrome/39.0.0.0 Mobile Safari/537.36"
223.104.145.113 - - [09/Aug/2018:09:19:43 +0800] "GET /js/JLAMP.menu.min.js HTTP/1.1" 200 6519 "http://merp.yudo.com.cn:8183/?deviceType=mobile&devicePlatform=android" "Mozilla/5.0 (Linux; Android 5.1.1; vivo X7 Build/LMY47V) AppleWebKit/537.36 (KHTML, like Gecko) Version/4.0 Chrome/39.0.0.0 Mobile Safari/537.36"
223.104.145.113 - - [09/Aug/2018:09:19:43 +0800] "GET /js/JLAMP.autobinding.min.js HTTP/1.1" 200 8816 "http://merp.yudo.com.cn:8183/?deviceType=mobile&devicePlatform=android" "Mozilla/5.0 (Linux; Android 5.1.1; vivo X7 Build/LMY47V) AppleWebKit/537.36 (KHTML, like Gecko) Version/4.0 Chrome/39.0.0.0 Mobile Safari/537.36"
223.104.145.113 - - [09/Aug/2018:09:19:43 +0800] "GET /js/JLAMP.modal.min.js HTTP/1.1" 200 16516 "http://merp.yudo.com.cn:8183/?deviceType=mobile&devicePlatform=android" "Mozilla/5.0 (Linux; Android 5.1.1; vivo X7 Build/LMY47V) AppleWebKit/537.36 (KHTML, like Gecko) Version/4.0 Chrome/39.0.0.0 Mobile Safari/537.36"
223.104.145.113 - - [09/Aug/2018:09:19:43 +0800] "GET /js/JLAMP.lang.min.js HTTP/1.1" 200 1750 "http://merp.yudo.com.cn:8183/?deviceType=mobile&devicePlatform=android" "Mozilla/5.0 (Linux; Android 5.1.1; vivo X7 Build/LMY47V) AppleWebKit/537.36 (KHTML, like Gecko) Version/4.0 Chrome/39.0.0.0 Mobile Safari/537.36"
223.104.145.113 - - [09/Aug/2018:09:19:43 +0800] "GET /js/session.js HTTP/1.1" 200 638 "http://merp.yudo.com.cn:8183/?deviceType=mobile&devicePlatform=android" "Mozilla/5.0 (Linux; Android 5.1.1; vivo X7 Build/LMY47V) AppleWebKit/537.36 (KHTML, like Gecko) Version/4.0 Chrome/39.0.0.0 Mobile Safari/537.36"
223.104.145.113 - - [09/Aug/2018:09:19:43 +0800] "GET /js/version.js HTTP/1.1" 200 1046 "http://merp.yudo.com.cn:8183/?deviceType=mobile&devicePlatform=android" "Mozilla/5.0 (Linux; Android 5.1.1; vivo X7 Build/LMY47V) AppleWebKit/537.36 (KHTML, like Gecko) Version/4.0 Chrome/39.0.0.0 Mobile Safari/537.36"
223.104.145.113 - - [09/Aug/2018:09:19:43 +0800] "GET /js/common.js HTTP/1.1" 200 11633 "http://merp.yudo.com.cn:8183/?deviceType=mobile&devicePlatform=android" "Mozilla/5.0 (Linux; Android 5.1.1; vivo X7 Build/LMY47V) AppleWebKit/537.36 (KHTML, like Gecko) Version/4.0 Chrome/39.0.0.0 Mobile Safari/537.36"
223.104.145.113 - - [09/Aug/2018:09:19:43 +0800] "GET /js/GNB.js HTTP/1.1" 200 2176 "http://merp.yudo.com.cn:8183/?deviceType=mobile&devicePlatform=android" "Mozilla/5.0 (Linux; Android 5.1.1; vivo X7 Build/LMY47V) AppleWebKit/537.36 (KHTML, like Gecko) Version/4.0 Chrome/39.0.0.0 Mobile Safari/537.36"
223.104.145.113 - - [09/Aug/2018:09:19:43 +0800] "GET /js/login.js?v=7009 HTTP/1.1" 200 8215 "http://merp.yudo.com.cn:8183/?deviceType=mobile&devicePlatform=android" "Mozilla/5.0 (Linux; Android 5.1.1; vivo X7 Build/LMY47V) AppleWebKit/537.36 (KHTML, like Gecko) Version/4.0 Chrome/39.0.0.0 Mobile Safari/537.36"
223.104.145.113 - - [09/Aug/2018:09:19:43 +0800] "GET /image/login_logo.png HTTP/1.1" 200 3941 "http://merp.yudo.com.cn:8183/?deviceType=mobile&devicePlatform=android" "Mozilla/5.0 (Linux; Android 5.1.1; vivo X7 Build/LMY47V) AppleWebKit/537.36 (KHTML, like Gecko) Version/4.0 Chrome/39.0.0.0 Mobile Safari/537.36"
223.104.145.113 - - [09/Aug/2018:09:19:41 +0800] "GET /third_party/KendoUI/styles/kendo.common.min.css HTTP/1.1" 200 231115 "http://merp.yudo.com.cn:8183/?deviceType=mobile&devicePlatform=android" "Mozilla/5.0 (Linux; Android 5.1.1; vivo X7 Build/LMY47V) AppleWebKit/537.36 (KHTML, like Gecko) Version/4.0 Chrome/39.0.0.0 Mobile Safari/537.36"
223.104.145.113 - - [09/Aug/2018:09:19:44 +0800] "GET /image/icon_logout.png HTTP/1.1" 200 1682 "http://merp.yudo.com.cn:8183/?deviceType=mobile&devicePlatform=android" "Mozilla/5.0 (Linux; Android 5.1.1; vivo X7 Build/LMY47V) AppleWebKit/537.36 (KHTML, like Gecko) Version/4.0 Chrome/39.0.0.0 Mobile Safari/537.36"
223.104.145.113 - - [09/Aug/2018:09:19:43 +0800] "GET /third_party/KendoUI/js/kendo.all.min.js HTTP/1.1" 200 3038548 "http://merp.yudo.com.cn:8183/?deviceType=mobile&devicePlatform=android" "Mozilla/5.0 (Linux; Android 5.1.1; vivo X7 Build/LMY47V) AppleWebKit/537.36 (KHTML, like Gecko) Version/4.0 Chrome/39.0.0.0 Mobile Safari/537.36"
223.104.145.113 - - [09/Aug/2018:09:19:48 +0800] "GET /JLAMPCommon/getCookieJson_prc HTTP/1.1" 200 62 "http://merp.yudo.com.cn:8183/?deviceType=mobile&devicePlatform=android" "Mozilla/5.0 (Linux; Android 5.1.1; vivo X7 Build/LMY47V) AppleWebKit/537.36 (KHTML, like Gecko) Version/4.0 Chrome/39.0.0.0 Mobile Safari/537.36"
223.104.145.113 - - [09/Aug/2018:09:19:48 +0800] "GET /third_party/KendoUI/styles/images/kendoui.woff?v=1.1 HTTP/1.1" 200 64184 "http://merp.yudo.com.cn:8183/third_party/KendoUI/styles/kendo.bootstrap.mobile.min.css" "Mozilla/5.0 (Linux; Android 5.1.1; vivo X7 Build/LMY47V) AppleWebKit/537.36 (KHTML, like Gecko) Version/4.0 Chrome/39.0.0.0 Mobile Safari/537.36"
223.104.145.113 - - [09/Aug/2018:09:19:48 +0800] "GET /third_party/KendoUI/styles/fonts/glyphs/WebComponentsIcons.ttf?gedxeo HTTP/1.1" 200 96108 "http://merp.yudo.com.cn:8183/third_party/KendoUI/styles/kendo.common.min.css" "Mozilla/5.0 (Linux; Android 5.1.1; vivo X7 Build/LMY47V) AppleWebKit/537.36 (KHTML, like Gecko) Version/4.0 Chrome/39.0.0.0 Mobile Safari/537.36"
223.104.145.113 - - [09/Aug/2018:09:19:49 +0800] "GET /image/favicon.ico HTTP/1.1" 404 1506 "-" "Mozilla/5.0 (Linux; Android 5.1.1; vivo X7 Build/LMY47V) AppleWebKit/537.36 (KHTML, like Gecko) Version/4.0 Chrome/39.0.0.0 Mobile Safari/537.36"
::1 - - [09/Aug/2018:09:19:57 +0800] "OPTIONS * HTTP/1.0" 200 - "-" "Apache/2.4.6 (CentOS) PHP/5.6.32 (internal dummy connection)"
223.104.145.113 - - [09/Aug/2018:09:20:26 +0800] "GET /?deviceType=mobile&devicePlatform=android HTTP/1.1" 200 7869 "-" "Mozilla/5.0 (Linux; Android 5.1.1; vivo X7 Build/LMY47V) AppleWebKit/537.36 (KHTML, like Gecko) Version/4.0 Chrome/39.0.0.0 Mobile Safari/537.36"
223.104.145.113 - - [09/Aug/2018:09:20:27 +0800] "GET /JLAMPCommon/getCookieJson_prc HTTP/1.1" 200 62 "http://merp.yudo.com.cn:8183/?deviceType=mobile&devicePlatform=android" "Mozilla/5.0 (Linux; Android 5.1.1; vivo X7 Build/LMY47V) AppleWebKit/537.36 (KHTML, like Gecko) Version/4.0 Chrome/39.0.0.0 Mobile Safari/537.36"
223.104.145.113 - - [09/Aug/2018:09:20:28 +0800] "GET /image/favicon.ico HTTP/1.1" 404 1506 "-" "Mozilla/5.0 (Linux; Android 5.1.1; vivo X7 Build/LMY47V) AppleWebKit/537.36 (KHTML, like Gecko) Version/4.0 Chrome/39.0.0.0 Mobile Safari/537.36"
117.136.68.148 - - [09/Aug/2018:09:20:29 +0800] "GET /?deviceType=mobile&devicePlatform=android HTTP/1.1" 200 7869 "-" "Mozilla/5.0 (Linux; Android 7.0; FRD-AL10 Build/HUAWEIFRD-AL10; wv) AppleWebKit/537.36 (KHTML, like Gecko) Version/4.0 Chrome/62.0.3202.84 Mobile Safari/537.36"
117.136.68.148 - - [09/Aug/2018:09:20:30 +0800] "GET /third_party/bootstrap-3.3.5/css/bootstrap-theme.css HTTP/1.1" 200 26132 "http://merp.yudo.com.cn:8183/?deviceType=mobile&devicePlatform=android" "Mozilla/5.0 (Linux; Android 7.0; FRD-AL10 Build/HUAWEIFRD-AL10; wv) AppleWebKit/537.36 (KHTML, like Gecko) Version/4.0 Chrome/62.0.3202.84 Mobile Safari/537.36"
117.136.68.148 - - [09/Aug/2018:09:20:30 +0800] "GET /third_party/loading-overlay/waitMe.css HTTP/1.1" 200 14541 "http://merp.yudo.com.cn:8183/?deviceType=mobile&devicePlatform=android" "Mozilla/5.0 (Linux; Android 7.0; FRD-AL10 Build/HUAWEIFRD-AL10; wv) AppleWebKit/537.36 (KHTML, like Gecko) Version/4.0 Chrome/62.0.3202.84 Mobile Safari/537.36"
117.136.68.148 - - [09/Aug/2018:09:20:30 +0800] "GET /third_party/bootstrap-datetimepicker/css/bootstrap-datetimepicker.css HTTP/1.1" 200 12289 "http://merp.yudo.com.cn:8183/?deviceType=mobile&devicePlatform=android" "Mozilla/5.0 (Linux; Android 7.0; FRD-AL10 Build/HUAWEIFRD-AL10; wv) AppleWebKit/537.36 (KHTML, like Gecko) Version/4.0 Chrome/62.0.3202.84 Mobile Safari/537.36"
117.136.68.148 - - [09/Aug/2018:09:20:30 +0800] "GET /css/bootstrap_modify.css HTTP/1.1" 200 265 "http://merp.yudo.com.cn:8183/?deviceType=mobile&devicePlatform=android" "Mozilla/5.0 (Linux; Android 7.0; FRD-AL10 Build/HUAWEIFRD-AL10; wv) AppleWebKit/537.36 (KHTML, like Gecko) Version/4.0 Chrome/62.0.3202.84 Mobile Safari/537.36"
