211.138.116.120 - - [28/Sep/2020:15:24:43 +0800] "GET /WEI_2100/systemclass_mini_prc?bigsysid=AS10110030&minisysid=ascause_c HTTP/1.1" 200 119 "http://merp.yudo.com.cn:8183/WEI_2100/WEI_2100?formKey=Menu&menuSelection=asm" "Mozilla/5.0 (Linux; Android 9; H9493 Build/52.0.A.11.32; wv) AppleWebKit/537.36 (KHTML, like Gecko) Version/4.0 Chrome/85.0.4183.101 Mobile Safari/537.36"
211.138.116.120 - - [28/Sep/2020:15:24:43 +0800] "GET /WEI_2100/systemclass_mini_prc?bigsysid=SA10350027&minisysid=supplyscope_c2 HTTP/1.1" 200 99 "http://merp.yudo.com.cn:8183/WEI_2100/WEI_2100?formKey=Menu&menuSelection=asm" "Mozilla/5.0 (Linux; Android 9; H9493 Build/52.0.A.11.32; wv) AppleWebKit/537.36 (KHTML, like Gecko) Version/4.0 Chrome/85.0.4183.101 Mobile Safari/537.36"
122.226.146.22 - - [28/Sep/2020:15:24:44 +0800] "GET /?deviceType=mobile&devicePlatform=android HTTP/1.1" 302 149 "-" "Mozilla/5.0 (Linux; Android 10; HMA-AL00 Build/HUAWEIHMA-AL00; wv) AppleWebKit/537.36 (KHTML, like Gecko) Version/4.0 Chrome/81.0.4044.138 Mobile Safari/537.36"
122.226.146.22 - - [28/Sep/2020:15:24:44 +0800] "GET /Menu HTTP/1.1" 200 12297 "-" "Mozilla/5.0 (Linux; Android 10; HMA-AL00 Build/HUAWEIHMA-AL00; wv) AppleWebKit/537.36 (KHTML, like Gecko) Version/4.0 Chrome/81.0.4044.138 Mobile Safari/537.36"
122.226.146.22 - - [28/Sep/2020:15:24:44 +0800] "GET /css/mui.min.css?v=1012 HTTP/1.1" 200 76673 "http://merp.yudo.com.cn:8183/Menu" "Mozilla/5.0 (Linux; Android 10; HMA-AL00 Build/HUAWEIHMA-AL00; wv) AppleWebKit/537.36 (KHTML, like Gecko) Version/4.0 Chrome/81.0.4044.138 Mobile Safari/537.36"
211.138.116.120 - - [28/Sep/2020:15:24:43 +0800] "GET /WEI_2100/systemclass_mini_prc?bigsysid=AS10060020&minisysid=asclass1_c HTTP/1.1" 200 2106 "http://merp.yudo.com.cn:8183/WEI_2100/WEI_2100?formKey=Menu&menuSelection=asm" "Mozilla/5.0 (Linux; Android 9; H9493 Build/52.0.A.11.32; wv) AppleWebKit/537.36 (KHTML, like Gecko) Version/4.0 Chrome/85.0.4183.101 Mobile Safari/537.36"
122.226.146.22 - - [28/Sep/2020:15:24:44 +0800] "GET /css/yudo-ui.css?v=2016 HTTP/1.1" 200 41489 "http://merp.yudo.com.cn:8183/Menu" "Mozilla/5.0 (Linux; Android 10; HMA-AL00 Build/HUAWEIHMA-AL00; wv) AppleWebKit/537.36 (KHTML, like Gecko) Version/4.0 Chrome/81.0.4044.138 Mobile Safari/537.36"
122.226.146.22 - - [28/Sep/2020:15:24:44 +0800] "GET /css/mui.picker.min.css?v=1000 HTTP/1.1" 200 4844 "http://merp.yudo.com.cn:8183/Menu" "Mozilla/5.0 (Linux; Android 10; HMA-AL00 Build/HUAWEIHMA-AL00; wv) AppleWebKit/537.36 (KHTML, like Gecko) Version/4.0 Chrome/81.0.4044.138 Mobile Safari/537.36"
122.226.146.22 - - [28/Sep/2020:15:24:44 +0800] "GET /css/animate.min.css?v=1003 HTTP/1.1" 200 52799 "http://merp.yudo.com.cn:8183/Menu" "Mozilla/5.0 (Linux; Android 10; HMA-AL00 Build/HUAWEIHMA-AL00; wv) AppleWebKit/537.36 (KHTML, like Gecko) Version/4.0 Chrome/81.0.4044.138 Mobile Safari/537.36"
122.226.146.22 - - [28/Sep/2020:15:24:44 +0800] "GET /js/server.js?v=1010 HTTP/1.1" 200 88 "http://merp.yudo.com.cn:8183/Menu" "Mozilla/5.0 (Linux; Android 10; HMA-AL00 Build/HUAWEIHMA-AL00; wv) AppleWebKit/537.36 (KHTML, like Gecko) Version/4.0 Chrome/81.0.4044.138 Mobile Safari/537.36"
122.226.146.22 - - [28/Sep/2020:15:24:44 +0800] "GET /js/mui.min.js?v=1001 HTTP/1.1" 200 115810 "http://merp.yudo.com.cn:8183/Menu" "Mozilla/5.0 (Linux; Android 10; HMA-AL00 Build/HUAWEIHMA-AL00; wv) AppleWebKit/537.36 (KHTML, like Gecko) Version/4.0 Chrome/81.0.4044.138 Mobile Safari/537.36"
211.138.116.120 - - [28/Sep/2020:15:24:43 +0800] "GET /WEI_2100/systemclass_mini_prc?bigsysid=SA10340020&minisysid=supplyscope_c1 HTTP/1.1" 200 1094 "http://merp.yudo.com.cn:8183/WEI_2100/WEI_2100?formKey=Menu&menuSelection=asm" "Mozilla/5.0 (Linux; Android 9; H9493 Build/52.0.A.11.32; wv) AppleWebKit/537.36 (KHTML, like Gecko) Version/4.0 Chrome/85.0.4183.101 Mobile Safari/537.36"
211.138.116.120 - - [28/Sep/2020:15:24:43 +0800] "GET /WEI_2100/systemclass_mini_prc?bigsysid=SA10370112&minisysid=supplyscope_c4 HTTP/1.1" 200 100 "http://merp.yudo.com.cn:8183/WEI_2100/WEI_2100?formKey=Menu&menuSelection=asm" "Mozilla/5.0 (Linux; Android 9; H9493 Build/52.0.A.11.32; wv) AppleWebKit/537.36 (KHTML, like Gecko) Version/4.0 Chrome/85.0.4183.101 Mobile Safari/537.36"
122.226.146.22 - - [28/Sep/2020:15:24:44 +0800] "GET /third_party/jquery-2.1.4/jquery.js HTTP/1.1" 200 247606 "http://merp.yudo.com.cn:8183/Menu" "Mozilla/5.0 (Linux; Android 10; HMA-AL00 Build/HUAWEIHMA-AL00; wv) AppleWebKit/537.36 (KHTML, like Gecko) Version/4.0 Chrome/81.0.4044.138 Mobile Safari/537.36"
211.138.116.120 - - [28/Sep/2020:15:24:44 +0800] "GET /WEI_2100/systemclass_mini_prc?bigsysid=SA10380182&minisysid=supplyscope_c5 HTTP/1.1" 200 132 "http://merp.yudo.com.cn:8183/WEI_2100/WEI_2100?formKey=Menu&menuSelection=asm" "Mozilla/5.0 (Linux; Android 9; H9493 Build/52.0.A.11.32; wv) AppleWebKit/537.36 (KHTML, like Gecko) Version/4.0 Chrome/85.0.4183.101 Mobile Safari/537.36"
122.226.146.22 - - [28/Sep/2020:15:24:45 +0800] "GET /js/lang.min.js?v=1004 HTTP/1.1" 200 1138 "http://merp.yudo.com.cn:8183/Menu" "Mozilla/5.0 (Linux; Android 10; HMA-AL00 Build/HUAWEIHMA-AL00; wv) AppleWebKit/537.36 (KHTML, like Gecko) Version/4.0 Chrome/81.0.4044.138 Mobile Safari/537.36"
211.138.116.120 - - [28/Sep/2020:15:24:43 +0800] "GET /WEI_2100/systemclass_mini_prc?bigsysid=SA10360039&minisysid=supplyscope_c3 HTTP/1.1" 200 167 "http://merp.yudo.com.cn:8183/WEI_2100/WEI_2100?formKey=Menu&menuSelection=asm" "Mozilla/5.0 (Linux; Android 9; H9493 Build/52.0.A.11.32; wv) AppleWebKit/537.36 (KHTML, like Gecko) Version/4.0 Chrome/85.0.4183.101 Mobile Safari/537.36"
122.226.146.22 - - [28/Sep/2020:15:24:46 +0800] "GET /js/multiHttp.js?v=1015 HTTP/1.1" 200 48308 "http://merp.yudo.com.cn:8183/Menu" "Mozilla/5.0 (Linux; Android 10; HMA-AL00 Build/HUAWEIHMA-AL00; wv) AppleWebKit/537.36 (KHTML, like Gecko) Version/4.0 Chrome/81.0.4044.138 Mobile Safari/537.36"
122.226.146.22 - - [28/Sep/2020:15:24:45 +0800] "GET /js/vue.js HTTP/1.1" 200 289301 "http://merp.yudo.com.cn:8183/Menu" "Mozilla/5.0 (Linux; Android 10; HMA-AL00 Build/HUAWEIHMA-AL00; wv) AppleWebKit/537.36 (KHTML, like Gecko) Version/4.0 Chrome/81.0.4044.138 Mobile Safari/537.36"
122.226.146.22 - - [28/Sep/2020:15:24:46 +0800] "GET /js/mui.previewimage.js?v=201804261256 HTTP/1.1" 200 13324 "http://merp.yudo.com.cn:8183/Menu" "Mozilla/5.0 (Linux; Android 10; HMA-AL00 Build/HUAWEIHMA-AL00; wv) AppleWebKit/537.36 (KHTML, like Gecko) Version/4.0 Chrome/81.0.4044.138 Mobile Safari/537.36"
122.226.146.22 - - [28/Sep/2020:15:24:46 +0800] "GET /js/mui.zoom.js?v=201804231454 HTTP/1.1" 200 11703 "http://merp.yudo.com.cn:8183/Menu" "Mozilla/5.0 (Linux; Android 10; HMA-AL00 Build/HUAWEIHMA-AL00; wv) AppleWebKit/537.36 (KHTML, like Gecko) Version/4.0 Chrome/81.0.4044.138 Mobile Safari/537.36"
122.226.146.22 - - [28/Sep/2020:15:24:46 +0800] "GET /js/mui.picker.min.js?v=1002 HTTP/1.1" 200 18411 "http://merp.yudo.com.cn:8183/Menu" "Mozilla/5.0 (Linux; Android 10; HMA-AL00 Build/HUAWEIHMA-AL00; wv) AppleWebKit/537.36 (KHTML, like Gecko) Version/4.0 Chrome/81.0.4044.138 Mobile Safari/537.36"
122.226.146.22 - - [28/Sep/2020:15:24:46 +0800] "GET /js/fastclick.js HTTP/1.1" 200 25966 "http://merp.yudo.com.cn:8183/Menu" "Mozilla/5.0 (Linux; Android 10; HMA-AL00 Build/HUAWEIHMA-AL00; wv) AppleWebKit/537.36 (KHTML, like Gecko) Version/4.0 Chrome/81.0.4044.138 Mobile Safari/537.36"
122.226.146.22 - - [28/Sep/2020:15:24:46 +0800] "GET /js/JLAMP.min.js HTTP/1.1" 200 1461 "http://merp.yudo.com.cn:8183/Menu" "Mozilla/5.0 (Linux; Android 10; HMA-AL00 Build/HUAWEIHMA-AL00; wv) AppleWebKit/537.36 (KHTML, like Gecko) Version/4.0 Chrome/81.0.4044.138 Mobile Safari/537.36"
122.226.146.22 - - [28/Sep/2020:15:24:46 +0800] "GET /js/JLAMP.common.min.js HTTP/1.1" 200 9705 "http://merp.yudo.com.cn:8183/Menu" "Mozilla/5.0 (Linux; Android 10; HMA-AL00 Build/HUAWEIHMA-AL00; wv) AppleWebKit/537.36 (KHTML, like Gecko) Version/4.0 Chrome/81.0.4044.138 Mobile Safari/537.36"
122.226.146.22 - - [28/Sep/2020:15:24:46 +0800] "GET /js/JLAMP.lang.min.js HTTP/1.1" 200 1750 "http://merp.yudo.com.cn:8183/Menu" "Mozilla/5.0 (Linux; Android 10; HMA-AL00 Build/HUAWEIHMA-AL00; wv) AppleWebKit/537.36 (KHTML, like Gecko) Version/4.0 Chrome/81.0.4044.138 Mobile Safari/537.36"
122.226.146.22 - - [28/Sep/2020:15:24:47 +0800] "GET /js/Menu/Menu.js?v=200017 HTTP/1.1" 200 11548 "http://merp.yudo.com.cn:8183/Menu" "Mozilla/5.0 (Linux; Android 10; HMA-AL00 Build/HUAWEIHMA-AL00; wv) AppleWebKit/537.36 (KHTML, like Gecko) Version/4.0 Chrome/81.0.4044.138 Mobile Safari/537.36"
122.226.146.22 - - [28/Sep/2020:15:24:47 +0800] "GET /image/fonticon/headDefault.jpg HTTP/1.1" 200 2436 "http://merp.yudo.com.cn:8183/Menu" "Mozilla/5.0 (Linux; Android 10; HMA-AL00 Build/HUAWEIHMA-AL00; wv) AppleWebKit/537.36 (KHTML, like Gecko) Version/4.0 Chrome/81.0.4044.138 Mobile Safari/537.36"
122.226.146.22 - - [28/Sep/2020:15:24:47 +0800] "GET /image/login_logo.png HTTP/1.1" 200 3941 "http://merp.yudo.com.cn:8183/Menu" "Mozilla/5.0 (Linux; Android 10; HMA-AL00 Build/HUAWEIHMA-AL00; wv) AppleWebKit/537.36 (KHTML, like Gecko) Version/4.0 Chrome/81.0.4044.138 Mobile Safari/537.36"
122.226.146.22 - - [28/Sep/2020:15:24:46 +0800] "GET /js/echarts.min.js HTTP/1.1" 200 744675 "http://merp.yudo.com.cn:8183/Menu" "Mozilla/5.0 (Linux; Android 10; HMA-AL00 Build/HUAWEIHMA-AL00; wv) AppleWebKit/537.36 (KHTML, like Gecko) Version/4.0 Chrome/81.0.4044.138 Mobile Safari/537.36"
122.226.146.22 - - [28/Sep/2020:15:24:48 +0800] "GET /image/fonticon/refresh_icon.png HTTP/1.1" 200 2550 "http://merp.yudo.com.cn:8183/css/yudo-ui.css?v=2016" "Mozilla/5.0 (Linux; Android 10; HMA-AL00 Build/HUAWEIHMA-AL00; wv) AppleWebKit/537.36 (KHTML, like Gecko) Version/4.0 Chrome/81.0.4044.138 Mobile Safari/537.36"
122.226.146.22 - - [28/Sep/2020:15:24:48 +0800] "GET /image/fonticon/home_icon.png HTTP/1.1" 200 1180 "http://merp.yudo.com.cn:8183/css/yudo-ui.css?v=2016" "Mozilla/5.0 (Linux; Android 10; HMA-AL00 Build/HUAWEIHMA-AL00; wv) AppleWebKit/537.36 (KHTML, like Gecko) Version/4.0 Chrome/81.0.4044.138 Mobile Safari/537.36"
122.226.146.22 - - [28/Sep/2020:15:24:48 +0800] "GET /image/fonticon/switchPass_icon.png HTTP/1.1" 200 1480 "http://merp.yudo.com.cn:8183/css/yudo-ui.css?v=2016" "Mozilla/5.0 (Linux; Android 10; HMA-AL00 Build/HUAWEIHMA-AL00; wv) AppleWebKit/537.36 (KHTML, like Gecko) Version/4.0 Chrome/81.0.4044.138 Mobile Safari/537.36"
122.226.146.22 - - [28/Sep/2020:15:24:48 +0800] "GET /image/fonticon/connectRecord_icon.png HTTP/1.1" 200 1412 "http://merp.yudo.com.cn:8183/css/yudo-ui.css?v=2016" "Mozilla/5.0 (Linux; Android 10; HMA-AL00 Build/HUAWEIHMA-AL00; wv) AppleWebKit/537.36 (KHTML, like Gecko) Version/4.0 Chrome/81.0.4044.138 Mobile Safari/537.36"
122.226.146.22 - - [28/Sep/2020:15:24:48 +0800] "GET /image/fonticon/cleanCache_icon.png HTTP/1.1" 200 951 "http://merp.yudo.com.cn:8183/css/yudo-ui.css?v=2016" "Mozilla/5.0 (Linux; Android 10; HMA-AL00 Build/HUAWEIHMA-AL00; wv) AppleWebKit/537.36 (KHTML, like Gecko) Version/4.0 Chrome/81.0.4044.138 Mobile Safari/537.36"
122.226.146.22 - - [28/Sep/2020:15:24:48 +0800] "GET /image/fonticon/quit_icon.png HTTP/1.1" 200 1268 "http://merp.yudo.com.cn:8183/css/yudo-ui.css?v=2016" "Mozilla/5.0 (Linux; Android 10; HMA-AL00 Build/HUAWEIHMA-AL00; wv) AppleWebKit/537.36 (KHTML, like Gecko) Version/4.0 Chrome/81.0.4044.138 Mobile Safari/537.36"
122.226.146.22 - - [28/Sep/2020:15:24:48 +0800] "GET /fonts/mui.ttf HTTP/1.1" 200 29884 "http://merp.yudo.com.cn:8183/css/mui.min.css?v=1012" "Mozilla/5.0 (Linux; Android 10; HMA-AL00 Build/HUAWEIHMA-AL00; wv) AppleWebKit/537.36 (KHTML, like Gecko) Version/4.0 Chrome/81.0.4044.138 Mobile Safari/537.36"
122.226.146.22 - - [28/Sep/2020:15:24:48 +0800] "GET /image/fonticon/userMenu_icon.png HTTP/1.1" 200 412 "http://merp.yudo.com.cn:8183/css/yudo-ui.css?v=2016" "Mozilla/5.0 (Linux; Android 10; HMA-AL00 Build/HUAWEIHMA-AL00; wv) AppleWebKit/537.36 (KHTML, like Gecko) Version/4.0 Chrome/81.0.4044.138 Mobile Safari/537.36"
122.226.146.22 - - [28/Sep/2020:15:24:48 +0800] "GET /image/fonticon/extend_icon.png HTTP/1.1" 200 731 "http://merp.yudo.com.cn:8183/css/yudo-ui.css?v=2016" "Mozilla/5.0 (Linux; Android 10; HMA-AL00 Build/HUAWEIHMA-AL00; wv) AppleWebKit/537.36 (KHTML, like Gecko) Version/4.0 Chrome/81.0.4044.138 Mobile Safari/537.36"
122.226.146.22 - - [28/Sep/2020:15:24:48 +0800] "GET /language/LANG_CHN.json?beta=2939 HTTP/1.1" 200 32414 "http://merp.yudo.com.cn:8183/Menu" "Mozilla/5.0 (Linux; Android 10; HMA-AL00 Build/HUAWEIHMA-AL00; wv) AppleWebKit/537.36 (KHTML, like Gecko) Version/4.0 Chrome/81.0.4044.138 Mobile Safari/537.36"
122.226.146.22 - - [28/Sep/2020:15:24:48 +0800] "GET /image/fonticon/dayTotal_icon.png HTTP/1.1" 200 4233 "http://merp.yudo.com.cn:8183/css/yudo-ui.css?v=2016" "Mozilla/5.0 (Linux; Android 10; HMA-AL00 Build/HUAWEIHMA-AL00; wv) AppleWebKit/537.36 (KHTML, like Gecko) Version/4.0 Chrome/81.0.4044.138 Mobile Safari/537.36"
122.226.146.22 - - [28/Sep/2020:15:24:48 +0800] "GET /image/fonticon/loading_icon6.png HTTP/1.1" 200 2555 "http://merp.yudo.com.cn:8183/css/mui.min.css?v=1012" "Mozilla/5.0 (Linux; Android 10; HMA-AL00 Build/HUAWEIHMA-AL00; wv) AppleWebKit/537.36 (KHTML, like Gecko) Version/4.0 Chrome/81.0.4044.138 Mobile Safari/537.36"
122.226.146.22 - - [28/Sep/2020:15:24:48 +0800] "GET /image/fonticon/sales_icon.png HTTP/1.1" 200 5931 "http://merp.yudo.com.cn:8183/css/yudo-ui.css?v=2016" "Mozilla/5.0 (Linux; Android 10; HMA-AL00 Build/HUAWEIHMA-AL00; wv) AppleWebKit/537.36 (KHTML, like Gecko) Version/4.0 Chrome/81.0.4044.138 Mobile Safari/537.36"
122.226.146.22 - - [28/Sep/2020:15:24:48 +0800] "GET /Menu/doMenuRows_prc?formKey=Menu HTTP/1.1" 200 826 "http://merp.yudo.com.cn:8183/Menu" "Mozilla/5.0 (Linux; Android 10; HMA-AL00 Build/HUAWEIHMA-AL00; wv) AppleWebKit/537.36 (KHTML, like Gecko) Version/4.0 Chrome/81.0.4044.138 Mobile Safari/537.36"
122.226.146.22 - - [28/Sep/2020:15:24:48 +0800] "GET /image/fonticon/salesPlan_icon.png HTTP/1.1" 200 5653 "http://merp.yudo.com.cn:8183/css/yudo-ui.css?v=2016" "Mozilla/5.0 (Linux; Android 10; HMA-AL00 Build/HUAWEIHMA-AL00; wv) AppleWebKit/537.36 (KHTML, like Gecko) Version/4.0 Chrome/81.0.4044.138 Mobile Safari/537.36"
122.226.146.22 - - [28/Sep/2020:15:24:48 +0800] "GET /Menu/getVersionInfo HTTP/1.1" 200 394 "http://merp.yudo.com.cn:8183/Menu" "Mozilla/5.0 (Linux; Android 10; HMA-AL00 Build/HUAWEIHMA-AL00; wv) AppleWebKit/537.36 (KHTML, like Gecko) Version/4.0 Chrome/81.0.4044.138 Mobile Safari/537.36"
122.226.146.22 - - [28/Sep/2020:15:24:48 +0800] "GET /image/yudo-01.png HTTP/1.1" 200 381770 "http://merp.yudo.com.cn:8183/Menu" "Mozilla/5.0 (Linux; Android 10; HMA-AL00 Build/HUAWEIHMA-AL00; wv) AppleWebKit/537.36 (KHTML, like Gecko) Version/4.0 Chrome/81.0.4044.138 Mobile Safari/537.36"
122.226.146.22 - - [28/Sep/2020:15:24:49 +0800] "GET /Menu/getLoginInfo HTTP/1.1" 200 182 "http://merp.yudo.com.cn:8183/Menu" "Mozilla/5.0 (Linux; Android 10; HMA-AL00 Build/HUAWEIHMA-AL00; wv) AppleWebKit/537.36 (KHTML, like Gecko) Version/4.0 Chrome/81.0.4044.138 Mobile Safari/537.36"
122.226.146.22 - - [28/Sep/2020:15:24:49 +0800] "GET /favicon.ico HTTP/1.1" 404 1476 "http://merp.yudo.com.cn:8183/Menu" "Mozilla/5.0 (Linux; Android 10; HMA-AL00 Build/HUAWEIHMA-AL00; wv) AppleWebKit/537.36 (KHTML, like Gecko) Version/4.0 Chrome/81.0.4044.138 Mobile Safari/537.36"
211.138.116.120 - - [28/Sep/2020:15:24:49 +0800] "GET /WEI_2100/as_minute?asid=2020091173 HTTP/1.1" 200 2038 "http://merp.yudo.com.cn:8183/WEI_2100/WEI_2100?formKey=Menu&menuSelection=asm" "Mozilla/5.0 (Linux; Android 9; H9493 Build/52.0.A.11.32; wv) AppleWebKit/537.36 (KHTML, like Gecko) Version/4.0 Chrome/85.0.4183.101 Mobile Safari/537.36"
211.138.116.120 - - [28/Sep/2020:15:24:49 +0800] "GET /WEI_2100/as_minute_table?asid=2020091173 HTTP/1.1" 200 668 "http://merp.yudo.com.cn:8183/WEI_2100/WEI_2100?formKey=Menu&menuSelection=asm" "Mozilla/5.0 (Linux; Android 9; H9493 Build/52.0.A.11.32; wv) AppleWebKit/537.36 (KHTML, like Gecko) Version/4.0 Chrome/85.0.4183.101 Mobile Safari/537.36"
211.138.116.120 - - [28/Sep/2020:15:24:51 +0800] "GET /WEI_2100/systemclass_mini_prc?bigsysid=AS10110030&minisysid=ascause_c HTTP/1.1" 200 119 "http://merp.yudo.com.cn:8183/WEI_2100/WEI_2100?formKey=Menu&menuSelection=asm" "Mozilla/5.0 (Linux; Android 9; H9493 Build/52.0.A.11.32; wv) AppleWebKit/537.36 (KHTML, like Gecko) Version/4.0 Chrome/85.0.4183.101 Mobile Safari/537.36"
211.138.116.120 - - [28/Sep/2020:15:24:51 +0800] "GET /WEI_2100/systemclass_mini_prc?bigsysid=SA10370112&minisysid=supplyscope_c4 HTTP/1.1" 200 100 "http://merp.yudo.com.cn:8183/WEI_2100/WEI_2100?formKey=Menu&menuSelection=asm" "Mozilla/5.0 (Linux; Android 9; H9493 Build/52.0.A.11.32; wv) AppleWebKit/537.36 (KHTML, like Gecko) Version/4.0 Chrome/85.0.4183.101 Mobile Safari/537.36"
211.138.116.120 - - [28/Sep/2020:15:24:51 +0800] "GET /WEI_2100/systemclass_mini_prc?bigsysid=AS10060020&minisysid=asclass1_c HTTP/1.1" 200 2106 "http://merp.yudo.com.cn:8183/WEI_2100/WEI_2100?formKey=Menu&menuSelection=asm" "Mozilla/5.0 (Linux; Android 9; H9493 Build/52.0.A.11.32; wv) AppleWebKit/537.36 (KHTML, like Gecko) Version/4.0 Chrome/85.0.4183.101 Mobile Safari/537.36"
122.226.146.22 - - [28/Sep/2020:15:24:51 +0800] "GET /WEI_2300/WEI_2300?formKey=Menu&menuSelection=asm HTTP/1.1" 200 39135 "http://merp.yudo.com.cn:8183/Menu" "Mozilla/5.0 (Linux; Android 10; HMA-AL00 Build/HUAWEIHMA-AL00; wv) AppleWebKit/537.36 (KHTML, like Gecko) Version/4.0 Chrome/81.0.4044.138 Mobile Safari/537.36"
211.138.116.120 - - [28/Sep/2020:15:24:51 +0800] "GET /WEI_2100/systemclass_mini_prc?bigsysid=SA10350027&minisysid=supplyscope_c2 HTTP/1.1" 200 99 "http://merp.yudo.com.cn:8183/WEI_2100/WEI_2100?formKey=Menu&menuSelection=asm" "Mozilla/5.0 (Linux; Android 9; H9493 Build/52.0.A.11.32; wv) AppleWebKit/537.36 (KHTML, like Gecko) Version/4.0 Chrome/85.0.4183.101 Mobile Safari/537.36"
122.226.146.22 - - [28/Sep/2020:15:24:52 +0800] "GET /image/fonticon/search_icon.png HTTP/1.1" 200 2335 "http://merp.yudo.com.cn:8183/css/yudo-ui.css?v=2016" "Mozilla/5.0 (Linux; Android 10; HMA-AL00 Build/HUAWEIHMA-AL00; wv) AppleWebKit/537.36 (KHTML, like Gecko) Version/4.0 Chrome/81.0.4044.138 Mobile Safari/537.36"
122.226.146.22 - - [28/Sep/2020:15:24:52 +0800] "GET /image/fonticon/backMenu_icon.png HTTP/1.1" 200 1449 "http://merp.yudo.com.cn:8183/css/yudo-ui.css?v=2016" "Mozilla/5.0 (Linux; Android 10; HMA-AL00 Build/HUAWEIHMA-AL00; wv) AppleWebKit/537.36 (KHTML, like Gecko) Version/4.0 Chrome/81.0.4044.138 Mobile Safari/537.36"
122.226.146.22 - - [28/Sep/2020:15:24:52 +0800] "GET /image/fonticon/write_icon.png HTTP/1.1" 200 1384 "http://merp.yudo.com.cn:8183/css/yudo-ui.css?v=2016" "Mozilla/5.0 (Linux; Android 10; HMA-AL00 Build/HUAWEIHMA-AL00; wv) AppleWebKit/537.36 (KHTML, like Gecko) Version/4.0 Chrome/81.0.4044.138 Mobile Safari/537.36"
122.226.146.22 - - [28/Sep/2020:15:24:52 +0800] "GET /image/fonticon/search_user_icon.png HTTP/1.1" 200 1239 "http://merp.yudo.com.cn:8183/css/yudo-ui.css?v=2016" "Mozilla/5.0 (Linux; Android 10; HMA-AL00 Build/HUAWEIHMA-AL00; wv) AppleWebKit/537.36 (KHTML, like Gecko) Version/4.0 Chrome/81.0.4044.138 Mobile Safari/537.36"
122.226.146.22 - - [28/Sep/2020:15:24:52 +0800] "GET /image/fonticon/search_class_icon.png HTTP/1.1" 200 2455 "http://merp.yudo.com.cn:8183/css/yudo-ui.css?v=2016" "Mozilla/5.0 (Linux; Android 10; HMA-AL00 Build/HUAWEIHMA-AL00; wv) AppleWebKit/537.36 (KHTML, like Gecko) Version/4.0 Chrome/81.0.4044.138 Mobile Safari/537.36"
122.226.146.22 - - [28/Sep/2020:15:24:52 +0800] "GET /image/fonticon/back_icon2.png HTTP/1.1" 200 1066 "http://merp.yudo.com.cn:8183/css/yudo-ui.css?v=2016" "Mozilla/5.0 (Linux; Android 10; HMA-AL00 Build/HUAWEIHMA-AL00; wv) AppleWebKit/537.36 (KHTML, like Gecko) Version/4.0 Chrome/81.0.4044.138 Mobile Safari/537.36"
122.226.146.22 - - [28/Sep/2020:15:24:52 +0800] "GET /image/fonticon/date_icon.png HTTP/1.1" 200 1883 "http://merp.yudo.com.cn:8183/css/yudo-ui.css?v=2016" "Mozilla/5.0 (Linux; Android 10; HMA-AL00 Build/HUAWEIHMA-AL00; wv) AppleWebKit/537.36 (KHTML, like Gecko) Version/4.0 Chrome/81.0.4044.138 Mobile Safari/537.36"
122.226.146.22 - - [28/Sep/2020:15:24:52 +0800] "GET /js/WEI_2300/WEI_2300_Lists.js?v=200012 HTTP/1.1" 200 62445 "http://merp.yudo.com.cn:8183/WEI_2300/WEI_2300?formKey=Menu&menuSelection=asm" "Mozilla/5.0 (Linux; Android 10; HMA-AL00 Build/HUAWEIHMA-AL00; wv) AppleWebKit/537.36 (KHTML, like Gecko) Version/4.0 Chrome/81.0.4044.138 Mobile Safari/537.36"
122.226.146.22 - - [28/Sep/2020:15:24:52 +0800] "GET /image/fonticon/xiala_icon.png HTTP/1.1" 200 356 "http://merp.yudo.com.cn:8183/css/yudo-ui.css?v=2016" "Mozilla/5.0 (Linux; Android 10; HMA-AL00 Build/HUAWEIHMA-AL00; wv) AppleWebKit/537.36 (KHTML, like Gecko) Version/4.0 Chrome/81.0.4044.138 Mobile Safari/537.36"
122.226.146.22 - - [28/Sep/2020:15:24:52 +0800] "GET /WEI_2300/getLoginInfo HTTP/1.1" 200 157 "http://merp.yudo.com.cn:8183/WEI_2300/WEI_2300?formKey=Menu&menuSelection=asm" "Mozilla/5.0 (Linux; Android 10; HMA-AL00 Build/HUAWEIHMA-AL00; wv) AppleWebKit/537.36 (KHTML, like Gecko) Version/4.0 Chrome/81.0.4044.138 Mobile Safari/537.36"
211.138.116.120 - - [28/Sep/2020:15:24:51 +0800] "GET /WEI_2100/systemclass_mini_prc?bigsysid=SA10340020&minisysid=supplyscope_c1 HTTP/1.1" 200 1094 "http://merp.yudo.com.cn:8183/WEI_2100/WEI_2100?formKey=Menu&menuSelection=asm" "Mozilla/5.0 (Linux; Android 9; H9493 Build/52.0.A.11.32; wv) AppleWebKit/537.36 (KHTML, like Gecko) Version/4.0 Chrome/85.0.4183.101 Mobile Safari/537.36"
211.138.116.120 - - [28/Sep/2020:15:24:51 +0800] "GET /WEI_2100/systemclass_mini_prc?bigsysid=SA10360039&minisysid=supplyscope_c3 HTTP/1.1" 200 167 "http://merp.yudo.com.cn:8183/WEI_2100/WEI_2100?formKey=Menu&menuSelection=asm" "Mozilla/5.0 (Linux; Android 9; H9493 Build/52.0.A.11.32; wv) AppleWebKit/537.36 (KHTML, like Gecko) Version/4.0 Chrome/85.0.4183.101 Mobile Safari/537.36"
211.138.116.120 - - [28/Sep/2020:15:24:51 +0800] "GET /WEI_2100/systemclass_mini_prc?bigsysid=SA10380182&minisysid=supplyscope_c5 HTTP/1.1" 200 132 "http://merp.yudo.com.cn:8183/WEI_2100/WEI_2100?formKey=Menu&menuSelection=asm" "Mozilla/5.0 (Linux; Android 9; H9493 Build/52.0.A.11.32; wv) AppleWebKit/537.36 (KHTML, like Gecko) Version/4.0 Chrome/85.0.4183.101 Mobile Safari/537.36"
122.226.146.22 - - [28/Sep/2020:15:24:53 +0800] "GET /WEI_2300/getPermission HTTP/1.1" 200 72 "http://merp.yudo.com.cn:8183/WEI_2300/WEI_2300?formKey=Menu&menuSelection=asm" "Mozilla/5.0 (Linux; Android 10; HMA-AL00 Build/HUAWEIHMA-AL00; wv) AppleWebKit/537.36 (KHTML, like Gecko) Version/4.0 Chrome/81.0.4044.138 Mobile Safari/537.36"
122.226.146.22 - - [28/Sep/2020:15:24:53 +0800] "GET /WEI_2300/getMempId HTTP/1.1" 200 209 "http://merp.yudo.com.cn:8183/WEI_2300/WEI_2300?formKey=Menu&menuSelection=asm" "Mozilla/5.0 (Linux; Android 10; HMA-AL00 Build/HUAWEIHMA-AL00; wv) AppleWebKit/537.36 (KHTML, like Gecko) Version/4.0 Chrome/81.0.4044.138 Mobile Safari/537.36"
211.138.116.120 - - [28/Sep/2020:15:24:56 +0800] "GET /WEI_2100/as_minute_table?asid=2020091169 HTTP/1.1" 200 352 "http://merp.yudo.com.cn:8183/WEI_2100/WEI_2100?formKey=Menu&menuSelection=asm" "Mozilla/5.0 (Linux; Android 9; H9493 Build/52.0.A.11.32; wv) AppleWebKit/537.36 (KHTML, like Gecko) Version/4.0 Chrome/85.0.4183.101 Mobile Safari/537.36"
211.138.116.120 - - [28/Sep/2020:15:24:56 +0800] "GET /WEI_2100/as_minute?asid=2020091169 HTTP/1.1" 200 2001 "http://merp.yudo.com.cn:8183/WEI_2100/WEI_2100?formKey=Menu&menuSelection=asm" "Mozilla/5.0 (Linux; Android 9; H9493 Build/52.0.A.11.32; wv) AppleWebKit/537.36 (KHTML, like Gecko) Version/4.0 Chrome/85.0.4183.101 Mobile Safari/537.36"
211.138.116.120 - - [28/Sep/2020:15:24:57 +0800] "GET /WEI_2100/systemclass_mini_prc?bigsysid=AS10110020&minisysid=ascause_c HTTP/1.1" 200 107 "http://merp.yudo.com.cn:8183/WEI_2100/WEI_2100?formKey=Menu&menuSelection=asm" "Mozilla/5.0 (Linux; Android 9; H9493 Build/52.0.A.11.32; wv) AppleWebKit/537.36 (KHTML, like Gecko) Version/4.0 Chrome/85.0.4183.101 Mobile Safari/537.36"
211.138.116.120 - - [28/Sep/2020:15:24:57 +0800] "GET /WEI_2100/systemclass_mini_prc?bigsysid=SA10350017&minisysid=supplyscope_c2 HTTP/1.1" 200 133 "http://merp.yudo.com.cn:8183/WEI_2100/WEI_2100?formKey=Menu&menuSelection=asm" "Mozilla/5.0 (Linux; Android 9; H9493 Build/52.0.A.11.32; wv) AppleWebKit/537.36 (KHTML, like Gecko) Version/4.0 Chrome/85.0.4183.101 Mobile Safari/537.36"
211.138.116.120 - - [28/Sep/2020:15:24:57 +0800] "GET /WEI_2100/systemclass_mini_prc?bigsysid=SA10360097&minisysid=supplyscope_c3 HTTP/1.1" 200 271 "http://merp.yudo.com.cn:8183/WEI_2100/WEI_2100?formKey=Menu&menuSelection=asm" "Mozilla/5.0 (Linux; Android 9; H9493 Build/52.0.A.11.32; wv) AppleWebKit/537.36 (KHTML, like Gecko) Version/4.0 Chrome/85.0.4183.101 Mobile Safari/537.36"
122.226.146.22 - - [28/Sep/2020:15:24:54 +0800] "POST /WEI_2300/getMempIdTarget HTTP/1.1" 200 1615 "http://merp.yudo.com.cn:8183/WEI_2300/WEI_2300?formKey=Menu&menuSelection=asm" "Mozilla/5.0 (Linux; Android 10; HMA-AL00 Build/HUAWEIHMA-AL00; wv) AppleWebKit/537.36 (KHTML, like Gecko) Version/4.0 Chrome/81.0.4044.138 Mobile Safari/537.36"
211.138.116.120 - - [28/Sep/2020:15:24:57 +0800] "GET /WEI_2100/systemclass_mini_prc?bigsysid=SA10370296&minisysid=supplyscope_c4 HTTP/1.1" 200 137 "http://merp.yudo.com.cn:8183/WEI_2100/WEI_2100?formKey=Menu&menuSelection=asm" "Mozilla/5.0 (Linux; Android 9; H9493 Build/52.0.A.11.32; wv) AppleWebKit/537.36 (KHTML, like Gecko) Version/4.0 Chrome/85.0.4183.101 Mobile Safari/537.36"
211.138.116.120 - - [28/Sep/2020:15:24:57 +0800] "GET /WEI_2100/systemclass_mini_prc?bigsysid=AS10060050&minisysid=asclass1_c HTTP/1.1" 200 844 "http://merp.yudo.com.cn:8183/WEI_2100/WEI_2100?formKey=Menu&menuSelection=asm" "Mozilla/5.0 (Linux; Android 9; H9493 Build/52.0.A.11.32; wv) AppleWebKit/537.36 (KHTML, like Gecko) Version/4.0 Chrome/85.0.4183.101 Mobile Safari/537.36"
211.138.116.120 - - [28/Sep/2020:15:24:57 +0800] "GET /WEI_2100/systemclass_mini_prc?bigsysid=SA10340020&minisysid=supplyscope_c1 HTTP/1.1" 200 1094 "http://merp.yudo.com.cn:8183/WEI_2100/WEI_2100?formKey=Menu&menuSelection=asm" "Mozilla/5.0 (Linux; Android 9; H9493 Build/52.0.A.11.32; wv) AppleWebKit/537.36 (KHTML, like Gecko) Version/4.0 Chrome/85.0.4183.101 Mobile Safari/537.36"
211.138.116.120 - - [28/Sep/2020:15:24:57 +0800] "GET /WEI_2100/systemclass_mini_prc?bigsysid=SA10380450&minisysid=supplyscope_c5 HTTP/1.1" 200 528 "http://merp.yudo.com.cn:8183/WEI_2100/WEI_2100?formKey=Menu&menuSelection=asm" "Mozilla/5.0 (Linux; Android 9; H9493 Build/52.0.A.11.32; wv) AppleWebKit/537.36 (KHTML, like Gecko) Version/4.0 Chrome/85.0.4183.101 Mobile Safari/537.36"
::1 - - [28/Sep/2020:15:25:05 +0800] "OPTIONS * HTTP/1.0" 200 - "-" "Apache/2.4.6 (CentOS) PHP/5.6.32 (internal dummy connection)"
::1 - - [28/Sep/2020:15:25:06 +0800] "OPTIONS * HTTP/1.0" 200 - "-" "Apache/2.4.6 (CentOS) PHP/5.6.32 (internal dummy connection)"
::1 - - [28/Sep/2020:15:25:07 +0800] "OPTIONS * HTTP/1.0" 200 - "-" "Apache/2.4.6 (CentOS) PHP/5.6.32 (internal dummy connection)"
::1 - - [28/Sep/2020:15:25:08 +0800] "OPTIONS * HTTP/1.0" 200 - "-" "Apache/2.4.6 (CentOS) PHP/5.6.32 (internal dummy connection)"
::1 - - [28/Sep/2020:15:25:09 +0800] "OPTIONS * HTTP/1.0" 200 - "-" "Apache/2.4.6 (CentOS) PHP/5.6.32 (internal dummy connection)"
::1 - - [28/Sep/2020:15:25:10 +0800] "OPTIONS * HTTP/1.0" 200 - "-" "Apache/2.4.6 (CentOS) PHP/5.6.32 (internal dummy connection)"
122.226.146.22 - - [28/Sep/2020:15:25:06 +0800] "POST /WEI_2300/getMempIdTarget HTTP/1.1" 200 1628 "http://merp.yudo.com.cn:8183/WEI_2300/WEI_2300?formKey=Menu&menuSelection=asm" "Mozilla/5.0 (Linux; Android 10; HMA-AL00 Build/HUAWEIHMA-AL00; wv) AppleWebKit/537.36 (KHTML, like Gecko) Version/4.0 Chrome/81.0.4044.138 Mobile Safari/537.36"
211.138.116.120 - - [28/Sep/2020:15:25:11 +0800] "GET /WEI_2000/order_prc?orderid=2020050594&orderby=&ordercount=0 HTTP/1.1" 200 436 "http://merp.yudo.com.cn:8183/WEI_2100/WEI_2100?formKey=Menu&menuSelection=asm" "Mozilla/5.0 (Linux; Android 9; H9493 Build/52.0.A.11.32; wv) AppleWebKit/537.36 (KHTML, like Gecko) Version/4.0 Chrome/85.0.4183.101 Mobile Safari/537.36"
211.138.116.120 - - [28/Sep/2020:15:25:13 +0800] "GET /WEI_2100/order_minute?orderid=2020050594 HTTP/1.1" 200 975 "http://merp.yudo.com.cn:8183/WEI_2100/WEI_2100?formKey=Menu&menuSelection=asm" "Mozilla/5.0 (Linux; Android 9; H9493 Build/52.0.A.11.32; wv) AppleWebKit/537.36 (KHTML, like Gecko) Version/4.0 Chrome/85.0.4183.101 Mobile Safari/537.36"
211.138.116.120 - - [28/Sep/2020:15:25:15 +0800] "GET /WEI_2100/systemclass_mini_prc?bigsysid=SA10340020&minisysid=supplyscope_c1 HTTP/1.1" 200 1094 "http://merp.yudo.com.cn:8183/WEI_2100/WEI_2100?formKey=Menu&menuSelection=asm" "Mozilla/5.0 (Linux; Android 9; H9493 Build/52.0.A.11.32; wv) AppleWebKit/537.36 (KHTML, like Gecko) Version/4.0 Chrome/85.0.4183.101 Mobile Safari/537.36"
211.138.116.120 - - [28/Sep/2020:15:25:15 +0800] "GET /WEI_2100/systemclass_mini_prc?bigsysid=SA10350017&minisysid=supplyscope_c2 HTTP/1.1" 200 133 "http://merp.yudo.com.cn:8183/WEI_2100/WEI_2100?formKey=Menu&menuSelection=asm" "Mozilla/5.0 (Linux; Android 9; H9493 Build/52.0.A.11.32; wv) AppleWebKit/537.36 (KHTML, like Gecko) Version/4.0 Chrome/85.0.4183.101 Mobile Safari/537.36"
211.138.116.120 - - [28/Sep/2020:15:25:16 +0800] "GET /WEI_2100/systemclass_mini_prc?bigsysid=SA10370296&minisysid=supplyscope_c4 HTTP/1.1" 200 137 "http://merp.yudo.com.cn:8183/WEI_2100/WEI_2100?formKey=Menu&menuSelection=asm" "Mozilla/5.0 (Linux; Android 9; H9493 Build/52.0.A.11.32; wv) AppleWebKit/537.36 (KHTML, like Gecko) Version/4.0 Chrome/85.0.4183.101 Mobile Safari/537.36"
211.138.116.120 - - [28/Sep/2020:15:25:16 +0800] "GET /WEI_2100/as_count?orderid=2020050594 HTTP/1.1" 200 74 "http://merp.yudo.com.cn:8183/WEI_2100/WEI_2100?formKey=Menu&menuSelection=asm" "Mozilla/5.0 (Linux; Android 9; H9493 Build/52.0.A.11.32; wv) AppleWebKit/537.36 (KHTML, like Gecko) Version/4.0 Chrome/85.0.4183.101 Mobile Safari/537.36"
211.138.116.120 - - [28/Sep/2020:15:25:15 +0800] "GET /WEI_2100/systemclass_mini_prc?bigsysid=SA10360097&minisysid=supplyscope_c3 HTTP/1.1" 200 271 "http://merp.yudo.com.cn:8183/WEI_2100/WEI_2100?formKey=Menu&menuSelection=asm" "Mozilla/5.0 (Linux; Android 9; H9493 Build/52.0.A.11.32; wv) AppleWebKit/537.36 (KHTML, like Gecko) Version/4.0 Chrome/85.0.4183.101 Mobile Safari/537.36"
211.138.116.120 - - [28/Sep/2020:15:25:16 +0800] "GET /WEI_2100/systemclass_mini_prc?bigsysid=SA10380450&minisysid=supplyscope_c5 HTTP/1.1" 200 528 "http://merp.yudo.com.cn:8183/WEI_2100/WEI_2100?formKey=Menu&menuSelection=asm" "Mozilla/5.0 (Linux; Android 9; H9493 Build/52.0.A.11.32; wv) AppleWebKit/537.36 (KHTML, like Gecko) Version/4.0 Chrome/85.0.4183.101 Mobile Safari/537.36"
::1 - - [28/Sep/2020:15:25:25 +0800] "OPTIONS * HTTP/1.0" 200 - "-" "Apache/2.4.6 (CentOS) PHP/5.6.32 (internal dummy connection)"
::1 - - [28/Sep/2020:15:25:26 +0800] "OPTIONS * HTTP/1.0" 200 - "-" "Apache/2.4.6 (CentOS) PHP/5.6.32 (internal dummy connection)"
211.138.116.120 - - [28/Sep/2020:15:25:28 +0800] "GET /WEI_2100/systemclass_mini_prc?bigsysid=AS10110030&minisysid=ascause_c HTTP/1.1" 200 119 "http://merp.yudo.com.cn:8183/WEI_2100/WEI_2100?formKey=Menu&menuSelection=asm" "Mozilla/5.0 (Linux; Android 9; H9493 Build/52.0.A.11.32; wv) AppleWebKit/537.36 (KHTML, like Gecko) Version/4.0 Chrome/85.0.4183.101 Mobile Safari/537.36"
211.138.116.120 - - [28/Sep/2020:15:25:35 +0800] "GET /WEI_2100/systemclass_mini_prc?bigsysid=AS10060040&minisysid=asclass1_c HTTP/1.1" 200 2868 "http://merp.yudo.com.cn:8183/WEI_2100/WEI_2100?formKey=Menu&menuSelection=asm" "Mozilla/5.0 (Linux; Android 9; H9493 Build/52.0.A.11.32; wv) AppleWebKit/537.36 (KHTML, like Gecko) Version/4.0 Chrome/85.0.4183.101 Mobile Safari/537.36"
122.226.146.22 - - [28/Sep/2020:15:25:29 +0800] "POST /WEI_2300/getMempIdTarget HTTP/1.1" 200 1615 "http://merp.yudo.com.cn:8183/WEI_2300/WEI_2300?formKey=Menu&menuSelection=asm" "Mozilla/5.0 (Linux; Android 10; HMA-AL00 Build/HUAWEIHMA-AL00; wv) AppleWebKit/537.36 (KHTML, like Gecko) Version/4.0 Chrome/81.0.4044.138 Mobile Safari/537.36"
122.226.146.22 - - [28/Sep/2020:15:44:03 +0800] "GET /?deviceType=mobile&devicePlatform=android HTTP/1.1" 302 149 "-" "Mozilla/5.0 (Linux; Android 10; HMA-AL00 Build/HUAWEIHMA-AL00; wv) AppleWebKit/537.36 (KHTML, like Gecko) Version/4.0 Chrome/81.0.4044.138 Mobile Safari/537.36"
122.226.146.22 - - [28/Sep/2020:15:44:03 +0800] "GET /Menu HTTP/1.1" 200 12297 "-" "Mozilla/5.0 (Linux; Android 10; HMA-AL00 Build/HUAWEIHMA-AL00; wv) AppleWebKit/537.36 (KHTML, like Gecko) Version/4.0 Chrome/81.0.4044.138 Mobile Safari/537.36"
122.226.146.22 - - [28/Sep/2020:15:44:03 +0800] "GET /css/mui.min.css?v=1012 HTTP/1.1" 200 76673 "http://merp.yudo.com.cn:8183/Menu" "Mozilla/5.0 (Linux; Android 10; HMA-AL00 Build/HUAWEIHMA-AL00; wv) AppleWebKit/537.36 (KHTML, like Gecko) Version/4.0 Chrome/81.0.4044.138 Mobile Safari/537.36"
122.226.146.22 - - [28/Sep/2020:15:44:03 +0800] "GET /css/yudo-ui.css?v=2016 HTTP/1.1" 200 41489 "http://merp.yudo.com.cn:8183/Menu" "Mozilla/5.0 (Linux; Android 10; HMA-AL00 Build/HUAWEIHMA-AL00; wv) AppleWebKit/537.36 (KHTML, like Gecko) Version/4.0 Chrome/81.0.4044.138 Mobile Safari/537.36"
122.226.146.22 - - [28/Sep/2020:15:44:03 +0800] "GET /css/mui.picker.min.css?v=1000 HTTP/1.1" 200 4844 "http://merp.yudo.com.cn:8183/Menu" "Mozilla/5.0 (Linux; Android 10; HMA-AL00 Build/HUAWEIHMA-AL00; wv) AppleWebKit/537.36 (KHTML, like Gecko) Version/4.0 Chrome/81.0.4044.138 Mobile Safari/537.36"
122.226.146.22 - - [28/Sep/2020:15:44:03 +0800] "GET /css/animate.min.css?v=1003 HTTP/1.1" 200 52799 "http://merp.yudo.com.cn:8183/Menu" "Mozilla/5.0 (Linux; Android 10; HMA-AL00 Build/HUAWEIHMA-AL00; wv) AppleWebKit/537.36 (KHTML, like Gecko) Version/4.0 Chrome/81.0.4044.138 Mobile Safari/537.36"
122.226.146.22 - - [28/Sep/2020:15:44:04 +0800] "GET /js/server.js?v=1010 HTTP/1.1" 200 88 "http://merp.yudo.com.cn:8183/Menu" "Mozilla/5.0 (Linux; Android 10; HMA-AL00 Build/HUAWEIHMA-AL00; wv) AppleWebKit/537.36 (KHTML, like Gecko) Version/4.0 Chrome/81.0.4044.138 Mobile Safari/537.36"
122.226.146.22 - - [28/Sep/2020:15:44:04 +0800] "GET /js/mui.min.js?v=1001 HTTP/1.1" 200 115810 "http://merp.yudo.com.cn:8183/Menu" "Mozilla/5.0 (Linux; Android 10; HMA-AL00 Build/HUAWEIHMA-AL00; wv) AppleWebKit/537.36 (KHTML, like Gecko) Version/4.0 Chrome/81.0.4044.138 Mobile Safari/537.36"
122.226.146.22 - - [28/Sep/2020:15:44:04 +0800] "GET /js/lang.min.js?v=1004 HTTP/1.1" 200 1138 "http://merp.yudo.com.cn:8183/Menu" "Mozilla/5.0 (Linux; Android 10; HMA-AL00 Build/HUAWEIHMA-AL00; wv) AppleWebKit/537.36 (KHTML, like Gecko) Version/4.0 Chrome/81.0.4044.138 Mobile Safari/537.36"
122.226.146.22 - - [28/Sep/2020:15:44:03 +0800] "GET /third_party/jquery-2.1.4/jquery.js HTTP/1.1" 200 247606 "http://merp.yudo.com.cn:8183/Menu" "Mozilla/5.0 (Linux; Android 10; HMA-AL00 Build/HUAWEIHMA-AL00; wv) AppleWebKit/537.36 (KHTML, like Gecko) Version/4.0 Chrome/81.0.4044.138 Mobile Safari/537.36"
122.226.146.22 - - [28/Sep/2020:15:44:04 +0800] "GET /js/multiHttp.js?v=1015 HTTP/1.1" 200 48308 "http://merp.yudo.com.cn:8183/Menu" "Mozilla/5.0 (Linux; Android 10; HMA-AL00 Build/HUAWEIHMA-AL00; wv) AppleWebKit/537.36 (KHTML, like Gecko) Version/4.0 Chrome/81.0.4044.138 Mobile Safari/537.36"
122.226.146.22 - - [28/Sep/2020:15:44:03 +0800] "GET /js/vue.js HTTP/1.1" 200 289301 "http://merp.yudo.com.cn:8183/Menu" "Mozilla/5.0 (Linux; Android 10; HMA-AL00 Build/HUAWEIHMA-AL00; wv) AppleWebKit/537.36 (KHTML, like Gecko) Version/4.0 Chrome/81.0.4044.138 Mobile Safari/537.36"
122.226.146.22 - - [28/Sep/2020:15:44:04 +0800] "GET /js/mui.previewimage.js?v=201804261256 HTTP/1.1" 200 13324 "http://merp.yudo.com.cn:8183/Menu" "Mozilla/5.0 (Linux; Android 10; HMA-AL00 Build/HUAWEIHMA-AL00; wv) AppleWebKit/537.36 (KHTML, like Gecko) Version/4.0 Chrome/81.0.4044.138 Mobile Safari/537.36"
122.226.146.22 - - [28/Sep/2020:15:44:04 +0800] "GET /js/mui.zoom.js?v=201804231454 HTTP/1.1" 200 11703 "http://merp.yudo.com.cn:8183/Menu" "Mozilla/5.0 (Linux; Android 10; HMA-AL00 Build/HUAWEIHMA-AL00; wv) AppleWebKit/537.36 (KHTML, like Gecko) Version/4.0 Chrome/81.0.4044.138 Mobile Safari/537.36"
122.226.146.22 - - [28/Sep/2020:15:44:04 +0800] "GET /js/mui.picker.min.js?v=1002 HTTP/1.1" 200 18411 "http://merp.yudo.com.cn:8183/Menu" "Mozilla/5.0 (Linux; Android 10; HMA-AL00 Build/HUAWEIHMA-AL00; wv) AppleWebKit/537.36 (KHTML, like Gecko) Version/4.0 Chrome/81.0.4044.138 Mobile Safari/537.36"
122.226.146.22 - - [28/Sep/2020:15:44:04 +0800] "GET /js/fastclick.js HTTP/1.1" 200 25966 "http://merp.yudo.com.cn:8183/Menu" "Mozilla/5.0 (Linux; Android 10; HMA-AL00 Build/HUAWEIHMA-AL00; wv) AppleWebKit/537.36 (KHTML, like Gecko) Version/4.0 Chrome/81.0.4044.138 Mobile Safari/537.36"
122.226.146.22 - - [28/Sep/2020:15:44:04 +0800] "GET /js/JLAMP.min.js HTTP/1.1" 200 1461 "http://merp.yudo.com.cn:8183/Menu" "Mozilla/5.0 (Linux; Android 10; HMA-AL00 Build/HUAWEIHMA-AL00; wv) AppleWebKit/537.36 (KHTML, like Gecko) Version/4.0 Chrome/81.0.4044.138 Mobile Safari/537.36"
122.226.146.22 - - [28/Sep/2020:15:44:04 +0800] "GET /js/JLAMP.common.min.js HTTP/1.1" 200 9705 "http://merp.yudo.com.cn:8183/Menu" "Mozilla/5.0 (Linux; Android 10; HMA-AL00 Build/HUAWEIHMA-AL00; wv) AppleWebKit/537.36 (KHTML, like Gecko) Version/4.0 Chrome/81.0.4044.138 Mobile Safari/537.36"
122.226.146.22 - - [28/Sep/2020:15:44:04 +0800] "GET /js/JLAMP.lang.min.js HTTP/1.1" 200 1750 "http://merp.yudo.com.cn:8183/Menu" "Mozilla/5.0 (Linux; Android 10; HMA-AL00 Build/HUAWEIHMA-AL00; wv) AppleWebKit/537.36 (KHTML, like Gecko) Version/4.0 Chrome/81.0.4044.138 Mobile Safari/537.36"
122.226.146.22 - - [28/Sep/2020:15:44:05 +0800] "GET /js/Menu/Menu.js?v=200017 HTTP/1.1" 200 11548 "http://merp.yudo.com.cn:8183/Menu" "Mozilla/5.0 (Linux; Android 10; HMA-AL00 Build/HUAWEIHMA-AL00; wv) AppleWebKit/537.36 (KHTML, like Gecko) Version/4.0 Chrome/81.0.4044.138 Mobile Safari/537.36"
122.226.146.22 - - [28/Sep/2020:15:44:05 +0800] "GET /image/fonticon/headDefault.jpg HTTP/1.1" 200 2436 "http://merp.yudo.com.cn:8183/Menu" "Mozilla/5.0 (Linux; Android 10; HMA-AL00 Build/HUAWEIHMA-AL00; wv) AppleWebKit/537.36 (KHTML, like Gecko) Version/4.0 Chrome/81.0.4044.138 Mobile Safari/537.36"
122.226.146.22 - - [28/Sep/2020:15:44:04 +0800] "GET /js/echarts.min.js HTTP/1.1" 200 744675 "http://merp.yudo.com.cn:8183/Menu" "Mozilla/5.0 (Linux; Android 10; HMA-AL00 Build/HUAWEIHMA-AL00; wv) AppleWebKit/537.36 (KHTML, like Gecko) Version/4.0 Chrome/81.0.4044.138 Mobile Safari/537.36"
122.226.146.22 - - [28/Sep/2020:15:44:05 +0800] "GET /image/login_logo.png HTTP/1.1" 200 3941 "http://merp.yudo.com.cn:8183/Menu" "Mozilla/5.0 (Linux; Android 10; HMA-AL00 Build/HUAWEIHMA-AL00; wv) AppleWebKit/537.36 (KHTML, like Gecko) Version/4.0 Chrome/81.0.4044.138 Mobile Safari/537.36"
122.226.146.22 - - [28/Sep/2020:15:44:05 +0800] "GET /image/fonticon/refresh_icon.png HTTP/1.1" 200 2550 "http://merp.yudo.com.cn:8183/css/yudo-ui.css?v=2016" "Mozilla/5.0 (Linux; Android 10; HMA-AL00 Build/HUAWEIHMA-AL00; wv) AppleWebKit/537.36 (KHTML, like Gecko) Version/4.0 Chrome/81.0.4044.138 Mobile Safari/537.36"
122.226.146.22 - - [28/Sep/2020:15:44:05 +0800] "GET /image/fonticon/quit_icon.png HTTP/1.1" 200 1268 "http://merp.yudo.com.cn:8183/css/yudo-ui.css?v=2016" "Mozilla/5.0 (Linux; Android 10; HMA-AL00 Build/HUAWEIHMA-AL00; wv) AppleWebKit/537.36 (KHTML, like Gecko) Version/4.0 Chrome/81.0.4044.138 Mobile Safari/537.36"
122.226.146.22 - - [28/Sep/2020:15:44:05 +0800] "GET /image/fonticon/home_icon.png HTTP/1.1" 200 1180 "http://merp.yudo.com.cn:8183/css/yudo-ui.css?v=2016" "Mozilla/5.0 (Linux; Android 10; HMA-AL00 Build/HUAWEIHMA-AL00; wv) AppleWebKit/537.36 (KHTML, like Gecko) Version/4.0 Chrome/81.0.4044.138 Mobile Safari/537.36"
122.226.146.22 - - [28/Sep/2020:15:44:05 +0800] "GET /image/fonticon/connectRecord_icon.png HTTP/1.1" 200 1412 "http://merp.yudo.com.cn:8183/css/yudo-ui.css?v=2016" "Mozilla/5.0 (Linux; Android 10; HMA-AL00 Build/HUAWEIHMA-AL00; wv) AppleWebKit/537.36 (KHTML, like Gecko) Version/4.0 Chrome/81.0.4044.138 Mobile Safari/537.36"
122.226.146.22 - - [28/Sep/2020:15:44:05 +0800] "GET /image/fonticon/switchPass_icon.png HTTP/1.1" 200 1480 "http://merp.yudo.com.cn:8183/css/yudo-ui.css?v=2016" "Mozilla/5.0 (Linux; Android 10; HMA-AL00 Build/HUAWEIHMA-AL00; wv) AppleWebKit/537.36 (KHTML, like Gecko) Version/4.0 Chrome/81.0.4044.138 Mobile Safari/537.36"
122.226.146.22 - - [28/Sep/2020:15:44:05 +0800] "GET /image/fonticon/cleanCache_icon.png HTTP/1.1" 200 951 "http://merp.yudo.com.cn:8183/css/yudo-ui.css?v=2016" "Mozilla/5.0 (Linux; Android 10; HMA-AL00 Build/HUAWEIHMA-AL00; wv) AppleWebKit/537.36 (KHTML, like Gecko) Version/4.0 Chrome/81.0.4044.138 Mobile Safari/537.36"
122.226.146.22 - - [28/Sep/2020:15:44:05 +0800] "GET /fonts/mui.ttf HTTP/1.1" 200 29884 "http://merp.yudo.com.cn:8183/css/mui.min.css?v=1012" "Mozilla/5.0 (Linux; Android 10; HMA-AL00 Build/HUAWEIHMA-AL00; wv) AppleWebKit/537.36 (KHTML, like Gecko) Version/4.0 Chrome/81.0.4044.138 Mobile Safari/537.36"
122.226.146.22 - - [28/Sep/2020:15:44:05 +0800] "GET /image/fonticon/extend_icon.png HTTP/1.1" 200 731 "http://merp.yudo.com.cn:8183/css/yudo-ui.css?v=2016" "Mozilla/5.0 (Linux; Android 10; HMA-AL00 Build/HUAWEIHMA-AL00; wv) AppleWebKit/537.36 (KHTML, like Gecko) Version/4.0 Chrome/81.0.4044.138 Mobile Safari/537.36"
122.226.146.22 - - [28/Sep/2020:15:44:05 +0800] "GET /image/fonticon/userMenu_icon.png HTTP/1.1" 200 412 "http://merp.yudo.com.cn:8183/css/yudo-ui.css?v=2016" "Mozilla/5.0 (Linux; Android 10; HMA-AL00 Build/HUAWEIHMA-AL00; wv) AppleWebKit/537.36 (KHTML, like Gecko) Version/4.0 Chrome/81.0.4044.138 Mobile Safari/537.36"
122.226.146.22 - - [28/Sep/2020:15:44:05 +0800] "GET /language/LANG_CHN.json?beta=3146 HTTP/1.1" 200 32414 "http://merp.yudo.com.cn:8183/Menu" "Mozilla/5.0 (Linux; Android 10; HMA-AL00 Build/HUAWEIHMA-AL00; wv) AppleWebKit/537.36 (KHTML, like Gecko) Version/4.0 Chrome/81.0.4044.138 Mobile Safari/537.36"
122.226.146.22 - - [28/Sep/2020:15:44:05 +0800] "GET /image/yudo-01.png HTTP/1.1" 200 381770 "http://merp.yudo.com.cn:8183/Menu" "Mozilla/5.0 (Linux; Android 10; HMA-AL00 Build/HUAWEIHMA-AL00; wv) AppleWebKit/537.36 (KHTML, like Gecko) Version/4.0 Chrome/81.0.4044.138 Mobile Safari/537.36"
122.226.146.22 - - [28/Sep/2020:15:44:05 +0800] "GET /image/fonticon/salesPlan_icon.png HTTP/1.1" 200 5653 "http://merp.yudo.com.cn:8183/css/yudo-ui.css?v=2016" "Mozilla/5.0 (Linux; Android 10; HMA-AL00 Build/HUAWEIHMA-AL00; wv) AppleWebKit/537.36 (KHTML, like Gecko) Version/4.0 Chrome/81.0.4044.138 Mobile Safari/537.36"
122.226.146.22 - - [28/Sep/2020:15:44:05 +0800] "GET /image/fonticon/sales_icon.png HTTP/1.1" 200 5931 "http://merp.yudo.com.cn:8183/css/yudo-ui.css?v=2016" "Mozilla/5.0 (Linux; Android 10; HMA-AL00 Build/HUAWEIHMA-AL00; wv) AppleWebKit/537.36 (KHTML, like Gecko) Version/4.0 Chrome/81.0.4044.138 Mobile Safari/537.36"
122.226.146.22 - - [28/Sep/2020:15:44:05 +0800] "GET /image/fonticon/dayTotal_icon.png HTTP/1.1" 200 4233 "http://merp.yudo.com.cn:8183/css/yudo-ui.css?v=2016" "Mozilla/5.0 (Linux; Android 10; HMA-AL00 Build/HUAWEIHMA-AL00; wv) AppleWebKit/537.36 (KHTML, like Gecko) Version/4.0 Chrome/81.0.4044.138 Mobile Safari/537.36"
122.226.146.22 - - [28/Sep/2020:15:44:06 +0800] "GET /image/fonticon/loading_icon6.png HTTP/1.1" 200 2555 "http://merp.yudo.com.cn:8183/css/mui.min.css?v=1012" "Mozilla/5.0 (Linux; Android 10; HMA-AL00 Build/HUAWEIHMA-AL00; wv) AppleWebKit/537.36 (KHTML, like Gecko) Version/4.0 Chrome/81.0.4044.138 Mobile Safari/537.36"
122.226.146.22 - - [28/Sep/2020:15:44:05 +0800] "GET /Menu/doMenuRows_prc?formKey=Menu HTTP/1.1" 200 826 "http://merp.yudo.com.cn:8183/Menu" "Mozilla/5.0 (Linux; Android 10; HMA-AL00 Build/HUAWEIHMA-AL00; wv) AppleWebKit/537.36 (KHTML, like Gecko) Version/4.0 Chrome/81.0.4044.138 Mobile Safari/537.36"
122.226.146.22 - - [28/Sep/2020:15:44:06 +0800] "GET /Menu/getVersionInfo HTTP/1.1" 200 394 "http://merp.yudo.com.cn:8183/Menu" "Mozilla/5.0 (Linux; Android 10; HMA-AL00 Build/HUAWEIHMA-AL00; wv) AppleWebKit/537.36 (KHTML, like Gecko) Version/4.0 Chrome/81.0.4044.138 Mobile Safari/537.36"
122.226.146.22 - - [28/Sep/2020:15:44:06 +0800] "GET /Menu/getLoginInfo HTTP/1.1" 200 182 "http://merp.yudo.com.cn:8183/Menu" "Mozilla/5.0 (Linux; Android 10; HMA-AL00 Build/HUAWEIHMA-AL00; wv) AppleWebKit/537.36 (KHTML, like Gecko) Version/4.0 Chrome/81.0.4044.138 Mobile Safari/537.36"
122.226.146.22 - - [28/Sep/2020:15:44:06 +0800] "GET /favicon.ico HTTP/1.1" 404 1476 "http://merp.yudo.com.cn:8183/Menu" "Mozilla/5.0 (Linux; Android 10; HMA-AL00 Build/HUAWEIHMA-AL00; wv) AppleWebKit/537.36 (KHTML, like Gecko) Version/4.0 Chrome/81.0.4044.138 Mobile Safari/537.36"
122.226.146.22 - - [28/Sep/2020:15:44:08 +0800] "GET /WEI_0100/WEI_0100?formKey=Menu&menuSelection=mi HTTP/1.1" 200 14458 "http://merp.yudo.com.cn:8183/Menu" "Mozilla/5.0 (Linux; Android 10; HMA-AL00 Build/HUAWEIHMA-AL00; wv) AppleWebKit/537.36 (KHTML, like Gecko) Version/4.0 Chrome/81.0.4044.138 Mobile Safari/537.36"
122.226.146.22 - - [28/Sep/2020:15:44:09 +0800] "GET /image/fonticon/date_icon.png HTTP/1.1" 200 1883 "http://merp.yudo.com.cn:8183/css/yudo-ui.css?v=2016" "Mozilla/5.0 (Linux; Android 10; HMA-AL00 Build/HUAWEIHMA-AL00; wv) AppleWebKit/537.36 (KHTML, like Gecko) Version/4.0 Chrome/81.0.4044.138 Mobile Safari/537.36"
122.226.146.22 - - [28/Sep/2020:15:44:09 +0800] "GET /image/fonticon/expclass_icon.png HTTP/1.1" 200 3405 "http://merp.yudo.com.cn:8183/css/yudo-ui.css?v=2016" "Mozilla/5.0 (Linux; Android 10; HMA-AL00 Build/HUAWEIHMA-AL00; wv) AppleWebKit/537.36 (KHTML, like Gecko) Version/4.0 Chrome/81.0.4044.138 Mobile Safari/537.36"
122.226.146.22 - - [28/Sep/2020:15:44:09 +0800] "GET /image/fonticon/backMenu_icon.png HTTP/1.1" 200 1449 "http://merp.yudo.com.cn:8183/css/yudo-ui.css?v=2016" "Mozilla/5.0 (Linux; Android 10; HMA-AL00 Build/HUAWEIHMA-AL00; wv) AppleWebKit/537.36 (KHTML, like Gecko) Version/4.0 Chrome/81.0.4044.138 Mobile Safari/537.36"
122.226.146.22 - - [28/Sep/2020:15:44:09 +0800] "GET /image/fonticon/back_icon2.png HTTP/1.1" 200 1066 "http://merp.yudo.com.cn:8183/css/yudo-ui.css?v=2016" "Mozilla/5.0 (Linux; Android 10; HMA-AL00 Build/HUAWEIHMA-AL00; wv) AppleWebKit/537.36 (KHTML, like Gecko) Version/4.0 Chrome/81.0.4044.138 Mobile Safari/537.36"
122.226.146.22 - - [28/Sep/2020:15:44:09 +0800] "GET /js/WEI_0100/WEI_0100_Lists.js?v=200016 HTTP/1.1" 200 40456 "http://merp.yudo.com.cn:8183/WEI_0100/WEI_0100?formKey=Menu&menuSelection=mi" "Mozilla/5.0 (Linux; Android 10; HMA-AL00 Build/HUAWEIHMA-AL00; wv) AppleWebKit/537.36 (KHTML, like Gecko) Version/4.0 Chrome/81.0.4044.138 Mobile Safari/537.36"
112.17.241.94 - - [28/Sep/2020:15:44:09 +0800] "GET /?deviceType=mobile&devicePlatform=android HTTP/1.1" 302 149 "-" "Mozilla/5.0 (Linux; Android 9; H9493 Build/52.0.A.11.32; wv) AppleWebKit/537.36 (KHTML, like Gecko) Version/4.0 Chrome/85.0.4183.101 Mobile Safari/537.36"
112.17.241.94 - - [28/Sep/2020:15:44:09 +0800] "GET /Menu HTTP/1.1" 200 12297 "-" "Mozilla/5.0 (Linux; Android 9; H9493 Build/52.0.A.11.32; wv) AppleWebKit/537.36 (KHTML, like Gecko) Version/4.0 Chrome/85.0.4183.101 Mobile Safari/537.36"
112.17.241.94 - - [28/Sep/2020:15:44:09 +0800] "GET /css/yudo-ui.css?v=2016 HTTP/1.1" 200 41489 "http://merp.yudo.com.cn:8183/Menu" "Mozilla/5.0 (Linux; Android 9; H9493 Build/52.0.A.11.32; wv) AppleWebKit/537.36 (KHTML, like Gecko) Version/4.0 Chrome/85.0.4183.101 Mobile Safari/537.36"
112.17.241.94 - - [28/Sep/2020:15:44:10 +0800] "GET /css/mui.min.css?v=1012 HTTP/1.1" 200 76673 "http://merp.yudo.com.cn:8183/Menu" "Mozilla/5.0 (Linux; Android 9; H9493 Build/52.0.A.11.32; wv) AppleWebKit/537.36 (KHTML, like Gecko) Version/4.0 Chrome/85.0.4183.101 Mobile Safari/537.36"
112.17.241.94 - - [28/Sep/2020:15:44:10 +0800] "GET /css/mui.picker.min.css?v=1000 HTTP/1.1" 200 4844 "http://merp.yudo.com.cn:8183/Menu" "Mozilla/5.0 (Linux; Android 9; H9493 Build/52.0.A.11.32; wv) AppleWebKit/537.36 (KHTML, like Gecko) Version/4.0 Chrome/85.0.4183.101 Mobile Safari/537.36"
112.17.241.94 - - [28/Sep/2020:15:44:10 +0800] "GET /js/server.js?v=1010 HTTP/1.1" 200 88 "http://merp.yudo.com.cn:8183/Menu" "Mozilla/5.0 (Linux; Android 9; H9493 Build/52.0.A.11.32; wv) AppleWebKit/537.36 (KHTML, like Gecko) Version/4.0 Chrome/85.0.4183.101 Mobile Safari/537.36"
112.17.241.94 - - [28/Sep/2020:15:44:10 +0800] "GET /css/animate.min.css?v=1003 HTTP/1.1" 200 52799 "http://merp.yudo.com.cn:8183/Menu" "Mozilla/5.0 (Linux; Android 9; H9493 Build/52.0.A.11.32; wv) AppleWebKit/537.36 (KHTML, like Gecko) Version/4.0 Chrome/85.0.4183.101 Mobile Safari/537.36"
112.17.241.94 - - [28/Sep/2020:15:44:10 +0800] "GET /js/lang.min.js?v=1004 HTTP/1.1" 200 1138 "http://merp.yudo.com.cn:8183/Menu" "Mozilla/5.0 (Linux; Android 9; H9493 Build/52.0.A.11.32; wv) AppleWebKit/537.36 (KHTML, like Gecko) Version/4.0 Chrome/85.0.4183.101 Mobile Safari/537.36"
112.17.241.94 - - [28/Sep/2020:15:44:10 +0800] "GET /third_party/jquery-2.1.4/jquery.js HTTP/1.1" 200 247606 "http://merp.yudo.com.cn:8183/Menu" "Mozilla/5.0 (Linux; Android 9; H9493 Build/52.0.A.11.32; wv) AppleWebKit/537.36 (KHTML, like Gecko) Version/4.0 Chrome/85.0.4183.101 Mobile Safari/537.36"
112.17.241.94 - - [28/Sep/2020:15:44:10 +0800] "GET /js/vue.js HTTP/1.1" 200 289301 "http://merp.yudo.com.cn:8183/Menu" "Mozilla/5.0 (Linux; Android 9; H9493 Build/52.0.A.11.32; wv) AppleWebKit/537.36 (KHTML, like Gecko) Version/4.0 Chrome/85.0.4183.101 Mobile Safari/537.36"
112.17.241.94 - - [28/Sep/2020:15:44:10 +0800] "GET /js/multiHttp.js?v=1015 HTTP/1.1" 200 48308 "http://merp.yudo.com.cn:8183/Menu" "Mozilla/5.0 (Linux; Android 9; H9493 Build/52.0.A.11.32; wv) AppleWebKit/537.36 (KHTML, like Gecko) Version/4.0 Chrome/85.0.4183.101 Mobile Safari/537.36"
