122.225.244.130 - - [15/Dec/2020:15:38:38 +0800] "GET /js/Menu/Menu.js?v=200017 HTTP/1.1" 200 11548 "http://merp.yudo.com.cn:8183/Menu" "Mozilla/5.0 (Linux; Android 10; TAS-AN00 Build/HUAWEITAS-AN00; wv) AppleWebKit/537.36 (KHTML, like Gecko) Version/4.0 Chrome/78.0.3904.108 Mobile Safari/537.36"
122.225.244.130 - - [15/Dec/2020:15:38:37 +0800] "GET /js/echarts.min.js HTTP/1.1" 200 744675 "http://merp.yudo.com.cn:8183/Menu" "Mozilla/5.0 (Linux; Android 10; TAS-AN00 Build/HUAWEITAS-AN00; wv) AppleWebKit/537.36 (KHTML, like Gecko) Version/4.0 Chrome/78.0.3904.108 Mobile Safari/537.36"
122.225.244.130 - - [15/Dec/2020:15:38:39 +0800] "GET /image/fonticon/refresh_icon.png HTTP/1.1" 200 2550 "http://merp.yudo.com.cn:8183/css/yudo-ui.css?v=2016" "Mozilla/5.0 (Linux; Android 10; TAS-AN00 Build/HUAWEITAS-AN00; wv) AppleWebKit/537.36 (KHTML, like Gecko) Version/4.0 Chrome/78.0.3904.108 Mobile Safari/537.36"
122.225.244.130 - - [15/Dec/2020:15:38:39 +0800] "GET /image/fonticon/home_icon.png HTTP/1.1" 200 1180 "http://merp.yudo.com.cn:8183/css/yudo-ui.css?v=2016" "Mozilla/5.0 (Linux; Android 10; TAS-AN00 Build/HUAWEITAS-AN00; wv) AppleWebKit/537.36 (KHTML, like Gecko) Version/4.0 Chrome/78.0.3904.108 Mobile Safari/537.36"
122.225.244.130 - - [15/Dec/2020:15:38:39 +0800] "GET /image/fonticon/switchPass_icon.png HTTP/1.1" 200 1480 "http://merp.yudo.com.cn:8183/css/yudo-ui.css?v=2016" "Mozilla/5.0 (Linux; Android 10; TAS-AN00 Build/HUAWEITAS-AN00; wv) AppleWebKit/537.36 (KHTML, like Gecko) Version/4.0 Chrome/78.0.3904.108 Mobile Safari/537.36"
122.225.244.130 - - [15/Dec/2020:15:38:39 +0800] "GET /image/fonticon/connectRecord_icon.png HTTP/1.1" 200 1412 "http://merp.yudo.com.cn:8183/css/yudo-ui.css?v=2016" "Mozilla/5.0 (Linux; Android 10; TAS-AN00 Build/HUAWEITAS-AN00; wv) AppleWebKit/537.36 (KHTML, like Gecko) Version/4.0 Chrome/78.0.3904.108 Mobile Safari/537.36"
122.225.244.130 - - [15/Dec/2020:15:38:39 +0800] "GET /image/fonticon/cleanCache_icon.png HTTP/1.1" 200 951 "http://merp.yudo.com.cn:8183/css/yudo-ui.css?v=2016" "Mozilla/5.0 (Linux; Android 10; TAS-AN00 Build/HUAWEITAS-AN00; wv) AppleWebKit/537.36 (KHTML, like Gecko) Version/4.0 Chrome/78.0.3904.108 Mobile Safari/537.36"
122.225.244.130 - - [15/Dec/2020:15:38:39 +0800] "GET /image/fonticon/quit_icon.png HTTP/1.1" 200 1268 "http://merp.yudo.com.cn:8183/css/yudo-ui.css?v=2016" "Mozilla/5.0 (Linux; Android 10; TAS-AN00 Build/HUAWEITAS-AN00; wv) AppleWebKit/537.36 (KHTML, like Gecko) Version/4.0 Chrome/78.0.3904.108 Mobile Safari/537.36"
122.225.244.130 - - [15/Dec/2020:15:38:39 +0800] "GET /fonts/mui.ttf HTTP/1.1" 200 29884 "http://merp.yudo.com.cn:8183/css/mui.min.css?v=1012" "Mozilla/5.0 (Linux; Android 10; TAS-AN00 Build/HUAWEITAS-AN00; wv) AppleWebKit/537.36 (KHTML, like Gecko) Version/4.0 Chrome/78.0.3904.108 Mobile Safari/537.36"
122.225.244.130 - - [15/Dec/2020:15:38:39 +0800] "GET /image/fonticon/extend_icon.png HTTP/1.1" 200 731 "http://merp.yudo.com.cn:8183/css/yudo-ui.css?v=2016" "Mozilla/5.0 (Linux; Android 10; TAS-AN00 Build/HUAWEITAS-AN00; wv) AppleWebKit/537.36 (KHTML, like Gecko) Version/4.0 Chrome/78.0.3904.108 Mobile Safari/537.36"
122.225.244.130 - - [15/Dec/2020:15:38:39 +0800] "GET /image/fonticon/userMenu_icon.png HTTP/1.1" 200 412 "http://merp.yudo.com.cn:8183/css/yudo-ui.css?v=2016" "Mozilla/5.0 (Linux; Android 10; TAS-AN00 Build/HUAWEITAS-AN00; wv) AppleWebKit/537.36 (KHTML, like Gecko) Version/4.0 Chrome/78.0.3904.108 Mobile Safari/537.36"
122.225.244.130 - - [15/Dec/2020:15:38:39 +0800] "GET /language/LANG_CHN.json?beta=8713 HTTP/1.1" 200 32414 "http://merp.yudo.com.cn:8183/Menu" "Mozilla/5.0 (Linux; Android 10; TAS-AN00 Build/HUAWEITAS-AN00; wv) AppleWebKit/537.36 (KHTML, like Gecko) Version/4.0 Chrome/78.0.3904.108 Mobile Safari/537.36"
122.225.244.130 - - [15/Dec/2020:15:38:39 +0800] "GET /image/yudo-01.png HTTP/1.1" 200 381770 "http://merp.yudo.com.cn:8183/Menu" "Mozilla/5.0 (Linux; Android 10; TAS-AN00 Build/HUAWEITAS-AN00; wv) AppleWebKit/537.36 (KHTML, like Gecko) Version/4.0 Chrome/78.0.3904.108 Mobile Safari/537.36"
122.225.244.130 - - [15/Dec/2020:15:38:39 +0800] "GET /image/fonticon/salesPlan_icon.png HTTP/1.1" 200 5653 "http://merp.yudo.com.cn:8183/css/yudo-ui.css?v=2016" "Mozilla/5.0 (Linux; Android 10; TAS-AN00 Build/HUAWEITAS-AN00; wv) AppleWebKit/537.36 (KHTML, like Gecko) Version/4.0 Chrome/78.0.3904.108 Mobile Safari/537.36"
122.225.244.130 - - [15/Dec/2020:15:38:39 +0800] "GET /image/fonticon/as_icon.png HTTP/1.1" 200 5008 "http://merp.yudo.com.cn:8183/css/yudo-ui.css?v=2016" "Mozilla/5.0 (Linux; Android 10; TAS-AN00 Build/HUAWEITAS-AN00; wv) AppleWebKit/537.36 (KHTML, like Gecko) Version/4.0 Chrome/78.0.3904.108 Mobile Safari/537.36"
122.225.244.130 - - [15/Dec/2020:15:38:39 +0800] "GET /image/fonticon/loading_icon6.png HTTP/1.1" 200 2555 "http://merp.yudo.com.cn:8183/css/mui.min.css?v=1012" "Mozilla/5.0 (Linux; Android 10; TAS-AN00 Build/HUAWEITAS-AN00; wv) AppleWebKit/537.36 (KHTML, like Gecko) Version/4.0 Chrome/78.0.3904.108 Mobile Safari/537.36"
122.225.244.130 - - [15/Dec/2020:15:38:39 +0800] "GET /Menu/doMenuRows_prc?formKey=Menu HTTP/1.1" 200 331 "http://merp.yudo.com.cn:8183/Menu" "Mozilla/5.0 (Linux; Android 10; TAS-AN00 Build/HUAWEITAS-AN00; wv) AppleWebKit/537.36 (KHTML, like Gecko) Version/4.0 Chrome/78.0.3904.108 Mobile Safari/537.36"
122.225.244.130 - - [15/Dec/2020:15:38:39 +0800] "GET /Menu/getVersionInfo HTTP/1.1" 200 394 "http://merp.yudo.com.cn:8183/Menu" "Mozilla/5.0 (Linux; Android 10; TAS-AN00 Build/HUAWEITAS-AN00; wv) AppleWebKit/537.36 (KHTML, like Gecko) Version/4.0 Chrome/78.0.3904.108 Mobile Safari/537.36"
115.238.160.142 - - [15/Dec/2020:15:38:39 +0800] "POST /WEI_2100/WEI_2100/upload_photo HTTP/1.1" 200 85 "http://merp.yudo.com.cn:8183/WEI_2100/WEI_2100?formKey=Menu&menuSelection=asm" "Mozilla/5.0 (Linux; Android 10; SM-G9750 Build/QP1A.190711.020; wv) AppleWebKit/537.36 (KHTML, like Gecko) Version/4.0 Chrome/81.0.4044.138 Mobile Safari/537.36"
115.238.160.142 - - [15/Dec/2020:15:38:40 +0800] "GET /WEI_2100/as_photo?asid=2020120709 HTTP/1.1" 200 227 "http://merp.yudo.com.cn:8183/WEI_2100/WEI_2100?formKey=Menu&menuSelection=asm" "Mozilla/5.0 (Linux; Android 10; SM-G9750 Build/QP1A.190711.020; wv) AppleWebKit/537.36 (KHTML, like Gecko) Version/4.0 Chrome/81.0.4044.138 Mobile Safari/537.36"
122.225.244.130 - - [15/Dec/2020:15:38:40 +0800] "GET /Menu/getLoginInfo HTTP/1.1" 200 167 "http://merp.yudo.com.cn:8183/Menu" "Mozilla/5.0 (Linux; Android 10; TAS-AN00 Build/HUAWEITAS-AN00; wv) AppleWebKit/537.36 (KHTML, like Gecko) Version/4.0 Chrome/78.0.3904.108 Mobile Safari/537.36"
115.238.160.142 - - [15/Dec/2020:15:38:40 +0800] "GET /image/erpfile/AS/ASReceipt/2020/12/2020120709/M20201215033839582.jpg HTTP/1.1" 404 1813 "http://merp.yudo.com.cn:8183/WEI_2100/WEI_2100?formKey=Menu&menuSelection=asm" "Mozilla/5.0 (Linux; Android 10; SM-G9750 Build/QP1A.190711.020; wv) AppleWebKit/537.36 (KHTML, like Gecko) Version/4.0 Chrome/81.0.4044.138 Mobile Safari/537.36"
122.225.244.130 - - [15/Dec/2020:15:38:40 +0800] "GET /favicon.ico HTTP/1.1" 404 1476 "http://merp.yudo.com.cn:8183/Menu" "Mozilla/5.0 (Linux; Android 10; TAS-AN00 Build/HUAWEITAS-AN00; wv) AppleWebKit/537.36 (KHTML, like Gecko) Version/4.0 Chrome/78.0.3904.108 Mobile Safari/537.36"
122.225.244.130 - - [15/Dec/2020:15:38:44 +0800] "GET /WEI_2300/WEI_2300?formKey=Menu&menuSelection=asm HTTP/1.1" 200 39135 "http://merp.yudo.com.cn:8183/Menu" "Mozilla/5.0 (Linux; Android 10; TAS-AN00 Build/HUAWEITAS-AN00; wv) AppleWebKit/537.36 (KHTML, like Gecko) Version/4.0 Chrome/78.0.3904.108 Mobile Safari/537.36"
122.225.244.130 - - [15/Dec/2020:15:38:45 +0800] "GET /image/fonticon/backMenu_icon.png HTTP/1.1" 200 1449 "http://merp.yudo.com.cn:8183/css/yudo-ui.css?v=2016" "Mozilla/5.0 (Linux; Android 10; TAS-AN00 Build/HUAWEITAS-AN00; wv) AppleWebKit/537.36 (KHTML, like Gecko) Version/4.0 Chrome/78.0.3904.108 Mobile Safari/537.36"
::1 - - [15/Dec/2020:15:38:45 +0800] "OPTIONS * HTTP/1.0" 200 - "-" "Apache/2.4.6 (CentOS) PHP/5.6.32 (internal dummy connection)"
122.225.244.130 - - [15/Dec/2020:15:38:46 +0800] "GET /image/fonticon/xiala_icon.png HTTP/1.1" 200 356 "http://merp.yudo.com.cn:8183/css/yudo-ui.css?v=2016" "Mozilla/5.0 (Linux; Android 10; TAS-AN00 Build/HUAWEITAS-AN00; wv) AppleWebKit/537.36 (KHTML, like Gecko) Version/4.0 Chrome/78.0.3904.108 Mobile Safari/537.36"
122.225.244.130 - - [15/Dec/2020:15:38:46 +0800] "GET /js/WEI_2300/WEI_2300_Lists.js?v=200012 HTTP/1.1" 200 62445 "http://merp.yudo.com.cn:8183/WEI_2300/WEI_2300?formKey=Menu&menuSelection=asm" "Mozilla/5.0 (Linux; Android 10; TAS-AN00 Build/HUAWEITAS-AN00; wv) AppleWebKit/537.36 (KHTML, like Gecko) Version/4.0 Chrome/78.0.3904.108 Mobile Safari/537.36"
122.225.244.130 - - [15/Dec/2020:15:38:46 +0800] "GET /image/fonticon/search_icon.png HTTP/1.1" 200 2335 "http://merp.yudo.com.cn:8183/css/yudo-ui.css?v=2016" "Mozilla/5.0 (Linux; Android 10; TAS-AN00 Build/HUAWEITAS-AN00; wv) AppleWebKit/537.36 (KHTML, like Gecko) Version/4.0 Chrome/78.0.3904.108 Mobile Safari/537.36"
122.225.244.130 - - [15/Dec/2020:15:38:46 +0800] "GET /image/fonticon/date_icon.png HTTP/1.1" 200 1883 "http://merp.yudo.com.cn:8183/css/yudo-ui.css?v=2016" "Mozilla/5.0 (Linux; Android 10; TAS-AN00 Build/HUAWEITAS-AN00; wv) AppleWebKit/537.36 (KHTML, like Gecko) Version/4.0 Chrome/78.0.3904.108 Mobile Safari/537.36"
122.225.244.130 - - [15/Dec/2020:15:38:46 +0800] "GET /image/fonticon/back_icon2.png HTTP/1.1" 200 1066 "http://merp.yudo.com.cn:8183/css/yudo-ui.css?v=2016" "Mozilla/5.0 (Linux; Android 10; TAS-AN00 Build/HUAWEITAS-AN00; wv) AppleWebKit/537.36 (KHTML, like Gecko) Version/4.0 Chrome/78.0.3904.108 Mobile Safari/537.36"
122.225.244.130 - - [15/Dec/2020:15:38:46 +0800] "GET /image/fonticon/write_icon.png HTTP/1.1" 200 1384 "http://merp.yudo.com.cn:8183/css/yudo-ui.css?v=2016" "Mozilla/5.0 (Linux; Android 10; TAS-AN00 Build/HUAWEITAS-AN00; wv) AppleWebKit/537.36 (KHTML, like Gecko) Version/4.0 Chrome/78.0.3904.108 Mobile Safari/537.36"
122.225.244.130 - - [15/Dec/2020:15:38:46 +0800] "GET /image/fonticon/search_class_icon.png HTTP/1.1" 200 2455 "http://merp.yudo.com.cn:8183/css/yudo-ui.css?v=2016" "Mozilla/5.0 (Linux; Android 10; TAS-AN00 Build/HUAWEITAS-AN00; wv) AppleWebKit/537.36 (KHTML, like Gecko) Version/4.0 Chrome/78.0.3904.108 Mobile Safari/537.36"
122.225.244.130 - - [15/Dec/2020:15:38:46 +0800] "GET /image/fonticon/search_user_icon.png HTTP/1.1" 200 1239 "http://merp.yudo.com.cn:8183/css/yudo-ui.css?v=2016" "Mozilla/5.0 (Linux; Android 10; TAS-AN00 Build/HUAWEITAS-AN00; wv) AppleWebKit/537.36 (KHTML, like Gecko) Version/4.0 Chrome/78.0.3904.108 Mobile Safari/537.36"
122.225.244.130 - - [15/Dec/2020:15:38:46 +0800] "GET /WEI_2300/getLoginInfo HTTP/1.1" 200 142 "http://merp.yudo.com.cn:8183/WEI_2300/WEI_2300?formKey=Menu&menuSelection=asm" "Mozilla/5.0 (Linux; Android 10; TAS-AN00 Build/HUAWEITAS-AN00; wv) AppleWebKit/537.36 (KHTML, like Gecko) Version/4.0 Chrome/78.0.3904.108 Mobile Safari/537.36"
115.238.160.142 - - [15/Dec/2020:15:38:49 +0800] "POST /WEI_2100/save_as HTTP/1.1" 200 76 "http://merp.yudo.com.cn:8183/WEI_2100/WEI_2100?formKey=Menu&menuSelection=asm" "Mozilla/5.0 (Linux; Android 10; SM-G9750 Build/QP1A.190711.020; wv) AppleWebKit/537.36 (KHTML, like Gecko) Version/4.0 Chrome/81.0.4044.138 Mobile Safari/537.36"
115.238.160.142 - - [15/Dec/2020:15:38:49 +0800] "GET /WEI_2100/as_minute?asid=2020120709 HTTP/1.1" 200 1963 "http://merp.yudo.com.cn:8183/WEI_2100/WEI_2100?formKey=Menu&menuSelection=asm" "Mozilla/5.0 (Linux; Android 10; SM-G9750 Build/QP1A.190711.020; wv) AppleWebKit/537.36 (KHTML, like Gecko) Version/4.0 Chrome/81.0.4044.138 Mobile Safari/537.36"
115.238.160.142 - - [15/Dec/2020:15:38:49 +0800] "GET /WEI_2100/as_minute_table?asid=2020120709 HTTP/1.1" 200 370 "http://merp.yudo.com.cn:8183/WEI_2100/WEI_2100?formKey=Menu&menuSelection=asm" "Mozilla/5.0 (Linux; Android 10; SM-G9750 Build/QP1A.190711.020; wv) AppleWebKit/537.36 (KHTML, like Gecko) Version/4.0 Chrome/81.0.4044.138 Mobile Safari/537.36"
122.225.244.130 - - [15/Dec/2020:15:38:50 +0800] "GET /WEI_2300/getPermission HTTP/1.1" 200 72 "http://merp.yudo.com.cn:8183/WEI_2300/WEI_2300?formKey=Menu&menuSelection=asm" "Mozilla/5.0 (Linux; Android 10; TAS-AN00 Build/HUAWEITAS-AN00; wv) AppleWebKit/537.36 (KHTML, like Gecko) Version/4.0 Chrome/78.0.3904.108 Mobile Safari/537.36"
122.225.244.130 - - [15/Dec/2020:15:38:51 +0800] "GET /WEI_2300/getDeptId HTTP/1.1" 200 66 "http://merp.yudo.com.cn:8183/WEI_2300/WEI_2300?formKey=Menu&menuSelection=asm" "Mozilla/5.0 (Linux; Android 10; TAS-AN00 Build/HUAWEITAS-AN00; wv) AppleWebKit/537.36 (KHTML, like Gecko) Version/4.0 Chrome/78.0.3904.108 Mobile Safari/537.36"
122.225.244.130 - - [15/Dec/2020:15:38:52 +0800] "POST /WEI_2300/getUserTarget HTTP/1.1" 200 412 "http://merp.yudo.com.cn:8183/WEI_2300/WEI_2300?formKey=Menu&menuSelection=asm" "Mozilla/5.0 (Linux; Android 10; TAS-AN00 Build/HUAWEITAS-AN00; wv) AppleWebKit/537.36 (KHTML, like Gecko) Version/4.0 Chrome/78.0.3904.108 Mobile Safari/537.36"
115.238.160.142 - - [15/Dec/2020:15:38:52 +0800] "GET /WEI_2100/systemclass_mini_prc?bigsysid=SA10340020&minisysid=supplyscope_c1 HTTP/1.1" 200 1094 "http://merp.yudo.com.cn:8183/WEI_2100/WEI_2100?formKey=Menu&menuSelection=asm" "Mozilla/5.0 (Linux; Android 10; SM-G9750 Build/QP1A.190711.020; wv) AppleWebKit/537.36 (KHTML, like Gecko) Version/4.0 Chrome/81.0.4044.138 Mobile Safari/537.36"
115.238.160.142 - - [15/Dec/2020:15:38:52 +0800] "GET /WEI_2100/systemclass_mini_prc?bigsysid=SA10350063&minisysid=supplyscope_c2 HTTP/1.1" 200 99 "http://merp.yudo.com.cn:8183/WEI_2100/WEI_2100?formKey=Menu&menuSelection=asm" "Mozilla/5.0 (Linux; Android 10; SM-G9750 Build/QP1A.190711.020; wv) AppleWebKit/537.36 (KHTML, like Gecko) Version/4.0 Chrome/81.0.4044.138 Mobile Safari/537.36"
115.238.160.142 - - [15/Dec/2020:15:38:52 +0800] "GET /WEI_2100/systemclass_mini_prc?bigsysid=AS10060040&minisysid=asclass1_c HTTP/1.1" 200 2868 "http://merp.yudo.com.cn:8183/WEI_2100/WEI_2100?formKey=Menu&menuSelection=asm" "Mozilla/5.0 (Linux; Android 10; SM-G9750 Build/QP1A.190711.020; wv) AppleWebKit/537.36 (KHTML, like Gecko) Version/4.0 Chrome/81.0.4044.138 Mobile Safari/537.36"
115.238.160.142 - - [15/Dec/2020:15:38:52 +0800] "GET /WEI_2100/systemclass_mini_prc?bigsysid=AS10110030&minisysid=ascause_c HTTP/1.1" 200 119 "http://merp.yudo.com.cn:8183/WEI_2100/WEI_2100?formKey=Menu&menuSelection=asm" "Mozilla/5.0 (Linux; Android 10; SM-G9750 Build/QP1A.190711.020; wv) AppleWebKit/537.36 (KHTML, like Gecko) Version/4.0 Chrome/81.0.4044.138 Mobile Safari/537.36"
115.238.160.142 - - [15/Dec/2020:15:38:52 +0800] "GET /WEI_2100/systemclass_mini_prc?bigsysid=SA10360110&minisysid=supplyscope_c3 HTTP/1.1" 200 272 "http://merp.yudo.com.cn:8183/WEI_2100/WEI_2100?formKey=Menu&menuSelection=asm" "Mozilla/5.0 (Linux; Android 10; SM-G9750 Build/QP1A.190711.020; wv) AppleWebKit/537.36 (KHTML, like Gecko) Version/4.0 Chrome/81.0.4044.138 Mobile Safari/537.36"
115.238.160.142 - - [15/Dec/2020:15:38:52 +0800] "GET /WEI_2100/systemclass_mini_prc?bigsysid=SA10370334&minisysid=supplyscope_c4 HTTP/1.1" 200 137 "http://merp.yudo.com.cn:8183/WEI_2100/WEI_2100?formKey=Menu&menuSelection=asm" "Mozilla/5.0 (Linux; Android 10; SM-G9750 Build/QP1A.190711.020; wv) AppleWebKit/537.36 (KHTML, like Gecko) Version/4.0 Chrome/81.0.4044.138 Mobile Safari/537.36"
115.238.160.142 - - [15/Dec/2020:15:38:53 +0800] "GET /WEI_2100/systemclass_mini_prc?bigsysid=SA10380513&minisysid=supplyscope_c5 HTTP/1.1" 200 528 "http://merp.yudo.com.cn:8183/WEI_2100/WEI_2100?formKey=Menu&menuSelection=asm" "Mozilla/5.0 (Linux; Android 10; SM-G9750 Build/QP1A.190711.020; wv) AppleWebKit/537.36 (KHTML, like Gecko) Version/4.0 Chrome/81.0.4044.138 Mobile Safari/537.36"
122.225.244.130 - - [15/Dec/2020:15:38:56 +0800] "POST /WEI_2300/getUserTarget HTTP/1.1" 200 400 "http://merp.yudo.com.cn:8183/WEI_2300/WEI_2300?formKey=Menu&menuSelection=asm" "Mozilla/5.0 (Linux; Android 10; TAS-AN00 Build/HUAWEITAS-AN00; wv) AppleWebKit/537.36 (KHTML, like Gecko) Version/4.0 Chrome/78.0.3904.108 Mobile Safari/537.36"
::1 - - [15/Dec/2020:15:39:00 +0800] "OPTIONS * HTTP/1.0" 200 - "-" "Apache/2.4.6 (CentOS) PHP/5.6.32 (internal dummy connection)"
::1 - - [15/Dec/2020:15:39:01 +0800] "OPTIONS * HTTP/1.0" 200 - "-" "Apache/2.4.6 (CentOS) PHP/5.6.32 (internal dummy connection)"
::1 - - [15/Dec/2020:15:39:04 +0800] "OPTIONS * HTTP/1.0" 200 - "-" "Apache/2.4.6 (CentOS) PHP/5.6.32 (internal dummy connection)"
115.238.160.142 - - [15/Dec/2020:15:39:13 +0800] "POST /WEI_2100/save_as HTTP/1.1" 200 76 "http://merp.yudo.com.cn:8183/WEI_2100/WEI_2100?formKey=Menu&menuSelection=asm" "Mozilla/5.0 (Linux; Android 10; SM-G9750 Build/QP1A.190711.020; wv) AppleWebKit/537.36 (KHTML, like Gecko) Version/4.0 Chrome/81.0.4044.138 Mobile Safari/537.36"
115.238.160.142 - - [15/Dec/2020:15:39:13 +0800] "GET /WEI_2100/as_minute?asid=2020120709 HTTP/1.1" 200 1963 "http://merp.yudo.com.cn:8183/WEI_2100/WEI_2100?formKey=Menu&menuSelection=asm" "Mozilla/5.0 (Linux; Android 10; SM-G9750 Build/QP1A.190711.020; wv) AppleWebKit/537.36 (KHTML, like Gecko) Version/4.0 Chrome/81.0.4044.138 Mobile Safari/537.36"
115.238.160.142 - - [15/Dec/2020:15:39:13 +0800] "GET /WEI_2100/as_minute_table?asid=2020120709 HTTP/1.1" 200 370 "http://merp.yudo.com.cn:8183/WEI_2100/WEI_2100?formKey=Menu&menuSelection=asm" "Mozilla/5.0 (Linux; Android 10; SM-G9750 Build/QP1A.190711.020; wv) AppleWebKit/537.36 (KHTML, like Gecko) Version/4.0 Chrome/81.0.4044.138 Mobile Safari/537.36"
115.238.160.142 - - [15/Dec/2020:15:39:14 +0800] "GET /WEI_2100/systemclass_mini_prc?bigsysid=AS10060040&minisysid=asclass1_c HTTP/1.1" 200 2868 "http://merp.yudo.com.cn:8183/WEI_2100/WEI_2100?formKey=Menu&menuSelection=asm" "Mozilla/5.0 (Linux; Android 10; SM-G9750 Build/QP1A.190711.020; wv) AppleWebKit/537.36 (KHTML, like Gecko) Version/4.0 Chrome/81.0.4044.138 Mobile Safari/537.36"
115.238.160.142 - - [15/Dec/2020:15:39:14 +0800] "GET /WEI_2100/systemclass_mini_prc?bigsysid=SA10350063&minisysid=supplyscope_c2 HTTP/1.1" 200 99 "http://merp.yudo.com.cn:8183/WEI_2100/WEI_2100?formKey=Menu&menuSelection=asm" "Mozilla/5.0 (Linux; Android 10; SM-G9750 Build/QP1A.190711.020; wv) AppleWebKit/537.36 (KHTML, like Gecko) Version/4.0 Chrome/81.0.4044.138 Mobile Safari/537.36"
115.238.160.142 - - [15/Dec/2020:15:39:14 +0800] "GET /WEI_2100/systemclass_mini_prc?bigsysid=SA10340020&minisysid=supplyscope_c1 HTTP/1.1" 200 1094 "http://merp.yudo.com.cn:8183/WEI_2100/WEI_2100?formKey=Menu&menuSelection=asm" "Mozilla/5.0 (Linux; Android 10; SM-G9750 Build/QP1A.190711.020; wv) AppleWebKit/537.36 (KHTML, like Gecko) Version/4.0 Chrome/81.0.4044.138 Mobile Safari/537.36"
115.238.160.142 - - [15/Dec/2020:15:39:14 +0800] "GET /WEI_2100/systemclass_mini_prc?bigsysid=AS10110030&minisysid=ascause_c HTTP/1.1" 200 119 "http://merp.yudo.com.cn:8183/WEI_2100/WEI_2100?formKey=Menu&menuSelection=asm" "Mozilla/5.0 (Linux; Android 10; SM-G9750 Build/QP1A.190711.020; wv) AppleWebKit/537.36 (KHTML, like Gecko) Version/4.0 Chrome/81.0.4044.138 Mobile Safari/537.36"
115.238.160.142 - - [15/Dec/2020:15:39:14 +0800] "GET /WEI_2100/systemclass_mini_prc?bigsysid=SA10370334&minisysid=supplyscope_c4 HTTP/1.1" 200 137 "http://merp.yudo.com.cn:8183/WEI_2100/WEI_2100?formKey=Menu&menuSelection=asm" "Mozilla/5.0 (Linux; Android 10; SM-G9750 Build/QP1A.190711.020; wv) AppleWebKit/537.36 (KHTML, like Gecko) Version/4.0 Chrome/81.0.4044.138 Mobile Safari/537.36"
115.238.160.142 - - [15/Dec/2020:15:39:16 +0800] "GET /WEI_2100/systemclass_mini_prc?bigsysid=SA10380513&minisysid=supplyscope_c5 HTTP/1.1" 200 528 "http://merp.yudo.com.cn:8183/WEI_2100/WEI_2100?formKey=Menu&menuSelection=asm" "Mozilla/5.0 (Linux; Android 10; SM-G9750 Build/QP1A.190711.020; wv) AppleWebKit/537.36 (KHTML, like Gecko) Version/4.0 Chrome/81.0.4044.138 Mobile Safari/537.36"
115.238.160.142 - - [15/Dec/2020:15:39:14 +0800] "GET /WEI_2100/systemclass_mini_prc?bigsysid=SA10360110&minisysid=supplyscope_c3 HTTP/1.1" 200 272 "http://merp.yudo.com.cn:8183/WEI_2100/WEI_2100?formKey=Menu&menuSelection=asm" "Mozilla/5.0 (Linux; Android 10; SM-G9750 Build/QP1A.190711.020; wv) AppleWebKit/537.36 (KHTML, like Gecko) Version/4.0 Chrome/81.0.4044.138 Mobile Safari/537.36"
115.238.160.142 - - [15/Dec/2020:15:39:16 +0800] "POST /WEI_2100/subAdjudication HTTP/1.1" 200 71 "http://merp.yudo.com.cn:8183/WEI_2100/WEI_2100?formKey=Menu&menuSelection=asm" "Mozilla/5.0 (Linux; Android 10; SM-G9750 Build/QP1A.190711.020; wv) AppleWebKit/537.36 (KHTML, like Gecko) Version/4.0 Chrome/81.0.4044.138 Mobile Safari/537.36"
115.238.160.142 - - [15/Dec/2020:15:39:17 +0800] "GET /WEI_2100/as_minute_table?asid=2020120709 HTTP/1.1" 200 370 "http://merp.yudo.com.cn:8183/WEI_2100/WEI_2100?formKey=Menu&menuSelection=asm" "Mozilla/5.0 (Linux; Android 10; SM-G9750 Build/QP1A.190711.020; wv) AppleWebKit/537.36 (KHTML, like Gecko) Version/4.0 Chrome/81.0.4044.138 Mobile Safari/537.36"
115.238.160.142 - - [15/Dec/2020:15:39:17 +0800] "GET /WEI_2100/as_minute?asid=2020120709 HTTP/1.1" 200 1963 "http://merp.yudo.com.cn:8183/WEI_2100/WEI_2100?formKey=Menu&menuSelection=asm" "Mozilla/5.0 (Linux; Android 10; SM-G9750 Build/QP1A.190711.020; wv) AppleWebKit/537.36 (KHTML, like Gecko) Version/4.0 Chrome/81.0.4044.138 Mobile Safari/537.36"
115.238.160.142 - - [15/Dec/2020:15:39:18 +0800] "GET /WEI_2100/systemclass_mini_prc?bigsysid=SA10340020&minisysid=supplyscope_c1 HTTP/1.1" 200 1094 "http://merp.yudo.com.cn:8183/WEI_2100/WEI_2100?formKey=Menu&menuSelection=asm" "Mozilla/5.0 (Linux; Android 10; SM-G9750 Build/QP1A.190711.020; wv) AppleWebKit/537.36 (KHTML, like Gecko) Version/4.0 Chrome/81.0.4044.138 Mobile Safari/537.36"
115.238.160.142 - - [15/Dec/2020:15:39:18 +0800] "GET /WEI_2100/systemclass_mini_prc?bigsysid=AS10060040&minisysid=asclass1_c HTTP/1.1" 200 2868 "http://merp.yudo.com.cn:8183/WEI_2100/WEI_2100?formKey=Menu&menuSelection=asm" "Mozilla/5.0 (Linux; Android 10; SM-G9750 Build/QP1A.190711.020; wv) AppleWebKit/537.36 (KHTML, like Gecko) Version/4.0 Chrome/81.0.4044.138 Mobile Safari/537.36"
115.238.160.142 - - [15/Dec/2020:15:39:18 +0800] "GET /WEI_2100/systemclass_mini_prc?bigsysid=SA10350063&minisysid=supplyscope_c2 HTTP/1.1" 200 99 "http://merp.yudo.com.cn:8183/WEI_2100/WEI_2100?formKey=Menu&menuSelection=asm" "Mozilla/5.0 (Linux; Android 10; SM-G9750 Build/QP1A.190711.020; wv) AppleWebKit/537.36 (KHTML, like Gecko) Version/4.0 Chrome/81.0.4044.138 Mobile Safari/537.36"
115.238.160.142 - - [15/Dec/2020:15:39:18 +0800] "GET /WEI_2100/systemclass_mini_prc?bigsysid=SA10360110&minisysid=supplyscope_c3 HTTP/1.1" 200 272 "http://merp.yudo.com.cn:8183/WEI_2100/WEI_2100?formKey=Menu&menuSelection=asm" "Mozilla/5.0 (Linux; Android 10; SM-G9750 Build/QP1A.190711.020; wv) AppleWebKit/537.36 (KHTML, like Gecko) Version/4.0 Chrome/81.0.4044.138 Mobile Safari/537.36"
115.238.160.142 - - [15/Dec/2020:15:39:18 +0800] "GET /WEI_2100/systemclass_mini_prc?bigsysid=AS10110030&minisysid=ascause_c HTTP/1.1" 200 119 "http://merp.yudo.com.cn:8183/WEI_2100/WEI_2100?formKey=Menu&menuSelection=asm" "Mozilla/5.0 (Linux; Android 10; SM-G9750 Build/QP1A.190711.020; wv) AppleWebKit/537.36 (KHTML, like Gecko) Version/4.0 Chrome/81.0.4044.138 Mobile Safari/537.36"
115.238.160.142 - - [15/Dec/2020:15:39:19 +0800] "GET /WEI_2100/systemclass_mini_prc?bigsysid=SA10380513&minisysid=supplyscope_c5 HTTP/1.1" 200 528 "http://merp.yudo.com.cn:8183/WEI_2100/WEI_2100?formKey=Menu&menuSelection=asm" "Mozilla/5.0 (Linux; Android 10; SM-G9750 Build/QP1A.190711.020; wv) AppleWebKit/537.36 (KHTML, like Gecko) Version/4.0 Chrome/81.0.4044.138 Mobile Safari/537.36"
115.238.160.142 - - [15/Dec/2020:15:39:18 +0800] "GET /WEI_2100/systemclass_mini_prc?bigsysid=SA10370334&minisysid=supplyscope_c4 HTTP/1.1" 200 137 "http://merp.yudo.com.cn:8183/WEI_2100/WEI_2100?formKey=Menu&menuSelection=asm" "Mozilla/5.0 (Linux; Android 10; SM-G9750 Build/QP1A.190711.020; wv) AppleWebKit/537.36 (KHTML, like Gecko) Version/4.0 Chrome/81.0.4044.138 Mobile Safari/537.36"
122.225.244.130 - - [15/Dec/2020:15:39:26 +0800] "POST /WEI_2300/getUserTarget HTTP/1.1" 200 393 "http://merp.yudo.com.cn:8183/WEI_2300/WEI_2300?formKey=Menu&menuSelection=asm" "Mozilla/5.0 (Linux; Android 10; TAS-AN00 Build/HUAWEITAS-AN00; wv) AppleWebKit/537.36 (KHTML, like Gecko) Version/4.0 Chrome/78.0.3904.108 Mobile Safari/537.36"
::1 - - [15/Dec/2020:15:39:33 +0800] "OPTIONS * HTTP/1.0" 200 - "-" "Apache/2.4.6 (CentOS) PHP/5.6.32 (internal dummy connection)"
122.225.244.130 - - [15/Dec/2020:15:40:23 +0800] "POST /WEI_2300/getUserTarget HTTP/1.1" 200 393 "http://merp.yudo.com.cn:8183/WEI_2300/WEI_2300?formKey=Menu&menuSelection=asm" "Mozilla/5.0 (Linux; Android 10; TAS-AN00 Build/HUAWEITAS-AN00; wv) AppleWebKit/537.36 (KHTML, like Gecko) Version/4.0 Chrome/78.0.3904.108 Mobile Safari/537.36"
122.225.244.130 - - [15/Dec/2020:15:40:24 +0800] "POST /WEI_2300/getUserTarget HTTP/1.1" 200 400 "http://merp.yudo.com.cn:8183/WEI_2300/WEI_2300?formKey=Menu&menuSelection=asm" "Mozilla/5.0 (Linux; Android 10; TAS-AN00 Build/HUAWEITAS-AN00; wv) AppleWebKit/537.36 (KHTML, like Gecko) Version/4.0 Chrome/78.0.3904.108 Mobile Safari/537.36"
122.225.244.130 - - [15/Dec/2020:15:40:27 +0800] "POST /WEI_2300/getUserTarget HTTP/1.1" 200 412 "http://merp.yudo.com.cn:8183/WEI_2300/WEI_2300?formKey=Menu&menuSelection=asm" "Mozilla/5.0 (Linux; Android 10; TAS-AN00 Build/HUAWEITAS-AN00; wv) AppleWebKit/537.36 (KHTML, like Gecko) Version/4.0 Chrome/78.0.3904.108 Mobile Safari/537.36"
211.138.116.48 - - [15/Dec/2020:15:50:02 +0800] "GET /?deviceType=mobile&devicePlatform=android HTTP/1.1" 302 149 "-" "Mozilla/5.0 (Linux; Android 10; ALP-AL00 Build/HUAWEIALP-AL00; wv) AppleWebKit/537.36 (KHTML, like Gecko) Version/4.0 Chrome/83.0.4103.106 Mobile Safari/537.36"
211.138.116.48 - - [15/Dec/2020:15:50:02 +0800] "GET /Menu HTTP/1.1" 200 12297 "-" "Mozilla/5.0 (Linux; Android 10; ALP-AL00 Build/HUAWEIALP-AL00; wv) AppleWebKit/537.36 (KHTML, like Gecko) Version/4.0 Chrome/83.0.4103.106 Mobile Safari/537.36"
122.96.33.74 - - [15/Dec/2020:15:50:02 +0800] "GET /?deviceType=mobile&devicePlatform=android HTTP/1.1" 302 149 "-" "Mozilla/5.0 (Linux; Android 10; ELS-AN00 Build/HUAWEIELS-AN00; wv) AppleWebKit/537.36 (KHTML, like Gecko) Version/4.0 Chrome/78.0.3904.108 Mobile Safari/537.36"
211.138.116.48 - - [15/Dec/2020:15:50:02 +0800] "GET /css/yudo-ui.css?v=2016 HTTP/1.1" 200 41489 "http://merp.yudo.com.cn:8183/Menu" "Mozilla/5.0 (Linux; Android 10; ALP-AL00 Build/HUAWEIALP-AL00; wv) AppleWebKit/537.36 (KHTML, like Gecko) Version/4.0 Chrome/83.0.4103.106 Mobile Safari/537.36"
122.96.33.74 - - [15/Dec/2020:15:50:02 +0800] "GET /Menu HTTP/1.1" 200 12297 "-" "Mozilla/5.0 (Linux; Android 10; ELS-AN00 Build/HUAWEIELS-AN00; wv) AppleWebKit/537.36 (KHTML, like Gecko) Version/4.0 Chrome/78.0.3904.108 Mobile Safari/537.36"
211.138.116.48 - - [15/Dec/2020:15:50:02 +0800] "GET /css/mui.picker.min.css?v=1000 HTTP/1.1" 200 4844 "http://merp.yudo.com.cn:8183/Menu" "Mozilla/5.0 (Linux; Android 10; ALP-AL00 Build/HUAWEIALP-AL00; wv) AppleWebKit/537.36 (KHTML, like Gecko) Version/4.0 Chrome/83.0.4103.106 Mobile Safari/537.36"
211.138.116.48 - - [15/Dec/2020:15:50:02 +0800] "GET /css/animate.min.css?v=1003 HTTP/1.1" 200 52799 "http://merp.yudo.com.cn:8183/Menu" "Mozilla/5.0 (Linux; Android 10; ALP-AL00 Build/HUAWEIALP-AL00; wv) AppleWebKit/537.36 (KHTML, like Gecko) Version/4.0 Chrome/83.0.4103.106 Mobile Safari/537.36"
211.138.116.48 - - [15/Dec/2020:15:50:02 +0800] "GET /css/mui.min.css?v=1012 HTTP/1.1" 200 76673 "http://merp.yudo.com.cn:8183/Menu" "Mozilla/5.0 (Linux; Android 10; ALP-AL00 Build/HUAWEIALP-AL00; wv) AppleWebKit/537.36 (KHTML, like Gecko) Version/4.0 Chrome/83.0.4103.106 Mobile Safari/537.36"
211.138.116.48 - - [15/Dec/2020:15:50:02 +0800] "GET /js/server.js?v=1010 HTTP/1.1" 200 88 "http://merp.yudo.com.cn:8183/Menu" "Mozilla/5.0 (Linux; Android 10; ALP-AL00 Build/HUAWEIALP-AL00; wv) AppleWebKit/537.36 (KHTML, like Gecko) Version/4.0 Chrome/83.0.4103.106 Mobile Safari/537.36"
122.96.33.74 - - [15/Dec/2020:15:50:02 +0800] "GET /css/mui.min.css?v=1012 HTTP/1.1" 200 76673 "http://merp.yudo.com.cn:8183/Menu" "Mozilla/5.0 (Linux; Android 10; ELS-AN00 Build/HUAWEIELS-AN00; wv) AppleWebKit/537.36 (KHTML, like Gecko) Version/4.0 Chrome/78.0.3904.108 Mobile Safari/537.36"
122.96.33.74 - - [15/Dec/2020:15:50:02 +0800] "GET /css/yudo-ui.css?v=2016 HTTP/1.1" 200 41489 "http://merp.yudo.com.cn:8183/Menu" "Mozilla/5.0 (Linux; Android 10; ELS-AN00 Build/HUAWEIELS-AN00; wv) AppleWebKit/537.36 (KHTML, like Gecko) Version/4.0 Chrome/78.0.3904.108 Mobile Safari/537.36"
122.96.33.74 - - [15/Dec/2020:15:50:02 +0800] "GET /css/mui.picker.min.css?v=1000 HTTP/1.1" 200 4844 "http://merp.yudo.com.cn:8183/Menu" "Mozilla/5.0 (Linux; Android 10; ELS-AN00 Build/HUAWEIELS-AN00; wv) AppleWebKit/537.36 (KHTML, like Gecko) Version/4.0 Chrome/78.0.3904.108 Mobile Safari/537.36"
122.96.33.74 - - [15/Dec/2020:15:50:02 +0800] "GET /js/server.js?v=1010 HTTP/1.1" 200 88 "http://merp.yudo.com.cn:8183/Menu" "Mozilla/5.0 (Linux; Android 10; ELS-AN00 Build/HUAWEIELS-AN00; wv) AppleWebKit/537.36 (KHTML, like Gecko) Version/4.0 Chrome/78.0.3904.108 Mobile Safari/537.36"
122.96.33.74 - - [15/Dec/2020:15:50:02 +0800] "GET /css/animate.min.css?v=1003 HTTP/1.1" 200 52799 "http://merp.yudo.com.cn:8183/Menu" "Mozilla/5.0 (Linux; Android 10; ELS-AN00 Build/HUAWEIELS-AN00; wv) AppleWebKit/537.36 (KHTML, like Gecko) Version/4.0 Chrome/78.0.3904.108 Mobile Safari/537.36"
211.138.116.48 - - [15/Dec/2020:15:50:03 +0800] "GET /js/lang.min.js?v=1004 HTTP/1.1" 200 1138 "http://merp.yudo.com.cn:8183/Menu" "Mozilla/5.0 (Linux; Android 10; ALP-AL00 Build/HUAWEIALP-AL00; wv) AppleWebKit/537.36 (KHTML, like Gecko) Version/4.0 Chrome/83.0.4103.106 Mobile Safari/537.36"
122.96.33.74 - - [15/Dec/2020:15:50:03 +0800] "GET /js/lang.min.js?v=1004 HTTP/1.1" 200 1138 "http://merp.yudo.com.cn:8183/Menu" "Mozilla/5.0 (Linux; Android 10; ELS-AN00 Build/HUAWEIELS-AN00; wv) AppleWebKit/537.36 (KHTML, like Gecko) Version/4.0 Chrome/78.0.3904.108 Mobile Safari/537.36"
122.96.33.74 - - [15/Dec/2020:15:50:02 +0800] "GET /js/mui.min.js?v=1001 HTTP/1.1" 200 115810 "http://merp.yudo.com.cn:8183/Menu" "Mozilla/5.0 (Linux; Android 10; ELS-AN00 Build/HUAWEIELS-AN00; wv) AppleWebKit/537.36 (KHTML, like Gecko) Version/4.0 Chrome/78.0.3904.108 Mobile Safari/537.36"
122.96.33.74 - - [15/Dec/2020:15:50:03 +0800] "GET /js/multiHttp.js?v=1015 HTTP/1.1" 200 48308 "http://merp.yudo.com.cn:8183/Menu" "Mozilla/5.0 (Linux; Android 10; ELS-AN00 Build/HUAWEIELS-AN00; wv) AppleWebKit/537.36 (KHTML, like Gecko) Version/4.0 Chrome/78.0.3904.108 Mobile Safari/537.36"
122.96.33.74 - - [15/Dec/2020:15:50:03 +0800] "GET /js/mui.previewimage.js?v=201804261256 HTTP/1.1" 200 13324 "http://merp.yudo.com.cn:8183/Menu" "Mozilla/5.0 (Linux; Android 10; ELS-AN00 Build/HUAWEIELS-AN00; wv) AppleWebKit/537.36 (KHTML, like Gecko) Version/4.0 Chrome/78.0.3904.108 Mobile Safari/537.36"
122.96.33.74 - - [15/Dec/2020:15:50:03 +0800] "GET /js/mui.zoom.js?v=201804231454 HTTP/1.1" 200 11703 "http://merp.yudo.com.cn:8183/Menu" "Mozilla/5.0 (Linux; Android 10; ELS-AN00 Build/HUAWEIELS-AN00; wv) AppleWebKit/537.36 (KHTML, like Gecko) Version/4.0 Chrome/78.0.3904.108 Mobile Safari/537.36"
122.96.33.74 - - [15/Dec/2020:15:50:03 +0800] "GET /js/mui.picker.min.js?v=1002 HTTP/1.1" 200 18411 "http://merp.yudo.com.cn:8183/Menu" "Mozilla/5.0 (Linux; Android 10; ELS-AN00 Build/HUAWEIELS-AN00; wv) AppleWebKit/537.36 (KHTML, like Gecko) Version/4.0 Chrome/78.0.3904.108 Mobile Safari/537.36"
122.96.33.74 - - [15/Dec/2020:15:50:03 +0800] "GET /js/fastclick.js HTTP/1.1" 200 25966 "http://merp.yudo.com.cn:8183/Menu" "Mozilla/5.0 (Linux; Android 10; ELS-AN00 Build/HUAWEIELS-AN00; wv) AppleWebKit/537.36 (KHTML, like Gecko) Version/4.0 Chrome/78.0.3904.108 Mobile Safari/537.36"
122.96.33.74 - - [15/Dec/2020:15:50:03 +0800] "GET /js/JLAMP.min.js HTTP/1.1" 200 1461 "http://merp.yudo.com.cn:8183/Menu" "Mozilla/5.0 (Linux; Android 10; ELS-AN00 Build/HUAWEIELS-AN00; wv) AppleWebKit/537.36 (KHTML, like Gecko) Version/4.0 Chrome/78.0.3904.108 Mobile Safari/537.36"
211.138.116.48 - - [15/Dec/2020:15:50:03 +0800] "GET /js/multiHttp.js?v=1015 HTTP/1.1" 200 48308 "http://merp.yudo.com.cn:8183/Menu" "Mozilla/5.0 (Linux; Android 10; ALP-AL00 Build/HUAWEIALP-AL00; wv) AppleWebKit/537.36 (KHTML, like Gecko) Version/4.0 Chrome/83.0.4103.106 Mobile Safari/537.36"
122.96.33.74 - - [15/Dec/2020:15:50:03 +0800] "GET /js/JLAMP.common.min.js HTTP/1.1" 200 9705 "http://merp.yudo.com.cn:8183/Menu" "Mozilla/5.0 (Linux; Android 10; ELS-AN00 Build/HUAWEIELS-AN00; wv) AppleWebKit/537.36 (KHTML, like Gecko) Version/4.0 Chrome/78.0.3904.108 Mobile Safari/537.36"
122.96.33.74 - - [15/Dec/2020:15:50:03 +0800] "GET /js/JLAMP.lang.min.js HTTP/1.1" 200 1750 "http://merp.yudo.com.cn:8183/Menu" "Mozilla/5.0 (Linux; Android 10; ELS-AN00 Build/HUAWEIELS-AN00; wv) AppleWebKit/537.36 (KHTML, like Gecko) Version/4.0 Chrome/78.0.3904.108 Mobile Safari/537.36"
122.96.33.74 - - [15/Dec/2020:15:50:03 +0800] "GET /image/fonticon/headDefault.jpg HTTP/1.1" 200 2436 "http://merp.yudo.com.cn:8183/Menu" "Mozilla/5.0 (Linux; Android 10; ELS-AN00 Build/HUAWEIELS-AN00; wv) AppleWebKit/537.36 (KHTML, like Gecko) Version/4.0 Chrome/78.0.3904.108 Mobile Safari/537.36"
122.96.33.74 - - [15/Dec/2020:15:50:03 +0800] "GET /image/login_logo.png HTTP/1.1" 200 3941 "http://merp.yudo.com.cn:8183/Menu" "Mozilla/5.0 (Linux; Android 10; ELS-AN00 Build/HUAWEIELS-AN00; wv) AppleWebKit/537.36 (KHTML, like Gecko) Version/4.0 Chrome/78.0.3904.108 Mobile Safari/537.36"
122.96.33.74 - - [15/Dec/2020:15:50:03 +0800] "GET /js/echarts.min.js HTTP/1.1" 200 744675 "http://merp.yudo.com.cn:8183/Menu" "Mozilla/5.0 (Linux; Android 10; ELS-AN00 Build/HUAWEIELS-AN00; wv) AppleWebKit/537.36 (KHTML, like Gecko) Version/4.0 Chrome/78.0.3904.108 Mobile Safari/537.36"
122.96.33.74 - - [15/Dec/2020:15:50:03 +0800] "GET /js/Menu/Menu.js?v=200017 HTTP/1.1" 200 11548 "http://merp.yudo.com.cn:8183/Menu" "Mozilla/5.0 (Linux; Android 10; ELS-AN00 Build/HUAWEIELS-AN00; wv) AppleWebKit/537.36 (KHTML, like Gecko) Version/4.0 Chrome/78.0.3904.108 Mobile Safari/537.36"
211.138.116.48 - - [15/Dec/2020:15:50:02 +0800] "GET /third_party/jquery-2.1.4/jquery.js HTTP/1.1" 200 247606 "http://merp.yudo.com.cn:8183/Menu" "Mozilla/5.0 (Linux; Android 10; ALP-AL00 Build/HUAWEIALP-AL00; wv) AppleWebKit/537.36 (KHTML, like Gecko) Version/4.0 Chrome/83.0.4103.106 Mobile Safari/537.36"
211.138.116.48 - - [15/Dec/2020:15:50:03 +0800] "GET /js/mui.previewimage.js?v=201804261256 HTTP/1.1" 200 13324 "http://merp.yudo.com.cn:8183/Menu" "Mozilla/5.0 (Linux; Android 10; ALP-AL00 Build/HUAWEIALP-AL00; wv) AppleWebKit/537.36 (KHTML, like Gecko) Version/4.0 Chrome/83.0.4103.106 Mobile Safari/537.36"
211.138.116.48 - - [15/Dec/2020:15:50:02 +0800] "GET /js/mui.min.js?v=1001 HTTP/1.1" 200 115810 "http://merp.yudo.com.cn:8183/Menu" "Mozilla/5.0 (Linux; Android 10; ALP-AL00 Build/HUAWEIALP-AL00; wv) AppleWebKit/537.36 (KHTML, like Gecko) Version/4.0 Chrome/83.0.4103.106 Mobile Safari/537.36"
122.96.33.74 - - [15/Dec/2020:15:50:03 +0800] "GET /third_party/jquery-2.1.4/jquery.js HTTP/1.1" 200 247606 "http://merp.yudo.com.cn:8183/Menu" "Mozilla/5.0 (Linux; Android 10; ELS-AN00 Build/HUAWEIELS-AN00; wv) AppleWebKit/537.36 (KHTML, like Gecko) Version/4.0 Chrome/78.0.3904.108 Mobile Safari/537.36"
211.138.116.48 - - [15/Dec/2020:15:50:03 +0800] "GET /js/mui.zoom.js?v=201804231454 HTTP/1.1" 200 11703 "http://merp.yudo.com.cn:8183/Menu" "Mozilla/5.0 (Linux; Android 10; ALP-AL00 Build/HUAWEIALP-AL00; wv) AppleWebKit/537.36 (KHTML, like Gecko) Version/4.0 Chrome/83.0.4103.106 Mobile Safari/537.36"
211.138.116.48 - - [15/Dec/2020:15:50:04 +0800] "GET /js/mui.picker.min.js?v=1002 HTTP/1.1" 200 18411 "http://merp.yudo.com.cn:8183/Menu" "Mozilla/5.0 (Linux; Android 10; ALP-AL00 Build/HUAWEIALP-AL00; wv) AppleWebKit/537.36 (KHTML, like Gecko) Version/4.0 Chrome/83.0.4103.106 Mobile Safari/537.36"
211.138.116.48 - - [15/Dec/2020:15:50:04 +0800] "GET /js/fastclick.js HTTP/1.1" 200 25966 "http://merp.yudo.com.cn:8183/Menu" "Mozilla/5.0 (Linux; Android 10; ALP-AL00 Build/HUAWEIALP-AL00; wv) AppleWebKit/537.36 (KHTML, like Gecko) Version/4.0 Chrome/83.0.4103.106 Mobile Safari/537.36"
122.96.33.74 - - [15/Dec/2020:15:50:04 +0800] "GET /js/vue.js HTTP/1.1" 200 289301 "http://merp.yudo.com.cn:8183/Menu" "Mozilla/5.0 (Linux; Android 10; ELS-AN00 Build/HUAWEIELS-AN00; wv) AppleWebKit/537.36 (KHTML, like Gecko) Version/4.0 Chrome/78.0.3904.108 Mobile Safari/537.36"
211.138.116.48 - - [15/Dec/2020:15:50:02 +0800] "GET /js/vue.js HTTP/1.1" 200 289301 "http://merp.yudo.com.cn:8183/Menu" "Mozilla/5.0 (Linux; Android 10; ALP-AL00 Build/HUAWEIALP-AL00; wv) AppleWebKit/537.36 (KHTML, like Gecko) Version/4.0 Chrome/83.0.4103.106 Mobile Safari/537.36"
211.138.116.48 - - [15/Dec/2020:15:50:04 +0800] "GET /js/JLAMP.min.js HTTP/1.1" 200 1461 "http://merp.yudo.com.cn:8183/Menu" "Mozilla/5.0 (Linux; Android 10; ALP-AL00 Build/HUAWEIALP-AL00; wv) AppleWebKit/537.36 (KHTML, like Gecko) Version/4.0 Chrome/83.0.4103.106 Mobile Safari/537.36"
211.138.116.48 - - [15/Dec/2020:15:50:04 +0800] "GET /js/JLAMP.common.min.js HTTP/1.1" 200 9705 "http://merp.yudo.com.cn:8183/Menu" "Mozilla/5.0 (Linux; Android 10; ALP-AL00 Build/HUAWEIALP-AL00; wv) AppleWebKit/537.36 (KHTML, like Gecko) Version/4.0 Chrome/83.0.4103.106 Mobile Safari/537.36"
211.138.116.48 - - [15/Dec/2020:15:50:04 +0800] "GET /js/JLAMP.lang.min.js HTTP/1.1" 200 1750 "http://merp.yudo.com.cn:8183/Menu" "Mozilla/5.0 (Linux; Android 10; ALP-AL00 Build/HUAWEIALP-AL00; wv) AppleWebKit/537.36 (KHTML, like Gecko) Version/4.0 Chrome/83.0.4103.106 Mobile Safari/537.36"
122.96.33.74 - - [15/Dec/2020:15:50:04 +0800] "GET /image/fonticon/refresh_icon.png HTTP/1.1" 200 2550 "http://merp.yudo.com.cn:8183/css/yudo-ui.css?v=2016" "Mozilla/5.0 (Linux; Android 10; ELS-AN00 Build/HUAWEIELS-AN00; wv) AppleWebKit/537.36 (KHTML, like Gecko) Version/4.0 Chrome/78.0.3904.108 Mobile Safari/537.36"
122.96.33.74 - - [15/Dec/2020:15:50:04 +0800] "GET /image/fonticon/home_icon.png HTTP/1.1" 200 1180 "http://merp.yudo.com.cn:8183/css/yudo-ui.css?v=2016" "Mozilla/5.0 (Linux; Android 10; ELS-AN00 Build/HUAWEIELS-AN00; wv) AppleWebKit/537.36 (KHTML, like Gecko) Version/4.0 Chrome/78.0.3904.108 Mobile Safari/537.36"
122.96.33.74 - - [15/Dec/2020:15:50:04 +0800] "GET /image/fonticon/switchPass_icon.png HTTP/1.1" 200 1480 "http://merp.yudo.com.cn:8183/css/yudo-ui.css?v=2016" "Mozilla/5.0 (Linux; Android 10; ELS-AN00 Build/HUAWEIELS-AN00; wv) AppleWebKit/537.36 (KHTML, like Gecko) Version/4.0 Chrome/78.0.3904.108 Mobile Safari/537.36"
122.96.33.74 - - [15/Dec/2020:15:50:04 +0800] "GET /image/fonticon/connectRecord_icon.png HTTP/1.1" 200 1412 "http://merp.yudo.com.cn:8183/css/yudo-ui.css?v=2016" "Mozilla/5.0 (Linux; Android 10; ELS-AN00 Build/HUAWEIELS-AN00; wv) AppleWebKit/537.36 (KHTML, like Gecko) Version/4.0 Chrome/78.0.3904.108 Mobile Safari/537.36"
122.96.33.74 - - [15/Dec/2020:15:50:05 +0800] "GET /image/fonticon/cleanCache_icon.png HTTP/1.1" 200 951 "http://merp.yudo.com.cn:8183/css/yudo-ui.css?v=2016" "Mozilla/5.0 (Linux; Android 10; ELS-AN00 Build/HUAWEIELS-AN00; wv) AppleWebKit/537.36 (KHTML, like Gecko) Version/4.0 Chrome/78.0.3904.108 Mobile Safari/537.36"
122.96.33.74 - - [15/Dec/2020:15:50:05 +0800] "GET /image/fonticon/quit_icon.png HTTP/1.1" 200 1268 "http://merp.yudo.com.cn:8183/css/yudo-ui.css?v=2016" "Mozilla/5.0 (Linux; Android 10; ELS-AN00 Build/HUAWEIELS-AN00; wv) AppleWebKit/537.36 (KHTML, like Gecko) Version/4.0 Chrome/78.0.3904.108 Mobile Safari/537.36"
122.96.33.74 - - [15/Dec/2020:15:50:05 +0800] "GET /fonts/mui.ttf HTTP/1.1" 200 29884 "http://merp.yudo.com.cn:8183/css/mui.min.css?v=1012" "Mozilla/5.0 (Linux; Android 10; ELS-AN00 Build/HUAWEIELS-AN00; wv) AppleWebKit/537.36 (KHTML, like Gecko) Version/4.0 Chrome/78.0.3904.108 Mobile Safari/537.36"
122.96.33.74 - - [15/Dec/2020:15:50:05 +0800] "GET /image/fonticon/userMenu_icon.png HTTP/1.1" 200 412 "http://merp.yudo.com.cn:8183/css/yudo-ui.css?v=2016" "Mozilla/5.0 (Linux; Android 10; ELS-AN00 Build/HUAWEIELS-AN00; wv) AppleWebKit/537.36 (KHTML, like Gecko) Version/4.0 Chrome/78.0.3904.108 Mobile Safari/537.36"
122.96.33.74 - - [15/Dec/2020:15:50:05 +0800] "GET /image/fonticon/extend_icon.png HTTP/1.1" 200 731 "http://merp.yudo.com.cn:8183/css/yudo-ui.css?v=2016" "Mozilla/5.0 (Linux; Android 10; ELS-AN00 Build/HUAWEIELS-AN00; wv) AppleWebKit/537.36 (KHTML, like Gecko) Version/4.0 Chrome/78.0.3904.108 Mobile Safari/537.36"
211.138.116.48 - - [15/Dec/2020:15:50:05 +0800] "GET /js/Menu/Menu.js?v=200017 HTTP/1.1" 200 11548 "http://merp.yudo.com.cn:8183/Menu" "Mozilla/5.0 (Linux; Android 10; ALP-AL00 Build/HUAWEIALP-AL00; wv) AppleWebKit/537.36 (KHTML, like Gecko) Version/4.0 Chrome/83.0.4103.106 Mobile Safari/537.36"
122.96.33.74 - - [15/Dec/2020:15:50:05 +0800] "GET /language/LANG_CHN.json?beta=8099 HTTP/1.1" 200 32414 "http://merp.yudo.com.cn:8183/Menu" "Mozilla/5.0 (Linux; Android 10; ELS-AN00 Build/HUAWEIELS-AN00; wv) AppleWebKit/537.36 (KHTML, like Gecko) Version/4.0 Chrome/78.0.3904.108 Mobile Safari/537.36"
122.96.33.74 - - [15/Dec/2020:15:50:05 +0800] "GET /image/fonticon/dayTotal_icon.png HTTP/1.1" 200 4233 "http://merp.yudo.com.cn:8183/css/yudo-ui.css?v=2016" "Mozilla/5.0 (Linux; Android 10; ELS-AN00 Build/HUAWEIELS-AN00; wv) AppleWebKit/537.36 (KHTML, like Gecko) Version/4.0 Chrome/78.0.3904.108 Mobile Safari/537.36"
122.96.33.74 - - [15/Dec/2020:15:50:05 +0800] "GET /image/fonticon/markets_icon.png HTTP/1.1" 200 5705 "http://merp.yudo.com.cn:8183/css/yudo-ui.css?v=2016" "Mozilla/5.0 (Linux; Android 10; ELS-AN00 Build/HUAWEIELS-AN00; wv) AppleWebKit/537.36 (KHTML, like Gecko) Version/4.0 Chrome/78.0.3904.108 Mobile Safari/537.36"
211.138.116.48 - - [15/Dec/2020:15:50:05 +0800] "GET /image/fonticon/headDefault.jpg HTTP/1.1" 200 2436 "http://merp.yudo.com.cn:8183/Menu" "Mozilla/5.0 (Linux; Android 10; ALP-AL00 Build/HUAWEIALP-AL00; wv) AppleWebKit/537.36 (KHTML, like Gecko) Version/4.0 Chrome/83.0.4103.106 Mobile Safari/537.36"
122.96.33.74 - - [15/Dec/2020:15:50:05 +0800] "GET /image/fonticon/loading_icon6.png HTTP/1.1" 200 2555 "http://merp.yudo.com.cn:8183/css/mui.min.css?v=1012" "Mozilla/5.0 (Linux; Android 10; ELS-AN00 Build/HUAWEIELS-AN00; wv) AppleWebKit/537.36 (KHTML, like Gecko) Version/4.0 Chrome/78.0.3904.108 Mobile Safari/537.36"
211.138.116.48 - - [15/Dec/2020:15:50:03 +0800] "GET /js/echarts.min.js HTTP/1.1" 200 744675 "http://merp.yudo.com.cn:8183/Menu" "Mozilla/5.0 (Linux; Android 10; ALP-AL00 Build/HUAWEIALP-AL00; wv) AppleWebKit/537.36 (KHTML, like Gecko) Version/4.0 Chrome/83.0.4103.106 Mobile Safari/537.36"
122.96.33.74 - - [15/Dec/2020:15:50:05 +0800] "GET /image/yudo-01.png HTTP/1.1" 200 381770 "http://merp.yudo.com.cn:8183/Menu" "Mozilla/5.0 (Linux; Android 10; ELS-AN00 Build/HUAWEIELS-AN00; wv) AppleWebKit/537.36 (KHTML, like Gecko) Version/4.0 Chrome/78.0.3904.108 Mobile Safari/537.36"
211.138.116.48 - - [15/Dec/2020:15:50:05 +0800] "GET /image/login_logo.png HTTP/1.1" 200 3941 "http://merp.yudo.com.cn:8183/Menu" "Mozilla/5.0 (Linux; Android 10; ALP-AL00 Build/HUAWEIALP-AL00; wv) AppleWebKit/537.36 (KHTML, like Gecko) Version/4.0 Chrome/83.0.4103.106 Mobile Safari/537.36"
122.96.33.74 - - [15/Dec/2020:15:50:05 +0800] "GET /Menu/doMenuRows_prc?formKey=Menu HTTP/1.1" 200 1582 "http://merp.yudo.com.cn:8183/Menu" "Mozilla/5.0 (Linux; Android 10; ELS-AN00 Build/HUAWEIELS-AN00; wv) AppleWebKit/537.36 (KHTML, like Gecko) Version/4.0 Chrome/78.0.3904.108 Mobile Safari/537.36"
122.96.33.74 - - [15/Dec/2020:15:50:05 +0800] "GET /Menu/getVersionInfo HTTP/1.1" 200 394 "http://merp.yudo.com.cn:8183/Menu" "Mozilla/5.0 (Linux; Android 10; ELS-AN00 Build/HUAWEIELS-AN00; wv) AppleWebKit/537.36 (KHTML, like Gecko) Version/4.0 Chrome/78.0.3904.108 Mobile Safari/537.36"
122.96.33.74 - - [15/Dec/2020:15:50:05 +0800] "GET /Menu/getLoginInfo HTTP/1.1" 200 178 "http://merp.yudo.com.cn:8183/Menu" "Mozilla/5.0 (Linux; Android 10; ELS-AN00 Build/HUAWEIELS-AN00; wv) AppleWebKit/537.36 (KHTML, like Gecko) Version/4.0 Chrome/78.0.3904.108 Mobile Safari/537.36"
122.96.33.74 - - [15/Dec/2020:15:50:05 +0800] "GET /favicon.ico HTTP/1.1" 404 1476 "http://merp.yudo.com.cn:8183/Menu" "Mozilla/5.0 (Linux; Android 10; ELS-AN00 Build/HUAWEIELS-AN00; wv) AppleWebKit/537.36 (KHTML, like Gecko) Version/4.0 Chrome/78.0.3904.108 Mobile Safari/537.36"
211.138.116.48 - - [15/Dec/2020:15:50:05 +0800] "GET /image/fonticon/connectRecord_icon.png HTTP/1.1" 200 1412 "http://merp.yudo.com.cn:8183/css/yudo-ui.css?v=2016" "Mozilla/5.0 (Linux; Android 10; ALP-AL00 Build/HUAWEIALP-AL00; wv) AppleWebKit/537.36 (KHTML, like Gecko) Version/4.0 Chrome/83.0.4103.106 Mobile Safari/537.36"
211.138.116.48 - - [15/Dec/2020:15:50:05 +0800] "GET /image/fonticon/switchPass_icon.png HTTP/1.1" 200 1480 "http://merp.yudo.com.cn:8183/css/yudo-ui.css?v=2016" "Mozilla/5.0 (Linux; Android 10; ALP-AL00 Build/HUAWEIALP-AL00; wv) AppleWebKit/537.36 (KHTML, like Gecko) Version/4.0 Chrome/83.0.4103.106 Mobile Safari/537.36"
211.138.116.48 - - [15/Dec/2020:15:50:05 +0800] "GET /image/fonticon/home_icon.png HTTP/1.1" 200 1180 "http://merp.yudo.com.cn:8183/css/yudo-ui.css?v=2016" "Mozilla/5.0 (Linux; Android 10; ALP-AL00 Build/HUAWEIALP-AL00; wv) AppleWebKit/537.36 (KHTML, like Gecko) Version/4.0 Chrome/83.0.4103.106 Mobile Safari/537.36"
211.138.116.48 - - [15/Dec/2020:15:50:05 +0800] "GET /image/fonticon/refresh_icon.png HTTP/1.1" 200 2550 "http://merp.yudo.com.cn:8183/css/yudo-ui.css?v=2016" "Mozilla/5.0 (Linux; Android 10; ALP-AL00 Build/HUAWEIALP-AL00; wv) AppleWebKit/537.36 (KHTML, like Gecko) Version/4.0 Chrome/83.0.4103.106 Mobile Safari/537.36"
211.138.116.48 - - [15/Dec/2020:15:50:05 +0800] "GET /image/fonticon/quit_icon.png HTTP/1.1" 200 1268 "http://merp.yudo.com.cn:8183/css/yudo-ui.css?v=2016" "Mozilla/5.0 (Linux; Android 10; ALP-AL00 Build/HUAWEIALP-AL00; wv) AppleWebKit/537.36 (KHTML, like Gecko) Version/4.0 Chrome/83.0.4103.106 Mobile Safari/537.36"
211.138.116.48 - - [15/Dec/2020:15:50:05 +0800] "GET /fonts/mui.ttf HTTP/1.1" 200 29884 "http://merp.yudo.com.cn:8183/css/mui.min.css?v=1012" "Mozilla/5.0 (Linux; Android 10; ALP-AL00 Build/HUAWEIALP-AL00; wv) AppleWebKit/537.36 (KHTML, like Gecko) Version/4.0 Chrome/83.0.4103.106 Mobile Safari/537.36"
211.138.116.48 - - [15/Dec/2020:15:50:05 +0800] "GET /image/fonticon/userMenu_icon.png HTTP/1.1" 200 412 "http://merp.yudo.com.cn:8183/css/yudo-ui.css?v=2016" "Mozilla/5.0 (Linux; Android 10; ALP-AL00 Build/HUAWEIALP-AL00; wv) AppleWebKit/537.36 (KHTML, like Gecko) Version/4.0 Chrome/83.0.4103.106 Mobile Safari/537.36"
211.138.116.48 - - [15/Dec/2020:15:50:05 +0800] "GET /image/fonticon/extend_icon.png HTTP/1.1" 200 731 "http://merp.yudo.com.cn:8183/css/yudo-ui.css?v=2016" "Mozilla/5.0 (Linux; Android 10; ALP-AL00 Build/HUAWEIALP-AL00; wv) AppleWebKit/537.36 (KHTML, like Gecko) Version/4.0 Chrome/83.0.4103.106 Mobile Safari/537.36"
211.138.116.48 - - [15/Dec/2020:15:50:05 +0800] "GET /image/fonticon/cleanCache_icon.png HTTP/1.1" 200 951 "http://merp.yudo.com.cn:8183/css/yudo-ui.css?v=2016" "Mozilla/5.0 (Linux; Android 10; ALP-AL00 Build/HUAWEIALP-AL00; wv) AppleWebKit/537.36 (KHTML, like Gecko) Version/4.0 Chrome/83.0.4103.106 Mobile Safari/537.36"
211.138.116.48 - - [15/Dec/2020:15:50:06 +0800] "GET /language/LANG_CHN.json?beta=5520 HTTP/1.1" 200 32414 "http://merp.yudo.com.cn:8183/Menu" "Mozilla/5.0 (Linux; Android 10; ALP-AL00 Build/HUAWEIALP-AL00; wv) AppleWebKit/537.36 (KHTML, like Gecko) Version/4.0 Chrome/83.0.4103.106 Mobile Safari/537.36"
211.138.116.48 - - [15/Dec/2020:15:50:06 +0800] "GET /image/fonticon/salesPlan_icon.png HTTP/1.1" 200 5653 "http://merp.yudo.com.cn:8183/css/yudo-ui.css?v=2016" "Mozilla/5.0 (Linux; Android 10; ALP-AL00 Build/HUAWEIALP-AL00; wv) AppleWebKit/537.36 (KHTML, like Gecko) Version/4.0 Chrome/83.0.4103.106 Mobile Safari/537.36"
211.138.116.48 - - [15/Dec/2020:15:50:06 +0800] "GET /image/fonticon/as_icon.png HTTP/1.1" 200 5008 "http://merp.yudo.com.cn:8183/css/yudo-ui.css?v=2016" "Mozilla/5.0 (Linux; Android 10; ALP-AL00 Build/HUAWEIALP-AL00; wv) AppleWebKit/537.36 (KHTML, like Gecko) Version/4.0 Chrome/83.0.4103.106 Mobile Safari/537.36"
211.138.116.48 - - [15/Dec/2020:15:50:06 +0800] "GET /image/fonticon/loading_icon6.png HTTP/1.1" 200 2555 "http://merp.yudo.com.cn:8183/css/mui.min.css?v=1012" "Mozilla/5.0 (Linux; Android 10; ALP-AL00 Build/HUAWEIALP-AL00; wv) AppleWebKit/537.36 (KHTML, like Gecko) Version/4.0 Chrome/83.0.4103.106 Mobile Safari/537.36"
211.138.116.48 - - [15/Dec/2020:15:50:06 +0800] "GET /Menu/doMenuRows_prc?formKey=Menu HTTP/1.1" 200 331 "http://merp.yudo.com.cn:8183/Menu" "Mozilla/5.0 (Linux; Android 10; ALP-AL00 Build/HUAWEIALP-AL00; wv) AppleWebKit/537.36 (KHTML, like Gecko) Version/4.0 Chrome/83.0.4103.106 Mobile Safari/537.36"
211.138.116.48 - - [15/Dec/2020:15:50:06 +0800] "GET /Menu/getVersionInfo HTTP/1.1" 200 394 "http://merp.yudo.com.cn:8183/Menu" "Mozilla/5.0 (Linux; Android 10; ALP-AL00 Build/HUAWEIALP-AL00; wv) AppleWebKit/537.36 (KHTML, like Gecko) Version/4.0 Chrome/83.0.4103.106 Mobile Safari/537.36"
211.138.116.48 - - [15/Dec/2020:15:50:06 +0800] "GET /image/yudo-01.png HTTP/1.1" 200 381770 "http://merp.yudo.com.cn:8183/Menu" "Mozilla/5.0 (Linux; Android 10; ALP-AL00 Build/HUAWEIALP-AL00; wv) AppleWebKit/537.36 (KHTML, like Gecko) Version/4.0 Chrome/83.0.4103.106 Mobile Safari/537.36"
211.138.116.48 - - [15/Dec/2020:15:50:06 +0800] "GET /Menu/getLoginInfo HTTP/1.1" 200 166 "http://merp.yudo.com.cn:8183/Menu" "Mozilla/5.0 (Linux; Android 10; ALP-AL00 Build/HUAWEIALP-AL00; wv) AppleWebKit/537.36 (KHTML, like Gecko) Version/4.0 Chrome/83.0.4103.106 Mobile Safari/537.36"
