192.168.253.2 - - [24/Dec/2018:09:25:16 +0800] "GET /WEI_2100/systemclass_mini_prc?bigsysid=SA10340020&minisysid=supplyscope_c1 HTTP/1.1" 200 1053 "http://merp.yudo.com.cn:8183/WEI_2100/WEI_2100?formKey=M20181224T092039333&menuSelection=asm" "Mozilla/5.0 (iPhone; CPU iPhone OS 11_0 like Mac OS X) AppleWebKit/604.1.38 (KHTML, like Gecko) Mobile/15A372JLAMPMode:iPhone"
192.168.253.2 - - [24/Dec/2018:09:25:16 +0800] "GET /WEI_2100/systemclass_mini_prc?bigsysid=SA10350061&minisysid=supplyscope_c2 HTTP/1.1" 200 99 "http://merp.yudo.com.cn:8183/WEI_2100/WEI_2100?formKey=M20181224T092039333&menuSelection=asm" "Mozilla/5.0 (iPhone; CPU iPhone OS 11_0 like Mac OS X) AppleWebKit/604.1.38 (KHTML, like Gecko) Mobile/15A372JLAMPMode:iPhone"
192.168.253.2 - - [24/Dec/2018:09:25:16 +0800] "GET /WEI_2100/systemclass_mini_prc?bigsysid=SA10370329&minisysid=supplyscope_c4 HTTP/1.1" 200 137 "http://merp.yudo.com.cn:8183/WEI_2100/WEI_2100?formKey=M20181224T092039333&menuSelection=asm" "Mozilla/5.0 (iPhone; CPU iPhone OS 11_0 like Mac OS X) AppleWebKit/604.1.38 (KHTML, like Gecko) Mobile/15A372JLAMPMode:iPhone"
192.168.253.2 - - [24/Dec/2018:09:25:16 +0800] "GET /WEI_2100/systemclass_mini_prc?bigsysid=SA10380506&minisysid=supplyscope_c5 HTTP/1.1" 200 241 "http://merp.yudo.com.cn:8183/WEI_2100/WEI_2100?formKey=M20181224T092039333&menuSelection=asm" "Mozilla/5.0 (iPhone; CPU iPhone OS 11_0 like Mac OS X) AppleWebKit/604.1.38 (KHTML, like Gecko) Mobile/15A372JLAMPMode:iPhone"
192.168.253.2 - - [24/Dec/2018:09:25:16 +0800] "GET /WEI_2100/systemclass_mini_prc?bigsysid=SA10360108&minisysid=supplyscope_c3 HTTP/1.1" 200 202 "http://merp.yudo.com.cn:8183/WEI_2100/WEI_2100?formKey=M20181224T092039333&menuSelection=asm" "Mozilla/5.0 (iPhone; CPU iPhone OS 11_0 like Mac OS X) AppleWebKit/604.1.38 (KHTML, like Gecko) Mobile/15A372JLAMPMode:iPhone"
::1 - - [24/Dec/2018:09:25:23 +0800] "OPTIONS * HTTP/1.0" 200 - "-" "Apache/2.4.6 (CentOS) PHP/5.6.32 (internal dummy connection)"
117.136.68.142 - - [24/Dec/2018:09:25:33 +0800] "GET /WEI_2100/as_minute?asid=2018120878 HTTP/1.1" 200 1686 "http://merp.yudo.com.cn:8183/WEI_2100/WEI_2100?formKey=M20181224T092247840&menuSelection=asm" "Mozilla/5.0 (Linux; Android 8.1.0; COL-AL10 Build/HUAWEICOL-AL10; wv) AppleWebKit/537.36 (KHTML, like Gecko) Version/4.0 Chrome/68.0.3440.91 Mobile Safari/537.36"
117.136.68.142 - - [24/Dec/2018:09:25:33 +0800] "GET /WEI_2100/as_minute_table?asid=2018120878 HTTP/1.1" 200 349 "http://merp.yudo.com.cn:8183/WEI_2100/WEI_2100?formKey=M20181224T092247840&menuSelection=asm" "Mozilla/5.0 (Linux; Android 8.1.0; COL-AL10 Build/HUAWEICOL-AL10; wv) AppleWebKit/537.36 (KHTML, like Gecko) Version/4.0 Chrome/68.0.3440.91 Mobile Safari/537.36"
117.136.68.142 - - [24/Dec/2018:09:25:34 +0800] "GET /WEI_2100/systemclass_mini_prc?bigsysid=AS10110010&minisysid=ascause_c HTTP/1.1" 200 869 "http://merp.yudo.com.cn:8183/WEI_2100/WEI_2100?formKey=M20181224T092247840&menuSelection=asm" "Mozilla/5.0 (Linux; Android 8.1.0; COL-AL10 Build/HUAWEICOL-AL10; wv) AppleWebKit/537.36 (KHTML, like Gecko) Version/4.0 Chrome/68.0.3440.91 Mobile Safari/537.36"
117.136.68.142 - - [24/Dec/2018:09:25:34 +0800] "GET /WEI_2100/systemclass_mini_prc?bigsysid=AS10060010&minisysid=asclass1_c HTTP/1.1" 200 2504 "http://merp.yudo.com.cn:8183/WEI_2100/WEI_2100?formKey=M20181224T092247840&menuSelection=asm" "Mozilla/5.0 (Linux; Android 8.1.0; COL-AL10 Build/HUAWEICOL-AL10; wv) AppleWebKit/537.36 (KHTML, like Gecko) Version/4.0 Chrome/68.0.3440.91 Mobile Safari/537.36"
117.136.68.142 - - [24/Dec/2018:09:25:34 +0800] "GET /WEI_2100/systemclass_mini_prc?bigsysid=SA10350052&minisysid=supplyscope_c2 HTTP/1.1" 200 99 "http://merp.yudo.com.cn:8183/WEI_2100/WEI_2100?formKey=M20181224T092247840&menuSelection=asm" "Mozilla/5.0 (Linux; Android 8.1.0; COL-AL10 Build/HUAWEICOL-AL10; wv) AppleWebKit/537.36 (KHTML, like Gecko) Version/4.0 Chrome/68.0.3440.91 Mobile Safari/537.36"
117.136.68.142 - - [24/Dec/2018:09:25:34 +0800] "GET /WEI_2100/systemclass_mini_prc?bigsysid=SA10380332&minisysid=supplyscope_c5 HTTP/1.1" 200 99 "http://merp.yudo.com.cn:8183/WEI_2100/WEI_2100?formKey=M20181224T092247840&menuSelection=asm" "Mozilla/5.0 (Linux; Android 8.1.0; COL-AL10 Build/HUAWEICOL-AL10; wv) AppleWebKit/537.36 (KHTML, like Gecko) Version/4.0 Chrome/68.0.3440.91 Mobile Safari/537.36"
117.136.68.142 - - [24/Dec/2018:09:25:34 +0800] "GET /WEI_2100/systemclass_mini_prc?bigsysid=SA10370224&minisysid=supplyscope_c4 HTTP/1.1" 200 99 "http://merp.yudo.com.cn:8183/WEI_2100/WEI_2100?formKey=M20181224T092247840&menuSelection=asm" "Mozilla/5.0 (Linux; Android 8.1.0; COL-AL10 Build/HUAWEICOL-AL10; wv) AppleWebKit/537.36 (KHTML, like Gecko) Version/4.0 Chrome/68.0.3440.91 Mobile Safari/537.36"
117.136.68.142 - - [24/Dec/2018:09:25:34 +0800] "GET /WEI_2100/systemclass_mini_prc?bigsysid=SA10340050&minisysid=supplyscope_c1 HTTP/1.1" 200 140 "http://merp.yudo.com.cn:8183/WEI_2100/WEI_2100?formKey=M20181224T092247840&menuSelection=asm" "Mozilla/5.0 (Linux; Android 8.1.0; COL-AL10 Build/HUAWEICOL-AL10; wv) AppleWebKit/537.36 (KHTML, like Gecko) Version/4.0 Chrome/68.0.3440.91 Mobile Safari/537.36"
117.136.68.142 - - [24/Dec/2018:09:25:34 +0800] "GET /WEI_2100/systemclass_mini_prc?bigsysid=SA10360076&minisysid=supplyscope_c3 HTTP/1.1" 200 596 "http://merp.yudo.com.cn:8183/WEI_2100/WEI_2100?formKey=M20181224T092247840&menuSelection=asm" "Mozilla/5.0 (Linux; Android 8.1.0; COL-AL10 Build/HUAWEICOL-AL10; wv) AppleWebKit/537.36 (KHTML, like Gecko) Version/4.0 Chrome/68.0.3440.91 Mobile Safari/537.36"
::1 - - [24/Dec/2018:09:25:44 +0800] "OPTIONS * HTTP/1.0" 200 - "-" "Apache/2.4.6 (CentOS) PHP/5.6.32 (internal dummy connection)"
117.136.68.142 - - [24/Dec/2018:09:25:47 +0800] "POST /WEI_2100/subAdjudication HTTP/1.1" 200 102 "http://merp.yudo.com.cn:8183/WEI_2100/WEI_2100?formKey=M20181224T092247840&menuSelection=asm" "Mozilla/5.0 (Linux; Android 8.1.0; COL-AL10 Build/HUAWEICOL-AL10; wv) AppleWebKit/537.36 (KHTML, like Gecko) Version/4.0 Chrome/68.0.3440.91 Mobile Safari/537.36"
117.136.68.142 - - [24/Dec/2018:09:25:56 +0800] "POST /WEI_2100/subAdjudication HTTP/1.1" 200 102 "http://merp.yudo.com.cn:8183/WEI_2100/WEI_2100?formKey=M20181224T092247840&menuSelection=asm" "Mozilla/5.0 (Linux; Android 8.1.0; COL-AL10 Build/HUAWEICOL-AL10; wv) AppleWebKit/537.36 (KHTML, like Gecko) Version/4.0 Chrome/68.0.3440.91 Mobile Safari/537.36"
192.168.253.2 - - [24/Dec/2018:09:26:32 +0800] "GET /WEI_2100/as_minute?asid=2018120926 HTTP/1.1" 200 2606 "http://merp.yudo.com.cn:8183/WEI_2100/WEI_2100?formKey=M20181224T092039333&menuSelection=asm" "Mozilla/5.0 (iPhone; CPU iPhone OS 11_0 like Mac OS X) AppleWebKit/604.1.38 (KHTML, like Gecko) Mobile/15A372JLAMPMode:iPhone"
192.168.253.2 - - [24/Dec/2018:09:26:32 +0800] "GET /WEI_2100/as_minute_table?asid=2018120926 HTTP/1.1" 200 1274 "http://merp.yudo.com.cn:8183/WEI_2100/WEI_2100?formKey=M20181224T092039333&menuSelection=asm" "Mozilla/5.0 (iPhone; CPU iPhone OS 11_0 like Mac OS X) AppleWebKit/604.1.38 (KHTML, like Gecko) Mobile/15A372JLAMPMode:iPhone"
192.168.253.2 - - [24/Dec/2018:09:26:33 +0800] "GET /WEI_2100/systemclass_mini_prc?bigsysid=AS10060040&minisysid=asclass1_c HTTP/1.1" 200 2730 "http://merp.yudo.com.cn:8183/WEI_2100/WEI_2100?formKey=M20181224T092039333&menuSelection=asm" "Mozilla/5.0 (iPhone; CPU iPhone OS 11_0 like Mac OS X) AppleWebKit/604.1.38 (KHTML, like Gecko) Mobile/15A372JLAMPMode:iPhone"
192.168.253.2 - - [24/Dec/2018:09:26:33 +0800] "GET /WEI_2100/systemclass_mini_prc?bigsysid=AS10110030&minisysid=ascause_c HTTP/1.1" 200 119 "http://merp.yudo.com.cn:8183/WEI_2100/WEI_2100?formKey=M20181224T092039333&menuSelection=asm" "Mozilla/5.0 (iPhone; CPU iPhone OS 11_0 like Mac OS X) AppleWebKit/604.1.38 (KHTML, like Gecko) Mobile/15A372JLAMPMode:iPhone"
192.168.253.2 - - [24/Dec/2018:09:26:33 +0800] "GET /WEI_2100/systemclass_mini_prc?bigsysid=SA10350061&minisysid=supplyscope_c2 HTTP/1.1" 200 99 "http://merp.yudo.com.cn:8183/WEI_2100/WEI_2100?formKey=M20181224T092039333&menuSelection=asm" "Mozilla/5.0 (iPhone; CPU iPhone OS 11_0 like Mac OS X) AppleWebKit/604.1.38 (KHTML, like Gecko) Mobile/15A372JLAMPMode:iPhone"
117.136.68.142 - - [24/Dec/2018:09:26:34 +0800] "GET /WEI_2100/as_prc?asid=2018122281&custnm=&startDate=2018-12-01&endDate=2018-12-24&ascount=0 HTTP/1.1" 200 295 "http://merp.yudo.com.cn:8183/WEI_2100/WEI_2100?formKey=M20181224T092247840&menuSelection=asm" "Mozilla/5.0 (Linux; Android 8.1.0; COL-AL10 Build/HUAWEICOL-AL10; wv) AppleWebKit/537.36 (KHTML, like Gecko) Version/4.0 Chrome/68.0.3440.91 Mobile Safari/537.36"
192.168.253.2 - - [24/Dec/2018:09:26:35 +0800] "GET /WEI_2100/systemclass_mini_prc?bigsysid=SA10380506&minisysid=supplyscope_c5 HTTP/1.1" 200 241 "http://merp.yudo.com.cn:8183/WEI_2100/WEI_2100?formKey=M20181224T092039333&menuSelection=asm" "Mozilla/5.0 (iPhone; CPU iPhone OS 11_0 like Mac OS X) AppleWebKit/604.1.38 (KHTML, like Gecko) Mobile/15A372JLAMPMode:iPhone"
192.168.253.2 - - [24/Dec/2018:09:26:33 +0800] "GET /WEI_2100/systemclass_mini_prc?bigsysid=SA10340020&minisysid=supplyscope_c1 HTTP/1.1" 200 1053 "http://merp.yudo.com.cn:8183/WEI_2100/WEI_2100?formKey=M20181224T092039333&menuSelection=asm" "Mozilla/5.0 (iPhone; CPU iPhone OS 11_0 like Mac OS X) AppleWebKit/604.1.38 (KHTML, like Gecko) Mobile/15A372JLAMPMode:iPhone"
192.168.253.2 - - [24/Dec/2018:09:26:33 +0800] "GET /WEI_2100/systemclass_mini_prc?bigsysid=SA10370329&minisysid=supplyscope_c4 HTTP/1.1" 200 137 "http://merp.yudo.com.cn:8183/WEI_2100/WEI_2100?formKey=M20181224T092039333&menuSelection=asm" "Mozilla/5.0 (iPhone; CPU iPhone OS 11_0 like Mac OS X) AppleWebKit/604.1.38 (KHTML, like Gecko) Mobile/15A372JLAMPMode:iPhone"
192.168.253.2 - - [24/Dec/2018:09:26:33 +0800] "GET /WEI_2100/systemclass_mini_prc?bigsysid=SA10360108&minisysid=supplyscope_c3 HTTP/1.1" 200 202 "http://merp.yudo.com.cn:8183/WEI_2100/WEI_2100?formKey=M20181224T092039333&menuSelection=asm" "Mozilla/5.0 (iPhone; CPU iPhone OS 11_0 like Mac OS X) AppleWebKit/604.1.38 (KHTML, like Gecko) Mobile/15A372JLAMPMode:iPhone"
117.136.68.142 - - [24/Dec/2018:09:26:37 +0800] "GET /WEI_2100/as_minute?asid=2018120878 HTTP/1.1" 200 1686 "http://merp.yudo.com.cn:8183/WEI_2100/WEI_2100?formKey=M20181224T092247840&menuSelection=asm" "Mozilla/5.0 (Linux; Android 8.1.0; COL-AL10 Build/HUAWEICOL-AL10; wv) AppleWebKit/537.36 (KHTML, like Gecko) Version/4.0 Chrome/68.0.3440.91 Mobile Safari/537.36"
117.136.68.142 - - [24/Dec/2018:09:26:37 +0800] "GET /WEI_2100/as_minute_table?asid=2018120878 HTTP/1.1" 200 349 "http://merp.yudo.com.cn:8183/WEI_2100/WEI_2100?formKey=M20181224T092247840&menuSelection=asm" "Mozilla/5.0 (Linux; Android 8.1.0; COL-AL10 Build/HUAWEICOL-AL10; wv) AppleWebKit/537.36 (KHTML, like Gecko) Version/4.0 Chrome/68.0.3440.91 Mobile Safari/537.36"
117.136.68.142 - - [24/Dec/2018:09:26:38 +0800] "GET /WEI_2100/systemclass_mini_prc?bigsysid=AS10110010&minisysid=ascause_c HTTP/1.1" 200 869 "http://merp.yudo.com.cn:8183/WEI_2100/WEI_2100?formKey=M20181224T092247840&menuSelection=asm" "Mozilla/5.0 (Linux; Android 8.1.0; COL-AL10 Build/HUAWEICOL-AL10; wv) AppleWebKit/537.36 (KHTML, like Gecko) Version/4.0 Chrome/68.0.3440.91 Mobile Safari/537.36"
117.136.68.142 - - [24/Dec/2018:09:26:38 +0800] "GET /WEI_2100/systemclass_mini_prc?bigsysid=SA10370224&minisysid=supplyscope_c4 HTTP/1.1" 200 99 "http://merp.yudo.com.cn:8183/WEI_2100/WEI_2100?formKey=M20181224T092247840&menuSelection=asm" "Mozilla/5.0 (Linux; Android 8.1.0; COL-AL10 Build/HUAWEICOL-AL10; wv) AppleWebKit/537.36 (KHTML, like Gecko) Version/4.0 Chrome/68.0.3440.91 Mobile Safari/537.36"
117.136.68.142 - - [24/Dec/2018:09:26:39 +0800] "GET /WEI_2100/systemclass_mini_prc?bigsysid=SA10380332&minisysid=supplyscope_c5 HTTP/1.1" 200 99 "http://merp.yudo.com.cn:8183/WEI_2100/WEI_2100?formKey=M20181224T092247840&menuSelection=asm" "Mozilla/5.0 (Linux; Android 8.1.0; COL-AL10 Build/HUAWEICOL-AL10; wv) AppleWebKit/537.36 (KHTML, like Gecko) Version/4.0 Chrome/68.0.3440.91 Mobile Safari/537.36"
117.136.68.142 - - [24/Dec/2018:09:26:38 +0800] "GET /WEI_2100/systemclass_mini_prc?bigsysid=AS10060010&minisysid=asclass1_c HTTP/1.1" 200 2504 "http://merp.yudo.com.cn:8183/WEI_2100/WEI_2100?formKey=M20181224T092247840&menuSelection=asm" "Mozilla/5.0 (Linux; Android 8.1.0; COL-AL10 Build/HUAWEICOL-AL10; wv) AppleWebKit/537.36 (KHTML, like Gecko) Version/4.0 Chrome/68.0.3440.91 Mobile Safari/537.36"
117.136.68.142 - - [24/Dec/2018:09:26:38 +0800] "GET /WEI_2100/systemclass_mini_prc?bigsysid=SA10360076&minisysid=supplyscope_c3 HTTP/1.1" 200 596 "http://merp.yudo.com.cn:8183/WEI_2100/WEI_2100?formKey=M20181224T092247840&menuSelection=asm" "Mozilla/5.0 (Linux; Android 8.1.0; COL-AL10 Build/HUAWEICOL-AL10; wv) AppleWebKit/537.36 (KHTML, like Gecko) Version/4.0 Chrome/68.0.3440.91 Mobile Safari/537.36"
117.136.68.142 - - [24/Dec/2018:09:26:38 +0800] "GET /WEI_2100/systemclass_mini_prc?bigsysid=SA10350052&minisysid=supplyscope_c2 HTTP/1.1" 200 99 "http://merp.yudo.com.cn:8183/WEI_2100/WEI_2100?formKey=M20181224T092247840&menuSelection=asm" "Mozilla/5.0 (Linux; Android 8.1.0; COL-AL10 Build/HUAWEICOL-AL10; wv) AppleWebKit/537.36 (KHTML, like Gecko) Version/4.0 Chrome/68.0.3440.91 Mobile Safari/537.36"
117.136.68.142 - - [24/Dec/2018:09:26:38 +0800] "GET /WEI_2100/systemclass_mini_prc?bigsysid=SA10340050&minisysid=supplyscope_c1 HTTP/1.1" 200 140 "http://merp.yudo.com.cn:8183/WEI_2100/WEI_2100?formKey=M20181224T092247840&menuSelection=asm" "Mozilla/5.0 (Linux; Android 8.1.0; COL-AL10 Build/HUAWEICOL-AL10; wv) AppleWebKit/537.36 (KHTML, like Gecko) Version/4.0 Chrome/68.0.3440.91 Mobile Safari/537.36"
::1 - - [24/Dec/2018:09:26:42 +0800] "OPTIONS * HTTP/1.0" 200 - "-" "Apache/2.4.6 (CentOS) PHP/5.6.32 (internal dummy connection)"
::1 - - [24/Dec/2018:09:26:43 +0800] "OPTIONS * HTTP/1.0" 200 - "-" "Apache/2.4.6 (CentOS) PHP/5.6.32 (internal dummy connection)"
::1 - - [24/Dec/2018:09:26:44 +0800] "OPTIONS * HTTP/1.0" 200 - "-" "Apache/2.4.6 (CentOS) PHP/5.6.32 (internal dummy connection)"
::1 - - [24/Dec/2018:09:26:47 +0800] "OPTIONS * HTTP/1.0" 200 - "-" "Apache/2.4.6 (CentOS) PHP/5.6.32 (internal dummy connection)"
::1 - - [24/Dec/2018:09:26:48 +0800] "OPTIONS * HTTP/1.0" 200 - "-" "Apache/2.4.6 (CentOS) PHP/5.6.32 (internal dummy connection)"
::1 - - [24/Dec/2018:09:26:49 +0800] "OPTIONS * HTTP/1.0" 200 - "-" "Apache/2.4.6 (CentOS) PHP/5.6.32 (internal dummy connection)"
::1 - - [24/Dec/2018:09:26:50 +0800] "OPTIONS * HTTP/1.0" 200 - "-" "Apache/2.4.6 (CentOS) PHP/5.6.32 (internal dummy connection)"
::1 - - [24/Dec/2018:09:26:51 +0800] "OPTIONS * HTTP/1.0" 200 - "-" "Apache/2.4.6 (CentOS) PHP/5.6.32 (internal dummy connection)"
::1 - - [24/Dec/2018:09:26:52 +0800] "OPTIONS * HTTP/1.0" 200 - "-" "Apache/2.4.6 (CentOS) PHP/5.6.32 (internal dummy connection)"
117.136.68.142 - - [24/Dec/2018:09:26:55 +0800] "GET /WEI_2100/as_prc?asid=2018122281&custnm=&startDate=2018-12-01&endDate=2018-12-24&ascount=0 HTTP/1.1" 200 295 "http://merp.yudo.com.cn:8183/WEI_2100/WEI_2100?formKey=M20181224T092247840&menuSelection=asm" "Mozilla/5.0 (Linux; Android 8.1.0; COL-AL10 Build/HUAWEICOL-AL10; wv) AppleWebKit/537.36 (KHTML, like Gecko) Version/4.0 Chrome/68.0.3440.91 Mobile Safari/537.36"
192.168.253.2 - - [24/Dec/2018:09:26:55 +0800] "GET /WEI_2100/login_user HTTP/1.1" 200 155 "http://merp.yudo.com.cn:8183/WEI_2100/WEI_2100?formKey=M20181224T092039333&menuSelection=asm" "Mozilla/5.0 (iPhone; CPU iPhone OS 11_0 like Mac OS X) AppleWebKit/604.1.38 (KHTML, like Gecko) Mobile/15A372JLAMPMode:iPhone"
117.136.68.142 - - [24/Dec/2018:09:26:57 +0800] "GET /WEI_2100/login_user HTTP/1.1" 200 155 "http://merp.yudo.com.cn:8183/WEI_2100/WEI_2100?formKey=M20181224T092247840&menuSelection=asm" "Mozilla/5.0 (Linux; Android 8.1.0; COL-AL10 Build/HUAWEICOL-AL10; wv) AppleWebKit/537.36 (KHTML, like Gecko) Version/4.0 Chrome/68.0.3440.91 Mobile Safari/537.36"
117.136.68.142 - - [24/Dec/2018:09:27:03 +0800] "GET /WEI_2100/login_user HTTP/1.1" 200 155 "http://merp.yudo.com.cn:8183/WEI_2100/WEI_2100?formKey=M20181224T092247840&menuSelection=asm" "Mozilla/5.0 (Linux; Android 8.1.0; COL-AL10 Build/HUAWEICOL-AL10; wv) AppleWebKit/537.36 (KHTML, like Gecko) Version/4.0 Chrome/68.0.3440.91 Mobile Safari/537.36"
117.136.68.142 - - [24/Dec/2018:09:28:08 +0800] "GET /WEI_2100/as_minute?asid=2018120878 HTTP/1.1" 200 1686 "http://merp.yudo.com.cn:8183/WEI_2100/WEI_2100?formKey=M20181224T092247840&menuSelection=asm" "Mozilla/5.0 (Linux; Android 8.1.0; COL-AL10 Build/HUAWEICOL-AL10; wv) AppleWebKit/537.36 (KHTML, like Gecko) Version/4.0 Chrome/68.0.3440.91 Mobile Safari/537.36"
117.136.68.142 - - [24/Dec/2018:09:28:08 +0800] "GET /WEI_2100/as_minute_table?asid=2018120878 HTTP/1.1" 200 349 "http://merp.yudo.com.cn:8183/WEI_2100/WEI_2100?formKey=M20181224T092247840&menuSelection=asm" "Mozilla/5.0 (Linux; Android 8.1.0; COL-AL10 Build/HUAWEICOL-AL10; wv) AppleWebKit/537.36 (KHTML, like Gecko) Version/4.0 Chrome/68.0.3440.91 Mobile Safari/537.36"
117.136.68.142 - - [24/Dec/2018:09:28:09 +0800] "GET /WEI_2100/systemclass_mini_prc?bigsysid=AS10110010&minisysid=ascause_c HTTP/1.1" 200 869 "http://merp.yudo.com.cn:8183/WEI_2100/WEI_2100?formKey=M20181224T092247840&menuSelection=asm" "Mozilla/5.0 (Linux; Android 8.1.0; COL-AL10 Build/HUAWEICOL-AL10; wv) AppleWebKit/537.36 (KHTML, like Gecko) Version/4.0 Chrome/68.0.3440.91 Mobile Safari/537.36"
117.136.68.142 - - [24/Dec/2018:09:28:09 +0800] "GET /WEI_2100/systemclass_mini_prc?bigsysid=AS10060010&minisysid=asclass1_c HTTP/1.1" 200 2504 "http://merp.yudo.com.cn:8183/WEI_2100/WEI_2100?formKey=M20181224T092247840&menuSelection=asm" "Mozilla/5.0 (Linux; Android 8.1.0; COL-AL10 Build/HUAWEICOL-AL10; wv) AppleWebKit/537.36 (KHTML, like Gecko) Version/4.0 Chrome/68.0.3440.91 Mobile Safari/537.36"
117.136.68.142 - - [24/Dec/2018:09:28:09 +0800] "GET /WEI_2100/systemclass_mini_prc?bigsysid=SA10340050&minisysid=supplyscope_c1 HTTP/1.1" 200 140 "http://merp.yudo.com.cn:8183/WEI_2100/WEI_2100?formKey=M20181224T092247840&menuSelection=asm" "Mozilla/5.0 (Linux; Android 8.1.0; COL-AL10 Build/HUAWEICOL-AL10; wv) AppleWebKit/537.36 (KHTML, like Gecko) Version/4.0 Chrome/68.0.3440.91 Mobile Safari/537.36"
117.136.68.142 - - [24/Dec/2018:09:28:09 +0800] "GET /WEI_2100/systemclass_mini_prc?bigsysid=SA10370224&minisysid=supplyscope_c4 HTTP/1.1" 200 99 "http://merp.yudo.com.cn:8183/WEI_2100/WEI_2100?formKey=M20181224T092247840&menuSelection=asm" "Mozilla/5.0 (Linux; Android 8.1.0; COL-AL10 Build/HUAWEICOL-AL10; wv) AppleWebKit/537.36 (KHTML, like Gecko) Version/4.0 Chrome/68.0.3440.91 Mobile Safari/537.36"
117.136.68.142 - - [24/Dec/2018:09:28:09 +0800] "GET /WEI_2100/systemclass_mini_prc?bigsysid=SA10350052&minisysid=supplyscope_c2 HTTP/1.1" 200 99 "http://merp.yudo.com.cn:8183/WEI_2100/WEI_2100?formKey=M20181224T092247840&menuSelection=asm" "Mozilla/5.0 (Linux; Android 8.1.0; COL-AL10 Build/HUAWEICOL-AL10; wv) AppleWebKit/537.36 (KHTML, like Gecko) Version/4.0 Chrome/68.0.3440.91 Mobile Safari/537.36"
117.136.68.142 - - [24/Dec/2018:09:28:09 +0800] "GET /WEI_2100/systemclass_mini_prc?bigsysid=SA10360076&minisysid=supplyscope_c3 HTTP/1.1" 200 596 "http://merp.yudo.com.cn:8183/WEI_2100/WEI_2100?formKey=M20181224T092247840&menuSelection=asm" "Mozilla/5.0 (Linux; Android 8.1.0; COL-AL10 Build/HUAWEICOL-AL10; wv) AppleWebKit/537.36 (KHTML, like Gecko) Version/4.0 Chrome/68.0.3440.91 Mobile Safari/537.36"
117.136.68.142 - - [24/Dec/2018:09:28:10 +0800] "GET /WEI_2100/systemclass_mini_prc?bigsysid=SA10380332&minisysid=supplyscope_c5 HTTP/1.1" 200 99 "http://merp.yudo.com.cn:8183/WEI_2100/WEI_2100?formKey=M20181224T092247840&menuSelection=asm" "Mozilla/5.0 (Linux; Android 8.1.0; COL-AL10 Build/HUAWEICOL-AL10; wv) AppleWebKit/537.36 (KHTML, like Gecko) Version/4.0 Chrome/68.0.3440.91 Mobile Safari/537.36"
::1 - - [24/Dec/2018:09:28:18 +0800] "OPTIONS * HTTP/1.0" 200 - "-" "Apache/2.4.6 (CentOS) PHP/5.6.32 (internal dummy connection)"
117.136.68.142 - - [24/Dec/2018:09:30:19 +0800] "GET /WEI_2100/as_minute?asid=2018120878 HTTP/1.1" 200 1686 "http://merp.yudo.com.cn:8183/WEI_2100/WEI_2100?formKey=M20181224T092247840&menuSelection=asm" "Mozilla/5.0 (Linux; Android 8.1.0; COL-AL10 Build/HUAWEICOL-AL10; wv) AppleWebKit/537.36 (KHTML, like Gecko) Version/4.0 Chrome/68.0.3440.91 Mobile Safari/537.36"
117.136.68.142 - - [24/Dec/2018:09:30:19 +0800] "GET /WEI_2100/as_minute_table?asid=2018120878 HTTP/1.1" 200 349 "http://merp.yudo.com.cn:8183/WEI_2100/WEI_2100?formKey=M20181224T092247840&menuSelection=asm" "Mozilla/5.0 (Linux; Android 8.1.0; COL-AL10 Build/HUAWEICOL-AL10; wv) AppleWebKit/537.36 (KHTML, like Gecko) Version/4.0 Chrome/68.0.3440.91 Mobile Safari/537.36"
117.136.68.142 - - [24/Dec/2018:09:30:19 +0800] "GET /WEI_2100/systemclass_mini_prc?bigsysid=AS10110010&minisysid=ascause_c HTTP/1.1" 200 869 "http://merp.yudo.com.cn:8183/WEI_2100/WEI_2100?formKey=M20181224T092247840&menuSelection=asm" "Mozilla/5.0 (Linux; Android 8.1.0; COL-AL10 Build/HUAWEICOL-AL10; wv) AppleWebKit/537.36 (KHTML, like Gecko) Version/4.0 Chrome/68.0.3440.91 Mobile Safari/537.36"
117.136.68.142 - - [24/Dec/2018:09:30:20 +0800] "GET /WEI_2100/systemclass_mini_prc?bigsysid=SA10340050&minisysid=supplyscope_c1 HTTP/1.1" 200 140 "http://merp.yudo.com.cn:8183/WEI_2100/WEI_2100?formKey=M20181224T092247840&menuSelection=asm" "Mozilla/5.0 (Linux; Android 8.1.0; COL-AL10 Build/HUAWEICOL-AL10; wv) AppleWebKit/537.36 (KHTML, like Gecko) Version/4.0 Chrome/68.0.3440.91 Mobile Safari/537.36"
117.136.68.142 - - [24/Dec/2018:09:30:19 +0800] "GET /WEI_2100/systemclass_mini_prc?bigsysid=AS10060010&minisysid=asclass1_c HTTP/1.1" 200 2504 "http://merp.yudo.com.cn:8183/WEI_2100/WEI_2100?formKey=M20181224T092247840&menuSelection=asm" "Mozilla/5.0 (Linux; Android 8.1.0; COL-AL10 Build/HUAWEICOL-AL10; wv) AppleWebKit/537.36 (KHTML, like Gecko) Version/4.0 Chrome/68.0.3440.91 Mobile Safari/537.36"
117.136.68.142 - - [24/Dec/2018:09:30:20 +0800] "GET /WEI_2100/systemclass_mini_prc?bigsysid=SA10360076&minisysid=supplyscope_c3 HTTP/1.1" 200 596 "http://merp.yudo.com.cn:8183/WEI_2100/WEI_2100?formKey=M20181224T092247840&menuSelection=asm" "Mozilla/5.0 (Linux; Android 8.1.0; COL-AL10 Build/HUAWEICOL-AL10; wv) AppleWebKit/537.36 (KHTML, like Gecko) Version/4.0 Chrome/68.0.3440.91 Mobile Safari/537.36"
117.136.68.142 - - [24/Dec/2018:09:30:20 +0800] "GET /WEI_2100/systemclass_mini_prc?bigsysid=SA10350052&minisysid=supplyscope_c2 HTTP/1.1" 200 99 "http://merp.yudo.com.cn:8183/WEI_2100/WEI_2100?formKey=M20181224T092247840&menuSelection=asm" "Mozilla/5.0 (Linux; Android 8.1.0; COL-AL10 Build/HUAWEICOL-AL10; wv) AppleWebKit/537.36 (KHTML, like Gecko) Version/4.0 Chrome/68.0.3440.91 Mobile Safari/537.36"
117.136.68.142 - - [24/Dec/2018:09:30:21 +0800] "POST /WEI_2100/unSubAdjudication HTTP/1.1" 200 138 "http://merp.yudo.com.cn:8183/WEI_2100/WEI_2100?formKey=M20181224T092247840&menuSelection=asm" "Mozilla/5.0 (Linux; Android 8.1.0; COL-AL10 Build/HUAWEICOL-AL10; wv) AppleWebKit/537.36 (KHTML, like Gecko) Version/4.0 Chrome/68.0.3440.91 Mobile Safari/537.36"
117.136.68.142 - - [24/Dec/2018:09:30:20 +0800] "GET /WEI_2100/systemclass_mini_prc?bigsysid=SA10370224&minisysid=supplyscope_c4 HTTP/1.1" 200 99 "http://merp.yudo.com.cn:8183/WEI_2100/WEI_2100?formKey=M20181224T092247840&menuSelection=asm" "Mozilla/5.0 (Linux; Android 8.1.0; COL-AL10 Build/HUAWEICOL-AL10; wv) AppleWebKit/537.36 (KHTML, like Gecko) Version/4.0 Chrome/68.0.3440.91 Mobile Safari/537.36"
117.136.68.142 - - [24/Dec/2018:09:30:20 +0800] "GET /WEI_2100/systemclass_mini_prc?bigsysid=SA10380332&minisysid=supplyscope_c5 HTTP/1.1" 200 99 "http://merp.yudo.com.cn:8183/WEI_2100/WEI_2100?formKey=M20181224T092247840&menuSelection=asm" "Mozilla/5.0 (Linux; Android 8.1.0; COL-AL10 Build/HUAWEICOL-AL10; wv) AppleWebKit/537.36 (KHTML, like Gecko) Version/4.0 Chrome/68.0.3440.91 Mobile Safari/537.36"
::1 - - [24/Dec/2018:09:30:29 +0800] "OPTIONS * HTTP/1.0" 200 - "-" "Apache/2.4.6 (CentOS) PHP/5.6.32 (internal dummy connection)"
117.136.68.142 - - [24/Dec/2018:09:31:25 +0800] "GET /Menu/Menu?formKey=M20181224T092247840 HTTP/1.1" 200 5839 "-" "Mozilla/5.0 (Linux; Android 8.1.0; COL-AL10 Build/HUAWEICOL-AL10; wv) AppleWebKit/537.36 (KHTML, like Gecko) Version/4.0 Chrome/68.0.3440.91 Mobile Safari/537.36"
117.136.68.142 - - [24/Dec/2018:09:31:26 +0800] "POST /JLAMPCommon/langBatchRows_prc HTTP/1.1" 200 595 "http://merp.yudo.com.cn:8183/Menu/Menu?formKey=M20181224T092247840" "Mozilla/5.0 (Linux; Android 8.1.0; COL-AL10 Build/HUAWEICOL-AL10; wv) AppleWebKit/537.36 (KHTML, like Gecko) Version/4.0 Chrome/68.0.3440.91 Mobile Safari/537.36"
117.136.68.142 - - [24/Dec/2018:09:31:26 +0800] "GET /JLAMPCommon/getCookieJson_prc HTTP/1.1" 200 912 "http://merp.yudo.com.cn:8183/Menu/Menu?formKey=M20181224T092247840" "Mozilla/5.0 (Linux; Android 8.1.0; COL-AL10 Build/HUAWEICOL-AL10; wv) AppleWebKit/537.36 (KHTML, like Gecko) Version/4.0 Chrome/68.0.3440.91 Mobile Safari/537.36"
117.136.68.142 - - [24/Dec/2018:09:31:26 +0800] "GET /Menu/doMenuRows_prc?formKey=M20181224T092247840 HTTP/1.1" 200 2674 "http://merp.yudo.com.cn:8183/Menu/Menu?formKey=M20181224T092247840" "Mozilla/5.0 (Linux; Android 8.1.0; COL-AL10 Build/HUAWEICOL-AL10; wv) AppleWebKit/537.36 (KHTML, like Gecko) Version/4.0 Chrome/68.0.3440.91 Mobile Safari/537.36"
117.136.68.142 - - [24/Dec/2018:09:31:27 +0800] "GET /image/favicon.ico HTTP/1.1" 404 1506 "http://merp.yudo.com.cn:8183/Menu/Menu?formKey=M20181224T092247840" "Mozilla/5.0 (Linux; Android 8.1.0; COL-AL10 Build/HUAWEICOL-AL10; wv) AppleWebKit/537.36 (KHTML, like Gecko) Version/4.0 Chrome/68.0.3440.91 Mobile Safari/537.36"
117.136.68.142 - - [24/Dec/2018:09:31:29 +0800] "GET /WEI_2100/WEI_2100?formKey=M20181224T092247840&menuSelection=asm HTTP/1.1" 200 87796 "http://merp.yudo.com.cn:8183/Menu/Menu?formKey=M20181224T092247840" "Mozilla/5.0 (Linux; Android 8.1.0; COL-AL10 Build/HUAWEICOL-AL10; wv) AppleWebKit/537.36 (KHTML, like Gecko) Version/4.0 Chrome/68.0.3440.91 Mobile Safari/537.36"
117.136.68.142 - - [24/Dec/2018:09:31:30 +0800] "POST /JLAMPCommon/langBatchRows_prc HTTP/1.1" 200 12695 "http://merp.yudo.com.cn:8183/WEI_2100/WEI_2100?formKey=M20181224T092247840&menuSelection=asm" "Mozilla/5.0 (Linux; Android 8.1.0; COL-AL10 Build/HUAWEICOL-AL10; wv) AppleWebKit/537.36 (KHTML, like Gecko) Version/4.0 Chrome/68.0.3440.91 Mobile Safari/537.36"
117.136.68.142 - - [24/Dec/2018:09:31:30 +0800] "POST /JLAMPCommon/langBatchRows_prc HTTP/1.1" 200 13683 "http://merp.yudo.com.cn:8183/WEI_2100/WEI_2100?formKey=M20181224T092247840&menuSelection=asm" "Mozilla/5.0 (Linux; Android 8.1.0; COL-AL10 Build/HUAWEICOL-AL10; wv) AppleWebKit/537.36 (KHTML, like Gecko) Version/4.0 Chrome/68.0.3440.91 Mobile Safari/537.36"
117.136.68.142 - - [24/Dec/2018:09:31:31 +0800] "GET /JLAMPCommon/getCookieJson_prc HTTP/1.1" 200 912 "http://merp.yudo.com.cn:8183/WEI_2100/WEI_2100?formKey=M20181224T092247840&menuSelection=asm" "Mozilla/5.0 (Linux; Android 8.1.0; COL-AL10 Build/HUAWEICOL-AL10; wv) AppleWebKit/537.36 (KHTML, like Gecko) Version/4.0 Chrome/68.0.3440.91 Mobile Safari/537.36"
117.136.68.142 - - [24/Dec/2018:09:31:33 +0800] "GET /WEI_2100/systemclass_big_prc?bigsysid=asclass1 HTTP/1.1" 200 475 "http://merp.yudo.com.cn:8183/WEI_2100/WEI_2100?formKey=M20181224T092247840&menuSelection=asm" "Mozilla/5.0 (Linux; Android 8.1.0; COL-AL10 Build/HUAWEICOL-AL10; wv) AppleWebKit/537.36 (KHTML, like Gecko) Version/4.0 Chrome/68.0.3440.91 Mobile Safari/537.36"
117.136.68.142 - - [24/Dec/2018:09:31:33 +0800] "GET /WEI_2100/systemclass_big_prc?bigsysid=ascause HTTP/1.1" 200 209 "http://merp.yudo.com.cn:8183/WEI_2100/WEI_2100?formKey=M20181224T092247840&menuSelection=asm" "Mozilla/5.0 (Linux; Android 8.1.0; COL-AL10 Build/HUAWEICOL-AL10; wv) AppleWebKit/537.36 (KHTML, like Gecko) Version/4.0 Chrome/68.0.3440.91 Mobile Safari/537.36"
117.136.68.142 - - [24/Dec/2018:09:31:33 +0800] "GET /WEI_2100/systemclass_big_prc?bigsysid=asbadtype HTTP/1.1" 200 152 "http://merp.yudo.com.cn:8183/WEI_2100/WEI_2100?formKey=M20181224T092247840&menuSelection=asm" "Mozilla/5.0 (Linux; Android 8.1.0; COL-AL10 Build/HUAWEICOL-AL10; wv) AppleWebKit/537.36 (KHTML, like Gecko) Version/4.0 Chrome/68.0.3440.91 Mobile Safari/537.36"
117.136.68.142 - - [24/Dec/2018:09:31:33 +0800] "GET /WEI_2100/systemclass_big_prc?bigsysid=markets HTTP/1.1" 200 512 "http://merp.yudo.com.cn:8183/WEI_2100/WEI_2100?formKey=M20181224T092247840&menuSelection=asm" "Mozilla/5.0 (Linux; Android 8.1.0; COL-AL10 Build/HUAWEICOL-AL10; wv) AppleWebKit/537.36 (KHTML, like Gecko) Version/4.0 Chrome/68.0.3440.91 Mobile Safari/537.36"
117.136.68.142 - - [24/Dec/2018:09:31:34 +0800] "GET /WEI_2100/systemclass_big_prc?bigsysid=asclass HTTP/1.1" 200 264 "http://merp.yudo.com.cn:8183/WEI_2100/WEI_2100?formKey=M20181224T092247840&menuSelection=asm" "Mozilla/5.0 (Linux; Android 8.1.0; COL-AL10 Build/HUAWEICOL-AL10; wv) AppleWebKit/537.36 (KHTML, like Gecko) Version/4.0 Chrome/68.0.3440.91 Mobile Safari/537.36"
117.136.68.142 - - [24/Dec/2018:09:31:34 +0800] "GET /WEI_2100/systemclass_big_prc?bigsysid=supplyscope HTTP/1.1" 200 302 "http://merp.yudo.com.cn:8183/WEI_2100/WEI_2100?formKey=M20181224T092247840&menuSelection=asm" "Mozilla/5.0 (Linux; Android 8.1.0; COL-AL10 Build/HUAWEICOL-AL10; wv) AppleWebKit/537.36 (KHTML, like Gecko) Version/4.0 Chrome/68.0.3440.91 Mobile Safari/537.36"
117.136.68.142 - - [24/Dec/2018:09:31:33 +0800] "GET /WEI_2100/systemclass_big_prc?bigsysid=startpoint HTTP/1.1" 200 317 "http://merp.yudo.com.cn:8183/WEI_2100/WEI_2100?formKey=M20181224T092247840&menuSelection=asm" "Mozilla/5.0 (Linux; Android 8.1.0; COL-AL10 Build/HUAWEICOL-AL10; wv) AppleWebKit/537.36 (KHTML, like Gecko) Version/4.0 Chrome/68.0.3440.91 Mobile Safari/537.36"
117.136.68.142 - - [24/Dec/2018:09:31:33 +0800] "GET /WEI_2100/systemclass_big_prc?bigsysid=area HTTP/1.1" 200 751 "http://merp.yudo.com.cn:8183/WEI_2100/WEI_2100?formKey=M20181224T092247840&menuSelection=asm" "Mozilla/5.0 (Linux; Android 8.1.0; COL-AL10 Build/HUAWEICOL-AL10; wv) AppleWebKit/537.36 (KHTML, like Gecko) Version/4.0 Chrome/68.0.3440.91 Mobile Safari/537.36"
117.136.68.142 - - [24/Dec/2018:09:31:34 +0800] "GET /WEI_2100/user_prc HTTP/1.1" 200 89526 "http://merp.yudo.com.cn:8183/WEI_2100/WEI_2100?formKey=M20181224T092247840&menuSelection=asm" "Mozilla/5.0 (Linux; Android 8.1.0; COL-AL10 Build/HUAWEICOL-AL10; wv) AppleWebKit/537.36 (KHTML, like Gecko) Version/4.0 Chrome/68.0.3440.91 Mobile Safari/537.36"
117.136.68.142 - - [24/Dec/2018:09:31:35 +0800] "GET /WEI_2100/as_unit HTTP/1.1" 200 1002 "http://merp.yudo.com.cn:8183/WEI_2100/WEI_2100?formKey=M20181224T092247840&menuSelection=asm" "Mozilla/5.0 (Linux; Android 8.1.0; COL-AL10 Build/HUAWEICOL-AL10; wv) AppleWebKit/537.36 (KHTML, like Gecko) Version/4.0 Chrome/68.0.3440.91 Mobile Safari/537.36"
::1 - - [24/Dec/2018:09:31:43 +0800] "OPTIONS * HTTP/1.0" 200 - "-" "Apache/2.4.6 (CentOS) PHP/5.6.32 (internal dummy connection)"
117.136.68.142 - - [24/Dec/2018:09:31:55 +0800] "GET /WEI_2100/as_prc?asid=2018122281&custnm=&startDate=2018-12-01&endDate=2018-12-24&ascount=0 HTTP/1.1" 200 295 "http://merp.yudo.com.cn:8183/WEI_2100/WEI_2100?formKey=M20181224T092247840&menuSelection=asm" "Mozilla/5.0 (Linux; Android 8.1.0; COL-AL10 Build/HUAWEICOL-AL10; wv) AppleWebKit/537.36 (KHTML, like Gecko) Version/4.0 Chrome/68.0.3440.91 Mobile Safari/537.36"
117.136.68.142 - - [24/Dec/2018:09:31:57 +0800] "GET /WEI_2100/as_minute?asid=2018120878 HTTP/1.1" 200 1686 "http://merp.yudo.com.cn:8183/WEI_2100/WEI_2100?formKey=M20181224T092247840&menuSelection=asm" "Mozilla/5.0 (Linux; Android 8.1.0; COL-AL10 Build/HUAWEICOL-AL10; wv) AppleWebKit/537.36 (KHTML, like Gecko) Version/4.0 Chrome/68.0.3440.91 Mobile Safari/537.36"
117.136.68.142 - - [24/Dec/2018:09:31:57 +0800] "GET /WEI_2100/as_minute_table?asid=2018120878 HTTP/1.1" 200 349 "http://merp.yudo.com.cn:8183/WEI_2100/WEI_2100?formKey=M20181224T092247840&menuSelection=asm" "Mozilla/5.0 (Linux; Android 8.1.0; COL-AL10 Build/HUAWEICOL-AL10; wv) AppleWebKit/537.36 (KHTML, like Gecko) Version/4.0 Chrome/68.0.3440.91 Mobile Safari/537.36"
117.136.68.142 - - [24/Dec/2018:09:31:57 +0800] "GET /WEI_2100/systemclass_mini_prc?bigsysid=AS10110010&minisysid=ascause_c HTTP/1.1" 200 869 "http://merp.yudo.com.cn:8183/WEI_2100/WEI_2100?formKey=M20181224T092247840&menuSelection=asm" "Mozilla/5.0 (Linux; Android 8.1.0; COL-AL10 Build/HUAWEICOL-AL10; wv) AppleWebKit/537.36 (KHTML, like Gecko) Version/4.0 Chrome/68.0.3440.91 Mobile Safari/537.36"
117.136.68.142 - - [24/Dec/2018:09:31:57 +0800] "GET /WEI_2100/systemclass_mini_prc?bigsysid=AS10060010&minisysid=asclass1_c HTTP/1.1" 200 2504 "http://merp.yudo.com.cn:8183/WEI_2100/WEI_2100?formKey=M20181224T092247840&menuSelection=asm" "Mozilla/5.0 (Linux; Android 8.1.0; COL-AL10 Build/HUAWEICOL-AL10; wv) AppleWebKit/537.36 (KHTML, like Gecko) Version/4.0 Chrome/68.0.3440.91 Mobile Safari/537.36"
117.136.68.142 - - [24/Dec/2018:09:31:57 +0800] "GET /WEI_2100/systemclass_mini_prc?bigsysid=SA10370224&minisysid=supplyscope_c4 HTTP/1.1" 200 99 "http://merp.yudo.com.cn:8183/WEI_2100/WEI_2100?formKey=M20181224T092247840&menuSelection=asm" "Mozilla/5.0 (Linux; Android 8.1.0; COL-AL10 Build/HUAWEICOL-AL10; wv) AppleWebKit/537.36 (KHTML, like Gecko) Version/4.0 Chrome/68.0.3440.91 Mobile Safari/537.36"
117.136.68.142 - - [24/Dec/2018:09:31:58 +0800] "GET /WEI_2100/systemclass_mini_prc?bigsysid=SA10380332&minisysid=supplyscope_c5 HTTP/1.1" 200 99 "http://merp.yudo.com.cn:8183/WEI_2100/WEI_2100?formKey=M20181224T092247840&menuSelection=asm" "Mozilla/5.0 (Linux; Android 8.1.0; COL-AL10 Build/HUAWEICOL-AL10; wv) AppleWebKit/537.36 (KHTML, like Gecko) Version/4.0 Chrome/68.0.3440.91 Mobile Safari/537.36"
117.136.68.142 - - [24/Dec/2018:09:31:57 +0800] "GET /WEI_2100/systemclass_mini_prc?bigsysid=SA10350052&minisysid=supplyscope_c2 HTTP/1.1" 200 99 "http://merp.yudo.com.cn:8183/WEI_2100/WEI_2100?formKey=M20181224T092247840&menuSelection=asm" "Mozilla/5.0 (Linux; Android 8.1.0; COL-AL10 Build/HUAWEICOL-AL10; wv) AppleWebKit/537.36 (KHTML, like Gecko) Version/4.0 Chrome/68.0.3440.91 Mobile Safari/537.36"
117.136.68.142 - - [24/Dec/2018:09:31:57 +0800] "GET /WEI_2100/systemclass_mini_prc?bigsysid=SA10360076&minisysid=supplyscope_c3 HTTP/1.1" 200 596 "http://merp.yudo.com.cn:8183/WEI_2100/WEI_2100?formKey=M20181224T092247840&menuSelection=asm" "Mozilla/5.0 (Linux; Android 8.1.0; COL-AL10 Build/HUAWEICOL-AL10; wv) AppleWebKit/537.36 (KHTML, like Gecko) Version/4.0 Chrome/68.0.3440.91 Mobile Safari/537.36"
117.136.68.142 - - [24/Dec/2018:09:31:57 +0800] "GET /WEI_2100/systemclass_mini_prc?bigsysid=SA10340050&minisysid=supplyscope_c1 HTTP/1.1" 200 140 "http://merp.yudo.com.cn:8183/WEI_2100/WEI_2100?formKey=M20181224T092247840&menuSelection=asm" "Mozilla/5.0 (Linux; Android 8.1.0; COL-AL10 Build/HUAWEICOL-AL10; wv) AppleWebKit/537.36 (KHTML, like Gecko) Version/4.0 Chrome/68.0.3440.91 Mobile Safari/537.36"
117.136.68.142 - - [24/Dec/2018:09:31:59 +0800] "POST /WEI_2100/unSubAdjudication HTTP/1.1" 200 138 "http://merp.yudo.com.cn:8183/WEI_2100/WEI_2100?formKey=M20181224T092247840&menuSelection=asm" "Mozilla/5.0 (Linux; Android 8.1.0; COL-AL10 Build/HUAWEICOL-AL10; wv) AppleWebKit/537.36 (KHTML, like Gecko) Version/4.0 Chrome/68.0.3440.91 Mobile Safari/537.36"
117.136.68.142 - - [24/Dec/2018:09:32:04 +0800] "POST /WEI_2100/unSubAdjudication HTTP/1.1" 200 138 "http://merp.yudo.com.cn:8183/WEI_2100/WEI_2100?formKey=M20181224T092247840&menuSelection=asm" "Mozilla/5.0 (Linux; Android 8.1.0; COL-AL10 Build/HUAWEICOL-AL10; wv) AppleWebKit/537.36 (KHTML, like Gecko) Version/4.0 Chrome/68.0.3440.91 Mobile Safari/537.36"
::1 - - [24/Dec/2018:09:32:12 +0800] "OPTIONS * HTTP/1.0" 200 - "-" "Apache/2.4.6 (CentOS) PHP/5.6.32 (internal dummy connection)"
117.136.68.142 - - [24/Dec/2018:09:32:17 +0800] "POST /WEI_2100/unSubAdjudication HTTP/1.1" 200 138 "http://merp.yudo.com.cn:8183/WEI_2100/WEI_2100?formKey=M20181224T092247840&menuSelection=asm" "Mozilla/5.0 (Linux; Android 8.1.0; COL-AL10 Build/HUAWEICOL-AL10; wv) AppleWebKit/537.36 (KHTML, like Gecko) Version/4.0 Chrome/68.0.3440.91 Mobile Safari/537.36"
117.136.68.142 - - [24/Dec/2018:09:32:24 +0800] "POST /WEI_2100/subAdjudication HTTP/1.1" 200 102 "http://merp.yudo.com.cn:8183/WEI_2100/WEI_2100?formKey=M20181224T092247840&menuSelection=asm" "Mozilla/5.0 (Linux; Android 8.1.0; COL-AL10 Build/HUAWEICOL-AL10; wv) AppleWebKit/537.36 (KHTML, like Gecko) Version/4.0 Chrome/68.0.3440.91 Mobile Safari/537.36"
117.136.68.142 - - [24/Dec/2018:09:32:36 +0800] "GET /WEI_2100/as_minute_table?asid=2018120878 HTTP/1.1" 200 349 "http://merp.yudo.com.cn:8183/WEI_2100/WEI_2100?formKey=M20181224T092247840&menuSelection=asm" "Mozilla/5.0 (Linux; Android 8.1.0; COL-AL10 Build/HUAWEICOL-AL10; wv) AppleWebKit/537.36 (KHTML, like Gecko) Version/4.0 Chrome/68.0.3440.91 Mobile Safari/537.36"
117.136.68.142 - - [24/Dec/2018:09:32:36 +0800] "GET /WEI_2100/as_minute?asid=2018120878 HTTP/1.1" 200 1686 "http://merp.yudo.com.cn:8183/WEI_2100/WEI_2100?formKey=M20181224T092247840&menuSelection=asm" "Mozilla/5.0 (Linux; Android 8.1.0; COL-AL10 Build/HUAWEICOL-AL10; wv) AppleWebKit/537.36 (KHTML, like Gecko) Version/4.0 Chrome/68.0.3440.91 Mobile Safari/537.36"
117.136.68.142 - - [24/Dec/2018:09:32:37 +0800] "GET /WEI_2100/systemclass_mini_prc?bigsysid=AS10110010&minisysid=ascause_c HTTP/1.1" 200 869 "http://merp.yudo.com.cn:8183/WEI_2100/WEI_2100?formKey=M20181224T092247840&menuSelection=asm" "Mozilla/5.0 (Linux; Android 8.1.0; COL-AL10 Build/HUAWEICOL-AL10; wv) AppleWebKit/537.36 (KHTML, like Gecko) Version/4.0 Chrome/68.0.3440.91 Mobile Safari/537.36"
117.136.68.142 - - [24/Dec/2018:09:32:37 +0800] "GET /WEI_2100/systemclass_mini_prc?bigsysid=AS10060010&minisysid=asclass1_c HTTP/1.1" 200 2504 "http://merp.yudo.com.cn:8183/WEI_2100/WEI_2100?formKey=M20181224T092247840&menuSelection=asm" "Mozilla/5.0 (Linux; Android 8.1.0; COL-AL10 Build/HUAWEICOL-AL10; wv) AppleWebKit/537.36 (KHTML, like Gecko) Version/4.0 Chrome/68.0.3440.91 Mobile Safari/537.36"
117.136.68.142 - - [24/Dec/2018:09:32:37 +0800] "GET /WEI_2100/systemclass_mini_prc?bigsysid=SA10370224&minisysid=supplyscope_c4 HTTP/1.1" 200 99 "http://merp.yudo.com.cn:8183/WEI_2100/WEI_2100?formKey=M20181224T092247840&menuSelection=asm" "Mozilla/5.0 (Linux; Android 8.1.0; COL-AL10 Build/HUAWEICOL-AL10; wv) AppleWebKit/537.36 (KHTML, like Gecko) Version/4.0 Chrome/68.0.3440.91 Mobile Safari/537.36"
117.136.68.142 - - [24/Dec/2018:09:32:37 +0800] "GET /WEI_2100/systemclass_mini_prc?bigsysid=SA10340050&minisysid=supplyscope_c1 HTTP/1.1" 200 140 "http://merp.yudo.com.cn:8183/WEI_2100/WEI_2100?formKey=M20181224T092247840&menuSelection=asm" "Mozilla/5.0 (Linux; Android 8.1.0; COL-AL10 Build/HUAWEICOL-AL10; wv) AppleWebKit/537.36 (KHTML, like Gecko) Version/4.0 Chrome/68.0.3440.91 Mobile Safari/537.36"
117.136.68.142 - - [24/Dec/2018:09:32:37 +0800] "GET /WEI_2100/systemclass_mini_prc?bigsysid=SA10360076&minisysid=supplyscope_c3 HTTP/1.1" 200 596 "http://merp.yudo.com.cn:8183/WEI_2100/WEI_2100?formKey=M20181224T092247840&menuSelection=asm" "Mozilla/5.0 (Linux; Android 8.1.0; COL-AL10 Build/HUAWEICOL-AL10; wv) AppleWebKit/537.36 (KHTML, like Gecko) Version/4.0 Chrome/68.0.3440.91 Mobile Safari/537.36"
117.136.68.142 - - [24/Dec/2018:09:32:37 +0800] "GET /WEI_2100/systemclass_mini_prc?bigsysid=SA10380332&minisysid=supplyscope_c5 HTTP/1.1" 200 99 "http://merp.yudo.com.cn:8183/WEI_2100/WEI_2100?formKey=M20181224T092247840&menuSelection=asm" "Mozilla/5.0 (Linux; Android 8.1.0; COL-AL10 Build/HUAWEICOL-AL10; wv) AppleWebKit/537.36 (KHTML, like Gecko) Version/4.0 Chrome/68.0.3440.91 Mobile Safari/537.36"
117.136.68.142 - - [24/Dec/2018:09:32:37 +0800] "GET /WEI_2100/systemclass_mini_prc?bigsysid=SA10350052&minisysid=supplyscope_c2 HTTP/1.1" 200 99 "http://merp.yudo.com.cn:8183/WEI_2100/WEI_2100?formKey=M20181224T092247840&menuSelection=asm" "Mozilla/5.0 (Linux; Android 8.1.0; COL-AL10 Build/HUAWEICOL-AL10; wv) AppleWebKit/537.36 (KHTML, like Gecko) Version/4.0 Chrome/68.0.3440.91 Mobile Safari/537.36"
::1 - - [24/Dec/2018:09:32:47 +0800] "OPTIONS * HTTP/1.0" 200 - "-" "Apache/2.4.6 (CentOS) PHP/5.6.32 (internal dummy connection)"
192.168.253.2 - - [24/Dec/2018:09:33:05 +0800] "GET /?deviceType=mobile&devicePlatform=ios HTTP/1.1" 302 149 "-" "Mozilla/5.0 (iPhone; CPU iPhone OS 11_0 like Mac OS X) AppleWebKit/604.1.38 (KHTML, like Gecko) Mobile/15A372JLAMPMode:iPhone"
192.168.253.2 - - [24/Dec/2018:09:33:06 +0800] "GET /Menu/Menu?formKey=M20181224T093153260 HTTP/1.1" 200 5839 "-" "Mozilla/5.0 (iPhone; CPU iPhone OS 11_0 like Mac OS X) AppleWebKit/604.1.38 (KHTML, like Gecko) Mobile/15A372JLAMPMode:iPhone"
192.168.253.2 - - [24/Dec/2018:09:33:06 +0800] "GET /css/JLAMP.common.min.css HTTP/1.1" 200 - "http://merp.yudo.com.cn:8183/Menu/Menu?formKey=M20181224T093153260" "Mozilla/5.0 (iPhone; CPU iPhone OS 11_0 like Mac OS X) AppleWebKit/604.1.38 (KHTML, like Gecko) Mobile/15A372JLAMPMode:iPhone"
192.168.253.2 - - [24/Dec/2018:09:33:06 +0800] "GET /css/common.css?v=5007 HTTP/1.1" 304 - "http://merp.yudo.com.cn:8183/Menu/Menu?formKey=M20181224T093153260" "Mozilla/5.0 (iPhone; CPU iPhone OS 11_0 like Mac OS X) AppleWebKit/604.1.38 (KHTML, like Gecko) Mobile/15A372JLAMPMode:iPhone"
192.168.253.2 - - [24/Dec/2018:09:33:06 +0800] "GET /js/version.js?v=20180920001 HTTP/1.1" 304 - "http://merp.yudo.com.cn:8183/Menu/Menu?formKey=M20181224T093153260" "Mozilla/5.0 (iPhone; CPU iPhone OS 11_0 like Mac OS X) AppleWebKit/604.1.38 (KHTML, like Gecko) Mobile/15A372JLAMPMode:iPhone"
192.168.253.2 - - [24/Dec/2018:09:33:06 +0800] "POST /JLAMPCommon/langBatchRows_prc HTTP/1.1" 200 595 "http://merp.yudo.com.cn:8183/Menu/Menu?formKey=M20181224T093153260" "Mozilla/5.0 (iPhone; CPU iPhone OS 11_0 like Mac OS X) AppleWebKit/604.1.38 (KHTML, like Gecko) Mobile/15A372JLAMPMode:iPhone"
192.168.253.2 - - [24/Dec/2018:09:33:06 +0800] "GET /JLAMPCommon/getCookieJson_prc HTTP/1.1" 200 913 "http://merp.yudo.com.cn:8183/Menu/Menu?formKey=M20181224T093153260" "Mozilla/5.0 (iPhone; CPU iPhone OS 11_0 like Mac OS X) AppleWebKit/604.1.38 (KHTML, like Gecko) Mobile/15A372JLAMPMode:iPhone"
192.168.253.2 - - [24/Dec/2018:09:33:06 +0800] "GET /Menu/doMenuRows_prc?formKey=M20181224T093153260 HTTP/1.1" 200 2038 "http://merp.yudo.com.cn:8183/Menu/Menu?formKey=M20181224T093153260" "Mozilla/5.0 (iPhone; CPU iPhone OS 11_0 like Mac OS X) AppleWebKit/604.1.38 (KHTML, like Gecko) Mobile/15A372JLAMPMode:iPhone"
192.168.253.2 - - [24/Dec/2018:09:33:09 +0800] "GET /WEI_2100/WEI_2100?formKey=M20181224T093153260&menuSelection=asm HTTP/1.1" 200 87796 "http://merp.yudo.com.cn:8183/Menu/Menu?formKey=M20181224T093153260" "Mozilla/5.0 (iPhone; CPU iPhone OS 11_0 like Mac OS X) AppleWebKit/604.1.38 (KHTML, like Gecko) Mobile/15A372JLAMPMode:iPhone"
192.168.253.2 - - [24/Dec/2018:09:33:09 +0800] "GET /js/WEI_2100/WEI_2100_Lists.js?v=3110 HTTP/1.1" 304 - "http://merp.yudo.com.cn:8183/WEI_2100/WEI_2100?formKey=M20181224T093153260&menuSelection=asm" "Mozilla/5.0 (iPhone; CPU iPhone OS 11_0 like Mac OS X) AppleWebKit/604.1.38 (KHTML, like Gecko) Mobile/15A372JLAMPMode:iPhone"
192.168.253.2 - - [24/Dec/2018:09:33:14 +0800] "POST /JLAMPCommon/langBatchRows_prc HTTP/1.1" 200 13683 "http://merp.yudo.com.cn:8183/WEI_2100/WEI_2100?formKey=M20181224T093153260&menuSelection=asm" "Mozilla/5.0 (iPhone; CPU iPhone OS 11_0 like Mac OS X) AppleWebKit/604.1.38 (KHTML, like Gecko) Mobile/15A372JLAMPMode:iPhone"
192.168.253.2 - - [24/Dec/2018:09:33:15 +0800] "GET /JLAMPCommon/getCookieJson_prc HTTP/1.1" 200 913 "http://merp.yudo.com.cn:8183/WEI_2100/WEI_2100?formKey=M20181224T093153260&menuSelection=asm" "Mozilla/5.0 (iPhone; CPU iPhone OS 11_0 like Mac OS X) AppleWebKit/604.1.38 (KHTML, like Gecko) Mobile/15A372JLAMPMode:iPhone"
192.168.253.2 - - [24/Dec/2018:09:33:16 +0800] "GET /WEI_2100/login_user HTTP/1.1" 200 155 "http://merp.yudo.com.cn:8183/WEI_2100/WEI_2100?formKey=M20181224T093153260&menuSelection=asm" "Mozilla/5.0 (iPhone; CPU iPhone OS 11_0 like Mac OS X) AppleWebKit/604.1.38 (KHTML, like Gecko) Mobile/15A372JLAMPMode:iPhone"
192.168.253.2 - - [24/Dec/2018:09:33:16 +0800] "GET /WEI_2100/systemclass_big_prc?bigsysid=area HTTP/1.1" 200 751 "http://merp.yudo.com.cn:8183/WEI_2100/WEI_2100?formKey=M20181224T093153260&menuSelection=asm" "Mozilla/5.0 (iPhone; CPU iPhone OS 11_0 like Mac OS X) AppleWebKit/604.1.38 (KHTML, like Gecko) Mobile/15A372JLAMPMode:iPhone"
192.168.253.2 - - [24/Dec/2018:09:33:16 +0800] "GET /WEI_2100/systemclass_big_prc?bigsysid=ascause HTTP/1.1" 200 209 "http://merp.yudo.com.cn:8183/WEI_2100/WEI_2100?formKey=M20181224T093153260&menuSelection=asm" "Mozilla/5.0 (iPhone; CPU iPhone OS 11_0 like Mac OS X) AppleWebKit/604.1.38 (KHTML, like Gecko) Mobile/15A372JLAMPMode:iPhone"
192.168.253.2 - - [24/Dec/2018:09:33:16 +0800] "GET /WEI_2100/systemclass_big_prc?bigsysid=asbadtype HTTP/1.1" 200 152 "http://merp.yudo.com.cn:8183/WEI_2100/WEI_2100?formKey=M20181224T093153260&menuSelection=asm" "Mozilla/5.0 (iPhone; CPU iPhone OS 11_0 like Mac OS X) AppleWebKit/604.1.38 (KHTML, like Gecko) Mobile/15A372JLAMPMode:iPhone"
192.168.253.2 - - [24/Dec/2018:09:33:16 +0800] "GET /WEI_2100/systemclass_big_prc?bigsysid=supplyscope HTTP/1.1" 200 302 "http://merp.yudo.com.cn:8183/WEI_2100/WEI_2100?formKey=M20181224T093153260&menuSelection=asm" "Mozilla/5.0 (iPhone; CPU iPhone OS 11_0 like Mac OS X) AppleWebKit/604.1.38 (KHTML, like Gecko) Mobile/15A372JLAMPMode:iPhone"
192.168.253.2 - - [24/Dec/2018:09:33:16 +0800] "GET /WEI_2100/systemclass_big_prc?bigsysid=startpoint HTTP/1.1" 200 317 "http://merp.yudo.com.cn:8183/WEI_2100/WEI_2100?formKey=M20181224T093153260&menuSelection=asm" "Mozilla/5.0 (iPhone; CPU iPhone OS 11_0 like Mac OS X) AppleWebKit/604.1.38 (KHTML, like Gecko) Mobile/15A372JLAMPMode:iPhone"
192.168.253.2 - - [24/Dec/2018:09:33:17 +0800] "GET /WEI_2100/systemclass_big_prc?bigsysid=asclass HTTP/1.1" 200 264 "http://merp.yudo.com.cn:8183/WEI_2100/WEI_2100?formKey=M20181224T093153260&menuSelection=asm" "Mozilla/5.0 (iPhone; CPU iPhone OS 11_0 like Mac OS X) AppleWebKit/604.1.38 (KHTML, like Gecko) Mobile/15A372JLAMPMode:iPhone"
192.168.253.2 - - [24/Dec/2018:09:33:16 +0800] "GET /WEI_2100/systemclass_big_prc?bigsysid=markets HTTP/1.1" 200 512 "http://merp.yudo.com.cn:8183/WEI_2100/WEI_2100?formKey=M20181224T093153260&menuSelection=asm" "Mozilla/5.0 (iPhone; CPU iPhone OS 11_0 like Mac OS X) AppleWebKit/604.1.38 (KHTML, like Gecko) Mobile/15A372JLAMPMode:iPhone"
192.168.253.2 - - [24/Dec/2018:09:33:17 +0800] "GET /WEI_2100/as_unit HTTP/1.1" 200 1002 "http://merp.yudo.com.cn:8183/WEI_2100/WEI_2100?formKey=M20181224T093153260&menuSelection=asm" "Mozilla/5.0 (iPhone; CPU iPhone OS 11_0 like Mac OS X) AppleWebKit/604.1.38 (KHTML, like Gecko) Mobile/15A372JLAMPMode:iPhone"
192.168.253.2 - - [24/Dec/2018:09:33:17 +0800] "GET /WEI_2100/user_prc HTTP/1.1" 200 89526 "http://merp.yudo.com.cn:8183/WEI_2100/WEI_2100?formKey=M20181224T093153260&menuSelection=asm" "Mozilla/5.0 (iPhone; CPU iPhone OS 11_0 like Mac OS X) AppleWebKit/604.1.38 (KHTML, like Gecko) Mobile/15A372JLAMPMode:iPhone"
192.168.253.2 - - [24/Dec/2018:09:33:16 +0800] "GET /WEI_2100/systemclass_big_prc?bigsysid=asclass1 HTTP/1.1" 200 475 "http://merp.yudo.com.cn:8183/WEI_2100/WEI_2100?formKey=M20181224T093153260&menuSelection=asm" "Mozilla/5.0 (iPhone; CPU iPhone OS 11_0 like Mac OS X) AppleWebKit/604.1.38 (KHTML, like Gecko) Mobile/15A372JLAMPMode:iPhone"
::1 - - [24/Dec/2018:09:33:24 +0800] "OPTIONS * HTTP/1.0" 200 - "-" "Apache/2.4.6 (CentOS) PHP/5.6.32 (internal dummy connection)"
::1 - - [24/Dec/2018:09:33:25 +0800] "OPTIONS * HTTP/1.0" 200 - "-" "Apache/2.4.6 (CentOS) PHP/5.6.32 (internal dummy connection)"
::1 - - [24/Dec/2018:09:33:26 +0800] "OPTIONS * HTTP/1.0" 200 - "-" "Apache/2.4.6 (CentOS) PHP/5.6.32 (internal dummy connection)"
117.136.68.142 - - [24/Dec/2018:09:33:30 +0800] "GET /WEI_2100/as_minute?asid=2018120878 HTTP/1.1" 200 1686 "http://merp.yudo.com.cn:8183/WEI_2100/WEI_2100?formKey=M20181224T092247840&menuSelection=asm" "Mozilla/5.0 (Linux; Android 8.1.0; COL-AL10 Build/HUAWEICOL-AL10; wv) AppleWebKit/537.36 (KHTML, like Gecko) Version/4.0 Chrome/68.0.3440.91 Mobile Safari/537.36"
117.136.68.142 - - [24/Dec/2018:09:33:30 +0800] "GET /WEI_2100/as_minute_table?asid=2018120878 HTTP/1.1" 200 349 "http://merp.yudo.com.cn:8183/WEI_2100/WEI_2100?formKey=M20181224T092247840&menuSelection=asm" "Mozilla/5.0 (Linux; Android 8.1.0; COL-AL10 Build/HUAWEICOL-AL10; wv) AppleWebKit/537.36 (KHTML, like Gecko) Version/4.0 Chrome/68.0.3440.91 Mobile Safari/537.36"
117.136.68.142 - - [24/Dec/2018:09:33:31 +0800] "GET /WEI_2100/systemclass_mini_prc?bigsysid=AS10110010&minisysid=ascause_c HTTP/1.1" 200 869 "http://merp.yudo.com.cn:8183/WEI_2100/WEI_2100?formKey=M20181224T092247840&menuSelection=asm" "Mozilla/5.0 (Linux; Android 8.1.0; COL-AL10 Build/HUAWEICOL-AL10; wv) AppleWebKit/537.36 (KHTML, like Gecko) Version/4.0 Chrome/68.0.3440.91 Mobile Safari/537.36"
117.136.68.142 - - [24/Dec/2018:09:33:31 +0800] "GET /WEI_2100/systemclass_mini_prc?bigsysid=AS10060010&minisysid=asclass1_c HTTP/1.1" 200 2504 "http://merp.yudo.com.cn:8183/WEI_2100/WEI_2100?formKey=M20181224T092247840&menuSelection=asm" "Mozilla/5.0 (Linux; Android 8.1.0; COL-AL10 Build/HUAWEICOL-AL10; wv) AppleWebKit/537.36 (KHTML, like Gecko) Version/4.0 Chrome/68.0.3440.91 Mobile Safari/537.36"
117.136.68.142 - - [24/Dec/2018:09:33:31 +0800] "GET /WEI_2100/systemclass_mini_prc?bigsysid=SA10340050&minisysid=supplyscope_c1 HTTP/1.1" 200 140 "http://merp.yudo.com.cn:8183/WEI_2100/WEI_2100?formKey=M20181224T092247840&menuSelection=asm" "Mozilla/5.0 (Linux; Android 8.1.0; COL-AL10 Build/HUAWEICOL-AL10; wv) AppleWebKit/537.36 (KHTML, like Gecko) Version/4.0 Chrome/68.0.3440.91 Mobile Safari/537.36"
