59.63.204.4 - - [31/Jan/2019:21:27:03 +0800] "GET /WEI_2100/as_minute_table?asid=2019011240 HTTP/1.1" 200 1176 "http://merp.yudo.com.cn:8183/WEI_2100/WEI_2100?formKey=Menu&menuSelection=asm" "Mozilla/5.0 (Linux; Android 8.0.0; SM-N9500 Build/R16NW; wv) AppleWebKit/537.36 (KHTML, like Gecko) Version/4.0 Chrome/67.0.3396.87 Mobile Safari/537.36"
59.63.204.4 - - [31/Jan/2019:21:27:03 +0800] "POST /WEI_2100/as_sendSmsToUser HTTP/1.1" 200 66 "http://merp.yudo.com.cn:8183/WEI_2100/WEI_2100?formKey=Menu&menuSelection=asm" "Mozilla/5.0 (Linux; Android 8.0.0; SM-N9500 Build/R16NW; wv) AppleWebKit/537.36 (KHTML, like Gecko) Version/4.0 Chrome/67.0.3396.87 Mobile Safari/537.36"
59.63.204.4 - - [31/Jan/2019:21:27:05 +0800] "GET /WEI_2100/systemclass_mini_prc?bigsysid=AS10060050&minisysid=asclass1_c HTTP/1.1" 200 844 "http://merp.yudo.com.cn:8183/WEI_2100/WEI_2100?formKey=Menu&menuSelection=asm" "Mozilla/5.0 (Linux; Android 8.0.0; SM-N9500 Build/R16NW; wv) AppleWebKit/537.36 (KHTML, like Gecko) Version/4.0 Chrome/67.0.3396.87 Mobile Safari/537.36"
223.72.63.187 - - [31/Jan/2019:21:27:05 +0800] "GET /WEI_2100/systemclass_mini_prc?bigsysid=SA10350022&minisysid=supplyscope_c2 HTTP/1.1" 200 99 "http://merp.yudo.com.cn:8183/WEI_2100/WEI_2100?formKey=Menu&menuSelection=asm" "Mozilla/5.0 (Linux; Android 8.0.0; SM-N9500 Build/R16NW; wv) AppleWebKit/537.36 (KHTML, like Gecko) Version/4.0 Chrome/67.0.3396.87 Mobile Safari/537.36"
59.63.204.4 - - [31/Jan/2019:21:27:05 +0800] "GET /WEI_2100/systemclass_mini_prc?bigsysid=SA10360033&minisysid=supplyscope_c3 HTTP/1.1" 200 202 "http://merp.yudo.com.cn:8183/WEI_2100/WEI_2100?formKey=Menu&menuSelection=asm" "Mozilla/5.0 (Linux; Android 8.0.0; SM-N9500 Build/R16NW; wv) AppleWebKit/537.36 (KHTML, like Gecko) Version/4.0 Chrome/67.0.3396.87 Mobile Safari/537.36"
59.63.204.4 - - [31/Jan/2019:21:27:05 +0800] "GET /WEI_2100/systemclass_mini_prc?bigsysid=AS10110030&minisysid=ascause_c HTTP/1.1" 200 119 "http://merp.yudo.com.cn:8183/WEI_2100/WEI_2100?formKey=Menu&menuSelection=asm" "Mozilla/5.0 (Linux; Android 8.0.0; SM-N9500 Build/R16NW; wv) AppleWebKit/537.36 (KHTML, like Gecko) Version/4.0 Chrome/67.0.3396.87 Mobile Safari/537.36"
116.136.20.207 - - [31/Jan/2019:21:27:05 +0800] "GET /WEI_2100/systemclass_mini_prc?bigsysid=SA10340020&minisysid=supplyscope_c1 HTTP/1.1" 200 1053 "http://merp.yudo.com.cn:8183/WEI_2100/WEI_2100?formKey=Menu&menuSelection=asm" "Mozilla/5.0 (Linux; Android 8.0.0; SM-N9500 Build/R16NW; wv) AppleWebKit/537.36 (KHTML, like Gecko) Version/4.0 Chrome/67.0.3396.87 Mobile Safari/537.36"
59.63.204.4 - - [31/Jan/2019:21:27:05 +0800] "GET /WEI_2100/systemclass_mini_prc?bigsysid=SA10370098&minisysid=supplyscope_c4 HTTP/1.1" 200 99 "http://merp.yudo.com.cn:8183/WEI_2100/WEI_2100?formKey=Menu&menuSelection=asm" "Mozilla/5.0 (Linux; Android 8.0.0; SM-N9500 Build/R16NW; wv) AppleWebKit/537.36 (KHTML, like Gecko) Version/4.0 Chrome/67.0.3396.87 Mobile Safari/537.36"
59.63.204.4 - - [31/Jan/2019:21:27:07 +0800] "GET /WEI_2100/systemclass_mini_prc?bigsysid=SA10380159&minisysid=supplyscope_c5 HTTP/1.1" 200 492 "http://merp.yudo.com.cn:8183/WEI_2100/WEI_2100?formKey=Menu&menuSelection=asm" "Mozilla/5.0 (Linux; Android 8.0.0; SM-N9500 Build/R16NW; wv) AppleWebKit/537.36 (KHTML, like Gecko) Version/4.0 Chrome/67.0.3396.87 Mobile Safari/537.36"
::1 - - [31/Jan/2019:21:27:16 +0800] "OPTIONS * HTTP/1.0" 200 - "-" "Apache/2.4.6 (CentOS) PHP/5.6.32 (internal dummy connection)"
59.63.204.4 - - [31/Jan/2019:21:27:22 +0800] "GET /WEI_2100/login_user HTTP/1.1" 200 156 "http://merp.yudo.com.cn:8183/WEI_2100/WEI_2100?formKey=Menu&menuSelection=asm" "Mozilla/5.0 (Linux; Android 8.0.0; SM-N9500 Build/R16NW; wv) AppleWebKit/537.36 (KHTML, like Gecko) Version/4.0 Chrome/67.0.3396.87 Mobile Safari/537.36"
59.63.204.2 - - [31/Jan/2019:21:27:33 +0800] "GET /WEI_2100/order_prc?orderid=2018&orderby=%E5%8D%8E%E5%AE%9D%E7%99%BE%E9%A1%BA&ordercount=0 HTTP/1.1" 200 17192 "http://merp.yudo.com.cn:8183/WEI_2100/WEI_2100?formKey=Menu&menuSelection=asm" "Mozilla/5.0 (Linux; Android 8.0.0; SM-N9500 Build/R16NW; wv) AppleWebKit/537.36 (KHTML, like Gecko) Version/4.0 Chrome/67.0.3396.87 Mobile Safari/537.36"
59.63.204.2 - - [31/Jan/2019:21:27:37 +0800] "GET /WEI_2100/order_prc?orderid=2018&orderby=%E5%8D%8E%E5%AE%9D%E7%99%BE%E9%A1%BA&ordercount=50 HTTP/1.1" 200 66 "http://merp.yudo.com.cn:8183/WEI_2100/WEI_2100?formKey=Menu&menuSelection=asm" "Mozilla/5.0 (Linux; Android 8.0.0; SM-N9500 Build/R16NW; wv) AppleWebKit/537.36 (KHTML, like Gecko) Version/4.0 Chrome/67.0.3396.87 Mobile Safari/537.36"
59.63.204.2 - - [31/Jan/2019:21:27:38 +0800] "GET /WEI_2100/login_user HTTP/1.1" 200 156 "http://merp.yudo.com.cn:8183/WEI_2100/WEI_2100?formKey=Menu&menuSelection=asm" "Mozilla/5.0 (Linux; Android 8.0.0; SM-N9500 Build/R16NW; wv) AppleWebKit/537.36 (KHTML, like Gecko) Version/4.0 Chrome/67.0.3396.87 Mobile Safari/537.36"
59.63.204.4 - - [31/Jan/2019:21:27:38 +0800] "GET /WEI_2100/order_minute?orderid=2018010635 HTTP/1.1" 200 985 "http://merp.yudo.com.cn:8183/WEI_2100/WEI_2100?formKey=Menu&menuSelection=asm" "Mozilla/5.0 (Linux; Android 8.0.0; SM-N9500 Build/R16NW; wv) AppleWebKit/537.36 (KHTML, like Gecko) Version/4.0 Chrome/67.0.3396.87 Mobile Safari/537.36"
59.63.204.4 - - [31/Jan/2019:21:27:40 +0800] "GET /WEI_2100/systemclass_mini_prc?bigsysid=SA10340020&minisysid=supplyscope_c1 HTTP/1.1" 200 1053 "http://merp.yudo.com.cn:8183/WEI_2100/WEI_2100?formKey=Menu&menuSelection=asm" "Mozilla/5.0 (Linux; Android 8.0.0; SM-N9500 Build/R16NW; wv) AppleWebKit/537.36 (KHTML, like Gecko) Version/4.0 Chrome/67.0.3396.87 Mobile Safari/537.36"
59.63.204.2 - - [31/Jan/2019:21:27:40 +0800] "GET /WEI_2100/systemclass_mini_prc?bigsysid=SA10350018&minisysid=supplyscope_c2 HTTP/1.1" 200 167 "http://merp.yudo.com.cn:8183/WEI_2100/WEI_2100?formKey=Menu&menuSelection=asm" "Mozilla/5.0 (Linux; Android 8.0.0; SM-N9500 Build/R16NW; wv) AppleWebKit/537.36 (KHTML, like Gecko) Version/4.0 Chrome/67.0.3396.87 Mobile Safari/537.36"
59.63.204.4 - - [31/Jan/2019:21:27:40 +0800] "GET /WEI_2100/systemclass_mini_prc?bigsysid=SA10370441&minisysid=supplyscope_c4 HTTP/1.1" 200 137 "http://merp.yudo.com.cn:8183/WEI_2100/WEI_2100?formKey=Menu&menuSelection=asm" "Mozilla/5.0 (Linux; Android 8.0.0; SM-N9500 Build/R16NW; wv) AppleWebKit/537.36 (KHTML, like Gecko) Version/4.0 Chrome/67.0.3396.87 Mobile Safari/537.36"
59.63.204.4 - - [31/Jan/2019:21:27:40 +0800] "GET /WEI_2100/systemclass_mini_prc?bigsysid=SA10360098&minisysid=supplyscope_c3 HTTP/1.1" 200 237 "http://merp.yudo.com.cn:8183/WEI_2100/WEI_2100?formKey=Menu&menuSelection=asm" "Mozilla/5.0 (Linux; Android 8.0.0; SM-N9500 Build/R16NW; wv) AppleWebKit/537.36 (KHTML, like Gecko) Version/4.0 Chrome/67.0.3396.87 Mobile Safari/537.36"
59.63.204.4 - - [31/Jan/2019:21:27:40 +0800] "GET /WEI_2100/systemclass_mini_prc?bigsysid=SA10380697&minisysid=supplyscope_c5 HTTP/1.1" 200 241 "http://merp.yudo.com.cn:8183/WEI_2100/WEI_2100?formKey=Menu&menuSelection=asm" "Mozilla/5.0 (Linux; Android 8.0.0; SM-N9500 Build/R16NW; wv) AppleWebKit/537.36 (KHTML, like Gecko) Version/4.0 Chrome/67.0.3396.87 Mobile Safari/537.36"
59.63.204.2 - - [31/Jan/2019:21:27:40 +0800] "GET /WEI_2100/as_count?orderid=2018010635 HTTP/1.1" 200 74 "http://merp.yudo.com.cn:8183/WEI_2100/WEI_2100?formKey=Menu&menuSelection=asm" "Mozilla/5.0 (Linux; Android 8.0.0; SM-N9500 Build/R16NW; wv) AppleWebKit/537.36 (KHTML, like Gecko) Version/4.0 Chrome/67.0.3396.87 Mobile Safari/537.36"
::1 - - [31/Jan/2019:21:27:49 +0800] "OPTIONS * HTTP/1.0" 200 - "-" "Apache/2.4.6 (CentOS) PHP/5.6.32 (internal dummy connection)"
59.63.204.4 - - [31/Jan/2019:21:27:54 +0800] "GET /WEI_2100/systemclass_mini_prc?bigsysid=AS10110030&minisysid=ascause_c HTTP/1.1" 200 119 "http://merp.yudo.com.cn:8183/WEI_2100/WEI_2100?formKey=Menu&menuSelection=asm" "Mozilla/5.0 (Linux; Android 8.0.0; SM-N9500 Build/R16NW; wv) AppleWebKit/537.36 (KHTML, like Gecko) Version/4.0 Chrome/67.0.3396.87 Mobile Safari/537.36"
59.63.204.4 - - [31/Jan/2019:21:27:56 +0800] "GET /WEI_2100/systemclass_mini_prc?bigsysid=AS10060030&minisysid=asclass1_c HTTP/1.1" 200 803 "http://merp.yudo.com.cn:8183/WEI_2100/WEI_2100?formKey=Menu&menuSelection=asm" "Mozilla/5.0 (Linux; Android 8.0.0; SM-N9500 Build/R16NW; wv) AppleWebKit/537.36 (KHTML, like Gecko) Version/4.0 Chrome/67.0.3396.87 Mobile Safari/537.36"
59.83.201.116 - - [31/Jan/2019:21:28:44 +0800] "POST /WEI_2100/save_as HTTP/1.1" 200 74 "http://merp.yudo.com.cn:8183/WEI_2100/WEI_2100?formKey=Menu&menuSelection=asm" "Mozilla/5.0 (Linux; Android 8.0.0; SM-N9500 Build/R16NW; wv) AppleWebKit/537.36 (KHTML, like Gecko) Version/4.0 Chrome/67.0.3396.87 Mobile Safari/537.36"
59.83.201.116 - - [31/Jan/2019:21:28:45 +0800] "GET /WEI_2100/as_minute?asid=2019011241 HTTP/1.1" 200 1870 "http://merp.yudo.com.cn:8183/WEI_2100/WEI_2100?formKey=Menu&menuSelection=asm" "Mozilla/5.0 (Linux; Android 8.0.0; SM-N9500 Build/R16NW; wv) AppleWebKit/537.36 (KHTML, like Gecko) Version/4.0 Chrome/67.0.3396.87 Mobile Safari/537.36"
223.72.63.187 - - [31/Jan/2019:21:28:45 +0800] "GET /WEI_2100/as_minute_table?asid=2019011241 HTTP/1.1" 200 63 "http://merp.yudo.com.cn:8183/WEI_2100/WEI_2100?formKey=Menu&menuSelection=asm" "Mozilla/5.0 (Linux; Android 8.0.0; SM-N9500 Build/R16NW; wv) AppleWebKit/537.36 (KHTML, like Gecko) Version/4.0 Chrome/67.0.3396.87 Mobile Safari/537.36"
59.83.201.116 - - [31/Jan/2019:21:28:46 +0800] "GET /WEI_2100/systemclass_mini_prc?bigsysid=AS10110030&minisysid=ascause_c HTTP/1.1" 200 119 "http://merp.yudo.com.cn:8183/WEI_2100/WEI_2100?formKey=Menu&menuSelection=asm" "Mozilla/5.0 (Linux; Android 8.0.0; SM-N9500 Build/R16NW; wv) AppleWebKit/537.36 (KHTML, like Gecko) Version/4.0 Chrome/67.0.3396.87 Mobile Safari/537.36"
218.98.15.168 - - [31/Jan/2019:21:28:46 +0800] "GET /WEI_2100/systemclass_mini_prc?bigsysid=SA10340020&minisysid=supplyscope_c1 HTTP/1.1" 200 1053 "http://merp.yudo.com.cn:8183/WEI_2100/WEI_2100?formKey=Menu&menuSelection=asm" "Mozilla/5.0 (Linux; Android 8.0.0; SM-N9500 Build/R16NW; wv) AppleWebKit/537.36 (KHTML, like Gecko) Version/4.0 Chrome/67.0.3396.87 Mobile Safari/537.36"
218.98.15.168 - - [31/Jan/2019:21:28:46 +0800] "GET /WEI_2100/systemclass_mini_prc?bigsysid=AS10060030&minisysid=asclass1_c HTTP/1.1" 200 803 "http://merp.yudo.com.cn:8183/WEI_2100/WEI_2100?formKey=Menu&menuSelection=asm" "Mozilla/5.0 (Linux; Android 8.0.0; SM-N9500 Build/R16NW; wv) AppleWebKit/537.36 (KHTML, like Gecko) Version/4.0 Chrome/67.0.3396.87 Mobile Safari/537.36"
223.72.63.187 - - [31/Jan/2019:21:28:46 +0800] "GET /WEI_2100/systemclass_mini_prc?bigsysid=SA10370441&minisysid=supplyscope_c4 HTTP/1.1" 200 137 "http://merp.yudo.com.cn:8183/WEI_2100/WEI_2100?formKey=Menu&menuSelection=asm" "Mozilla/5.0 (Linux; Android 8.0.0; SM-N9500 Build/R16NW; wv) AppleWebKit/537.36 (KHTML, like Gecko) Version/4.0 Chrome/67.0.3396.87 Mobile Safari/537.36"
59.83.201.116 - - [31/Jan/2019:21:28:47 +0800] "GET /WEI_2100/systemclass_mini_prc?bigsysid=SA10380697&minisysid=supplyscope_c5 HTTP/1.1" 200 241 "http://merp.yudo.com.cn:8183/WEI_2100/WEI_2100?formKey=Menu&menuSelection=asm" "Mozilla/5.0 (Linux; Android 8.0.0; SM-N9500 Build/R16NW; wv) AppleWebKit/537.36 (KHTML, like Gecko) Version/4.0 Chrome/67.0.3396.87 Mobile Safari/537.36"
59.63.204.4 - - [31/Jan/2019:21:28:46 +0800] "GET /WEI_2100/systemclass_mini_prc?bigsysid=SA10360098&minisysid=supplyscope_c3 HTTP/1.1" 200 237 "http://merp.yudo.com.cn:8183/WEI_2100/WEI_2100?formKey=Menu&menuSelection=asm" "Mozilla/5.0 (Linux; Android 8.0.0; SM-N9500 Build/R16NW; wv) AppleWebKit/537.36 (KHTML, like Gecko) Version/4.0 Chrome/67.0.3396.87 Mobile Safari/537.36"
59.63.204.4 - - [31/Jan/2019:21:28:46 +0800] "GET /WEI_2100/systemclass_mini_prc?bigsysid=SA10350018&minisysid=supplyscope_c2 HTTP/1.1" 200 167 "http://merp.yudo.com.cn:8183/WEI_2100/WEI_2100?formKey=Menu&menuSelection=asm" "Mozilla/5.0 (Linux; Android 8.0.0; SM-N9500 Build/R16NW; wv) AppleWebKit/537.36 (KHTML, like Gecko) Version/4.0 Chrome/67.0.3396.87 Mobile Safari/537.36"
::1 - - [31/Jan/2019:21:28:58 +0800] "OPTIONS * HTTP/1.0" 200 - "-" "Apache/2.4.6 (CentOS) PHP/5.6.32 (internal dummy connection)"
59.63.204.4 - - [31/Jan/2019:21:30:11 +0800] "GET /WEI_2100/as_photo?asid=2019011241 HTTP/1.1" 200 67 "http://merp.yudo.com.cn:8183/WEI_2100/WEI_2100?formKey=Menu&menuSelection=asm" "Mozilla/5.0 (Linux; Android 8.0.0; SM-N9500 Build/R16NW; wv) AppleWebKit/537.36 (KHTML, like Gecko) Version/4.0 Chrome/67.0.3396.87 Mobile Safari/537.36"
59.63.204.4 - - [31/Jan/2019:21:30:15 +0800] "POST /WEI_2100/WEI_2100/upload_photo?asid=2019011241 HTTP/1.1" 200 234 "http://merp.yudo.com.cn:8183/WEI_2100/WEI_2100?formKey=Menu&menuSelection=asm" "Mozilla/5.0 (Linux; Android 8.0.0; SM-N9500 Build/R16NW; wv) AppleWebKit/537.36 (KHTML, like Gecko) Version/4.0 Chrome/67.0.3396.87 Mobile Safari/537.36"
59.63.204.4 - - [31/Jan/2019:21:30:18 +0800] "GET /WEI_2100/as_photo?asid=2019011241 HTTP/1.1" 200 225 "http://merp.yudo.com.cn:8183/WEI_2100/WEI_2100?formKey=Menu&menuSelection=asm" "Mozilla/5.0 (Linux; Android 8.0.0; SM-N9500 Build/R16NW; wv) AppleWebKit/537.36 (KHTML, like Gecko) Version/4.0 Chrome/67.0.3396.87 Mobile Safari/537.36"
59.63.204.4 - - [31/Jan/2019:21:30:19 +0800] "GET /image/uploads/AS/ASReceipt/201901/2019011241/M20190131093018584.jpg HTTP/1.1" 200 62691 "http://merp.yudo.com.cn:8183/WEI_2100/WEI_2100?formKey=Menu&menuSelection=asm" "Mozilla/5.0 (Linux; Android 8.0.0; SM-N9500 Build/R16NW; wv) AppleWebKit/537.36 (KHTML, like Gecko) Version/4.0 Chrome/67.0.3396.87 Mobile Safari/537.36"
218.98.15.168 - - [31/Jan/2019:21:30:44 +0800] "GET /WEI_2100/as_item?asitemid=TNPGBSM03&asitemnm=&asitempage=0 HTTP/1.1" 200 459 "http://merp.yudo.com.cn:8183/WEI_2100/WEI_2100?formKey=Menu&menuSelection=asm" "Mozilla/5.0 (Linux; Android 8.0.0; SM-N9500 Build/R16NW; wv) AppleWebKit/537.36 (KHTML, like Gecko) Version/4.0 Chrome/67.0.3396.87 Mobile Safari/537.36"
59.63.204.4 - - [31/Jan/2019:21:31:02 +0800] "POST /WEI_2100/save_astable HTTP/1.1" 200 257 "http://merp.yudo.com.cn:8183/WEI_2100/WEI_2100?formKey=Menu&menuSelection=asm" "Mozilla/5.0 (Linux; Android 8.0.0; SM-N9500 Build/R16NW; wv) AppleWebKit/537.36 (KHTML, like Gecko) Version/4.0 Chrome/67.0.3396.87 Mobile Safari/537.36"
59.63.204.4 - - [31/Jan/2019:21:31:02 +0800] "GET /WEI_2100/as_minute_table?asid=2019011241 HTTP/1.1" 200 443 "http://merp.yudo.com.cn:8183/WEI_2100/WEI_2100?formKey=Menu&menuSelection=asm" "Mozilla/5.0 (Linux; Android 8.0.0; SM-N9500 Build/R16NW; wv) AppleWebKit/537.36 (KHTML, like Gecko) Version/4.0 Chrome/67.0.3396.87 Mobile Safari/537.36"
218.98.15.168 - - [31/Jan/2019:21:31:16 +0800] "POST /WEI_2100/save_as HTTP/1.1" 200 76 "http://merp.yudo.com.cn:8183/WEI_2100/WEI_2100?formKey=Menu&menuSelection=asm" "Mozilla/5.0 (Linux; Android 8.0.0; SM-N9500 Build/R16NW; wv) AppleWebKit/537.36 (KHTML, like Gecko) Version/4.0 Chrome/67.0.3396.87 Mobile Safari/537.36"
218.98.15.168 - - [31/Jan/2019:21:31:17 +0800] "GET /WEI_2100/as_minute?asid=2019011241 HTTP/1.1" 200 1928 "http://merp.yudo.com.cn:8183/WEI_2100/WEI_2100?formKey=Menu&menuSelection=asm" "Mozilla/5.0 (Linux; Android 8.0.0; SM-N9500 Build/R16NW; wv) AppleWebKit/537.36 (KHTML, like Gecko) Version/4.0 Chrome/67.0.3396.87 Mobile Safari/537.36"
59.63.204.4 - - [31/Jan/2019:21:31:17 +0800] "GET /WEI_2100/as_minute_table?asid=2019011241 HTTP/1.1" 200 443 "http://merp.yudo.com.cn:8183/WEI_2100/WEI_2100?formKey=Menu&menuSelection=asm" "Mozilla/5.0 (Linux; Android 8.0.0; SM-N9500 Build/R16NW; wv) AppleWebKit/537.36 (KHTML, like Gecko) Version/4.0 Chrome/67.0.3396.87 Mobile Safari/537.36"
218.98.15.168 - - [31/Jan/2019:21:31:18 +0800] "GET /WEI_2100/systemclass_mini_prc?bigsysid=AS10060030&minisysid=asclass1_c HTTP/1.1" 200 803 "http://merp.yudo.com.cn:8183/WEI_2100/WEI_2100?formKey=Menu&menuSelection=asm" "Mozilla/5.0 (Linux; Android 8.0.0; SM-N9500 Build/R16NW; wv) AppleWebKit/537.36 (KHTML, like Gecko) Version/4.0 Chrome/67.0.3396.87 Mobile Safari/537.36"
59.63.204.4 - - [31/Jan/2019:21:31:18 +0800] "GET /WEI_2100/systemclass_mini_prc?bigsysid=SA10340020&minisysid=supplyscope_c1 HTTP/1.1" 200 1053 "http://merp.yudo.com.cn:8183/WEI_2100/WEI_2100?formKey=Menu&menuSelection=asm" "Mozilla/5.0 (Linux; Android 8.0.0; SM-N9500 Build/R16NW; wv) AppleWebKit/537.36 (KHTML, like Gecko) Version/4.0 Chrome/67.0.3396.87 Mobile Safari/537.36"
59.63.204.4 - - [31/Jan/2019:21:31:18 +0800] "GET /WEI_2100/systemclass_mini_prc?bigsysid=AS10110030&minisysid=ascause_c HTTP/1.1" 200 119 "http://merp.yudo.com.cn:8183/WEI_2100/WEI_2100?formKey=Menu&menuSelection=asm" "Mozilla/5.0 (Linux; Android 8.0.0; SM-N9500 Build/R16NW; wv) AppleWebKit/537.36 (KHTML, like Gecko) Version/4.0 Chrome/67.0.3396.87 Mobile Safari/537.36"
223.72.63.187 - - [31/Jan/2019:21:31:18 +0800] "GET /WEI_2100/systemclass_mini_prc?bigsysid=SA10360098&minisysid=supplyscope_c3 HTTP/1.1" 200 237 "http://merp.yudo.com.cn:8183/WEI_2100/WEI_2100?formKey=Menu&menuSelection=asm" "Mozilla/5.0 (Linux; Android 8.0.0; SM-N9500 Build/R16NW; wv) AppleWebKit/537.36 (KHTML, like Gecko) Version/4.0 Chrome/67.0.3396.87 Mobile Safari/537.36"
218.98.15.168 - - [31/Jan/2019:21:31:21 +0800] "GET /WEI_2100/systemclass_mini_prc?bigsysid=SA10380697&minisysid=supplyscope_c5 HTTP/1.1" 200 241 "http://merp.yudo.com.cn:8183/WEI_2100/WEI_2100?formKey=Menu&menuSelection=asm" "Mozilla/5.0 (Linux; Android 8.0.0; SM-N9500 Build/R16NW; wv) AppleWebKit/537.36 (KHTML, like Gecko) Version/4.0 Chrome/67.0.3396.87 Mobile Safari/537.36"
116.136.20.207 - - [31/Jan/2019:21:31:18 +0800] "GET /WEI_2100/systemclass_mini_prc?bigsysid=SA10370441&minisysid=supplyscope_c4 HTTP/1.1" 200 137 "http://merp.yudo.com.cn:8183/WEI_2100/WEI_2100?formKey=Menu&menuSelection=asm" "Mozilla/5.0 (Linux; Android 8.0.0; SM-N9500 Build/R16NW; wv) AppleWebKit/537.36 (KHTML, like Gecko) Version/4.0 Chrome/67.0.3396.87 Mobile Safari/537.36"
59.63.204.4 - - [31/Jan/2019:21:31:22 +0800] "POST /WEI_2100/subAdjudication HTTP/1.1" 200 71 "http://merp.yudo.com.cn:8183/WEI_2100/WEI_2100?formKey=Menu&menuSelection=asm" "Mozilla/5.0 (Linux; Android 8.0.0; SM-N9500 Build/R16NW; wv) AppleWebKit/537.36 (KHTML, like Gecko) Version/4.0 Chrome/67.0.3396.87 Mobile Safari/537.36"
223.72.63.187 - - [31/Jan/2019:21:31:18 +0800] "GET /WEI_2100/systemclass_mini_prc?bigsysid=SA10350018&minisysid=supplyscope_c2 HTTP/1.1" 200 167 "http://merp.yudo.com.cn:8183/WEI_2100/WEI_2100?formKey=Menu&menuSelection=asm" "Mozilla/5.0 (Linux; Android 8.0.0; SM-N9500 Build/R16NW; wv) AppleWebKit/537.36 (KHTML, like Gecko) Version/4.0 Chrome/67.0.3396.87 Mobile Safari/537.36"
218.98.15.168 - - [31/Jan/2019:21:31:24 +0800] "POST /WEI_2100/as_sendSmsToUser HTTP/1.1" 200 66 "http://merp.yudo.com.cn:8183/WEI_2100/WEI_2100?formKey=Menu&menuSelection=asm" "Mozilla/5.0 (Linux; Android 8.0.0; SM-N9500 Build/R16NW; wv) AppleWebKit/537.36 (KHTML, like Gecko) Version/4.0 Chrome/67.0.3396.87 Mobile Safari/537.36"
116.136.20.207 - - [31/Jan/2019:21:31:24 +0800] "GET /WEI_2100/as_minute_table?asid=2019011241 HTTP/1.1" 200 443 "http://merp.yudo.com.cn:8183/WEI_2100/WEI_2100?formKey=Menu&menuSelection=asm" "Mozilla/5.0 (Linux; Android 8.0.0; SM-N9500 Build/R16NW; wv) AppleWebKit/537.36 (KHTML, like Gecko) Version/4.0 Chrome/67.0.3396.87 Mobile Safari/537.36"
59.63.204.4 - - [31/Jan/2019:21:31:24 +0800] "GET /WEI_2100/as_minute?asid=2019011241 HTTP/1.1" 200 1928 "http://merp.yudo.com.cn:8183/WEI_2100/WEI_2100?formKey=Menu&menuSelection=asm" "Mozilla/5.0 (Linux; Android 8.0.0; SM-N9500 Build/R16NW; wv) AppleWebKit/537.36 (KHTML, like Gecko) Version/4.0 Chrome/67.0.3396.87 Mobile Safari/537.36"
218.98.15.168 - - [31/Jan/2019:21:31:26 +0800] "GET /WEI_2100/systemclass_mini_prc?bigsysid=SA10340020&minisysid=supplyscope_c1 HTTP/1.1" 200 1053 "http://merp.yudo.com.cn:8183/WEI_2100/WEI_2100?formKey=Menu&menuSelection=asm" "Mozilla/5.0 (Linux; Android 8.0.0; SM-N9500 Build/R16NW; wv) AppleWebKit/537.36 (KHTML, like Gecko) Version/4.0 Chrome/67.0.3396.87 Mobile Safari/537.36"
116.136.20.207 - - [31/Jan/2019:21:31:26 +0800] "GET /WEI_2100/systemclass_mini_prc?bigsysid=AS10060030&minisysid=asclass1_c HTTP/1.1" 200 803 "http://merp.yudo.com.cn:8183/WEI_2100/WEI_2100?formKey=Menu&menuSelection=asm" "Mozilla/5.0 (Linux; Android 8.0.0; SM-N9500 Build/R16NW; wv) AppleWebKit/537.36 (KHTML, like Gecko) Version/4.0 Chrome/67.0.3396.87 Mobile Safari/537.36"
223.72.63.187 - - [31/Jan/2019:21:31:26 +0800] "GET /WEI_2100/systemclass_mini_prc?bigsysid=SA10360098&minisysid=supplyscope_c3 HTTP/1.1" 200 237 "http://merp.yudo.com.cn:8183/WEI_2100/WEI_2100?formKey=Menu&menuSelection=asm" "Mozilla/5.0 (Linux; Android 8.0.0; SM-N9500 Build/R16NW; wv) AppleWebKit/537.36 (KHTML, like Gecko) Version/4.0 Chrome/67.0.3396.87 Mobile Safari/537.36"
59.63.204.2 - - [31/Jan/2019:21:31:27 +0800] "GET /WEI_2100/systemclass_mini_prc?bigsysid=SA10380697&minisysid=supplyscope_c5 HTTP/1.1" 200 241 "http://merp.yudo.com.cn:8183/WEI_2100/WEI_2100?formKey=Menu&menuSelection=asm" "Mozilla/5.0 (Linux; Android 8.0.0; SM-N9500 Build/R16NW; wv) AppleWebKit/537.36 (KHTML, like Gecko) Version/4.0 Chrome/67.0.3396.87 Mobile Safari/537.36"
223.72.63.187 - - [31/Jan/2019:21:31:26 +0800] "GET /WEI_2100/systemclass_mini_prc?bigsysid=SA10350018&minisysid=supplyscope_c2 HTTP/1.1" 200 167 "http://merp.yudo.com.cn:8183/WEI_2100/WEI_2100?formKey=Menu&menuSelection=asm" "Mozilla/5.0 (Linux; Android 8.0.0; SM-N9500 Build/R16NW; wv) AppleWebKit/537.36 (KHTML, like Gecko) Version/4.0 Chrome/67.0.3396.87 Mobile Safari/537.36"
59.63.204.4 - - [31/Jan/2019:21:31:26 +0800] "GET /WEI_2100/systemclass_mini_prc?bigsysid=AS10110030&minisysid=ascause_c HTTP/1.1" 200 119 "http://merp.yudo.com.cn:8183/WEI_2100/WEI_2100?formKey=Menu&menuSelection=asm" "Mozilla/5.0 (Linux; Android 8.0.0; SM-N9500 Build/R16NW; wv) AppleWebKit/537.36 (KHTML, like Gecko) Version/4.0 Chrome/67.0.3396.87 Mobile Safari/537.36"
218.98.15.168 - - [31/Jan/2019:21:31:27 +0800] "GET /WEI_2100/systemclass_mini_prc?bigsysid=SA10370441&minisysid=supplyscope_c4 HTTP/1.1" 200 137 "http://merp.yudo.com.cn:8183/WEI_2100/WEI_2100?formKey=Menu&menuSelection=asm" "Mozilla/5.0 (Linux; Android 8.0.0; SM-N9500 Build/R16NW; wv) AppleWebKit/537.36 (KHTML, like Gecko) Version/4.0 Chrome/67.0.3396.87 Mobile Safari/537.36"
218.98.15.168 - - [31/Jan/2019:21:31:33 +0800] "GET /WEI_2100/login_user HTTP/1.1" 200 156 "http://merp.yudo.com.cn:8183/WEI_2100/WEI_2100?formKey=Menu&menuSelection=asm" "Mozilla/5.0 (Linux; Android 8.0.0; SM-N9500 Build/R16NW; wv) AppleWebKit/537.36 (KHTML, like Gecko) Version/4.0 Chrome/67.0.3396.87 Mobile Safari/537.36"
::1 - - [31/Jan/2019:21:31:38 +0800] "OPTIONS * HTTP/1.0" 200 - "-" "Apache/2.4.6 (CentOS) PHP/5.6.32 (internal dummy connection)"
59.63.204.4 - - [31/Jan/2019:21:31:45 +0800] "GET /WEI_2100/order_prc?orderid=2018&orderby=%E6%B0%B8%E6%88%90%E8%93%9D%E9%B2%B8&ordercount=0 HTTP/1.1" 200 20519 "http://merp.yudo.com.cn:8183/WEI_2100/WEI_2100?formKey=Menu&menuSelection=asm" "Mozilla/5.0 (Linux; Android 8.0.0; SM-N9500 Build/R16NW; wv) AppleWebKit/537.36 (KHTML, like Gecko) Version/4.0 Chrome/67.0.3396.87 Mobile Safari/537.36"
59.63.204.4 - - [31/Jan/2019:21:32:00 +0800] "GET /WEI_2100/order_prc?orderid=2018&orderby=%E6%B0%B8%E6%88%90%E8%93%9D%E9%B2%B8&ordercount=50 HTTP/1.1" 200 20584 "http://merp.yudo.com.cn:8183/WEI_2100/WEI_2100?formKey=Menu&menuSelection=asm" "Mozilla/5.0 (Linux; Android 8.0.0; SM-N9500 Build/R16NW; wv) AppleWebKit/537.36 (KHTML, like Gecko) Version/4.0 Chrome/67.0.3396.87 Mobile Safari/537.36"
59.63.204.4 - - [31/Jan/2019:21:32:05 +0800] "GET /WEI_2100/login_user HTTP/1.1" 200 156 "http://merp.yudo.com.cn:8183/WEI_2100/WEI_2100?formKey=Menu&menuSelection=asm" "Mozilla/5.0 (Linux; Android 8.0.0; SM-N9500 Build/R16NW; wv) AppleWebKit/537.36 (KHTML, like Gecko) Version/4.0 Chrome/67.0.3396.87 Mobile Safari/537.36"
218.98.15.168 - - [31/Jan/2019:21:32:05 +0800] "GET /WEI_2100/order_minute?orderid=2018063343 HTTP/1.1" 200 979 "http://merp.yudo.com.cn:8183/WEI_2100/WEI_2100?formKey=Menu&menuSelection=asm" "Mozilla/5.0 (Linux; Android 8.0.0; SM-N9500 Build/R16NW; wv) AppleWebKit/537.36 (KHTML, like Gecko) Version/4.0 Chrome/67.0.3396.87 Mobile Safari/537.36"
218.98.15.168 - - [31/Jan/2019:21:32:06 +0800] "GET /WEI_2100/systemclass_mini_prc?bigsysid=SA10340020&minisysid=supplyscope_c1 HTTP/1.1" 200 1053 "http://merp.yudo.com.cn:8183/WEI_2100/WEI_2100?formKey=Menu&menuSelection=asm" "Mozilla/5.0 (Linux; Android 8.0.0; SM-N9500 Build/R16NW; wv) AppleWebKit/537.36 (KHTML, like Gecko) Version/4.0 Chrome/67.0.3396.87 Mobile Safari/537.36"
117.132.154.157 - - [31/Jan/2019:21:32:07 +0800] "GET /WEI_2100/as_count?orderid=2018063343 HTTP/1.1" 200 74 "http://merp.yudo.com.cn:8183/WEI_2100/WEI_2100?formKey=Menu&menuSelection=asm" "Mozilla/5.0 (Linux; Android 8.0.0; SM-N9500 Build/R16NW; wv) AppleWebKit/537.36 (KHTML, like Gecko) Version/4.0 Chrome/67.0.3396.87 Mobile Safari/537.36"
116.136.20.207 - - [31/Jan/2019:21:32:07 +0800] "GET /WEI_2100/systemclass_mini_prc?bigsysid=SA10380653&minisysid=supplyscope_c5 HTTP/1.1" 200 240 "http://merp.yudo.com.cn:8183/WEI_2100/WEI_2100?formKey=Menu&menuSelection=asm" "Mozilla/5.0 (Linux; Android 8.0.0; SM-N9500 Build/R16NW; wv) AppleWebKit/537.36 (KHTML, like Gecko) Version/4.0 Chrome/67.0.3396.87 Mobile Safari/537.36"
59.63.204.4 - - [31/Jan/2019:21:32:06 +0800] "GET /WEI_2100/systemclass_mini_prc?bigsysid=SA10360135&minisysid=supplyscope_c3 HTTP/1.1" 200 237 "http://merp.yudo.com.cn:8183/WEI_2100/WEI_2100?formKey=Menu&menuSelection=asm" "Mozilla/5.0 (Linux; Android 8.0.0; SM-N9500 Build/R16NW; wv) AppleWebKit/537.36 (KHTML, like Gecko) Version/4.0 Chrome/67.0.3396.87 Mobile Safari/537.36"
59.63.204.4 - - [31/Jan/2019:21:32:06 +0800] "GET /WEI_2100/systemclass_mini_prc?bigsysid=SA10350019&minisysid=supplyscope_c2 HTTP/1.1" 200 167 "http://merp.yudo.com.cn:8183/WEI_2100/WEI_2100?formKey=Menu&menuSelection=asm" "Mozilla/5.0 (Linux; Android 8.0.0; SM-N9500 Build/R16NW; wv) AppleWebKit/537.36 (KHTML, like Gecko) Version/4.0 Chrome/67.0.3396.87 Mobile Safari/537.36"
223.72.63.187 - - [31/Jan/2019:21:32:07 +0800] "GET /WEI_2100/systemclass_mini_prc?bigsysid=SA10370412&minisysid=supplyscope_c4 HTTP/1.1" 200 137 "http://merp.yudo.com.cn:8183/WEI_2100/WEI_2100?formKey=Menu&menuSelection=asm" "Mozilla/5.0 (Linux; Android 8.0.0; SM-N9500 Build/R16NW; wv) AppleWebKit/537.36 (KHTML, like Gecko) Version/4.0 Chrome/67.0.3396.87 Mobile Safari/537.36"
::1 - - [31/Jan/2019:21:32:18 +0800] "OPTIONS * HTTP/1.0" 200 - "-" "Apache/2.4.6 (CentOS) PHP/5.6.32 (internal dummy connection)"
116.136.20.207 - - [31/Jan/2019:21:32:26 +0800] "GET /WEI_2100/systemclass_mini_prc?bigsysid=AS10110030&minisysid=ascause_c HTTP/1.1" 200 119 "http://merp.yudo.com.cn:8183/WEI_2100/WEI_2100?formKey=Menu&menuSelection=asm" "Mozilla/5.0 (Linux; Android 8.0.0; SM-N9500 Build/R16NW; wv) AppleWebKit/537.36 (KHTML, like Gecko) Version/4.0 Chrome/67.0.3396.87 Mobile Safari/537.36"
116.136.20.207 - - [31/Jan/2019:21:32:29 +0800] "GET /WEI_2100/systemclass_mini_prc?bigsysid=AS10060030&minisysid=asclass1_c HTTP/1.1" 200 803 "http://merp.yudo.com.cn:8183/WEI_2100/WEI_2100?formKey=Menu&menuSelection=asm" "Mozilla/5.0 (Linux; Android 8.0.0; SM-N9500 Build/R16NW; wv) AppleWebKit/537.36 (KHTML, like Gecko) Version/4.0 Chrome/67.0.3396.87 Mobile Safari/537.36"
218.98.15.168 - - [31/Jan/2019:21:33:22 +0800] "POST /WEI_2100/save_as HTTP/1.1" 200 74 "http://merp.yudo.com.cn:8183/WEI_2100/WEI_2100?formKey=Menu&menuSelection=asm" "Mozilla/5.0 (Linux; Android 8.0.0; SM-N9500 Build/R16NW; wv) AppleWebKit/537.36 (KHTML, like Gecko) Version/4.0 Chrome/67.0.3396.87 Mobile Safari/537.36"
218.98.15.168 - - [31/Jan/2019:21:33:23 +0800] "GET /WEI_2100/as_minute?asid=2019011242 HTTP/1.1" 200 1856 "http://merp.yudo.com.cn:8183/WEI_2100/WEI_2100?formKey=Menu&menuSelection=asm" "Mozilla/5.0 (Linux; Android 8.0.0; SM-N9500 Build/R16NW; wv) AppleWebKit/537.36 (KHTML, like Gecko) Version/4.0 Chrome/67.0.3396.87 Mobile Safari/537.36"
59.63.204.4 - - [31/Jan/2019:21:33:23 +0800] "GET /WEI_2100/as_minute_table?asid=2019011242 HTTP/1.1" 200 63 "http://merp.yudo.com.cn:8183/WEI_2100/WEI_2100?formKey=Menu&menuSelection=asm" "Mozilla/5.0 (Linux; Android 8.0.0; SM-N9500 Build/R16NW; wv) AppleWebKit/537.36 (KHTML, like Gecko) Version/4.0 Chrome/67.0.3396.87 Mobile Safari/537.36"
218.98.15.168 - - [31/Jan/2019:21:33:25 +0800] "GET /WEI_2100/systemclass_mini_prc?bigsysid=AS10110030&minisysid=ascause_c HTTP/1.1" 200 119 "http://merp.yudo.com.cn:8183/WEI_2100/WEI_2100?formKey=Menu&menuSelection=asm" "Mozilla/5.0 (Linux; Android 8.0.0; SM-N9500 Build/R16NW; wv) AppleWebKit/537.36 (KHTML, like Gecko) Version/4.0 Chrome/67.0.3396.87 Mobile Safari/537.36"
59.63.204.4 - - [31/Jan/2019:21:33:25 +0800] "GET /WEI_2100/systemclass_mini_prc?bigsysid=AS10060030&minisysid=asclass1_c HTTP/1.1" 200 803 "http://merp.yudo.com.cn:8183/WEI_2100/WEI_2100?formKey=Menu&menuSelection=asm" "Mozilla/5.0 (Linux; Android 8.0.0; SM-N9500 Build/R16NW; wv) AppleWebKit/537.36 (KHTML, like Gecko) Version/4.0 Chrome/67.0.3396.87 Mobile Safari/537.36"
59.63.204.4 - - [31/Jan/2019:21:33:25 +0800] "GET /WEI_2100/systemclass_mini_prc?bigsysid=SA10340020&minisysid=supplyscope_c1 HTTP/1.1" 200 1053 "http://merp.yudo.com.cn:8183/WEI_2100/WEI_2100?formKey=Menu&menuSelection=asm" "Mozilla/5.0 (Linux; Android 8.0.0; SM-N9500 Build/R16NW; wv) AppleWebKit/537.36 (KHTML, like Gecko) Version/4.0 Chrome/67.0.3396.87 Mobile Safari/537.36"
218.98.15.168 - - [31/Jan/2019:21:33:25 +0800] "GET /WEI_2100/systemclass_mini_prc?bigsysid=SA10370412&minisysid=supplyscope_c4 HTTP/1.1" 200 137 "http://merp.yudo.com.cn:8183/WEI_2100/WEI_2100?formKey=Menu&menuSelection=asm" "Mozilla/5.0 (Linux; Android 8.0.0; SM-N9500 Build/R16NW; wv) AppleWebKit/537.36 (KHTML, like Gecko) Version/4.0 Chrome/67.0.3396.87 Mobile Safari/537.36"
117.132.154.159 - - [31/Jan/2019:21:33:27 +0800] "GET /WEI_2100/systemclass_mini_prc?bigsysid=SA10380653&minisysid=supplyscope_c5 HTTP/1.1" 200 240 "http://merp.yudo.com.cn:8183/WEI_2100/WEI_2100?formKey=Menu&menuSelection=asm" "Mozilla/5.0 (Linux; Android 8.0.0; SM-N9500 Build/R16NW; wv) AppleWebKit/537.36 (KHTML, like Gecko) Version/4.0 Chrome/67.0.3396.87 Mobile Safari/537.36"
59.63.204.4 - - [31/Jan/2019:21:33:27 +0800] "GET /WEI_2100/systemclass_mini_prc?bigsysid=SA10360135&minisysid=supplyscope_c3 HTTP/1.1" 200 237 "http://merp.yudo.com.cn:8183/WEI_2100/WEI_2100?formKey=Menu&menuSelection=asm" "Mozilla/5.0 (Linux; Android 8.0.0; SM-N9500 Build/R16NW; wv) AppleWebKit/537.36 (KHTML, like Gecko) Version/4.0 Chrome/67.0.3396.87 Mobile Safari/537.36"
117.132.154.159 - - [31/Jan/2019:21:33:25 +0800] "GET /WEI_2100/systemclass_mini_prc?bigsysid=SA10350019&minisysid=supplyscope_c2 HTTP/1.1" 200 167 "http://merp.yudo.com.cn:8183/WEI_2100/WEI_2100?formKey=Menu&menuSelection=asm" "Mozilla/5.0 (Linux; Android 8.0.0; SM-N9500 Build/R16NW; wv) AppleWebKit/537.36 (KHTML, like Gecko) Version/4.0 Chrome/67.0.3396.87 Mobile Safari/537.36"
117.132.154.157 - - [31/Jan/2019:21:34:18 +0800] "-" 408 - "-" "-"
59.63.204.4 - - [31/Jan/2019:21:35:22 +0800] "GET /WEI_2100/as_photo?asid=2019011242 HTTP/1.1" 200 67 "http://merp.yudo.com.cn:8183/WEI_2100/WEI_2100?formKey=Menu&menuSelection=asm" "Mozilla/5.0 (Linux; Android 8.0.0; SM-N9500 Build/R16NW; wv) AppleWebKit/537.36 (KHTML, like Gecko) Version/4.0 Chrome/67.0.3396.87 Mobile Safari/537.36"
59.63.204.2 - - [31/Jan/2019:21:35:30 +0800] "POST /WEI_2100/WEI_2100/upload_photo?asid=2019011242 HTTP/1.1" 200 234 "http://merp.yudo.com.cn:8183/WEI_2100/WEI_2100?formKey=Menu&menuSelection=asm" "Mozilla/5.0 (Linux; Android 8.0.0; SM-N9500 Build/R16NW; wv) AppleWebKit/537.36 (KHTML, like Gecko) Version/4.0 Chrome/67.0.3396.87 Mobile Safari/537.36"
59.63.204.2 - - [31/Jan/2019:21:35:31 +0800] "GET /WEI_2100/as_photo?asid=2019011242 HTTP/1.1" 200 225 "http://merp.yudo.com.cn:8183/WEI_2100/WEI_2100?formKey=Menu&menuSelection=asm" "Mozilla/5.0 (Linux; Android 8.0.0; SM-N9500 Build/R16NW; wv) AppleWebKit/537.36 (KHTML, like Gecko) Version/4.0 Chrome/67.0.3396.87 Mobile Safari/537.36"
59.63.204.2 - - [31/Jan/2019:21:35:33 +0800] "GET /image/uploads/AS/ASReceipt/201901/2019011242/M20190131093531750.jpg HTTP/1.1" 200 148080 "http://merp.yudo.com.cn:8183/WEI_2100/WEI_2100?formKey=Menu&menuSelection=asm" "Mozilla/5.0 (Linux; Android 8.0.0; SM-N9500 Build/R16NW; wv) AppleWebKit/537.36 (KHTML, like Gecko) Version/4.0 Chrome/67.0.3396.87 Mobile Safari/537.36"
59.63.204.4 - - [31/Jan/2019:21:35:48 +0800] "GET /WEI_2100/as_item?asitemid=TNPGB04&asitemnm=&asitempage=0 HTTP/1.1" 200 468 "http://merp.yudo.com.cn:8183/WEI_2100/WEI_2100?formKey=Menu&menuSelection=asm" "Mozilla/5.0 (Linux; Android 8.0.0; SM-N9500 Build/R16NW; wv) AppleWebKit/537.36 (KHTML, like Gecko) Version/4.0 Chrome/67.0.3396.87 Mobile Safari/537.36"
59.63.204.4 - - [31/Jan/2019:21:37:14 +0800] "GET /WEI_2100/as_item?asitemid=TNPGBSM04CN1&asitemnm=&asitempage=0 HTTP/1.1" 200 278 "http://merp.yudo.com.cn:8183/WEI_2100/WEI_2100?formKey=Menu&menuSelection=asm" "Mozilla/5.0 (Linux; Android 8.0.0; SM-N9500 Build/R16NW; wv) AppleWebKit/537.36 (KHTML, like Gecko) Version/4.0 Chrome/67.0.3396.87 Mobile Safari/537.36"
117.132.154.160 - - [31/Jan/2019:21:37:50 +0800] "POST /WEI_2100/save_astable HTTP/1.1" 200 257 "http://merp.yudo.com.cn:8183/WEI_2100/WEI_2100?formKey=Menu&menuSelection=asm" "Mozilla/5.0 (Linux; Android 8.0.0; SM-N9500 Build/R16NW; wv) AppleWebKit/537.36 (KHTML, like Gecko) Version/4.0 Chrome/67.0.3396.87 Mobile Safari/537.36"
117.132.154.160 - - [31/Jan/2019:21:37:50 +0800] "GET /WEI_2100/as_minute_table?asid=2019011242 HTTP/1.1" 200 448 "http://merp.yudo.com.cn:8183/WEI_2100/WEI_2100?formKey=Menu&menuSelection=asm" "Mozilla/5.0 (Linux; Android 8.0.0; SM-N9500 Build/R16NW; wv) AppleWebKit/537.36 (KHTML, like Gecko) Version/4.0 Chrome/67.0.3396.87 Mobile Safari/537.36"
59.63.204.4 - - [31/Jan/2019:21:38:05 +0800] "POST /WEI_2100/save_as HTTP/1.1" 200 76 "http://merp.yudo.com.cn:8183/WEI_2100/WEI_2100?formKey=Menu&menuSelection=asm" "Mozilla/5.0 (Linux; Android 8.0.0; SM-N9500 Build/R16NW; wv) AppleWebKit/537.36 (KHTML, like Gecko) Version/4.0 Chrome/67.0.3396.87 Mobile Safari/537.36"
59.63.204.4 - - [31/Jan/2019:21:38:05 +0800] "GET /WEI_2100/as_minute?asid=2019011242 HTTP/1.1" 200 1918 "http://merp.yudo.com.cn:8183/WEI_2100/WEI_2100?formKey=Menu&menuSelection=asm" "Mozilla/5.0 (Linux; Android 8.0.0; SM-N9500 Build/R16NW; wv) AppleWebKit/537.36 (KHTML, like Gecko) Version/4.0 Chrome/67.0.3396.87 Mobile Safari/537.36"
59.63.204.4 - - [31/Jan/2019:21:38:06 +0800] "GET /WEI_2100/systemclass_mini_prc?bigsysid=AS10110030&minisysid=ascause_c HTTP/1.1" 200 119 "http://merp.yudo.com.cn:8183/WEI_2100/WEI_2100?formKey=Menu&menuSelection=asm" "Mozilla/5.0 (Linux; Android 8.0.0; SM-N9500 Build/R16NW; wv) AppleWebKit/537.36 (KHTML, like Gecko) Version/4.0 Chrome/67.0.3396.87 Mobile Safari/537.36"
59.63.204.4 - - [31/Jan/2019:21:38:06 +0800] "GET /WEI_2100/systemclass_mini_prc?bigsysid=AS10060030&minisysid=asclass1_c HTTP/1.1" 200 803 "http://merp.yudo.com.cn:8183/WEI_2100/WEI_2100?formKey=Menu&menuSelection=asm" "Mozilla/5.0 (Linux; Android 8.0.0; SM-N9500 Build/R16NW; wv) AppleWebKit/537.36 (KHTML, like Gecko) Version/4.0 Chrome/67.0.3396.87 Mobile Safari/537.36"
116.136.20.207 - - [31/Jan/2019:21:38:06 +0800] "GET /WEI_2100/systemclass_mini_prc?bigsysid=SA10360135&minisysid=supplyscope_c3 HTTP/1.1" 200 237 "http://merp.yudo.com.cn:8183/WEI_2100/WEI_2100?formKey=Menu&menuSelection=asm" "Mozilla/5.0 (Linux; Android 8.0.0; SM-N9500 Build/R16NW; wv) AppleWebKit/537.36 (KHTML, like Gecko) Version/4.0 Chrome/67.0.3396.87 Mobile Safari/537.36"
59.63.204.4 - - [31/Jan/2019:21:38:06 +0800] "GET /WEI_2100/systemclass_mini_prc?bigsysid=SA10370412&minisysid=supplyscope_c4 HTTP/1.1" 200 137 "http://merp.yudo.com.cn:8183/WEI_2100/WEI_2100?formKey=Menu&menuSelection=asm" "Mozilla/5.0 (Linux; Android 8.0.0; SM-N9500 Build/R16NW; wv) AppleWebKit/537.36 (KHTML, like Gecko) Version/4.0 Chrome/67.0.3396.87 Mobile Safari/537.36"
218.98.15.168 - - [31/Jan/2019:21:38:06 +0800] "GET /WEI_2100/systemclass_mini_prc?bigsysid=SA10350019&minisysid=supplyscope_c2 HTTP/1.1" 200 167 "http://merp.yudo.com.cn:8183/WEI_2100/WEI_2100?formKey=Menu&menuSelection=asm" "Mozilla/5.0 (Linux; Android 8.0.0; SM-N9500 Build/R16NW; wv) AppleWebKit/537.36 (KHTML, like Gecko) Version/4.0 Chrome/67.0.3396.87 Mobile Safari/537.36"
218.98.15.168 - - [31/Jan/2019:21:38:06 +0800] "GET /WEI_2100/systemclass_mini_prc?bigsysid=SA10340020&minisysid=supplyscope_c1 HTTP/1.1" 200 1053 "http://merp.yudo.com.cn:8183/WEI_2100/WEI_2100?formKey=Menu&menuSelection=asm" "Mozilla/5.0 (Linux; Android 8.0.0; SM-N9500 Build/R16NW; wv) AppleWebKit/537.36 (KHTML, like Gecko) Version/4.0 Chrome/67.0.3396.87 Mobile Safari/537.36"
59.63.204.4 - - [31/Jan/2019:21:38:08 +0800] "GET /WEI_2100/systemclass_mini_prc?bigsysid=SA10380653&minisysid=supplyscope_c5 HTTP/1.1" 200 240 "http://merp.yudo.com.cn:8183/WEI_2100/WEI_2100?formKey=Menu&menuSelection=asm" "Mozilla/5.0 (Linux; Android 8.0.0; SM-N9500 Build/R16NW; wv) AppleWebKit/537.36 (KHTML, like Gecko) Version/4.0 Chrome/67.0.3396.87 Mobile Safari/537.36"
116.136.20.207 - - [31/Jan/2019:21:38:08 +0800] "POST /WEI_2100/subAdjudication HTTP/1.1" 200 71 "http://merp.yudo.com.cn:8183/WEI_2100/WEI_2100?formKey=Menu&menuSelection=asm" "Mozilla/5.0 (Linux; Android 8.0.0; SM-N9500 Build/R16NW; wv) AppleWebKit/537.36 (KHTML, like Gecko) Version/4.0 Chrome/67.0.3396.87 Mobile Safari/537.36"
59.63.204.4 - - [31/Jan/2019:21:38:12 +0800] "POST /WEI_2100/as_sendSmsToUser HTTP/1.1" 200 66 "http://merp.yudo.com.cn:8183/WEI_2100/WEI_2100?formKey=Menu&menuSelection=asm" "Mozilla/5.0 (Linux; Android 8.0.0; SM-N9500 Build/R16NW; wv) AppleWebKit/537.36 (KHTML, like Gecko) Version/4.0 Chrome/67.0.3396.87 Mobile Safari/537.36"
116.136.20.207 - - [31/Jan/2019:21:38:12 +0800] "GET /WEI_2100/as_minute?asid=2019011242 HTTP/1.1" 200 1918 "http://merp.yudo.com.cn:8183/WEI_2100/WEI_2100?formKey=Menu&menuSelection=asm" "Mozilla/5.0 (Linux; Android 8.0.0; SM-N9500 Build/R16NW; wv) AppleWebKit/537.36 (KHTML, like Gecko) Version/4.0 Chrome/67.0.3396.87 Mobile Safari/537.36"
218.98.15.168 - - [31/Jan/2019:21:38:15 +0800] "GET /WEI_2100/systemclass_mini_prc?bigsysid=SA10340020&minisysid=supplyscope_c1 HTTP/1.1" 200 1053 "http://merp.yudo.com.cn:8183/WEI_2100/WEI_2100?formKey=Menu&menuSelection=asm" "Mozilla/5.0 (Linux; Android 8.0.0; SM-N9500 Build/R16NW; wv) AppleWebKit/537.36 (KHTML, like Gecko) Version/4.0 Chrome/67.0.3396.87 Mobile Safari/537.36"
59.63.204.4 - - [31/Jan/2019:21:38:15 +0800] "GET /WEI_2100/systemclass_mini_prc?bigsysid=AS10060030&minisysid=asclass1_c HTTP/1.1" 200 803 "http://merp.yudo.com.cn:8183/WEI_2100/WEI_2100?formKey=Menu&menuSelection=asm" "Mozilla/5.0 (Linux; Android 8.0.0; SM-N9500 Build/R16NW; wv) AppleWebKit/537.36 (KHTML, like Gecko) Version/4.0 Chrome/67.0.3396.87 Mobile Safari/537.36"
116.136.20.207 - - [31/Jan/2019:21:38:15 +0800] "GET /WEI_2100/systemclass_mini_prc?bigsysid=AS10110030&minisysid=ascause_c HTTP/1.1" 200 119 "http://merp.yudo.com.cn:8183/WEI_2100/WEI_2100?formKey=Menu&menuSelection=asm" "Mozilla/5.0 (Linux; Android 8.0.0; SM-N9500 Build/R16NW; wv) AppleWebKit/537.36 (KHTML, like Gecko) Version/4.0 Chrome/67.0.3396.87 Mobile Safari/537.36"
223.72.63.187 - - [31/Jan/2019:21:38:15 +0800] "GET /WEI_2100/systemclass_mini_prc?bigsysid=SA10350019&minisysid=supplyscope_c2 HTTP/1.1" 200 167 "http://merp.yudo.com.cn:8183/WEI_2100/WEI_2100?formKey=Menu&menuSelection=asm" "Mozilla/5.0 (Linux; Android 8.0.0; SM-N9500 Build/R16NW; wv) AppleWebKit/537.36 (KHTML, like Gecko) Version/4.0 Chrome/67.0.3396.87 Mobile Safari/537.36"
59.63.204.4 - - [31/Jan/2019:21:38:16 +0800] "GET /WEI_2100/systemclass_mini_prc?bigsysid=SA10370412&minisysid=supplyscope_c4 HTTP/1.1" 200 137 "http://merp.yudo.com.cn:8183/WEI_2100/WEI_2100?formKey=Menu&menuSelection=asm" "Mozilla/5.0 (Linux; Android 8.0.0; SM-N9500 Build/R16NW; wv) AppleWebKit/537.36 (KHTML, like Gecko) Version/4.0 Chrome/67.0.3396.87 Mobile Safari/537.36"
218.98.15.168 - - [31/Jan/2019:21:38:16 +0800] "GET /WEI_2100/systemclass_mini_prc?bigsysid=SA10360135&minisysid=supplyscope_c3 HTTP/1.1" 200 237 "http://merp.yudo.com.cn:8183/WEI_2100/WEI_2100?formKey=Menu&menuSelection=asm" "Mozilla/5.0 (Linux; Android 8.0.0; SM-N9500 Build/R16NW; wv) AppleWebKit/537.36 (KHTML, like Gecko) Version/4.0 Chrome/67.0.3396.87 Mobile Safari/537.36"
59.63.204.4 - - [31/Jan/2019:21:38:16 +0800] "GET /WEI_2100/systemclass_mini_prc?bigsysid=SA10380653&minisysid=supplyscope_c5 HTTP/1.1" 200 240 "http://merp.yudo.com.cn:8183/WEI_2100/WEI_2100?formKey=Menu&menuSelection=asm" "Mozilla/5.0 (Linux; Android 8.0.0; SM-N9500 Build/R16NW; wv) AppleWebKit/537.36 (KHTML, like Gecko) Version/4.0 Chrome/67.0.3396.87 Mobile Safari/537.36"
59.63.204.4 - - [31/Jan/2019:21:38:25 +0800] "GET /WEI_2100/as_minute_table?asid=2019011242 HTTP/1.1" 200 448 "http://merp.yudo.com.cn:8183/WEI_2100/WEI_2100?formKey=Menu&menuSelection=asm" "Mozilla/5.0 (Linux; Android 8.0.0; SM-N9500 Build/R16NW; wv) AppleWebKit/537.36 (KHTML, like Gecko) Version/4.0 Chrome/67.0.3396.87 Mobile Safari/537.36"
218.98.15.168 - - [31/Jan/2019:21:38:32 +0800] "GET /WEI_2100/as_minute_table?asid=2019011242 HTTP/1.1" 200 448 "http://merp.yudo.com.cn:8183/WEI_2100/WEI_2100?formKey=Menu&menuSelection=asm" "Mozilla/5.0 (Linux; Android 8.0.0; SM-N9500 Build/R16NW; wv) AppleWebKit/537.36 (KHTML, like Gecko) Version/4.0 Chrome/67.0.3396.87 Mobile Safari/537.36"
36.6.7.134 - - [31/Jan/2019:22:55:44 +0800] "GET /?deviceType=mobile&devicePlatform=ios HTTP/1.1" 200 8054 "-" "Mozilla/5.0 (iPhone; CPU iPhone OS 11_4_1 like Mac OS X) AppleWebKit/605.1.15 (KHTML, like Gecko) Mobile/15G77JLAMPMode:iPhone"
36.6.7.134 - - [31/Jan/2019:22:55:45 +0800] "GET /css/JLAMP.common.min.css HTTP/1.1" 200 - "http://merp.yudo.com.cn:8183/?deviceType=mobile&devicePlatform=ios" "Mozilla/5.0 (iPhone; CPU iPhone OS 11_4_1 like Mac OS X) AppleWebKit/605.1.15 (KHTML, like Gecko) Mobile/15G77JLAMPMode:iPhone"
36.6.7.134 - - [31/Jan/2019:22:55:45 +0800] "GET /css/login.css?v=1001 HTTP/1.1" 200 2712 "http://merp.yudo.com.cn:8183/?deviceType=mobile&devicePlatform=ios" "Mozilla/5.0 (iPhone; CPU iPhone OS 11_4_1 like Mac OS X) AppleWebKit/605.1.15 (KHTML, like Gecko) Mobile/15G77JLAMPMode:iPhone"
36.6.7.134 - - [31/Jan/2019:22:55:45 +0800] "GET /css/common.css?v=5007 HTTP/1.1" 304 - "http://merp.yudo.com.cn:8183/?deviceType=mobile&devicePlatform=ios" "Mozilla/5.0 (iPhone; CPU iPhone OS 11_4_1 like Mac OS X) AppleWebKit/605.1.15 (KHTML, like Gecko) Mobile/15G77JLAMPMode:iPhone"
36.6.7.134 - - [31/Jan/2019:22:55:45 +0800] "GET /js/version.js?v=20180920001 HTTP/1.1" 200 2302 "http://merp.yudo.com.cn:8183/?deviceType=mobile&devicePlatform=ios" "Mozilla/5.0 (iPhone; CPU iPhone OS 11_4_1 like Mac OS X) AppleWebKit/605.1.15 (KHTML, like Gecko) Mobile/15G77JLAMPMode:iPhone"
36.6.7.134 - - [31/Jan/2019:22:55:45 +0800] "GET /js/login.js?v=9010 HTTP/1.1" 200 9599 "http://merp.yudo.com.cn:8183/?deviceType=mobile&devicePlatform=ios" "Mozilla/5.0 (iPhone; CPU iPhone OS 11_4_1 like Mac OS X) AppleWebKit/605.1.15 (KHTML, like Gecko) Mobile/15G77JLAMPMode:iPhone"
36.6.7.134 - - [31/Jan/2019:22:55:45 +0800] "GET /JLAMPCommon/getCookieJson_prc HTTP/1.1" 200 62 "http://merp.yudo.com.cn:8183/?deviceType=mobile&devicePlatform=ios" "Mozilla/5.0 (iPhone; CPU iPhone OS 11_4_1 like Mac OS X) AppleWebKit/605.1.15 (KHTML, like Gecko) Mobile/15G77JLAMPMode:iPhone"
223.104.145.154 - - [31/Jan/2019:23:53:03 +0800] "GET /JLAMPCommon/getCookieJson_prc HTTP/1.1" 200 62 "http://merp.yudo.com.cn:8183/?deviceType=mobile&devicePlatform=android" "Mozilla/5.0 (Linux; Android 7.1.2; Nexus 6P Build/N2G48C; wv) AppleWebKit/537.36 (KHTML, like Gecko) Version/4.0 Chrome/71.0.3578.99 Mobile Safari/537.36"
223.104.145.154 - - [31/Jan/2019:23:53:04 +0800] "GET /image/favicon.ico HTTP/1.1" 404 1506 "http://merp.yudo.com.cn:8183/?deviceType=mobile&devicePlatform=android" "Mozilla/5.0 (Linux; Android 7.1.2; Nexus 6P Build/N2G48C; wv) AppleWebKit/537.36 (KHTML, like Gecko) Version/4.0 Chrome/71.0.3578.99 Mobile Safari/537.36"
223.104.145.154 - - [31/Jan/2019:23:53:17 +0800] "POST /main/login_prc HTTP/1.1" 200 79 "http://merp.yudo.com.cn:8183/?deviceType=mobile&devicePlatform=android" "Mozilla/5.0 (Linux; Android 7.1.2; Nexus 6P Build/N2G48C; wv) AppleWebKit/537.36 (KHTML, like Gecko) Version/4.0 Chrome/71.0.3578.99 Mobile Safari/537.36"
223.104.145.154 - - [31/Jan/2019:23:53:24 +0800] "POST /main/login_prc HTTP/1.1" 200 74 "http://merp.yudo.com.cn:8183/?deviceType=mobile&devicePlatform=android" "Mozilla/5.0 (Linux; Android 7.1.2; Nexus 6P Build/N2G48C; wv) AppleWebKit/537.36 (KHTML, like Gecko) Version/4.0 Chrome/71.0.3578.99 Mobile Safari/537.36"
223.104.145.154 - - [31/Jan/2019:23:53:32 +0800] "POST /main/login_prc HTTP/1.1" 200 74 "http://merp.yudo.com.cn:8183/?deviceType=mobile&devicePlatform=android" "Mozilla/5.0 (Linux; Android 7.1.2; Nexus 6P Build/N2G48C; wv) AppleWebKit/537.36 (KHTML, like Gecko) Version/4.0 Chrome/71.0.3578.99 Mobile Safari/537.36"
223.104.145.154 - - [31/Jan/2019:23:53:37 +0800] "POST /main/login_prc HTTP/1.1" 200 79 "http://merp.yudo.com.cn:8183/?deviceType=mobile&devicePlatform=android" "Mozilla/5.0 (Linux; Android 7.1.2; Nexus 6P Build/N2G48C; wv) AppleWebKit/537.36 (KHTML, like Gecko) Version/4.0 Chrome/71.0.3578.99 Mobile Safari/537.36"
223.104.145.154 - - [31/Jan/2019:23:53:41 +0800] "POST /main/login_prc HTTP/1.1" 200 79 "http://merp.yudo.com.cn:8183/?deviceType=mobile&devicePlatform=android" "Mozilla/5.0 (Linux; Android 7.1.2; Nexus 6P Build/N2G48C; wv) AppleWebKit/537.36 (KHTML, like Gecko) Version/4.0 Chrome/71.0.3578.99 Mobile Safari/537.36"
223.104.145.154 - - [31/Jan/2019:23:53:49 +0800] "POST /main/login_prc HTTP/1.1" 200 74 "http://merp.yudo.com.cn:8183/?deviceType=mobile&devicePlatform=android" "Mozilla/5.0 (Linux; Android 7.1.2; Nexus 6P Build/N2G48C; wv) AppleWebKit/537.36 (KHTML, like Gecko) Version/4.0 Chrome/71.0.3578.99 Mobile Safari/537.36"
223.104.145.154 - - [31/Jan/2019:23:53:56 +0800] "POST /main/login_prc HTTP/1.1" 200 104 "http://merp.yudo.com.cn:8183/?deviceType=mobile&devicePlatform=android" "Mozilla/5.0 (Linux; Android 7.1.2; Nexus 6P Build/N2G48C; wv) AppleWebKit/537.36 (KHTML, like Gecko) Version/4.0 Chrome/71.0.3578.99 Mobile Safari/537.36"
223.104.145.154 - - [31/Jan/2019:23:54:05 +0800] "POST /main/login_prc HTTP/1.1" 200 104 "http://merp.yudo.com.cn:8183/?deviceType=mobile&devicePlatform=android" "Mozilla/5.0 (Linux; Android 7.1.2; Nexus 6P Build/N2G48C; wv) AppleWebKit/537.36 (KHTML, like Gecko) Version/4.0 Chrome/71.0.3578.99 Mobile Safari/537.36"
223.104.145.154 - - [31/Jan/2019:23:54:19 +0800] "POST /main/deviceSave_prc HTTP/1.1" 200 297 "http://merp.yudo.com.cn:8183/?deviceType=mobile&devicePlatform=android" "Mozilla/5.0 (Linux; Android 7.1.2; Nexus 6P Build/N2G48C; wv) AppleWebKit/537.36 (KHTML, like Gecko) Version/4.0 Chrome/71.0.3578.99 Mobile Safari/537.36"
223.104.145.154 - - [31/Jan/2019:23:54:23 +0800] "POST /main/login_prc HTTP/1.1" 200 104 "http://merp.yudo.com.cn:8183/?deviceType=mobile&devicePlatform=android" "Mozilla/5.0 (Linux; Android 7.1.2; Nexus 6P Build/N2G48C; wv) AppleWebKit/537.36 (KHTML, like Gecko) Version/4.0 Chrome/71.0.3578.99 Mobile Safari/537.36"
223.104.145.154 - - [31/Jan/2019:23:54:28 +0800] "POST /main/login_prc HTTP/1.1" 200 104 "http://merp.yudo.com.cn:8183/?deviceType=mobile&devicePlatform=android" "Mozilla/5.0 (Linux; Android 7.1.2; Nexus 6P Build/N2G48C; wv) AppleWebKit/537.36 (KHTML, like Gecko) Version/4.0 Chrome/71.0.3578.99 Mobile Safari/537.36"
223.104.145.154 - - [31/Jan/2019:23:54:39 +0800] "POST /main/deviceSave_prc HTTP/1.1" 200 247 "http://merp.yudo.com.cn:8183/?deviceType=mobile&devicePlatform=android" "Mozilla/5.0 (Linux; Android 7.1.2; Nexus 6P Build/N2G48C; wv) AppleWebKit/537.36 (KHTML, like Gecko) Version/4.0 Chrome/71.0.3578.99 Mobile Safari/537.36"
223.104.145.154 - - [31/Jan/2019:23:54:44 +0800] "POST /main/login_prc HTTP/1.1" 200 104 "http://merp.yudo.com.cn:8183/?deviceType=mobile&devicePlatform=android" "Mozilla/5.0 (Linux; Android 7.1.2; Nexus 6P Build/N2G48C; wv) AppleWebKit/537.36 (KHTML, like Gecko) Version/4.0 Chrome/71.0.3578.99 Mobile Safari/537.36"
223.104.145.154 - - [31/Jan/2019:23:54:53 +0800] "POST /main/deviceSave_prc HTTP/1.1" 200 297 "http://merp.yudo.com.cn:8183/?deviceType=mobile&devicePlatform=android" "Mozilla/5.0 (Linux; Android 7.1.2; Nexus 6P Build/N2G48C; wv) AppleWebKit/537.36 (KHTML, like Gecko) Version/4.0 Chrome/71.0.3578.99 Mobile Safari/537.36"
