221.2.170.155 - - [10/Jan/2019:08:19:01 +0800] "GET /image/menu_allow.png HTTP/1.1" 200 2728 "http://merp.yudo.com.cn:8183/Menu/Menu?formKey=M20190110T081724510" "Mozilla/5.0 (iPhone; CPU iPhone OS 12_1_2 like Mac OS X) AppleWebKit/605.1.15 (KHTML, like Gecko) Mobile/16C101JLAMPMode:iPhone"
221.2.170.155 - - [10/Jan/2019:08:19:05 +0800] "GET /WEI_1000/WEI_1000?formKey=M20190110T081724510&menuSelection=sm HTTP/1.1" 200 21958 "http://merp.yudo.com.cn:8183/Menu/Menu?formKey=M20190110T081724510" "Mozilla/5.0 (iPhone; CPU iPhone OS 12_1_2 like Mac OS X) AppleWebKit/605.1.15 (KHTML, like Gecko) Mobile/16C101JLAMPMode:iPhone"
221.2.170.155 - - [10/Jan/2019:08:19:05 +0800] "GET /css/yudo-ui.css?v=1066 HTTP/1.1" 200 16320 "http://merp.yudo.com.cn:8183/WEI_1000/WEI_1000?formKey=M20190110T081724510&menuSelection=sm" "Mozilla/5.0 (iPhone; CPU iPhone OS 12_1_2 like Mac OS X) AppleWebKit/605.1.15 (KHTML, like Gecko) Mobile/16C101JLAMPMode:iPhone"
221.2.170.155 - - [10/Jan/2019:08:19:05 +0800] "GET /css/mui.picker.min.css HTTP/1.1" 200 4843 "http://merp.yudo.com.cn:8183/WEI_1000/WEI_1000?formKey=M20190110T081724510&menuSelection=sm" "Mozilla/5.0 (iPhone; CPU iPhone OS 12_1_2 like Mac OS X) AppleWebKit/605.1.15 (KHTML, like Gecko) Mobile/16C101JLAMPMode:iPhone"
221.2.170.155 - - [10/Jan/2019:08:19:05 +0800] "GET /css/animate.min.css HTTP/1.1" 200 52799 "http://merp.yudo.com.cn:8183/WEI_1000/WEI_1000?formKey=M20190110T081724510&menuSelection=sm" "Mozilla/5.0 (iPhone; CPU iPhone OS 12_1_2 like Mac OS X) AppleWebKit/605.1.15 (KHTML, like Gecko) Mobile/16C101JLAMPMode:iPhone"
221.2.170.155 - - [10/Jan/2019:08:19:05 +0800] "GET /css/mui.min.css?v=1008 HTTP/1.1" 200 76587 "http://merp.yudo.com.cn:8183/WEI_1000/WEI_1000?formKey=M20190110T081724510&menuSelection=sm" "Mozilla/5.0 (iPhone; CPU iPhone OS 12_1_2 like Mac OS X) AppleWebKit/605.1.15 (KHTML, like Gecko) Mobile/16C101JLAMPMode:iPhone"
221.2.170.155 - - [10/Jan/2019:08:19:05 +0800] "GET /js/mui.min.js?v=1001 HTTP/1.1" 200 115810 "http://merp.yudo.com.cn:8183/WEI_1000/WEI_1000?formKey=M20190110T081724510&menuSelection=sm" "Mozilla/5.0 (iPhone; CPU iPhone OS 12_1_2 like Mac OS X) AppleWebKit/605.1.15 (KHTML, like Gecko) Mobile/16C101JLAMPMode:iPhone"
221.2.170.155 - - [10/Jan/2019:08:19:05 +0800] "GET /js/multiHttp.js?v=1001 HTTP/1.1" 200 7163 "http://merp.yudo.com.cn:8183/WEI_1000/WEI_1000?formKey=M20190110T081724510&menuSelection=sm" "Mozilla/5.0 (iPhone; CPU iPhone OS 12_1_2 like Mac OS X) AppleWebKit/605.1.15 (KHTML, like Gecko) Mobile/16C101JLAMPMode:iPhone"
221.2.170.155 - - [10/Jan/2019:08:19:05 +0800] "GET /js/lang.min.js?v=1001 HTTP/1.1" 200 904 "http://merp.yudo.com.cn:8183/WEI_1000/WEI_1000?formKey=M20190110T081724510&menuSelection=sm" "Mozilla/5.0 (iPhone; CPU iPhone OS 12_1_2 like Mac OS X) AppleWebKit/605.1.15 (KHTML, like Gecko) Mobile/16C101JLAMPMode:iPhone"
221.2.170.155 - - [10/Jan/2019:08:19:05 +0800] "GET /js/mui.previewimage.js?v=201804261256 HTTP/1.1" 200 13324 "http://merp.yudo.com.cn:8183/WEI_1000/WEI_1000?formKey=M20190110T081724510&menuSelection=sm" "Mozilla/5.0 (iPhone; CPU iPhone OS 12_1_2 like Mac OS X) AppleWebKit/605.1.15 (KHTML, like Gecko) Mobile/16C101JLAMPMode:iPhone"
221.2.170.155 - - [10/Jan/2019:08:19:05 +0800] "GET /js/mui.zoom.js?v=201804231454 HTTP/1.1" 200 11703 "http://merp.yudo.com.cn:8183/WEI_1000/WEI_1000?formKey=M20190110T081724510&menuSelection=sm" "Mozilla/5.0 (iPhone; CPU iPhone OS 12_1_2 like Mac OS X) AppleWebKit/605.1.15 (KHTML, like Gecko) Mobile/16C101JLAMPMode:iPhone"
221.2.170.155 - - [10/Jan/2019:08:19:05 +0800] "GET /js/mui.picker.min.js?v=1001 HTTP/1.1" 200 18411 "http://merp.yudo.com.cn:8183/WEI_1000/WEI_1000?formKey=M20190110T081724510&menuSelection=sm" "Mozilla/5.0 (iPhone; CPU iPhone OS 12_1_2 like Mac OS X) AppleWebKit/605.1.15 (KHTML, like Gecko) Mobile/16C101JLAMPMode:iPhone"
221.2.170.155 - - [10/Jan/2019:08:19:05 +0800] "GET /js/vue.js HTTP/1.1" 200 289301 "http://merp.yudo.com.cn:8183/WEI_1000/WEI_1000?formKey=M20190110T081724510&menuSelection=sm" "Mozilla/5.0 (iPhone; CPU iPhone OS 12_1_2 like Mac OS X) AppleWebKit/605.1.15 (KHTML, like Gecko) Mobile/16C101JLAMPMode:iPhone"
221.2.170.155 - - [10/Jan/2019:08:19:05 +0800] "GET /js/common.js HTTP/1.1" 200 11633 "http://merp.yudo.com.cn:8183/WEI_1000/WEI_1000?formKey=M20190110T081724510&menuSelection=sm" "Mozilla/5.0 (iPhone; CPU iPhone OS 12_1_2 like Mac OS X) AppleWebKit/605.1.15 (KHTML, like Gecko) Mobile/16C101JLAMPMode:iPhone"
221.2.170.155 - - [10/Jan/2019:08:19:05 +0800] "GET /js/WEI_1000/WEI_1000_Lists.js?v=1176 HTTP/1.1" 200 36278 "http://merp.yudo.com.cn:8183/WEI_1000/WEI_1000?formKey=M20190110T081724510&menuSelection=sm" "Mozilla/5.0 (iPhone; CPU iPhone OS 12_1_2 like Mac OS X) AppleWebKit/605.1.15 (KHTML, like Gecko) Mobile/16C101JLAMPMode:iPhone"
221.2.170.155 - - [10/Jan/2019:08:19:05 +0800] "GET /js/echarts.min.js HTTP/1.1" 200 744675 "http://merp.yudo.com.cn:8183/WEI_1000/WEI_1000?formKey=M20190110T081724510&menuSelection=sm" "Mozilla/5.0 (iPhone; CPU iPhone OS 12_1_2 like Mac OS X) AppleWebKit/605.1.15 (KHTML, like Gecko) Mobile/16C101JLAMPMode:iPhone"
117.136.46.47 - - [10/Jan/2019:08:19:06 +0800] "GET /WEI_2100/as_prc?asid=&custnm=&startDate=2019-01-01&endDate=2019-01-10&ascount=0 HTTP/1.1" 200 5046 "http://merp.yudo.com.cn:8183/WEI_2100/WEI_2100?formKey=M20190110T081324613&menuSelection=asm" "Mozilla/5.0 (Linux; Android 8.1.0; EML-AL00 Build/HUAWEIEML-AL00; wv) AppleWebKit/537.36 (KHTML, like Gecko) Version/4.0 Chrome/68.0.3440.91 Mobile Safari/537.36"
221.2.170.155 - - [10/Jan/2019:08:19:07 +0800] "POST /JLAMPCommon/langBatchRows_prc HTTP/1.1" 200 14842 "http://merp.yudo.com.cn:8183/WEI_1000/WEI_1000?formKey=M20190110T081724510&menuSelection=sm" "Mozilla/5.0 (iPhone; CPU iPhone OS 12_1_2 like Mac OS X) AppleWebKit/605.1.15 (KHTML, like Gecko) Mobile/16C101JLAMPMode:iPhone"
221.2.170.155 - - [10/Jan/2019:08:19:07 +0800] "POST /JLAMPCommon/langBatchRows_prc HTTP/1.1" 200 843 "http://merp.yudo.com.cn:8183/WEI_1000/WEI_1000?formKey=M20190110T081724510&menuSelection=sm" "Mozilla/5.0 (iPhone; CPU iPhone OS 12_1_2 like Mac OS X) AppleWebKit/605.1.15 (KHTML, like Gecko) Mobile/16C101JLAMPMode:iPhone"
221.2.170.155 - - [10/Jan/2019:08:19:07 +0800] "GET /JLAMPCommon/getCookieJson_prc HTTP/1.1" 200 899 "http://merp.yudo.com.cn:8183/WEI_1000/WEI_1000?formKey=M20190110T081724510&menuSelection=sm" "Mozilla/5.0 (iPhone; CPU iPhone OS 12_1_2 like Mac OS X) AppleWebKit/605.1.15 (KHTML, like Gecko) Mobile/16C101JLAMPMode:iPhone"
221.2.170.155 - - [10/Jan/2019:08:19:07 +0800] "GET /image/fonticon/backMenu_icon.png HTTP/1.1" 200 1449 "http://merp.yudo.com.cn:8183/WEI_1000/WEI_1000?formKey=M20190110T081724510&menuSelection=sm" "Mozilla/5.0 (iPhone; CPU iPhone OS 12_1_2 like Mac OS X) AppleWebKit/605.1.15 (KHTML, like Gecko) Mobile/16C101JLAMPMode:iPhone"
221.2.170.155 - - [10/Jan/2019:08:19:07 +0800] "GET /image/fonticon/extend_icon.png HTTP/1.1" 200 731 "http://merp.yudo.com.cn:8183/WEI_1000/WEI_1000?formKey=M20190110T081724510&menuSelection=sm" "Mozilla/5.0 (iPhone; CPU iPhone OS 12_1_2 like Mac OS X) AppleWebKit/605.1.15 (KHTML, like Gecko) Mobile/16C101JLAMPMode:iPhone"
221.2.170.155 - - [10/Jan/2019:08:19:07 +0800] "GET /image/fonticon/date_icon.png HTTP/1.1" 200 1883 "http://merp.yudo.com.cn:8183/WEI_1000/WEI_1000?formKey=M20190110T081724510&menuSelection=sm" "Mozilla/5.0 (iPhone; CPU iPhone OS 12_1_2 like Mac OS X) AppleWebKit/605.1.15 (KHTML, like Gecko) Mobile/16C101JLAMPMode:iPhone"
221.2.170.155 - - [10/Jan/2019:08:19:10 +0800] "GET /image/fonticon/loading_icon2.png HTTP/1.1" 200 808 "http://merp.yudo.com.cn:8183/WEI_1000/WEI_1000?formKey=M20190110T081724510&menuSelection=sm" "Mozilla/5.0 (iPhone; CPU iPhone OS 12_1_2 like Mac OS X) AppleWebKit/605.1.15 (KHTML, like Gecko) Mobile/16C101JLAMPMode:iPhone"
::1 - - [10/Jan/2019:08:19:13 +0800] "OPTIONS * HTTP/1.0" 200 - "-" "Apache/2.4.6 (CentOS) PHP/5.6.32 (internal dummy connection)"
::1 - - [10/Jan/2019:08:19:14 +0800] "OPTIONS * HTTP/1.0" 200 - "-" "Apache/2.4.6 (CentOS) PHP/5.6.32 (internal dummy connection)"
221.2.170.155 - - [10/Jan/2019:08:19:12 +0800] "GET /WEI_1000/lists_prc?baseDate=20190110&dateItem=1 HTTP/1.1" 200 267724 "http://merp.yudo.com.cn:8183/WEI_1000/WEI_1000?formKey=M20190110T081724510&menuSelection=sm" "Mozilla/5.0 (iPhone; CPU iPhone OS 12_1_2 like Mac OS X) AppleWebKit/605.1.15 (KHTML, like Gecko) Mobile/16C101JLAMPMode:iPhone"
221.2.170.155 - - [10/Jan/2019:08:19:15 +0800] "GET /image/fonticon/tubiao_icon2.png HTTP/1.1" 200 4944 "http://merp.yudo.com.cn:8183/WEI_1000/WEI_1000?formKey=M20190110T081724510&menuSelection=sm" "Mozilla/5.0 (iPhone; CPU iPhone OS 12_1_2 like Mac OS X) AppleWebKit/605.1.15 (KHTML, like Gecko) Mobile/16C101JLAMPMode:iPhone"
221.2.170.155 - - [10/Jan/2019:08:19:15 +0800] "GET /fonts/mui.ttf HTTP/1.1" 200 29884 "http://merp.yudo.com.cn:8183/WEI_1000/WEI_1000?formKey=M20190110T081724510&menuSelection=sm" "Mozilla/5.0 (iPhone; CPU iPhone OS 12_1_2 like Mac OS X) AppleWebKit/605.1.15 (KHTML, like Gecko) Mobile/16C101JLAMPMode:iPhone"
::1 - - [10/Jan/2019:08:19:21 +0800] "OPTIONS * HTTP/1.0" 200 - "-" "Apache/2.4.6 (CentOS) PHP/5.6.32 (internal dummy connection)"
221.2.170.155 - - [10/Jan/2019:08:19:27 +0800] "GET /WEI_1000/lists_prc?baseDate=20190110&dateItem=0 HTTP/1.1" 200 267724 "http://merp.yudo.com.cn:8183/WEI_1000/WEI_1000?formKey=M20190110T081724510&menuSelection=sm" "Mozilla/5.0 (iPhone; CPU iPhone OS 12_1_2 like Mac OS X) AppleWebKit/605.1.15 (KHTML, like Gecko) Mobile/16C101JLAMPMode:iPhone"
117.136.68.152 - - [10/Jan/2019:08:19:33 +0800] "GET /?deviceType=mobile&devicePlatform=ios HTTP/1.1" 200 8007 "-" "Mozilla/5.0 (iPhone; CPU iPhone OS 10_3_3 like Mac OS X) AppleWebKit/603.3.8 (KHTML, like Gecko) Mobile/14G60JLAMPMode:iPhone"
117.136.68.152 - - [10/Jan/2019:08:19:38 +0800] "GET /?deviceType=mobile&devicePlatform=ios HTTP/1.1" 200 8007 "-" "Mozilla/5.0 (iPhone; CPU iPhone OS 10_3_3 like Mac OS X) AppleWebKit/603.3.8 (KHTML, like Gecko) Mobile/14G60JLAMPMode:iPhone"
117.136.68.152 - - [10/Jan/2019:08:19:38 +0800] "GET /css/JLAMP.common.min.css HTTP/1.1" 200 - "http://merp.yudo.com.cn:8183/?deviceType=mobile&devicePlatform=ios" "Mozilla/5.0 (iPhone; CPU iPhone OS 10_3_3 like Mac OS X) AppleWebKit/603.3.8 (KHTML, like Gecko) Mobile/14G60JLAMPMode:iPhone"
117.136.68.152 - - [10/Jan/2019:08:19:38 +0800] "GET /JLAMPCommon/getCookieJson_prc HTTP/1.1" 200 62 "http://merp.yudo.com.cn:8183/?deviceType=mobile&devicePlatform=ios" "Mozilla/5.0 (iPhone; CPU iPhone OS 10_3_3 like Mac OS X) AppleWebKit/603.3.8 (KHTML, like Gecko) Mobile/14G60JLAMPMode:iPhone"
117.136.67.75 - - [10/Jan/2019:08:19:47 +0800] "GET /?deviceType=mobile&devicePlatform=ios HTTP/1.1" 200 8007 "-" "Mozilla/5.0 (iPhone; CPU iPhone OS 11_0_3 like Mac OS X) AppleWebKit/604.1.38 (KHTML, like Gecko) Mobile/15A432JLAMPMode:iPhone"
117.136.67.75 - - [10/Jan/2019:08:19:48 +0800] "GET /third_party/bootstrap-3.3.5/css/bootstrap.css HTTP/1.1" 200 147430 "http://merp.yudo.com.cn:8183/?deviceType=mobile&devicePlatform=ios" "Mozilla/5.0 (iPhone; CPU iPhone OS 11_0_3 like Mac OS X) AppleWebKit/604.1.38 (KHTML, like Gecko) Mobile/15A432JLAMPMode:iPhone"
117.136.67.75 - - [10/Jan/2019:08:19:48 +0800] "GET /third_party/bootstrap-datetimepicker/css/bootstrap-datetimepicker.css HTTP/1.1" 200 12289 "http://merp.yudo.com.cn:8183/?deviceType=mobile&devicePlatform=ios" "Mozilla/5.0 (iPhone; CPU iPhone OS 11_0_3 like Mac OS X) AppleWebKit/604.1.38 (KHTML, like Gecko) Mobile/15A432JLAMPMode:iPhone"
117.136.67.75 - - [10/Jan/2019:08:19:48 +0800] "GET /css/bootstrap_modify.css HTTP/1.1" 200 265 "http://merp.yudo.com.cn:8183/?deviceType=mobile&devicePlatform=ios" "Mozilla/5.0 (iPhone; CPU iPhone OS 11_0_3 like Mac OS X) AppleWebKit/604.1.38 (KHTML, like Gecko) Mobile/15A432JLAMPMode:iPhone"
117.136.67.75 - - [10/Jan/2019:08:19:48 +0800] "GET /third_party/loading-overlay/waitMe.css HTTP/1.1" 200 14541 "http://merp.yudo.com.cn:8183/?deviceType=mobile&devicePlatform=ios" "Mozilla/5.0 (iPhone; CPU iPhone OS 11_0_3 like Mac OS X) AppleWebKit/604.1.38 (KHTML, like Gecko) Mobile/15A432JLAMPMode:iPhone"
117.136.67.75 - - [10/Jan/2019:08:19:48 +0800] "GET /third_party/bootstrap-3.3.5/css/bootstrap-theme.css HTTP/1.1" 200 26132 "http://merp.yudo.com.cn:8183/?deviceType=mobile&devicePlatform=ios" "Mozilla/5.0 (iPhone; CPU iPhone OS 11_0_3 like Mac OS X) AppleWebKit/604.1.38 (KHTML, like Gecko) Mobile/15A432JLAMPMode:iPhone"
117.136.67.75 - - [10/Jan/2019:08:19:48 +0800] "GET /third_party/slideout-1.0.1/index.css HTTP/1.1" 200 491 "http://merp.yudo.com.cn:8183/?deviceType=mobile&devicePlatform=ios" "Mozilla/5.0 (iPhone; CPU iPhone OS 11_0_3 like Mac OS X) AppleWebKit/604.1.38 (KHTML, like Gecko) Mobile/15A432JLAMPMode:iPhone"
117.136.67.75 - - [10/Jan/2019:08:19:48 +0800] "GET /css/JLAMP.common.min.css HTTP/1.1" 200 - "http://merp.yudo.com.cn:8183/?deviceType=mobile&devicePlatform=ios" "Mozilla/5.0 (iPhone; CPU iPhone OS 11_0_3 like Mac OS X) AppleWebKit/604.1.38 (KHTML, like Gecko) Mobile/15A432JLAMPMode:iPhone"
117.136.67.75 - - [10/Jan/2019:08:19:48 +0800] "GET /css/slide_menu.css HTTP/1.1" 200 2705 "http://merp.yudo.com.cn:8183/?deviceType=mobile&devicePlatform=ios" "Mozilla/5.0 (iPhone; CPU iPhone OS 11_0_3 like Mac OS X) AppleWebKit/604.1.38 (KHTML, like Gecko) Mobile/15A432JLAMPMode:iPhone"
117.136.67.75 - - [10/Jan/2019:08:19:48 +0800] "GET /css/JLAMP.modal.min.css HTTP/1.1" 200 920 "http://merp.yudo.com.cn:8183/?deviceType=mobile&devicePlatform=ios" "Mozilla/5.0 (iPhone; CPU iPhone OS 11_0_3 like Mac OS X) AppleWebKit/604.1.38 (KHTML, like Gecko) Mobile/15A432JLAMPMode:iPhone"
117.136.67.75 - - [10/Jan/2019:08:19:48 +0800] "GET /css/JLAMP.autobinding.min.css HTTP/1.1" 200 852 "http://merp.yudo.com.cn:8183/?deviceType=mobile&devicePlatform=ios" "Mozilla/5.0 (iPhone; CPU iPhone OS 11_0_3 like Mac OS X) AppleWebKit/604.1.38 (KHTML, like Gecko) Mobile/15A432JLAMPMode:iPhone"
117.136.67.75 - - [10/Jan/2019:08:19:48 +0800] "GET /css/common.css?v=5007 HTTP/1.1" 200 14033 "http://merp.yudo.com.cn:8183/?deviceType=mobile&devicePlatform=ios" "Mozilla/5.0 (iPhone; CPU iPhone OS 11_0_3 like Mac OS X) AppleWebKit/604.1.38 (KHTML, like Gecko) Mobile/15A432JLAMPMode:iPhone"
117.136.67.75 - - [10/Jan/2019:08:19:48 +0800] "GET /css/login.css HTTP/1.1" 200 2712 "http://merp.yudo.com.cn:8183/?deviceType=mobile&devicePlatform=ios" "Mozilla/5.0 (iPhone; CPU iPhone OS 11_0_3 like Mac OS X) AppleWebKit/604.1.38 (KHTML, like Gecko) Mobile/15A432JLAMPMode:iPhone"
117.136.67.75 - - [10/Jan/2019:08:19:48 +0800] "GET /third_party/bootstrap-3.3.5/js/bootstrap.min.js HTTP/1.1" 200 36816 "http://merp.yudo.com.cn:8183/?deviceType=mobile&devicePlatform=ios" "Mozilla/5.0 (iPhone; CPU iPhone OS 11_0_3 like Mac OS X) AppleWebKit/604.1.38 (KHTML, like Gecko) Mobile/15A432JLAMPMode:iPhone"
117.136.67.75 - - [10/Jan/2019:08:19:48 +0800] "GET /third_party/bootstrap-datetimepicker/js/bootstrap-datetimepicker.js HTTP/1.1" 200 67526 "http://merp.yudo.com.cn:8183/?deviceType=mobile&devicePlatform=ios" "Mozilla/5.0 (iPhone; CPU iPhone OS 11_0_3 like Mac OS X) AppleWebKit/604.1.38 (KHTML, like Gecko) Mobile/15A432JLAMPMode:iPhone"
117.136.67.75 - - [10/Jan/2019:08:19:48 +0800] "GET /third_party/loading-overlay/waitMe.js HTTP/1.1" 200 8583 "http://merp.yudo.com.cn:8183/?deviceType=mobile&devicePlatform=ios" "Mozilla/5.0 (iPhone; CPU iPhone OS 11_0_3 like Mac OS X) AppleWebKit/604.1.38 (KHTML, like Gecko) Mobile/15A432JLAMPMode:iPhone"
117.136.67.75 - - [10/Jan/2019:08:19:48 +0800] "GET /third_party/slideout-1.0.1/slideout.js HTTP/1.1" 200 37980 "http://merp.yudo.com.cn:8183/?deviceType=mobile&devicePlatform=ios" "Mozilla/5.0 (iPhone; CPU iPhone OS 11_0_3 like Mac OS X) AppleWebKit/604.1.38 (KHTML, like Gecko) Mobile/15A432JLAMPMode:iPhone"
117.136.67.75 - - [10/Jan/2019:08:19:49 +0800] "GET /js/fastclick.js HTTP/1.1" 200 25966 "http://merp.yudo.com.cn:8183/?deviceType=mobile&devicePlatform=ios" "Mozilla/5.0 (iPhone; CPU iPhone OS 11_0_3 like Mac OS X) AppleWebKit/604.1.38 (KHTML, like Gecko) Mobile/15A432JLAMPMode:iPhone"
117.136.67.75 - - [10/Jan/2019:08:19:49 +0800] "GET /js/JLAMP.polyfill.min.js HTTP/1.1" 200 361 "http://merp.yudo.com.cn:8183/?deviceType=mobile&devicePlatform=ios" "Mozilla/5.0 (iPhone; CPU iPhone OS 11_0_3 like Mac OS X) AppleWebKit/604.1.38 (KHTML, like Gecko) Mobile/15A432JLAMPMode:iPhone"
117.136.67.75 - - [10/Jan/2019:08:19:49 +0800] "GET /js/JLAMP.min.js HTTP/1.1" 200 1461 "http://merp.yudo.com.cn:8183/?deviceType=mobile&devicePlatform=ios" "Mozilla/5.0 (iPhone; CPU iPhone OS 11_0_3 like Mac OS X) AppleWebKit/604.1.38 (KHTML, like Gecko) Mobile/15A432JLAMPMode:iPhone"
117.136.67.75 - - [10/Jan/2019:08:19:48 +0800] "GET /third_party/jquery-2.1.4/jquery.js HTTP/1.1" 200 247606 "http://merp.yudo.com.cn:8183/?deviceType=mobile&devicePlatform=ios" "Mozilla/5.0 (iPhone; CPU iPhone OS 11_0_3 like Mac OS X) AppleWebKit/604.1.38 (KHTML, like Gecko) Mobile/15A432JLAMPMode:iPhone"
117.136.67.75 - - [10/Jan/2019:08:19:49 +0800] "GET /js/JLAMP.common.min.js HTTP/1.1" 200 9705 "http://merp.yudo.com.cn:8183/?deviceType=mobile&devicePlatform=ios" "Mozilla/5.0 (iPhone; CPU iPhone OS 11_0_3 like Mac OS X) AppleWebKit/604.1.38 (KHTML, like Gecko) Mobile/15A432JLAMPMode:iPhone"
117.136.67.75 - - [10/Jan/2019:08:19:49 +0800] "GET /js/JLAMP.menu.min.js HTTP/1.1" 200 6519 "http://merp.yudo.com.cn:8183/?deviceType=mobile&devicePlatform=ios" "Mozilla/5.0 (iPhone; CPU iPhone OS 11_0_3 like Mac OS X) AppleWebKit/604.1.38 (KHTML, like Gecko) Mobile/15A432JLAMPMode:iPhone"
117.136.67.75 - - [10/Jan/2019:08:19:49 +0800] "GET /js/JLAMP.autobinding.min.js HTTP/1.1" 200 8816 "http://merp.yudo.com.cn:8183/?deviceType=mobile&devicePlatform=ios" "Mozilla/5.0 (iPhone; CPU iPhone OS 11_0_3 like Mac OS X) AppleWebKit/604.1.38 (KHTML, like Gecko) Mobile/15A432JLAMPMode:iPhone"
117.136.67.75 - - [10/Jan/2019:08:19:49 +0800] "GET /js/JLAMP.modal.min.js HTTP/1.1" 200 16516 "http://merp.yudo.com.cn:8183/?deviceType=mobile&devicePlatform=ios" "Mozilla/5.0 (iPhone; CPU iPhone OS 11_0_3 like Mac OS X) AppleWebKit/604.1.38 (KHTML, like Gecko) Mobile/15A432JLAMPMode:iPhone"
117.136.67.75 - - [10/Jan/2019:08:19:49 +0800] "GET /js/version.js?v=20180920001 HTTP/1.1" 200 1046 "http://merp.yudo.com.cn:8183/?deviceType=mobile&devicePlatform=ios" "Mozilla/5.0 (iPhone; CPU iPhone OS 11_0_3 like Mac OS X) AppleWebKit/604.1.38 (KHTML, like Gecko) Mobile/15A432JLAMPMode:iPhone"
117.136.67.75 - - [10/Jan/2019:08:19:49 +0800] "GET /js/JLAMP.lang.min.js HTTP/1.1" 200 1750 "http://merp.yudo.com.cn:8183/?deviceType=mobile&devicePlatform=ios" "Mozilla/5.0 (iPhone; CPU iPhone OS 11_0_3 like Mac OS X) AppleWebKit/604.1.38 (KHTML, like Gecko) Mobile/15A432JLAMPMode:iPhone"
117.136.67.75 - - [10/Jan/2019:08:19:49 +0800] "GET /js/session.js HTTP/1.1" 200 638 "http://merp.yudo.com.cn:8183/?deviceType=mobile&devicePlatform=ios" "Mozilla/5.0 (iPhone; CPU iPhone OS 11_0_3 like Mac OS X) AppleWebKit/604.1.38 (KHTML, like Gecko) Mobile/15A432JLAMPMode:iPhone"
117.136.67.75 - - [10/Jan/2019:08:19:49 +0800] "GET /js/common.js?v=1001 HTTP/1.1" 200 11633 "http://merp.yudo.com.cn:8183/?deviceType=mobile&devicePlatform=ios" "Mozilla/5.0 (iPhone; CPU iPhone OS 11_0_3 like Mac OS X) AppleWebKit/604.1.38 (KHTML, like Gecko) Mobile/15A432JLAMPMode:iPhone"
117.136.67.75 - - [10/Jan/2019:08:19:49 +0800] "GET /js/GNB.js HTTP/1.1" 200 2176 "http://merp.yudo.com.cn:8183/?deviceType=mobile&devicePlatform=ios" "Mozilla/5.0 (iPhone; CPU iPhone OS 11_0_3 like Mac OS X) AppleWebKit/604.1.38 (KHTML, like Gecko) Mobile/15A432JLAMPMode:iPhone"
117.136.67.75 - - [10/Jan/2019:08:19:49 +0800] "GET /image/login_logo.png HTTP/1.1" 200 3941 "http://merp.yudo.com.cn:8183/?deviceType=mobile&devicePlatform=ios" "Mozilla/5.0 (iPhone; CPU iPhone OS 11_0_3 like Mac OS X) AppleWebKit/604.1.38 (KHTML, like Gecko) Mobile/15A432JLAMPMode:iPhone"
117.136.67.75 - - [10/Jan/2019:08:19:49 +0800] "GET /js/login.js?v=7009 HTTP/1.1" 200 8229 "http://merp.yudo.com.cn:8183/?deviceType=mobile&devicePlatform=ios" "Mozilla/5.0 (iPhone; CPU iPhone OS 11_0_3 like Mac OS X) AppleWebKit/604.1.38 (KHTML, like Gecko) Mobile/15A432JLAMPMode:iPhone"
117.136.67.75 - - [10/Jan/2019:08:19:49 +0800] "GET /image/icon_logout.png HTTP/1.1" 200 1682 "http://merp.yudo.com.cn:8183/?deviceType=mobile&devicePlatform=ios" "Mozilla/5.0 (iPhone; CPU iPhone OS 11_0_3 like Mac OS X) AppleWebKit/604.1.38 (KHTML, like Gecko) Mobile/15A432JLAMPMode:iPhone"
117.136.67.75 - - [10/Jan/2019:08:19:49 +0800] "GET /JLAMPCommon/getCookieJson_prc HTTP/1.1" 200 62 "http://merp.yudo.com.cn:8183/?deviceType=mobile&devicePlatform=ios" "Mozilla/5.0 (iPhone; CPU iPhone OS 11_0_3 like Mac OS X) AppleWebKit/604.1.38 (KHTML, like Gecko) Mobile/15A432JLAMPMode:iPhone"
221.2.170.155 - - [10/Jan/2019:08:19:47 +0800] "GET /WEI_1000/lists_prc?baseDate=20190110&dateItem=1 HTTP/1.1" 200 267724 "http://merp.yudo.com.cn:8183/WEI_1000/WEI_1000?formKey=M20190110T081724510&menuSelection=sm" "Mozilla/5.0 (iPhone; CPU iPhone OS 12_1_2 like Mac OS X) AppleWebKit/605.1.15 (KHTML, like Gecko) Mobile/16C101JLAMPMode:iPhone"
::1 - - [10/Jan/2019:08:19:51 +0800] "OPTIONS * HTTP/1.0" 200 - "-" "Apache/2.4.6 (CentOS) PHP/5.6.32 (internal dummy connection)"
::1 - - [10/Jan/2019:08:19:52 +0800] "OPTIONS * HTTP/1.0" 200 - "-" "Apache/2.4.6 (CentOS) PHP/5.6.32 (internal dummy connection)"
223.104.145.120 - - [10/Jan/2019:08:19:53 +0800] "POST /main/login_prc HTTP/1.1" 200 104 "http://merp.yudo.com.cn:8183/?deviceType=mobile&devicePlatform=ios" "Mozilla/5.0 (iPhone; CPU iPhone OS 12_1_2 like Mac OS X) AppleWebKit/605.1.15 (KHTML, like Gecko) Mobile/16C101JLAMPMode:iPhone"
221.2.170.155 - - [10/Jan/2019:08:19:54 +0800] "GET /WEI_1000/lists_prc?baseDate=20190110&dateItem=0 HTTP/1.1" 200 267724 "http://merp.yudo.com.cn:8183/WEI_1000/WEI_1000?formKey=M20190110T081724510&menuSelection=sm" "Mozilla/5.0 (iPhone; CPU iPhone OS 12_1_2 like Mac OS X) AppleWebKit/605.1.15 (KHTML, like Gecko) Mobile/16C101JLAMPMode:iPhone"
::1 - - [10/Jan/2019:08:20:02 +0800] "OPTIONS * HTTP/1.0" 200 - "-" "Apache/2.4.6 (CentOS) PHP/5.6.32 (internal dummy connection)"
221.2.170.155 - - [10/Jan/2019:08:20:07 +0800] "GET /image/fonticon/back_icon2.png HTTP/1.1" 200 1066 "http://merp.yudo.com.cn:8183/WEI_1000/WEI_1000?formKey=M20190110T081724510&menuSelection=sm" "Mozilla/5.0 (iPhone; CPU iPhone OS 12_1_2 like Mac OS X) AppleWebKit/605.1.15 (KHTML, like Gecko) Mobile/16C101JLAMPMode:iPhone"
221.2.170.155 - - [10/Jan/2019:08:20:19 +0800] "GET /Menu/Menu/menuLists?formKey=undefined&menuSelection=undefined HTTP/1.1" 200 5921 "http://merp.yudo.com.cn:8183/WEI_1000/WEI_1000?formKey=M20190110T081724510&menuSelection=sm" "Mozilla/5.0 (iPhone; CPU iPhone OS 12_1_2 like Mac OS X) AppleWebKit/605.1.15 (KHTML, like Gecko) Mobile/16C101JLAMPMode:iPhone"
221.2.170.155 - - [10/Jan/2019:08:20:20 +0800] "POST /JLAMPCommon/langBatchRows_prc HTTP/1.1" 200 227 "http://merp.yudo.com.cn:8183/Menu/Menu/menuLists?formKey=undefined&menuSelection=undefined" "Mozilla/5.0 (iPhone; CPU iPhone OS 12_1_2 like Mac OS X) AppleWebKit/605.1.15 (KHTML, like Gecko) Mobile/16C101JLAMPMode:iPhone"
221.2.170.155 - - [10/Jan/2019:08:20:20 +0800] "GET /JLAMPCommon/getCookieJson_prc HTTP/1.1" 200 899 "http://merp.yudo.com.cn:8183/Menu/Menu/menuLists?formKey=undefined&menuSelection=undefined" "Mozilla/5.0 (iPhone; CPU iPhone OS 12_1_2 like Mac OS X) AppleWebKit/605.1.15 (KHTML, like Gecko) Mobile/16C101JLAMPMode:iPhone"
221.2.170.155 - - [10/Jan/2019:08:20:20 +0800] "GET /Menu/doMenuRows_prc?formKey=undefined HTTP/1.1" 200 1912 "http://merp.yudo.com.cn:8183/Menu/Menu/menuLists?formKey=undefined&menuSelection=undefined" "Mozilla/5.0 (iPhone; CPU iPhone OS 12_1_2 like Mac OS X) AppleWebKit/605.1.15 (KHTML, like Gecko) Mobile/16C101JLAMPMode:iPhone"
192.168.253.2 - - [10/Jan/2019:08:20:24 +0800] "GET /?deviceType=mobile&devicePlatform=ios HTTP/1.1" 302 149 "-" "Mozilla/5.0 (iPhone; CPU iPhone OS 11_0 like Mac OS X) AppleWebKit/604.1.38 (KHTML, like Gecko) Mobile/15A372JLAMPMode:iPhone"
192.168.253.2 - - [10/Jan/2019:08:20:25 +0800] "GET /Menu/Menu?formKey=M20190110T081849883 HTTP/1.1" 200 5925 "-" "Mozilla/5.0 (iPhone; CPU iPhone OS 11_0 like Mac OS X) AppleWebKit/604.1.38 (KHTML, like Gecko) Mobile/15A372JLAMPMode:iPhone"
192.168.253.2 - - [10/Jan/2019:08:20:25 +0800] "GET /css/JLAMP.common.min.css HTTP/1.1" 200 - "http://merp.yudo.com.cn:8183/Menu/Menu?formKey=M20190110T081849883" "Mozilla/5.0 (iPhone; CPU iPhone OS 11_0 like Mac OS X) AppleWebKit/604.1.38 (KHTML, like Gecko) Mobile/15A372JLAMPMode:iPhone"
192.168.253.2 - - [10/Jan/2019:08:20:25 +0800] "GET /css/WEI_2000/mui.min.css?v=1001 HTTP/1.1" 304 - "http://merp.yudo.com.cn:8183/Menu/Menu?formKey=M20190110T081849883" "Mozilla/5.0 (iPhone; CPU iPhone OS 11_0 like Mac OS X) AppleWebKit/604.1.38 (KHTML, like Gecko) Mobile/15A372JLAMPMode:iPhone"
192.168.253.2 - - [10/Jan/2019:08:20:25 +0800] "GET /css/common.css?v=5007 HTTP/1.1" 304 - "http://merp.yudo.com.cn:8183/Menu/Menu?formKey=M20190110T081849883" "Mozilla/5.0 (iPhone; CPU iPhone OS 11_0 like Mac OS X) AppleWebKit/604.1.38 (KHTML, like Gecko) Mobile/15A372JLAMPMode:iPhone"
192.168.253.2 - - [10/Jan/2019:08:20:25 +0800] "GET /js/JLAMP.min.js HTTP/1.1" 304 - "http://merp.yudo.com.cn:8183/Menu/Menu?formKey=M20190110T081849883" "Mozilla/5.0 (iPhone; CPU iPhone OS 11_0 like Mac OS X) AppleWebKit/604.1.38 (KHTML, like Gecko) Mobile/15A372JLAMPMode:iPhone"
192.168.253.2 - - [10/Jan/2019:08:20:25 +0800] "GET /js/fastclick.js HTTP/1.1" 304 - "http://merp.yudo.com.cn:8183/Menu/Menu?formKey=M20190110T081849883" "Mozilla/5.0 (iPhone; CPU iPhone OS 11_0 like Mac OS X) AppleWebKit/604.1.38 (KHTML, like Gecko) Mobile/15A372JLAMPMode:iPhone"
192.168.253.2 - - [10/Jan/2019:08:20:25 +0800] "GET /js/version.js?v=20180920001 HTTP/1.1" 304 - "http://merp.yudo.com.cn:8183/Menu/Menu?formKey=M20190110T081849883" "Mozilla/5.0 (iPhone; CPU iPhone OS 11_0 like Mac OS X) AppleWebKit/604.1.38 (KHTML, like Gecko) Mobile/15A372JLAMPMode:iPhone"
192.168.253.2 - - [10/Jan/2019:08:20:25 +0800] "GET /js/GNB.js HTTP/1.1" 304 - "http://merp.yudo.com.cn:8183/Menu/Menu?formKey=M20190110T081849883" "Mozilla/5.0 (iPhone; CPU iPhone OS 11_0 like Mac OS X) AppleWebKit/604.1.38 (KHTML, like Gecko) Mobile/15A372JLAMPMode:iPhone"
192.168.253.2 - - [10/Jan/2019:08:20:25 +0800] "GET /js/Menu/Menu.js?v=1005 HTTP/1.1" 304 - "http://merp.yudo.com.cn:8183/Menu/Menu?formKey=M20190110T081849883" "Mozilla/5.0 (iPhone; CPU iPhone OS 11_0 like Mac OS X) AppleWebKit/604.1.38 (KHTML, like Gecko) Mobile/15A372JLAMPMode:iPhone"
192.168.253.2 - - [10/Jan/2019:08:20:25 +0800] "GET /js/JLAMP.lang.min.js HTTP/1.1" 304 - "http://merp.yudo.com.cn:8183/Menu/Menu?formKey=M20190110T081849883" "Mozilla/5.0 (iPhone; CPU iPhone OS 11_0 like Mac OS X) AppleWebKit/604.1.38 (KHTML, like Gecko) Mobile/15A372JLAMPMode:iPhone"
192.168.253.2 - - [10/Jan/2019:08:20:25 +0800] "GET /js/JLAMP.common.min.js HTTP/1.1" 304 - "http://merp.yudo.com.cn:8183/Menu/Menu?formKey=M20190110T081849883" "Mozilla/5.0 (iPhone; CPU iPhone OS 11_0 like Mac OS X) AppleWebKit/604.1.38 (KHTML, like Gecko) Mobile/15A372JLAMPMode:iPhone"
192.168.253.2 - - [10/Jan/2019:08:20:25 +0800] "GET /image/ASM.png HTTP/1.1" 304 - "http://merp.yudo.com.cn:8183/Menu/Menu?formKey=M20190110T081849883" "Mozilla/5.0 (iPhone; CPU iPhone OS 11_0 like Mac OS X) AppleWebKit/604.1.38 (KHTML, like Gecko) Mobile/15A372JLAMPMode:iPhone"
192.168.253.2 - - [10/Jan/2019:08:20:25 +0800] "POST /JLAMPCommon/langBatchRows_prc HTTP/1.1" 200 595 "http://merp.yudo.com.cn:8183/Menu/Menu?formKey=M20190110T081849883" "Mozilla/5.0 (iPhone; CPU iPhone OS 11_0 like Mac OS X) AppleWebKit/604.1.38 (KHTML, like Gecko) Mobile/15A372JLAMPMode:iPhone"
192.168.253.2 - - [10/Jan/2019:08:20:25 +0800] "GET /JLAMPCommon/getCookieJson_prc HTTP/1.1" 200 913 "http://merp.yudo.com.cn:8183/Menu/Menu?formKey=M20190110T081849883" "Mozilla/5.0 (iPhone; CPU iPhone OS 11_0 like Mac OS X) AppleWebKit/604.1.38 (KHTML, like Gecko) Mobile/15A372JLAMPMode:iPhone"
192.168.253.2 - - [10/Jan/2019:08:20:25 +0800] "GET /Menu/doMenuRows_prc?formKey=M20190110T081849883 HTTP/1.1" 200 1996 "http://merp.yudo.com.cn:8183/Menu/Menu?formKey=M20190110T081849883" "Mozilla/5.0 (iPhone; CPU iPhone OS 11_0 like Mac OS X) AppleWebKit/604.1.38 (KHTML, like Gecko) Mobile/15A372JLAMPMode:iPhone"
117.136.68.152 - - [10/Jan/2019:08:20:26 +0800] "POST /main/login_prc HTTP/1.1" 200 92 "http://merp.yudo.com.cn:8183/?deviceType=mobile&devicePlatform=ios" "Mozilla/5.0 (iPhone; CPU iPhone OS 10_3_3 like Mac OS X) AppleWebKit/603.3.8 (KHTML, like Gecko) Mobile/14G60JLAMPMode:iPhone"
117.136.46.47 - - [10/Jan/2019:08:20:28 +0800] "GET /WEI_2100/as_prc?asid=&custnm=&ascount=50&startDate=2019-01-01&endDate=2019-01-10 HTTP/1.1" 200 66 "http://merp.yudo.com.cn:8183/WEI_2100/WEI_2100?formKey=M20190110T081324613&menuSelection=asm" "Mozilla/5.0 (Linux; Android 8.1.0; EML-AL00 Build/HUAWEIEML-AL00; wv) AppleWebKit/537.36 (KHTML, like Gecko) Version/4.0 Chrome/68.0.3440.91 Mobile Safari/537.36"
::1 - - [10/Jan/2019:08:20:31 +0800] "OPTIONS * HTTP/1.0" 200 - "-" "Apache/2.4.6 (CentOS) PHP/5.6.32 (internal dummy connection)"
::1 - - [10/Jan/2019:08:20:32 +0800] "OPTIONS * HTTP/1.0" 200 - "-" "Apache/2.4.6 (CentOS) PHP/5.6.32 (internal dummy connection)"
117.136.46.47 - - [10/Jan/2019:08:20:35 +0800] "GET /WEI_2100/as_prc?asid=2018032884&custnm=&startDate=2019-01-01&endDate=2019-01-10&ascount=0 HTTP/1.1" 200 66 "http://merp.yudo.com.cn:8183/WEI_2100/WEI_2100?formKey=M20190110T081324613&menuSelection=asm" "Mozilla/5.0 (Linux; Android 8.1.0; EML-AL00 Build/HUAWEIEML-AL00; wv) AppleWebKit/537.36 (KHTML, like Gecko) Version/4.0 Chrome/68.0.3440.91 Mobile Safari/537.36"
117.136.46.47 - - [10/Jan/2019:08:20:35 +0800] "GET /WEI_2100/as_prc?asid=2018032884&custnm=&ascount=50&startDate=2019-01-01&endDate=2019-01-10 HTTP/1.1" 200 66 "http://merp.yudo.com.cn:8183/WEI_2100/WEI_2100?formKey=M20190110T081324613&menuSelection=asm" "Mozilla/5.0 (Linux; Android 8.1.0; EML-AL00 Build/HUAWEIEML-AL00; wv) AppleWebKit/537.36 (KHTML, like Gecko) Version/4.0 Chrome/68.0.3440.91 Mobile Safari/537.36"
::1 - - [10/Jan/2019:08:20:43 +0800] "OPTIONS * HTTP/1.0" 200 - "-" "Apache/2.4.6 (CentOS) PHP/5.6.32 (internal dummy connection)"
223.104.146.41 - - [10/Jan/2019:08:20:44 +0800] "GET /Menu/Menu?formKey=M20190110T081640377 HTTP/1.1" 200 5925 "-" "Mozilla/5.0 (Linux; Android 7.0; RNE-AL00 Build/HUAWEIRNE-AL00; wv) AppleWebKit/537.36 (KHTML, like Gecko) Version/4.0 Chrome/59.0.3071.125 Mobile Safari/537.36"
223.104.146.41 - - [10/Jan/2019:08:20:45 +0800] "POST /JLAMPCommon/langBatchRows_prc HTTP/1.1" 200 595 "http://merp.yudo.com.cn:8183/Menu/Menu?formKey=M20190110T081640377" "Mozilla/5.0 (Linux; Android 7.0; RNE-AL00 Build/HUAWEIRNE-AL00; wv) AppleWebKit/537.36 (KHTML, like Gecko) Version/4.0 Chrome/59.0.3071.125 Mobile Safari/537.36"
223.104.146.41 - - [10/Jan/2019:08:20:45 +0800] "GET /JLAMPCommon/getCookieJson_prc HTTP/1.1" 200 924 "http://merp.yudo.com.cn:8183/Menu/Menu?formKey=M20190110T081640377" "Mozilla/5.0 (Linux; Android 7.0; RNE-AL00 Build/HUAWEIRNE-AL00; wv) AppleWebKit/537.36 (KHTML, like Gecko) Version/4.0 Chrome/59.0.3071.125 Mobile Safari/537.36"
223.104.146.41 - - [10/Jan/2019:08:20:45 +0800] "GET /Menu/doMenuRows_prc?formKey=M20190110T081640377 HTTP/1.1" 200 530 "http://merp.yudo.com.cn:8183/Menu/Menu?formKey=M20190110T081640377" "Mozilla/5.0 (Linux; Android 7.0; RNE-AL00 Build/HUAWEIRNE-AL00; wv) AppleWebKit/537.36 (KHTML, like Gecko) Version/4.0 Chrome/59.0.3071.125 Mobile Safari/537.36"
223.104.146.41 - - [10/Jan/2019:08:20:46 +0800] "GET /image/favicon.ico HTTP/1.1" 404 1506 "http://merp.yudo.com.cn:8183/Menu/Menu?formKey=M20190110T081640377" "Mozilla/5.0 (Linux; Android 7.0; RNE-AL00 Build/HUAWEIRNE-AL00; wv) AppleWebKit/537.36 (KHTML, like Gecko) Version/4.0 Chrome/59.0.3071.125 Mobile Safari/537.36"
117.136.67.75 - - [10/Jan/2019:08:21:00 +0800] "POST /main/login_prc HTTP/1.1" 200 104 "http://merp.yudo.com.cn:8183/?deviceType=mobile&devicePlatform=ios" "Mozilla/5.0 (iPhone; CPU iPhone OS 11_0_3 like Mac OS X) AppleWebKit/604.1.38 (KHTML, like Gecko) Mobile/15A432JLAMPMode:iPhone"
192.168.253.2 - - [10/Jan/2019:08:21:05 +0800] "GET /WEI_2100/WEI_2100?formKey=M20190110T081849883&menuSelection=asm HTTP/1.1" 200 87961 "http://merp.yudo.com.cn:8183/Menu/Menu?formKey=M20190110T081849883" "Mozilla/5.0 (iPhone; CPU iPhone OS 11_0 like Mac OS X) AppleWebKit/604.1.38 (KHTML, like Gecko) Mobile/15A372JLAMPMode:iPhone"
192.168.253.2 - - [10/Jan/2019:08:21:05 +0800] "GET /js/WEI_2100/css/layui.css HTTP/1.1" 304 - "http://merp.yudo.com.cn:8183/WEI_2100/WEI_2100?formKey=M20190110T081849883&menuSelection=asm" "Mozilla/5.0 (iPhone; CPU iPhone OS 11_0 like Mac OS X) AppleWebKit/604.1.38 (KHTML, like Gecko) Mobile/15A372JLAMPMode:iPhone"
192.168.253.2 - - [10/Jan/2019:08:21:05 +0800] "GET /js/WEI_2100/multiSelect.js?v=1005 HTTP/1.1" 304 - "http://merp.yudo.com.cn:8183/WEI_2100/WEI_2100?formKey=M20190110T081849883&menuSelection=asm" "Mozilla/5.0 (iPhone; CPU iPhone OS 11_0 like Mac OS X) AppleWebKit/604.1.38 (KHTML, like Gecko) Mobile/15A372JLAMPMode:iPhone"
192.168.253.2 - - [10/Jan/2019:08:21:05 +0800] "GET /css/WEI_2100/WEI_2100_Lists.css?v=201806080934 HTTP/1.1" 304 - "http://merp.yudo.com.cn:8183/WEI_2100/WEI_2100?formKey=M20190110T081849883&menuSelection=asm" "Mozilla/5.0 (iPhone; CPU iPhone OS 11_0 like Mac OS X) AppleWebKit/604.1.38 (KHTML, like Gecko) Mobile/15A372JLAMPMode:iPhone"
192.168.253.2 - - [10/Jan/2019:08:21:05 +0800] "GET /js/WEI_2100/vue/vue.js HTTP/1.1" 304 - "http://merp.yudo.com.cn:8183/WEI_2100/WEI_2100?formKey=M20190110T081849883&menuSelection=asm" "Mozilla/5.0 (iPhone; CPU iPhone OS 11_0 like Mac OS X) AppleWebKit/604.1.38 (KHTML, like Gecko) Mobile/15A372JLAMPMode:iPhone"
192.168.253.2 - - [10/Jan/2019:08:21:05 +0800] "GET /css/WEI_2000/mui.min.css HTTP/1.1" 304 - "http://merp.yudo.com.cn:8183/WEI_2100/WEI_2100?formKey=M20190110T081849883&menuSelection=asm" "Mozilla/5.0 (iPhone; CPU iPhone OS 11_0 like Mac OS X) AppleWebKit/604.1.38 (KHTML, like Gecko) Mobile/15A372JLAMPMode:iPhone"
192.168.253.2 - - [10/Jan/2019:08:21:05 +0800] "GET /js/WEI_2100/WEI_2100_Lang.js?v=1001 HTTP/1.1" 304 - "http://merp.yudo.com.cn:8183/WEI_2100/WEI_2100?formKey=M20190110T081849883&menuSelection=asm" "Mozilla/5.0 (iPhone; CPU iPhone OS 11_0 like Mac OS X) AppleWebKit/604.1.38 (KHTML, like Gecko) Mobile/15A372JLAMPMode:iPhone"
192.168.253.2 - - [10/Jan/2019:08:21:05 +0800] "GET /js/WEI_2100/layui.all.js HTTP/1.1" 304 - "http://merp.yudo.com.cn:8183/WEI_2100/WEI_2100?formKey=M20190110T081849883&menuSelection=asm" "Mozilla/5.0 (iPhone; CPU iPhone OS 11_0 like Mac OS X) AppleWebKit/604.1.38 (KHTML, like Gecko) Mobile/15A372JLAMPMode:iPhone"
192.168.253.2 - - [10/Jan/2019:08:21:05 +0800] "GET /js/WEI_2100/WEI_2100_Lists.js?v=3200 HTTP/1.1" 304 - "http://merp.yudo.com.cn:8183/WEI_2100/WEI_2100?formKey=M20190110T081849883&menuSelection=asm" "Mozilla/5.0 (iPhone; CPU iPhone OS 11_0 like Mac OS X) AppleWebKit/604.1.38 (KHTML, like Gecko) Mobile/15A372JLAMPMode:iPhone"
192.168.253.2 - - [10/Jan/2019:08:21:05 +0800] "GET /js/WEI_2100/css/modules/laydate/default/laydate.css?v=5.0.9 HTTP/1.1" 304 - "http://merp.yudo.com.cn:8183/WEI_2100/WEI_2100?formKey=M20190110T081849883&menuSelection=asm" "Mozilla/5.0 (iPhone; CPU iPhone OS 11_0 like Mac OS X) AppleWebKit/604.1.38 (KHTML, like Gecko) Mobile/15A372JLAMPMode:iPhone"
192.168.253.2 - - [10/Jan/2019:08:21:05 +0800] "GET /js/WEI_2100/css/modules/layer/default/layer.css?v=3.1.1 HTTP/1.1" 304 - "http://merp.yudo.com.cn:8183/WEI_2100/WEI_2100?formKey=M20190110T081849883&menuSelection=asm" "Mozilla/5.0 (iPhone; CPU iPhone OS 11_0 like Mac OS X) AppleWebKit/604.1.38 (KHTML, like Gecko) Mobile/15A372JLAMPMode:iPhone"
192.168.253.2 - - [10/Jan/2019:08:21:05 +0800] "GET /js/WEI_2100/css/modules/code.css HTTP/1.1" 304 - "http://merp.yudo.com.cn:8183/WEI_2100/WEI_2100?formKey=M20190110T081849883&menuSelection=asm" "Mozilla/5.0 (iPhone; CPU iPhone OS 11_0 like Mac OS X) AppleWebKit/604.1.38 (KHTML, like Gecko) Mobile/15A372JLAMPMode:iPhone"
192.168.253.2 - - [10/Jan/2019:08:21:10 +0800] "POST /JLAMPCommon/langBatchRows_prc HTTP/1.1" 200 12699 "http://merp.yudo.com.cn:8183/WEI_2100/WEI_2100?formKey=M20190110T081849883&menuSelection=asm" "Mozilla/5.0 (iPhone; CPU iPhone OS 11_0 like Mac OS X) AppleWebKit/604.1.38 (KHTML, like Gecko) Mobile/15A372JLAMPMode:iPhone"
192.168.253.2 - - [10/Jan/2019:08:21:10 +0800] "POST /JLAMPCommon/langBatchRows_prc HTTP/1.1" 200 13667 "http://merp.yudo.com.cn:8183/WEI_2100/WEI_2100?formKey=M20190110T081849883&menuSelection=asm" "Mozilla/5.0 (iPhone; CPU iPhone OS 11_0 like Mac OS X) AppleWebKit/604.1.38 (KHTML, like Gecko) Mobile/15A372JLAMPMode:iPhone"
192.168.253.2 - - [10/Jan/2019:08:21:11 +0800] "GET /JLAMPCommon/getCookieJson_prc HTTP/1.1" 200 913 "http://merp.yudo.com.cn:8183/WEI_2100/WEI_2100?formKey=M20190110T081849883&menuSelection=asm" "Mozilla/5.0 (iPhone; CPU iPhone OS 11_0 like Mac OS X) AppleWebKit/604.1.38 (KHTML, like Gecko) Mobile/15A372JLAMPMode:iPhone"
192.168.253.2 - - [10/Jan/2019:08:21:13 +0800] "GET /js/WEI_2100/css/modules/layer/default/loading-2.gif HTTP/1.1" 304 - "http://merp.yudo.com.cn:8183/WEI_2100/WEI_2100?formKey=M20190110T081849883&menuSelection=asm" "Mozilla/5.0 (iPhone; CPU iPhone OS 11_0 like Mac OS X) AppleWebKit/604.1.38 (KHTML, like Gecko) Mobile/15A372JLAMPMode:iPhone"
192.168.253.2 - - [10/Jan/2019:08:21:13 +0800] "GET /WEI_2100/systemclass_big_prc?bigsysid=markets HTTP/1.1" 200 512 "http://merp.yudo.com.cn:8183/WEI_2100/WEI_2100?formKey=M20190110T081849883&menuSelection=asm" "Mozilla/5.0 (iPhone; CPU iPhone OS 11_0 like Mac OS X) AppleWebKit/604.1.38 (KHTML, like Gecko) Mobile/15A372JLAMPMode:iPhone"
192.168.253.2 - - [10/Jan/2019:08:21:13 +0800] "GET /WEI_2100/systemclass_big_prc?bigsysid=startpoint HTTP/1.1" 200 317 "http://merp.yudo.com.cn:8183/WEI_2100/WEI_2100?formKey=M20190110T081849883&menuSelection=asm" "Mozilla/5.0 (iPhone; CPU iPhone OS 11_0 like Mac OS X) AppleWebKit/604.1.38 (KHTML, like Gecko) Mobile/15A372JLAMPMode:iPhone"
192.168.253.2 - - [10/Jan/2019:08:21:13 +0800] "GET /WEI_2100/systemclass_big_prc?bigsysid=asclass1 HTTP/1.1" 200 475 "http://merp.yudo.com.cn:8183/WEI_2100/WEI_2100?formKey=M20190110T081849883&menuSelection=asm" "Mozilla/5.0 (iPhone; CPU iPhone OS 11_0 like Mac OS X) AppleWebKit/604.1.38 (KHTML, like Gecko) Mobile/15A372JLAMPMode:iPhone"
192.168.253.2 - - [10/Jan/2019:08:21:13 +0800] "GET /WEI_2100/systemclass_big_prc?bigsysid=ascause HTTP/1.1" 200 209 "http://merp.yudo.com.cn:8183/WEI_2100/WEI_2100?formKey=M20190110T081849883&menuSelection=asm" "Mozilla/5.0 (iPhone; CPU iPhone OS 11_0 like Mac OS X) AppleWebKit/604.1.38 (KHTML, like Gecko) Mobile/15A372JLAMPMode:iPhone"
192.168.253.2 - - [10/Jan/2019:08:21:13 +0800] "GET /WEI_2100/systemclass_big_prc?bigsysid=area HTTP/1.1" 200 751 "http://merp.yudo.com.cn:8183/WEI_2100/WEI_2100?formKey=M20190110T081849883&menuSelection=asm" "Mozilla/5.0 (iPhone; CPU iPhone OS 11_0 like Mac OS X) AppleWebKit/604.1.38 (KHTML, like Gecko) Mobile/15A372JLAMPMode:iPhone"
192.168.253.2 - - [10/Jan/2019:08:21:14 +0800] "GET /WEI_2100/systemclass_big_prc?bigsysid=supplyscope HTTP/1.1" 200 302 "http://merp.yudo.com.cn:8183/WEI_2100/WEI_2100?formKey=M20190110T081849883&menuSelection=asm" "Mozilla/5.0 (iPhone; CPU iPhone OS 11_0 like Mac OS X) AppleWebKit/604.1.38 (KHTML, like Gecko) Mobile/15A372JLAMPMode:iPhone"
192.168.253.2 - - [10/Jan/2019:08:21:14 +0800] "GET /WEI_2100/user_prc HTTP/1.1" 200 88734 "http://merp.yudo.com.cn:8183/WEI_2100/WEI_2100?formKey=M20190110T081849883&menuSelection=asm" "Mozilla/5.0 (iPhone; CPU iPhone OS 11_0 like Mac OS X) AppleWebKit/604.1.38 (KHTML, like Gecko) Mobile/15A372JLAMPMode:iPhone"
192.168.253.2 - - [10/Jan/2019:08:21:14 +0800] "GET /WEI_2100/as_unit HTTP/1.1" 200 1002 "http://merp.yudo.com.cn:8183/WEI_2100/WEI_2100?formKey=M20190110T081849883&menuSelection=asm" "Mozilla/5.0 (iPhone; CPU iPhone OS 11_0 like Mac OS X) AppleWebKit/604.1.38 (KHTML, like Gecko) Mobile/15A372JLAMPMode:iPhone"
192.168.253.2 - - [10/Jan/2019:08:21:14 +0800] "GET /WEI_2100/systemclass_big_prc?bigsysid=asclass HTTP/1.1" 200 264 "http://merp.yudo.com.cn:8183/WEI_2100/WEI_2100?formKey=M20190110T081849883&menuSelection=asm" "Mozilla/5.0 (iPhone; CPU iPhone OS 11_0 like Mac OS X) AppleWebKit/604.1.38 (KHTML, like Gecko) Mobile/15A372JLAMPMode:iPhone"
192.168.253.2 - - [10/Jan/2019:08:21:13 +0800] "GET /WEI_2100/systemclass_big_prc?bigsysid=asbadtype HTTP/1.1" 200 152 "http://merp.yudo.com.cn:8183/WEI_2100/WEI_2100?formKey=M20190110T081849883&menuSelection=asm" "Mozilla/5.0 (iPhone; CPU iPhone OS 11_0 like Mac OS X) AppleWebKit/604.1.38 (KHTML, like Gecko) Mobile/15A372JLAMPMode:iPhone"
223.104.146.41 - - [10/Jan/2019:08:21:20 +0800] "GET /Menu/Menu?formKey=M20190110T081640377 HTTP/1.1" 200 5925 "-" "Mozilla/5.0 (Linux; Android 7.0; RNE-AL00 Build/HUAWEIRNE-AL00; wv) AppleWebKit/537.36 (KHTML, like Gecko) Version/4.0 Chrome/59.0.3071.125 Mobile Safari/537.36"
223.104.146.41 - - [10/Jan/2019:08:21:20 +0800] "POST /JLAMPCommon/langBatchRows_prc HTTP/1.1" 200 595 "http://merp.yudo.com.cn:8183/Menu/Menu?formKey=M20190110T081640377" "Mozilla/5.0 (Linux; Android 7.0; RNE-AL00 Build/HUAWEIRNE-AL00; wv) AppleWebKit/537.36 (KHTML, like Gecko) Version/4.0 Chrome/59.0.3071.125 Mobile Safari/537.36"
223.104.146.41 - - [10/Jan/2019:08:21:21 +0800] "GET /JLAMPCommon/getCookieJson_prc HTTP/1.1" 200 924 "http://merp.yudo.com.cn:8183/Menu/Menu?formKey=M20190110T081640377" "Mozilla/5.0 (Linux; Android 7.0; RNE-AL00 Build/HUAWEIRNE-AL00; wv) AppleWebKit/537.36 (KHTML, like Gecko) Version/4.0 Chrome/59.0.3071.125 Mobile Safari/537.36"
::1 - - [10/Jan/2019:08:21:21 +0800] "OPTIONS * HTTP/1.0" 200 - "-" "Apache/2.4.6 (CentOS) PHP/5.6.32 (internal dummy connection)"
223.104.146.41 - - [10/Jan/2019:08:21:21 +0800] "GET /Menu/doMenuRows_prc?formKey=M20190110T081640377 HTTP/1.1" 200 530 "http://merp.yudo.com.cn:8183/Menu/Menu?formKey=M20190110T081640377" "Mozilla/5.0 (Linux; Android 7.0; RNE-AL00 Build/HUAWEIRNE-AL00; wv) AppleWebKit/537.36 (KHTML, like Gecko) Version/4.0 Chrome/59.0.3071.125 Mobile Safari/537.36"
223.104.146.41 - - [10/Jan/2019:08:21:21 +0800] "GET /image/favicon.ico HTTP/1.1" 404 1506 "http://merp.yudo.com.cn:8183/Menu/Menu?formKey=M20190110T081640377" "Mozilla/5.0 (Linux; Android 7.0; RNE-AL00 Build/HUAWEIRNE-AL00; wv) AppleWebKit/537.36 (KHTML, like Gecko) Version/4.0 Chrome/59.0.3071.125 Mobile Safari/537.36"
192.168.253.2 - - [10/Jan/2019:08:21:24 +0800] "GET /WEI_2100/as_prc?asid=2018032884&custnm=&startDate=2019-01-01&endDate=2019-01-10&ascount=0 HTTP/1.1" 200 624 "http://merp.yudo.com.cn:8183/WEI_2100/WEI_2100?formKey=M20190110T081849883&menuSelection=asm" "Mozilla/5.0 (iPhone; CPU iPhone OS 11_0 like Mac OS X) AppleWebKit/604.1.38 (KHTML, like Gecko) Mobile/15A372JLAMPMode:iPhone"
192.168.253.2 - - [10/Jan/2019:08:21:24 +0800] "GET /js/WEI_2100/font/iconfont.svg?v=230-rc1 HTTP/1.1" 304 - "http://merp.yudo.com.cn:8183/WEI_2100/WEI_2100?formKey=M20190110T081849883&menuSelection=asm" "Mozilla/5.0 (iPhone; CPU iPhone OS 11_0 like Mac OS X) AppleWebKit/604.1.38 (KHTML, like Gecko) Mobile/15A372JLAMPMode:iPhone"
192.168.253.2 - - [10/Jan/2019:08:21:24 +0800] "GET /js/WEI_2100/font/iconfont.woff?v=230-rc1 HTTP/1.1" 304 - "http://merp.yudo.com.cn:8183/WEI_2100/WEI_2100?formKey=M20190110T081849883&menuSelection=asm" "Mozilla/5.0 (iPhone; CPU iPhone OS 11_0 like Mac OS X) AppleWebKit/604.1.38 (KHTML, like Gecko) Mobile/15A372JLAMPMode:iPhone"
::1 - - [10/Jan/2019:08:21:30 +0800] "OPTIONS * HTTP/1.0" 200 - "-" "Apache/2.4.6 (CentOS) PHP/5.6.32 (internal dummy connection)"
223.104.4.23 - - [10/Jan/2019:08:21:32 +0800] "POST /main/login_prc HTTP/1.1" 200 74 "http://merp.yudo.com.cn:8183/?deviceType=mobile&devicePlatform=android" "Mozilla/5.0 (Linux; Android 8.0.0; MHA-AL00 Build/HUAWEIMHA-AL00; wv) AppleWebKit/537.36 (KHTML, like Gecko) Version/4.0 Chrome/68.0.3440.91 Mobile Safari/537.36"
223.104.146.41 - - [10/Jan/2019:08:21:38 +0800] "POST /JLAMPCommon/setFormAccessLog_prc HTTP/1.1" 200 75 "http://merp.yudo.com.cn:8183/Menu/Menu?formKey=M20190110T081640377" "Mozilla/5.0 (Linux; Android 7.0; RNE-AL00 Build/HUAWEIRNE-AL00; wv) AppleWebKit/537.36 (KHTML, like Gecko) Version/4.0 Chrome/59.0.3071.125 Mobile Safari/537.36"
223.104.146.41 - - [10/Jan/2019:08:21:39 +0800] "POST /main/logout_prc HTTP/1.1" 200 44 "http://merp.yudo.com.cn:8183/Menu/Menu?formKey=M20190110T081640377" "Mozilla/5.0 (Linux; Android 7.0; RNE-AL00 Build/HUAWEIRNE-AL00; wv) AppleWebKit/537.36 (KHTML, like Gecko) Version/4.0 Chrome/59.0.3071.125 Mobile Safari/537.36"
223.104.146.41 - - [10/Jan/2019:08:21:40 +0800] "GET /Menu/Menu?formKey=M20190110T081640377 HTTP/1.1" 200 154 "http://merp.yudo.com.cn:8183/Menu/Menu?formKey=M20190110T081640377" "Mozilla/5.0 (Linux; Android 7.0; RNE-AL00 Build/HUAWEIRNE-AL00; wv) AppleWebKit/537.36 (KHTML, like Gecko) Version/4.0 Chrome/59.0.3071.125 Mobile Safari/537.36"
223.104.146.41 - - [10/Jan/2019:08:21:40 +0800] "GET /favicon.ico HTTP/1.1" 404 1476 "http://merp.yudo.com.cn:8183/Menu/Menu?formKey=M20190110T081640377" "Mozilla/5.0 (Linux; Android 7.0; RNE-AL00 Build/HUAWEIRNE-AL00; wv) AppleWebKit/537.36 (KHTML, like Gecko) Version/4.0 Chrome/59.0.3071.125 Mobile Safari/537.36"
223.104.146.41 - - [10/Jan/2019:08:21:40 +0800] "GET /Menu/Menu?formKey=M20190110T081640377 HTTP/1.1" 200 154 "http://merp.yudo.com.cn:8183/Menu/Menu?formKey=M20190110T081640377" "Mozilla/5.0 (Linux; Android 7.0; RNE-AL00 Build/HUAWEIRNE-AL00; wv) AppleWebKit/537.36 (KHTML, like Gecko) Version/4.0 Chrome/59.0.3071.125 Mobile Safari/537.36"
223.104.146.41 - - [10/Jan/2019:08:21:40 +0800] "GET /Menu/Menu?formKey=M20190110T081640377 HTTP/1.1" 200 154 "http://merp.yudo.com.cn:8183/Menu/Menu?formKey=M20190110T081640377" "Mozilla/5.0 (Linux; Android 7.0; RNE-AL00 Build/HUAWEIRNE-AL00; wv) AppleWebKit/537.36 (KHTML, like Gecko) Version/4.0 Chrome/59.0.3071.125 Mobile Safari/537.36"
223.104.146.41 - - [10/Jan/2019:08:21:41 +0800] "GET /Menu/Menu?formKey=M20190110T081640377 HTTP/1.1" 200 154 "http://merp.yudo.com.cn:8183/Menu/Menu?formKey=M20190110T081640377" "Mozilla/5.0 (Linux; Android 7.0; RNE-AL00 Build/HUAWEIRNE-AL00; wv) AppleWebKit/537.36 (KHTML, like Gecko) Version/4.0 Chrome/59.0.3071.125 Mobile Safari/537.36"
223.104.146.41 - - [10/Jan/2019:08:21:41 +0800] "GET /Menu/Menu?formKey=M20190110T081640377 HTTP/1.1" 200 154 "http://merp.yudo.com.cn:8183/Menu/Menu?formKey=M20190110T081640377" "Mozilla/5.0 (Linux; Android 7.0; RNE-AL00 Build/HUAWEIRNE-AL00; wv) AppleWebKit/537.36 (KHTML, like Gecko) Version/4.0 Chrome/59.0.3071.125 Mobile Safari/537.36"
223.104.146.41 - - [10/Jan/2019:08:21:41 +0800] "GET /Menu/Menu?formKey=M20190110T081640377 HTTP/1.1" 200 154 "http://merp.yudo.com.cn:8183/Menu/Menu?formKey=M20190110T081640377" "Mozilla/5.0 (Linux; Android 7.0; RNE-AL00 Build/HUAWEIRNE-AL00; wv) AppleWebKit/537.36 (KHTML, like Gecko) Version/4.0 Chrome/59.0.3071.125 Mobile Safari/537.36"
223.104.146.41 - - [10/Jan/2019:08:21:41 +0800] "GET /Menu/Menu?formKey=M20190110T081640377 HTTP/1.1" 200 154 "http://merp.yudo.com.cn:8183/Menu/Menu?formKey=M20190110T081640377" "Mozilla/5.0 (Linux; Android 7.0; RNE-AL00 Build/HUAWEIRNE-AL00; wv) AppleWebKit/537.36 (KHTML, like Gecko) Version/4.0 Chrome/59.0.3071.125 Mobile Safari/537.36"
223.104.146.41 - - [10/Jan/2019:08:21:41 +0800] "GET /Menu/Menu?formKey=M20190110T081640377 HTTP/1.1" 200 154 "http://merp.yudo.com.cn:8183/Menu/Menu?formKey=M20190110T081640377" "Mozilla/5.0 (Linux; Android 7.0; RNE-AL00 Build/HUAWEIRNE-AL00; wv) AppleWebKit/537.36 (KHTML, like Gecko) Version/4.0 Chrome/59.0.3071.125 Mobile Safari/537.36"
223.104.146.41 - - [10/Jan/2019:08:21:42 +0800] "GET /Menu/Menu?formKey=M20190110T081640377 HTTP/1.1" 200 154 "http://merp.yudo.com.cn:8183/Menu/Menu?formKey=M20190110T081640377" "Mozilla/5.0 (Linux; Android 7.0; RNE-AL00 Build/HUAWEIRNE-AL00; wv) AppleWebKit/537.36 (KHTML, like Gecko) Version/4.0 Chrome/59.0.3071.125 Mobile Safari/537.36"
223.104.146.41 - - [10/Jan/2019:08:21:42 +0800] "GET /Menu/Menu?formKey=M20190110T081640377 HTTP/1.1" 200 154 "http://merp.yudo.com.cn:8183/Menu/Menu?formKey=M20190110T081640377" "Mozilla/5.0 (Linux; Android 7.0; RNE-AL00 Build/HUAWEIRNE-AL00; wv) AppleWebKit/537.36 (KHTML, like Gecko) Version/4.0 Chrome/59.0.3071.125 Mobile Safari/537.36"
223.104.146.41 - - [10/Jan/2019:08:21:42 +0800] "GET /Menu/Menu?formKey=M20190110T081640377 HTTP/1.1" 200 154 "http://merp.yudo.com.cn:8183/Menu/Menu?formKey=M20190110T081640377" "Mozilla/5.0 (Linux; Android 7.0; RNE-AL00 Build/HUAWEIRNE-AL00; wv) AppleWebKit/537.36 (KHTML, like Gecko) Version/4.0 Chrome/59.0.3071.125 Mobile Safari/537.36"
223.104.146.41 - - [10/Jan/2019:08:21:42 +0800] "GET /Menu/Menu?formKey=M20190110T081640377 HTTP/1.1" 200 154 "http://merp.yudo.com.cn:8183/Menu/Menu?formKey=M20190110T081640377" "Mozilla/5.0 (Linux; Android 7.0; RNE-AL00 Build/HUAWEIRNE-AL00; wv) AppleWebKit/537.36 (KHTML, like Gecko) Version/4.0 Chrome/59.0.3071.125 Mobile Safari/537.36"
223.104.146.41 - - [10/Jan/2019:08:21:42 +0800] "GET /Menu/Menu?formKey=M20190110T081640377 HTTP/1.1" 200 154 "http://merp.yudo.com.cn:8183/Menu/Menu?formKey=M20190110T081640377" "Mozilla/5.0 (Linux; Android 7.0; RNE-AL00 Build/HUAWEIRNE-AL00; wv) AppleWebKit/537.36 (KHTML, like Gecko) Version/4.0 Chrome/59.0.3071.125 Mobile Safari/537.36"
223.104.146.41 - - [10/Jan/2019:08:21:43 +0800] "GET /Menu/Menu?formKey=M20190110T081640377 HTTP/1.1" 200 154 "http://merp.yudo.com.cn:8183/Menu/Menu?formKey=M20190110T081640377" "Mozilla/5.0 (Linux; Android 7.0; RNE-AL00 Build/HUAWEIRNE-AL00; wv) AppleWebKit/537.36 (KHTML, like Gecko) Version/4.0 Chrome/59.0.3071.125 Mobile Safari/537.36"
