1.212.52.173 - - [21/Jan/2019:17:33:48 +0800] "GET /image/favicon.ico HTTP/1.1" 404 1506 "http://merp.yudo.com.cn:8183/?deviceType=mobile&devicePlatform=android" "Mozilla/5.0 (Linux; Android 5.0.1; LG-F320S Build/LRX21Y; wv) AppleWebKit/537.36 (KHTML, like Gecko) Version/4.0 Chrome/71.0.3578.99 Mobile Safari/537.36"
1.212.52.173 - - [21/Jan/2019:17:33:48 +0800] "GET /JLAMPCommon/getCookieJson_prc HTTP/1.1" 200 62 "http://merp.yudo.com.cn:8183/?deviceType=mobile&devicePlatform=android" "Mozilla/5.0 (Linux; Android 8.1.0; MI 6X Build/OPM1.171019.011; wv) AppleWebKit/537.36 (KHTML, like Gecko) Version/4.0 Chrome/71.0.3578.99 Mobile Safari/537.36"
1.212.52.173 - - [21/Jan/2019:17:33:48 +0800] "GET /image/favicon.ico HTTP/1.1" 404 1506 "http://merp.yudo.com.cn:8183/?deviceType=mobile&devicePlatform=android" "Mozilla/5.0 (Linux; Android 8.1.0; MI 6X Build/OPM1.171019.011; wv) AppleWebKit/537.36 (KHTML, like Gecko) Version/4.0 Chrome/71.0.3578.99 Mobile Safari/537.36"
1.212.52.173 - - [21/Jan/2019:17:34:40 +0800] "-" 408 - "-" "-"
223.62.212.143 - - [21/Jan/2019:17:37:57 +0800] "GET /JLAMPCommon/getCookieJson_prc HTTP/1.1" 200 62 "http://merp.yudo.com.cn:8183/?deviceType=mobile&devicePlatform=android" "Mozilla/5.0 (Linux; Android 8.0.0; SM-G960N Build/R16NW; wv) AppleWebKit/537.36 (KHTML, like Gecko) Version/4.0 Chrome/71.0.3578.99 Mobile Safari/537.36"
223.62.212.143 - - [21/Jan/2019:17:37:57 +0800] "GET /image/favicon.ico HTTP/1.1" 404 1506 "http://merp.yudo.com.cn:8183/?deviceType=mobile&devicePlatform=android" "Mozilla/5.0 (Linux; Android 8.0.0; SM-G960N Build/R16NW; wv) AppleWebKit/537.36 (KHTML, like Gecko) Version/4.0 Chrome/71.0.3578.99 Mobile Safari/537.36"
223.62.212.143 - - [21/Jan/2019:17:38:30 +0800] "GET /JLAMPCommon/getCookieJson_prc HTTP/1.1" 200 62 "http://merp.yudo.com.cn:8183/?deviceType=mobile&devicePlatform=android" "Mozilla/5.0 (Linux; Android 8.0.0; SM-G960N Build/R16NW; wv) AppleWebKit/537.36 (KHTML, like Gecko) Version/4.0 Chrome/71.0.3578.99 Mobile Safari/537.36"
223.62.212.143 - - [21/Jan/2019:17:38:30 +0800] "GET /image/favicon.ico HTTP/1.1" 404 1506 "http://merp.yudo.com.cn:8183/?deviceType=mobile&devicePlatform=android" "Mozilla/5.0 (Linux; Android 8.0.0; SM-G960N Build/R16NW; wv) AppleWebKit/537.36 (KHTML, like Gecko) Version/4.0 Chrome/71.0.3578.99 Mobile Safari/537.36"
223.62.212.143 - - [21/Jan/2019:17:38:55 +0800] "POST /main/login_prc HTTP/1.1" 200 44 "http://merp.yudo.com.cn:8183/?deviceType=mobile&devicePlatform=android" "Mozilla/5.0 (Linux; Android 8.0.0; SM-G960N Build/R16NW; wv) AppleWebKit/537.36 (KHTML, like Gecko) Version/4.0 Chrome/71.0.3578.99 Mobile Safari/537.36"
223.62.212.143 - - [21/Jan/2019:17:38:55 +0800] "POST /main/checkMenuAuth_prc HTTP/1.1" 200 44 "http://merp.yudo.com.cn:8183/?deviceType=mobile&devicePlatform=android" "Mozilla/5.0 (Linux; Android 8.0.0; SM-G960N Build/R16NW; wv) AppleWebKit/537.36 (KHTML, like Gecko) Version/4.0 Chrome/71.0.3578.99 Mobile Safari/537.36"
223.62.212.143 - - [21/Jan/2019:17:38:55 +0800] "POST / HTTP/1.1" 302 149 "http://merp.yudo.com.cn:8183/?deviceType=mobile&devicePlatform=android" "Mozilla/5.0 (Linux; Android 8.0.0; SM-G960N Build/R16NW; wv) AppleWebKit/537.36 (KHTML, like Gecko) Version/4.0 Chrome/71.0.3578.99 Mobile Safari/537.36"
223.62.212.143 - - [21/Jan/2019:17:38:55 +0800] "POST / HTTP/1.1" 302 149 "http://merp.yudo.com.cn:8183/?deviceType=mobile&devicePlatform=android" "Mozilla/5.0 (Linux; Android 8.0.0; SM-G960N Build/R16NW; wv) AppleWebKit/537.36 (KHTML, like Gecko) Version/4.0 Chrome/71.0.3578.99 Mobile Safari/537.36"
223.62.212.143 - - [21/Jan/2019:17:38:55 +0800] "GET /Menu/Menu?formKey=M20190121T173705550 HTTP/1.1" 200 11899 "http://merp.yudo.com.cn:8183/?deviceType=mobile&devicePlatform=android" "Mozilla/5.0 (Linux; Android 8.0.0; SM-G960N Build/R16NW; wv) AppleWebKit/537.36 (KHTML, like Gecko) Version/4.0 Chrome/71.0.3578.99 Mobile Safari/537.36"
223.62.212.143 - - [21/Jan/2019:17:38:56 +0800] "GET /css/yudo-ui.css?v=1082 HTTP/1.1" 200 23327 "http://merp.yudo.com.cn:8183/Menu/Menu?formKey=M20190121T173705550" "Mozilla/5.0 (Linux; Android 8.0.0; SM-G960N Build/R16NW; wv) AppleWebKit/537.36 (KHTML, like Gecko) Version/4.0 Chrome/71.0.3578.99 Mobile Safari/537.36"
223.62.212.143 - - [21/Jan/2019:17:38:56 +0800] "GET /css/mui.picker.min.css HTTP/1.1" 200 4843 "http://merp.yudo.com.cn:8183/Menu/Menu?formKey=M20190121T173705550" "Mozilla/5.0 (Linux; Android 8.0.0; SM-G960N Build/R16NW; wv) AppleWebKit/537.36 (KHTML, like Gecko) Version/4.0 Chrome/71.0.3578.99 Mobile Safari/537.36"
223.62.212.143 - - [21/Jan/2019:17:38:56 +0800] "GET /js/multiHttp.js?v=1002 HTTP/1.1" 200 7163 "http://merp.yudo.com.cn:8183/Menu/Menu?formKey=M20190121T173705550" "Mozilla/5.0 (Linux; Android 8.0.0; SM-G960N Build/R16NW; wv) AppleWebKit/537.36 (KHTML, like Gecko) Version/4.0 Chrome/71.0.3578.99 Mobile Safari/537.36"
223.62.212.143 - - [21/Jan/2019:17:38:56 +0800] "GET /css/mui.min.css?v=1008 HTTP/1.1" 200 76587 "http://merp.yudo.com.cn:8183/Menu/Menu?formKey=M20190121T173705550" "Mozilla/5.0 (Linux; Android 8.0.0; SM-G960N Build/R16NW; wv) AppleWebKit/537.36 (KHTML, like Gecko) Version/4.0 Chrome/71.0.3578.99 Mobile Safari/537.36"
223.62.212.143 - - [21/Jan/2019:17:38:56 +0800] "GET /css/animate.min.css HTTP/1.1" 200 52799 "http://merp.yudo.com.cn:8183/Menu/Menu?formKey=M20190121T173705550" "Mozilla/5.0 (Linux; Android 8.0.0; SM-G960N Build/R16NW; wv) AppleWebKit/537.36 (KHTML, like Gecko) Version/4.0 Chrome/71.0.3578.99 Mobile Safari/537.36"
223.62.212.143 - - [21/Jan/2019:17:38:56 +0800] "GET /js/mui.min.js?v=1001 HTTP/1.1" 200 115810 "http://merp.yudo.com.cn:8183/Menu/Menu?formKey=M20190121T173705550" "Mozilla/5.0 (Linux; Android 8.0.0; SM-G960N Build/R16NW; wv) AppleWebKit/537.36 (KHTML, like Gecko) Version/4.0 Chrome/71.0.3578.99 Mobile Safari/537.36"
223.62.212.143 - - [21/Jan/2019:17:38:56 +0800] "GET /js/lang.min.js?v=1001 HTTP/1.1" 200 904 "http://merp.yudo.com.cn:8183/Menu/Menu?formKey=M20190121T173705550" "Mozilla/5.0 (Linux; Android 8.0.0; SM-G960N Build/R16NW; wv) AppleWebKit/537.36 (KHTML, like Gecko) Version/4.0 Chrome/71.0.3578.99 Mobile Safari/537.36"
223.62.212.143 - - [21/Jan/2019:17:38:56 +0800] "GET /js/mui.previewimage.js?v=201804261256 HTTP/1.1" 200 13324 "http://merp.yudo.com.cn:8183/Menu/Menu?formKey=M20190121T173705550" "Mozilla/5.0 (Linux; Android 8.0.0; SM-G960N Build/R16NW; wv) AppleWebKit/537.36 (KHTML, like Gecko) Version/4.0 Chrome/71.0.3578.99 Mobile Safari/537.36"
223.62.212.143 - - [21/Jan/2019:17:38:56 +0800] "GET /js/mui.zoom.js?v=201804231454 HTTP/1.1" 200 11703 "http://merp.yudo.com.cn:8183/Menu/Menu?formKey=M20190121T173705550" "Mozilla/5.0 (Linux; Android 8.0.0; SM-G960N Build/R16NW; wv) AppleWebKit/537.36 (KHTML, like Gecko) Version/4.0 Chrome/71.0.3578.99 Mobile Safari/537.36"
223.62.212.143 - - [21/Jan/2019:17:38:56 +0800] "GET /js/mui.picker.min.js?v=1001 HTTP/1.1" 200 18411 "http://merp.yudo.com.cn:8183/Menu/Menu?formKey=M20190121T173705550" "Mozilla/5.0 (Linux; Android 8.0.0; SM-G960N Build/R16NW; wv) AppleWebKit/537.36 (KHTML, like Gecko) Version/4.0 Chrome/71.0.3578.99 Mobile Safari/537.36"
223.62.212.143 - - [21/Jan/2019:17:38:57 +0800] "GET /js/version.js?v=20180920001 HTTP/1.1" 200 1046 "http://merp.yudo.com.cn:8183/Menu/Menu?formKey=M20190121T173705550" "Mozilla/5.0 (Linux; Android 8.0.0; SM-G960N Build/R16NW; wv) AppleWebKit/537.36 (KHTML, like Gecko) Version/4.0 Chrome/71.0.3578.99 Mobile Safari/537.36"
223.62.212.143 - - [21/Jan/2019:17:38:57 +0800] "GET /js/common.js HTTP/1.1" 200 11633 "http://merp.yudo.com.cn:8183/Menu/Menu?formKey=M20190121T173705550" "Mozilla/5.0 (Linux; Android 8.0.0; SM-G960N Build/R16NW; wv) AppleWebKit/537.36 (KHTML, like Gecko) Version/4.0 Chrome/71.0.3578.99 Mobile Safari/537.36"
223.62.212.143 - - [21/Jan/2019:17:38:58 +0800] "GET /image/fonticon/headDefault.jpg HTTP/1.1" 200 2436 "http://merp.yudo.com.cn:8183/Menu/Menu?formKey=M20190121T173705550" "Mozilla/5.0 (Linux; Android 8.0.0; SM-G960N Build/R16NW; wv) AppleWebKit/537.36 (KHTML, like Gecko) Version/4.0 Chrome/71.0.3578.99 Mobile Safari/537.36"
223.62.212.143 - - [21/Jan/2019:17:38:56 +0800] "GET /js/vue.js HTTP/1.1" 200 289301 "http://merp.yudo.com.cn:8183/Menu/Menu?formKey=M20190121T173705550" "Mozilla/5.0 (Linux; Android 8.0.0; SM-G960N Build/R16NW; wv) AppleWebKit/537.36 (KHTML, like Gecko) Version/4.0 Chrome/71.0.3578.99 Mobile Safari/537.36"
223.62.212.143 - - [21/Jan/2019:17:38:58 +0800] "GET /js/Menu/Menu.js?v=2001 HTTP/1.1" 200 4611 "http://merp.yudo.com.cn:8183/Menu/Menu?formKey=M20190121T173705550" "Mozilla/5.0 (Linux; Android 8.0.0; SM-G960N Build/R16NW; wv) AppleWebKit/537.36 (KHTML, like Gecko) Version/4.0 Chrome/71.0.3578.99 Mobile Safari/537.36"
223.62.212.143 - - [21/Jan/2019:17:38:58 +0800] "GET /image/yudo-03.png HTTP/1.1" 200 288963 "http://merp.yudo.com.cn:8183/Menu/Menu?formKey=M20190121T173705550" "Mozilla/5.0 (Linux; Android 8.0.0; SM-G960N Build/R16NW; wv) AppleWebKit/537.36 (KHTML, like Gecko) Version/4.0 Chrome/71.0.3578.99 Mobile Safari/537.36"
223.62.212.143 - - [21/Jan/2019:17:38:59 +0800] "GET /image/yudo-01.png HTTP/1.1" 200 381770 "http://merp.yudo.com.cn:8183/Menu/Menu?formKey=M20190121T173705550" "Mozilla/5.0 (Linux; Android 8.0.0; SM-G960N Build/R16NW; wv) AppleWebKit/537.36 (KHTML, like Gecko) Version/4.0 Chrome/71.0.3578.99 Mobile Safari/537.36"
223.62.212.143 - - [21/Jan/2019:17:39:06 +0800] "GET /image/yudo-02.png HTTP/1.1" 200 358241 "http://merp.yudo.com.cn:8183/Menu/Menu?formKey=M20190121T173705550" "Mozilla/5.0 (Linux; Android 8.0.0; SM-G960N Build/R16NW; wv) AppleWebKit/537.36 (KHTML, like Gecko) Version/4.0 Chrome/71.0.3578.99 Mobile Safari/537.36"
1.212.52.173 - - [21/Jan/2019:17:39:13 +0800] "POST /main/login_prc HTTP/1.1" 200 44 "http://merp.yudo.com.cn:8183/?deviceType=mobile&devicePlatform=android" "Mozilla/5.0 (Linux; Android 8.1.0; MI 6X Build/OPM1.171019.011; wv) AppleWebKit/537.36 (KHTML, like Gecko) Version/4.0 Chrome/71.0.3578.99 Mobile Safari/537.36"
1.212.52.173 - - [21/Jan/2019:17:39:13 +0800] "POST /main/checkMenuAuth_prc HTTP/1.1" 200 44 "http://merp.yudo.com.cn:8183/?deviceType=mobile&devicePlatform=android" "Mozilla/5.0 (Linux; Android 8.1.0; MI 6X Build/OPM1.171019.011; wv) AppleWebKit/537.36 (KHTML, like Gecko) Version/4.0 Chrome/71.0.3578.99 Mobile Safari/537.36"
1.212.52.173 - - [21/Jan/2019:17:39:14 +0800] "POST / HTTP/1.1" 302 149 "http://merp.yudo.com.cn:8183/?deviceType=mobile&devicePlatform=android" "Mozilla/5.0 (Linux; Android 8.1.0; MI 6X Build/OPM1.171019.011; wv) AppleWebKit/537.36 (KHTML, like Gecko) Version/4.0 Chrome/71.0.3578.99 Mobile Safari/537.36"
1.212.52.173 - - [21/Jan/2019:17:39:14 +0800] "POST / HTTP/1.1" 302 149 "http://merp.yudo.com.cn:8183/?deviceType=mobile&devicePlatform=android" "Mozilla/5.0 (Linux; Android 8.1.0; MI 6X Build/OPM1.171019.011; wv) AppleWebKit/537.36 (KHTML, like Gecko) Version/4.0 Chrome/71.0.3578.99 Mobile Safari/537.36"
223.62.212.143 - - [21/Jan/2019:17:38:56 +0800] "GET /js/echarts.min.js HTTP/1.1" 200 744675 "http://merp.yudo.com.cn:8183/Menu/Menu?formKey=M20190121T173705550" "Mozilla/5.0 (Linux; Android 8.0.0; SM-G960N Build/R16NW; wv) AppleWebKit/537.36 (KHTML, like Gecko) Version/4.0 Chrome/71.0.3578.99 Mobile Safari/537.36"
1.212.52.173 - - [21/Jan/2019:17:39:14 +0800] "GET /Menu/Menu?formKey=M20190121T173724027 HTTP/1.1" 200 11899 "http://merp.yudo.com.cn:8183/?deviceType=mobile&devicePlatform=android" "Mozilla/5.0 (Linux; Android 8.1.0; MI 6X Build/OPM1.171019.011; wv) AppleWebKit/537.36 (KHTML, like Gecko) Version/4.0 Chrome/71.0.3578.99 Mobile Safari/537.36"
1.212.52.173 - - [21/Jan/2019:17:39:15 +0800] "GET /css/yudo-ui.css?v=1082 HTTP/1.1" 200 23327 "http://merp.yudo.com.cn:8183/Menu/Menu?formKey=M20190121T173724027" "Mozilla/5.0 (Linux; Android 8.1.0; MI 6X Build/OPM1.171019.011; wv) AppleWebKit/537.36 (KHTML, like Gecko) Version/4.0 Chrome/71.0.3578.99 Mobile Safari/537.36"
1.212.52.173 - - [21/Jan/2019:17:39:15 +0800] "GET /css/mui.min.css?v=1008 HTTP/1.1" 200 76587 "http://merp.yudo.com.cn:8183/Menu/Menu?formKey=M20190121T173724027" "Mozilla/5.0 (Linux; Android 8.1.0; MI 6X Build/OPM1.171019.011; wv) AppleWebKit/537.36 (KHTML, like Gecko) Version/4.0 Chrome/71.0.3578.99 Mobile Safari/537.36"
1.212.52.173 - - [21/Jan/2019:17:39:15 +0800] "GET /css/mui.picker.min.css HTTP/1.1" 200 4843 "http://merp.yudo.com.cn:8183/Menu/Menu?formKey=M20190121T173724027" "Mozilla/5.0 (Linux; Android 8.1.0; MI 6X Build/OPM1.171019.011; wv) AppleWebKit/537.36 (KHTML, like Gecko) Version/4.0 Chrome/71.0.3578.99 Mobile Safari/537.36"
1.212.52.173 - - [21/Jan/2019:17:39:15 +0800] "GET /css/animate.min.css HTTP/1.1" 200 52799 "http://merp.yudo.com.cn:8183/Menu/Menu?formKey=M20190121T173724027" "Mozilla/5.0 (Linux; Android 8.1.0; MI 6X Build/OPM1.171019.011; wv) AppleWebKit/537.36 (KHTML, like Gecko) Version/4.0 Chrome/71.0.3578.99 Mobile Safari/537.36"
223.62.212.143 - - [21/Jan/2019:17:39:15 +0800] "GET /image/fonticon/home_icon.png HTTP/1.1" 200 1180 "http://merp.yudo.com.cn:8183/css/yudo-ui.css?v=1082" "Mozilla/5.0 (Linux; Android 8.0.0; SM-G960N Build/R16NW; wv) AppleWebKit/537.36 (KHTML, like Gecko) Version/4.0 Chrome/71.0.3578.99 Mobile Safari/537.36"
223.62.212.143 - - [21/Jan/2019:17:39:15 +0800] "GET /fonts/mui.ttf HTTP/1.1" 200 29884 "http://merp.yudo.com.cn:8183/css/mui.min.css?v=1008" "Mozilla/5.0 (Linux; Android 8.0.0; SM-G960N Build/R16NW; wv) AppleWebKit/537.36 (KHTML, like Gecko) Version/4.0 Chrome/71.0.3578.99 Mobile Safari/537.36"
223.62.212.143 - - [21/Jan/2019:17:39:15 +0800] "GET /image/fonticon/refresh_icon.png HTTP/1.1" 200 2550 "http://merp.yudo.com.cn:8183/css/yudo-ui.css?v=1082" "Mozilla/5.0 (Linux; Android 8.0.0; SM-G960N Build/R16NW; wv) AppleWebKit/537.36 (KHTML, like Gecko) Version/4.0 Chrome/71.0.3578.99 Mobile Safari/537.36"
223.62.212.143 - - [21/Jan/2019:17:39:15 +0800] "GET /image/fonticon/userMenu_icon.png HTTP/1.1" 200 412 "http://merp.yudo.com.cn:8183/css/yudo-ui.css?v=1082" "Mozilla/5.0 (Linux; Android 8.0.0; SM-G960N Build/R16NW; wv) AppleWebKit/537.36 (KHTML, like Gecko) Version/4.0 Chrome/71.0.3578.99 Mobile Safari/537.36"
223.62.212.143 - - [21/Jan/2019:17:39:15 +0800] "GET /image/fonticon/switchPass_icon.png HTTP/1.1" 200 1480 "http://merp.yudo.com.cn:8183/css/yudo-ui.css?v=1082" "Mozilla/5.0 (Linux; Android 8.0.0; SM-G960N Build/R16NW; wv) AppleWebKit/537.36 (KHTML, like Gecko) Version/4.0 Chrome/71.0.3578.99 Mobile Safari/537.36"
223.62.212.143 - - [21/Jan/2019:17:39:15 +0800] "GET /image/fonticon/quit_icon.png HTTP/1.1" 200 1268 "http://merp.yudo.com.cn:8183/css/yudo-ui.css?v=1082" "Mozilla/5.0 (Linux; Android 8.0.0; SM-G960N Build/R16NW; wv) AppleWebKit/537.36 (KHTML, like Gecko) Version/4.0 Chrome/71.0.3578.99 Mobile Safari/537.36"
223.62.212.143 - - [21/Jan/2019:17:39:15 +0800] "GET /Menu/doMenuRows_prc?formKey=Menu HTTP/1.1" 200 1211 "http://merp.yudo.com.cn:8183/Menu/Menu?formKey=M20190121T173705550" "Mozilla/5.0 (Linux; Android 8.0.0; SM-G960N Build/R16NW; wv) AppleWebKit/537.36 (KHTML, like Gecko) Version/4.0 Chrome/71.0.3578.99 Mobile Safari/537.36"
1.212.52.173 - - [21/Jan/2019:17:39:15 +0800] "GET /js/multiHttp.js?v=1002 HTTP/1.1" 200 7163 "http://merp.yudo.com.cn:8183/Menu/Menu?formKey=M20190121T173724027" "Mozilla/5.0 (Linux; Android 8.1.0; MI 6X Build/OPM1.171019.011; wv) AppleWebKit/537.36 (KHTML, like Gecko) Version/4.0 Chrome/71.0.3578.99 Mobile Safari/537.36"
223.62.212.143 - - [21/Jan/2019:17:39:15 +0800] "GET /image/fonticon/loading_icon2.png HTTP/1.1" 200 808 "http://merp.yudo.com.cn:8183/css/mui.min.css?v=1008" "Mozilla/5.0 (Linux; Android 8.0.0; SM-G960N Build/R16NW; wv) AppleWebKit/537.36 (KHTML, like Gecko) Version/4.0 Chrome/71.0.3578.99 Mobile Safari/537.36"
223.62.212.143 - - [21/Jan/2019:17:39:15 +0800] "GET /JLAMPCommon/getCookieJson_prc HTTP/1.1" 200 852 "http://merp.yudo.com.cn:8183/Menu/Menu?formKey=M20190121T173705550" "Mozilla/5.0 (Linux; Android 8.0.0; SM-G960N Build/R16NW; wv) AppleWebKit/537.36 (KHTML, like Gecko) Version/4.0 Chrome/71.0.3578.99 Mobile Safari/537.36"
1.212.52.173 - - [21/Jan/2019:17:39:15 +0800] "GET /js/mui.min.js?v=1001 HTTP/1.1" 200 115810 "http://merp.yudo.com.cn:8183/Menu/Menu?formKey=M20190121T173724027" "Mozilla/5.0 (Linux; Android 8.1.0; MI 6X Build/OPM1.171019.011; wv) AppleWebKit/537.36 (KHTML, like Gecko) Version/4.0 Chrome/71.0.3578.99 Mobile Safari/537.36"
223.62.212.143 - - [21/Jan/2019:17:39:16 +0800] "GET /image/fonticon/zuzhuang_icon.png HTTP/1.1" 200 3939 "http://merp.yudo.com.cn:8183/css/yudo-ui.css?v=1082" "Mozilla/5.0 (Linux; Android 8.0.0; SM-G960N Build/R16NW; wv) AppleWebKit/537.36 (KHTML, like Gecko) Version/4.0 Chrome/71.0.3578.99 Mobile Safari/537.36"
223.62.212.143 - - [21/Jan/2019:17:39:16 +0800] "GET /image/fonticon/as_icon.png HTTP/1.1" 200 5008 "http://merp.yudo.com.cn:8183/css/yudo-ui.css?v=1082" "Mozilla/5.0 (Linux; Android 8.0.0; SM-G960N Build/R16NW; wv) AppleWebKit/537.36 (KHTML, like Gecko) Version/4.0 Chrome/71.0.3578.99 Mobile Safari/537.36"
223.62.212.143 - - [21/Jan/2019:17:39:16 +0800] "GET /image/fonticon/workPlan_icon.png HTTP/1.1" 200 4535 "http://merp.yudo.com.cn:8183/css/yudo-ui.css?v=1082" "Mozilla/5.0 (Linux; Android 8.0.0; SM-G960N Build/R16NW; wv) AppleWebKit/537.36 (KHTML, like Gecko) Version/4.0 Chrome/71.0.3578.99 Mobile Safari/537.36"
223.62.212.143 - - [21/Jan/2019:17:39:16 +0800] "GET /image/fonticon/salesPlan_icon.png HTTP/1.1" 200 5653 "http://merp.yudo.com.cn:8183/css/yudo-ui.css?v=1082" "Mozilla/5.0 (Linux; Android 8.0.0; SM-G960N Build/R16NW; wv) AppleWebKit/537.36 (KHTML, like Gecko) Version/4.0 Chrome/71.0.3578.99 Mobile Safari/537.36"
223.62.212.143 - - [21/Jan/2019:17:39:16 +0800] "GET /Menu/getLoginInfo HTTP/1.1" 200 169 "http://merp.yudo.com.cn:8183/Menu/Menu?formKey=M20190121T173705550" "Mozilla/5.0 (Linux; Android 8.0.0; SM-G960N Build/R16NW; wv) AppleWebKit/537.36 (KHTML, like Gecko) Version/4.0 Chrome/71.0.3578.99 Mobile Safari/537.36"
1.212.52.173 - - [21/Jan/2019:17:39:16 +0800] "GET /js/lang.min.js?v=1001 HTTP/1.1" 200 904 "http://merp.yudo.com.cn:8183/Menu/Menu?formKey=M20190121T173724027" "Mozilla/5.0 (Linux; Android 8.1.0; MI 6X Build/OPM1.171019.011; wv) AppleWebKit/537.36 (KHTML, like Gecko) Version/4.0 Chrome/71.0.3578.99 Mobile Safari/537.36"
223.62.212.143 - - [21/Jan/2019:17:39:16 +0800] "GET /favicon.ico HTTP/1.1" 404 1476 "http://merp.yudo.com.cn:8183/Menu/Menu?formKey=M20190121T173705550" "Mozilla/5.0 (Linux; Android 8.0.0; SM-G960N Build/R16NW; wv) AppleWebKit/537.36 (KHTML, like Gecko) Version/4.0 Chrome/71.0.3578.99 Mobile Safari/537.36"
1.212.52.173 - - [21/Jan/2019:17:39:16 +0800] "GET /js/mui.previewimage.js?v=201804261256 HTTP/1.1" 200 13324 "http://merp.yudo.com.cn:8183/Menu/Menu?formKey=M20190121T173724027" "Mozilla/5.0 (Linux; Android 8.1.0; MI 6X Build/OPM1.171019.011; wv) AppleWebKit/537.36 (KHTML, like Gecko) Version/4.0 Chrome/71.0.3578.99 Mobile Safari/537.36"
1.212.52.173 - - [21/Jan/2019:17:39:16 +0800] "GET /js/mui.zoom.js?v=201804231454 HTTP/1.1" 200 11703 "http://merp.yudo.com.cn:8183/Menu/Menu?formKey=M20190121T173724027" "Mozilla/5.0 (Linux; Android 8.1.0; MI 6X Build/OPM1.171019.011; wv) AppleWebKit/537.36 (KHTML, like Gecko) Version/4.0 Chrome/71.0.3578.99 Mobile Safari/537.36"
1.212.52.173 - - [21/Jan/2019:17:39:16 +0800] "GET /js/mui.picker.min.js?v=1001 HTTP/1.1" 200 18411 "http://merp.yudo.com.cn:8183/Menu/Menu?formKey=M20190121T173724027" "Mozilla/5.0 (Linux; Android 8.1.0; MI 6X Build/OPM1.171019.011; wv) AppleWebKit/537.36 (KHTML, like Gecko) Version/4.0 Chrome/71.0.3578.99 Mobile Safari/537.36"
1.212.52.173 - - [21/Jan/2019:17:39:18 +0800] "GET /js/version.js?v=20180920001 HTTP/1.1" 200 1046 "http://merp.yudo.com.cn:8183/Menu/Menu?formKey=M20190121T173724027" "Mozilla/5.0 (Linux; Android 8.1.0; MI 6X Build/OPM1.171019.011; wv) AppleWebKit/537.36 (KHTML, like Gecko) Version/4.0 Chrome/71.0.3578.99 Mobile Safari/537.36"
1.212.52.173 - - [21/Jan/2019:17:39:18 +0800] "GET /image/fonticon/headDefault.jpg HTTP/1.1" 200 2436 "http://merp.yudo.com.cn:8183/Menu/Menu?formKey=M20190121T173724027" "Mozilla/5.0 (Linux; Android 8.1.0; MI 6X Build/OPM1.171019.011; wv) AppleWebKit/537.36 (KHTML, like Gecko) Version/4.0 Chrome/71.0.3578.99 Mobile Safari/537.36"
1.212.52.173 - - [21/Jan/2019:17:39:18 +0800] "GET /js/common.js HTTP/1.1" 200 11633 "http://merp.yudo.com.cn:8183/Menu/Menu?formKey=M20190121T173724027" "Mozilla/5.0 (Linux; Android 8.1.0; MI 6X Build/OPM1.171019.011; wv) AppleWebKit/537.36 (KHTML, like Gecko) Version/4.0 Chrome/71.0.3578.99 Mobile Safari/537.36"
1.212.52.173 - - [21/Jan/2019:17:39:19 +0800] "GET /js/Menu/Menu.js?v=2001 HTTP/1.1" 200 4611 "http://merp.yudo.com.cn:8183/Menu/Menu?formKey=M20190121T173724027" "Mozilla/5.0 (Linux; Android 8.1.0; MI 6X Build/OPM1.171019.011; wv) AppleWebKit/537.36 (KHTML, like Gecko) Version/4.0 Chrome/71.0.3578.99 Mobile Safari/537.36"
::1 - - [21/Jan/2019:17:39:22 +0800] "OPTIONS * HTTP/1.0" 200 - "-" "Apache/2.4.6 (CentOS) PHP/5.6.32 (internal dummy connection)"
::1 - - [21/Jan/2019:17:39:23 +0800] "OPTIONS * HTTP/1.0" 200 - "-" "Apache/2.4.6 (CentOS) PHP/5.6.32 (internal dummy connection)"
::1 - - [21/Jan/2019:17:39:24 +0800] "OPTIONS * HTTP/1.0" 200 - "-" "Apache/2.4.6 (CentOS) PHP/5.6.32 (internal dummy connection)"
::1 - - [21/Jan/2019:17:39:25 +0800] "OPTIONS * HTTP/1.0" 200 - "-" "Apache/2.4.6 (CentOS) PHP/5.6.32 (internal dummy connection)"
1.212.52.173 - - [21/Jan/2019:17:39:18 +0800] "GET /image/yudo-03.png HTTP/1.1" 200 288963 "http://merp.yudo.com.cn:8183/Menu/Menu?formKey=M20190121T173724027" "Mozilla/5.0 (Linux; Android 8.1.0; MI 6X Build/OPM1.171019.011; wv) AppleWebKit/537.36 (KHTML, like Gecko) Version/4.0 Chrome/71.0.3578.99 Mobile Safari/537.36"
223.62.212.143 - - [21/Jan/2019:17:40:08 +0800] "-" 408 - "-" "-"
::1 - - [21/Jan/2019:17:40:08 +0800] "OPTIONS * HTTP/1.0" 200 - "-" "Apache/2.4.6 (CentOS) PHP/5.6.32 (internal dummy connection)"
1.212.52.173 - - [21/Jan/2019:17:39:19 +0800] "GET /image/yudo-01.png HTTP/1.1" 200 381770 "http://merp.yudo.com.cn:8183/Menu/Menu?formKey=M20190121T173724027" "Mozilla/5.0 (Linux; Android 8.1.0; MI 6X Build/OPM1.171019.011; wv) AppleWebKit/537.36 (KHTML, like Gecko) Version/4.0 Chrome/71.0.3578.99 Mobile Safari/537.36"
1.212.52.173 - - [21/Jan/2019:17:39:15 +0800] "GET /js/vue.js HTTP/1.1" 200 289301 "http://merp.yudo.com.cn:8183/Menu/Menu?formKey=M20190121T173724027" "Mozilla/5.0 (Linux; Android 8.1.0; MI 6X Build/OPM1.171019.011; wv) AppleWebKit/537.36 (KHTML, like Gecko) Version/4.0 Chrome/71.0.3578.99 Mobile Safari/537.36"
::1 - - [21/Jan/2019:17:40:59 +0800] "OPTIONS * HTTP/1.0" 200 - "-" "Apache/2.4.6 (CentOS) PHP/5.6.32 (internal dummy connection)"
1.212.52.173 - - [21/Jan/2019:17:40:21 +0800] "GET /image/yudo-02.png HTTP/1.1" 200 358241 "http://merp.yudo.com.cn:8183/Menu/Menu?formKey=M20190121T173724027" "Mozilla/5.0 (Linux; Android 8.1.0; MI 6X Build/OPM1.171019.011; wv) AppleWebKit/537.36 (KHTML, like Gecko) Version/4.0 Chrome/71.0.3578.99 Mobile Safari/537.36"
::1 - - [21/Jan/2019:17:41:34 +0800] "OPTIONS * HTTP/1.0" 200 - "-" "Apache/2.4.6 (CentOS) PHP/5.6.32 (internal dummy connection)"
1.212.52.173 - - [21/Jan/2019:17:39:16 +0800] "GET /js/echarts.min.js HTTP/1.1" 200 744675 "http://merp.yudo.com.cn:8183/Menu/Menu?formKey=M20190121T173724027" "Mozilla/5.0 (Linux; Android 8.1.0; MI 6X Build/OPM1.171019.011; wv) AppleWebKit/537.36 (KHTML, like Gecko) Version/4.0 Chrome/71.0.3578.99 Mobile Safari/537.36"
::1 - - [21/Jan/2019:17:41:55 +0800] "OPTIONS * HTTP/1.0" 200 - "-" "Apache/2.4.6 (CentOS) PHP/5.6.32 (internal dummy connection)"
117.136.67.62 - - [21/Jan/2019:17:45:08 +0800] "POST /WEI_2300/getMempIdTarget HTTP/1.1" 200 6779 "http://merp.yudo.com.cn:8183/WEI_2300/WEI_2300?formKey=Menu&menuSelection=asm" "Mozilla/5.0 (iPhone; CPU iPhone OS 11_4_1 like Mac OS X) AppleWebKit/605.1.15 (KHTML, like Gecko) Mobile/15G77JLAMPMode:iPhone"
117.136.67.62 - - [21/Jan/2019:17:45:19 +0800] "GET /WEI_2300/getLeader HTTP/1.1" 200 215 "http://merp.yudo.com.cn:8183/WEI_2300/WEI_2300?formKey=Menu&menuSelection=asm" "Mozilla/5.0 (iPhone; CPU iPhone OS 11_4_1 like Mac OS X) AppleWebKit/605.1.15 (KHTML, like Gecko) Mobile/15G77JLAMPMode:iPhone"
117.136.67.62 - - [21/Jan/2019:17:45:20 +0800] "POST /WEI_2300/getLeaderTarget HTTP/1.1" 200 1626 "http://merp.yudo.com.cn:8183/WEI_2300/WEI_2300?formKey=Menu&menuSelection=asm" "Mozilla/5.0 (iPhone; CPU iPhone OS 11_4_1 like Mac OS X) AppleWebKit/605.1.15 (KHTML, like Gecko) Mobile/15G77JLAMPMode:iPhone"
117.136.67.62 - - [21/Jan/2019:17:45:45 +0800] "POST /WEI_2300/getLeaderTarget HTTP/1.1" 200 1693 "http://merp.yudo.com.cn:8183/WEI_2300/WEI_2300?formKey=Menu&menuSelection=asm" "Mozilla/5.0 (iPhone; CPU iPhone OS 11_4_1 like Mac OS X) AppleWebKit/605.1.15 (KHTML, like Gecko) Mobile/15G77JLAMPMode:iPhone"
117.136.67.62 - - [21/Jan/2019:20:21:57 +0800] "POST /WEI_2300/getLeaderTarget HTTP/1.1" 200 1693 "http://merp.yudo.com.cn:8183/WEI_2300/WEI_2300?formKey=Menu&menuSelection=asm" "Mozilla/5.0 (iPhone; CPU iPhone OS 11_4_1 like Mac OS X) AppleWebKit/605.1.15 (KHTML, like Gecko) Mobile/15G77JLAMPMode:iPhone"
117.136.67.62 - - [21/Jan/2019:20:22:04 +0800] "POST /WEI_2300/getLeaderTarget HTTP/1.1" 200 1626 "http://merp.yudo.com.cn:8183/WEI_2300/WEI_2300?formKey=Menu&menuSelection=asm" "Mozilla/5.0 (iPhone; CPU iPhone OS 11_4_1 like Mac OS X) AppleWebKit/605.1.15 (KHTML, like Gecko) Mobile/15G77JLAMPMode:iPhone"
117.136.67.62 - - [21/Jan/2019:20:22:24 +0800] "POST /WEI_2300/getLeaderTarget HTTP/1.1" 200 1693 "http://merp.yudo.com.cn:8183/WEI_2300/WEI_2300?formKey=Menu&menuSelection=asm" "Mozilla/5.0 (iPhone; CPU iPhone OS 11_4_1 like Mac OS X) AppleWebKit/605.1.15 (KHTML, like Gecko) Mobile/15G77JLAMPMode:iPhone"
193.238.46.114 - - [22/Jan/2019:07:12:36 +0800] "\x03" 400 226 "-" "-"
