117.136.68.142 - - [24/Dec/2018:09:33:31 +0800] "GET /WEI_2100/systemclass_mini_prc?bigsysid=SA10350052&minisysid=supplyscope_c2 HTTP/1.1" 200 99 "http://merp.yudo.com.cn:8183/WEI_2100/WEI_2100?formKey=M20181224T092247840&menuSelection=asm" "Mozilla/5.0 (Linux; Android 8.1.0; COL-AL10 Build/HUAWEICOL-AL10; wv) AppleWebKit/537.36 (KHTML, like Gecko) Version/4.0 Chrome/68.0.3440.91 Mobile Safari/537.36"
117.136.68.142 - - [24/Dec/2018:09:33:31 +0800] "GET /WEI_2100/systemclass_mini_prc?bigsysid=SA10370224&minisysid=supplyscope_c4 HTTP/1.1" 200 99 "http://merp.yudo.com.cn:8183/WEI_2100/WEI_2100?formKey=M20181224T092247840&menuSelection=asm" "Mozilla/5.0 (Linux; Android 8.1.0; COL-AL10 Build/HUAWEICOL-AL10; wv) AppleWebKit/537.36 (KHTML, like Gecko) Version/4.0 Chrome/68.0.3440.91 Mobile Safari/537.36"
117.136.68.142 - - [24/Dec/2018:09:33:31 +0800] "GET /WEI_2100/systemclass_mini_prc?bigsysid=SA10360076&minisysid=supplyscope_c3 HTTP/1.1" 200 596 "http://merp.yudo.com.cn:8183/WEI_2100/WEI_2100?formKey=M20181224T092247840&menuSelection=asm" "Mozilla/5.0 (Linux; Android 8.1.0; COL-AL10 Build/HUAWEICOL-AL10; wv) AppleWebKit/537.36 (KHTML, like Gecko) Version/4.0 Chrome/68.0.3440.91 Mobile Safari/537.36"
117.136.68.142 - - [24/Dec/2018:09:33:32 +0800] "GET /WEI_2100/systemclass_mini_prc?bigsysid=SA10380332&minisysid=supplyscope_c5 HTTP/1.1" 200 99 "http://merp.yudo.com.cn:8183/WEI_2100/WEI_2100?formKey=M20181224T092247840&menuSelection=asm" "Mozilla/5.0 (Linux; Android 8.1.0; COL-AL10 Build/HUAWEICOL-AL10; wv) AppleWebKit/537.36 (KHTML, like Gecko) Version/4.0 Chrome/68.0.3440.91 Mobile Safari/537.36"
::1 - - [24/Dec/2018:09:33:42 +0800] "OPTIONS * HTTP/1.0" 200 - "-" "Apache/2.4.6 (CentOS) PHP/5.6.32 (internal dummy connection)"
117.136.68.142 - - [24/Dec/2018:09:33:42 +0800] "POST /WEI_2100/unSubAdjudication HTTP/1.1" 200 138 "http://merp.yudo.com.cn:8183/WEI_2100/WEI_2100?formKey=M20181224T092247840&menuSelection=asm" "Mozilla/5.0 (Linux; Android 8.1.0; COL-AL10 Build/HUAWEICOL-AL10; wv) AppleWebKit/537.36 (KHTML, like Gecko) Version/4.0 Chrome/68.0.3440.91 Mobile Safari/537.36"
192.168.253.2 - - [24/Dec/2018:09:33:45 +0800] "GET /WEI_2100/login_user HTTP/1.1" 200 155 "http://merp.yudo.com.cn:8183/WEI_2100/WEI_2100?formKey=M20181224T093153260&menuSelection=asm" "Mozilla/5.0 (iPhone; CPU iPhone OS 11_0 like Mac OS X) AppleWebKit/604.1.38 (KHTML, like Gecko) Mobile/15A372JLAMPMode:iPhone"
192.168.253.2 - - [24/Dec/2018:09:33:50 +0800] "GET /WEI_2100/as_prc?asid=&custnm=&startDate=2018-12-01&endDate=2018-12-24&ascount=0 HTTP/1.1" 200 14447 "http://merp.yudo.com.cn:8183/WEI_2100/WEI_2100?formKey=M20181224T093153260&menuSelection=asm" "Mozilla/5.0 (iPhone; CPU iPhone OS 11_0 like Mac OS X) AppleWebKit/604.1.38 (KHTML, like Gecko) Mobile/15A372JLAMPMode:iPhone"
117.136.68.142 - - [24/Dec/2018:09:33:55 +0800] "POST /WEI_2100/unSubAdjudication HTTP/1.1" 200 138 "http://merp.yudo.com.cn:8183/WEI_2100/WEI_2100?formKey=M20181224T092247840&menuSelection=asm" "Mozilla/5.0 (Linux; Android 8.1.0; COL-AL10 Build/HUAWEICOL-AL10; wv) AppleWebKit/537.36 (KHTML, like Gecko) Version/4.0 Chrome/68.0.3440.91 Mobile Safari/537.36"
192.168.253.2 - - [24/Dec/2018:09:33:57 +0800] "GET /WEI_2100/login_user HTTP/1.1" 200 155 "http://merp.yudo.com.cn:8183/WEI_2100/WEI_2100?formKey=M20181224T093153260&menuSelection=asm" "Mozilla/5.0 (iPhone; CPU iPhone OS 11_0 like Mac OS X) AppleWebKit/604.1.38 (KHTML, like Gecko) Mobile/15A372JLAMPMode:iPhone"
117.136.68.142 - - [24/Dec/2018:09:34:04 +0800] "GET /WEI_2100/as_minute?asid=2018120878 HTTP/1.1" 200 1686 "http://merp.yudo.com.cn:8183/WEI_2100/WEI_2100?formKey=M20181224T092247840&menuSelection=asm" "Mozilla/5.0 (Linux; Android 8.1.0; COL-AL10 Build/HUAWEICOL-AL10; wv) AppleWebKit/537.36 (KHTML, like Gecko) Version/4.0 Chrome/68.0.3440.91 Mobile Safari/537.36"
117.136.68.142 - - [24/Dec/2018:09:34:04 +0800] "GET /WEI_2100/as_minute_table?asid=2018120878 HTTP/1.1" 200 349 "http://merp.yudo.com.cn:8183/WEI_2100/WEI_2100?formKey=M20181224T092247840&menuSelection=asm" "Mozilla/5.0 (Linux; Android 8.1.0; COL-AL10 Build/HUAWEICOL-AL10; wv) AppleWebKit/537.36 (KHTML, like Gecko) Version/4.0 Chrome/68.0.3440.91 Mobile Safari/537.36"
117.136.68.142 - - [24/Dec/2018:09:34:04 +0800] "GET /WEI_2100/systemclass_mini_prc?bigsysid=AS10110010&minisysid=ascause_c HTTP/1.1" 200 869 "http://merp.yudo.com.cn:8183/WEI_2100/WEI_2100?formKey=M20181224T092247840&menuSelection=asm" "Mozilla/5.0 (Linux; Android 8.1.0; COL-AL10 Build/HUAWEICOL-AL10; wv) AppleWebKit/537.36 (KHTML, like Gecko) Version/4.0 Chrome/68.0.3440.91 Mobile Safari/537.36"
117.136.68.142 - - [24/Dec/2018:09:34:04 +0800] "GET /WEI_2100/systemclass_mini_prc?bigsysid=SA10360076&minisysid=supplyscope_c3 HTTP/1.1" 200 596 "http://merp.yudo.com.cn:8183/WEI_2100/WEI_2100?formKey=M20181224T092247840&menuSelection=asm" "Mozilla/5.0 (Linux; Android 8.1.0; COL-AL10 Build/HUAWEICOL-AL10; wv) AppleWebKit/537.36 (KHTML, like Gecko) Version/4.0 Chrome/68.0.3440.91 Mobile Safari/537.36"
117.136.68.142 - - [24/Dec/2018:09:34:04 +0800] "GET /WEI_2100/systemclass_mini_prc?bigsysid=SA10370224&minisysid=supplyscope_c4 HTTP/1.1" 200 99 "http://merp.yudo.com.cn:8183/WEI_2100/WEI_2100?formKey=M20181224T092247840&menuSelection=asm" "Mozilla/5.0 (Linux; Android 8.1.0; COL-AL10 Build/HUAWEICOL-AL10; wv) AppleWebKit/537.36 (KHTML, like Gecko) Version/4.0 Chrome/68.0.3440.91 Mobile Safari/537.36"
117.136.68.142 - - [24/Dec/2018:09:34:04 +0800] "GET /WEI_2100/systemclass_mini_prc?bigsysid=SA10340050&minisysid=supplyscope_c1 HTTP/1.1" 200 140 "http://merp.yudo.com.cn:8183/WEI_2100/WEI_2100?formKey=M20181224T092247840&menuSelection=asm" "Mozilla/5.0 (Linux; Android 8.1.0; COL-AL10 Build/HUAWEICOL-AL10; wv) AppleWebKit/537.36 (KHTML, like Gecko) Version/4.0 Chrome/68.0.3440.91 Mobile Safari/537.36"
117.136.68.142 - - [24/Dec/2018:09:34:04 +0800] "GET /WEI_2100/systemclass_mini_prc?bigsysid=SA10350052&minisysid=supplyscope_c2 HTTP/1.1" 200 99 "http://merp.yudo.com.cn:8183/WEI_2100/WEI_2100?formKey=M20181224T092247840&menuSelection=asm" "Mozilla/5.0 (Linux; Android 8.1.0; COL-AL10 Build/HUAWEICOL-AL10; wv) AppleWebKit/537.36 (KHTML, like Gecko) Version/4.0 Chrome/68.0.3440.91 Mobile Safari/537.36"
117.136.68.142 - - [24/Dec/2018:09:34:04 +0800] "GET /WEI_2100/systemclass_mini_prc?bigsysid=AS10060010&minisysid=asclass1_c HTTP/1.1" 200 2504 "http://merp.yudo.com.cn:8183/WEI_2100/WEI_2100?formKey=M20181224T092247840&menuSelection=asm" "Mozilla/5.0 (Linux; Android 8.1.0; COL-AL10 Build/HUAWEICOL-AL10; wv) AppleWebKit/537.36 (KHTML, like Gecko) Version/4.0 Chrome/68.0.3440.91 Mobile Safari/537.36"
117.136.68.142 - - [24/Dec/2018:09:34:05 +0800] "GET /WEI_2100/systemclass_mini_prc?bigsysid=SA10380332&minisysid=supplyscope_c5 HTTP/1.1" 200 99 "http://merp.yudo.com.cn:8183/WEI_2100/WEI_2100?formKey=M20181224T092247840&menuSelection=asm" "Mozilla/5.0 (Linux; Android 8.1.0; COL-AL10 Build/HUAWEICOL-AL10; wv) AppleWebKit/537.36 (KHTML, like Gecko) Version/4.0 Chrome/68.0.3440.91 Mobile Safari/537.36"
::1 - - [24/Dec/2018:09:34:15 +0800] "OPTIONS * HTTP/1.0" 200 - "-" "Apache/2.4.6 (CentOS) PHP/5.6.32 (internal dummy connection)"
192.168.253.2 - - [24/Dec/2018:09:35:19 +0800] "GET /?deviceType=mobile&devicePlatform=ios HTTP/1.1" 302 149 "-" "Mozilla/5.0 (iPhone; CPU iPhone OS 11_0 like Mac OS X) AppleWebKit/604.1.38 (KHTML, like Gecko) Mobile/15A372JLAMPMode:iPhone"
192.168.253.2 - - [24/Dec/2018:09:35:20 +0800] "GET /Menu/Menu?formKey=M20181224T093407187 HTTP/1.1" 200 5839 "-" "Mozilla/5.0 (iPhone; CPU iPhone OS 11_0 like Mac OS X) AppleWebKit/604.1.38 (KHTML, like Gecko) Mobile/15A372JLAMPMode:iPhone"
192.168.253.2 - - [24/Dec/2018:09:35:20 +0800] "GET /css/JLAMP.common.min.css HTTP/1.1" 200 - "http://merp.yudo.com.cn:8183/Menu/Menu?formKey=M20181224T093407187" "Mozilla/5.0 (iPhone; CPU iPhone OS 11_0 like Mac OS X) AppleWebKit/604.1.38 (KHTML, like Gecko) Mobile/15A372JLAMPMode:iPhone"
192.168.253.2 - - [24/Dec/2018:09:35:20 +0800] "GET /css/common.css?v=5007 HTTP/1.1" 304 - "http://merp.yudo.com.cn:8183/Menu/Menu?formKey=M20181224T093407187" "Mozilla/5.0 (iPhone; CPU iPhone OS 11_0 like Mac OS X) AppleWebKit/604.1.38 (KHTML, like Gecko) Mobile/15A372JLAMPMode:iPhone"
192.168.253.2 - - [24/Dec/2018:09:35:20 +0800] "GET /js/version.js?v=20180920001 HTTP/1.1" 304 - "http://merp.yudo.com.cn:8183/Menu/Menu?formKey=M20181224T093407187" "Mozilla/5.0 (iPhone; CPU iPhone OS 11_0 like Mac OS X) AppleWebKit/604.1.38 (KHTML, like Gecko) Mobile/15A372JLAMPMode:iPhone"
192.168.253.2 - - [24/Dec/2018:09:35:20 +0800] "POST /JLAMPCommon/langBatchRows_prc HTTP/1.1" 200 595 "http://merp.yudo.com.cn:8183/Menu/Menu?formKey=M20181224T093407187" "Mozilla/5.0 (iPhone; CPU iPhone OS 11_0 like Mac OS X) AppleWebKit/604.1.38 (KHTML, like Gecko) Mobile/15A372JLAMPMode:iPhone"
192.168.253.2 - - [24/Dec/2018:09:35:20 +0800] "GET /JLAMPCommon/getCookieJson_prc HTTP/1.1" 200 913 "http://merp.yudo.com.cn:8183/Menu/Menu?formKey=M20181224T093407187" "Mozilla/5.0 (iPhone; CPU iPhone OS 11_0 like Mac OS X) AppleWebKit/604.1.38 (KHTML, like Gecko) Mobile/15A372JLAMPMode:iPhone"
192.168.253.2 - - [24/Dec/2018:09:35:20 +0800] "GET /Menu/doMenuRows_prc?formKey=M20181224T093407187 HTTP/1.1" 200 2038 "http://merp.yudo.com.cn:8183/Menu/Menu?formKey=M20181224T093407187" "Mozilla/5.0 (iPhone; CPU iPhone OS 11_0 like Mac OS X) AppleWebKit/604.1.38 (KHTML, like Gecko) Mobile/15A372JLAMPMode:iPhone"
192.168.253.2 - - [24/Dec/2018:09:35:23 +0800] "GET /WEI_2100/WEI_2100?formKey=M20181224T093407187&menuSelection=asm HTTP/1.1" 200 87796 "http://merp.yudo.com.cn:8183/Menu/Menu?formKey=M20181224T093407187" "Mozilla/5.0 (iPhone; CPU iPhone OS 11_0 like Mac OS X) AppleWebKit/604.1.38 (KHTML, like Gecko) Mobile/15A372JLAMPMode:iPhone"
192.168.253.2 - - [24/Dec/2018:09:35:23 +0800] "GET /js/WEI_2100/WEI_2100_Lists.js?v=3110 HTTP/1.1" 304 - "http://merp.yudo.com.cn:8183/WEI_2100/WEI_2100?formKey=M20181224T093407187&menuSelection=asm" "Mozilla/5.0 (iPhone; CPU iPhone OS 11_0 like Mac OS X) AppleWebKit/604.1.38 (KHTML, like Gecko) Mobile/15A372JLAMPMode:iPhone"
192.168.253.2 - - [24/Dec/2018:09:35:28 +0800] "POST /JLAMPCommon/langBatchRows_prc HTTP/1.1" 200 12695 "http://merp.yudo.com.cn:8183/WEI_2100/WEI_2100?formKey=M20181224T093407187&menuSelection=asm" "Mozilla/5.0 (iPhone; CPU iPhone OS 11_0 like Mac OS X) AppleWebKit/604.1.38 (KHTML, like Gecko) Mobile/15A372JLAMPMode:iPhone"
192.168.253.2 - - [24/Dec/2018:09:35:28 +0800] "POST /JLAMPCommon/langBatchRows_prc HTTP/1.1" 200 13683 "http://merp.yudo.com.cn:8183/WEI_2100/WEI_2100?formKey=M20181224T093407187&menuSelection=asm" "Mozilla/5.0 (iPhone; CPU iPhone OS 11_0 like Mac OS X) AppleWebKit/604.1.38 (KHTML, like Gecko) Mobile/15A372JLAMPMode:iPhone"
192.168.253.2 - - [24/Dec/2018:09:35:28 +0800] "GET /JLAMPCommon/getCookieJson_prc HTTP/1.1" 200 913 "http://merp.yudo.com.cn:8183/WEI_2100/WEI_2100?formKey=M20181224T093407187&menuSelection=asm" "Mozilla/5.0 (iPhone; CPU iPhone OS 11_0 like Mac OS X) AppleWebKit/604.1.38 (KHTML, like Gecko) Mobile/15A372JLAMPMode:iPhone"
192.168.253.2 - - [24/Dec/2018:09:35:31 +0800] "GET /WEI_2100/systemclass_big_prc?bigsysid=markets HTTP/1.1" 200 512 "http://merp.yudo.com.cn:8183/WEI_2100/WEI_2100?formKey=M20181224T093407187&menuSelection=asm" "Mozilla/5.0 (iPhone; CPU iPhone OS 11_0 like Mac OS X) AppleWebKit/604.1.38 (KHTML, like Gecko) Mobile/15A372JLAMPMode:iPhone"
192.168.253.2 - - [24/Dec/2018:09:35:31 +0800] "GET /WEI_2100/systemclass_big_prc?bigsysid=ascause HTTP/1.1" 200 209 "http://merp.yudo.com.cn:8183/WEI_2100/WEI_2100?formKey=M20181224T093407187&menuSelection=asm" "Mozilla/5.0 (iPhone; CPU iPhone OS 11_0 like Mac OS X) AppleWebKit/604.1.38 (KHTML, like Gecko) Mobile/15A372JLAMPMode:iPhone"
192.168.253.2 - - [24/Dec/2018:09:35:31 +0800] "GET /WEI_2100/systemclass_big_prc?bigsysid=asclass1 HTTP/1.1" 200 475 "http://merp.yudo.com.cn:8183/WEI_2100/WEI_2100?formKey=M20181224T093407187&menuSelection=asm" "Mozilla/5.0 (iPhone; CPU iPhone OS 11_0 like Mac OS X) AppleWebKit/604.1.38 (KHTML, like Gecko) Mobile/15A372JLAMPMode:iPhone"
192.168.253.2 - - [24/Dec/2018:09:35:31 +0800] "GET /WEI_2100/systemclass_big_prc?bigsysid=asbadtype HTTP/1.1" 200 152 "http://merp.yudo.com.cn:8183/WEI_2100/WEI_2100?formKey=M20181224T093407187&menuSelection=asm" "Mozilla/5.0 (iPhone; CPU iPhone OS 11_0 like Mac OS X) AppleWebKit/604.1.38 (KHTML, like Gecko) Mobile/15A372JLAMPMode:iPhone"
192.168.253.2 - - [24/Dec/2018:09:35:31 +0800] "GET /WEI_2100/systemclass_big_prc?bigsysid=area HTTP/1.1" 200 751 "http://merp.yudo.com.cn:8183/WEI_2100/WEI_2100?formKey=M20181224T093407187&menuSelection=asm" "Mozilla/5.0 (iPhone; CPU iPhone OS 11_0 like Mac OS X) AppleWebKit/604.1.38 (KHTML, like Gecko) Mobile/15A372JLAMPMode:iPhone"
192.168.253.2 - - [24/Dec/2018:09:35:31 +0800] "GET /WEI_2100/systemclass_big_prc?bigsysid=supplyscope HTTP/1.1" 200 302 "http://merp.yudo.com.cn:8183/WEI_2100/WEI_2100?formKey=M20181224T093407187&menuSelection=asm" "Mozilla/5.0 (iPhone; CPU iPhone OS 11_0 like Mac OS X) AppleWebKit/604.1.38 (KHTML, like Gecko) Mobile/15A372JLAMPMode:iPhone"
192.168.253.2 - - [24/Dec/2018:09:35:32 +0800] "GET /WEI_2100/user_prc HTTP/1.1" 200 89526 "http://merp.yudo.com.cn:8183/WEI_2100/WEI_2100?formKey=M20181224T093407187&menuSelection=asm" "Mozilla/5.0 (iPhone; CPU iPhone OS 11_0 like Mac OS X) AppleWebKit/604.1.38 (KHTML, like Gecko) Mobile/15A372JLAMPMode:iPhone"
192.168.253.2 - - [24/Dec/2018:09:35:31 +0800] "GET /WEI_2100/systemclass_big_prc?bigsysid=asclass HTTP/1.1" 200 264 "http://merp.yudo.com.cn:8183/WEI_2100/WEI_2100?formKey=M20181224T093407187&menuSelection=asm" "Mozilla/5.0 (iPhone; CPU iPhone OS 11_0 like Mac OS X) AppleWebKit/604.1.38 (KHTML, like Gecko) Mobile/15A372JLAMPMode:iPhone"
192.168.253.2 - - [24/Dec/2018:09:35:31 +0800] "GET /WEI_2100/systemclass_big_prc?bigsysid=startpoint HTTP/1.1" 200 317 "http://merp.yudo.com.cn:8183/WEI_2100/WEI_2100?formKey=M20181224T093407187&menuSelection=asm" "Mozilla/5.0 (iPhone; CPU iPhone OS 11_0 like Mac OS X) AppleWebKit/604.1.38 (KHTML, like Gecko) Mobile/15A372JLAMPMode:iPhone"
192.168.253.2 - - [24/Dec/2018:09:35:32 +0800] "GET /WEI_2100/as_unit HTTP/1.1" 200 1002 "http://merp.yudo.com.cn:8183/WEI_2100/WEI_2100?formKey=M20181224T093407187&menuSelection=asm" "Mozilla/5.0 (iPhone; CPU iPhone OS 11_0 like Mac OS X) AppleWebKit/604.1.38 (KHTML, like Gecko) Mobile/15A372JLAMPMode:iPhone"
::1 - - [24/Dec/2018:09:35:38 +0800] "OPTIONS * HTTP/1.0" 200 - "-" "Apache/2.4.6 (CentOS) PHP/5.6.32 (internal dummy connection)"
::1 - - [24/Dec/2018:09:35:39 +0800] "OPTIONS * HTTP/1.0" 200 - "-" "Apache/2.4.6 (CentOS) PHP/5.6.32 (internal dummy connection)"
::1 - - [24/Dec/2018:09:35:40 +0800] "OPTIONS * HTTP/1.0" 200 - "-" "Apache/2.4.6 (CentOS) PHP/5.6.32 (internal dummy connection)"
192.168.253.2 - - [24/Dec/2018:09:35:58 +0800] "GET /WEI_2100/login_user HTTP/1.1" 200 155 "http://merp.yudo.com.cn:8183/WEI_2100/WEI_2100?formKey=M20181224T093407187&menuSelection=asm" "Mozilla/5.0 (iPhone; CPU iPhone OS 11_0 like Mac OS X) AppleWebKit/604.1.38 (KHTML, like Gecko) Mobile/15A372JLAMPMode:iPhone"
117.136.68.142 - - [24/Dec/2018:09:36:11 +0800] "POST /WEI_2100/save_as HTTP/1.1" 200 76 "http://merp.yudo.com.cn:8183/WEI_2100/WEI_2100?formKey=M20181224T092247840&menuSelection=asm" "Mozilla/5.0 (Linux; Android 8.1.0; COL-AL10 Build/HUAWEICOL-AL10; wv) AppleWebKit/537.36 (KHTML, like Gecko) Version/4.0 Chrome/68.0.3440.91 Mobile Safari/537.36"
117.136.68.142 - - [24/Dec/2018:09:36:12 +0800] "GET /WEI_2100/as_minute?asid=2018120878 HTTP/1.1" 200 1687 "http://merp.yudo.com.cn:8183/WEI_2100/WEI_2100?formKey=M20181224T092247840&menuSelection=asm" "Mozilla/5.0 (Linux; Android 8.1.0; COL-AL10 Build/HUAWEICOL-AL10; wv) AppleWebKit/537.36 (KHTML, like Gecko) Version/4.0 Chrome/68.0.3440.91 Mobile Safari/537.36"
117.136.68.142 - - [24/Dec/2018:09:36:12 +0800] "GET /WEI_2100/as_minute_table?asid=2018120878 HTTP/1.1" 200 349 "http://merp.yudo.com.cn:8183/WEI_2100/WEI_2100?formKey=M20181224T092247840&menuSelection=asm" "Mozilla/5.0 (Linux; Android 8.1.0; COL-AL10 Build/HUAWEICOL-AL10; wv) AppleWebKit/537.36 (KHTML, like Gecko) Version/4.0 Chrome/68.0.3440.91 Mobile Safari/537.36"
117.136.68.142 - - [24/Dec/2018:09:36:12 +0800] "GET /WEI_2100/systemclass_mini_prc?bigsysid=AS10110010&minisysid=ascause_c HTTP/1.1" 200 869 "http://merp.yudo.com.cn:8183/WEI_2100/WEI_2100?formKey=M20181224T092247840&menuSelection=asm" "Mozilla/5.0 (Linux; Android 8.1.0; COL-AL10 Build/HUAWEICOL-AL10; wv) AppleWebKit/537.36 (KHTML, like Gecko) Version/4.0 Chrome/68.0.3440.91 Mobile Safari/537.36"
117.136.68.142 - - [24/Dec/2018:09:36:12 +0800] "GET /WEI_2100/systemclass_mini_prc?bigsysid=AS10060010&minisysid=asclass1_c HTTP/1.1" 200 2504 "http://merp.yudo.com.cn:8183/WEI_2100/WEI_2100?formKey=M20181224T092247840&menuSelection=asm" "Mozilla/5.0 (Linux; Android 8.1.0; COL-AL10 Build/HUAWEICOL-AL10; wv) AppleWebKit/537.36 (KHTML, like Gecko) Version/4.0 Chrome/68.0.3440.91 Mobile Safari/537.36"
117.136.68.142 - - [24/Dec/2018:09:36:12 +0800] "GET /WEI_2100/systemclass_mini_prc?bigsysid=SA10340050&minisysid=supplyscope_c1 HTTP/1.1" 200 140 "http://merp.yudo.com.cn:8183/WEI_2100/WEI_2100?formKey=M20181224T092247840&menuSelection=asm" "Mozilla/5.0 (Linux; Android 8.1.0; COL-AL10 Build/HUAWEICOL-AL10; wv) AppleWebKit/537.36 (KHTML, like Gecko) Version/4.0 Chrome/68.0.3440.91 Mobile Safari/537.36"
117.136.68.142 - - [24/Dec/2018:09:36:12 +0800] "GET /WEI_2100/systemclass_mini_prc?bigsysid=SA10350052&minisysid=supplyscope_c2 HTTP/1.1" 200 99 "http://merp.yudo.com.cn:8183/WEI_2100/WEI_2100?formKey=M20181224T092247840&menuSelection=asm" "Mozilla/5.0 (Linux; Android 8.1.0; COL-AL10 Build/HUAWEICOL-AL10; wv) AppleWebKit/537.36 (KHTML, like Gecko) Version/4.0 Chrome/68.0.3440.91 Mobile Safari/537.36"
117.136.68.142 - - [24/Dec/2018:09:36:12 +0800] "GET /WEI_2100/systemclass_mini_prc?bigsysid=SA10360076&minisysid=supplyscope_c3 HTTP/1.1" 200 596 "http://merp.yudo.com.cn:8183/WEI_2100/WEI_2100?formKey=M20181224T092247840&menuSelection=asm" "Mozilla/5.0 (Linux; Android 8.1.0; COL-AL10 Build/HUAWEICOL-AL10; wv) AppleWebKit/537.36 (KHTML, like Gecko) Version/4.0 Chrome/68.0.3440.91 Mobile Safari/537.36"
117.136.68.142 - - [24/Dec/2018:09:36:13 +0800] "GET /WEI_2100/systemclass_mini_prc?bigsysid=SA10380332&minisysid=supplyscope_c5 HTTP/1.1" 200 99 "http://merp.yudo.com.cn:8183/WEI_2100/WEI_2100?formKey=M20181224T092247840&menuSelection=asm" "Mozilla/5.0 (Linux; Android 8.1.0; COL-AL10 Build/HUAWEICOL-AL10; wv) AppleWebKit/537.36 (KHTML, like Gecko) Version/4.0 Chrome/68.0.3440.91 Mobile Safari/537.36"
117.136.68.142 - - [24/Dec/2018:09:36:12 +0800] "GET /WEI_2100/systemclass_mini_prc?bigsysid=SA10370224&minisysid=supplyscope_c4 HTTP/1.1" 200 99 "http://merp.yudo.com.cn:8183/WEI_2100/WEI_2100?formKey=M20181224T092247840&menuSelection=asm" "Mozilla/5.0 (Linux; Android 8.1.0; COL-AL10 Build/HUAWEICOL-AL10; wv) AppleWebKit/537.36 (KHTML, like Gecko) Version/4.0 Chrome/68.0.3440.91 Mobile Safari/537.36"
::1 - - [24/Dec/2018:09:36:23 +0800] "OPTIONS * HTTP/1.0" 200 - "-" "Apache/2.4.6 (CentOS) PHP/5.6.32 (internal dummy connection)"
117.136.68.142 - - [24/Dec/2018:09:36:52 +0800] "POST /WEI_2100/save_astable HTTP/1.1" 200 245 "http://merp.yudo.com.cn:8183/WEI_2100/WEI_2100?formKey=M20181224T092247840&menuSelection=asm" "Mozilla/5.0 (Linux; Android 8.1.0; COL-AL10 Build/HUAWEICOL-AL10; wv) AppleWebKit/537.36 (KHTML, like Gecko) Version/4.0 Chrome/68.0.3440.91 Mobile Safari/537.36"
117.136.68.142 - - [24/Dec/2018:09:36:53 +0800] "GET /WEI_2100/as_minute_table?asid=2018120878 HTTP/1.1" 200 349 "http://merp.yudo.com.cn:8183/WEI_2100/WEI_2100?formKey=M20181224T092247840&menuSelection=asm" "Mozilla/5.0 (Linux; Android 8.1.0; COL-AL10 Build/HUAWEICOL-AL10; wv) AppleWebKit/537.36 (KHTML, like Gecko) Version/4.0 Chrome/68.0.3440.91 Mobile Safari/537.36"
117.136.68.142 - - [24/Dec/2018:09:37:02 +0800] "POST /WEI_2100/save_as HTTP/1.1" 200 76 "http://merp.yudo.com.cn:8183/WEI_2100/WEI_2100?formKey=M20181224T092247840&menuSelection=asm" "Mozilla/5.0 (Linux; Android 8.1.0; COL-AL10 Build/HUAWEICOL-AL10; wv) AppleWebKit/537.36 (KHTML, like Gecko) Version/4.0 Chrome/68.0.3440.91 Mobile Safari/537.36"
117.136.68.142 - - [24/Dec/2018:09:37:03 +0800] "GET /WEI_2100/as_minute?asid=2018120878 HTTP/1.1" 200 1687 "http://merp.yudo.com.cn:8183/WEI_2100/WEI_2100?formKey=M20181224T092247840&menuSelection=asm" "Mozilla/5.0 (Linux; Android 8.1.0; COL-AL10 Build/HUAWEICOL-AL10; wv) AppleWebKit/537.36 (KHTML, like Gecko) Version/4.0 Chrome/68.0.3440.91 Mobile Safari/537.36"
117.136.68.142 - - [24/Dec/2018:09:37:03 +0800] "GET /WEI_2100/as_minute_table?asid=2018120878 HTTP/1.1" 200 349 "http://merp.yudo.com.cn:8183/WEI_2100/WEI_2100?formKey=M20181224T092247840&menuSelection=asm" "Mozilla/5.0 (Linux; Android 8.1.0; COL-AL10 Build/HUAWEICOL-AL10; wv) AppleWebKit/537.36 (KHTML, like Gecko) Version/4.0 Chrome/68.0.3440.91 Mobile Safari/537.36"
117.136.68.142 - - [24/Dec/2018:09:37:03 +0800] "GET /WEI_2100/systemclass_mini_prc?bigsysid=AS10110010&minisysid=ascause_c HTTP/1.1" 200 869 "http://merp.yudo.com.cn:8183/WEI_2100/WEI_2100?formKey=M20181224T092247840&menuSelection=asm" "Mozilla/5.0 (Linux; Android 8.1.0; COL-AL10 Build/HUAWEICOL-AL10; wv) AppleWebKit/537.36 (KHTML, like Gecko) Version/4.0 Chrome/68.0.3440.91 Mobile Safari/537.36"
117.136.68.142 - - [24/Dec/2018:09:37:03 +0800] "GET /WEI_2100/systemclass_mini_prc?bigsysid=AS10060010&minisysid=asclass1_c HTTP/1.1" 200 2504 "http://merp.yudo.com.cn:8183/WEI_2100/WEI_2100?formKey=M20181224T092247840&menuSelection=asm" "Mozilla/5.0 (Linux; Android 8.1.0; COL-AL10 Build/HUAWEICOL-AL10; wv) AppleWebKit/537.36 (KHTML, like Gecko) Version/4.0 Chrome/68.0.3440.91 Mobile Safari/537.36"
117.136.68.142 - - [24/Dec/2018:09:37:04 +0800] "GET /WEI_2100/systemclass_mini_prc?bigsysid=SA10350052&minisysid=supplyscope_c2 HTTP/1.1" 200 99 "http://merp.yudo.com.cn:8183/WEI_2100/WEI_2100?formKey=M20181224T092247840&menuSelection=asm" "Mozilla/5.0 (Linux; Android 8.1.0; COL-AL10 Build/HUAWEICOL-AL10; wv) AppleWebKit/537.36 (KHTML, like Gecko) Version/4.0 Chrome/68.0.3440.91 Mobile Safari/537.36"
117.136.68.142 - - [24/Dec/2018:09:37:04 +0800] "GET /WEI_2100/systemclass_mini_prc?bigsysid=SA10380332&minisysid=supplyscope_c5 HTTP/1.1" 200 99 "http://merp.yudo.com.cn:8183/WEI_2100/WEI_2100?formKey=M20181224T092247840&menuSelection=asm" "Mozilla/5.0 (Linux; Android 8.1.0; COL-AL10 Build/HUAWEICOL-AL10; wv) AppleWebKit/537.36 (KHTML, like Gecko) Version/4.0 Chrome/68.0.3440.91 Mobile Safari/537.36"
117.136.68.142 - - [24/Dec/2018:09:37:04 +0800] "GET /WEI_2100/systemclass_mini_prc?bigsysid=SA10360076&minisysid=supplyscope_c3 HTTP/1.1" 200 596 "http://merp.yudo.com.cn:8183/WEI_2100/WEI_2100?formKey=M20181224T092247840&menuSelection=asm" "Mozilla/5.0 (Linux; Android 8.1.0; COL-AL10 Build/HUAWEICOL-AL10; wv) AppleWebKit/537.36 (KHTML, like Gecko) Version/4.0 Chrome/68.0.3440.91 Mobile Safari/537.36"
117.136.68.142 - - [24/Dec/2018:09:37:04 +0800] "GET /WEI_2100/systemclass_mini_prc?bigsysid=SA10340050&minisysid=supplyscope_c1 HTTP/1.1" 200 140 "http://merp.yudo.com.cn:8183/WEI_2100/WEI_2100?formKey=M20181224T092247840&menuSelection=asm" "Mozilla/5.0 (Linux; Android 8.1.0; COL-AL10 Build/HUAWEICOL-AL10; wv) AppleWebKit/537.36 (KHTML, like Gecko) Version/4.0 Chrome/68.0.3440.91 Mobile Safari/537.36"
117.136.68.142 - - [24/Dec/2018:09:37:04 +0800] "GET /WEI_2100/systemclass_mini_prc?bigsysid=SA10370224&minisysid=supplyscope_c4 HTTP/1.1" 200 99 "http://merp.yudo.com.cn:8183/WEI_2100/WEI_2100?formKey=M20181224T092247840&menuSelection=asm" "Mozilla/5.0 (Linux; Android 8.1.0; COL-AL10 Build/HUAWEICOL-AL10; wv) AppleWebKit/537.36 (KHTML, like Gecko) Version/4.0 Chrome/68.0.3440.91 Mobile Safari/537.36"
::1 - - [24/Dec/2018:09:37:13 +0800] "OPTIONS * HTTP/1.0" 200 - "-" "Apache/2.4.6 (CentOS) PHP/5.6.32 (internal dummy connection)"
117.136.68.142 - - [24/Dec/2018:09:37:34 +0800] "GET /WEI_2100/as_minute?asid=2018120878 HTTP/1.1" 200 1687 "http://merp.yudo.com.cn:8183/WEI_2100/WEI_2100?formKey=M20181224T092247840&menuSelection=asm" "Mozilla/5.0 (Linux; Android 8.1.0; COL-AL10 Build/HUAWEICOL-AL10; wv) AppleWebKit/537.36 (KHTML, like Gecko) Version/4.0 Chrome/68.0.3440.91 Mobile Safari/537.36"
117.136.68.142 - - [24/Dec/2018:09:37:34 +0800] "GET /WEI_2100/as_minute_table?asid=2018120878 HTTP/1.1" 200 349 "http://merp.yudo.com.cn:8183/WEI_2100/WEI_2100?formKey=M20181224T092247840&menuSelection=asm" "Mozilla/5.0 (Linux; Android 8.1.0; COL-AL10 Build/HUAWEICOL-AL10; wv) AppleWebKit/537.36 (KHTML, like Gecko) Version/4.0 Chrome/68.0.3440.91 Mobile Safari/537.36"
117.136.68.142 - - [24/Dec/2018:09:37:35 +0800] "GET /WEI_2100/systemclass_mini_prc?bigsysid=SA10340050&minisysid=supplyscope_c1 HTTP/1.1" 200 140 "http://merp.yudo.com.cn:8183/WEI_2100/WEI_2100?formKey=M20181224T092247840&menuSelection=asm" "Mozilla/5.0 (Linux; Android 8.1.0; COL-AL10 Build/HUAWEICOL-AL10; wv) AppleWebKit/537.36 (KHTML, like Gecko) Version/4.0 Chrome/68.0.3440.91 Mobile Safari/537.36"
117.136.68.142 - - [24/Dec/2018:09:37:35 +0800] "GET /WEI_2100/systemclass_mini_prc?bigsysid=AS10060010&minisysid=asclass1_c HTTP/1.1" 200 2504 "http://merp.yudo.com.cn:8183/WEI_2100/WEI_2100?formKey=M20181224T092247840&menuSelection=asm" "Mozilla/5.0 (Linux; Android 8.1.0; COL-AL10 Build/HUAWEICOL-AL10; wv) AppleWebKit/537.36 (KHTML, like Gecko) Version/4.0 Chrome/68.0.3440.91 Mobile Safari/537.36"
117.136.68.142 - - [24/Dec/2018:09:37:35 +0800] "GET /WEI_2100/systemclass_mini_prc?bigsysid=SA10360076&minisysid=supplyscope_c3 HTTP/1.1" 200 596 "http://merp.yudo.com.cn:8183/WEI_2100/WEI_2100?formKey=M20181224T092247840&menuSelection=asm" "Mozilla/5.0 (Linux; Android 8.1.0; COL-AL10 Build/HUAWEICOL-AL10; wv) AppleWebKit/537.36 (KHTML, like Gecko) Version/4.0 Chrome/68.0.3440.91 Mobile Safari/537.36"
117.136.68.142 - - [24/Dec/2018:09:37:35 +0800] "GET /WEI_2100/systemclass_mini_prc?bigsysid=SA10350052&minisysid=supplyscope_c2 HTTP/1.1" 200 99 "http://merp.yudo.com.cn:8183/WEI_2100/WEI_2100?formKey=M20181224T092247840&menuSelection=asm" "Mozilla/5.0 (Linux; Android 8.1.0; COL-AL10 Build/HUAWEICOL-AL10; wv) AppleWebKit/537.36 (KHTML, like Gecko) Version/4.0 Chrome/68.0.3440.91 Mobile Safari/537.36"
117.136.68.142 - - [24/Dec/2018:09:37:36 +0800] "GET /WEI_2100/systemclass_mini_prc?bigsysid=SA10370224&minisysid=supplyscope_c4 HTTP/1.1" 200 99 "http://merp.yudo.com.cn:8183/WEI_2100/WEI_2100?formKey=M20181224T092247840&menuSelection=asm" "Mozilla/5.0 (Linux; Android 8.1.0; COL-AL10 Build/HUAWEICOL-AL10; wv) AppleWebKit/537.36 (KHTML, like Gecko) Version/4.0 Chrome/68.0.3440.91 Mobile Safari/537.36"
117.136.68.142 - - [24/Dec/2018:09:37:36 +0800] "GET /WEI_2100/systemclass_mini_prc?bigsysid=SA10380332&minisysid=supplyscope_c5 HTTP/1.1" 200 99 "http://merp.yudo.com.cn:8183/WEI_2100/WEI_2100?formKey=M20181224T092247840&menuSelection=asm" "Mozilla/5.0 (Linux; Android 8.1.0; COL-AL10 Build/HUAWEICOL-AL10; wv) AppleWebKit/537.36 (KHTML, like Gecko) Version/4.0 Chrome/68.0.3440.91 Mobile Safari/537.36"
117.136.68.142 - - [24/Dec/2018:09:37:35 +0800] "GET /WEI_2100/systemclass_mini_prc?bigsysid=AS10110010&minisysid=ascause_c HTTP/1.1" 200 869 "http://merp.yudo.com.cn:8183/WEI_2100/WEI_2100?formKey=M20181224T092247840&menuSelection=asm" "Mozilla/5.0 (Linux; Android 8.1.0; COL-AL10 Build/HUAWEICOL-AL10; wv) AppleWebKit/537.36 (KHTML, like Gecko) Version/4.0 Chrome/68.0.3440.91 Mobile Safari/537.36"
::1 - - [24/Dec/2018:09:37:47 +0800] "OPTIONS * HTTP/1.0" 200 - "-" "Apache/2.4.6 (CentOS) PHP/5.6.32 (internal dummy connection)"
117.136.68.142 - - [24/Dec/2018:09:37:50 +0800] "POST /WEI_2100/confirm HTTP/1.1" 200 99 "http://merp.yudo.com.cn:8183/WEI_2100/WEI_2100?formKey=M20181224T092247840&menuSelection=asm" "Mozilla/5.0 (Linux; Android 8.1.0; COL-AL10 Build/HUAWEICOL-AL10; wv) AppleWebKit/537.36 (KHTML, like Gecko) Version/4.0 Chrome/68.0.3440.91 Mobile Safari/537.36"
117.136.68.142 - - [24/Dec/2018:09:37:51 +0800] "GET /WEI_2100/as_minute?asid=2018120878 HTTP/1.1" 200 1687 "http://merp.yudo.com.cn:8183/WEI_2100/WEI_2100?formKey=M20181224T092247840&menuSelection=asm" "Mozilla/5.0 (Linux; Android 8.1.0; COL-AL10 Build/HUAWEICOL-AL10; wv) AppleWebKit/537.36 (KHTML, like Gecko) Version/4.0 Chrome/68.0.3440.91 Mobile Safari/537.36"
117.136.68.142 - - [24/Dec/2018:09:37:51 +0800] "GET /WEI_2100/as_minute_table?asid=2018120878 HTTP/1.1" 200 349 "http://merp.yudo.com.cn:8183/WEI_2100/WEI_2100?formKey=M20181224T092247840&menuSelection=asm" "Mozilla/5.0 (Linux; Android 8.1.0; COL-AL10 Build/HUAWEICOL-AL10; wv) AppleWebKit/537.36 (KHTML, like Gecko) Version/4.0 Chrome/68.0.3440.91 Mobile Safari/537.36"
117.136.68.142 - - [24/Dec/2018:09:37:52 +0800] "GET /WEI_2100/systemclass_mini_prc?bigsysid=AS10110010&minisysid=ascause_c HTTP/1.1" 200 869 "http://merp.yudo.com.cn:8183/WEI_2100/WEI_2100?formKey=M20181224T092247840&menuSelection=asm" "Mozilla/5.0 (Linux; Android 8.1.0; COL-AL10 Build/HUAWEICOL-AL10; wv) AppleWebKit/537.36 (KHTML, like Gecko) Version/4.0 Chrome/68.0.3440.91 Mobile Safari/537.36"
117.136.68.142 - - [24/Dec/2018:09:37:52 +0800] "GET /WEI_2100/systemclass_mini_prc?bigsysid=AS10060010&minisysid=asclass1_c HTTP/1.1" 200 2504 "http://merp.yudo.com.cn:8183/WEI_2100/WEI_2100?formKey=M20181224T092247840&menuSelection=asm" "Mozilla/5.0 (Linux; Android 8.1.0; COL-AL10 Build/HUAWEICOL-AL10; wv) AppleWebKit/537.36 (KHTML, like Gecko) Version/4.0 Chrome/68.0.3440.91 Mobile Safari/537.36"
117.136.68.142 - - [24/Dec/2018:09:37:52 +0800] "GET /WEI_2100/systemclass_mini_prc?bigsysid=SA10340050&minisysid=supplyscope_c1 HTTP/1.1" 200 140 "http://merp.yudo.com.cn:8183/WEI_2100/WEI_2100?formKey=M20181224T092247840&menuSelection=asm" "Mozilla/5.0 (Linux; Android 8.1.0; COL-AL10 Build/HUAWEICOL-AL10; wv) AppleWebKit/537.36 (KHTML, like Gecko) Version/4.0 Chrome/68.0.3440.91 Mobile Safari/537.36"
117.136.68.142 - - [24/Dec/2018:09:37:52 +0800] "GET /WEI_2100/systemclass_mini_prc?bigsysid=SA10360076&minisysid=supplyscope_c3 HTTP/1.1" 200 596 "http://merp.yudo.com.cn:8183/WEI_2100/WEI_2100?formKey=M20181224T092247840&menuSelection=asm" "Mozilla/5.0 (Linux; Android 8.1.0; COL-AL10 Build/HUAWEICOL-AL10; wv) AppleWebKit/537.36 (KHTML, like Gecko) Version/4.0 Chrome/68.0.3440.91 Mobile Safari/537.36"
117.136.68.142 - - [24/Dec/2018:09:37:52 +0800] "GET /WEI_2100/systemclass_mini_prc?bigsysid=SA10370224&minisysid=supplyscope_c4 HTTP/1.1" 200 99 "http://merp.yudo.com.cn:8183/WEI_2100/WEI_2100?formKey=M20181224T092247840&menuSelection=asm" "Mozilla/5.0 (Linux; Android 8.1.0; COL-AL10 Build/HUAWEICOL-AL10; wv) AppleWebKit/537.36 (KHTML, like Gecko) Version/4.0 Chrome/68.0.3440.91 Mobile Safari/537.36"
117.136.68.142 - - [24/Dec/2018:09:37:52 +0800] "GET /WEI_2100/systemclass_mini_prc?bigsysid=SA10380332&minisysid=supplyscope_c5 HTTP/1.1" 200 99 "http://merp.yudo.com.cn:8183/WEI_2100/WEI_2100?formKey=M20181224T092247840&menuSelection=asm" "Mozilla/5.0 (Linux; Android 8.1.0; COL-AL10 Build/HUAWEICOL-AL10; wv) AppleWebKit/537.36 (KHTML, like Gecko) Version/4.0 Chrome/68.0.3440.91 Mobile Safari/537.36"
117.136.68.142 - - [24/Dec/2018:09:37:52 +0800] "GET /WEI_2100/systemclass_mini_prc?bigsysid=SA10350052&minisysid=supplyscope_c2 HTTP/1.1" 200 99 "http://merp.yudo.com.cn:8183/WEI_2100/WEI_2100?formKey=M20181224T092247840&menuSelection=asm" "Mozilla/5.0 (Linux; Android 8.1.0; COL-AL10 Build/HUAWEICOL-AL10; wv) AppleWebKit/537.36 (KHTML, like Gecko) Version/4.0 Chrome/68.0.3440.91 Mobile Safari/537.36"
117.136.68.142 - - [24/Dec/2018:09:37:54 +0800] "POST /WEI_2100/confirm HTTP/1.1" 200 111 "http://merp.yudo.com.cn:8183/WEI_2100/WEI_2100?formKey=M20181224T092247840&menuSelection=asm" "Mozilla/5.0 (Linux; Android 8.1.0; COL-AL10 Build/HUAWEICOL-AL10; wv) AppleWebKit/537.36 (KHTML, like Gecko) Version/4.0 Chrome/68.0.3440.91 Mobile Safari/537.36"
117.136.68.142 - - [24/Dec/2018:09:37:54 +0800] "GET /WEI_2100/as_minute?asid=2018120878 HTTP/1.1" 200 1687 "http://merp.yudo.com.cn:8183/WEI_2100/WEI_2100?formKey=M20181224T092247840&menuSelection=asm" "Mozilla/5.0 (Linux; Android 8.1.0; COL-AL10 Build/HUAWEICOL-AL10; wv) AppleWebKit/537.36 (KHTML, like Gecko) Version/4.0 Chrome/68.0.3440.91 Mobile Safari/537.36"
117.136.68.142 - - [24/Dec/2018:09:37:54 +0800] "GET /WEI_2100/as_minute_table?asid=2018120878 HTTP/1.1" 200 349 "http://merp.yudo.com.cn:8183/WEI_2100/WEI_2100?formKey=M20181224T092247840&menuSelection=asm" "Mozilla/5.0 (Linux; Android 8.1.0; COL-AL10 Build/HUAWEICOL-AL10; wv) AppleWebKit/537.36 (KHTML, like Gecko) Version/4.0 Chrome/68.0.3440.91 Mobile Safari/537.36"
117.136.68.142 - - [24/Dec/2018:09:37:55 +0800] "GET /WEI_2100/systemclass_mini_prc?bigsysid=AS10110010&minisysid=ascause_c HTTP/1.1" 200 869 "http://merp.yudo.com.cn:8183/WEI_2100/WEI_2100?formKey=M20181224T092247840&menuSelection=asm" "Mozilla/5.0 (Linux; Android 8.1.0; COL-AL10 Build/HUAWEICOL-AL10; wv) AppleWebKit/537.36 (KHTML, like Gecko) Version/4.0 Chrome/68.0.3440.91 Mobile Safari/537.36"
117.136.68.142 - - [24/Dec/2018:09:37:55 +0800] "GET /WEI_2100/systemclass_mini_prc?bigsysid=SA10350052&minisysid=supplyscope_c2 HTTP/1.1" 200 99 "http://merp.yudo.com.cn:8183/WEI_2100/WEI_2100?formKey=M20181224T092247840&menuSelection=asm" "Mozilla/5.0 (Linux; Android 8.1.0; COL-AL10 Build/HUAWEICOL-AL10; wv) AppleWebKit/537.36 (KHTML, like Gecko) Version/4.0 Chrome/68.0.3440.91 Mobile Safari/537.36"
117.136.68.142 - - [24/Dec/2018:09:37:55 +0800] "GET /WEI_2100/systemclass_mini_prc?bigsysid=SA10340050&minisysid=supplyscope_c1 HTTP/1.1" 200 140 "http://merp.yudo.com.cn:8183/WEI_2100/WEI_2100?formKey=M20181224T092247840&menuSelection=asm" "Mozilla/5.0 (Linux; Android 8.1.0; COL-AL10 Build/HUAWEICOL-AL10; wv) AppleWebKit/537.36 (KHTML, like Gecko) Version/4.0 Chrome/68.0.3440.91 Mobile Safari/537.36"
117.136.68.142 - - [24/Dec/2018:09:37:55 +0800] "GET /WEI_2100/systemclass_mini_prc?bigsysid=SA10360076&minisysid=supplyscope_c3 HTTP/1.1" 200 596 "http://merp.yudo.com.cn:8183/WEI_2100/WEI_2100?formKey=M20181224T092247840&menuSelection=asm" "Mozilla/5.0 (Linux; Android 8.1.0; COL-AL10 Build/HUAWEICOL-AL10; wv) AppleWebKit/537.36 (KHTML, like Gecko) Version/4.0 Chrome/68.0.3440.91 Mobile Safari/537.36"
117.136.68.142 - - [24/Dec/2018:09:37:55 +0800] "GET /WEI_2100/systemclass_mini_prc?bigsysid=SA10370224&minisysid=supplyscope_c4 HTTP/1.1" 200 99 "http://merp.yudo.com.cn:8183/WEI_2100/WEI_2100?formKey=M20181224T092247840&menuSelection=asm" "Mozilla/5.0 (Linux; Android 8.1.0; COL-AL10 Build/HUAWEICOL-AL10; wv) AppleWebKit/537.36 (KHTML, like Gecko) Version/4.0 Chrome/68.0.3440.91 Mobile Safari/537.36"
117.136.68.142 - - [24/Dec/2018:09:37:55 +0800] "GET /WEI_2100/systemclass_mini_prc?bigsysid=AS10060010&minisysid=asclass1_c HTTP/1.1" 200 2504 "http://merp.yudo.com.cn:8183/WEI_2100/WEI_2100?formKey=M20181224T092247840&menuSelection=asm" "Mozilla/5.0 (Linux; Android 8.1.0; COL-AL10 Build/HUAWEICOL-AL10; wv) AppleWebKit/537.36 (KHTML, like Gecko) Version/4.0 Chrome/68.0.3440.91 Mobile Safari/537.36"
117.136.68.142 - - [24/Dec/2018:09:37:56 +0800] "GET /WEI_2100/systemclass_mini_prc?bigsysid=SA10380332&minisysid=supplyscope_c5 HTTP/1.1" 200 99 "http://merp.yudo.com.cn:8183/WEI_2100/WEI_2100?formKey=M20181224T092247840&menuSelection=asm" "Mozilla/5.0 (Linux; Android 8.1.0; COL-AL10 Build/HUAWEICOL-AL10; wv) AppleWebKit/537.36 (KHTML, like Gecko) Version/4.0 Chrome/68.0.3440.91 Mobile Safari/537.36"
117.136.68.142 - - [24/Dec/2018:09:38:02 +0800] "POST /WEI_2100/confirm HTTP/1.1" 200 99 "http://merp.yudo.com.cn:8183/WEI_2100/WEI_2100?formKey=M20181224T092247840&menuSelection=asm" "Mozilla/5.0 (Linux; Android 8.1.0; COL-AL10 Build/HUAWEICOL-AL10; wv) AppleWebKit/537.36 (KHTML, like Gecko) Version/4.0 Chrome/68.0.3440.91 Mobile Safari/537.36"
117.136.68.142 - - [24/Dec/2018:09:38:02 +0800] "GET /WEI_2100/as_minute?asid=2018120878 HTTP/1.1" 200 1687 "http://merp.yudo.com.cn:8183/WEI_2100/WEI_2100?formKey=M20181224T092247840&menuSelection=asm" "Mozilla/5.0 (Linux; Android 8.1.0; COL-AL10 Build/HUAWEICOL-AL10; wv) AppleWebKit/537.36 (KHTML, like Gecko) Version/4.0 Chrome/68.0.3440.91 Mobile Safari/537.36"
117.136.68.142 - - [24/Dec/2018:09:38:02 +0800] "GET /WEI_2100/as_minute_table?asid=2018120878 HTTP/1.1" 200 349 "http://merp.yudo.com.cn:8183/WEI_2100/WEI_2100?formKey=M20181224T092247840&menuSelection=asm" "Mozilla/5.0 (Linux; Android 8.1.0; COL-AL10 Build/HUAWEICOL-AL10; wv) AppleWebKit/537.36 (KHTML, like Gecko) Version/4.0 Chrome/68.0.3440.91 Mobile Safari/537.36"
117.136.68.142 - - [24/Dec/2018:09:38:04 +0800] "GET /WEI_2100/systemclass_mini_prc?bigsysid=AS10110010&minisysid=ascause_c HTTP/1.1" 200 869 "http://merp.yudo.com.cn:8183/WEI_2100/WEI_2100?formKey=M20181224T092247840&menuSelection=asm" "Mozilla/5.0 (Linux; Android 8.1.0; COL-AL10 Build/HUAWEICOL-AL10; wv) AppleWebKit/537.36 (KHTML, like Gecko) Version/4.0 Chrome/68.0.3440.91 Mobile Safari/537.36"
117.136.68.142 - - [24/Dec/2018:09:38:04 +0800] "GET /WEI_2100/systemclass_mini_prc?bigsysid=AS10060010&minisysid=asclass1_c HTTP/1.1" 200 2504 "http://merp.yudo.com.cn:8183/WEI_2100/WEI_2100?formKey=M20181224T092247840&menuSelection=asm" "Mozilla/5.0 (Linux; Android 8.1.0; COL-AL10 Build/HUAWEICOL-AL10; wv) AppleWebKit/537.36 (KHTML, like Gecko) Version/4.0 Chrome/68.0.3440.91 Mobile Safari/537.36"
117.136.68.142 - - [24/Dec/2018:09:38:04 +0800] "GET /WEI_2100/systemclass_mini_prc?bigsysid=SA10350052&minisysid=supplyscope_c2 HTTP/1.1" 200 99 "http://merp.yudo.com.cn:8183/WEI_2100/WEI_2100?formKey=M20181224T092247840&menuSelection=asm" "Mozilla/5.0 (Linux; Android 8.1.0; COL-AL10 Build/HUAWEICOL-AL10; wv) AppleWebKit/537.36 (KHTML, like Gecko) Version/4.0 Chrome/68.0.3440.91 Mobile Safari/537.36"
117.136.68.142 - - [24/Dec/2018:09:38:04 +0800] "GET /WEI_2100/systemclass_mini_prc?bigsysid=SA10340050&minisysid=supplyscope_c1 HTTP/1.1" 200 140 "http://merp.yudo.com.cn:8183/WEI_2100/WEI_2100?formKey=M20181224T092247840&menuSelection=asm" "Mozilla/5.0 (Linux; Android 8.1.0; COL-AL10 Build/HUAWEICOL-AL10; wv) AppleWebKit/537.36 (KHTML, like Gecko) Version/4.0 Chrome/68.0.3440.91 Mobile Safari/537.36"
117.136.68.142 - - [24/Dec/2018:09:38:04 +0800] "GET /WEI_2100/systemclass_mini_prc?bigsysid=SA10370224&minisysid=supplyscope_c4 HTTP/1.1" 200 99 "http://merp.yudo.com.cn:8183/WEI_2100/WEI_2100?formKey=M20181224T092247840&menuSelection=asm" "Mozilla/5.0 (Linux; Android 8.1.0; COL-AL10 Build/HUAWEICOL-AL10; wv) AppleWebKit/537.36 (KHTML, like Gecko) Version/4.0 Chrome/68.0.3440.91 Mobile Safari/537.36"
117.136.68.142 - - [24/Dec/2018:09:38:04 +0800] "GET /WEI_2100/systemclass_mini_prc?bigsysid=SA10360076&minisysid=supplyscope_c3 HTTP/1.1" 200 596 "http://merp.yudo.com.cn:8183/WEI_2100/WEI_2100?formKey=M20181224T092247840&menuSelection=asm" "Mozilla/5.0 (Linux; Android 8.1.0; COL-AL10 Build/HUAWEICOL-AL10; wv) AppleWebKit/537.36 (KHTML, like Gecko) Version/4.0 Chrome/68.0.3440.91 Mobile Safari/537.36"
117.136.68.142 - - [24/Dec/2018:09:38:05 +0800] "GET /WEI_2100/systemclass_mini_prc?bigsysid=SA10380332&minisysid=supplyscope_c5 HTTP/1.1" 200 99 "http://merp.yudo.com.cn:8183/WEI_2100/WEI_2100?formKey=M20181224T092247840&menuSelection=asm" "Mozilla/5.0 (Linux; Android 8.1.0; COL-AL10 Build/HUAWEICOL-AL10; wv) AppleWebKit/537.36 (KHTML, like Gecko) Version/4.0 Chrome/68.0.3440.91 Mobile Safari/537.36"
::1 - - [24/Dec/2018:09:38:14 +0800] "OPTIONS * HTTP/1.0" 200 - "-" "Apache/2.4.6 (CentOS) PHP/5.6.32 (internal dummy connection)"
117.136.68.142 - - [24/Dec/2018:09:38:17 +0800] "POST /WEI_2100/confirm HTTP/1.1" 200 111 "http://merp.yudo.com.cn:8183/WEI_2100/WEI_2100?formKey=M20181224T092247840&menuSelection=asm" "Mozilla/5.0 (Linux; Android 8.1.0; COL-AL10 Build/HUAWEICOL-AL10; wv) AppleWebKit/537.36 (KHTML, like Gecko) Version/4.0 Chrome/68.0.3440.91 Mobile Safari/537.36"
117.136.68.142 - - [24/Dec/2018:09:38:17 +0800] "GET /WEI_2100/as_minute?asid=2018120878 HTTP/1.1" 200 1687 "http://merp.yudo.com.cn:8183/WEI_2100/WEI_2100?formKey=M20181224T092247840&menuSelection=asm" "Mozilla/5.0 (Linux; Android 8.1.0; COL-AL10 Build/HUAWEICOL-AL10; wv) AppleWebKit/537.36 (KHTML, like Gecko) Version/4.0 Chrome/68.0.3440.91 Mobile Safari/537.36"
117.136.68.142 - - [24/Dec/2018:09:38:17 +0800] "GET /WEI_2100/as_minute_table?asid=2018120878 HTTP/1.1" 200 349 "http://merp.yudo.com.cn:8183/WEI_2100/WEI_2100?formKey=M20181224T092247840&menuSelection=asm" "Mozilla/5.0 (Linux; Android 8.1.0; COL-AL10 Build/HUAWEICOL-AL10; wv) AppleWebKit/537.36 (KHTML, like Gecko) Version/4.0 Chrome/68.0.3440.91 Mobile Safari/537.36"
117.136.68.142 - - [24/Dec/2018:09:38:18 +0800] "GET /WEI_2100/systemclass_mini_prc?bigsysid=AS10110010&minisysid=ascause_c HTTP/1.1" 200 869 "http://merp.yudo.com.cn:8183/WEI_2100/WEI_2100?formKey=M20181224T092247840&menuSelection=asm" "Mozilla/5.0 (Linux; Android 8.1.0; COL-AL10 Build/HUAWEICOL-AL10; wv) AppleWebKit/537.36 (KHTML, like Gecko) Version/4.0 Chrome/68.0.3440.91 Mobile Safari/537.36"
192.168.253.2 - - [24/Dec/2018:09:38:19 +0800] "GET /Menu/Menu/menuLists?formKey=M20181224T093407187&menuSelection=asm HTTP/1.1" 200 5842 "http://merp.yudo.com.cn:8183/WEI_2100/WEI_2100?formKey=M20181224T093407187&menuSelection=asm" "Mozilla/5.0 (iPhone; CPU iPhone OS 11_0 like Mac OS X) AppleWebKit/604.1.38 (KHTML, like Gecko) Mobile/15A372JLAMPMode:iPhone"
117.136.68.142 - - [24/Dec/2018:09:38:18 +0800] "GET /WEI_2100/systemclass_mini_prc?bigsysid=SA10340050&minisysid=supplyscope_c1 HTTP/1.1" 200 140 "http://merp.yudo.com.cn:8183/WEI_2100/WEI_2100?formKey=M20181224T092247840&menuSelection=asm" "Mozilla/5.0 (Linux; Android 8.1.0; COL-AL10 Build/HUAWEICOL-AL10; wv) AppleWebKit/537.36 (KHTML, like Gecko) Version/4.0 Chrome/68.0.3440.91 Mobile Safari/537.36"
192.168.253.2 - - [24/Dec/2018:09:38:19 +0800] "POST /JLAMPCommon/langBatchRows_prc HTTP/1.1" 200 595 "http://merp.yudo.com.cn:8183/Menu/Menu/menuLists?formKey=M20181224T093407187&menuSelection=asm" "Mozilla/5.0 (iPhone; CPU iPhone OS 11_0 like Mac OS X) AppleWebKit/604.1.38 (KHTML, like Gecko) Mobile/15A372JLAMPMode:iPhone"
192.168.253.2 - - [24/Dec/2018:09:38:19 +0800] "GET /JLAMPCommon/getCookieJson_prc HTTP/1.1" 200 913 "http://merp.yudo.com.cn:8183/Menu/Menu/menuLists?formKey=M20181224T093407187&menuSelection=asm" "Mozilla/5.0 (iPhone; CPU iPhone OS 11_0 like Mac OS X) AppleWebKit/604.1.38 (KHTML, like Gecko) Mobile/15A372JLAMPMode:iPhone"
192.168.253.2 - - [24/Dec/2018:09:38:19 +0800] "GET /Menu/doMenuRows_prc?formKey=M20181224T093407187 HTTP/1.1" 200 2038 "http://merp.yudo.com.cn:8183/Menu/Menu/menuLists?formKey=M20181224T093407187&menuSelection=asm" "Mozilla/5.0 (iPhone; CPU iPhone OS 11_0 like Mac OS X) AppleWebKit/604.1.38 (KHTML, like Gecko) Mobile/15A372JLAMPMode:iPhone"
117.136.68.142 - - [24/Dec/2018:09:38:18 +0800] "GET /WEI_2100/systemclass_mini_prc?bigsysid=SA10360076&minisysid=supplyscope_c3 HTTP/1.1" 200 596 "http://merp.yudo.com.cn:8183/WEI_2100/WEI_2100?formKey=M20181224T092247840&menuSelection=asm" "Mozilla/5.0 (Linux; Android 8.1.0; COL-AL10 Build/HUAWEICOL-AL10; wv) AppleWebKit/537.36 (KHTML, like Gecko) Version/4.0 Chrome/68.0.3440.91 Mobile Safari/537.36"
117.136.68.142 - - [24/Dec/2018:09:38:18 +0800] "GET /WEI_2100/systemclass_mini_prc?bigsysid=SA10350052&minisysid=supplyscope_c2 HTTP/1.1" 200 99 "http://merp.yudo.com.cn:8183/WEI_2100/WEI_2100?formKey=M20181224T092247840&menuSelection=asm" "Mozilla/5.0 (Linux; Android 8.1.0; COL-AL10 Build/HUAWEICOL-AL10; wv) AppleWebKit/537.36 (KHTML, like Gecko) Version/4.0 Chrome/68.0.3440.91 Mobile Safari/537.36"
117.136.68.142 - - [24/Dec/2018:09:38:19 +0800] "GET /WEI_2100/systemclass_mini_prc?bigsysid=SA10380332&minisysid=supplyscope_c5 HTTP/1.1" 200 99 "http://merp.yudo.com.cn:8183/WEI_2100/WEI_2100?formKey=M20181224T092247840&menuSelection=asm" "Mozilla/5.0 (Linux; Android 8.1.0; COL-AL10 Build/HUAWEICOL-AL10; wv) AppleWebKit/537.36 (KHTML, like Gecko) Version/4.0 Chrome/68.0.3440.91 Mobile Safari/537.36"
117.136.68.142 - - [24/Dec/2018:09:38:18 +0800] "GET /WEI_2100/systemclass_mini_prc?bigsysid=SA10370224&minisysid=supplyscope_c4 HTTP/1.1" 200 99 "http://merp.yudo.com.cn:8183/WEI_2100/WEI_2100?formKey=M20181224T092247840&menuSelection=asm" "Mozilla/5.0 (Linux; Android 8.1.0; COL-AL10 Build/HUAWEICOL-AL10; wv) AppleWebKit/537.36 (KHTML, like Gecko) Version/4.0 Chrome/68.0.3440.91 Mobile Safari/537.36"
117.136.68.142 - - [24/Dec/2018:09:38:18 +0800] "GET /WEI_2100/systemclass_mini_prc?bigsysid=AS10060010&minisysid=asclass1_c HTTP/1.1" 200 2504 "http://merp.yudo.com.cn:8183/WEI_2100/WEI_2100?formKey=M20181224T092247840&menuSelection=asm" "Mozilla/5.0 (Linux; Android 8.1.0; COL-AL10 Build/HUAWEICOL-AL10; wv) AppleWebKit/537.36 (KHTML, like Gecko) Version/4.0 Chrome/68.0.3440.91 Mobile Safari/537.36"
::1 - - [24/Dec/2018:09:38:28 +0800] "OPTIONS * HTTP/1.0" 200 - "-" "Apache/2.4.6 (CentOS) PHP/5.6.32 (internal dummy connection)"
::1 - - [24/Dec/2018:09:38:29 +0800] "OPTIONS * HTTP/1.0" 200 - "-" "Apache/2.4.6 (CentOS) PHP/5.6.32 (internal dummy connection)"
::1 - - [24/Dec/2018:09:38:30 +0800] "OPTIONS * HTTP/1.0" 200 - "-" "Apache/2.4.6 (CentOS) PHP/5.6.32 (internal dummy connection)"
117.136.68.142 - - [24/Dec/2018:09:43:33 +0800] "GET /WEI_2100/as_photo?asid=2018120878 HTTP/1.1" 200 225 "http://merp.yudo.com.cn:8183/WEI_2100/WEI_2100?formKey=M20181224T092247840&menuSelection=asm" "Mozilla/5.0 (Linux; Android 8.1.0; COL-AL10 Build/HUAWEICOL-AL10; wv) AppleWebKit/537.36 (KHTML, like Gecko) Version/4.0 Chrome/68.0.3440.91 Mobile Safari/537.36"
117.136.68.142 - - [24/Dec/2018:09:43:33 +0800] "GET /image/uploads/AS/ASReceipt/201812/2018120878/M20181222091207188.jpg HTTP/1.1" 200 2656046 "http://merp.yudo.com.cn:8183/WEI_2100/WEI_2100?formKey=M20181224T092247840&menuSelection=asm" "Mozilla/5.0 (Linux; Android 8.1.0; COL-AL10 Build/HUAWEICOL-AL10; wv) AppleWebKit/537.36 (KHTML, like Gecko) Version/4.0 Chrome/68.0.3440.91 Mobile Safari/537.36"
117.136.68.142 - - [24/Dec/2018:09:43:45 +0800] "POST /WEI_2100/WEI_2100/upload_photo?asid=2018120878 HTTP/1.1" 200 234 "http://merp.yudo.com.cn:8183/WEI_2100/WEI_2100?formKey=M20181224T092247840&menuSelection=asm" "Mozilla/5.0 (Linux; Android 8.1.0; COL-AL10 Build/HUAWEICOL-AL10; wv) AppleWebKit/537.36 (KHTML, like Gecko) Version/4.0 Chrome/68.0.3440.91 Mobile Safari/537.36"
117.136.68.142 - - [24/Dec/2018:09:44:05 +0800] "GET /WEI_2100/as_photo?asid=2018120878 HTTP/1.1" 200 388 "http://merp.yudo.com.cn:8183/WEI_2100/WEI_2100?formKey=M20181224T092247840&menuSelection=asm" "Mozilla/5.0 (Linux; Android 8.1.0; COL-AL10 Build/HUAWEICOL-AL10; wv) AppleWebKit/537.36 (KHTML, like Gecko) Version/4.0 Chrome/68.0.3440.91 Mobile Safari/537.36"
117.136.68.142 - - [24/Dec/2018:09:44:06 +0800] "GET /image/uploads/AS/ASReceipt/201812/2018120878/M20181224094404422.jpg HTTP/1.1" 200 4232670 "http://merp.yudo.com.cn:8183/WEI_2100/WEI_2100?formKey=M20181224T092247840&menuSelection=asm" "Mozilla/5.0 (Linux; Android 8.1.0; COL-AL10 Build/HUAWEICOL-AL10; wv) AppleWebKit/537.36 (KHTML, like Gecko) Version/4.0 Chrome/68.0.3440.91 Mobile Safari/537.36"
117.136.68.142 - - [24/Dec/2018:09:48:06 +0800] "POST /WEI_2100/confirm HTTP/1.1" 200 99 "http://merp.yudo.com.cn:8183/WEI_2100/WEI_2100?formKey=M20181224T092247840&menuSelection=asm" "Mozilla/5.0 (Linux; Android 8.1.0; COL-AL10 Build/HUAWEICOL-AL10; wv) AppleWebKit/537.36 (KHTML, like Gecko) Version/4.0 Chrome/68.0.3440.91 Mobile Safari/537.36"
117.136.68.142 - - [24/Dec/2018:09:48:07 +0800] "GET /WEI_2100/as_minute?asid=2018120878 HTTP/1.1" 200 1687 "http://merp.yudo.com.cn:8183/WEI_2100/WEI_2100?formKey=M20181224T092247840&menuSelection=asm" "Mozilla/5.0 (Linux; Android 8.1.0; COL-AL10 Build/HUAWEICOL-AL10; wv) AppleWebKit/537.36 (KHTML, like Gecko) Version/4.0 Chrome/68.0.3440.91 Mobile Safari/537.36"
117.136.68.142 - - [24/Dec/2018:09:48:07 +0800] "GET /WEI_2100/as_minute_table?asid=2018120878 HTTP/1.1" 200 349 "http://merp.yudo.com.cn:8183/WEI_2100/WEI_2100?formKey=M20181224T092247840&menuSelection=asm" "Mozilla/5.0 (Linux; Android 8.1.0; COL-AL10 Build/HUAWEICOL-AL10; wv) AppleWebKit/537.36 (KHTML, like Gecko) Version/4.0 Chrome/68.0.3440.91 Mobile Safari/537.36"
117.136.68.142 - - [24/Dec/2018:09:48:08 +0800] "GET /WEI_2100/systemclass_mini_prc?bigsysid=AS10110010&minisysid=ascause_c HTTP/1.1" 200 869 "http://merp.yudo.com.cn:8183/WEI_2100/WEI_2100?formKey=M20181224T092247840&menuSelection=asm" "Mozilla/5.0 (Linux; Android 8.1.0; COL-AL10 Build/HUAWEICOL-AL10; wv) AppleWebKit/537.36 (KHTML, like Gecko) Version/4.0 Chrome/68.0.3440.91 Mobile Safari/537.36"
117.136.68.142 - - [24/Dec/2018:09:48:08 +0800] "GET /WEI_2100/systemclass_mini_prc?bigsysid=AS10060010&minisysid=asclass1_c HTTP/1.1" 200 2504 "http://merp.yudo.com.cn:8183/WEI_2100/WEI_2100?formKey=M20181224T092247840&menuSelection=asm" "Mozilla/5.0 (Linux; Android 8.1.0; COL-AL10 Build/HUAWEICOL-AL10; wv) AppleWebKit/537.36 (KHTML, like Gecko) Version/4.0 Chrome/68.0.3440.91 Mobile Safari/537.36"
117.136.68.142 - - [24/Dec/2018:09:48:08 +0800] "GET /WEI_2100/systemclass_mini_prc?bigsysid=SA10340050&minisysid=supplyscope_c1 HTTP/1.1" 200 140 "http://merp.yudo.com.cn:8183/WEI_2100/WEI_2100?formKey=M20181224T092247840&menuSelection=asm" "Mozilla/5.0 (Linux; Android 8.1.0; COL-AL10 Build/HUAWEICOL-AL10; wv) AppleWebKit/537.36 (KHTML, like Gecko) Version/4.0 Chrome/68.0.3440.91 Mobile Safari/537.36"
117.136.68.142 - - [24/Dec/2018:09:48:08 +0800] "GET /WEI_2100/systemclass_mini_prc?bigsysid=SA10370224&minisysid=supplyscope_c4 HTTP/1.1" 200 99 "http://merp.yudo.com.cn:8183/WEI_2100/WEI_2100?formKey=M20181224T092247840&menuSelection=asm" "Mozilla/5.0 (Linux; Android 8.1.0; COL-AL10 Build/HUAWEICOL-AL10; wv) AppleWebKit/537.36 (KHTML, like Gecko) Version/4.0 Chrome/68.0.3440.91 Mobile Safari/537.36"
