112.17.239.125 - - [30/Jan/2019:14:34:49 +0800] "GET /js/multiHttp.js?v=1002 HTTP/1.1" 304 - "http://merp.yudo.com.cn:8183/Menu/Menu?formKey=M20190130T143314300" "Mozilla/5.0 (iPhone; CPU iPhone OS 11_4_1 like Mac OS X) AppleWebKit/605.1.15 (KHTML, like Gecko) Mobile/15G77JLAMPMode:iPhone"
112.17.239.125 - - [30/Jan/2019:14:34:49 +0800] "GET /js/lang.min.js?v=1001 HTTP/1.1" 304 - "http://merp.yudo.com.cn:8183/Menu/Menu?formKey=M20190130T143314300" "Mozilla/5.0 (iPhone; CPU iPhone OS 11_4_1 like Mac OS X) AppleWebKit/605.1.15 (KHTML, like Gecko) Mobile/15G77JLAMPMode:iPhone"
112.17.239.125 - - [30/Jan/2019:14:34:50 +0800] "GET /js/mui.previewimage.js?v=201804261256 HTTP/1.1" 304 - "http://merp.yudo.com.cn:8183/Menu/Menu?formKey=M20190130T143314300" "Mozilla/5.0 (iPhone; CPU iPhone OS 11_4_1 like Mac OS X) AppleWebKit/605.1.15 (KHTML, like Gecko) Mobile/15G77JLAMPMode:iPhone"
112.17.239.125 - - [30/Jan/2019:14:34:50 +0800] "GET /js/mui.zoom.js?v=201804231454 HTTP/1.1" 304 - "http://merp.yudo.com.cn:8183/Menu/Menu?formKey=M20190130T143314300" "Mozilla/5.0 (iPhone; CPU iPhone OS 11_4_1 like Mac OS X) AppleWebKit/605.1.15 (KHTML, like Gecko) Mobile/15G77JLAMPMode:iPhone"
112.17.239.125 - - [30/Jan/2019:14:34:50 +0800] "GET /js/mui.picker.min.js?v=1001 HTTP/1.1" 304 - "http://merp.yudo.com.cn:8183/Menu/Menu?formKey=M20190130T143314300" "Mozilla/5.0 (iPhone; CPU iPhone OS 11_4_1 like Mac OS X) AppleWebKit/605.1.15 (KHTML, like Gecko) Mobile/15G77JLAMPMode:iPhone"
112.17.239.125 - - [30/Jan/2019:14:34:50 +0800] "GET /js/fastclick.js HTTP/1.1" 304 - "http://merp.yudo.com.cn:8183/Menu/Menu?formKey=M20190130T143314300" "Mozilla/5.0 (iPhone; CPU iPhone OS 11_4_1 like Mac OS X) AppleWebKit/605.1.15 (KHTML, like Gecko) Mobile/15G77JLAMPMode:iPhone"
112.17.239.125 - - [30/Jan/2019:14:34:50 +0800] "GET /js/version.js?v=20180920001 HTTP/1.1" 200 2302 "http://merp.yudo.com.cn:8183/Menu/Menu?formKey=M20190130T143314300" "Mozilla/5.0 (iPhone; CPU iPhone OS 11_4_1 like Mac OS X) AppleWebKit/605.1.15 (KHTML, like Gecko) Mobile/15G77JLAMPMode:iPhone"
112.17.239.125 - - [30/Jan/2019:14:34:50 +0800] "GET /js/Menu/Menu.js?v=2003 HTTP/1.1" 304 - "http://merp.yudo.com.cn:8183/Menu/Menu?formKey=M20190130T143314300" "Mozilla/5.0 (iPhone; CPU iPhone OS 11_4_1 like Mac OS X) AppleWebKit/605.1.15 (KHTML, like Gecko) Mobile/15G77JLAMPMode:iPhone"
112.17.239.125 - - [30/Jan/2019:14:34:50 +0800] "GET /image/fonticon/headDefault.jpg HTTP/1.1" 304 - "http://merp.yudo.com.cn:8183/Menu/Menu?formKey=M20190130T143314300" "Mozilla/5.0 (iPhone; CPU iPhone OS 11_4_1 like Mac OS X) AppleWebKit/605.1.15 (KHTML, like Gecko) Mobile/15G77JLAMPMode:iPhone"
112.17.239.125 - - [30/Jan/2019:14:34:50 +0800] "GET /image/yudo-03.png HTTP/1.1" 304 - "http://merp.yudo.com.cn:8183/Menu/Menu?formKey=M20190130T143314300" "Mozilla/5.0 (iPhone; CPU iPhone OS 11_4_1 like Mac OS X) AppleWebKit/605.1.15 (KHTML, like Gecko) Mobile/15G77JLAMPMode:iPhone"
112.17.239.125 - - [30/Jan/2019:14:34:50 +0800] "GET /image/yudo-01.png HTTP/1.1" 304 - "http://merp.yudo.com.cn:8183/Menu/Menu?formKey=M20190130T143314300" "Mozilla/5.0 (iPhone; CPU iPhone OS 11_4_1 like Mac OS X) AppleWebKit/605.1.15 (KHTML, like Gecko) Mobile/15G77JLAMPMode:iPhone"
112.17.239.125 - - [30/Jan/2019:14:34:50 +0800] "GET /image/yudo-02.png HTTP/1.1" 304 - "http://merp.yudo.com.cn:8183/Menu/Menu?formKey=M20190130T143314300" "Mozilla/5.0 (iPhone; CPU iPhone OS 11_4_1 like Mac OS X) AppleWebKit/605.1.15 (KHTML, like Gecko) Mobile/15G77JLAMPMode:iPhone"
112.17.239.125 - - [30/Jan/2019:14:34:49 +0800] "GET /js/echarts.min.js HTTP/1.1" 200 744675 "http://merp.yudo.com.cn:8183/Menu/Menu?formKey=M20190130T143314300" "Mozilla/5.0 (iPhone; CPU iPhone OS 11_4_1 like Mac OS X) AppleWebKit/605.1.15 (KHTML, like Gecko) Mobile/15G77JLAMPMode:iPhone"
112.17.239.125 - - [30/Jan/2019:14:34:51 +0800] "GET /Menu/doMenuRows_prc?formKey=Menu HTTP/1.1" 200 826 "http://merp.yudo.com.cn:8183/Menu/Menu?formKey=M20190130T143314300" "Mozilla/5.0 (iPhone; CPU iPhone OS 11_4_1 like Mac OS X) AppleWebKit/605.1.15 (KHTML, like Gecko) Mobile/15G77JLAMPMode:iPhone"
112.17.239.125 - - [30/Jan/2019:14:34:51 +0800] "GET /JLAMPCommon/getCookieJson_prc HTTP/1.1" 200 933 "http://merp.yudo.com.cn:8183/Menu/Menu?formKey=M20190130T143314300" "Mozilla/5.0 (iPhone; CPU iPhone OS 11_4_1 like Mac OS X) AppleWebKit/605.1.15 (KHTML, like Gecko) Mobile/15G77JLAMPMode:iPhone"
112.17.239.125 - - [30/Jan/2019:14:34:51 +0800] "GET /image/fonticon/refresh_icon.png HTTP/1.1" 304 - "http://merp.yudo.com.cn:8183/Menu/Menu?formKey=M20190130T143314300" "Mozilla/5.0 (iPhone; CPU iPhone OS 11_4_1 like Mac OS X) AppleWebKit/605.1.15 (KHTML, like Gecko) Mobile/15G77JLAMPMode:iPhone"
112.17.239.125 - - [30/Jan/2019:14:34:51 +0800] "GET /image/fonticon/home_icon.png HTTP/1.1" 304 - "http://merp.yudo.com.cn:8183/Menu/Menu?formKey=M20190130T143314300" "Mozilla/5.0 (iPhone; CPU iPhone OS 11_4_1 like Mac OS X) AppleWebKit/605.1.15 (KHTML, like Gecko) Mobile/15G77JLAMPMode:iPhone"
112.17.239.125 - - [30/Jan/2019:14:34:51 +0800] "GET /image/fonticon/switchPass_icon.png HTTP/1.1" 304 - "http://merp.yudo.com.cn:8183/Menu/Menu?formKey=M20190130T143314300" "Mozilla/5.0 (iPhone; CPU iPhone OS 11_4_1 like Mac OS X) AppleWebKit/605.1.15 (KHTML, like Gecko) Mobile/15G77JLAMPMode:iPhone"
112.17.239.125 - - [30/Jan/2019:14:34:51 +0800] "GET /image/fonticon/quit_icon.png HTTP/1.1" 304 - "http://merp.yudo.com.cn:8183/Menu/Menu?formKey=M20190130T143314300" "Mozilla/5.0 (iPhone; CPU iPhone OS 11_4_1 like Mac OS X) AppleWebKit/605.1.15 (KHTML, like Gecko) Mobile/15G77JLAMPMode:iPhone"
112.17.239.125 - - [30/Jan/2019:14:34:51 +0800] "GET /image/fonticon/loading_icon2.png HTTP/1.1" 304 - "http://merp.yudo.com.cn:8183/Menu/Menu?formKey=M20190130T143314300" "Mozilla/5.0 (iPhone; CPU iPhone OS 11_4_1 like Mac OS X) AppleWebKit/605.1.15 (KHTML, like Gecko) Mobile/15G77JLAMPMode:iPhone"
112.17.239.125 - - [30/Jan/2019:14:34:51 +0800] "GET /image/fonticon/userMenu_icon.png HTTP/1.1" 304 - "http://merp.yudo.com.cn:8183/Menu/Menu?formKey=M20190130T143314300" "Mozilla/5.0 (iPhone; CPU iPhone OS 11_4_1 like Mac OS X) AppleWebKit/605.1.15 (KHTML, like Gecko) Mobile/15G77JLAMPMode:iPhone"
112.17.239.125 - - [30/Jan/2019:14:34:51 +0800] "GET /fonts/mui.ttf HTTP/1.1" 304 - "http://merp.yudo.com.cn:8183/Menu/Menu?formKey=M20190130T143314300" "Mozilla/5.0 (iPhone; CPU iPhone OS 11_4_1 like Mac OS X) AppleWebKit/605.1.15 (KHTML, like Gecko) Mobile/15G77JLAMPMode:iPhone"
112.17.239.125 - - [30/Jan/2019:14:34:51 +0800] "GET /Menu/getLoginInfo HTTP/1.1" 200 182 "http://merp.yudo.com.cn:8183/Menu/Menu?formKey=M20190130T143314300" "Mozilla/5.0 (iPhone; CPU iPhone OS 11_4_1 like Mac OS X) AppleWebKit/605.1.15 (KHTML, like Gecko) Mobile/15G77JLAMPMode:iPhone"
192.168.253.2 - - [30/Jan/2019:14:34:52 +0800] "GET /image/fonticon/zuzhuang_icon.png HTTP/1.1" 304 - "http://merp.yudo.com.cn:8183/Menu/Menu?formKey=M20190130T143314300" "Mozilla/5.0 (iPhone; CPU iPhone OS 11_4_1 like Mac OS X) AppleWebKit/605.1.15 (KHTML, like Gecko) Mobile/15G77JLAMPMode:iPhone"
192.168.253.2 - - [30/Jan/2019:14:34:52 +0800] "GET /image/fonticon/as_icon.png HTTP/1.1" 304 - "http://merp.yudo.com.cn:8183/Menu/Menu?formKey=M20190130T143314300" "Mozilla/5.0 (iPhone; CPU iPhone OS 11_4_1 like Mac OS X) AppleWebKit/605.1.15 (KHTML, like Gecko) Mobile/15G77JLAMPMode:iPhone"
192.168.253.2 - - [30/Jan/2019:14:34:52 +0800] "GET /image/fonticon/salesPlan_icon.png HTTP/1.1" 304 - "http://merp.yudo.com.cn:8183/Menu/Menu?formKey=M20190130T143314300" "Mozilla/5.0 (iPhone; CPU iPhone OS 11_4_1 like Mac OS X) AppleWebKit/605.1.15 (KHTML, like Gecko) Mobile/15G77JLAMPMode:iPhone"
::1 - - [30/Jan/2019:14:34:53 +0800] "OPTIONS * HTTP/1.0" 200 - "-" "Apache/2.4.6 (CentOS) PHP/5.6.32 (internal dummy connection)"
192.168.253.2 - - [30/Jan/2019:14:34:53 +0800] "GET /WEI_2300/WEI_2300?formKey=Menu&menuSelection=asm HTTP/1.1" 200 42837 "http://merp.yudo.com.cn:8183/Menu/Menu?formKey=M20190130T143314300" "Mozilla/5.0 (iPhone; CPU iPhone OS 11_4_1 like Mac OS X) AppleWebKit/605.1.15 (KHTML, like Gecko) Mobile/15G77JLAMPMode:iPhone"
192.168.253.2 - - [30/Jan/2019:14:34:54 +0800] "GET /css/yudo-ui.css?v=1050 HTTP/1.1" 304 - "http://merp.yudo.com.cn:8183/WEI_2300/WEI_2300?formKey=Menu&menuSelection=asm" "Mozilla/5.0 (iPhone; CPU iPhone OS 11_4_1 like Mac OS X) AppleWebKit/605.1.15 (KHTML, like Gecko) Mobile/15G77JLAMPMode:iPhone"
192.168.253.2 - - [30/Jan/2019:14:34:54 +0800] "GET /js/multiHttp.js?v=1001 HTTP/1.1" 304 - "http://merp.yudo.com.cn:8183/WEI_2300/WEI_2300?formKey=Menu&menuSelection=asm" "Mozilla/5.0 (iPhone; CPU iPhone OS 11_4_1 like Mac OS X) AppleWebKit/605.1.15 (KHTML, like Gecko) Mobile/15G77JLAMPMode:iPhone"
192.168.253.2 - - [30/Jan/2019:14:34:54 +0800] "GET /js/WEI_2300/WEI_2300_Lists.js?v=1062 HTTP/1.1" 304 - "http://merp.yudo.com.cn:8183/WEI_2300/WEI_2300?formKey=Menu&menuSelection=asm" "Mozilla/5.0 (iPhone; CPU iPhone OS 11_4_1 like Mac OS X) AppleWebKit/605.1.15 (KHTML, like Gecko) Mobile/15G77JLAMPMode:iPhone"
192.168.253.2 - - [30/Jan/2019:14:34:54 +0800] "GET /image/fonticon/backMenu_icon.png HTTP/1.1" 304 - "http://merp.yudo.com.cn:8183/WEI_2300/WEI_2300?formKey=Menu&menuSelection=asm" "Mozilla/5.0 (iPhone; CPU iPhone OS 11_4_1 like Mac OS X) AppleWebKit/605.1.15 (KHTML, like Gecko) Mobile/15G77JLAMPMode:iPhone"
192.168.253.2 - - [30/Jan/2019:14:34:55 +0800] "GET /image/fonticon/search_icon.png HTTP/1.1" 304 - "http://merp.yudo.com.cn:8183/WEI_2300/WEI_2300?formKey=Menu&menuSelection=asm" "Mozilla/5.0 (iPhone; CPU iPhone OS 11_4_1 like Mac OS X) AppleWebKit/605.1.15 (KHTML, like Gecko) Mobile/15G77JLAMPMode:iPhone"
192.168.253.2 - - [30/Jan/2019:14:34:55 +0800] "GET /image/fonticon/extend_icon.png HTTP/1.1" 304 - "http://merp.yudo.com.cn:8183/WEI_2300/WEI_2300?formKey=Menu&menuSelection=asm" "Mozilla/5.0 (iPhone; CPU iPhone OS 11_4_1 like Mac OS X) AppleWebKit/605.1.15 (KHTML, like Gecko) Mobile/15G77JLAMPMode:iPhone"
192.168.253.2 - - [30/Jan/2019:14:34:55 +0800] "POST /JLAMPCommon/langBatchRows_prc HTTP/1.1" 200 483 "http://merp.yudo.com.cn:8183/WEI_2300/WEI_2300?formKey=Menu&menuSelection=asm" "Mozilla/5.0 (iPhone; CPU iPhone OS 11_4_1 like Mac OS X) AppleWebKit/605.1.15 (KHTML, like Gecko) Mobile/15G77JLAMPMode:iPhone"
192.168.253.2 - - [30/Jan/2019:14:34:55 +0800] "GET /JLAMPCommon/getCookieJson_prc HTTP/1.1" 200 933 "http://merp.yudo.com.cn:8183/WEI_2300/WEI_2300?formKey=Menu&menuSelection=asm" "Mozilla/5.0 (iPhone; CPU iPhone OS 11_4_1 like Mac OS X) AppleWebKit/605.1.15 (KHTML, like Gecko) Mobile/15G77JLAMPMode:iPhone"
192.168.253.2 - - [30/Jan/2019:14:34:55 +0800] "GET /image/fonticon/write_icon.png HTTP/1.1" 304 - "http://merp.yudo.com.cn:8183/WEI_2300/WEI_2300?formKey=Menu&menuSelection=asm" "Mozilla/5.0 (iPhone; CPU iPhone OS 11_4_1 like Mac OS X) AppleWebKit/605.1.15 (KHTML, like Gecko) Mobile/15G77JLAMPMode:iPhone"
192.168.253.2 - - [30/Jan/2019:14:34:55 +0800] "GET /image/fonticon/back_icon2.png HTTP/1.1" 304 - "http://merp.yudo.com.cn:8183/WEI_2300/WEI_2300?formKey=Menu&menuSelection=asm" "Mozilla/5.0 (iPhone; CPU iPhone OS 11_4_1 like Mac OS X) AppleWebKit/605.1.15 (KHTML, like Gecko) Mobile/15G77JLAMPMode:iPhone"
192.168.253.2 - - [30/Jan/2019:14:34:55 +0800] "GET /image/fonticon/search_class_icon.png HTTP/1.1" 304 - "http://merp.yudo.com.cn:8183/WEI_2300/WEI_2300?formKey=Menu&menuSelection=asm" "Mozilla/5.0 (iPhone; CPU iPhone OS 11_4_1 like Mac OS X) AppleWebKit/605.1.15 (KHTML, like Gecko) Mobile/15G77JLAMPMode:iPhone"
192.168.253.2 - - [30/Jan/2019:14:34:55 +0800] "GET /image/fonticon/search_user_icon.png HTTP/1.1" 304 - "http://merp.yudo.com.cn:8183/WEI_2300/WEI_2300?formKey=Menu&menuSelection=asm" "Mozilla/5.0 (iPhone; CPU iPhone OS 11_4_1 like Mac OS X) AppleWebKit/605.1.15 (KHTML, like Gecko) Mobile/15G77JLAMPMode:iPhone"
192.168.253.2 - - [30/Jan/2019:14:34:55 +0800] "GET /image/fonticon/date_icon.png HTTP/1.1" 304 - "http://merp.yudo.com.cn:8183/WEI_2300/WEI_2300?formKey=Menu&menuSelection=asm" "Mozilla/5.0 (iPhone; CPU iPhone OS 11_4_1 like Mac OS X) AppleWebKit/605.1.15 (KHTML, like Gecko) Mobile/15G77JLAMPMode:iPhone"
192.168.253.2 - - [30/Jan/2019:14:34:55 +0800] "GET /image/fonticon/xiala_icon.png HTTP/1.1" 304 - "http://merp.yudo.com.cn:8183/WEI_2300/WEI_2300?formKey=Menu&menuSelection=asm" "Mozilla/5.0 (iPhone; CPU iPhone OS 11_4_1 like Mac OS X) AppleWebKit/605.1.15 (KHTML, like Gecko) Mobile/15G77JLAMPMode:iPhone"
192.168.253.2 - - [30/Jan/2019:14:34:55 +0800] "GET /image/fonticon/loading_icon3.png HTTP/1.1" 304 - "http://merp.yudo.com.cn:8183/WEI_2300/WEI_2300?formKey=Menu&menuSelection=asm" "Mozilla/5.0 (iPhone; CPU iPhone OS 11_4_1 like Mac OS X) AppleWebKit/605.1.15 (KHTML, like Gecko) Mobile/15G77JLAMPMode:iPhone"
192.168.253.2 - - [30/Jan/2019:14:34:55 +0800] "GET /WEI_2300/getLoginInfo HTTP/1.1" 200 157 "http://merp.yudo.com.cn:8183/WEI_2300/WEI_2300?formKey=Menu&menuSelection=asm" "Mozilla/5.0 (iPhone; CPU iPhone OS 11_4_1 like Mac OS X) AppleWebKit/605.1.15 (KHTML, like Gecko) Mobile/15G77JLAMPMode:iPhone"
192.168.253.2 - - [30/Jan/2019:14:34:55 +0800] "POST /JLAMPCommon/langBatchRows_prc HTTP/1.1" 200 18559 "http://merp.yudo.com.cn:8183/WEI_2300/WEI_2300?formKey=Menu&menuSelection=asm" "Mozilla/5.0 (iPhone; CPU iPhone OS 11_4_1 like Mac OS X) AppleWebKit/605.1.15 (KHTML, like Gecko) Mobile/15G77JLAMPMode:iPhone"
192.168.253.2 - - [30/Jan/2019:14:34:56 +0800] "GET /WEI_2300/getPermission HTTP/1.1" 200 63 "http://merp.yudo.com.cn:8183/WEI_2300/WEI_2300?formKey=Menu&menuSelection=asm" "Mozilla/5.0 (iPhone; CPU iPhone OS 11_4_1 like Mac OS X) AppleWebKit/605.1.15 (KHTML, like Gecko) Mobile/15G77JLAMPMode:iPhone"
192.168.253.2 - - [30/Jan/2019:14:34:57 +0800] "GET /WEI_2300/getLeader HTTP/1.1" 200 215 "http://merp.yudo.com.cn:8183/WEI_2300/WEI_2300?formKey=Menu&menuSelection=asm" "Mozilla/5.0 (iPhone; CPU iPhone OS 11_4_1 like Mac OS X) AppleWebKit/605.1.15 (KHTML, like Gecko) Mobile/15G77JLAMPMode:iPhone"
::1 - - [30/Jan/2019:14:35:01 +0800] "OPTIONS * HTTP/1.0" 200 - "-" "Apache/2.4.6 (CentOS) PHP/5.6.32 (internal dummy connection)"
192.168.253.2 - - [30/Jan/2019:14:34:58 +0800] "POST /WEI_2300/getLeaderTarget HTTP/1.1" 200 1629 "http://merp.yudo.com.cn:8183/WEI_2300/WEI_2300?formKey=Menu&menuSelection=asm" "Mozilla/5.0 (iPhone; CPU iPhone OS 11_4_1 like Mac OS X) AppleWebKit/605.1.15 (KHTML, like Gecko) Mobile/15G77JLAMPMode:iPhone"
::1 - - [30/Jan/2019:14:35:08 +0800] "OPTIONS * HTTP/1.0" 200 - "-" "Apache/2.4.6 (CentOS) PHP/5.6.32 (internal dummy connection)"
122.226.146.22 - - [30/Jan/2019:14:35:36 +0800] "POST /main/deviceSave_prc HTTP/1.1" 200 501 "http://merp.yudo.com.cn:8183/?deviceType=mobile&devicePlatform=android" "Mozilla/5.0 (Linux; Android 9; PAR-AL00 Build/HUAWEIPAR-AL00; wv) AppleWebKit/537.36 (KHTML, like Gecko) Version/4.0 Chrome/69.0.3497.100 Mobile Safari/537.36"
112.17.241.47 - - [30/Jan/2019:14:36:02 +0800] "GET /JLAMPCommon/getCookieJson_prc HTTP/1.1" 200 62 "http://merp.yudo.com.cn:8183/?deviceType=mobile&devicePlatform=android" "Mozilla/5.0 (Linux; Android 8.0.0; SM-G9500 Build/R16NW; wv) AppleWebKit/537.36 (KHTML, like Gecko) Version/4.0 Chrome/68.0.3440.91 Mobile Safari/537.36"
112.17.241.47 - - [30/Jan/2019:14:36:02 +0800] "GET /image/favicon.ico HTTP/1.1" 404 1506 "http://merp.yudo.com.cn:8183/?deviceType=mobile&devicePlatform=android" "Mozilla/5.0 (Linux; Android 8.0.0; SM-G9500 Build/R16NW; wv) AppleWebKit/537.36 (KHTML, like Gecko) Version/4.0 Chrome/68.0.3440.91 Mobile Safari/537.36"
112.17.241.47 - - [30/Jan/2019:14:36:32 +0800] "POST /main/deviceSave_prc HTTP/1.1" 200 297 "http://merp.yudo.com.cn:8183/?deviceType=mobile&devicePlatform=android" "Mozilla/5.0 (Linux; Android 8.0.0; SM-G9500 Build/R16NW; wv) AppleWebKit/537.36 (KHTML, like Gecko) Version/4.0 Chrome/68.0.3440.91 Mobile Safari/537.36"
192.168.253.2 - - [30/Jan/2019:14:36:28 +0800] "POST /WEI_2300/getLeaderTarget HTTP/1.1" 200 1629 "http://merp.yudo.com.cn:8183/WEI_2300/WEI_2300?formKey=Menu&menuSelection=asm" "Mozilla/5.0 (iPhone; CPU iPhone OS 11_4_1 like Mac OS X) AppleWebKit/605.1.15 (KHTML, like Gecko) Mobile/15G77JLAMPMode:iPhone"
112.17.241.47 - - [30/Jan/2019:14:36:52 +0800] "POST /main/login_prc HTTP/1.1" 200 74 "http://merp.yudo.com.cn:8183/?deviceType=mobile&devicePlatform=android" "Mozilla/5.0 (Linux; Android 8.0.0; SM-G9500 Build/R16NW; wv) AppleWebKit/537.36 (KHTML, like Gecko) Version/4.0 Chrome/68.0.3440.91 Mobile Safari/537.36"
112.17.241.47 - - [30/Jan/2019:14:37:07 +0800] "POST /main/login_prc HTTP/1.1" 200 74 "http://merp.yudo.com.cn:8183/?deviceType=mobile&devicePlatform=android" "Mozilla/5.0 (Linux; Android 8.0.0; SM-G9500 Build/R16NW; wv) AppleWebKit/537.36 (KHTML, like Gecko) Version/4.0 Chrome/68.0.3440.91 Mobile Safari/537.36"
122.226.146.22 - - [30/Jan/2019:14:37:45 +0800] "GET /JLAMPCommon/getCookieJson_prc HTTP/1.1" 200 62 "http://merp.yudo.com.cn:8183/?deviceType=mobile&devicePlatform=android" "Mozilla/5.0 (Linux; Android 9; PAR-AL00 Build/HUAWEIPAR-AL00; wv) AppleWebKit/537.36 (KHTML, like Gecko) Version/4.0 Chrome/69.0.3497.100 Mobile Safari/537.36"
122.226.146.22 - - [30/Jan/2019:14:37:45 +0800] "GET /image/favicon.ico HTTP/1.1" 404 1506 "http://merp.yudo.com.cn:8183/?deviceType=mobile&devicePlatform=android" "Mozilla/5.0 (Linux; Android 9; PAR-AL00 Build/HUAWEIPAR-AL00; wv) AppleWebKit/537.36 (KHTML, like Gecko) Version/4.0 Chrome/69.0.3497.100 Mobile Safari/537.36"
112.17.241.47 - - [30/Jan/2019:14:38:02 +0800] "POST /main/login_prc HTTP/1.1" 200 74 "http://merp.yudo.com.cn:8183/?deviceType=mobile&devicePlatform=android" "Mozilla/5.0 (Linux; Android 8.0.0; SM-G9500 Build/R16NW; wv) AppleWebKit/537.36 (KHTML, like Gecko) Version/4.0 Chrome/68.0.3440.91 Mobile Safari/537.36"
112.17.241.47 - - [30/Jan/2019:14:38:05 +0800] "POST /main/login_prc HTTP/1.1" 200 74 "http://merp.yudo.com.cn:8183/?deviceType=mobile&devicePlatform=android" "Mozilla/5.0 (Linux; Android 8.0.0; SM-G9500 Build/R16NW; wv) AppleWebKit/537.36 (KHTML, like Gecko) Version/4.0 Chrome/68.0.3440.91 Mobile Safari/537.36"
112.17.241.47 - - [30/Jan/2019:14:38:13 +0800] "POST /main/login_prc HTTP/1.1" 200 74 "http://merp.yudo.com.cn:8183/?deviceType=mobile&devicePlatform=android" "Mozilla/5.0 (Linux; Android 8.0.0; SM-G9500 Build/R16NW; wv) AppleWebKit/537.36 (KHTML, like Gecko) Version/4.0 Chrome/68.0.3440.91 Mobile Safari/537.36"
122.226.146.22 - - [30/Jan/2019:14:38:18 +0800] "POST /main/deviceSave_prc HTTP/1.1" 200 297 "http://merp.yudo.com.cn:8183/?deviceType=mobile&devicePlatform=android" "Mozilla/5.0 (Linux; Android 9; PAR-AL00 Build/HUAWEIPAR-AL00; wv) AppleWebKit/537.36 (KHTML, like Gecko) Version/4.0 Chrome/69.0.3497.100 Mobile Safari/537.36"
112.17.241.47 - - [30/Jan/2019:14:38:21 +0800] "GET /JLAMPCommon/getCookieJson_prc HTTP/1.1" 200 62 "http://merp.yudo.com.cn:8183/?deviceType=mobile&devicePlatform=android" "Mozilla/5.0 (Linux; Android 8.0.0; SM-G9500 Build/R16NW; wv) AppleWebKit/537.36 (KHTML, like Gecko) Version/4.0 Chrome/68.0.3440.91 Mobile Safari/537.36"
112.17.241.47 - - [30/Jan/2019:14:38:21 +0800] "GET /image/favicon.ico HTTP/1.1" 404 1506 "http://merp.yudo.com.cn:8183/?deviceType=mobile&devicePlatform=android" "Mozilla/5.0 (Linux; Android 8.0.0; SM-G9500 Build/R16NW; wv) AppleWebKit/537.36 (KHTML, like Gecko) Version/4.0 Chrome/68.0.3440.91 Mobile Safari/537.36"
112.17.241.47 - - [30/Jan/2019:14:38:47 +0800] "POST /main/login_prc HTTP/1.1" 200 74 "http://merp.yudo.com.cn:8183/?deviceType=mobile&devicePlatform=android" "Mozilla/5.0 (Linux; Android 8.0.0; SM-G9500 Build/R16NW; wv) AppleWebKit/537.36 (KHTML, like Gecko) Version/4.0 Chrome/68.0.3440.91 Mobile Safari/537.36"
122.226.146.22 - - [30/Jan/2019:14:38:52 +0800] "POST /main/deviceSave_prc HTTP/1.1" 200 297 "http://merp.yudo.com.cn:8183/?deviceType=mobile&devicePlatform=android" "Mozilla/5.0 (Linux; Android 9; PAR-AL00 Build/HUAWEIPAR-AL00; wv) AppleWebKit/537.36 (KHTML, like Gecko) Version/4.0 Chrome/69.0.3497.100 Mobile Safari/537.36"
122.226.146.22 - - [30/Jan/2019:14:39:00 +0800] "POST /main/login_prc HTTP/1.1" 200 44 "http://merp.yudo.com.cn:8183/?deviceType=mobile&devicePlatform=android" "Mozilla/5.0 (Linux; Android 9; PAR-AL00 Build/HUAWEIPAR-AL00; wv) AppleWebKit/537.36 (KHTML, like Gecko) Version/4.0 Chrome/69.0.3497.100 Mobile Safari/537.36"
122.226.146.22 - - [30/Jan/2019:14:39:00 +0800] "POST /main/checkMenuAuth_prc HTTP/1.1" 200 44 "http://merp.yudo.com.cn:8183/?deviceType=mobile&devicePlatform=android" "Mozilla/5.0 (Linux; Android 9; PAR-AL00 Build/HUAWEIPAR-AL00; wv) AppleWebKit/537.36 (KHTML, like Gecko) Version/4.0 Chrome/69.0.3497.100 Mobile Safari/537.36"
122.226.146.22 - - [30/Jan/2019:14:39:00 +0800] "POST / HTTP/1.1" 302 149 "http://merp.yudo.com.cn:8183/?deviceType=mobile&devicePlatform=android" "Mozilla/5.0 (Linux; Android 9; PAR-AL00 Build/HUAWEIPAR-AL00; wv) AppleWebKit/537.36 (KHTML, like Gecko) Version/4.0 Chrome/69.0.3497.100 Mobile Safari/537.36"
122.226.146.22 - - [30/Jan/2019:14:39:01 +0800] "POST / HTTP/1.1" 302 149 "http://merp.yudo.com.cn:8183/?deviceType=mobile&devicePlatform=android" "Mozilla/5.0 (Linux; Android 9; PAR-AL00 Build/HUAWEIPAR-AL00; wv) AppleWebKit/537.36 (KHTML, like Gecko) Version/4.0 Chrome/69.0.3497.100 Mobile Safari/537.36"
122.226.146.22 - - [30/Jan/2019:14:39:02 +0800] "GET /Menu/Menu?formKey=M20190130T143727653 HTTP/1.1" 200 11925 "http://merp.yudo.com.cn:8183/?deviceType=mobile&devicePlatform=android" "Mozilla/5.0 (Linux; Android 9; PAR-AL00 Build/HUAWEIPAR-AL00; wv) AppleWebKit/537.36 (KHTML, like Gecko) Version/4.0 Chrome/69.0.3497.100 Mobile Safari/537.36"
122.226.146.22 - - [30/Jan/2019:14:39:03 +0800] "GET /css/yudo-ui.css?v=1082 HTTP/1.1" 200 23327 "http://merp.yudo.com.cn:8183/Menu/Menu?formKey=M20190130T143727653" "Mozilla/5.0 (Linux; Android 9; PAR-AL00 Build/HUAWEIPAR-AL00; wv) AppleWebKit/537.36 (KHTML, like Gecko) Version/4.0 Chrome/69.0.3497.100 Mobile Safari/537.36"
122.226.146.22 - - [30/Jan/2019:14:39:03 +0800] "GET /css/mui.min.css?v=1008 HTTP/1.1" 200 76587 "http://merp.yudo.com.cn:8183/Menu/Menu?formKey=M20190130T143727653" "Mozilla/5.0 (Linux; Android 9; PAR-AL00 Build/HUAWEIPAR-AL00; wv) AppleWebKit/537.36 (KHTML, like Gecko) Version/4.0 Chrome/69.0.3497.100 Mobile Safari/537.36"
122.226.146.22 - - [30/Jan/2019:14:39:03 +0800] "GET /css/mui.picker.min.css HTTP/1.1" 200 4843 "http://merp.yudo.com.cn:8183/Menu/Menu?formKey=M20190130T143727653" "Mozilla/5.0 (Linux; Android 9; PAR-AL00 Build/HUAWEIPAR-AL00; wv) AppleWebKit/537.36 (KHTML, like Gecko) Version/4.0 Chrome/69.0.3497.100 Mobile Safari/537.36"
122.226.146.22 - - [30/Jan/2019:14:39:03 +0800] "GET /css/animate.min.css HTTP/1.1" 200 52799 "http://merp.yudo.com.cn:8183/Menu/Menu?formKey=M20190130T143727653" "Mozilla/5.0 (Linux; Android 9; PAR-AL00 Build/HUAWEIPAR-AL00; wv) AppleWebKit/537.36 (KHTML, like Gecko) Version/4.0 Chrome/69.0.3497.100 Mobile Safari/537.36"
122.226.146.22 - - [30/Jan/2019:14:39:03 +0800] "GET /js/multiHttp.js?v=1002 HTTP/1.1" 200 7163 "http://merp.yudo.com.cn:8183/Menu/Menu?formKey=M20190130T143727653" "Mozilla/5.0 (Linux; Android 9; PAR-AL00 Build/HUAWEIPAR-AL00; wv) AppleWebKit/537.36 (KHTML, like Gecko) Version/4.0 Chrome/69.0.3497.100 Mobile Safari/537.36"
122.226.146.22 - - [30/Jan/2019:14:39:03 +0800] "GET /js/mui.min.js?v=1001 HTTP/1.1" 200 115810 "http://merp.yudo.com.cn:8183/Menu/Menu?formKey=M20190130T143727653" "Mozilla/5.0 (Linux; Android 9; PAR-AL00 Build/HUAWEIPAR-AL00; wv) AppleWebKit/537.36 (KHTML, like Gecko) Version/4.0 Chrome/69.0.3497.100 Mobile Safari/537.36"
122.226.146.22 - - [30/Jan/2019:14:39:03 +0800] "GET /js/lang.min.js?v=1001 HTTP/1.1" 200 904 "http://merp.yudo.com.cn:8183/Menu/Menu?formKey=M20190130T143727653" "Mozilla/5.0 (Linux; Android 9; PAR-AL00 Build/HUAWEIPAR-AL00; wv) AppleWebKit/537.36 (KHTML, like Gecko) Version/4.0 Chrome/69.0.3497.100 Mobile Safari/537.36"
122.226.146.22 - - [30/Jan/2019:14:39:03 +0800] "GET /js/vue.js HTTP/1.1" 200 289301 "http://merp.yudo.com.cn:8183/Menu/Menu?formKey=M20190130T143727653" "Mozilla/5.0 (Linux; Android 9; PAR-AL00 Build/HUAWEIPAR-AL00; wv) AppleWebKit/537.36 (KHTML, like Gecko) Version/4.0 Chrome/69.0.3497.100 Mobile Safari/537.36"
122.226.146.22 - - [30/Jan/2019:14:39:03 +0800] "GET /js/mui.previewimage.js?v=201804261256 HTTP/1.1" 200 13324 "http://merp.yudo.com.cn:8183/Menu/Menu?formKey=M20190130T143727653" "Mozilla/5.0 (Linux; Android 9; PAR-AL00 Build/HUAWEIPAR-AL00; wv) AppleWebKit/537.36 (KHTML, like Gecko) Version/4.0 Chrome/69.0.3497.100 Mobile Safari/537.36"
122.226.146.22 - - [30/Jan/2019:14:39:03 +0800] "GET /js/mui.zoom.js?v=201804231454 HTTP/1.1" 200 11703 "http://merp.yudo.com.cn:8183/Menu/Menu?formKey=M20190130T143727653" "Mozilla/5.0 (Linux; Android 9; PAR-AL00 Build/HUAWEIPAR-AL00; wv) AppleWebKit/537.36 (KHTML, like Gecko) Version/4.0 Chrome/69.0.3497.100 Mobile Safari/537.36"
122.226.146.22 - - [30/Jan/2019:14:39:03 +0800] "GET /js/mui.picker.min.js?v=1001 HTTP/1.1" 200 18411 "http://merp.yudo.com.cn:8183/Menu/Menu?formKey=M20190130T143727653" "Mozilla/5.0 (Linux; Android 9; PAR-AL00 Build/HUAWEIPAR-AL00; wv) AppleWebKit/537.36 (KHTML, like Gecko) Version/4.0 Chrome/69.0.3497.100 Mobile Safari/537.36"
122.226.146.22 - - [30/Jan/2019:14:39:03 +0800] "GET /js/common.js HTTP/1.1" 200 11633 "http://merp.yudo.com.cn:8183/Menu/Menu?formKey=M20190130T143727653" "Mozilla/5.0 (Linux; Android 9; PAR-AL00 Build/HUAWEIPAR-AL00; wv) AppleWebKit/537.36 (KHTML, like Gecko) Version/4.0 Chrome/69.0.3497.100 Mobile Safari/537.36"
122.226.146.22 - - [30/Jan/2019:14:39:03 +0800] "GET /image/fonticon/headDefault.jpg HTTP/1.1" 200 2436 "http://merp.yudo.com.cn:8183/Menu/Menu?formKey=M20190130T143727653" "Mozilla/5.0 (Linux; Android 9; PAR-AL00 Build/HUAWEIPAR-AL00; wv) AppleWebKit/537.36 (KHTML, like Gecko) Version/4.0 Chrome/69.0.3497.100 Mobile Safari/537.36"
122.226.146.22 - - [30/Jan/2019:14:39:03 +0800] "GET /image/yudo-03.png HTTP/1.1" 200 288963 "http://merp.yudo.com.cn:8183/Menu/Menu?formKey=M20190130T143727653" "Mozilla/5.0 (Linux; Android 9; PAR-AL00 Build/HUAWEIPAR-AL00; wv) AppleWebKit/537.36 (KHTML, like Gecko) Version/4.0 Chrome/69.0.3497.100 Mobile Safari/537.36"
122.226.146.22 - - [30/Jan/2019:14:39:03 +0800] "GET /js/Menu/Menu.js?v=2003 HTTP/1.1" 200 4729 "http://merp.yudo.com.cn:8183/Menu/Menu?formKey=M20190130T143727653" "Mozilla/5.0 (Linux; Android 9; PAR-AL00 Build/HUAWEIPAR-AL00; wv) AppleWebKit/537.36 (KHTML, like Gecko) Version/4.0 Chrome/69.0.3497.100 Mobile Safari/537.36"
122.226.146.22 - - [30/Jan/2019:14:39:03 +0800] "GET /js/echarts.min.js HTTP/1.1" 200 744675 "http://merp.yudo.com.cn:8183/Menu/Menu?formKey=M20190130T143727653" "Mozilla/5.0 (Linux; Android 9; PAR-AL00 Build/HUAWEIPAR-AL00; wv) AppleWebKit/537.36 (KHTML, like Gecko) Version/4.0 Chrome/69.0.3497.100 Mobile Safari/537.36"
122.226.146.22 - - [30/Jan/2019:14:39:03 +0800] "GET /image/yudo-02.png HTTP/1.1" 200 358241 "http://merp.yudo.com.cn:8183/Menu/Menu?formKey=M20190130T143727653" "Mozilla/5.0 (Linux; Android 9; PAR-AL00 Build/HUAWEIPAR-AL00; wv) AppleWebKit/537.36 (KHTML, like Gecko) Version/4.0 Chrome/69.0.3497.100 Mobile Safari/537.36"
122.226.146.22 - - [30/Jan/2019:14:39:03 +0800] "GET /image/yudo-01.png HTTP/1.1" 200 381770 "http://merp.yudo.com.cn:8183/Menu/Menu?formKey=M20190130T143727653" "Mozilla/5.0 (Linux; Android 9; PAR-AL00 Build/HUAWEIPAR-AL00; wv) AppleWebKit/537.36 (KHTML, like Gecko) Version/4.0 Chrome/69.0.3497.100 Mobile Safari/537.36"
122.226.146.22 - - [30/Jan/2019:14:39:03 +0800] "GET /image/fonticon/loading_icon2.png HTTP/1.1" 200 808 "http://merp.yudo.com.cn:8183/css/mui.min.css?v=1008" "Mozilla/5.0 (Linux; Android 9; PAR-AL00 Build/HUAWEIPAR-AL00; wv) AppleWebKit/537.36 (KHTML, like Gecko) Version/4.0 Chrome/69.0.3497.100 Mobile Safari/537.36"
122.226.146.22 - - [30/Jan/2019:14:39:03 +0800] "GET /image/fonticon/quit_icon.png HTTP/1.1" 200 1268 "http://merp.yudo.com.cn:8183/css/yudo-ui.css?v=1082" "Mozilla/5.0 (Linux; Android 9; PAR-AL00 Build/HUAWEIPAR-AL00; wv) AppleWebKit/537.36 (KHTML, like Gecko) Version/4.0 Chrome/69.0.3497.100 Mobile Safari/537.36"
122.226.146.22 - - [30/Jan/2019:14:39:03 +0800] "GET /image/fonticon/userMenu_icon.png HTTP/1.1" 200 412 "http://merp.yudo.com.cn:8183/css/yudo-ui.css?v=1082" "Mozilla/5.0 (Linux; Android 9; PAR-AL00 Build/HUAWEIPAR-AL00; wv) AppleWebKit/537.36 (KHTML, like Gecko) Version/4.0 Chrome/69.0.3497.100 Mobile Safari/537.36"
122.226.146.22 - - [30/Jan/2019:14:39:03 +0800] "GET /image/fonticon/switchPass_icon.png HTTP/1.1" 200 1480 "http://merp.yudo.com.cn:8183/css/yudo-ui.css?v=1082" "Mozilla/5.0 (Linux; Android 9; PAR-AL00 Build/HUAWEIPAR-AL00; wv) AppleWebKit/537.36 (KHTML, like Gecko) Version/4.0 Chrome/69.0.3497.100 Mobile Safari/537.36"
122.226.146.22 - - [30/Jan/2019:14:39:03 +0800] "GET /image/fonticon/home_icon.png HTTP/1.1" 200 1180 "http://merp.yudo.com.cn:8183/css/yudo-ui.css?v=1082" "Mozilla/5.0 (Linux; Android 9; PAR-AL00 Build/HUAWEIPAR-AL00; wv) AppleWebKit/537.36 (KHTML, like Gecko) Version/4.0 Chrome/69.0.3497.100 Mobile Safari/537.36"
122.226.146.22 - - [30/Jan/2019:14:39:03 +0800] "GET /fonts/mui.ttf HTTP/1.1" 200 29884 "http://merp.yudo.com.cn:8183/css/mui.min.css?v=1008" "Mozilla/5.0 (Linux; Android 9; PAR-AL00 Build/HUAWEIPAR-AL00; wv) AppleWebKit/537.36 (KHTML, like Gecko) Version/4.0 Chrome/69.0.3497.100 Mobile Safari/537.36"
122.226.146.22 - - [30/Jan/2019:14:39:03 +0800] "GET /image/fonticon/refresh_icon.png HTTP/1.1" 200 2550 "http://merp.yudo.com.cn:8183/css/yudo-ui.css?v=1082" "Mozilla/5.0 (Linux; Android 9; PAR-AL00 Build/HUAWEIPAR-AL00; wv) AppleWebKit/537.36 (KHTML, like Gecko) Version/4.0 Chrome/69.0.3497.100 Mobile Safari/537.36"
122.226.146.22 - - [30/Jan/2019:14:39:03 +0800] "GET /Menu/doMenuRows_prc?formKey=Menu HTTP/1.1" 200 331 "http://merp.yudo.com.cn:8183/Menu/Menu?formKey=M20190130T143727653" "Mozilla/5.0 (Linux; Android 9; PAR-AL00 Build/HUAWEIPAR-AL00; wv) AppleWebKit/537.36 (KHTML, like Gecko) Version/4.0 Chrome/69.0.3497.100 Mobile Safari/537.36"
122.226.146.22 - - [30/Jan/2019:14:39:03 +0800] "GET /JLAMPCommon/getCookieJson_prc HTTP/1.1" 200 926 "http://merp.yudo.com.cn:8183/Menu/Menu?formKey=M20190130T143727653" "Mozilla/5.0 (Linux; Android 9; PAR-AL00 Build/HUAWEIPAR-AL00; wv) AppleWebKit/537.36 (KHTML, like Gecko) Version/4.0 Chrome/69.0.3497.100 Mobile Safari/537.36"
122.226.146.22 - - [30/Jan/2019:14:39:04 +0800] "GET /Menu/getLoginInfo HTTP/1.1" 200 173 "http://merp.yudo.com.cn:8183/Menu/Menu?formKey=M20190130T143727653" "Mozilla/5.0 (Linux; Android 9; PAR-AL00 Build/HUAWEIPAR-AL00; wv) AppleWebKit/537.36 (KHTML, like Gecko) Version/4.0 Chrome/69.0.3497.100 Mobile Safari/537.36"
122.226.146.22 - - [30/Jan/2019:14:39:04 +0800] "GET /favicon.ico HTTP/1.1" 404 1476 "http://merp.yudo.com.cn:8183/Menu/Menu?formKey=M20190130T143727653" "Mozilla/5.0 (Linux; Android 9; PAR-AL00 Build/HUAWEIPAR-AL00; wv) AppleWebKit/537.36 (KHTML, like Gecko) Version/4.0 Chrome/69.0.3497.100 Mobile Safari/537.36"
::1 - - [30/Jan/2019:14:39:12 +0800] "OPTIONS * HTTP/1.0" 200 - "-" "Apache/2.4.6 (CentOS) PHP/5.6.32 (internal dummy connection)"
112.17.241.47 - - [30/Jan/2019:14:39:15 +0800] "GET /JLAMPCommon/getCookieJson_prc HTTP/1.1" 200 62 "http://merp.yudo.com.cn:8183/?deviceType=mobile&devicePlatform=android" "Mozilla/5.0 (Linux; Android 8.0.0; SM-G9500 Build/R16NW; wv) AppleWebKit/537.36 (KHTML, like Gecko) Version/4.0 Chrome/68.0.3440.91 Mobile Safari/537.36"
112.17.241.47 - - [30/Jan/2019:14:39:16 +0800] "GET /image/favicon.ico HTTP/1.1" 404 1506 "http://merp.yudo.com.cn:8183/?deviceType=mobile&devicePlatform=android" "Mozilla/5.0 (Linux; Android 8.0.0; SM-G9500 Build/R16NW; wv) AppleWebKit/537.36 (KHTML, like Gecko) Version/4.0 Chrome/68.0.3440.91 Mobile Safari/537.36"
122.226.146.22 - - [30/Jan/2019:14:39:26 +0800] "GET /image/fonticon/salesPlan_icon.png HTTP/1.1" 200 5653 "http://merp.yudo.com.cn:8183/css/yudo-ui.css?v=1082" "Mozilla/5.0 (Linux; Android 9; PAR-AL00 Build/HUAWEIPAR-AL00; wv) AppleWebKit/537.36 (KHTML, like Gecko) Version/4.0 Chrome/69.0.3497.100 Mobile Safari/537.36"
122.226.146.22 - - [30/Jan/2019:14:39:26 +0800] "GET /image/fonticon/as_icon.png HTTP/1.1" 200 5008 "http://merp.yudo.com.cn:8183/css/yudo-ui.css?v=1082" "Mozilla/5.0 (Linux; Android 9; PAR-AL00 Build/HUAWEIPAR-AL00; wv) AppleWebKit/537.36 (KHTML, like Gecko) Version/4.0 Chrome/69.0.3497.100 Mobile Safari/537.36"
122.226.146.22 - - [30/Jan/2019:14:39:49 +0800] "GET /WEI_2100/WEI_2100?formKey=Menu&menuSelection=asm HTTP/1.1" 200 87946 "http://merp.yudo.com.cn:8183/Menu/Menu?formKey=M20190130T143727653" "Mozilla/5.0 (Linux; Android 9; PAR-AL00 Build/HUAWEIPAR-AL00; wv) AppleWebKit/537.36 (KHTML, like Gecko) Version/4.0 Chrome/69.0.3497.100 Mobile Safari/537.36"
122.226.146.22 - - [30/Jan/2019:14:39:50 +0800] "GET /css/WEI_2100/WEI_2100_Lists.css?v=201806080934 HTTP/1.1" 200 10369 "http://merp.yudo.com.cn:8183/WEI_2100/WEI_2100?formKey=Menu&menuSelection=asm" "Mozilla/5.0 (Linux; Android 9; PAR-AL00 Build/HUAWEIPAR-AL00; wv) AppleWebKit/537.36 (KHTML, like Gecko) Version/4.0 Chrome/69.0.3497.100 Mobile Safari/537.36"
122.226.146.22 - - [30/Jan/2019:14:39:50 +0800] "GET /js/WEI_2100/css/layui.css HTTP/1.1" 200 62448 "http://merp.yudo.com.cn:8183/WEI_2100/WEI_2100?formKey=Menu&menuSelection=asm" "Mozilla/5.0 (Linux; Android 9; PAR-AL00 Build/HUAWEIPAR-AL00; wv) AppleWebKit/537.36 (KHTML, like Gecko) Version/4.0 Chrome/69.0.3497.100 Mobile Safari/537.36"
122.226.146.22 - - [30/Jan/2019:14:39:50 +0800] "GET /css/WEI_2000/mui.min.css HTTP/1.1" 200 74864 "http://merp.yudo.com.cn:8183/WEI_2100/WEI_2100?formKey=Menu&menuSelection=asm" "Mozilla/5.0 (Linux; Android 9; PAR-AL00 Build/HUAWEIPAR-AL00; wv) AppleWebKit/537.36 (KHTML, like Gecko) Version/4.0 Chrome/69.0.3497.100 Mobile Safari/537.36"
122.226.146.22 - - [30/Jan/2019:14:39:50 +0800] "GET /js/WEI_2100/WEI_2100_Lang.js?v=1001 HTTP/1.1" 200 930 "http://merp.yudo.com.cn:8183/WEI_2100/WEI_2100?formKey=Menu&menuSelection=asm" "Mozilla/5.0 (Linux; Android 9; PAR-AL00 Build/HUAWEIPAR-AL00; wv) AppleWebKit/537.36 (KHTML, like Gecko) Version/4.0 Chrome/69.0.3497.100 Mobile Safari/537.36"
122.226.146.22 - - [30/Jan/2019:14:39:50 +0800] "GET /js/WEI_2100/multiSelect.js?v=1005 HTTP/1.1" 200 4974 "http://merp.yudo.com.cn:8183/WEI_2100/WEI_2100?formKey=Menu&menuSelection=asm" "Mozilla/5.0 (Linux; Android 9; PAR-AL00 Build/HUAWEIPAR-AL00; wv) AppleWebKit/537.36 (KHTML, like Gecko) Version/4.0 Chrome/69.0.3497.100 Mobile Safari/537.36"
122.226.146.22 - - [30/Jan/2019:14:39:50 +0800] "GET /js/WEI_2000/mui.previewimage.js?v=201804261256 HTTP/1.1" 200 13324 "http://merp.yudo.com.cn:8183/WEI_2100/WEI_2100?formKey=Menu&menuSelection=asm" "Mozilla/5.0 (Linux; Android 9; PAR-AL00 Build/HUAWEIPAR-AL00; wv) AppleWebKit/537.36 (KHTML, like Gecko) Version/4.0 Chrome/69.0.3497.100 Mobile Safari/537.36"
122.226.146.22 - - [30/Jan/2019:14:39:50 +0800] "GET /js/WEI_2000/mui.min.js?v=1001 HTTP/1.1" 200 115810 "http://merp.yudo.com.cn:8183/WEI_2100/WEI_2100?formKey=Menu&menuSelection=asm" "Mozilla/5.0 (Linux; Android 9; PAR-AL00 Build/HUAWEIPAR-AL00; wv) AppleWebKit/537.36 (KHTML, like Gecko) Version/4.0 Chrome/69.0.3497.100 Mobile Safari/537.36"
122.226.146.22 - - [30/Jan/2019:14:39:50 +0800] "GET /js/WEI_2000/mui.zoom.js?v=201804231454 HTTP/1.1" 200 11703 "http://merp.yudo.com.cn:8183/WEI_2100/WEI_2100?formKey=Menu&menuSelection=asm" "Mozilla/5.0 (Linux; Android 9; PAR-AL00 Build/HUAWEIPAR-AL00; wv) AppleWebKit/537.36 (KHTML, like Gecko) Version/4.0 Chrome/69.0.3497.100 Mobile Safari/537.36"
122.226.146.22 - - [30/Jan/2019:14:39:50 +0800] "GET /image/qrcode.png HTTP/1.1" 200 5736 "http://merp.yudo.com.cn:8183/WEI_2100/WEI_2100?formKey=Menu&menuSelection=asm" "Mozilla/5.0 (Linux; Android 9; PAR-AL00 Build/HUAWEIPAR-AL00; wv) AppleWebKit/537.36 (KHTML, like Gecko) Version/4.0 Chrome/69.0.3497.100 Mobile Safari/537.36"
122.226.146.22 - - [30/Jan/2019:14:39:50 +0800] "GET /js/WEI_2100/vue/vue.js HTTP/1.1" 200 289303 "http://merp.yudo.com.cn:8183/WEI_2100/WEI_2100?formKey=Menu&menuSelection=asm" "Mozilla/5.0 (Linux; Android 9; PAR-AL00 Build/HUAWEIPAR-AL00; wv) AppleWebKit/537.36 (KHTML, like Gecko) Version/4.0 Chrome/69.0.3497.100 Mobile Safari/537.36"
122.226.146.22 - - [30/Jan/2019:14:39:50 +0800] "GET /js/WEI_2100/layui.all.js HTTP/1.1" 200 228080 "http://merp.yudo.com.cn:8183/WEI_2100/WEI_2100?formKey=Menu&menuSelection=asm" "Mozilla/5.0 (Linux; Android 9; PAR-AL00 Build/HUAWEIPAR-AL00; wv) AppleWebKit/537.36 (KHTML, like Gecko) Version/4.0 Chrome/69.0.3497.100 Mobile Safari/537.36"
122.226.146.22 - - [30/Jan/2019:14:39:50 +0800] "GET /js/WEI_2100/WEI_2100_Lists.js?v=3200 HTTP/1.1" 200 139256 "http://merp.yudo.com.cn:8183/WEI_2100/WEI_2100?formKey=Menu&menuSelection=asm" "Mozilla/5.0 (Linux; Android 9; PAR-AL00 Build/HUAWEIPAR-AL00; wv) AppleWebKit/537.36 (KHTML, like Gecko) Version/4.0 Chrome/69.0.3497.100 Mobile Safari/537.36"
122.226.146.22 - - [30/Jan/2019:14:39:50 +0800] "GET /css/fonts/mui.ttf HTTP/1.1" 200 29884 "http://merp.yudo.com.cn:8183/css/WEI_2000/mui.min.css" "Mozilla/5.0 (Linux; Android 9; PAR-AL00 Build/HUAWEIPAR-AL00; wv) AppleWebKit/537.36 (KHTML, like Gecko) Version/4.0 Chrome/69.0.3497.100 Mobile Safari/537.36"
122.226.146.22 - - [30/Jan/2019:14:39:50 +0800] "GET /js/WEI_2100/font/iconfont.woff?v=230-rc1 HTTP/1.1" 200 25996 "http://merp.yudo.com.cn:8183/js/WEI_2100/css/layui.css" "Mozilla/5.0 (Linux; Android 9; PAR-AL00 Build/HUAWEIPAR-AL00; wv) AppleWebKit/537.36 (KHTML, like Gecko) Version/4.0 Chrome/69.0.3497.100 Mobile Safari/537.36"
122.226.146.22 - - [30/Jan/2019:14:39:50 +0800] "GET /js/WEI_2100/css/modules/laydate/default/laydate.css?v=5.0.9 HTTP/1.1" 200 7541 "http://merp.yudo.com.cn:8183/WEI_2100/WEI_2100?formKey=Menu&menuSelection=asm" "Mozilla/5.0 (Linux; Android 9; PAR-AL00 Build/HUAWEIPAR-AL00; wv) AppleWebKit/537.36 (KHTML, like Gecko) Version/4.0 Chrome/69.0.3497.100 Mobile Safari/537.36"
122.226.146.22 - - [30/Jan/2019:14:39:50 +0800] "GET /js/WEI_2100/css/modules/layer/default/layer.css?v=3.1.1 HTTP/1.1" 200 14429 "http://merp.yudo.com.cn:8183/WEI_2100/WEI_2100?formKey=Menu&menuSelection=asm" "Mozilla/5.0 (Linux; Android 9; PAR-AL00 Build/HUAWEIPAR-AL00; wv) AppleWebKit/537.36 (KHTML, like Gecko) Version/4.0 Chrome/69.0.3497.100 Mobile Safari/537.36"
122.226.146.22 - - [30/Jan/2019:14:39:50 +0800] "GET /js/WEI_2100/css/modules/code.css HTTP/1.1" 200 1067 "http://merp.yudo.com.cn:8183/WEI_2100/WEI_2100?formKey=Menu&menuSelection=asm" "Mozilla/5.0 (Linux; Android 9; PAR-AL00 Build/HUAWEIPAR-AL00; wv) AppleWebKit/537.36 (KHTML, like Gecko) Version/4.0 Chrome/69.0.3497.100 Mobile Safari/537.36"
122.226.146.22 - - [30/Jan/2019:14:39:51 +0800] "POST /JLAMPCommon/langBatchRows_prc HTTP/1.1" 200 12699 "http://merp.yudo.com.cn:8183/WEI_2100/WEI_2100?formKey=Menu&menuSelection=asm" "Mozilla/5.0 (Linux; Android 9; PAR-AL00 Build/HUAWEIPAR-AL00; wv) AppleWebKit/537.36 (KHTML, like Gecko) Version/4.0 Chrome/69.0.3497.100 Mobile Safari/537.36"
122.226.146.22 - - [30/Jan/2019:14:39:51 +0800] "POST /JLAMPCommon/langBatchRows_prc HTTP/1.1" 200 13667 "http://merp.yudo.com.cn:8183/WEI_2100/WEI_2100?formKey=Menu&menuSelection=asm" "Mozilla/5.0 (Linux; Android 9; PAR-AL00 Build/HUAWEIPAR-AL00; wv) AppleWebKit/537.36 (KHTML, like Gecko) Version/4.0 Chrome/69.0.3497.100 Mobile Safari/537.36"
122.226.146.22 - - [30/Jan/2019:14:39:51 +0800] "GET /JLAMPCommon/getCookieJson_prc HTTP/1.1" 200 926 "http://merp.yudo.com.cn:8183/WEI_2100/WEI_2100?formKey=Menu&menuSelection=asm" "Mozilla/5.0 (Linux; Android 9; PAR-AL00 Build/HUAWEIPAR-AL00; wv) AppleWebKit/537.36 (KHTML, like Gecko) Version/4.0 Chrome/69.0.3497.100 Mobile Safari/537.36"
::1 - - [30/Jan/2019:14:39:59 +0800] "OPTIONS * HTTP/1.0" 200 - "-" "Apache/2.4.6 (CentOS) PHP/5.6.32 (internal dummy connection)"
122.226.146.22 - - [30/Jan/2019:14:40:08 +0800] "GET /Menu/Menu/menuLists?formKey=Menu&menuSelection=asm HTTP/1.1" 200 11925 "http://merp.yudo.com.cn:8183/WEI_2100/WEI_2100?formKey=Menu&menuSelection=asm" "Mozilla/5.0 (Linux; Android 9; PAR-AL00 Build/HUAWEIPAR-AL00; wv) AppleWebKit/537.36 (KHTML, like Gecko) Version/4.0 Chrome/69.0.3497.100 Mobile Safari/537.36"
122.226.146.22 - - [30/Jan/2019:14:40:09 +0800] "GET /Menu/doMenuRows_prc?formKey=Menu HTTP/1.1" 200 331 "http://merp.yudo.com.cn:8183/Menu/Menu/menuLists?formKey=Menu&menuSelection=asm" "Mozilla/5.0 (Linux; Android 9; PAR-AL00 Build/HUAWEIPAR-AL00; wv) AppleWebKit/537.36 (KHTML, like Gecko) Version/4.0 Chrome/69.0.3497.100 Mobile Safari/537.36"
122.226.146.22 - - [30/Jan/2019:14:40:09 +0800] "GET /JLAMPCommon/getCookieJson_prc HTTP/1.1" 200 926 "http://merp.yudo.com.cn:8183/Menu/Menu/menuLists?formKey=Menu&menuSelection=asm" "Mozilla/5.0 (Linux; Android 9; PAR-AL00 Build/HUAWEIPAR-AL00; wv) AppleWebKit/537.36 (KHTML, like Gecko) Version/4.0 Chrome/69.0.3497.100 Mobile Safari/537.36"
112.17.241.47 - - [30/Jan/2019:14:40:09 +0800] "POST /main/deviceSave_prc HTTP/1.1" 200 297 "http://merp.yudo.com.cn:8183/?deviceType=mobile&devicePlatform=android" "Mozilla/5.0 (Linux; Android 8.0.0; SM-G9500 Build/R16NW; wv) AppleWebKit/537.36 (KHTML, like Gecko) Version/4.0 Chrome/68.0.3440.91 Mobile Safari/537.36"
122.226.146.22 - - [30/Jan/2019:14:40:09 +0800] "GET /Menu/getLoginInfo HTTP/1.1" 200 173 "http://merp.yudo.com.cn:8183/Menu/Menu/menuLists?formKey=Menu&menuSelection=asm" "Mozilla/5.0 (Linux; Android 9; PAR-AL00 Build/HUAWEIPAR-AL00; wv) AppleWebKit/537.36 (KHTML, like Gecko) Version/4.0 Chrome/69.0.3497.100 Mobile Safari/537.36"
112.17.241.47 - - [30/Jan/2019:14:40:14 +0800] "POST /main/login_prc HTTP/1.1" 200 74 "http://merp.yudo.com.cn:8183/?deviceType=mobile&devicePlatform=android" "Mozilla/5.0 (Linux; Android 8.0.0; SM-G9500 Build/R16NW; wv) AppleWebKit/537.36 (KHTML, like Gecko) Version/4.0 Chrome/68.0.3440.91 Mobile Safari/537.36"
112.17.241.47 - - [30/Jan/2019:14:40:25 +0800] "POST /main/deviceSave_prc HTTP/1.1" 200 297 "http://merp.yudo.com.cn:8183/?deviceType=mobile&devicePlatform=android" "Mozilla/5.0 (Linux; Android 8.0.0; SM-G9500 Build/R16NW; wv) AppleWebKit/537.36 (KHTML, like Gecko) Version/4.0 Chrome/68.0.3440.91 Mobile Safari/537.36"
112.17.241.47 - - [30/Jan/2019:14:40:32 +0800] "POST /main/login_prc HTTP/1.1" 200 74 "http://merp.yudo.com.cn:8183/?deviceType=mobile&devicePlatform=android" "Mozilla/5.0 (Linux; Android 8.0.0; SM-G9500 Build/R16NW; wv) AppleWebKit/537.36 (KHTML, like Gecko) Version/4.0 Chrome/68.0.3440.91 Mobile Safari/537.36"
112.17.241.47 - - [30/Jan/2019:14:41:02 +0800] "POST /main/deviceSave_prc HTTP/1.1" 200 297 "http://merp.yudo.com.cn:8183/?deviceType=mobile&devicePlatform=android" "Mozilla/5.0 (Linux; Android 8.0.0; SM-G9500 Build/R16NW; wv) AppleWebKit/537.36 (KHTML, like Gecko) Version/4.0 Chrome/68.0.3440.91 Mobile Safari/537.36"
112.17.241.47 - - [30/Jan/2019:14:41:13 +0800] "POST /main/login_prc HTTP/1.1" 200 74 "http://merp.yudo.com.cn:8183/?deviceType=mobile&devicePlatform=android" "Mozilla/5.0 (Linux; Android 8.0.0; SM-G9500 Build/R16NW; wv) AppleWebKit/537.36 (KHTML, like Gecko) Version/4.0 Chrome/68.0.3440.91 Mobile Safari/537.36"
112.17.241.47 - - [30/Jan/2019:14:41:38 +0800] "POST /main/login_prc HTTP/1.1" 200 74 "http://merp.yudo.com.cn:8183/?deviceType=mobile&devicePlatform=android" "Mozilla/5.0 (Linux; Android 8.0.0; SM-G9500 Build/R16NW; wv) AppleWebKit/537.36 (KHTML, like Gecko) Version/4.0 Chrome/68.0.3440.91 Mobile Safari/537.36"
112.17.241.47 - - [30/Jan/2019:14:42:06 +0800] "POST /main/deviceSave_prc HTTP/1.1" 200 297 "http://merp.yudo.com.cn:8183/?deviceType=mobile&devicePlatform=android" "Mozilla/5.0 (Linux; Android 8.0.0; SM-G9500 Build/R16NW; wv) AppleWebKit/537.36 (KHTML, like Gecko) Version/4.0 Chrome/68.0.3440.91 Mobile Safari/537.36"
112.17.241.47 - - [30/Jan/2019:14:42:09 +0800] "POST /main/login_prc HTTP/1.1" 200 74 "http://merp.yudo.com.cn:8183/?deviceType=mobile&devicePlatform=android" "Mozilla/5.0 (Linux; Android 8.0.0; SM-G9500 Build/R16NW; wv) AppleWebKit/537.36 (KHTML, like Gecko) Version/4.0 Chrome/68.0.3440.91 Mobile Safari/537.36"
211.138.116.85 - - [30/Jan/2019:14:43:00 +0800] "GET /Menu/getLoginInfo HTTP/1.1" 200 173 "http://merp.yudo.com.cn:8183/Menu/Menu/menuLists?formKey=Menu&menuSelection=asm" "Mozilla/5.0 (Linux; Android 9; PAR-AL00 Build/HUAWEIPAR-AL00; wv) AppleWebKit/537.36 (KHTML, like Gecko) Version/4.0 Chrome/69.0.3497.100 Mobile Safari/537.36"
211.138.116.85 - - [30/Jan/2019:14:43:12 +0800] "GET /Menu/getLoginInfo HTTP/1.1" 200 173 "http://merp.yudo.com.cn:8183/Menu/Menu/menuLists?formKey=Menu&menuSelection=asm" "Mozilla/5.0 (Linux; Android 9; PAR-AL00 Build/HUAWEIPAR-AL00; wv) AppleWebKit/537.36 (KHTML, like Gecko) Version/4.0 Chrome/69.0.3497.100 Mobile Safari/537.36"
211.138.116.85 - - [30/Jan/2019:14:43:14 +0800] "GET /Menu/getLoginInfo HTTP/1.1" 200 173 "http://merp.yudo.com.cn:8183/Menu/Menu/menuLists?formKey=Menu&menuSelection=asm" "Mozilla/5.0 (Linux; Android 9; PAR-AL00 Build/HUAWEIPAR-AL00; wv) AppleWebKit/537.36 (KHTML, like Gecko) Version/4.0 Chrome/69.0.3497.100 Mobile Safari/537.36"
211.138.116.85 - - [30/Jan/2019:14:43:16 +0800] "GET /Menu/getLoginInfo HTTP/1.1" 200 173 "http://merp.yudo.com.cn:8183/Menu/Menu/menuLists?formKey=Menu&menuSelection=asm" "Mozilla/5.0 (Linux; Android 9; PAR-AL00 Build/HUAWEIPAR-AL00; wv) AppleWebKit/537.36 (KHTML, like Gecko) Version/4.0 Chrome/69.0.3497.100 Mobile Safari/537.36"
211.138.116.85 - - [30/Jan/2019:14:43:17 +0800] "GET /Menu/getLoginInfo HTTP/1.1" 200 173 "http://merp.yudo.com.cn:8183/Menu/Menu/menuLists?formKey=Menu&menuSelection=asm" "Mozilla/5.0 (Linux; Android 9; PAR-AL00 Build/HUAWEIPAR-AL00; wv) AppleWebKit/537.36 (KHTML, like Gecko) Version/4.0 Chrome/69.0.3497.100 Mobile Safari/537.36"
112.17.235.214 - - [30/Jan/2019:14:46:55 +0800] "GET /JLAMPCommon/getCookieJson_prc HTTP/1.1" 200 62 "http://merp.yudo.com.cn:8183/?deviceType=mobile&devicePlatform=android" "Mozilla/5.0 (Linux; Android 8.0.0; SM-G9500 Build/R16NW; wv) AppleWebKit/537.36 (KHTML, like Gecko) Version/4.0 Chrome/68.0.3440.91 Mobile Safari/537.36"
112.17.235.214 - - [30/Jan/2019:14:46:55 +0800] "GET /image/favicon.ico HTTP/1.1" 404 1506 "http://merp.yudo.com.cn:8183/?deviceType=mobile&devicePlatform=android" "Mozilla/5.0 (Linux; Android 8.0.0; SM-G9500 Build/R16NW; wv) AppleWebKit/537.36 (KHTML, like Gecko) Version/4.0 Chrome/68.0.3440.91 Mobile Safari/537.36"
112.17.235.214 - - [30/Jan/2019:14:47:10 +0800] "POST /main/login_prc HTTP/1.1" 200 44 "http://merp.yudo.com.cn:8183/?deviceType=mobile&devicePlatform=android" "Mozilla/5.0 (Linux; Android 8.0.0; SM-G9500 Build/R16NW; wv) AppleWebKit/537.36 (KHTML, like Gecko) Version/4.0 Chrome/68.0.3440.91 Mobile Safari/537.36"
112.17.235.214 - - [30/Jan/2019:14:47:11 +0800] "POST /main/checkMenuAuth_prc HTTP/1.1" 200 44 "http://merp.yudo.com.cn:8183/?deviceType=mobile&devicePlatform=android" "Mozilla/5.0 (Linux; Android 8.0.0; SM-G9500 Build/R16NW; wv) AppleWebKit/537.36 (KHTML, like Gecko) Version/4.0 Chrome/68.0.3440.91 Mobile Safari/537.36"
112.17.235.214 - - [30/Jan/2019:14:47:11 +0800] "POST / HTTP/1.1" 302 149 "http://merp.yudo.com.cn:8183/?deviceType=mobile&devicePlatform=android" "Mozilla/5.0 (Linux; Android 8.0.0; SM-G9500 Build/R16NW; wv) AppleWebKit/537.36 (KHTML, like Gecko) Version/4.0 Chrome/68.0.3440.91 Mobile Safari/537.36"
112.17.235.214 - - [30/Jan/2019:14:47:11 +0800] "POST / HTTP/1.1" 302 149 "http://merp.yudo.com.cn:8183/?deviceType=mobile&devicePlatform=android" "Mozilla/5.0 (Linux; Android 8.0.0; SM-G9500 Build/R16NW; wv) AppleWebKit/537.36 (KHTML, like Gecko) Version/4.0 Chrome/68.0.3440.91 Mobile Safari/537.36"
112.17.235.214 - - [30/Jan/2019:14:47:11 +0800] "GET /Menu/Menu?formKey=M20190130T144536503 HTTP/1.1" 200 11925 "http://merp.yudo.com.cn:8183/?deviceType=mobile&devicePlatform=android" "Mozilla/5.0 (Linux; Android 8.0.0; SM-G9500 Build/R16NW; wv) AppleWebKit/537.36 (KHTML, like Gecko) Version/4.0 Chrome/68.0.3440.91 Mobile Safari/537.36"
112.17.235.214 - - [30/Jan/2019:14:47:12 +0800] "GET /css/yudo-ui.css?v=1082 HTTP/1.1" 200 23327 "http://merp.yudo.com.cn:8183/Menu/Menu?formKey=M20190130T144536503" "Mozilla/5.0 (Linux; Android 8.0.0; SM-G9500 Build/R16NW; wv) AppleWebKit/537.36 (KHTML, like Gecko) Version/4.0 Chrome/68.0.3440.91 Mobile Safari/537.36"
112.17.235.214 - - [30/Jan/2019:14:47:12 +0800] "GET /css/mui.picker.min.css HTTP/1.1" 200 4843 "http://merp.yudo.com.cn:8183/Menu/Menu?formKey=M20190130T144536503" "Mozilla/5.0 (Linux; Android 8.0.0; SM-G9500 Build/R16NW; wv) AppleWebKit/537.36 (KHTML, like Gecko) Version/4.0 Chrome/68.0.3440.91 Mobile Safari/537.36"
112.17.235.214 - - [30/Jan/2019:14:47:12 +0800] "GET /js/multiHttp.js?v=1002 HTTP/1.1" 200 7163 "http://merp.yudo.com.cn:8183/Menu/Menu?formKey=M20190130T144536503" "Mozilla/5.0 (Linux; Android 8.0.0; SM-G9500 Build/R16NW; wv) AppleWebKit/537.36 (KHTML, like Gecko) Version/4.0 Chrome/68.0.3440.91 Mobile Safari/537.36"
112.17.235.214 - - [30/Jan/2019:14:47:12 +0800] "GET /css/mui.min.css?v=1008 HTTP/1.1" 200 76587 "http://merp.yudo.com.cn:8183/Menu/Menu?formKey=M20190130T144536503" "Mozilla/5.0 (Linux; Android 8.0.0; SM-G9500 Build/R16NW; wv) AppleWebKit/537.36 (KHTML, like Gecko) Version/4.0 Chrome/68.0.3440.91 Mobile Safari/537.36"
112.17.235.214 - - [30/Jan/2019:14:47:12 +0800] "GET /css/animate.min.css HTTP/1.1" 200 52799 "http://merp.yudo.com.cn:8183/Menu/Menu?formKey=M20190130T144536503" "Mozilla/5.0 (Linux; Android 8.0.0; SM-G9500 Build/R16NW; wv) AppleWebKit/537.36 (KHTML, like Gecko) Version/4.0 Chrome/68.0.3440.91 Mobile Safari/537.36"
112.17.235.214 - - [30/Jan/2019:14:47:12 +0800] "GET /js/mui.min.js?v=1001 HTTP/1.1" 200 115810 "http://merp.yudo.com.cn:8183/Menu/Menu?formKey=M20190130T144536503" "Mozilla/5.0 (Linux; Android 8.0.0; SM-G9500 Build/R16NW; wv) AppleWebKit/537.36 (KHTML, like Gecko) Version/4.0 Chrome/68.0.3440.91 Mobile Safari/537.36"
