223.104.250.215 - - [05/Jan/2019:19:46:16 +0800] "GET /image/SM.png HTTP/1.1" 200 3070 "http://merp.yudo.com.cn:8183/Menu/Menu?formKey=M20190105T194445580" "Mozilla/5.0 (Linux; Android 8.0.0; HUAWEI NXT-AL10 Build/HUAWEINXT-AL10; wv) AppleWebKit/537.36 (KHTML, like Gecko) Version/4.0 Chrome/68.0.3440.91 Mobile Safari/537.36"
223.104.250.190 - - [05/Jan/2019:19:46:16 +0800] "GET /third_party/loading-overlay/waitMe.css HTTP/1.1" 200 14541 "http://merp.yudo.com.cn:8183/?deviceType=mobile&devicePlatform=android" "Mozilla/5.0 (Linux; Android 8.0.0; PIC-AL00 Build/HUAWEIPIC-AL00; wv) AppleWebKit/537.36 (KHTML, like Gecko) Version/4.0 Chrome/68.0.3440.91 Mobile Safari/537.36"
223.104.250.190 - - [05/Jan/2019:19:46:16 +0800] "GET /third_party/bootstrap-3.3.5/css/bootstrap-theme.css HTTP/1.1" 200 26132 "http://merp.yudo.com.cn:8183/?deviceType=mobile&devicePlatform=android" "Mozilla/5.0 (Linux; Android 8.0.0; PIC-AL00 Build/HUAWEIPIC-AL00; wv) AppleWebKit/537.36 (KHTML, like Gecko) Version/4.0 Chrome/68.0.3440.91 Mobile Safari/537.36"
223.104.250.190 - - [05/Jan/2019:19:46:16 +0800] "GET /third_party/bootstrap-datetimepicker/css/bootstrap-datetimepicker.css HTTP/1.1" 200 12289 "http://merp.yudo.com.cn:8183/?deviceType=mobile&devicePlatform=android" "Mozilla/5.0 (Linux; Android 8.0.0; PIC-AL00 Build/HUAWEIPIC-AL00; wv) AppleWebKit/537.36 (KHTML, like Gecko) Version/4.0 Chrome/68.0.3440.91 Mobile Safari/537.36"
223.104.250.190 - - [05/Jan/2019:19:46:16 +0800] "GET /css/bootstrap_modify.css HTTP/1.1" 200 265 "http://merp.yudo.com.cn:8183/?deviceType=mobile&devicePlatform=android" "Mozilla/5.0 (Linux; Android 8.0.0; PIC-AL00 Build/HUAWEIPIC-AL00; wv) AppleWebKit/537.36 (KHTML, like Gecko) Version/4.0 Chrome/68.0.3440.91 Mobile Safari/537.36"
223.104.250.215 - - [05/Jan/2019:19:46:16 +0800] "POST /JLAMPCommon/langBatchRows_prc HTTP/1.1" 200 595 "http://merp.yudo.com.cn:8183/Menu/Menu?formKey=M20190105T194445580" "Mozilla/5.0 (Linux; Android 8.0.0; HUAWEI NXT-AL10 Build/HUAWEINXT-AL10; wv) AppleWebKit/537.36 (KHTML, like Gecko) Version/4.0 Chrome/68.0.3440.91 Mobile Safari/537.36"
223.104.250.190 - - [05/Jan/2019:19:46:16 +0800] "GET /third_party/bootstrap-3.3.5/css/bootstrap.css HTTP/1.1" 200 147430 "http://merp.yudo.com.cn:8183/?deviceType=mobile&devicePlatform=android" "Mozilla/5.0 (Linux; Android 8.0.0; PIC-AL00 Build/HUAWEIPIC-AL00; wv) AppleWebKit/537.36 (KHTML, like Gecko) Version/4.0 Chrome/68.0.3440.91 Mobile Safari/537.36"
223.104.250.190 - - [05/Jan/2019:19:46:16 +0800] "GET /css/slide_menu.css HTTP/1.1" 200 2705 "http://merp.yudo.com.cn:8183/?deviceType=mobile&devicePlatform=android" "Mozilla/5.0 (Linux; Android 8.0.0; PIC-AL00 Build/HUAWEIPIC-AL00; wv) AppleWebKit/537.36 (KHTML, like Gecko) Version/4.0 Chrome/68.0.3440.91 Mobile Safari/537.36"
223.104.250.190 - - [05/Jan/2019:19:46:16 +0800] "GET /css/JLAMP.common.min.css HTTP/1.1" 200 - "http://merp.yudo.com.cn:8183/?deviceType=mobile&devicePlatform=android" "Mozilla/5.0 (Linux; Android 8.0.0; PIC-AL00 Build/HUAWEIPIC-AL00; wv) AppleWebKit/537.36 (KHTML, like Gecko) Version/4.0 Chrome/68.0.3440.91 Mobile Safari/537.36"
223.104.250.190 - - [05/Jan/2019:19:46:16 +0800] "GET /css/JLAMP.modal.min.css HTTP/1.1" 200 920 "http://merp.yudo.com.cn:8183/?deviceType=mobile&devicePlatform=android" "Mozilla/5.0 (Linux; Android 8.0.0; PIC-AL00 Build/HUAWEIPIC-AL00; wv) AppleWebKit/537.36 (KHTML, like Gecko) Version/4.0 Chrome/68.0.3440.91 Mobile Safari/537.36"
223.104.250.190 - - [05/Jan/2019:19:46:16 +0800] "GET /css/JLAMP.autobinding.min.css HTTP/1.1" 200 852 "http://merp.yudo.com.cn:8183/?deviceType=mobile&devicePlatform=android" "Mozilla/5.0 (Linux; Android 8.0.0; PIC-AL00 Build/HUAWEIPIC-AL00; wv) AppleWebKit/537.36 (KHTML, like Gecko) Version/4.0 Chrome/68.0.3440.91 Mobile Safari/537.36"
223.104.250.190 - - [05/Jan/2019:19:46:16 +0800] "GET /css/login.css HTTP/1.1" 200 2712 "http://merp.yudo.com.cn:8183/?deviceType=mobile&devicePlatform=android" "Mozilla/5.0 (Linux; Android 8.0.0; PIC-AL00 Build/HUAWEIPIC-AL00; wv) AppleWebKit/537.36 (KHTML, like Gecko) Version/4.0 Chrome/68.0.3440.91 Mobile Safari/537.36"
223.104.250.190 - - [05/Jan/2019:19:46:16 +0800] "GET /css/common.css?v=5007 HTTP/1.1" 200 14033 "http://merp.yudo.com.cn:8183/?deviceType=mobile&devicePlatform=android" "Mozilla/5.0 (Linux; Android 8.0.0; PIC-AL00 Build/HUAWEIPIC-AL00; wv) AppleWebKit/537.36 (KHTML, like Gecko) Version/4.0 Chrome/68.0.3440.91 Mobile Safari/537.36"
223.104.250.190 - - [05/Jan/2019:19:46:16 +0800] "GET /third_party/bootstrap-3.3.5/js/bootstrap.min.js HTTP/1.1" 200 36816 "http://merp.yudo.com.cn:8183/?deviceType=mobile&devicePlatform=android" "Mozilla/5.0 (Linux; Android 8.0.0; PIC-AL00 Build/HUAWEIPIC-AL00; wv) AppleWebKit/537.36 (KHTML, like Gecko) Version/4.0 Chrome/68.0.3440.91 Mobile Safari/537.36"
223.104.250.215 - - [05/Jan/2019:19:46:16 +0800] "GET /JLAMPCommon/getCookieJson_prc HTTP/1.1" 200 898 "http://merp.yudo.com.cn:8183/Menu/Menu?formKey=M20190105T194445580" "Mozilla/5.0 (Linux; Android 8.0.0; HUAWEI NXT-AL10 Build/HUAWEINXT-AL10; wv) AppleWebKit/537.36 (KHTML, like Gecko) Version/4.0 Chrome/68.0.3440.91 Mobile Safari/537.36"
223.104.250.190 - - [05/Jan/2019:19:46:16 +0800] "GET /third_party/loading-overlay/waitMe.js HTTP/1.1" 200 8583 "http://merp.yudo.com.cn:8183/?deviceType=mobile&devicePlatform=android" "Mozilla/5.0 (Linux; Android 8.0.0; PIC-AL00 Build/HUAWEIPIC-AL00; wv) AppleWebKit/537.36 (KHTML, like Gecko) Version/4.0 Chrome/68.0.3440.91 Mobile Safari/537.36"
223.104.250.190 - - [05/Jan/2019:19:46:16 +0800] "GET /third_party/bootstrap-datetimepicker/js/bootstrap-datetimepicker.js HTTP/1.1" 200 67526 "http://merp.yudo.com.cn:8183/?deviceType=mobile&devicePlatform=android" "Mozilla/5.0 (Linux; Android 8.0.0; PIC-AL00 Build/HUAWEIPIC-AL00; wv) AppleWebKit/537.36 (KHTML, like Gecko) Version/4.0 Chrome/68.0.3440.91 Mobile Safari/537.36"
223.104.250.190 - - [05/Jan/2019:19:46:16 +0800] "GET /third_party/slideout-1.0.1/slideout.js HTTP/1.1" 200 37980 "http://merp.yudo.com.cn:8183/?deviceType=mobile&devicePlatform=android" "Mozilla/5.0 (Linux; Android 8.0.0; PIC-AL00 Build/HUAWEIPIC-AL00; wv) AppleWebKit/537.36 (KHTML, like Gecko) Version/4.0 Chrome/68.0.3440.91 Mobile Safari/537.36"
223.104.250.190 - - [05/Jan/2019:19:46:16 +0800] "GET /js/fastclick.js HTTP/1.1" 200 25966 "http://merp.yudo.com.cn:8183/?deviceType=mobile&devicePlatform=android" "Mozilla/5.0 (Linux; Android 8.0.0; PIC-AL00 Build/HUAWEIPIC-AL00; wv) AppleWebKit/537.36 (KHTML, like Gecko) Version/4.0 Chrome/68.0.3440.91 Mobile Safari/537.36"
223.104.250.190 - - [05/Jan/2019:19:46:16 +0800] "GET /js/JLAMP.polyfill.min.js HTTP/1.1" 200 361 "http://merp.yudo.com.cn:8183/?deviceType=mobile&devicePlatform=android" "Mozilla/5.0 (Linux; Android 8.0.0; PIC-AL00 Build/HUAWEIPIC-AL00; wv) AppleWebKit/537.36 (KHTML, like Gecko) Version/4.0 Chrome/68.0.3440.91 Mobile Safari/537.36"
223.104.250.190 - - [05/Jan/2019:19:46:17 +0800] "GET /third_party/slideout-1.0.1/index.css HTTP/1.1" 200 491 "http://merp.yudo.com.cn:8183/?deviceType=mobile&devicePlatform=android" "Mozilla/5.0 (Linux; Android 8.0.0; PIC-AL00 Build/HUAWEIPIC-AL00; wv) AppleWebKit/537.36 (KHTML, like Gecko) Version/4.0 Chrome/68.0.3440.91 Mobile Safari/537.36"
223.104.250.190 - - [05/Jan/2019:19:46:17 +0800] "GET /js/JLAMP.min.js HTTP/1.1" 200 1461 "http://merp.yudo.com.cn:8183/?deviceType=mobile&devicePlatform=android" "Mozilla/5.0 (Linux; Android 8.0.0; PIC-AL00 Build/HUAWEIPIC-AL00; wv) AppleWebKit/537.36 (KHTML, like Gecko) Version/4.0 Chrome/68.0.3440.91 Mobile Safari/537.36"
223.104.250.190 - - [05/Jan/2019:19:46:17 +0800] "GET /js/JLAMP.common.min.js HTTP/1.1" 200 9705 "http://merp.yudo.com.cn:8183/?deviceType=mobile&devicePlatform=android" "Mozilla/5.0 (Linux; Android 8.0.0; PIC-AL00 Build/HUAWEIPIC-AL00; wv) AppleWebKit/537.36 (KHTML, like Gecko) Version/4.0 Chrome/68.0.3440.91 Mobile Safari/537.36"
223.104.250.190 - - [05/Jan/2019:19:46:17 +0800] "GET /js/JLAMP.menu.min.js HTTP/1.1" 200 6519 "http://merp.yudo.com.cn:8183/?deviceType=mobile&devicePlatform=android" "Mozilla/5.0 (Linux; Android 8.0.0; PIC-AL00 Build/HUAWEIPIC-AL00; wv) AppleWebKit/537.36 (KHTML, like Gecko) Version/4.0 Chrome/68.0.3440.91 Mobile Safari/537.36"
223.104.250.190 - - [05/Jan/2019:19:46:17 +0800] "GET /js/JLAMP.modal.min.js HTTP/1.1" 200 16516 "http://merp.yudo.com.cn:8183/?deviceType=mobile&devicePlatform=android" "Mozilla/5.0 (Linux; Android 8.0.0; PIC-AL00 Build/HUAWEIPIC-AL00; wv) AppleWebKit/537.36 (KHTML, like Gecko) Version/4.0 Chrome/68.0.3440.91 Mobile Safari/537.36"
223.104.250.190 - - [05/Jan/2019:19:46:16 +0800] "GET /third_party/jquery-2.1.4/jquery.js HTTP/1.1" 200 247606 "http://merp.yudo.com.cn:8183/?deviceType=mobile&devicePlatform=android" "Mozilla/5.0 (Linux; Android 8.0.0; PIC-AL00 Build/HUAWEIPIC-AL00; wv) AppleWebKit/537.36 (KHTML, like Gecko) Version/4.0 Chrome/68.0.3440.91 Mobile Safari/537.36"
223.104.250.190 - - [05/Jan/2019:19:46:17 +0800] "GET /js/JLAMP.lang.min.js HTTP/1.1" 200 1750 "http://merp.yudo.com.cn:8183/?deviceType=mobile&devicePlatform=android" "Mozilla/5.0 (Linux; Android 8.0.0; PIC-AL00 Build/HUAWEIPIC-AL00; wv) AppleWebKit/537.36 (KHTML, like Gecko) Version/4.0 Chrome/68.0.3440.91 Mobile Safari/537.36"
223.104.250.190 - - [05/Jan/2019:19:46:17 +0800] "GET /js/session.js HTTP/1.1" 200 638 "http://merp.yudo.com.cn:8183/?deviceType=mobile&devicePlatform=android" "Mozilla/5.0 (Linux; Android 8.0.0; PIC-AL00 Build/HUAWEIPIC-AL00; wv) AppleWebKit/537.36 (KHTML, like Gecko) Version/4.0 Chrome/68.0.3440.91 Mobile Safari/537.36"
223.104.250.190 - - [05/Jan/2019:19:46:17 +0800] "GET /js/version.js?v=20180920001 HTTP/1.1" 200 1046 "http://merp.yudo.com.cn:8183/?deviceType=mobile&devicePlatform=android" "Mozilla/5.0 (Linux; Android 8.0.0; PIC-AL00 Build/HUAWEIPIC-AL00; wv) AppleWebKit/537.36 (KHTML, like Gecko) Version/4.0 Chrome/68.0.3440.91 Mobile Safari/537.36"
223.104.250.190 - - [05/Jan/2019:19:46:17 +0800] "GET /js/JLAMP.autobinding.min.js HTTP/1.1" 200 8816 "http://merp.yudo.com.cn:8183/?deviceType=mobile&devicePlatform=android" "Mozilla/5.0 (Linux; Android 8.0.0; PIC-AL00 Build/HUAWEIPIC-AL00; wv) AppleWebKit/537.36 (KHTML, like Gecko) Version/4.0 Chrome/68.0.3440.91 Mobile Safari/537.36"
223.104.250.190 - - [05/Jan/2019:19:46:17 +0800] "GET /js/common.js HTTP/1.1" 200 11633 "http://merp.yudo.com.cn:8183/?deviceType=mobile&devicePlatform=android" "Mozilla/5.0 (Linux; Android 8.0.0; PIC-AL00 Build/HUAWEIPIC-AL00; wv) AppleWebKit/537.36 (KHTML, like Gecko) Version/4.0 Chrome/68.0.3440.91 Mobile Safari/537.36"
223.104.250.190 - - [05/Jan/2019:19:46:17 +0800] "GET /js/GNB.js HTTP/1.1" 200 2176 "http://merp.yudo.com.cn:8183/?deviceType=mobile&devicePlatform=android" "Mozilla/5.0 (Linux; Android 8.0.0; PIC-AL00 Build/HUAWEIPIC-AL00; wv) AppleWebKit/537.36 (KHTML, like Gecko) Version/4.0 Chrome/68.0.3440.91 Mobile Safari/537.36"
223.104.250.190 - - [05/Jan/2019:19:46:17 +0800] "GET /js/login.js?v=7009 HTTP/1.1" 200 8229 "http://merp.yudo.com.cn:8183/?deviceType=mobile&devicePlatform=android" "Mozilla/5.0 (Linux; Android 8.0.0; PIC-AL00 Build/HUAWEIPIC-AL00; wv) AppleWebKit/537.36 (KHTML, like Gecko) Version/4.0 Chrome/68.0.3440.91 Mobile Safari/537.36"
223.104.250.215 - - [05/Jan/2019:19:46:17 +0800] "GET /Menu/doMenuRows_prc?formKey=M20190105T194445580 HTTP/1.1" 200 540 "http://merp.yudo.com.cn:8183/Menu/Menu?formKey=M20190105T194445580" "Mozilla/5.0 (Linux; Android 8.0.0; HUAWEI NXT-AL10 Build/HUAWEINXT-AL10; wv) AppleWebKit/537.36 (KHTML, like Gecko) Version/4.0 Chrome/68.0.3440.91 Mobile Safari/537.36"
223.104.250.190 - - [05/Jan/2019:19:46:17 +0800] "GET /image/login_logo.png HTTP/1.1" 200 3941 "http://merp.yudo.com.cn:8183/?deviceType=mobile&devicePlatform=android" "Mozilla/5.0 (Linux; Android 8.0.0; PIC-AL00 Build/HUAWEIPIC-AL00; wv) AppleWebKit/537.36 (KHTML, like Gecko) Version/4.0 Chrome/68.0.3440.91 Mobile Safari/537.36"
223.104.250.215 - - [05/Jan/2019:19:46:17 +0800] "GET /image/menu_allow.png HTTP/1.1" 200 2728 "http://merp.yudo.com.cn:8183/Menu/Menu?formKey=M20190105T194445580" "Mozilla/5.0 (Linux; Android 8.0.0; HUAWEI NXT-AL10 Build/HUAWEINXT-AL10; wv) AppleWebKit/537.36 (KHTML, like Gecko) Version/4.0 Chrome/68.0.3440.91 Mobile Safari/537.36"
223.104.250.190 - - [05/Jan/2019:19:46:17 +0800] "GET /image/icon_logout.png HTTP/1.1" 200 1682 "http://merp.yudo.com.cn:8183/?deviceType=mobile&devicePlatform=android" "Mozilla/5.0 (Linux; Android 8.0.0; PIC-AL00 Build/HUAWEIPIC-AL00; wv) AppleWebKit/537.36 (KHTML, like Gecko) Version/4.0 Chrome/68.0.3440.91 Mobile Safari/537.36"
223.104.250.190 - - [05/Jan/2019:19:46:17 +0800] "GET /JLAMPCommon/getCookieJson_prc HTTP/1.1" 200 62 "http://merp.yudo.com.cn:8183/?deviceType=mobile&devicePlatform=android" "Mozilla/5.0 (Linux; Android 8.0.0; PIC-AL00 Build/HUAWEIPIC-AL00; wv) AppleWebKit/537.36 (KHTML, like Gecko) Version/4.0 Chrome/68.0.3440.91 Mobile Safari/537.36"
223.104.250.215 - - [05/Jan/2019:19:46:17 +0800] "GET /image/favicon.ico HTTP/1.1" 404 1506 "http://merp.yudo.com.cn:8183/Menu/Menu?formKey=M20190105T194445580" "Mozilla/5.0 (Linux; Android 8.0.0; HUAWEI NXT-AL10 Build/HUAWEINXT-AL10; wv) AppleWebKit/537.36 (KHTML, like Gecko) Version/4.0 Chrome/68.0.3440.91 Mobile Safari/537.36"
223.104.250.190 - - [05/Jan/2019:19:46:17 +0800] "GET /image/favicon.ico HTTP/1.1" 404 1506 "http://merp.yudo.com.cn:8183/?deviceType=mobile&devicePlatform=android" "Mozilla/5.0 (Linux; Android 8.0.0; PIC-AL00 Build/HUAWEIPIC-AL00; wv) AppleWebKit/537.36 (KHTML, like Gecko) Version/4.0 Chrome/68.0.3440.91 Mobile Safari/537.36"
::1 - - [05/Jan/2019:19:46:25 +0800] "OPTIONS * HTTP/1.0" 200 - "-" "Apache/2.4.6 (CentOS) PHP/5.6.32 (internal dummy connection)"
::1 - - [05/Jan/2019:19:46:26 +0800] "OPTIONS * HTTP/1.0" 200 - "-" "Apache/2.4.6 (CentOS) PHP/5.6.32 (internal dummy connection)"
::1 - - [05/Jan/2019:19:46:27 +0800] "OPTIONS * HTTP/1.0" 200 - "-" "Apache/2.4.6 (CentOS) PHP/5.6.32 (internal dummy connection)"
::1 - - [05/Jan/2019:19:46:28 +0800] "OPTIONS * HTTP/1.0" 200 - "-" "Apache/2.4.6 (CentOS) PHP/5.6.32 (internal dummy connection)"
::1 - - [05/Jan/2019:19:46:29 +0800] "OPTIONS * HTTP/1.0" 200 - "-" "Apache/2.4.6 (CentOS) PHP/5.6.32 (internal dummy connection)"
::1 - - [05/Jan/2019:19:46:30 +0800] "OPTIONS * HTTP/1.0" 200 - "-" "Apache/2.4.6 (CentOS) PHP/5.6.32 (internal dummy connection)"
::1 - - [05/Jan/2019:19:46:31 +0800] "OPTIONS * HTTP/1.0" 200 - "-" "Apache/2.4.6 (CentOS) PHP/5.6.32 (internal dummy connection)"
223.104.250.215 - - [05/Jan/2019:19:46:36 +0800] "GET /WEI_2100/WEI_2100?formKey=M20190105T194445580&menuSelection=asm HTTP/1.1" 200 87875 "http://merp.yudo.com.cn:8183/Menu/Menu?formKey=M20190105T194445580" "Mozilla/5.0 (Linux; Android 8.0.0; HUAWEI NXT-AL10 Build/HUAWEINXT-AL10; wv) AppleWebKit/537.36 (KHTML, like Gecko) Version/4.0 Chrome/68.0.3440.91 Mobile Safari/537.36"
223.104.250.215 - - [05/Jan/2019:19:46:36 +0800] "GET /css/WEI_2100/WEI_2100_Lists.css?v=201806080934 HTTP/1.1" 200 10369 "http://merp.yudo.com.cn:8183/WEI_2100/WEI_2100?formKey=M20190105T194445580&menuSelection=asm" "Mozilla/5.0 (Linux; Android 8.0.0; HUAWEI NXT-AL10 Build/HUAWEINXT-AL10; wv) AppleWebKit/537.36 (KHTML, like Gecko) Version/4.0 Chrome/68.0.3440.91 Mobile Safari/537.36"
223.104.250.215 - - [05/Jan/2019:19:46:36 +0800] "GET /js/WEI_2100/css/layui.css HTTP/1.1" 200 62448 "http://merp.yudo.com.cn:8183/WEI_2100/WEI_2100?formKey=M20190105T194445580&menuSelection=asm" "Mozilla/5.0 (Linux; Android 8.0.0; HUAWEI NXT-AL10 Build/HUAWEINXT-AL10; wv) AppleWebKit/537.36 (KHTML, like Gecko) Version/4.0 Chrome/68.0.3440.91 Mobile Safari/537.36"
223.104.250.215 - - [05/Jan/2019:19:46:36 +0800] "GET /js/WEI_2100/multiSelect.js?v=1005 HTTP/1.1" 200 4974 "http://merp.yudo.com.cn:8183/WEI_2100/WEI_2100?formKey=M20190105T194445580&menuSelection=asm" "Mozilla/5.0 (Linux; Android 8.0.0; HUAWEI NXT-AL10 Build/HUAWEINXT-AL10; wv) AppleWebKit/537.36 (KHTML, like Gecko) Version/4.0 Chrome/68.0.3440.91 Mobile Safari/537.36"
223.104.250.215 - - [05/Jan/2019:19:46:36 +0800] "GET /js/WEI_2100/WEI_2100_Lang.js?v=1001 HTTP/1.1" 200 930 "http://merp.yudo.com.cn:8183/WEI_2100/WEI_2100?formKey=M20190105T194445580&menuSelection=asm" "Mozilla/5.0 (Linux; Android 8.0.0; HUAWEI NXT-AL10 Build/HUAWEINXT-AL10; wv) AppleWebKit/537.36 (KHTML, like Gecko) Version/4.0 Chrome/68.0.3440.91 Mobile Safari/537.36"
223.104.250.215 - - [05/Jan/2019:19:46:36 +0800] "GET /css/WEI_2000/mui.min.css HTTP/1.1" 200 74864 "http://merp.yudo.com.cn:8183/WEI_2100/WEI_2100?formKey=M20190105T194445580&menuSelection=asm" "Mozilla/5.0 (Linux; Android 8.0.0; HUAWEI NXT-AL10 Build/HUAWEINXT-AL10; wv) AppleWebKit/537.36 (KHTML, like Gecko) Version/4.0 Chrome/68.0.3440.91 Mobile Safari/537.36"
223.104.250.215 - - [05/Jan/2019:19:46:36 +0800] "GET /js/WEI_2000/mui.min.js?v=1001 HTTP/1.1" 200 115810 "http://merp.yudo.com.cn:8183/WEI_2100/WEI_2100?formKey=M20190105T194445580&menuSelection=asm" "Mozilla/5.0 (Linux; Android 8.0.0; HUAWEI NXT-AL10 Build/HUAWEINXT-AL10; wv) AppleWebKit/537.36 (KHTML, like Gecko) Version/4.0 Chrome/68.0.3440.91 Mobile Safari/537.36"
223.104.250.215 - - [05/Jan/2019:19:46:36 +0800] "GET /js/WEI_2000/mui.previewimage.js?v=201804261256 HTTP/1.1" 200 13324 "http://merp.yudo.com.cn:8183/WEI_2100/WEI_2100?formKey=M20190105T194445580&menuSelection=asm" "Mozilla/5.0 (Linux; Android 8.0.0; HUAWEI NXT-AL10 Build/HUAWEINXT-AL10; wv) AppleWebKit/537.36 (KHTML, like Gecko) Version/4.0 Chrome/68.0.3440.91 Mobile Safari/537.36"
223.104.250.215 - - [05/Jan/2019:19:46:36 +0800] "GET /js/WEI_2000/mui.zoom.js?v=201804231454 HTTP/1.1" 200 11703 "http://merp.yudo.com.cn:8183/WEI_2100/WEI_2100?formKey=M20190105T194445580&menuSelection=asm" "Mozilla/5.0 (Linux; Android 8.0.0; HUAWEI NXT-AL10 Build/HUAWEINXT-AL10; wv) AppleWebKit/537.36 (KHTML, like Gecko) Version/4.0 Chrome/68.0.3440.91 Mobile Safari/537.36"
223.104.250.215 - - [05/Jan/2019:19:46:36 +0800] "GET /js/WEI_2100/vue/vue.js HTTP/1.1" 200 289303 "http://merp.yudo.com.cn:8183/WEI_2100/WEI_2100?formKey=M20190105T194445580&menuSelection=asm" "Mozilla/5.0 (Linux; Android 8.0.0; HUAWEI NXT-AL10 Build/HUAWEINXT-AL10; wv) AppleWebKit/537.36 (KHTML, like Gecko) Version/4.0 Chrome/68.0.3440.91 Mobile Safari/537.36"
223.104.250.215 - - [05/Jan/2019:19:46:36 +0800] "GET /js/WEI_2100/layui.all.js HTTP/1.1" 200 228080 "http://merp.yudo.com.cn:8183/WEI_2100/WEI_2100?formKey=M20190105T194445580&menuSelection=asm" "Mozilla/5.0 (Linux; Android 8.0.0; HUAWEI NXT-AL10 Build/HUAWEINXT-AL10; wv) AppleWebKit/537.36 (KHTML, like Gecko) Version/4.0 Chrome/68.0.3440.91 Mobile Safari/537.36"
223.104.250.215 - - [05/Jan/2019:19:46:37 +0800] "GET /js/WEI_2100/WEI_2100_Lists.js?v=3200 HTTP/1.1" 200 139256 "http://merp.yudo.com.cn:8183/WEI_2100/WEI_2100?formKey=M20190105T194445580&menuSelection=asm" "Mozilla/5.0 (Linux; Android 8.0.0; HUAWEI NXT-AL10 Build/HUAWEINXT-AL10; wv) AppleWebKit/537.36 (KHTML, like Gecko) Version/4.0 Chrome/68.0.3440.91 Mobile Safari/537.36"
223.104.250.215 - - [05/Jan/2019:19:46:37 +0800] "GET /image/qrcode.png HTTP/1.1" 200 5736 "http://merp.yudo.com.cn:8183/WEI_2100/WEI_2100?formKey=M20190105T194445580&menuSelection=asm" "Mozilla/5.0 (Linux; Android 8.0.0; HUAWEI NXT-AL10 Build/HUAWEINXT-AL10; wv) AppleWebKit/537.36 (KHTML, like Gecko) Version/4.0 Chrome/68.0.3440.91 Mobile Safari/537.36"
223.104.250.215 - - [05/Jan/2019:19:46:37 +0800] "GET /css/fonts/mui.ttf HTTP/1.1" 200 29884 "http://merp.yudo.com.cn:8183/css/WEI_2000/mui.min.css" "Mozilla/5.0 (Linux; Android 8.0.0; HUAWEI NXT-AL10 Build/HUAWEINXT-AL10; wv) AppleWebKit/537.36 (KHTML, like Gecko) Version/4.0 Chrome/68.0.3440.91 Mobile Safari/537.36"
223.104.250.215 - - [05/Jan/2019:19:46:37 +0800] "GET /js/WEI_2100/font/iconfont.woff?v=230-rc1 HTTP/1.1" 200 25996 "http://merp.yudo.com.cn:8183/js/WEI_2100/css/layui.css" "Mozilla/5.0 (Linux; Android 8.0.0; HUAWEI NXT-AL10 Build/HUAWEINXT-AL10; wv) AppleWebKit/537.36 (KHTML, like Gecko) Version/4.0 Chrome/68.0.3440.91 Mobile Safari/537.36"
223.104.250.215 - - [05/Jan/2019:19:46:37 +0800] "GET /js/WEI_2100/css/modules/laydate/default/laydate.css?v=5.0.9 HTTP/1.1" 200 7541 "http://merp.yudo.com.cn:8183/WEI_2100/WEI_2100?formKey=M20190105T194445580&menuSelection=asm" "Mozilla/5.0 (Linux; Android 8.0.0; HUAWEI NXT-AL10 Build/HUAWEINXT-AL10; wv) AppleWebKit/537.36 (KHTML, like Gecko) Version/4.0 Chrome/68.0.3440.91 Mobile Safari/537.36"
223.104.250.215 - - [05/Jan/2019:19:46:37 +0800] "GET /js/WEI_2100/css/modules/code.css HTTP/1.1" 200 1067 "http://merp.yudo.com.cn:8183/WEI_2100/WEI_2100?formKey=M20190105T194445580&menuSelection=asm" "Mozilla/5.0 (Linux; Android 8.0.0; HUAWEI NXT-AL10 Build/HUAWEINXT-AL10; wv) AppleWebKit/537.36 (KHTML, like Gecko) Version/4.0 Chrome/68.0.3440.91 Mobile Safari/537.36"
223.104.250.215 - - [05/Jan/2019:19:46:37 +0800] "GET /js/WEI_2100/css/modules/layer/default/layer.css?v=3.1.1 HTTP/1.1" 200 14429 "http://merp.yudo.com.cn:8183/WEI_2100/WEI_2100?formKey=M20190105T194445580&menuSelection=asm" "Mozilla/5.0 (Linux; Android 8.0.0; HUAWEI NXT-AL10 Build/HUAWEINXT-AL10; wv) AppleWebKit/537.36 (KHTML, like Gecko) Version/4.0 Chrome/68.0.3440.91 Mobile Safari/537.36"
223.104.250.215 - - [05/Jan/2019:19:46:38 +0800] "POST /JLAMPCommon/langBatchRows_prc HTTP/1.1" 200 12699 "http://merp.yudo.com.cn:8183/WEI_2100/WEI_2100?formKey=M20190105T194445580&menuSelection=asm" "Mozilla/5.0 (Linux; Android 8.0.0; HUAWEI NXT-AL10 Build/HUAWEINXT-AL10; wv) AppleWebKit/537.36 (KHTML, like Gecko) Version/4.0 Chrome/68.0.3440.91 Mobile Safari/537.36"
223.104.250.215 - - [05/Jan/2019:19:46:38 +0800] "POST /JLAMPCommon/langBatchRows_prc HTTP/1.1" 200 13667 "http://merp.yudo.com.cn:8183/WEI_2100/WEI_2100?formKey=M20190105T194445580&menuSelection=asm" "Mozilla/5.0 (Linux; Android 8.0.0; HUAWEI NXT-AL10 Build/HUAWEINXT-AL10; wv) AppleWebKit/537.36 (KHTML, like Gecko) Version/4.0 Chrome/68.0.3440.91 Mobile Safari/537.36"
223.104.250.215 - - [05/Jan/2019:19:46:38 +0800] "GET /JLAMPCommon/getCookieJson_prc HTTP/1.1" 200 898 "http://merp.yudo.com.cn:8183/WEI_2100/WEI_2100?formKey=M20190105T194445580&menuSelection=asm" "Mozilla/5.0 (Linux; Android 8.0.0; HUAWEI NXT-AL10 Build/HUAWEINXT-AL10; wv) AppleWebKit/537.36 (KHTML, like Gecko) Version/4.0 Chrome/68.0.3440.91 Mobile Safari/537.36"
::1 - - [05/Jan/2019:19:46:46 +0800] "OPTIONS * HTTP/1.0" 200 - "-" "Apache/2.4.6 (CentOS) PHP/5.6.32 (internal dummy connection)"
223.104.250.190 - - [05/Jan/2019:19:47:21 +0800] "GET /JLAMPCommon/getCookieJson_prc HTTP/1.1" 200 62 "http://merp.yudo.com.cn:8183/?deviceType=mobile&devicePlatform=android" "Mozilla/5.0 (Linux; Android 8.0.0; PIC-AL00 Build/HUAWEIPIC-AL00; wv) AppleWebKit/537.36 (KHTML, like Gecko) Version/4.0 Chrome/68.0.3440.91 Mobile Safari/537.36"
223.104.250.190 - - [05/Jan/2019:19:47:42 +0800] "POST /main/login_prc HTTP/1.1" 200 92 "http://merp.yudo.com.cn:8183/?deviceType=mobile&devicePlatform=android" "Mozilla/5.0 (Linux; Android 8.0.0; PIC-AL00 Build/HUAWEIPIC-AL00; wv) AppleWebKit/537.36 (KHTML, like Gecko) Version/4.0 Chrome/68.0.3440.91 Mobile Safari/537.36"
223.104.250.190 - - [05/Jan/2019:19:47:48 +0800] "GET /JLAMPCommon/getCookieJson_prc HTTP/1.1" 200 62 "http://merp.yudo.com.cn:8183/?deviceType=mobile&devicePlatform=android" "Mozilla/5.0 (Linux; Android 8.0.0; PIC-AL00 Build/HUAWEIPIC-AL00; wv) AppleWebKit/537.36 (KHTML, like Gecko) Version/4.0 Chrome/68.0.3440.91 Mobile Safari/537.36"
223.104.250.190 - - [05/Jan/2019:19:48:16 +0800] "GET /JLAMPCommon/getCookieJson_prc HTTP/1.1" 200 62 "http://merp.yudo.com.cn:8183/?deviceType=mobile&devicePlatform=android" "Mozilla/5.0 (Linux; Android 8.0.0; PIC-AL00 Build/HUAWEIPIC-AL00; wv) AppleWebKit/537.36 (KHTML, like Gecko) Version/4.0 Chrome/68.0.3440.91 Mobile Safari/537.36"
223.104.250.190 - - [05/Jan/2019:19:48:35 +0800] "POST /main/login_prc HTTP/1.1" 200 74 "http://merp.yudo.com.cn:8183/?deviceType=mobile&devicePlatform=android" "Mozilla/5.0 (Linux; Android 8.0.0; PIC-AL00 Build/HUAWEIPIC-AL00; wv) AppleWebKit/537.36 (KHTML, like Gecko) Version/4.0 Chrome/68.0.3440.91 Mobile Safari/537.36"
223.104.250.190 - - [05/Jan/2019:19:48:49 +0800] "POST /main/login_prc HTTP/1.1" 200 74 "http://merp.yudo.com.cn:8183/?deviceType=mobile&devicePlatform=android" "Mozilla/5.0 (Linux; Android 8.0.0; PIC-AL00 Build/HUAWEIPIC-AL00; wv) AppleWebKit/537.36 (KHTML, like Gecko) Version/4.0 Chrome/68.0.3440.91 Mobile Safari/537.36"
223.104.250.190 - - [05/Jan/2019:19:48:58 +0800] "POST /main/login_prc HTTP/1.1" 200 44 "http://merp.yudo.com.cn:8183/?deviceType=mobile&devicePlatform=android" "Mozilla/5.0 (Linux; Android 8.0.0; PIC-AL00 Build/HUAWEIPIC-AL00; wv) AppleWebKit/537.36 (KHTML, like Gecko) Version/4.0 Chrome/68.0.3440.91 Mobile Safari/537.36"
223.104.250.190 - - [05/Jan/2019:19:48:58 +0800] "POST /main/checkMenuAuth_prc HTTP/1.1" 200 44 "http://merp.yudo.com.cn:8183/?deviceType=mobile&devicePlatform=android" "Mozilla/5.0 (Linux; Android 8.0.0; PIC-AL00 Build/HUAWEIPIC-AL00; wv) AppleWebKit/537.36 (KHTML, like Gecko) Version/4.0 Chrome/68.0.3440.91 Mobile Safari/537.36"
223.104.250.190 - - [05/Jan/2019:19:48:58 +0800] "POST / HTTP/1.1" 302 149 "http://merp.yudo.com.cn:8183/?deviceType=mobile&devicePlatform=android" "Mozilla/5.0 (Linux; Android 8.0.0; PIC-AL00 Build/HUAWEIPIC-AL00; wv) AppleWebKit/537.36 (KHTML, like Gecko) Version/4.0 Chrome/68.0.3440.91 Mobile Safari/537.36"
223.104.250.190 - - [05/Jan/2019:19:48:59 +0800] "POST / HTTP/1.1" 302 149 "http://merp.yudo.com.cn:8183/?deviceType=mobile&devicePlatform=android" "Mozilla/5.0 (Linux; Android 8.0.0; PIC-AL00 Build/HUAWEIPIC-AL00; wv) AppleWebKit/537.36 (KHTML, like Gecko) Version/4.0 Chrome/68.0.3440.91 Mobile Safari/537.36"
223.104.250.190 - - [05/Jan/2019:19:48:59 +0800] "GET /Menu/Menu?formKey=M20190105T194729937 HTTP/1.1" 200 5839 "http://merp.yudo.com.cn:8183/?deviceType=mobile&devicePlatform=android" "Mozilla/5.0 (Linux; Android 8.0.0; PIC-AL00 Build/HUAWEIPIC-AL00; wv) AppleWebKit/537.36 (KHTML, like Gecko) Version/4.0 Chrome/68.0.3440.91 Mobile Safari/537.36"
223.104.250.190 - - [05/Jan/2019:19:48:59 +0800] "GET /css/Menu/Menu.css?v=1002 HTTP/1.1" 200 1901 "http://merp.yudo.com.cn:8183/Menu/Menu?formKey=M20190105T194729937" "Mozilla/5.0 (Linux; Android 8.0.0; PIC-AL00 Build/HUAWEIPIC-AL00; wv) AppleWebKit/537.36 (KHTML, like Gecko) Version/4.0 Chrome/68.0.3440.91 Mobile Safari/537.36"
223.104.250.190 - - [05/Jan/2019:19:48:59 +0800] "GET /js/Menu/Menu.js?v=1005 HTTP/1.1" 200 2291 "http://merp.yudo.com.cn:8183/Menu/Menu?formKey=M20190105T194729937" "Mozilla/5.0 (Linux; Android 8.0.0; PIC-AL00 Build/HUAWEIPIC-AL00; wv) AppleWebKit/537.36 (KHTML, like Gecko) Version/4.0 Chrome/68.0.3440.91 Mobile Safari/537.36"
223.104.250.190 - - [05/Jan/2019:19:48:59 +0800] "GET /css/WEI_2000/mui.min.css?v=1001 HTTP/1.1" 200 74864 "http://merp.yudo.com.cn:8183/Menu/Menu?formKey=M20190105T194729937" "Mozilla/5.0 (Linux; Android 8.0.0; PIC-AL00 Build/HUAWEIPIC-AL00; wv) AppleWebKit/537.36 (KHTML, like Gecko) Version/4.0 Chrome/68.0.3440.91 Mobile Safari/537.36"
223.104.250.190 - - [05/Jan/2019:19:48:59 +0800] "GET /js/WEI_2000/mui.min.js HTTP/1.1" 200 115810 "http://merp.yudo.com.cn:8183/Menu/Menu?formKey=M20190105T194729937" "Mozilla/5.0 (Linux; Android 8.0.0; PIC-AL00 Build/HUAWEIPIC-AL00; wv) AppleWebKit/537.36 (KHTML, like Gecko) Version/4.0 Chrome/68.0.3440.91 Mobile Safari/537.36"
223.104.250.190 - - [05/Jan/2019:19:48:59 +0800] "GET /image/MI.png HTTP/1.1" 200 3083 "http://merp.yudo.com.cn:8183/Menu/Menu?formKey=M20190105T194729937" "Mozilla/5.0 (Linux; Android 8.0.0; PIC-AL00 Build/HUAWEIPIC-AL00; wv) AppleWebKit/537.36 (KHTML, like Gecko) Version/4.0 Chrome/68.0.3440.91 Mobile Safari/537.36"
223.104.250.190 - - [05/Jan/2019:19:48:59 +0800] "GET /image/SM.png HTTP/1.1" 200 3070 "http://merp.yudo.com.cn:8183/Menu/Menu?formKey=M20190105T194729937" "Mozilla/5.0 (Linux; Android 8.0.0; PIC-AL00 Build/HUAWEIPIC-AL00; wv) AppleWebKit/537.36 (KHTML, like Gecko) Version/4.0 Chrome/68.0.3440.91 Mobile Safari/537.36"
223.104.250.190 - - [05/Jan/2019:19:48:59 +0800] "GET /image/ASM.png HTTP/1.1" 200 21273 "http://merp.yudo.com.cn:8183/Menu/Menu?formKey=M20190105T194729937" "Mozilla/5.0 (Linux; Android 8.0.0; PIC-AL00 Build/HUAWEIPIC-AL00; wv) AppleWebKit/537.36 (KHTML, like Gecko) Version/4.0 Chrome/68.0.3440.91 Mobile Safari/537.36"
223.104.250.190 - - [05/Jan/2019:19:48:59 +0800] "POST /JLAMPCommon/langBatchRows_prc HTTP/1.1" 200 595 "http://merp.yudo.com.cn:8183/Menu/Menu?formKey=M20190105T194729937" "Mozilla/5.0 (Linux; Android 8.0.0; PIC-AL00 Build/HUAWEIPIC-AL00; wv) AppleWebKit/537.36 (KHTML, like Gecko) Version/4.0 Chrome/68.0.3440.91 Mobile Safari/537.36"
223.104.250.190 - - [05/Jan/2019:19:48:59 +0800] "GET /JLAMPCommon/getCookieJson_prc HTTP/1.1" 200 910 "http://merp.yudo.com.cn:8183/Menu/Menu?formKey=M20190105T194729937" "Mozilla/5.0 (Linux; Android 8.0.0; PIC-AL00 Build/HUAWEIPIC-AL00; wv) AppleWebKit/537.36 (KHTML, like Gecko) Version/4.0 Chrome/68.0.3440.91 Mobile Safari/537.36"
223.104.250.190 - - [05/Jan/2019:19:49:00 +0800] "GET /Menu/doMenuRows_prc?formKey=M20190105T194729937 HTTP/1.1" 200 540 "http://merp.yudo.com.cn:8183/Menu/Menu?formKey=M20190105T194729937" "Mozilla/5.0 (Linux; Android 8.0.0; PIC-AL00 Build/HUAWEIPIC-AL00; wv) AppleWebKit/537.36 (KHTML, like Gecko) Version/4.0 Chrome/68.0.3440.91 Mobile Safari/537.36"
223.104.250.190 - - [05/Jan/2019:19:49:00 +0800] "GET /image/menu_allow.png HTTP/1.1" 200 2728 "http://merp.yudo.com.cn:8183/Menu/Menu?formKey=M20190105T194729937" "Mozilla/5.0 (Linux; Android 8.0.0; PIC-AL00 Build/HUAWEIPIC-AL00; wv) AppleWebKit/537.36 (KHTML, like Gecko) Version/4.0 Chrome/68.0.3440.91 Mobile Safari/537.36"
223.104.250.190 - - [05/Jan/2019:19:49:15 +0800] "GET /WEI_2100/WEI_2100?formKey=M20190105T194729937&menuSelection=asm HTTP/1.1" 200 87875 "http://merp.yudo.com.cn:8183/Menu/Menu?formKey=M20190105T194729937" "Mozilla/5.0 (Linux; Android 8.0.0; PIC-AL00 Build/HUAWEIPIC-AL00; wv) AppleWebKit/537.36 (KHTML, like Gecko) Version/4.0 Chrome/68.0.3440.91 Mobile Safari/537.36"
223.104.250.190 - - [05/Jan/2019:19:49:15 +0800] "GET /css/WEI_2100/WEI_2100_Lists.css?v=201806080934 HTTP/1.1" 200 10369 "http://merp.yudo.com.cn:8183/WEI_2100/WEI_2100?formKey=M20190105T194729937&menuSelection=asm" "Mozilla/5.0 (Linux; Android 8.0.0; PIC-AL00 Build/HUAWEIPIC-AL00; wv) AppleWebKit/537.36 (KHTML, like Gecko) Version/4.0 Chrome/68.0.3440.91 Mobile Safari/537.36"
223.104.250.190 - - [05/Jan/2019:19:49:15 +0800] "GET /js/WEI_2100/multiSelect.js?v=1005 HTTP/1.1" 200 4974 "http://merp.yudo.com.cn:8183/WEI_2100/WEI_2100?formKey=M20190105T194729937&menuSelection=asm" "Mozilla/5.0 (Linux; Android 8.0.0; PIC-AL00 Build/HUAWEIPIC-AL00; wv) AppleWebKit/537.36 (KHTML, like Gecko) Version/4.0 Chrome/68.0.3440.91 Mobile Safari/537.36"
223.104.250.190 - - [05/Jan/2019:19:49:15 +0800] "GET /js/WEI_2100/css/layui.css HTTP/1.1" 200 62448 "http://merp.yudo.com.cn:8183/WEI_2100/WEI_2100?formKey=M20190105T194729937&menuSelection=asm" "Mozilla/5.0 (Linux; Android 8.0.0; PIC-AL00 Build/HUAWEIPIC-AL00; wv) AppleWebKit/537.36 (KHTML, like Gecko) Version/4.0 Chrome/68.0.3440.91 Mobile Safari/537.36"
223.104.250.190 - - [05/Jan/2019:19:49:15 +0800] "GET /js/WEI_2100/WEI_2100_Lang.js?v=1001 HTTP/1.1" 200 930 "http://merp.yudo.com.cn:8183/WEI_2100/WEI_2100?formKey=M20190105T194729937&menuSelection=asm" "Mozilla/5.0 (Linux; Android 8.0.0; PIC-AL00 Build/HUAWEIPIC-AL00; wv) AppleWebKit/537.36 (KHTML, like Gecko) Version/4.0 Chrome/68.0.3440.91 Mobile Safari/537.36"
223.104.250.190 - - [05/Jan/2019:19:49:15 +0800] "GET /css/WEI_2000/mui.min.css HTTP/1.1" 200 74864 "http://merp.yudo.com.cn:8183/WEI_2100/WEI_2100?formKey=M20190105T194729937&menuSelection=asm" "Mozilla/5.0 (Linux; Android 8.0.0; PIC-AL00 Build/HUAWEIPIC-AL00; wv) AppleWebKit/537.36 (KHTML, like Gecko) Version/4.0 Chrome/68.0.3440.91 Mobile Safari/537.36"
223.104.250.190 - - [05/Jan/2019:19:49:16 +0800] "GET /js/WEI_2000/mui.previewimage.js?v=201804261256 HTTP/1.1" 200 13324 "http://merp.yudo.com.cn:8183/WEI_2100/WEI_2100?formKey=M20190105T194729937&menuSelection=asm" "Mozilla/5.0 (Linux; Android 8.0.0; PIC-AL00 Build/HUAWEIPIC-AL00; wv) AppleWebKit/537.36 (KHTML, like Gecko) Version/4.0 Chrome/68.0.3440.91 Mobile Safari/537.36"
223.104.250.190 - - [05/Jan/2019:19:49:15 +0800] "GET /js/WEI_2000/mui.min.js?v=1001 HTTP/1.1" 200 115810 "http://merp.yudo.com.cn:8183/WEI_2100/WEI_2100?formKey=M20190105T194729937&menuSelection=asm" "Mozilla/5.0 (Linux; Android 8.0.0; PIC-AL00 Build/HUAWEIPIC-AL00; wv) AppleWebKit/537.36 (KHTML, like Gecko) Version/4.0 Chrome/68.0.3440.91 Mobile Safari/537.36"
223.104.250.190 - - [05/Jan/2019:19:49:16 +0800] "GET /js/WEI_2000/mui.zoom.js?v=201804231454 HTTP/1.1" 200 11703 "http://merp.yudo.com.cn:8183/WEI_2100/WEI_2100?formKey=M20190105T194729937&menuSelection=asm" "Mozilla/5.0 (Linux; Android 8.0.0; PIC-AL00 Build/HUAWEIPIC-AL00; wv) AppleWebKit/537.36 (KHTML, like Gecko) Version/4.0 Chrome/68.0.3440.91 Mobile Safari/537.36"
223.104.250.190 - - [05/Jan/2019:19:49:15 +0800] "GET /js/WEI_2100/vue/vue.js HTTP/1.1" 200 289303 "http://merp.yudo.com.cn:8183/WEI_2100/WEI_2100?formKey=M20190105T194729937&menuSelection=asm" "Mozilla/5.0 (Linux; Android 8.0.0; PIC-AL00 Build/HUAWEIPIC-AL00; wv) AppleWebKit/537.36 (KHTML, like Gecko) Version/4.0 Chrome/68.0.3440.91 Mobile Safari/537.36"
223.104.250.190 - - [05/Jan/2019:19:49:16 +0800] "GET /js/WEI_2100/layui.all.js HTTP/1.1" 200 228080 "http://merp.yudo.com.cn:8183/WEI_2100/WEI_2100?formKey=M20190105T194729937&menuSelection=asm" "Mozilla/5.0 (Linux; Android 8.0.0; PIC-AL00 Build/HUAWEIPIC-AL00; wv) AppleWebKit/537.36 (KHTML, like Gecko) Version/4.0 Chrome/68.0.3440.91 Mobile Safari/537.36"
223.104.250.190 - - [05/Jan/2019:19:49:16 +0800] "GET /image/qrcode.png HTTP/1.1" 200 5736 "http://merp.yudo.com.cn:8183/WEI_2100/WEI_2100?formKey=M20190105T194729937&menuSelection=asm" "Mozilla/5.0 (Linux; Android 8.0.0; PIC-AL00 Build/HUAWEIPIC-AL00; wv) AppleWebKit/537.36 (KHTML, like Gecko) Version/4.0 Chrome/68.0.3440.91 Mobile Safari/537.36"
223.104.250.190 - - [05/Jan/2019:19:49:16 +0800] "GET /js/WEI_2100/WEI_2100_Lists.js?v=3200 HTTP/1.1" 200 139256 "http://merp.yudo.com.cn:8183/WEI_2100/WEI_2100?formKey=M20190105T194729937&menuSelection=asm" "Mozilla/5.0 (Linux; Android 8.0.0; PIC-AL00 Build/HUAWEIPIC-AL00; wv) AppleWebKit/537.36 (KHTML, like Gecko) Version/4.0 Chrome/68.0.3440.91 Mobile Safari/537.36"
223.104.250.190 - - [05/Jan/2019:19:49:16 +0800] "GET /css/fonts/mui.ttf HTTP/1.1" 200 29884 "http://merp.yudo.com.cn:8183/css/WEI_2000/mui.min.css" "Mozilla/5.0 (Linux; Android 8.0.0; PIC-AL00 Build/HUAWEIPIC-AL00; wv) AppleWebKit/537.36 (KHTML, like Gecko) Version/4.0 Chrome/68.0.3440.91 Mobile Safari/537.36"
223.104.250.190 - - [05/Jan/2019:19:49:16 +0800] "GET /js/WEI_2100/font/iconfont.woff?v=230-rc1 HTTP/1.1" 200 25996 "http://merp.yudo.com.cn:8183/js/WEI_2100/css/layui.css" "Mozilla/5.0 (Linux; Android 8.0.0; PIC-AL00 Build/HUAWEIPIC-AL00; wv) AppleWebKit/537.36 (KHTML, like Gecko) Version/4.0 Chrome/68.0.3440.91 Mobile Safari/537.36"
223.104.250.190 - - [05/Jan/2019:19:49:17 +0800] "GET /js/WEI_2100/css/modules/laydate/default/laydate.css?v=5.0.9 HTTP/1.1" 200 7541 "http://merp.yudo.com.cn:8183/WEI_2100/WEI_2100?formKey=M20190105T194729937&menuSelection=asm" "Mozilla/5.0 (Linux; Android 8.0.0; PIC-AL00 Build/HUAWEIPIC-AL00; wv) AppleWebKit/537.36 (KHTML, like Gecko) Version/4.0 Chrome/68.0.3440.91 Mobile Safari/537.36"
223.104.250.190 - - [05/Jan/2019:19:49:17 +0800] "GET /js/WEI_2100/css/modules/layer/default/layer.css?v=3.1.1 HTTP/1.1" 200 14429 "http://merp.yudo.com.cn:8183/WEI_2100/WEI_2100?formKey=M20190105T194729937&menuSelection=asm" "Mozilla/5.0 (Linux; Android 8.0.0; PIC-AL00 Build/HUAWEIPIC-AL00; wv) AppleWebKit/537.36 (KHTML, like Gecko) Version/4.0 Chrome/68.0.3440.91 Mobile Safari/537.36"
223.104.250.190 - - [05/Jan/2019:19:49:17 +0800] "GET /js/WEI_2100/css/modules/code.css HTTP/1.1" 200 1067 "http://merp.yudo.com.cn:8183/WEI_2100/WEI_2100?formKey=M20190105T194729937&menuSelection=asm" "Mozilla/5.0 (Linux; Android 8.0.0; PIC-AL00 Build/HUAWEIPIC-AL00; wv) AppleWebKit/537.36 (KHTML, like Gecko) Version/4.0 Chrome/68.0.3440.91 Mobile Safari/537.36"
223.104.250.190 - - [05/Jan/2019:19:49:17 +0800] "POST /JLAMPCommon/langBatchRows_prc HTTP/1.1" 200 12699 "http://merp.yudo.com.cn:8183/WEI_2100/WEI_2100?formKey=M20190105T194729937&menuSelection=asm" "Mozilla/5.0 (Linux; Android 8.0.0; PIC-AL00 Build/HUAWEIPIC-AL00; wv) AppleWebKit/537.36 (KHTML, like Gecko) Version/4.0 Chrome/68.0.3440.91 Mobile Safari/537.36"
223.104.250.190 - - [05/Jan/2019:19:49:18 +0800] "POST /JLAMPCommon/langBatchRows_prc HTTP/1.1" 200 13667 "http://merp.yudo.com.cn:8183/WEI_2100/WEI_2100?formKey=M20190105T194729937&menuSelection=asm" "Mozilla/5.0 (Linux; Android 8.0.0; PIC-AL00 Build/HUAWEIPIC-AL00; wv) AppleWebKit/537.36 (KHTML, like Gecko) Version/4.0 Chrome/68.0.3440.91 Mobile Safari/537.36"
223.104.250.190 - - [05/Jan/2019:19:49:18 +0800] "GET /JLAMPCommon/getCookieJson_prc HTTP/1.1" 200 910 "http://merp.yudo.com.cn:8183/WEI_2100/WEI_2100?formKey=M20190105T194729937&menuSelection=asm" "Mozilla/5.0 (Linux; Android 8.0.0; PIC-AL00 Build/HUAWEIPIC-AL00; wv) AppleWebKit/537.36 (KHTML, like Gecko) Version/4.0 Chrome/68.0.3440.91 Mobile Safari/537.36"
223.104.250.215 - - [05/Jan/2019:19:49:18 +0800] "GET /Menu/Menu/menuLists?formKey=M20190105T194445580&menuSelection=asm HTTP/1.1" 200 5842 "http://merp.yudo.com.cn:8183/WEI_2100/WEI_2100?formKey=M20190105T194445580&menuSelection=asm" "Mozilla/5.0 (Linux; Android 8.0.0; HUAWEI NXT-AL10 Build/HUAWEINXT-AL10; wv) AppleWebKit/537.36 (KHTML, like Gecko) Version/4.0 Chrome/68.0.3440.91 Mobile Safari/537.36"
223.104.250.215 - - [05/Jan/2019:19:49:19 +0800] "POST /JLAMPCommon/langBatchRows_prc HTTP/1.1" 200 595 "http://merp.yudo.com.cn:8183/Menu/Menu/menuLists?formKey=M20190105T194445580&menuSelection=asm" "Mozilla/5.0 (Linux; Android 8.0.0; HUAWEI NXT-AL10 Build/HUAWEINXT-AL10; wv) AppleWebKit/537.36 (KHTML, like Gecko) Version/4.0 Chrome/68.0.3440.91 Mobile Safari/537.36"
223.104.250.215 - - [05/Jan/2019:19:49:19 +0800] "GET /JLAMPCommon/getCookieJson_prc HTTP/1.1" 200 898 "http://merp.yudo.com.cn:8183/Menu/Menu/menuLists?formKey=M20190105T194445580&menuSelection=asm" "Mozilla/5.0 (Linux; Android 8.0.0; HUAWEI NXT-AL10 Build/HUAWEINXT-AL10; wv) AppleWebKit/537.36 (KHTML, like Gecko) Version/4.0 Chrome/68.0.3440.91 Mobile Safari/537.36"
223.104.250.215 - - [05/Jan/2019:19:49:19 +0800] "GET /Menu/doMenuRows_prc?formKey=M20190105T194445580 HTTP/1.1" 200 540 "http://merp.yudo.com.cn:8183/Menu/Menu/menuLists?formKey=M20190105T194445580&menuSelection=asm" "Mozilla/5.0 (Linux; Android 8.0.0; HUAWEI NXT-AL10 Build/HUAWEINXT-AL10; wv) AppleWebKit/537.36 (KHTML, like Gecko) Version/4.0 Chrome/68.0.3440.91 Mobile Safari/537.36"
223.104.250.190 - - [05/Jan/2019:19:49:23 +0800] "GET /Menu/Menu/menuLists?formKey=M20190105T194729937&menuSelection=asm HTTP/1.1" 200 5842 "http://merp.yudo.com.cn:8183/WEI_2100/WEI_2100?formKey=M20190105T194729937&menuSelection=asm" "Mozilla/5.0 (Linux; Android 8.0.0; PIC-AL00 Build/HUAWEIPIC-AL00; wv) AppleWebKit/537.36 (KHTML, like Gecko) Version/4.0 Chrome/68.0.3440.91 Mobile Safari/537.36"
223.104.250.190 - - [05/Jan/2019:19:49:24 +0800] "POST /JLAMPCommon/langBatchRows_prc HTTP/1.1" 200 595 "http://merp.yudo.com.cn:8183/Menu/Menu/menuLists?formKey=M20190105T194729937&menuSelection=asm" "Mozilla/5.0 (Linux; Android 8.0.0; PIC-AL00 Build/HUAWEIPIC-AL00; wv) AppleWebKit/537.36 (KHTML, like Gecko) Version/4.0 Chrome/68.0.3440.91 Mobile Safari/537.36"
223.104.250.190 - - [05/Jan/2019:19:49:25 +0800] "GET /JLAMPCommon/getCookieJson_prc HTTP/1.1" 200 910 "http://merp.yudo.com.cn:8183/Menu/Menu/menuLists?formKey=M20190105T194729937&menuSelection=asm" "Mozilla/5.0 (Linux; Android 8.0.0; PIC-AL00 Build/HUAWEIPIC-AL00; wv) AppleWebKit/537.36 (KHTML, like Gecko) Version/4.0 Chrome/68.0.3440.91 Mobile Safari/537.36"
223.104.250.190 - - [05/Jan/2019:19:49:25 +0800] "GET /Menu/doMenuRows_prc?formKey=M20190105T194729937 HTTP/1.1" 200 540 "http://merp.yudo.com.cn:8183/Menu/Menu/menuLists?formKey=M20190105T194729937&menuSelection=asm" "Mozilla/5.0 (Linux; Android 8.0.0; PIC-AL00 Build/HUAWEIPIC-AL00; wv) AppleWebKit/537.36 (KHTML, like Gecko) Version/4.0 Chrome/68.0.3440.91 Mobile Safari/537.36"
::1 - - [05/Jan/2019:19:49:27 +0800] "OPTIONS * HTTP/1.0" 200 - "-" "Apache/2.4.6 (CentOS) PHP/5.6.32 (internal dummy connection)"
223.104.250.215 - - [05/Jan/2019:19:49:31 +0800] "GET /WEI_2100/WEI_2100?formKey=M20190105T194445580&menuSelection=asm HTTP/1.1" 200 87875 "http://merp.yudo.com.cn:8183/Menu/Menu/menuLists?formKey=M20190105T194445580&menuSelection=asm" "Mozilla/5.0 (Linux; Android 8.0.0; HUAWEI NXT-AL10 Build/HUAWEINXT-AL10; wv) AppleWebKit/537.36 (KHTML, like Gecko) Version/4.0 Chrome/68.0.3440.91 Mobile Safari/537.36"
223.104.250.215 - - [05/Jan/2019:19:49:32 +0800] "POST /JLAMPCommon/langBatchRows_prc HTTP/1.1" 200 12699 "http://merp.yudo.com.cn:8183/WEI_2100/WEI_2100?formKey=M20190105T194445580&menuSelection=asm" "Mozilla/5.0 (Linux; Android 8.0.0; HUAWEI NXT-AL10 Build/HUAWEINXT-AL10; wv) AppleWebKit/537.36 (KHTML, like Gecko) Version/4.0 Chrome/68.0.3440.91 Mobile Safari/537.36"
223.104.250.215 - - [05/Jan/2019:19:49:32 +0800] "POST /JLAMPCommon/langBatchRows_prc HTTP/1.1" 200 13667 "http://merp.yudo.com.cn:8183/WEI_2100/WEI_2100?formKey=M20190105T194445580&menuSelection=asm" "Mozilla/5.0 (Linux; Android 8.0.0; HUAWEI NXT-AL10 Build/HUAWEINXT-AL10; wv) AppleWebKit/537.36 (KHTML, like Gecko) Version/4.0 Chrome/68.0.3440.91 Mobile Safari/537.36"
223.104.250.215 - - [05/Jan/2019:19:49:32 +0800] "GET /JLAMPCommon/getCookieJson_prc HTTP/1.1" 200 898 "http://merp.yudo.com.cn:8183/WEI_2100/WEI_2100?formKey=M20190105T194445580&menuSelection=asm" "Mozilla/5.0 (Linux; Android 8.0.0; HUAWEI NXT-AL10 Build/HUAWEINXT-AL10; wv) AppleWebKit/537.36 (KHTML, like Gecko) Version/4.0 Chrome/68.0.3440.91 Mobile Safari/537.36"
223.104.250.215 - - [05/Jan/2019:19:49:35 +0800] "GET /js/WEI_2100/css/modules/layer/default/loading-2.gif HTTP/1.1" 200 1787 "http://merp.yudo.com.cn:8183/js/WEI_2100/css/modules/layer/default/layer.css?v=3.1.1" "Mozilla/5.0 (Linux; Android 8.0.0; HUAWEI NXT-AL10 Build/HUAWEINXT-AL10; wv) AppleWebKit/537.36 (KHTML, like Gecko) Version/4.0 Chrome/68.0.3440.91 Mobile Safari/537.36"
223.104.250.215 - - [05/Jan/2019:19:49:35 +0800] "GET /WEI_2100/systemclass_big_prc?bigsysid=asclass1 HTTP/1.1" 200 475 "http://merp.yudo.com.cn:8183/WEI_2100/WEI_2100?formKey=M20190105T194445580&menuSelection=asm" "Mozilla/5.0 (Linux; Android 8.0.0; HUAWEI NXT-AL10 Build/HUAWEINXT-AL10; wv) AppleWebKit/537.36 (KHTML, like Gecko) Version/4.0 Chrome/68.0.3440.91 Mobile Safari/537.36"
223.104.250.215 - - [05/Jan/2019:19:49:35 +0800] "GET /WEI_2100/systemclass_big_prc?bigsysid=markets HTTP/1.1" 200 512 "http://merp.yudo.com.cn:8183/WEI_2100/WEI_2100?formKey=M20190105T194445580&menuSelection=asm" "Mozilla/5.0 (Linux; Android 8.0.0; HUAWEI NXT-AL10 Build/HUAWEINXT-AL10; wv) AppleWebKit/537.36 (KHTML, like Gecko) Version/4.0 Chrome/68.0.3440.91 Mobile Safari/537.36"
223.104.250.215 - - [05/Jan/2019:19:49:35 +0800] "GET /WEI_2100/systemclass_big_prc?bigsysid=asbadtype HTTP/1.1" 200 152 "http://merp.yudo.com.cn:8183/WEI_2100/WEI_2100?formKey=M20190105T194445580&menuSelection=asm" "Mozilla/5.0 (Linux; Android 8.0.0; HUAWEI NXT-AL10 Build/HUAWEINXT-AL10; wv) AppleWebKit/537.36 (KHTML, like Gecko) Version/4.0 Chrome/68.0.3440.91 Mobile Safari/537.36"
223.104.250.215 - - [05/Jan/2019:19:49:35 +0800] "GET /WEI_2100/systemclass_big_prc?bigsysid=area HTTP/1.1" 200 751 "http://merp.yudo.com.cn:8183/WEI_2100/WEI_2100?formKey=M20190105T194445580&menuSelection=asm" "Mozilla/5.0 (Linux; Android 8.0.0; HUAWEI NXT-AL10 Build/HUAWEINXT-AL10; wv) AppleWebKit/537.36 (KHTML, like Gecko) Version/4.0 Chrome/68.0.3440.91 Mobile Safari/537.36"
223.104.250.215 - - [05/Jan/2019:19:49:35 +0800] "GET /WEI_2100/systemclass_big_prc?bigsysid=startpoint HTTP/1.1" 200 317 "http://merp.yudo.com.cn:8183/WEI_2100/WEI_2100?formKey=M20190105T194445580&menuSelection=asm" "Mozilla/5.0 (Linux; Android 8.0.0; HUAWEI NXT-AL10 Build/HUAWEINXT-AL10; wv) AppleWebKit/537.36 (KHTML, like Gecko) Version/4.0 Chrome/68.0.3440.91 Mobile Safari/537.36"
223.104.250.215 - - [05/Jan/2019:19:49:35 +0800] "GET /WEI_2100/systemclass_big_prc?bigsysid=asclass HTTP/1.1" 200 264 "http://merp.yudo.com.cn:8183/WEI_2100/WEI_2100?formKey=M20190105T194445580&menuSelection=asm" "Mozilla/5.0 (Linux; Android 8.0.0; HUAWEI NXT-AL10 Build/HUAWEINXT-AL10; wv) AppleWebKit/537.36 (KHTML, like Gecko) Version/4.0 Chrome/68.0.3440.91 Mobile Safari/537.36"
223.104.250.215 - - [05/Jan/2019:19:49:35 +0800] "GET /WEI_2100/systemclass_big_prc?bigsysid=supplyscope HTTP/1.1" 200 302 "http://merp.yudo.com.cn:8183/WEI_2100/WEI_2100?formKey=M20190105T194445580&menuSelection=asm" "Mozilla/5.0 (Linux; Android 8.0.0; HUAWEI NXT-AL10 Build/HUAWEINXT-AL10; wv) AppleWebKit/537.36 (KHTML, like Gecko) Version/4.0 Chrome/68.0.3440.91 Mobile Safari/537.36"
223.104.250.215 - - [05/Jan/2019:19:49:35 +0800] "GET /WEI_2100/systemclass_big_prc?bigsysid=ascause HTTP/1.1" 200 209 "http://merp.yudo.com.cn:8183/WEI_2100/WEI_2100?formKey=M20190105T194445580&menuSelection=asm" "Mozilla/5.0 (Linux; Android 8.0.0; HUAWEI NXT-AL10 Build/HUAWEINXT-AL10; wv) AppleWebKit/537.36 (KHTML, like Gecko) Version/4.0 Chrome/68.0.3440.91 Mobile Safari/537.36"
223.104.250.215 - - [05/Jan/2019:19:49:36 +0800] "GET /WEI_2100/as_unit HTTP/1.1" 200 1002 "http://merp.yudo.com.cn:8183/WEI_2100/WEI_2100?formKey=M20190105T194445580&menuSelection=asm" "Mozilla/5.0 (Linux; Android 8.0.0; HUAWEI NXT-AL10 Build/HUAWEINXT-AL10; wv) AppleWebKit/537.36 (KHTML, like Gecko) Version/4.0 Chrome/68.0.3440.91 Mobile Safari/537.36"
223.104.250.215 - - [05/Jan/2019:19:49:36 +0800] "GET /WEI_2100/user_prc HTTP/1.1" 200 88839 "http://merp.yudo.com.cn:8183/WEI_2100/WEI_2100?formKey=M20190105T194445580&menuSelection=asm" "Mozilla/5.0 (Linux; Android 8.0.0; HUAWEI NXT-AL10 Build/HUAWEINXT-AL10; wv) AppleWebKit/537.36 (KHTML, like Gecko) Version/4.0 Chrome/68.0.3440.91 Mobile Safari/537.36"
223.104.250.190 - - [05/Jan/2019:19:49:43 +0800] "GET /WEI_2100/WEI_2100?formKey=M20190105T194729937&menuSelection=asm HTTP/1.1" 200 87875 "http://merp.yudo.com.cn:8183/Menu/Menu/menuLists?formKey=M20190105T194729937&menuSelection=asm" "Mozilla/5.0 (Linux; Android 8.0.0; PIC-AL00 Build/HUAWEIPIC-AL00; wv) AppleWebKit/537.36 (KHTML, like Gecko) Version/4.0 Chrome/68.0.3440.91 Mobile Safari/537.36"
223.104.250.190 - - [05/Jan/2019:19:49:44 +0800] "POST /JLAMPCommon/langBatchRows_prc HTTP/1.1" 200 12699 "http://merp.yudo.com.cn:8183/WEI_2100/WEI_2100?formKey=M20190105T194729937&menuSelection=asm" "Mozilla/5.0 (Linux; Android 8.0.0; PIC-AL00 Build/HUAWEIPIC-AL00; wv) AppleWebKit/537.36 (KHTML, like Gecko) Version/4.0 Chrome/68.0.3440.91 Mobile Safari/537.36"
223.104.250.190 - - [05/Jan/2019:19:49:44 +0800] "POST /JLAMPCommon/langBatchRows_prc HTTP/1.1" 200 13667 "http://merp.yudo.com.cn:8183/WEI_2100/WEI_2100?formKey=M20190105T194729937&menuSelection=asm" "Mozilla/5.0 (Linux; Android 8.0.0; PIC-AL00 Build/HUAWEIPIC-AL00; wv) AppleWebKit/537.36 (KHTML, like Gecko) Version/4.0 Chrome/68.0.3440.91 Mobile Safari/537.36"
223.104.250.190 - - [05/Jan/2019:19:49:44 +0800] "GET /JLAMPCommon/getCookieJson_prc HTTP/1.1" 200 910 "http://merp.yudo.com.cn:8183/WEI_2100/WEI_2100?formKey=M20190105T194729937&menuSelection=asm" "Mozilla/5.0 (Linux; Android 8.0.0; PIC-AL00 Build/HUAWEIPIC-AL00; wv) AppleWebKit/537.36 (KHTML, like Gecko) Version/4.0 Chrome/68.0.3440.91 Mobile Safari/537.36"
223.104.250.190 - - [05/Jan/2019:19:49:47 +0800] "GET /js/WEI_2100/css/modules/layer/default/loading-2.gif HTTP/1.1" 200 1787 "http://merp.yudo.com.cn:8183/js/WEI_2100/css/modules/layer/default/layer.css?v=3.1.1" "Mozilla/5.0 (Linux; Android 8.0.0; PIC-AL00 Build/HUAWEIPIC-AL00; wv) AppleWebKit/537.36 (KHTML, like Gecko) Version/4.0 Chrome/68.0.3440.91 Mobile Safari/537.36"
223.104.250.190 - - [05/Jan/2019:19:49:47 +0800] "GET /WEI_2100/systemclass_big_prc?bigsysid=asclass1 HTTP/1.1" 200 475 "http://merp.yudo.com.cn:8183/WEI_2100/WEI_2100?formKey=M20190105T194729937&menuSelection=asm" "Mozilla/5.0 (Linux; Android 8.0.0; PIC-AL00 Build/HUAWEIPIC-AL00; wv) AppleWebKit/537.36 (KHTML, like Gecko) Version/4.0 Chrome/68.0.3440.91 Mobile Safari/537.36"
223.104.250.190 - - [05/Jan/2019:19:49:47 +0800] "GET /WEI_2100/systemclass_big_prc?bigsysid=markets HTTP/1.1" 200 512 "http://merp.yudo.com.cn:8183/WEI_2100/WEI_2100?formKey=M20190105T194729937&menuSelection=asm" "Mozilla/5.0 (Linux; Android 8.0.0; PIC-AL00 Build/HUAWEIPIC-AL00; wv) AppleWebKit/537.36 (KHTML, like Gecko) Version/4.0 Chrome/68.0.3440.91 Mobile Safari/537.36"
223.104.250.190 - - [05/Jan/2019:19:49:47 +0800] "GET /WEI_2100/systemclass_big_prc?bigsysid=ascause HTTP/1.1" 200 209 "http://merp.yudo.com.cn:8183/WEI_2100/WEI_2100?formKey=M20190105T194729937&menuSelection=asm" "Mozilla/5.0 (Linux; Android 8.0.0; PIC-AL00 Build/HUAWEIPIC-AL00; wv) AppleWebKit/537.36 (KHTML, like Gecko) Version/4.0 Chrome/68.0.3440.91 Mobile Safari/537.36"
223.104.250.190 - - [05/Jan/2019:19:49:47 +0800] "GET /WEI_2100/systemclass_big_prc?bigsysid=area HTTP/1.1" 200 751 "http://merp.yudo.com.cn:8183/WEI_2100/WEI_2100?formKey=M20190105T194729937&menuSelection=asm" "Mozilla/5.0 (Linux; Android 8.0.0; PIC-AL00 Build/HUAWEIPIC-AL00; wv) AppleWebKit/537.36 (KHTML, like Gecko) Version/4.0 Chrome/68.0.3440.91 Mobile Safari/537.36"
