117.136.68.186 - - [28/Jul/2018:14:14:19 +0800] "POST /JLAMPCommon/langRow_prc HTTP/1.1" 200 337 "http://merp.yudo.com.cn:8183/WEI_2000/WEI_2000?formKey=M20180728T140726363&menuSelection=asm" "Mozilla/5.0 (Linux; Android 8.0.0; ALP-AL00 Build/HUAWEIALP-AL00; wv) AppleWebKit/537.36 (KHTML, like Gecko) Version/4.0 Chrome/65.0.3325.109 Mobile Safari/537.36"
117.136.68.186 - - [28/Jul/2018:14:14:20 +0800] "POST /JLAMPCommon/langRow_prc HTTP/1.1" 200 299 "http://merp.yudo.com.cn:8183/WEI_2000/WEI_2000?formKey=M20180728T140726363&menuSelection=asm" "Mozilla/5.0 (Linux; Android 8.0.0; ALP-AL00 Build/HUAWEIALP-AL00; wv) AppleWebKit/537.36 (KHTML, like Gecko) Version/4.0 Chrome/65.0.3325.109 Mobile Safari/537.36"
117.136.68.186 - - [28/Jul/2018:14:14:20 +0800] "POST /JLAMPCommon/langRow_prc HTTP/1.1" 200 299 "http://merp.yudo.com.cn:8183/WEI_2000/WEI_2000?formKey=M20180728T140726363&menuSelection=asm" "Mozilla/5.0 (Linux; Android 8.0.0; ALP-AL00 Build/HUAWEIALP-AL00; wv) AppleWebKit/537.36 (KHTML, like Gecko) Version/4.0 Chrome/65.0.3325.109 Mobile Safari/537.36"
117.136.68.186 - - [28/Jul/2018:14:14:20 +0800] "POST /JLAMPCommon/langRow_prc HTTP/1.1" 200 245 "http://merp.yudo.com.cn:8183/WEI_2000/WEI_2000?formKey=M20180728T140726363&menuSelection=asm" "Mozilla/5.0 (Linux; Android 8.0.0; ALP-AL00 Build/HUAWEIALP-AL00; wv) AppleWebKit/537.36 (KHTML, like Gecko) Version/4.0 Chrome/65.0.3325.109 Mobile Safari/537.36"
117.136.68.186 - - [28/Jul/2018:14:14:21 +0800] "GET /WEI_2000/WEI_2000/login_user HTTP/1.1" 200 163 "http://merp.yudo.com.cn:8183/WEI_2000/WEI_2000?formKey=M20180728T140726363&menuSelection=asm" "Mozilla/5.0 (Linux; Android 8.0.0; ALP-AL00 Build/HUAWEIALP-AL00; wv) AppleWebKit/537.36 (KHTML, like Gecko) Version/4.0 Chrome/65.0.3325.109 Mobile Safari/537.36"
117.136.68.186 - - [28/Jul/2018:14:14:21 +0800] "GET /WEI_2000/WEI_2000/user_prc HTTP/1.1" 200 224231 "http://merp.yudo.com.cn:8183/WEI_2000/WEI_2000?formKey=M20180728T140726363&menuSelection=asm" "Mozilla/5.0 (Linux; Android 8.0.0; ALP-AL00 Build/HUAWEIALP-AL00; wv) AppleWebKit/537.36 (KHTML, like Gecko) Version/4.0 Chrome/65.0.3325.109 Mobile Safari/537.36"
117.136.68.186 - - [28/Jul/2018:14:14:21 +0800] "POST /JLAMPCommon/langRow_prc HTTP/1.1" 200 191 "http://merp.yudo.com.cn:8183/WEI_2000/WEI_2000?formKey=M20180728T140726363&menuSelection=asm" "Mozilla/5.0 (Linux; Android 8.0.0; ALP-AL00 Build/HUAWEIALP-AL00; wv) AppleWebKit/537.36 (KHTML, like Gecko) Version/4.0 Chrome/65.0.3325.109 Mobile Safari/537.36"
117.136.68.186 - - [28/Jul/2018:14:14:21 +0800] "POST /JLAMPCommon/langRow_prc HTTP/1.1" 200 203 "http://merp.yudo.com.cn:8183/WEI_2000/WEI_2000?formKey=M20180728T140726363&menuSelection=asm" "Mozilla/5.0 (Linux; Android 8.0.0; ALP-AL00 Build/HUAWEIALP-AL00; wv) AppleWebKit/537.36 (KHTML, like Gecko) Version/4.0 Chrome/65.0.3325.109 Mobile Safari/537.36"
117.136.68.186 - - [28/Jul/2018:14:14:26 +0800] "GET /css/fonts/mui.ttf HTTP/1.1" 200 29884 "http://merp.yudo.com.cn:8183/css/WEI_2000/mui.min.css?v=1001" "Mozilla/5.0 (Linux; Android 8.0.0; ALP-AL00 Build/HUAWEIALP-AL00; wv) AppleWebKit/537.36 (KHTML, like Gecko) Version/4.0 Chrome/65.0.3325.109 Mobile Safari/537.36"
223.104.146.79 - - [28/Jul/2018:14:14:26 +0800] "POST /main/login_prc HTTP/1.1" 200 104 "http://merp.yudo.com.cn:8183/?deviceType=mobile&devicePlatform=android" "Mozilla/5.0 (Linux; Android 5.1; OPPO R9m Build/LMY47I; wv) AppleWebKit/537.36 (KHTML, like Gecko) Version/4.0 Chrome/56.0.2924.87 Mobile Safari/537.36"
223.104.146.79 - - [28/Jul/2018:14:14:33 +0800] "POST /main/login_prc HTTP/1.1" 200 104 "http://merp.yudo.com.cn:8183/?deviceType=mobile&devicePlatform=android" "Mozilla/5.0 (Linux; Android 5.1; OPPO R9m Build/LMY47I; wv) AppleWebKit/537.36 (KHTML, like Gecko) Version/4.0 Chrome/56.0.2924.87 Mobile Safari/537.36"
117.136.68.155 - - [28/Jul/2018:14:14:42 +0800] "POST /main/login_prc HTTP/1.1" 200 104 "http://merp.yudo.com.cn:8183/?deviceType=mobile&devicePlatform=android" "Mozilla/5.0 (Linux; Android 8.0.0; DUK-AL20 Build/HUAWEIDUK-AL20; wv) AppleWebKit/537.36 (KHTML, like Gecko) Version/4.0 Chrome/66.0.3359.126 Mobile Safari/537.36"
117.136.68.155 - - [28/Jul/2018:14:14:45 +0800] "POST /main/login_prc HTTP/1.1" 200 104 "http://merp.yudo.com.cn:8183/?deviceType=mobile&devicePlatform=android" "Mozilla/5.0 (Linux; Android 8.0.0; DUK-AL20 Build/HUAWEIDUK-AL20; wv) AppleWebKit/537.36 (KHTML, like Gecko) Version/4.0 Chrome/66.0.3359.126 Mobile Safari/537.36"
117.136.68.155 - - [28/Jul/2018:14:14:48 +0800] "POST /main/login_prc HTTP/1.1" 200 104 "http://merp.yudo.com.cn:8183/?deviceType=mobile&devicePlatform=android" "Mozilla/5.0 (Linux; Android 8.0.0; DUK-AL20 Build/HUAWEIDUK-AL20; wv) AppleWebKit/537.36 (KHTML, like Gecko) Version/4.0 Chrome/66.0.3359.126 Mobile Safari/537.36"
117.136.68.186 - - [28/Jul/2018:14:15:09 +0800] "-" 408 - "-" "-"
117.136.68.155 - - [28/Jul/2018:14:15:23 +0800] "POST /main/login_prc HTTP/1.1" 200 44 "http://merp.yudo.com.cn:8183/?deviceType=mobile&devicePlatform=android" "Mozilla/5.0 (Linux; Android 8.0.0; DUK-AL20 Build/HUAWEIDUK-AL20; wv) AppleWebKit/537.36 (KHTML, like Gecko) Version/4.0 Chrome/66.0.3359.126 Mobile Safari/537.36"
117.136.68.155 - - [28/Jul/2018:14:15:23 +0800] "POST /main/checkMenuAuth_prc HTTP/1.1" 200 44 "http://merp.yudo.com.cn:8183/?deviceType=mobile&devicePlatform=android" "Mozilla/5.0 (Linux; Android 8.0.0; DUK-AL20 Build/HUAWEIDUK-AL20; wv) AppleWebKit/537.36 (KHTML, like Gecko) Version/4.0 Chrome/66.0.3359.126 Mobile Safari/537.36"
117.136.68.155 - - [28/Jul/2018:14:15:24 +0800] "POST / HTTP/1.1" 302 149 "http://merp.yudo.com.cn:8183/?deviceType=mobile&devicePlatform=android" "Mozilla/5.0 (Linux; Android 8.0.0; DUK-AL20 Build/HUAWEIDUK-AL20; wv) AppleWebKit/537.36 (KHTML, like Gecko) Version/4.0 Chrome/66.0.3359.126 Mobile Safari/537.36"
117.136.68.155 - - [28/Jul/2018:14:15:24 +0800] "POST / HTTP/1.1" 302 149 "http://merp.yudo.com.cn:8183/?deviceType=mobile&devicePlatform=android" "Mozilla/5.0 (Linux; Android 8.0.0; DUK-AL20 Build/HUAWEIDUK-AL20; wv) AppleWebKit/537.36 (KHTML, like Gecko) Version/4.0 Chrome/66.0.3359.126 Mobile Safari/537.36"
117.136.68.155 - - [28/Jul/2018:14:15:24 +0800] "GET /Menu/Menu?formKey=M20180728T141206523 HTTP/1.1" 200 6094 "http://merp.yudo.com.cn:8183/?deviceType=mobile&devicePlatform=android" "Mozilla/5.0 (Linux; Android 8.0.0; DUK-AL20 Build/HUAWEIDUK-AL20; wv) AppleWebKit/537.36 (KHTML, like Gecko) Version/4.0 Chrome/66.0.3359.126 Mobile Safari/537.36"
117.136.68.155 - - [28/Jul/2018:14:15:25 +0800] "GET /css/Menu/Menu.css?v=1002 HTTP/1.1" 200 1901 "http://merp.yudo.com.cn:8183/Menu/Menu?formKey=M20180728T141206523" "Mozilla/5.0 (Linux; Android 8.0.0; DUK-AL20 Build/HUAWEIDUK-AL20; wv) AppleWebKit/537.36 (KHTML, like Gecko) Version/4.0 Chrome/66.0.3359.126 Mobile Safari/537.36"
117.136.68.155 - - [28/Jul/2018:14:15:25 +0800] "GET /js/Menu/Menu.js?v=1005 HTTP/1.1" 200 2291 "http://merp.yudo.com.cn:8183/Menu/Menu?formKey=M20180728T141206523" "Mozilla/5.0 (Linux; Android 8.0.0; DUK-AL20 Build/HUAWEIDUK-AL20; wv) AppleWebKit/537.36 (KHTML, like Gecko) Version/4.0 Chrome/66.0.3359.126 Mobile Safari/537.36"
117.136.68.155 - - [28/Jul/2018:14:15:25 +0800] "GET /css/WEI_2000/mui.min.css?v=1001 HTTP/1.1" 200 74864 "http://merp.yudo.com.cn:8183/Menu/Menu?formKey=M20180728T141206523" "Mozilla/5.0 (Linux; Android 8.0.0; DUK-AL20 Build/HUAWEIDUK-AL20; wv) AppleWebKit/537.36 (KHTML, like Gecko) Version/4.0 Chrome/66.0.3359.126 Mobile Safari/537.36"
117.136.68.155 - - [28/Jul/2018:14:15:25 +0800] "GET /js/WEI_2000/mui.min.js HTTP/1.1" 200 115810 "http://merp.yudo.com.cn:8183/Menu/Menu?formKey=M20180728T141206523" "Mozilla/5.0 (Linux; Android 8.0.0; DUK-AL20 Build/HUAWEIDUK-AL20; wv) AppleWebKit/537.36 (KHTML, like Gecko) Version/4.0 Chrome/66.0.3359.126 Mobile Safari/537.36"
117.136.68.155 - - [28/Jul/2018:14:15:26 +0800] "GET /image/MI.png HTTP/1.1" 200 3083 "http://merp.yudo.com.cn:8183/Menu/Menu?formKey=M20180728T141206523" "Mozilla/5.0 (Linux; Android 8.0.0; DUK-AL20 Build/HUAWEIDUK-AL20; wv) AppleWebKit/537.36 (KHTML, like Gecko) Version/4.0 Chrome/66.0.3359.126 Mobile Safari/537.36"
117.136.68.155 - - [28/Jul/2018:14:15:26 +0800] "GET /image/SM.png HTTP/1.1" 200 3070 "http://merp.yudo.com.cn:8183/Menu/Menu?formKey=M20180728T141206523" "Mozilla/5.0 (Linux; Android 8.0.0; DUK-AL20 Build/HUAWEIDUK-AL20; wv) AppleWebKit/537.36 (KHTML, like Gecko) Version/4.0 Chrome/66.0.3359.126 Mobile Safari/537.36"
117.136.68.155 - - [28/Jul/2018:14:15:26 +0800] "GET /image/ASM.png HTTP/1.1" 200 21273 "http://merp.yudo.com.cn:8183/Menu/Menu?formKey=M20180728T141206523" "Mozilla/5.0 (Linux; Android 8.0.0; DUK-AL20 Build/HUAWEIDUK-AL20; wv) AppleWebKit/537.36 (KHTML, like Gecko) Version/4.0 Chrome/66.0.3359.126 Mobile Safari/537.36"
117.136.68.155 - - [28/Jul/2018:14:15:26 +0800] "POST /JLAMPCommon/langBatchRows_prc HTTP/1.1" 200 595 "http://merp.yudo.com.cn:8183/Menu/Menu?formKey=M20180728T141206523" "Mozilla/5.0 (Linux; Android 8.0.0; DUK-AL20 Build/HUAWEIDUK-AL20; wv) AppleWebKit/537.36 (KHTML, like Gecko) Version/4.0 Chrome/66.0.3359.126 Mobile Safari/537.36"
117.136.68.155 - - [28/Jul/2018:14:15:27 +0800] "GET /JLAMPCommon/getCookieJson_prc HTTP/1.1" 200 861 "http://merp.yudo.com.cn:8183/Menu/Menu?formKey=M20180728T141206523" "Mozilla/5.0 (Linux; Android 8.0.0; DUK-AL20 Build/HUAWEIDUK-AL20; wv) AppleWebKit/537.36 (KHTML, like Gecko) Version/4.0 Chrome/66.0.3359.126 Mobile Safari/537.36"
117.136.68.155 - - [28/Jul/2018:14:15:27 +0800] "GET /Menu/doMenuRows_prc?formKey=M20180728T141206523 HTTP/1.1" 200 1622 "http://merp.yudo.com.cn:8183/Menu/Menu?formKey=M20180728T141206523" "Mozilla/5.0 (Linux; Android 8.0.0; DUK-AL20 Build/HUAWEIDUK-AL20; wv) AppleWebKit/537.36 (KHTML, like Gecko) Version/4.0 Chrome/66.0.3359.126 Mobile Safari/537.36"
117.136.68.155 - - [28/Jul/2018:14:15:27 +0800] "GET /image/menu_allow.png HTTP/1.1" 200 2728 "http://merp.yudo.com.cn:8183/Menu/Menu?formKey=M20180728T141206523" "Mozilla/5.0 (Linux; Android 8.0.0; DUK-AL20 Build/HUAWEIDUK-AL20; wv) AppleWebKit/537.36 (KHTML, like Gecko) Version/4.0 Chrome/66.0.3359.126 Mobile Safari/537.36"
117.136.68.186 - - [28/Jul/2018:14:15:37 +0800] "GET /WEI_2000/WEI_2000/mt_list?orderid=2018070083&custnm=&count=0 HTTP/1.1" 200 66 "http://merp.yudo.com.cn:8183/WEI_2000/WEI_2000?formKey=M20180728T140726363&menuSelection=asm" "Mozilla/5.0 (Linux; Android 8.0.0; ALP-AL00 Build/HUAWEIALP-AL00; wv) AppleWebKit/537.36 (KHTML, like Gecko) Version/4.0 Chrome/65.0.3325.109 Mobile Safari/537.36"
117.136.68.155 - - [28/Jul/2018:14:15:45 +0800] "GET /WEI_1100/WEI_1100?formKey=M20180728T141206523&menuSelection=sm HTTP/1.1" 200 7858 "http://merp.yudo.com.cn:8183/Menu/Menu?formKey=M20180728T141206523" "Mozilla/5.0 (Linux; Android 8.0.0; DUK-AL20 Build/HUAWEIDUK-AL20; wv) AppleWebKit/537.36 (KHTML, like Gecko) Version/4.0 Chrome/66.0.3359.126 Mobile Safari/537.36"
117.136.68.155 - - [28/Jul/2018:14:15:46 +0800] "GET /css/WEI_1100/WEI_1100_Lists.css HTTP/1.1" 200 121 "http://merp.yudo.com.cn:8183/WEI_1100/WEI_1100?formKey=M20180728T141206523&menuSelection=sm" "Mozilla/5.0 (Linux; Android 8.0.0; DUK-AL20 Build/HUAWEIDUK-AL20; wv) AppleWebKit/537.36 (KHTML, like Gecko) Version/4.0 Chrome/66.0.3359.126 Mobile Safari/537.36"
117.136.68.155 - - [28/Jul/2018:14:15:46 +0800] "GET /js/WEI_1100/WEI_1100_Lists.js?v=20180205001 HTTP/1.1" 200 8642 "http://merp.yudo.com.cn:8183/WEI_1100/WEI_1100?formKey=M20180728T141206523&menuSelection=sm" "Mozilla/5.0 (Linux; Android 8.0.0; DUK-AL20 Build/HUAWEIDUK-AL20; wv) AppleWebKit/537.36 (KHTML, like Gecko) Version/4.0 Chrome/66.0.3359.126 Mobile Safari/537.36"
117.136.68.155 - - [28/Jul/2018:14:15:46 +0800] "GET /image/no_chart.png HTTP/1.1" 200 2051 "http://merp.yudo.com.cn:8183/WEI_1100/WEI_1100?formKey=M20180728T141206523&menuSelection=sm" "Mozilla/5.0 (Linux; Android 8.0.0; DUK-AL20 Build/HUAWEIDUK-AL20; wv) AppleWebKit/537.36 (KHTML, like Gecko) Version/4.0 Chrome/66.0.3359.126 Mobile Safari/537.36"
117.136.68.155 - - [28/Jul/2018:14:15:46 +0800] "POST /JLAMPCommon/langBatchRows_prc HTTP/1.1" 200 2032 "http://merp.yudo.com.cn:8183/WEI_1100/WEI_1100?formKey=M20180728T141206523&menuSelection=sm" "Mozilla/5.0 (Linux; Android 8.0.0; DUK-AL20 Build/HUAWEIDUK-AL20; wv) AppleWebKit/537.36 (KHTML, like Gecko) Version/4.0 Chrome/66.0.3359.126 Mobile Safari/537.36"
117.136.68.155 - - [28/Jul/2018:14:15:46 +0800] "GET /JLAMPCommon/getCookieJson_prc HTTP/1.1" 200 861 "http://merp.yudo.com.cn:8183/WEI_1100/WEI_1100?formKey=M20180728T141206523&menuSelection=sm" "Mozilla/5.0 (Linux; Android 8.0.0; DUK-AL20 Build/HUAWEIDUK-AL20; wv) AppleWebKit/537.36 (KHTML, like Gecko) Version/4.0 Chrome/66.0.3359.126 Mobile Safari/537.36"
117.136.68.155 - - [28/Jul/2018:14:15:47 +0800] "POST /JLAMPCommon/langRow_prc HTTP/1.1" 200 191 "http://merp.yudo.com.cn:8183/WEI_1100/WEI_1100?formKey=M20180728T141206523&menuSelection=sm" "Mozilla/5.0 (Linux; Android 8.0.0; DUK-AL20 Build/HUAWEIDUK-AL20; wv) AppleWebKit/537.36 (KHTML, like Gecko) Version/4.0 Chrome/66.0.3359.126 Mobile Safari/537.36"
117.136.68.155 - - [28/Jul/2018:14:15:47 +0800] "POST /JLAMPCommon/langRow_prc HTTP/1.1" 200 203 "http://merp.yudo.com.cn:8183/WEI_1100/WEI_1100?formKey=M20180728T141206523&menuSelection=sm" "Mozilla/5.0 (Linux; Android 8.0.0; DUK-AL20 Build/HUAWEIDUK-AL20; wv) AppleWebKit/537.36 (KHTML, like Gecko) Version/4.0 Chrome/66.0.3359.126 Mobile Safari/537.36"
117.136.68.155 - - [28/Jul/2018:14:15:50 +0800] "GET /WEI_1100/WEI_1100/lists_prc?workType=M&baseDate=2018-07-28 HTTP/1.1" 200 5110 "http://merp.yudo.com.cn:8183/WEI_1100/WEI_1100?formKey=M20180728T141206523&menuSelection=sm" "Mozilla/5.0 (Linux; Android 8.0.0; DUK-AL20 Build/HUAWEIDUK-AL20; wv) AppleWebKit/537.36 (KHTML, like Gecko) Version/4.0 Chrome/66.0.3359.126 Mobile Safari/537.36"
117.136.68.155 - - [28/Jul/2018:14:15:52 +0800] "POST /JLAMPCommon/langRow_prc HTTP/1.1" 200 263 "http://merp.yudo.com.cn:8183/WEI_1100/WEI_1100?formKey=M20180728T141206523&menuSelection=sm" "Mozilla/5.0 (Linux; Android 8.0.0; DUK-AL20 Build/HUAWEIDUK-AL20; wv) AppleWebKit/537.36 (KHTML, like Gecko) Version/4.0 Chrome/66.0.3359.126 Mobile Safari/537.36"
117.136.68.155 - - [28/Jul/2018:14:15:53 +0800] "POST /JLAMPCommon/langRow_prc HTTP/1.1" 200 263 "http://merp.yudo.com.cn:8183/WEI_1100/WEI_1100?formKey=M20180728T141206523&menuSelection=sm" "Mozilla/5.0 (Linux; Android 8.0.0; DUK-AL20 Build/HUAWEIDUK-AL20; wv) AppleWebKit/537.36 (KHTML, like Gecko) Version/4.0 Chrome/66.0.3359.126 Mobile Safari/537.36"
117.136.68.155 - - [28/Jul/2018:14:15:54 +0800] "POST /JLAMPCommon/langRow_prc HTTP/1.1" 200 263 "http://merp.yudo.com.cn:8183/WEI_1100/WEI_1100?formKey=M20180728T141206523&menuSelection=sm" "Mozilla/5.0 (Linux; Android 8.0.0; DUK-AL20 Build/HUAWEIDUK-AL20; wv) AppleWebKit/537.36 (KHTML, like Gecko) Version/4.0 Chrome/66.0.3359.126 Mobile Safari/537.36"
117.136.68.155 - - [28/Jul/2018:14:15:54 +0800] "POST /JLAMPCommon/langRow_prc HTTP/1.1" 200 263 "http://merp.yudo.com.cn:8183/WEI_1100/WEI_1100?formKey=M20180728T141206523&menuSelection=sm" "Mozilla/5.0 (Linux; Android 8.0.0; DUK-AL20 Build/HUAWEIDUK-AL20; wv) AppleWebKit/537.36 (KHTML, like Gecko) Version/4.0 Chrome/66.0.3359.126 Mobile Safari/537.36"
117.136.68.155 - - [28/Jul/2018:14:15:54 +0800] "POST /JLAMPCommon/langRow_prc HTTP/1.1" 200 299 "http://merp.yudo.com.cn:8183/WEI_1100/WEI_1100?formKey=M20180728T141206523&menuSelection=sm" "Mozilla/5.0 (Linux; Android 8.0.0; DUK-AL20 Build/HUAWEIDUK-AL20; wv) AppleWebKit/537.36 (KHTML, like Gecko) Version/4.0 Chrome/66.0.3359.126 Mobile Safari/537.36"
117.136.68.155 - - [28/Jul/2018:14:16:03 +0800] "GET /Menu/Menu/menuLists?formKey=M20180728T141206523&menuSelection=sm HTTP/1.1" 200 6096 "http://merp.yudo.com.cn:8183/WEI_1100/WEI_1100?formKey=M20180728T141206523&menuSelection=sm" "Mozilla/5.0 (Linux; Android 8.0.0; DUK-AL20 Build/HUAWEIDUK-AL20; wv) AppleWebKit/537.36 (KHTML, like Gecko) Version/4.0 Chrome/66.0.3359.126 Mobile Safari/537.36"
117.136.68.155 - - [28/Jul/2018:14:16:04 +0800] "POST /JLAMPCommon/langBatchRows_prc HTTP/1.1" 200 595 "http://merp.yudo.com.cn:8183/Menu/Menu/menuLists?formKey=M20180728T141206523&menuSelection=sm" "Mozilla/5.0 (Linux; Android 8.0.0; DUK-AL20 Build/HUAWEIDUK-AL20; wv) AppleWebKit/537.36 (KHTML, like Gecko) Version/4.0 Chrome/66.0.3359.126 Mobile Safari/537.36"
117.136.68.155 - - [28/Jul/2018:14:16:04 +0800] "GET /JLAMPCommon/getCookieJson_prc HTTP/1.1" 200 861 "http://merp.yudo.com.cn:8183/Menu/Menu/menuLists?formKey=M20180728T141206523&menuSelection=sm" "Mozilla/5.0 (Linux; Android 8.0.0; DUK-AL20 Build/HUAWEIDUK-AL20; wv) AppleWebKit/537.36 (KHTML, like Gecko) Version/4.0 Chrome/66.0.3359.126 Mobile Safari/537.36"
117.136.68.155 - - [28/Jul/2018:14:16:04 +0800] "GET /Menu/doMenuRows_prc?formKey=M20180728T141206523 HTTP/1.1" 200 1622 "http://merp.yudo.com.cn:8183/Menu/Menu/menuLists?formKey=M20180728T141206523&menuSelection=sm" "Mozilla/5.0 (Linux; Android 8.0.0; DUK-AL20 Build/HUAWEIDUK-AL20; wv) AppleWebKit/537.36 (KHTML, like Gecko) Version/4.0 Chrome/66.0.3359.126 Mobile Safari/537.36"
117.136.68.155 - - [28/Jul/2018:14:16:09 +0800] "GET /?deviceType=mobile&devicePlatform=android HTTP/1.1" 302 149 "-" "Mozilla/5.0 (Linux; Android 8.0.0; DUK-AL20 Build/HUAWEIDUK-AL20; wv) AppleWebKit/537.36 (KHTML, like Gecko) Version/4.0 Chrome/66.0.3359.126 Mobile Safari/537.36"
223.104.146.79 - - [28/Jul/2018:14:16:09 +0800] "GET /?deviceType=mobile&devicePlatform=android HTTP/1.1" 200 7901 "-" "Mozilla/5.0 (Linux; Android 5.1; OPPO R9m Build/LMY47I; wv) AppleWebKit/537.36 (KHTML, like Gecko) Version/4.0 Chrome/56.0.2924.87 Mobile Safari/537.36"
117.136.68.155 - - [28/Jul/2018:14:16:09 +0800] "GET /Menu/Menu?formKey=M20180728T141251437 HTTP/1.1" 200 6094 "-" "Mozilla/5.0 (Linux; Android 8.0.0; DUK-AL20 Build/HUAWEIDUK-AL20; wv) AppleWebKit/537.36 (KHTML, like Gecko) Version/4.0 Chrome/66.0.3359.126 Mobile Safari/537.36"
117.136.68.155 - - [28/Jul/2018:14:16:10 +0800] "POST /JLAMPCommon/langBatchRows_prc HTTP/1.1" 200 595 "http://merp.yudo.com.cn:8183/Menu/Menu?formKey=M20180728T141251437" "Mozilla/5.0 (Linux; Android 8.0.0; DUK-AL20 Build/HUAWEIDUK-AL20; wv) AppleWebKit/537.36 (KHTML, like Gecko) Version/4.0 Chrome/66.0.3359.126 Mobile Safari/537.36"
117.136.68.155 - - [28/Jul/2018:14:16:10 +0800] "GET /JLAMPCommon/getCookieJson_prc HTTP/1.1" 200 861 "http://merp.yudo.com.cn:8183/Menu/Menu?formKey=M20180728T141251437" "Mozilla/5.0 (Linux; Android 8.0.0; DUK-AL20 Build/HUAWEIDUK-AL20; wv) AppleWebKit/537.36 (KHTML, like Gecko) Version/4.0 Chrome/66.0.3359.126 Mobile Safari/537.36"
117.136.68.155 - - [28/Jul/2018:14:16:10 +0800] "GET /Menu/doMenuRows_prc?formKey=M20180728T141251437 HTTP/1.1" 200 1622 "http://merp.yudo.com.cn:8183/Menu/Menu?formKey=M20180728T141251437" "Mozilla/5.0 (Linux; Android 8.0.0; DUK-AL20 Build/HUAWEIDUK-AL20; wv) AppleWebKit/537.36 (KHTML, like Gecko) Version/4.0 Chrome/66.0.3359.126 Mobile Safari/537.36"
117.136.68.155 - - [28/Jul/2018:14:16:11 +0800] "GET /image/favicon.ico HTTP/1.1" 404 1133 "http://merp.yudo.com.cn:8183/Menu/Menu?formKey=M20180728T141251437" "Mozilla/5.0 (Linux; Android 8.0.0; DUK-AL20 Build/HUAWEIDUK-AL20; wv) AppleWebKit/537.36 (KHTML, like Gecko) Version/4.0 Chrome/66.0.3359.126 Mobile Safari/537.36"
223.104.146.79 - - [28/Jul/2018:14:16:09 +0800] "GET /third_party/KendoUI/js/kendo.all.min.js HTTP/1.1" 200 3038548 "http://merp.yudo.com.cn:8183/?deviceType=mobile&devicePlatform=android" "Mozilla/5.0 (Linux; Android 5.1; OPPO R9m Build/LMY47I; wv) AppleWebKit/537.36 (KHTML, like Gecko) Version/4.0 Chrome/56.0.2924.87 Mobile Safari/537.36"
223.104.146.79 - - [28/Jul/2018:14:16:20 +0800] "GET /JLAMPCommon/getCookieJson_prc HTTP/1.1" 200 62 "http://merp.yudo.com.cn:8183/?deviceType=mobile&devicePlatform=android" "Mozilla/5.0 (Linux; Android 5.1; OPPO R9m Build/LMY47I; wv) AppleWebKit/537.36 (KHTML, like Gecko) Version/4.0 Chrome/56.0.2924.87 Mobile Safari/537.36"
117.136.68.155 - - [28/Jul/2018:14:16:20 +0800] "GET /?deviceType=mobile&devicePlatform=android HTTP/1.1" 302 149 "-" "Mozilla/5.0 (Linux; Android 8.0.0; DUK-AL20 Build/HUAWEIDUK-AL20; wv) AppleWebKit/537.36 (KHTML, like Gecko) Version/4.0 Chrome/66.0.3359.126 Mobile Safari/537.36"
223.104.146.79 - - [28/Jul/2018:14:16:20 +0800] "GET /image/favicon.ico HTTP/1.1" 404 1133 "http://merp.yudo.com.cn:8183/?deviceType=mobile&devicePlatform=android" "Mozilla/5.0 (Linux; Android 5.1; OPPO R9m Build/LMY47I; wv) AppleWebKit/537.36 (KHTML, like Gecko) Version/4.0 Chrome/56.0.2924.87 Mobile Safari/537.36"
117.136.68.186 - - [28/Jul/2018:14:16:19 +0800] "GET /WEI_2000/WEI_2000/mt_list?orderid=2018070781&custnm=&count=0 HTTP/1.1" 200 66 "http://merp.yudo.com.cn:8183/WEI_2000/WEI_2000?formKey=M20180728T140726363&menuSelection=asm" "Mozilla/5.0 (Linux; Android 8.0.0; ALP-AL00 Build/HUAWEIALP-AL00; wv) AppleWebKit/537.36 (KHTML, like Gecko) Version/4.0 Chrome/65.0.3325.109 Mobile Safari/537.36"
117.136.68.155 - - [28/Jul/2018:14:16:20 +0800] "GET /Menu/Menu?formKey=M20180728T141302433 HTTP/1.1" 200 6094 "-" "Mozilla/5.0 (Linux; Android 8.0.0; DUK-AL20 Build/HUAWEIDUK-AL20; wv) AppleWebKit/537.36 (KHTML, like Gecko) Version/4.0 Chrome/66.0.3359.126 Mobile Safari/537.36"
117.136.68.155 - - [28/Jul/2018:14:16:21 +0800] "POST /JLAMPCommon/langBatchRows_prc HTTP/1.1" 200 595 "http://merp.yudo.com.cn:8183/Menu/Menu?formKey=M20180728T141302433" "Mozilla/5.0 (Linux; Android 8.0.0; DUK-AL20 Build/HUAWEIDUK-AL20; wv) AppleWebKit/537.36 (KHTML, like Gecko) Version/4.0 Chrome/66.0.3359.126 Mobile Safari/537.36"
117.136.68.155 - - [28/Jul/2018:14:16:21 +0800] "GET /JLAMPCommon/getCookieJson_prc HTTP/1.1" 200 861 "http://merp.yudo.com.cn:8183/Menu/Menu?formKey=M20180728T141302433" "Mozilla/5.0 (Linux; Android 8.0.0; DUK-AL20 Build/HUAWEIDUK-AL20; wv) AppleWebKit/537.36 (KHTML, like Gecko) Version/4.0 Chrome/66.0.3359.126 Mobile Safari/537.36"
117.136.68.155 - - [28/Jul/2018:14:16:22 +0800] "GET /Menu/doMenuRows_prc?formKey=M20180728T141302433 HTTP/1.1" 200 1622 "http://merp.yudo.com.cn:8183/Menu/Menu?formKey=M20180728T141302433" "Mozilla/5.0 (Linux; Android 8.0.0; DUK-AL20 Build/HUAWEIDUK-AL20; wv) AppleWebKit/537.36 (KHTML, like Gecko) Version/4.0 Chrome/66.0.3359.126 Mobile Safari/537.36"
117.136.68.155 - - [28/Jul/2018:14:16:23 +0800] "GET /image/favicon.ico HTTP/1.1" 404 1133 "http://merp.yudo.com.cn:8183/Menu/Menu?formKey=M20180728T141302433" "Mozilla/5.0 (Linux; Android 8.0.0; DUK-AL20 Build/HUAWEIDUK-AL20; wv) AppleWebKit/537.36 (KHTML, like Gecko) Version/4.0 Chrome/66.0.3359.126 Mobile Safari/537.36"
117.136.68.155 - - [28/Jul/2018:14:16:39 +0800] "GET /?deviceType=mobile&devicePlatform=android HTTP/1.1" 302 149 "-" "Mozilla/5.0 (Linux; Android 8.0.0; DUK-AL20 Build/HUAWEIDUK-AL20; wv) AppleWebKit/537.36 (KHTML, like Gecko) Version/4.0 Chrome/66.0.3359.126 Mobile Safari/537.36"
117.136.68.155 - - [28/Jul/2018:14:16:39 +0800] "GET /Menu/Menu?formKey=M20180728T141321233 HTTP/1.1" 200 6094 "-" "Mozilla/5.0 (Linux; Android 8.0.0; DUK-AL20 Build/HUAWEIDUK-AL20; wv) AppleWebKit/537.36 (KHTML, like Gecko) Version/4.0 Chrome/66.0.3359.126 Mobile Safari/537.36"
117.136.68.155 - - [28/Jul/2018:14:16:40 +0800] "POST /JLAMPCommon/langBatchRows_prc HTTP/1.1" 200 595 "http://merp.yudo.com.cn:8183/Menu/Menu?formKey=M20180728T141321233" "Mozilla/5.0 (Linux; Android 8.0.0; DUK-AL20 Build/HUAWEIDUK-AL20; wv) AppleWebKit/537.36 (KHTML, like Gecko) Version/4.0 Chrome/66.0.3359.126 Mobile Safari/537.36"
117.136.68.155 - - [28/Jul/2018:14:16:40 +0800] "GET /JLAMPCommon/getCookieJson_prc HTTP/1.1" 200 861 "http://merp.yudo.com.cn:8183/Menu/Menu?formKey=M20180728T141321233" "Mozilla/5.0 (Linux; Android 8.0.0; DUK-AL20 Build/HUAWEIDUK-AL20; wv) AppleWebKit/537.36 (KHTML, like Gecko) Version/4.0 Chrome/66.0.3359.126 Mobile Safari/537.36"
117.136.68.155 - - [28/Jul/2018:14:16:40 +0800] "GET /Menu/doMenuRows_prc?formKey=M20180728T141321233 HTTP/1.1" 200 1622 "http://merp.yudo.com.cn:8183/Menu/Menu?formKey=M20180728T141321233" "Mozilla/5.0 (Linux; Android 8.0.0; DUK-AL20 Build/HUAWEIDUK-AL20; wv) AppleWebKit/537.36 (KHTML, like Gecko) Version/4.0 Chrome/66.0.3359.126 Mobile Safari/537.36"
117.136.68.155 - - [28/Jul/2018:14:16:41 +0800] "GET /image/favicon.ico HTTP/1.1" 404 1133 "http://merp.yudo.com.cn:8183/Menu/Menu?formKey=M20180728T141321233" "Mozilla/5.0 (Linux; Android 8.0.0; DUK-AL20 Build/HUAWEIDUK-AL20; wv) AppleWebKit/537.36 (KHTML, like Gecko) Version/4.0 Chrome/66.0.3359.126 Mobile Safari/537.36"
117.136.68.155 - - [28/Jul/2018:14:16:48 +0800] "POST /JLAMPCommon/setFormAccessLog_prc HTTP/1.1" 200 75 "http://merp.yudo.com.cn:8183/Menu/Menu?formKey=M20180728T141321233" "Mozilla/5.0 (Linux; Android 8.0.0; DUK-AL20 Build/HUAWEIDUK-AL20; wv) AppleWebKit/537.36 (KHTML, like Gecko) Version/4.0 Chrome/66.0.3359.126 Mobile Safari/537.36"
117.136.68.155 - - [28/Jul/2018:14:16:48 +0800] "POST /main/logout_prc HTTP/1.1" 200 44 "http://merp.yudo.com.cn:8183/Menu/Menu?formKey=M20180728T141321233" "Mozilla/5.0 (Linux; Android 8.0.0; DUK-AL20 Build/HUAWEIDUK-AL20; wv) AppleWebKit/537.36 (KHTML, like Gecko) Version/4.0 Chrome/66.0.3359.126 Mobile Safari/537.36"
117.136.68.155 - - [28/Jul/2018:14:16:50 +0800] "GET /?deviceType=mobile&devicePlatform=android HTTP/1.1" 200 7898 "http://merp.yudo.com.cn:8183/Menu/Menu?formKey=M20180728T141321233" "Mozilla/5.0 (Linux; Android 8.0.0; DUK-AL20 Build/HUAWEIDUK-AL20; wv) AppleWebKit/537.36 (KHTML, like Gecko) Version/4.0 Chrome/66.0.3359.126 Mobile Safari/537.36"
117.136.68.186 - - [28/Jul/2018:14:16:52 +0800] "GET /WEI_2000/WEI_2000/mt_list?orderid=2017022534&custnm=&count=0 HTTP/1.1" 200 66 "http://merp.yudo.com.cn:8183/WEI_2000/WEI_2000?formKey=M20180728T140726363&menuSelection=asm" "Mozilla/5.0 (Linux; Android 8.0.0; ALP-AL00 Build/HUAWEIALP-AL00; wv) AppleWebKit/537.36 (KHTML, like Gecko) Version/4.0 Chrome/65.0.3325.109 Mobile Safari/537.36"
117.136.68.155 - - [28/Jul/2018:14:16:50 +0800] "GET /third_party/KendoUI/js/kendo.all.min.js HTTP/1.1" 200 3038548 "http://merp.yudo.com.cn:8183/?deviceType=mobile&devicePlatform=android" "Mozilla/5.0 (Linux; Android 8.0.0; DUK-AL20 Build/HUAWEIDUK-AL20; wv) AppleWebKit/537.36 (KHTML, like Gecko) Version/4.0 Chrome/66.0.3359.126 Mobile Safari/537.36"
117.136.68.186 - - [28/Jul/2018:14:16:59 +0800] "GET /Menu/Menu/menuLists?formKey=M20180728T140726363&menuSelection=asm HTTP/1.1" 200 6097 "http://merp.yudo.com.cn:8183/WEI_2000/WEI_2000?formKey=M20180728T140726363&menuSelection=asm" "Mozilla/5.0 (Linux; Android 8.0.0; ALP-AL00 Build/HUAWEIALP-AL00; wv) AppleWebKit/537.36 (KHTML, like Gecko) Version/4.0 Chrome/65.0.3325.109 Mobile Safari/537.36"
117.136.68.155 - - [28/Jul/2018:14:16:59 +0800] "GET /JLAMPCommon/getCookieJson_prc HTTP/1.1" 200 62 "http://merp.yudo.com.cn:8183/?deviceType=mobile&devicePlatform=android" "Mozilla/5.0 (Linux; Android 8.0.0; DUK-AL20 Build/HUAWEIDUK-AL20; wv) AppleWebKit/537.36 (KHTML, like Gecko) Version/4.0 Chrome/66.0.3359.126 Mobile Safari/537.36"
117.136.68.186 - - [28/Jul/2018:14:16:59 +0800] "POST /JLAMPCommon/langBatchRows_prc HTTP/1.1" 200 595 "http://merp.yudo.com.cn:8183/Menu/Menu/menuLists?formKey=M20180728T140726363&menuSelection=asm" "Mozilla/5.0 (Linux; Android 8.0.0; ALP-AL00 Build/HUAWEIALP-AL00; wv) AppleWebKit/537.36 (KHTML, like Gecko) Version/4.0 Chrome/65.0.3325.109 Mobile Safari/537.36"
117.136.68.186 - - [28/Jul/2018:14:17:00 +0800] "GET /JLAMPCommon/getCookieJson_prc HTTP/1.1" 200 861 "http://merp.yudo.com.cn:8183/Menu/Menu/menuLists?formKey=M20180728T140726363&menuSelection=asm" "Mozilla/5.0 (Linux; Android 8.0.0; ALP-AL00 Build/HUAWEIALP-AL00; wv) AppleWebKit/537.36 (KHTML, like Gecko) Version/4.0 Chrome/65.0.3325.109 Mobile Safari/537.36"
117.136.68.186 - - [28/Jul/2018:14:17:00 +0800] "GET /Menu/doMenuRows_prc?formKey=M20180728T140726363 HTTP/1.1" 200 1622 "http://merp.yudo.com.cn:8183/Menu/Menu/menuLists?formKey=M20180728T140726363&menuSelection=asm" "Mozilla/5.0 (Linux; Android 8.0.0; ALP-AL00 Build/HUAWEIALP-AL00; wv) AppleWebKit/537.36 (KHTML, like Gecko) Version/4.0 Chrome/65.0.3325.109 Mobile Safari/537.36"
117.136.68.186 - - [28/Jul/2018:14:17:05 +0800] "GET /WEI_2100/WEI_2100?formKey=M20180728T140726363&menuSelection=asm HTTP/1.1" 200 87605 "http://merp.yudo.com.cn:8183/Menu/Menu/menuLists?formKey=M20180728T140726363&menuSelection=asm" "Mozilla/5.0 (Linux; Android 8.0.0; ALP-AL00 Build/HUAWEIALP-AL00; wv) AppleWebKit/537.36 (KHTML, like Gecko) Version/4.0 Chrome/65.0.3325.109 Mobile Safari/537.36"
117.136.68.186 - - [28/Jul/2018:14:17:05 +0800] "GET /css/WEI_2100/WEI_2100_Lists.css?v=201806080934 HTTP/1.1" 200 10369 "http://merp.yudo.com.cn:8183/WEI_2100/WEI_2100?formKey=M20180728T140726363&menuSelection=asm" "Mozilla/5.0 (Linux; Android 8.0.0; ALP-AL00 Build/HUAWEIALP-AL00; wv) AppleWebKit/537.36 (KHTML, like Gecko) Version/4.0 Chrome/65.0.3325.109 Mobile Safari/537.36"
117.136.68.186 - - [28/Jul/2018:14:17:05 +0800] "GET /js/WEI_2100/css/layui.css HTTP/1.1" 200 62448 "http://merp.yudo.com.cn:8183/WEI_2100/WEI_2100?formKey=M20180728T140726363&menuSelection=asm" "Mozilla/5.0 (Linux; Android 8.0.0; ALP-AL00 Build/HUAWEIALP-AL00; wv) AppleWebKit/537.36 (KHTML, like Gecko) Version/4.0 Chrome/65.0.3325.109 Mobile Safari/537.36"
117.136.68.186 - - [28/Jul/2018:14:17:05 +0800] "GET /css/WEI_2000/mui.min.css HTTP/1.1" 200 74864 "http://merp.yudo.com.cn:8183/WEI_2100/WEI_2100?formKey=M20180728T140726363&menuSelection=asm" "Mozilla/5.0 (Linux; Android 8.0.0; ALP-AL00 Build/HUAWEIALP-AL00; wv) AppleWebKit/537.36 (KHTML, like Gecko) Version/4.0 Chrome/65.0.3325.109 Mobile Safari/537.36"
117.136.68.186 - - [28/Jul/2018:14:17:06 +0800] "GET /js/WEI_2000/mui.min.js?v=1001 HTTP/1.1" 200 115810 "http://merp.yudo.com.cn:8183/WEI_2100/WEI_2100?formKey=M20180728T140726363&menuSelection=asm" "Mozilla/5.0 (Linux; Android 8.0.0; ALP-AL00 Build/HUAWEIALP-AL00; wv) AppleWebKit/537.36 (KHTML, like Gecko) Version/4.0 Chrome/65.0.3325.109 Mobile Safari/537.36"
117.136.68.186 - - [28/Jul/2018:14:17:06 +0800] "GET /js/WEI_2100/multiSelect.js?v=1003 HTTP/1.1" 200 4941 "http://merp.yudo.com.cn:8183/WEI_2100/WEI_2100?formKey=M20180728T140726363&menuSelection=asm" "Mozilla/5.0 (Linux; Android 8.0.0; ALP-AL00 Build/HUAWEIALP-AL00; wv) AppleWebKit/537.36 (KHTML, like Gecko) Version/4.0 Chrome/65.0.3325.109 Mobile Safari/537.36"
117.136.68.186 - - [28/Jul/2018:14:17:06 +0800] "GET /js/WEI_2100/WEI_2100_Lang.js?v=1001 HTTP/1.1" 200 930 "http://merp.yudo.com.cn:8183/WEI_2100/WEI_2100?formKey=M20180728T140726363&menuSelection=asm" "Mozilla/5.0 (Linux; Android 8.0.0; ALP-AL00 Build/HUAWEIALP-AL00; wv) AppleWebKit/537.36 (KHTML, like Gecko) Version/4.0 Chrome/65.0.3325.109 Mobile Safari/537.36"
117.136.68.186 - - [28/Jul/2018:14:17:06 +0800] "GET /js/WEI_2100/vue/vue.js HTTP/1.1" 200 289303 "http://merp.yudo.com.cn:8183/WEI_2100/WEI_2100?formKey=M20180728T140726363&menuSelection=asm" "Mozilla/5.0 (Linux; Android 8.0.0; ALP-AL00 Build/HUAWEIALP-AL00; wv) AppleWebKit/537.36 (KHTML, like Gecko) Version/4.0 Chrome/65.0.3325.109 Mobile Safari/537.36"
117.136.68.186 - - [28/Jul/2018:14:17:06 +0800] "GET /js/WEI_2100/layui.all.js HTTP/1.1" 200 228080 "http://merp.yudo.com.cn:8183/WEI_2100/WEI_2100?formKey=M20180728T140726363&menuSelection=asm" "Mozilla/5.0 (Linux; Android 8.0.0; ALP-AL00 Build/HUAWEIALP-AL00; wv) AppleWebKit/537.36 (KHTML, like Gecko) Version/4.0 Chrome/65.0.3325.109 Mobile Safari/537.36"
117.136.68.186 - - [28/Jul/2018:14:17:06 +0800] "GET /js/WEI_2100/WEI_2100_Lists.js?v=3091 HTTP/1.1" 200 127602 "http://merp.yudo.com.cn:8183/WEI_2100/WEI_2100?formKey=M20180728T140726363&menuSelection=asm" "Mozilla/5.0 (Linux; Android 8.0.0; ALP-AL00 Build/HUAWEIALP-AL00; wv) AppleWebKit/537.36 (KHTML, like Gecko) Version/4.0 Chrome/65.0.3325.109 Mobile Safari/537.36"
117.136.68.186 - - [28/Jul/2018:14:17:06 +0800] "GET /js/WEI_2100/font/iconfont.woff?v=230-rc1 HTTP/1.1" 200 25996 "http://merp.yudo.com.cn:8183/js/WEI_2100/css/layui.css" "Mozilla/5.0 (Linux; Android 8.0.0; ALP-AL00 Build/HUAWEIALP-AL00; wv) AppleWebKit/537.36 (KHTML, like Gecko) Version/4.0 Chrome/65.0.3325.109 Mobile Safari/537.36"
117.136.68.186 - - [28/Jul/2018:14:17:07 +0800] "GET /js/WEI_2100/css/modules/laydate/default/laydate.css?v=5.0.9 HTTP/1.1" 200 7541 "http://merp.yudo.com.cn:8183/WEI_2100/WEI_2100?formKey=M20180728T140726363&menuSelection=asm" "Mozilla/5.0 (Linux; Android 8.0.0; ALP-AL00 Build/HUAWEIALP-AL00; wv) AppleWebKit/537.36 (KHTML, like Gecko) Version/4.0 Chrome/65.0.3325.109 Mobile Safari/537.36"
117.136.68.186 - - [28/Jul/2018:14:17:07 +0800] "GET /js/WEI_2100/css/modules/layer/default/layer.css?v=3.1.1 HTTP/1.1" 200 14429 "http://merp.yudo.com.cn:8183/WEI_2100/WEI_2100?formKey=M20180728T140726363&menuSelection=asm" "Mozilla/5.0 (Linux; Android 8.0.0; ALP-AL00 Build/HUAWEIALP-AL00; wv) AppleWebKit/537.36 (KHTML, like Gecko) Version/4.0 Chrome/65.0.3325.109 Mobile Safari/537.36"
117.136.68.186 - - [28/Jul/2018:14:17:07 +0800] "GET /js/WEI_2100/css/modules/code.css HTTP/1.1" 200 1067 "http://merp.yudo.com.cn:8183/WEI_2100/WEI_2100?formKey=M20180728T140726363&menuSelection=asm" "Mozilla/5.0 (Linux; Android 8.0.0; ALP-AL00 Build/HUAWEIALP-AL00; wv) AppleWebKit/537.36 (KHTML, like Gecko) Version/4.0 Chrome/65.0.3325.109 Mobile Safari/537.36"
117.136.68.186 - - [28/Jul/2018:14:17:07 +0800] "POST /JLAMPCommon/langBatchRows_prc HTTP/1.1" 200 12695 "http://merp.yudo.com.cn:8183/WEI_2100/WEI_2100?formKey=M20180728T140726363&menuSelection=asm" "Mozilla/5.0 (Linux; Android 8.0.0; ALP-AL00 Build/HUAWEIALP-AL00; wv) AppleWebKit/537.36 (KHTML, like Gecko) Version/4.0 Chrome/65.0.3325.109 Mobile Safari/537.36"
117.136.68.186 - - [28/Jul/2018:14:17:07 +0800] "POST /JLAMPCommon/langBatchRows_prc HTTP/1.1" 200 13022 "http://merp.yudo.com.cn:8183/WEI_2100/WEI_2100?formKey=M20180728T140726363&menuSelection=asm" "Mozilla/5.0 (Linux; Android 8.0.0; ALP-AL00 Build/HUAWEIALP-AL00; wv) AppleWebKit/537.36 (KHTML, like Gecko) Version/4.0 Chrome/65.0.3325.109 Mobile Safari/537.36"
117.136.68.186 - - [28/Jul/2018:14:17:07 +0800] "GET /JLAMPCommon/getCookieJson_prc HTTP/1.1" 200 861 "http://merp.yudo.com.cn:8183/WEI_2100/WEI_2100?formKey=M20180728T140726363&menuSelection=asm" "Mozilla/5.0 (Linux; Android 8.0.0; ALP-AL00 Build/HUAWEIALP-AL00; wv) AppleWebKit/537.36 (KHTML, like Gecko) Version/4.0 Chrome/65.0.3325.109 Mobile Safari/537.36"
117.136.68.186 - - [28/Jul/2018:14:17:10 +0800] "GET /js/WEI_2100/css/modules/layer/default/loading-2.gif HTTP/1.1" 200 1787 "http://merp.yudo.com.cn:8183/js/WEI_2100/css/modules/layer/default/layer.css?v=3.1.1" "Mozilla/5.0 (Linux; Android 8.0.0; ALP-AL00 Build/HUAWEIALP-AL00; wv) AppleWebKit/537.36 (KHTML, like Gecko) Version/4.0 Chrome/65.0.3325.109 Mobile Safari/537.36"
117.136.68.186 - - [28/Jul/2018:14:17:10 +0800] "GET /WEI_2100/systemclass_big_prc?bigsysid=asclass1 HTTP/1.1" 200 475 "http://merp.yudo.com.cn:8183/WEI_2100/WEI_2100?formKey=M20180728T140726363&menuSelection=asm" "Mozilla/5.0 (Linux; Android 8.0.0; ALP-AL00 Build/HUAWEIALP-AL00; wv) AppleWebKit/537.36 (KHTML, like Gecko) Version/4.0 Chrome/65.0.3325.109 Mobile Safari/537.36"
117.136.68.186 - - [28/Jul/2018:14:17:10 +0800] "GET /WEI_2100/systemclass_big_prc?bigsysid=markets HTTP/1.1" 200 512 "http://merp.yudo.com.cn:8183/WEI_2100/WEI_2100?formKey=M20180728T140726363&menuSelection=asm" "Mozilla/5.0 (Linux; Android 8.0.0; ALP-AL00 Build/HUAWEIALP-AL00; wv) AppleWebKit/537.36 (KHTML, like Gecko) Version/4.0 Chrome/65.0.3325.109 Mobile Safari/537.36"
117.136.68.186 - - [28/Jul/2018:14:17:10 +0800] "GET /WEI_2100/systemclass_big_prc?bigsysid=startpoint HTTP/1.1" 200 317 "http://merp.yudo.com.cn:8183/WEI_2100/WEI_2100?formKey=M20180728T140726363&menuSelection=asm" "Mozilla/5.0 (Linux; Android 8.0.0; ALP-AL00 Build/HUAWEIALP-AL00; wv) AppleWebKit/537.36 (KHTML, like Gecko) Version/4.0 Chrome/65.0.3325.109 Mobile Safari/537.36"
117.136.68.186 - - [28/Jul/2018:14:17:10 +0800] "GET /WEI_2100/systemclass_big_prc?bigsysid=area HTTP/1.1" 200 751 "http://merp.yudo.com.cn:8183/WEI_2100/WEI_2100?formKey=M20180728T140726363&menuSelection=asm" "Mozilla/5.0 (Linux; Android 8.0.0; ALP-AL00 Build/HUAWEIALP-AL00; wv) AppleWebKit/537.36 (KHTML, like Gecko) Version/4.0 Chrome/65.0.3325.109 Mobile Safari/537.36"
117.136.68.186 - - [28/Jul/2018:14:17:11 +0800] "GET /WEI_2100/systemclass_big_prc?bigsysid=asclass HTTP/1.1" 200 264 "http://merp.yudo.com.cn:8183/WEI_2100/WEI_2100?formKey=M20180728T140726363&menuSelection=asm" "Mozilla/5.0 (Linux; Android 8.0.0; ALP-AL00 Build/HUAWEIALP-AL00; wv) AppleWebKit/537.36 (KHTML, like Gecko) Version/4.0 Chrome/65.0.3325.109 Mobile Safari/537.36"
117.136.68.186 - - [28/Jul/2018:14:17:11 +0800] "GET /WEI_2100/systemclass_big_prc?bigsysid=asbadtype HTTP/1.1" 200 152 "http://merp.yudo.com.cn:8183/WEI_2100/WEI_2100?formKey=M20180728T140726363&menuSelection=asm" "Mozilla/5.0 (Linux; Android 8.0.0; ALP-AL00 Build/HUAWEIALP-AL00; wv) AppleWebKit/537.36 (KHTML, like Gecko) Version/4.0 Chrome/65.0.3325.109 Mobile Safari/537.36"
117.136.68.186 - - [28/Jul/2018:14:17:11 +0800] "GET /WEI_2100/systemclass_big_prc?bigsysid=supplyscope HTTP/1.1" 200 302 "http://merp.yudo.com.cn:8183/WEI_2100/WEI_2100?formKey=M20180728T140726363&menuSelection=asm" "Mozilla/5.0 (Linux; Android 8.0.0; ALP-AL00 Build/HUAWEIALP-AL00; wv) AppleWebKit/537.36 (KHTML, like Gecko) Version/4.0 Chrome/65.0.3325.109 Mobile Safari/537.36"
117.136.68.186 - - [28/Jul/2018:14:17:10 +0800] "GET /WEI_2100/systemclass_big_prc?bigsysid=ascause HTTP/1.1" 200 209 "http://merp.yudo.com.cn:8183/WEI_2100/WEI_2100?formKey=M20180728T140726363&menuSelection=asm" "Mozilla/5.0 (Linux; Android 8.0.0; ALP-AL00 Build/HUAWEIALP-AL00; wv) AppleWebKit/537.36 (KHTML, like Gecko) Version/4.0 Chrome/65.0.3325.109 Mobile Safari/537.36"
117.136.68.186 - - [28/Jul/2018:14:17:11 +0800] "GET /WEI_2100/user_prc HTTP/1.1" 200 224216 "http://merp.yudo.com.cn:8183/WEI_2100/WEI_2100?formKey=M20180728T140726363&menuSelection=asm" "Mozilla/5.0 (Linux; Android 8.0.0; ALP-AL00 Build/HUAWEIALP-AL00; wv) AppleWebKit/537.36 (KHTML, like Gecko) Version/4.0 Chrome/65.0.3325.109 Mobile Safari/537.36"
117.136.68.186 - - [28/Jul/2018:14:17:11 +0800] "GET /WEI_2100/as_unit HTTP/1.1" 200 1002 "http://merp.yudo.com.cn:8183/WEI_2100/WEI_2100?formKey=M20180728T140726363&menuSelection=asm" "Mozilla/5.0 (Linux; Android 8.0.0; ALP-AL00 Build/HUAWEIALP-AL00; wv) AppleWebKit/537.36 (KHTML, like Gecko) Version/4.0 Chrome/65.0.3325.109 Mobile Safari/537.36"
117.136.68.186 - - [28/Jul/2018:14:17:14 +0800] "GET /WEI_2100/login_user HTTP/1.1" 200 165 "http://merp.yudo.com.cn:8183/WEI_2100/WEI_2100?formKey=M20180728T140726363&menuSelection=asm" "Mozilla/5.0 (Linux; Android 8.0.0; ALP-AL00 Build/HUAWEIALP-AL00; wv) AppleWebKit/537.36 (KHTML, like Gecko) Version/4.0 Chrome/65.0.3325.109 Mobile Safari/537.36"
223.104.146.79 - - [28/Jul/2018:14:17:20 +0800] "POST /main/login_prc HTTP/1.1" 200 104 "http://merp.yudo.com.cn:8183/?deviceType=mobile&devicePlatform=android" "Mozilla/5.0 (Linux; Android 5.1; OPPO R9m Build/LMY47I; wv) AppleWebKit/537.36 (KHTML, like Gecko) Version/4.0 Chrome/56.0.2924.87 Mobile Safari/537.36"
117.136.68.155 - - [28/Jul/2018:14:17:27 +0800] "POST /main/login_prc HTTP/1.1" 200 92 "http://merp.yudo.com.cn:8183/?deviceType=mobile&devicePlatform=android" "Mozilla/5.0 (Linux; Android 8.0.0; DUK-AL20 Build/HUAWEIDUK-AL20; wv) AppleWebKit/537.36 (KHTML, like Gecko) Version/4.0 Chrome/66.0.3359.126 Mobile Safari/537.36"
::1 - - [28/Jul/2018:14:17:35 +0800] "OPTIONS * HTTP/1.0" 200 - "-" "Apache/2.4.6 (CentOS) PHP/5.6.32 (internal dummy connection)"
223.104.146.79 - - [28/Jul/2018:14:18:11 +0800] "-" 408 - "-" "-"
117.136.68.155 - - [28/Jul/2018:14:18:22 +0800] "POST /main/login_prc HTTP/1.1" 200 104 "http://merp.yudo.com.cn:8183/?deviceType=mobile&devicePlatform=android" "Mozilla/5.0 (Linux; Android 8.0.0; DUK-AL20 Build/HUAWEIDUK-AL20; wv) AppleWebKit/537.36 (KHTML, like Gecko) Version/4.0 Chrome/66.0.3359.126 Mobile Safari/537.36"
117.136.68.155 - - [28/Jul/2018:14:22:33 +0800] "POST /main/login_prc HTTP/1.1" 200 104 "http://merp.yudo.com.cn:8183/?deviceType=mobile&devicePlatform=android" "Mozilla/5.0 (Linux; Android 8.0.0; DUK-AL20 Build/HUAWEIDUK-AL20; wv) AppleWebKit/537.36 (KHTML, like Gecko) Version/4.0 Chrome/66.0.3359.126 Mobile Safari/537.36"
117.136.68.155 - - [28/Jul/2018:14:22:58 +0800] "POST /main/login_prc HTTP/1.1" 200 44 "http://merp.yudo.com.cn:8183/?deviceType=mobile&devicePlatform=android" "Mozilla/5.0 (Linux; Android 8.0.0; DUK-AL20 Build/HUAWEIDUK-AL20; wv) AppleWebKit/537.36 (KHTML, like Gecko) Version/4.0 Chrome/66.0.3359.126 Mobile Safari/537.36"
117.136.68.155 - - [28/Jul/2018:14:22:59 +0800] "POST /main/checkMenuAuth_prc HTTP/1.1" 200 44 "http://merp.yudo.com.cn:8183/?deviceType=mobile&devicePlatform=android" "Mozilla/5.0 (Linux; Android 8.0.0; DUK-AL20 Build/HUAWEIDUK-AL20; wv) AppleWebKit/537.36 (KHTML, like Gecko) Version/4.0 Chrome/66.0.3359.126 Mobile Safari/537.36"
117.136.68.155 - - [28/Jul/2018:14:22:59 +0800] "POST / HTTP/1.1" 302 149 "http://merp.yudo.com.cn:8183/?deviceType=mobile&devicePlatform=android" "Mozilla/5.0 (Linux; Android 8.0.0; DUK-AL20 Build/HUAWEIDUK-AL20; wv) AppleWebKit/537.36 (KHTML, like Gecko) Version/4.0 Chrome/66.0.3359.126 Mobile Safari/537.36"
117.136.68.155 - - [28/Jul/2018:14:22:59 +0800] "POST / HTTP/1.1" 302 149 "http://merp.yudo.com.cn:8183/?deviceType=mobile&devicePlatform=android" "Mozilla/5.0 (Linux; Android 8.0.0; DUK-AL20 Build/HUAWEIDUK-AL20; wv) AppleWebKit/537.36 (KHTML, like Gecko) Version/4.0 Chrome/66.0.3359.126 Mobile Safari/537.36"
117.136.68.155 - - [28/Jul/2018:14:23:00 +0800] "GET /Menu/Menu?formKey=M20180728T141941940 HTTP/1.1" 200 6094 "http://merp.yudo.com.cn:8183/?deviceType=mobile&devicePlatform=android" "Mozilla/5.0 (Linux; Android 8.0.0; DUK-AL20 Build/HUAWEIDUK-AL20; wv) AppleWebKit/537.36 (KHTML, like Gecko) Version/4.0 Chrome/66.0.3359.126 Mobile Safari/537.36"
117.136.68.155 - - [28/Jul/2018:14:23:01 +0800] "POST /JLAMPCommon/langBatchRows_prc HTTP/1.1" 200 595 "http://merp.yudo.com.cn:8183/Menu/Menu?formKey=M20180728T141941940" "Mozilla/5.0 (Linux; Android 8.0.0; DUK-AL20 Build/HUAWEIDUK-AL20; wv) AppleWebKit/537.36 (KHTML, like Gecko) Version/4.0 Chrome/66.0.3359.126 Mobile Safari/537.36"
117.136.68.155 - - [28/Jul/2018:14:23:01 +0800] "GET /JLAMPCommon/getCookieJson_prc HTTP/1.1" 200 861 "http://merp.yudo.com.cn:8183/Menu/Menu?formKey=M20180728T141941940" "Mozilla/5.0 (Linux; Android 8.0.0; DUK-AL20 Build/HUAWEIDUK-AL20; wv) AppleWebKit/537.36 (KHTML, like Gecko) Version/4.0 Chrome/66.0.3359.126 Mobile Safari/537.36"
117.136.68.155 - - [28/Jul/2018:14:23:02 +0800] "GET /Menu/doMenuRows_prc?formKey=M20180728T141941940 HTTP/1.1" 200 1622 "http://merp.yudo.com.cn:8183/Menu/Menu?formKey=M20180728T141941940" "Mozilla/5.0 (Linux; Android 8.0.0; DUK-AL20 Build/HUAWEIDUK-AL20; wv) AppleWebKit/537.36 (KHTML, like Gecko) Version/4.0 Chrome/66.0.3359.126 Mobile Safari/537.36"
117.136.68.155 - - [28/Jul/2018:14:23:06 +0800] "GET /WEI_1100/WEI_1100?formKey=M20180728T141941940&menuSelection=sm HTTP/1.1" 200 7858 "http://merp.yudo.com.cn:8183/Menu/Menu?formKey=M20180728T141941940" "Mozilla/5.0 (Linux; Android 8.0.0; DUK-AL20 Build/HUAWEIDUK-AL20; wv) AppleWebKit/537.36 (KHTML, like Gecko) Version/4.0 Chrome/66.0.3359.126 Mobile Safari/537.36"
117.136.68.155 - - [28/Jul/2018:14:23:08 +0800] "POST /JLAMPCommon/langBatchRows_prc HTTP/1.1" 200 2032 "http://merp.yudo.com.cn:8183/WEI_1100/WEI_1100?formKey=M20180728T141941940&menuSelection=sm" "Mozilla/5.0 (Linux; Android 8.0.0; DUK-AL20 Build/HUAWEIDUK-AL20; wv) AppleWebKit/537.36 (KHTML, like Gecko) Version/4.0 Chrome/66.0.3359.126 Mobile Safari/537.36"
117.136.68.155 - - [28/Jul/2018:14:23:08 +0800] "GET /JLAMPCommon/getCookieJson_prc HTTP/1.1" 200 861 "http://merp.yudo.com.cn:8183/WEI_1100/WEI_1100?formKey=M20180728T141941940&menuSelection=sm" "Mozilla/5.0 (Linux; Android 8.0.0; DUK-AL20 Build/HUAWEIDUK-AL20; wv) AppleWebKit/537.36 (KHTML, like Gecko) Version/4.0 Chrome/66.0.3359.126 Mobile Safari/537.36"
117.136.68.155 - - [28/Jul/2018:14:23:09 +0800] "POST /JLAMPCommon/langRow_prc HTTP/1.1" 200 191 "http://merp.yudo.com.cn:8183/WEI_1100/WEI_1100?formKey=M20180728T141941940&menuSelection=sm" "Mozilla/5.0 (Linux; Android 8.0.0; DUK-AL20 Build/HUAWEIDUK-AL20; wv) AppleWebKit/537.36 (KHTML, like Gecko) Version/4.0 Chrome/66.0.3359.126 Mobile Safari/537.36"
117.136.68.155 - - [28/Jul/2018:14:23:09 +0800] "POST /JLAMPCommon/langRow_prc HTTP/1.1" 200 203 "http://merp.yudo.com.cn:8183/WEI_1100/WEI_1100?formKey=M20180728T141941940&menuSelection=sm" "Mozilla/5.0 (Linux; Android 8.0.0; DUK-AL20 Build/HUAWEIDUK-AL20; wv) AppleWebKit/537.36 (KHTML, like Gecko) Version/4.0 Chrome/66.0.3359.126 Mobile Safari/537.36"
117.136.68.155 - - [28/Jul/2018:14:23:11 +0800] "GET /WEI_1100/WEI_1100/lists_prc?workType=M&baseDate=2018-07-28 HTTP/1.1" 200 5110 "http://merp.yudo.com.cn:8183/WEI_1100/WEI_1100?formKey=M20180728T141941940&menuSelection=sm" "Mozilla/5.0 (Linux; Android 8.0.0; DUK-AL20 Build/HUAWEIDUK-AL20; wv) AppleWebKit/537.36 (KHTML, like Gecko) Version/4.0 Chrome/66.0.3359.126 Mobile Safari/537.36"
117.136.68.155 - - [28/Jul/2018:14:23:14 +0800] "POST /JLAMPCommon/langRow_prc HTTP/1.1" 200 263 "http://merp.yudo.com.cn:8183/WEI_1100/WEI_1100?formKey=M20180728T141941940&menuSelection=sm" "Mozilla/5.0 (Linux; Android 8.0.0; DUK-AL20 Build/HUAWEIDUK-AL20; wv) AppleWebKit/537.36 (KHTML, like Gecko) Version/4.0 Chrome/66.0.3359.126 Mobile Safari/537.36"
117.136.68.155 - - [28/Jul/2018:14:23:14 +0800] "POST /JLAMPCommon/langRow_prc HTTP/1.1" 200 263 "http://merp.yudo.com.cn:8183/WEI_1100/WEI_1100?formKey=M20180728T141941940&menuSelection=sm" "Mozilla/5.0 (Linux; Android 8.0.0; DUK-AL20 Build/HUAWEIDUK-AL20; wv) AppleWebKit/537.36 (KHTML, like Gecko) Version/4.0 Chrome/66.0.3359.126 Mobile Safari/537.36"
117.136.68.155 - - [28/Jul/2018:14:23:15 +0800] "POST /JLAMPCommon/langRow_prc HTTP/1.1" 200 263 "http://merp.yudo.com.cn:8183/WEI_1100/WEI_1100?formKey=M20180728T141941940&menuSelection=sm" "Mozilla/5.0 (Linux; Android 8.0.0; DUK-AL20 Build/HUAWEIDUK-AL20; wv) AppleWebKit/537.36 (KHTML, like Gecko) Version/4.0 Chrome/66.0.3359.126 Mobile Safari/537.36"
117.136.68.155 - - [28/Jul/2018:14:23:15 +0800] "POST /JLAMPCommon/langRow_prc HTTP/1.1" 200 263 "http://merp.yudo.com.cn:8183/WEI_1100/WEI_1100?formKey=M20180728T141941940&menuSelection=sm" "Mozilla/5.0 (Linux; Android 8.0.0; DUK-AL20 Build/HUAWEIDUK-AL20; wv) AppleWebKit/537.36 (KHTML, like Gecko) Version/4.0 Chrome/66.0.3359.126 Mobile Safari/537.36"
117.136.68.155 - - [28/Jul/2018:14:23:15 +0800] "POST /JLAMPCommon/langRow_prc HTTP/1.1" 200 299 "http://merp.yudo.com.cn:8183/WEI_1100/WEI_1100?formKey=M20180728T141941940&menuSelection=sm" "Mozilla/5.0 (Linux; Android 8.0.0; DUK-AL20 Build/HUAWEIDUK-AL20; wv) AppleWebKit/537.36 (KHTML, like Gecko) Version/4.0 Chrome/66.0.3359.126 Mobile Safari/537.36"
117.136.68.155 - - [28/Jul/2018:14:23:59 +0800] "GET /Menu/Menu/menuLists?formKey=M20180728T141941940&menuSelection=sm HTTP/1.1" 200 6096 "http://merp.yudo.com.cn:8183/WEI_1100/WEI_1100?formKey=M20180728T141941940&menuSelection=sm" "Mozilla/5.0 (Linux; Android 8.0.0; DUK-AL20 Build/HUAWEIDUK-AL20; wv) AppleWebKit/537.36 (KHTML, like Gecko) Version/4.0 Chrome/66.0.3359.126 Mobile Safari/537.36"
117.136.68.155 - - [28/Jul/2018:14:23:59 +0800] "POST /JLAMPCommon/langBatchRows_prc HTTP/1.1" 200 595 "http://merp.yudo.com.cn:8183/Menu/Menu/menuLists?formKey=M20180728T141941940&menuSelection=sm" "Mozilla/5.0 (Linux; Android 8.0.0; DUK-AL20 Build/HUAWEIDUK-AL20; wv) AppleWebKit/537.36 (KHTML, like Gecko) Version/4.0 Chrome/66.0.3359.126 Mobile Safari/537.36"
117.136.68.155 - - [28/Jul/2018:14:24:00 +0800] "GET /JLAMPCommon/getCookieJson_prc HTTP/1.1" 200 861 "http://merp.yudo.com.cn:8183/Menu/Menu/menuLists?formKey=M20180728T141941940&menuSelection=sm" "Mozilla/5.0 (Linux; Android 8.0.0; DUK-AL20 Build/HUAWEIDUK-AL20; wv) AppleWebKit/537.36 (KHTML, like Gecko) Version/4.0 Chrome/66.0.3359.126 Mobile Safari/537.36"
117.136.68.155 - - [28/Jul/2018:14:24:00 +0800] "GET /Menu/doMenuRows_prc?formKey=M20180728T141941940 HTTP/1.1" 200 1622 "http://merp.yudo.com.cn:8183/Menu/Menu/menuLists?formKey=M20180728T141941940&menuSelection=sm" "Mozilla/5.0 (Linux; Android 8.0.0; DUK-AL20 Build/HUAWEIDUK-AL20; wv) AppleWebKit/537.36 (KHTML, like Gecko) Version/4.0 Chrome/66.0.3359.126 Mobile Safari/537.36"
117.136.68.155 - - [28/Jul/2018:14:24:07 +0800] "GET /WEI_1200/WEI_1200?formKey=M20180728T141941940&menuSelection=sm HTTP/1.1" 200 7839 "http://merp.yudo.com.cn:8183/Menu/Menu/menuLists?formKey=M20180728T141941940&menuSelection=sm" "Mozilla/5.0 (Linux; Android 8.0.0; DUK-AL20 Build/HUAWEIDUK-AL20; wv) AppleWebKit/537.36 (KHTML, like Gecko) Version/4.0 Chrome/66.0.3359.126 Mobile Safari/537.36"
117.136.68.155 - - [28/Jul/2018:14:24:07 +0800] "GET /css/WEI_1200/WEI_1200_Lists.css HTTP/1.1" 200 121 "http://merp.yudo.com.cn:8183/WEI_1200/WEI_1200?formKey=M20180728T141941940&menuSelection=sm" "Mozilla/5.0 (Linux; Android 8.0.0; DUK-AL20 Build/HUAWEIDUK-AL20; wv) AppleWebKit/537.36 (KHTML, like Gecko) Version/4.0 Chrome/66.0.3359.126 Mobile Safari/537.36"
117.136.68.155 - - [28/Jul/2018:14:24:07 +0800] "GET /js/WEI_1200/WEI_1200_Lists.js?v=20180205001 HTTP/1.1" 200 9164 "http://merp.yudo.com.cn:8183/WEI_1200/WEI_1200?formKey=M20180728T141941940&menuSelection=sm" "Mozilla/5.0 (Linux; Android 8.0.0; DUK-AL20 Build/HUAWEIDUK-AL20; wv) AppleWebKit/537.36 (KHTML, like Gecko) Version/4.0 Chrome/66.0.3359.126 Mobile Safari/537.36"
117.136.68.155 - - [28/Jul/2018:14:24:08 +0800] "POST /JLAMPCommon/langBatchRows_prc HTTP/1.1" 200 2032 "http://merp.yudo.com.cn:8183/WEI_1200/WEI_1200?formKey=M20180728T141941940&menuSelection=sm" "Mozilla/5.0 (Linux; Android 8.0.0; DUK-AL20 Build/HUAWEIDUK-AL20; wv) AppleWebKit/537.36 (KHTML, like Gecko) Version/4.0 Chrome/66.0.3359.126 Mobile Safari/537.36"
