117.136.68.148 - - [09/Aug/2018:09:20:30 +0800] "GET /third_party/slideout-1.0.1/index.css HTTP/1.1" 200 491 "http://merp.yudo.com.cn:8183/?deviceType=mobile&devicePlatform=android" "Mozilla/5.0 (Linux; Android 7.0; FRD-AL10 Build/HUAWEIFRD-AL10; wv) AppleWebKit/537.36 (KHTML, like Gecko) Version/4.0 Chrome/62.0.3202.84 Mobile Safari/537.36"
117.136.68.148 - - [09/Aug/2018:09:20:30 +0800] "GET /third_party/bootstrap-3.3.5/css/bootstrap.css HTTP/1.1" 200 147430 "http://merp.yudo.com.cn:8183/?deviceType=mobile&devicePlatform=android" "Mozilla/5.0 (Linux; Android 7.0; FRD-AL10 Build/HUAWEIFRD-AL10; wv) AppleWebKit/537.36 (KHTML, like Gecko) Version/4.0 Chrome/62.0.3202.84 Mobile Safari/537.36"
117.136.68.148 - - [09/Aug/2018:09:20:30 +0800] "GET /css/slide_menu.css HTTP/1.1" 200 2705 "http://merp.yudo.com.cn:8183/?deviceType=mobile&devicePlatform=android" "Mozilla/5.0 (Linux; Android 7.0; FRD-AL10 Build/HUAWEIFRD-AL10; wv) AppleWebKit/537.36 (KHTML, like Gecko) Version/4.0 Chrome/62.0.3202.84 Mobile Safari/537.36"
117.136.68.148 - - [09/Aug/2018:09:20:30 +0800] "GET /css/JLAMP.common.min.css HTTP/1.1" 200 - "http://merp.yudo.com.cn:8183/?deviceType=mobile&devicePlatform=android" "Mozilla/5.0 (Linux; Android 7.0; FRD-AL10 Build/HUAWEIFRD-AL10; wv) AppleWebKit/537.36 (KHTML, like Gecko) Version/4.0 Chrome/62.0.3202.84 Mobile Safari/537.36"
117.136.68.148 - - [09/Aug/2018:09:20:30 +0800] "GET /css/JLAMP.modal.min.css HTTP/1.1" 200 920 "http://merp.yudo.com.cn:8183/?deviceType=mobile&devicePlatform=android" "Mozilla/5.0 (Linux; Android 7.0; FRD-AL10 Build/HUAWEIFRD-AL10; wv) AppleWebKit/537.36 (KHTML, like Gecko) Version/4.0 Chrome/62.0.3202.84 Mobile Safari/537.36"
117.136.68.148 - - [09/Aug/2018:09:20:30 +0800] "GET /css/JLAMP.autobinding.min.css HTTP/1.1" 200 852 "http://merp.yudo.com.cn:8183/?deviceType=mobile&devicePlatform=android" "Mozilla/5.0 (Linux; Android 7.0; FRD-AL10 Build/HUAWEIFRD-AL10; wv) AppleWebKit/537.36 (KHTML, like Gecko) Version/4.0 Chrome/62.0.3202.84 Mobile Safari/537.36"
117.136.68.148 - - [09/Aug/2018:09:20:30 +0800] "GET /third_party/KendoUI/styles/kendo.bootstrap.min.css HTTP/1.1" 200 83074 "http://merp.yudo.com.cn:8183/?deviceType=mobile&devicePlatform=android" "Mozilla/5.0 (Linux; Android 7.0; FRD-AL10 Build/HUAWEIFRD-AL10; wv) AppleWebKit/537.36 (KHTML, like Gecko) Version/4.0 Chrome/62.0.3202.84 Mobile Safari/537.36"
117.136.68.148 - - [09/Aug/2018:09:20:31 +0800] "GET /css/login.css HTTP/1.1" 200 2712 "http://merp.yudo.com.cn:8183/?deviceType=mobile&devicePlatform=android" "Mozilla/5.0 (Linux; Android 7.0; FRD-AL10 Build/HUAWEIFRD-AL10; wv) AppleWebKit/537.36 (KHTML, like Gecko) Version/4.0 Chrome/62.0.3202.84 Mobile Safari/537.36"
117.136.68.148 - - [09/Aug/2018:09:20:31 +0800] "GET /css/common.css?v=4005 HTTP/1.1" 200 13583 "http://merp.yudo.com.cn:8183/?deviceType=mobile&devicePlatform=android" "Mozilla/5.0 (Linux; Android 7.0; FRD-AL10 Build/HUAWEIFRD-AL10; wv) AppleWebKit/537.36 (KHTML, like Gecko) Version/4.0 Chrome/62.0.3202.84 Mobile Safari/537.36"
117.136.68.148 - - [09/Aug/2018:09:20:30 +0800] "GET /third_party/KendoUI/styles/kendo.bootstrap.mobile.min.css HTTP/1.1" 200 112483 "http://merp.yudo.com.cn:8183/?deviceType=mobile&devicePlatform=android" "Mozilla/5.0 (Linux; Android 7.0; FRD-AL10 Build/HUAWEIFRD-AL10; wv) AppleWebKit/537.36 (KHTML, like Gecko) Version/4.0 Chrome/62.0.3202.84 Mobile Safari/537.36"
117.136.68.148 - - [09/Aug/2018:09:20:31 +0800] "GET /third_party/bootstrap-3.3.5/js/bootstrap.min.js HTTP/1.1" 200 36816 "http://merp.yudo.com.cn:8183/?deviceType=mobile&devicePlatform=android" "Mozilla/5.0 (Linux; Android 7.0; FRD-AL10 Build/HUAWEIFRD-AL10; wv) AppleWebKit/537.36 (KHTML, like Gecko) Version/4.0 Chrome/62.0.3202.84 Mobile Safari/537.36"
117.136.68.148 - - [09/Aug/2018:09:20:31 +0800] "GET /third_party/bootstrap-datetimepicker/js/bootstrap-datetimepicker.js HTTP/1.1" 200 67526 "http://merp.yudo.com.cn:8183/?deviceType=mobile&devicePlatform=android" "Mozilla/5.0 (Linux; Android 7.0; FRD-AL10 Build/HUAWEIFRD-AL10; wv) AppleWebKit/537.36 (KHTML, like Gecko) Version/4.0 Chrome/62.0.3202.84 Mobile Safari/537.36"
117.136.68.148 - - [09/Aug/2018:09:20:31 +0800] "GET /third_party/bootstrap-datetimepicker/js/locales/bootstrap-datetimepicker.ko.js HTTP/1.1" 200 765 "http://merp.yudo.com.cn:8183/?deviceType=mobile&devicePlatform=android" "Mozilla/5.0 (Linux; Android 7.0; FRD-AL10 Build/HUAWEIFRD-AL10; wv) AppleWebKit/537.36 (KHTML, like Gecko) Version/4.0 Chrome/62.0.3202.84 Mobile Safari/537.36"
117.136.68.148 - - [09/Aug/2018:09:20:31 +0800] "GET /third_party/jquery-2.1.4/jquery.js HTTP/1.1" 200 247606 "http://merp.yudo.com.cn:8183/?deviceType=mobile&devicePlatform=android" "Mozilla/5.0 (Linux; Android 7.0; FRD-AL10 Build/HUAWEIFRD-AL10; wv) AppleWebKit/537.36 (KHTML, like Gecko) Version/4.0 Chrome/62.0.3202.84 Mobile Safari/537.36"
117.136.68.148 - - [09/Aug/2018:09:20:31 +0800] "GET /third_party/loading-overlay/waitMe.js HTTP/1.1" 200 8583 "http://merp.yudo.com.cn:8183/?deviceType=mobile&devicePlatform=android" "Mozilla/5.0 (Linux; Android 7.0; FRD-AL10 Build/HUAWEIFRD-AL10; wv) AppleWebKit/537.36 (KHTML, like Gecko) Version/4.0 Chrome/62.0.3202.84 Mobile Safari/537.36"
117.136.68.148 - - [09/Aug/2018:09:20:31 +0800] "GET /third_party/slideout-1.0.1/slideout.js HTTP/1.1" 200 37980 "http://merp.yudo.com.cn:8183/?deviceType=mobile&devicePlatform=android" "Mozilla/5.0 (Linux; Android 7.0; FRD-AL10 Build/HUAWEIFRD-AL10; wv) AppleWebKit/537.36 (KHTML, like Gecko) Version/4.0 Chrome/62.0.3202.84 Mobile Safari/537.36"
117.136.68.148 - - [09/Aug/2018:09:20:31 +0800] "GET /js/fastclick.js HTTP/1.1" 200 25966 "http://merp.yudo.com.cn:8183/?deviceType=mobile&devicePlatform=android" "Mozilla/5.0 (Linux; Android 7.0; FRD-AL10 Build/HUAWEIFRD-AL10; wv) AppleWebKit/537.36 (KHTML, like Gecko) Version/4.0 Chrome/62.0.3202.84 Mobile Safari/537.36"
117.136.68.148 - - [09/Aug/2018:09:20:31 +0800] "GET /js/JLAMP.polyfill.min.js HTTP/1.1" 200 361 "http://merp.yudo.com.cn:8183/?deviceType=mobile&devicePlatform=android" "Mozilla/5.0 (Linux; Android 7.0; FRD-AL10 Build/HUAWEIFRD-AL10; wv) AppleWebKit/537.36 (KHTML, like Gecko) Version/4.0 Chrome/62.0.3202.84 Mobile Safari/537.36"
117.136.68.148 - - [09/Aug/2018:09:20:31 +0800] "GET /js/JLAMP.min.js HTTP/1.1" 200 1461 "http://merp.yudo.com.cn:8183/?deviceType=mobile&devicePlatform=android" "Mozilla/5.0 (Linux; Android 7.0; FRD-AL10 Build/HUAWEIFRD-AL10; wv) AppleWebKit/537.36 (KHTML, like Gecko) Version/4.0 Chrome/62.0.3202.84 Mobile Safari/537.36"
117.136.68.148 - - [09/Aug/2018:09:20:31 +0800] "GET /js/JLAMP.common.min.js HTTP/1.1" 200 9705 "http://merp.yudo.com.cn:8183/?deviceType=mobile&devicePlatform=android" "Mozilla/5.0 (Linux; Android 7.0; FRD-AL10 Build/HUAWEIFRD-AL10; wv) AppleWebKit/537.36 (KHTML, like Gecko) Version/4.0 Chrome/62.0.3202.84 Mobile Safari/537.36"
117.136.68.148 - - [09/Aug/2018:09:20:31 +0800] "GET /js/JLAMP.menu.min.js HTTP/1.1" 200 6519 "http://merp.yudo.com.cn:8183/?deviceType=mobile&devicePlatform=android" "Mozilla/5.0 (Linux; Android 7.0; FRD-AL10 Build/HUAWEIFRD-AL10; wv) AppleWebKit/537.36 (KHTML, like Gecko) Version/4.0 Chrome/62.0.3202.84 Mobile Safari/537.36"
117.136.68.148 - - [09/Aug/2018:09:20:30 +0800] "GET /third_party/KendoUI/styles/kendo.common.min.css HTTP/1.1" 200 231115 "http://merp.yudo.com.cn:8183/?deviceType=mobile&devicePlatform=android" "Mozilla/5.0 (Linux; Android 7.0; FRD-AL10 Build/HUAWEIFRD-AL10; wv) AppleWebKit/537.36 (KHTML, like Gecko) Version/4.0 Chrome/62.0.3202.84 Mobile Safari/537.36"
117.136.68.148 - - [09/Aug/2018:09:20:31 +0800] "GET /js/JLAMP.autobinding.min.js HTTP/1.1" 200 8816 "http://merp.yudo.com.cn:8183/?deviceType=mobile&devicePlatform=android" "Mozilla/5.0 (Linux; Android 7.0; FRD-AL10 Build/HUAWEIFRD-AL10; wv) AppleWebKit/537.36 (KHTML, like Gecko) Version/4.0 Chrome/62.0.3202.84 Mobile Safari/537.36"
117.136.68.148 - - [09/Aug/2018:09:20:32 +0800] "GET /js/JLAMP.modal.min.js HTTP/1.1" 200 16516 "http://merp.yudo.com.cn:8183/?deviceType=mobile&devicePlatform=android" "Mozilla/5.0 (Linux; Android 7.0; FRD-AL10 Build/HUAWEIFRD-AL10; wv) AppleWebKit/537.36 (KHTML, like Gecko) Version/4.0 Chrome/62.0.3202.84 Mobile Safari/537.36"
117.136.68.148 - - [09/Aug/2018:09:20:32 +0800] "GET /js/JLAMP.lang.min.js HTTP/1.1" 200 1750 "http://merp.yudo.com.cn:8183/?deviceType=mobile&devicePlatform=android" "Mozilla/5.0 (Linux; Android 7.0; FRD-AL10 Build/HUAWEIFRD-AL10; wv) AppleWebKit/537.36 (KHTML, like Gecko) Version/4.0 Chrome/62.0.3202.84 Mobile Safari/537.36"
117.136.68.148 - - [09/Aug/2018:09:20:32 +0800] "GET /js/session.js HTTP/1.1" 200 638 "http://merp.yudo.com.cn:8183/?deviceType=mobile&devicePlatform=android" "Mozilla/5.0 (Linux; Android 7.0; FRD-AL10 Build/HUAWEIFRD-AL10; wv) AppleWebKit/537.36 (KHTML, like Gecko) Version/4.0 Chrome/62.0.3202.84 Mobile Safari/537.36"
117.136.68.148 - - [09/Aug/2018:09:20:32 +0800] "GET /js/version.js HTTP/1.1" 200 1046 "http://merp.yudo.com.cn:8183/?deviceType=mobile&devicePlatform=android" "Mozilla/5.0 (Linux; Android 7.0; FRD-AL10 Build/HUAWEIFRD-AL10; wv) AppleWebKit/537.36 (KHTML, like Gecko) Version/4.0 Chrome/62.0.3202.84 Mobile Safari/537.36"
117.136.68.148 - - [09/Aug/2018:09:20:32 +0800] "GET /js/common.js HTTP/1.1" 200 11633 "http://merp.yudo.com.cn:8183/?deviceType=mobile&devicePlatform=android" "Mozilla/5.0 (Linux; Android 7.0; FRD-AL10 Build/HUAWEIFRD-AL10; wv) AppleWebKit/537.36 (KHTML, like Gecko) Version/4.0 Chrome/62.0.3202.84 Mobile Safari/537.36"
117.136.68.148 - - [09/Aug/2018:09:20:32 +0800] "GET /js/GNB.js HTTP/1.1" 200 2176 "http://merp.yudo.com.cn:8183/?deviceType=mobile&devicePlatform=android" "Mozilla/5.0 (Linux; Android 7.0; FRD-AL10 Build/HUAWEIFRD-AL10; wv) AppleWebKit/537.36 (KHTML, like Gecko) Version/4.0 Chrome/62.0.3202.84 Mobile Safari/537.36"
117.136.68.148 - - [09/Aug/2018:09:20:32 +0800] "GET /js/login.js?v=7009 HTTP/1.1" 200 8215 "http://merp.yudo.com.cn:8183/?deviceType=mobile&devicePlatform=android" "Mozilla/5.0 (Linux; Android 7.0; FRD-AL10 Build/HUAWEIFRD-AL10; wv) AppleWebKit/537.36 (KHTML, like Gecko) Version/4.0 Chrome/62.0.3202.84 Mobile Safari/537.36"
117.136.68.148 - - [09/Aug/2018:09:20:32 +0800] "GET /image/login_logo.png HTTP/1.1" 200 3941 "http://merp.yudo.com.cn:8183/?deviceType=mobile&devicePlatform=android" "Mozilla/5.0 (Linux; Android 7.0; FRD-AL10 Build/HUAWEIFRD-AL10; wv) AppleWebKit/537.36 (KHTML, like Gecko) Version/4.0 Chrome/62.0.3202.84 Mobile Safari/537.36"
117.136.68.148 - - [09/Aug/2018:09:20:32 +0800] "GET /image/icon_logout.png HTTP/1.1" 200 1682 "http://merp.yudo.com.cn:8183/?deviceType=mobile&devicePlatform=android" "Mozilla/5.0 (Linux; Android 7.0; FRD-AL10 Build/HUAWEIFRD-AL10; wv) AppleWebKit/537.36 (KHTML, like Gecko) Version/4.0 Chrome/62.0.3202.84 Mobile Safari/537.36"
117.136.68.148 - - [09/Aug/2018:09:20:32 +0800] "GET /third_party/KendoUI/js/kendo.all.min.js HTTP/1.1" 200 3038548 "http://merp.yudo.com.cn:8183/?deviceType=mobile&devicePlatform=android" "Mozilla/5.0 (Linux; Android 7.0; FRD-AL10 Build/HUAWEIFRD-AL10; wv) AppleWebKit/537.36 (KHTML, like Gecko) Version/4.0 Chrome/62.0.3202.84 Mobile Safari/537.36"
::1 - - [09/Aug/2018:09:20:39 +0800] "OPTIONS * HTTP/1.0" 200 - "-" "Apache/2.4.6 (CentOS) PHP/5.6.32 (internal dummy connection)"
117.136.68.148 - - [09/Aug/2018:09:20:39 +0800] "GET /third_party/KendoUI/styles/images/kendoui.woff?v=1.1 HTTP/1.1" 200 64184 "http://merp.yudo.com.cn:8183/third_party/KendoUI/styles/kendo.bootstrap.mobile.min.css" "Mozilla/5.0 (Linux; Android 7.0; FRD-AL10 Build/HUAWEIFRD-AL10; wv) AppleWebKit/537.36 (KHTML, like Gecko) Version/4.0 Chrome/62.0.3202.84 Mobile Safari/537.36"
117.136.68.148 - - [09/Aug/2018:09:20:39 +0800] "GET /JLAMPCommon/getCookieJson_prc HTTP/1.1" 200 62 "http://merp.yudo.com.cn:8183/?deviceType=mobile&devicePlatform=android" "Mozilla/5.0 (Linux; Android 7.0; FRD-AL10 Build/HUAWEIFRD-AL10; wv) AppleWebKit/537.36 (KHTML, like Gecko) Version/4.0 Chrome/62.0.3202.84 Mobile Safari/537.36"
117.136.68.148 - - [09/Aug/2018:09:20:40 +0800] "GET /third_party/KendoUI/styles/fonts/glyphs/WebComponentsIcons.ttf?gedxeo HTTP/1.1" 200 96108 "http://merp.yudo.com.cn:8183/third_party/KendoUI/styles/kendo.common.min.css" "Mozilla/5.0 (Linux; Android 7.0; FRD-AL10 Build/HUAWEIFRD-AL10; wv) AppleWebKit/537.36 (KHTML, like Gecko) Version/4.0 Chrome/62.0.3202.84 Mobile Safari/537.36"
117.136.68.148 - - [09/Aug/2018:09:20:40 +0800] "GET /image/favicon.ico HTTP/1.1" 404 1506 "http://merp.yudo.com.cn:8183/?deviceType=mobile&devicePlatform=android" "Mozilla/5.0 (Linux; Android 7.0; FRD-AL10 Build/HUAWEIFRD-AL10; wv) AppleWebKit/537.36 (KHTML, like Gecko) Version/4.0 Chrome/62.0.3202.84 Mobile Safari/537.36"
::1 - - [09/Aug/2018:09:20:47 +0800] "OPTIONS * HTTP/1.0" 200 - "-" "Apache/2.4.6 (CentOS) PHP/5.6.32 (internal dummy connection)"
::1 - - [09/Aug/2018:09:20:48 +0800] "OPTIONS * HTTP/1.0" 200 - "-" "Apache/2.4.6 (CentOS) PHP/5.6.32 (internal dummy connection)"
223.104.145.113 - - [09/Aug/2018:09:20:50 +0800] "POST /main/login_prc HTTP/1.1" 200 74 "http://merp.yudo.com.cn:8183/?deviceType=mobile&devicePlatform=android" "Mozilla/5.0 (Linux; Android 5.1.1; vivo X7 Build/LMY47V) AppleWebKit/537.36 (KHTML, like Gecko) Version/4.0 Chrome/39.0.0.0 Mobile Safari/537.36"
117.136.46.200 - - [09/Aug/2018:09:20:59 +0800] "GET /WEI_2100/as_item?asitemid=VEM&asitemnm=&asitempage=0 HTTP/1.1" 200 63 "http://merp.yudo.com.cn:8183/WEI_2100/WEI_2100?formKey=M20180809T085905363&menuSelection=asm" "Mozilla/5.0 (Linux; Android 8.0.0; DUK-AL20 Build/HUAWEIDUK-AL20; wv) AppleWebKit/537.36 (KHTML, like Gecko) Version/4.0 Chrome/66.0.3359.126 Mobile Safari/537.36"
223.104.145.113 - - [09/Aug/2018:09:21:03 +0800] "POST /main/login_prc HTTP/1.1" 200 44 "http://merp.yudo.com.cn:8183/?deviceType=mobile&devicePlatform=android" "Mozilla/5.0 (Linux; Android 5.1.1; vivo X7 Build/LMY47V) AppleWebKit/537.36 (KHTML, like Gecko) Version/4.0 Chrome/39.0.0.0 Mobile Safari/537.36"
223.104.145.113 - - [09/Aug/2018:09:21:03 +0800] "POST /main/checkMenuAuth_prc HTTP/1.1" 200 105 "http://merp.yudo.com.cn:8183/?deviceType=mobile&devicePlatform=android" "Mozilla/5.0 (Linux; Android 5.1.1; vivo X7 Build/LMY47V) AppleWebKit/537.36 (KHTML, like Gecko) Version/4.0 Chrome/39.0.0.0 Mobile Safari/537.36"
223.104.145.113 - - [09/Aug/2018:09:21:03 +0800] "POST / HTTP/1.1" 302 1146 "http://merp.yudo.com.cn:8183/?deviceType=mobile&devicePlatform=android" "Mozilla/5.0 (Linux; Android 5.1.1; vivo X7 Build/LMY47V) AppleWebKit/537.36 (KHTML, like Gecko) Version/4.0 Chrome/39.0.0.0 Mobile Safari/537.36"
223.104.145.113 - - [09/Aug/2018:09:21:04 +0800] "POST /JLAMPCommon/setFormAccessLog_prc HTTP/1.1" 200 56 "http://merp.yudo.com.cn:8183/?deviceType=mobile&devicePlatform=android" "Mozilla/5.0 (Linux; Android 5.1.1; vivo X7 Build/LMY47V) AppleWebKit/537.36 (KHTML, like Gecko) Version/4.0 Chrome/39.0.0.0 Mobile Safari/537.36"
223.104.145.113 - - [09/Aug/2018:09:21:04 +0800] "POST /main/logout_prc HTTP/1.1" 200 44 "http://merp.yudo.com.cn:8183/?deviceType=mobile&devicePlatform=android" "Mozilla/5.0 (Linux; Android 5.1.1; vivo X7 Build/LMY47V) AppleWebKit/537.36 (KHTML, like Gecko) Version/4.0 Chrome/39.0.0.0 Mobile Safari/537.36"
223.104.145.113 - - [09/Aug/2018:09:21:05 +0800] "GET /?deviceType=mobile&devicePlatform=android HTTP/1.1" 200 7869 "http://merp.yudo.com.cn:8183/?deviceType=mobile&devicePlatform=android" "Mozilla/5.0 (Linux; Android 5.1.1; vivo X7 Build/LMY47V) AppleWebKit/537.36 (KHTML, like Gecko) Version/4.0 Chrome/39.0.0.0 Mobile Safari/537.36"
223.104.145.113 - - [09/Aug/2018:09:21:06 +0800] "GET /JLAMPCommon/getCookieJson_prc HTTP/1.1" 200 62 "http://merp.yudo.com.cn:8183/?deviceType=mobile&devicePlatform=android" "Mozilla/5.0 (Linux; Android 5.1.1; vivo X7 Build/LMY47V) AppleWebKit/537.36 (KHTML, like Gecko) Version/4.0 Chrome/39.0.0.0 Mobile Safari/537.36"
117.136.46.200 - - [09/Aug/2018:09:21:23 +0800] "GET /WEI_2100/as_item?asitemid=VEM&asitemnm=&asitempage=0 HTTP/1.1" 200 63 "http://merp.yudo.com.cn:8183/WEI_2100/WEI_2100?formKey=M20180809T085905363&menuSelection=asm" "Mozilla/5.0 (Linux; Android 8.0.0; DUK-AL20 Build/HUAWEIDUK-AL20; wv) AppleWebKit/537.36 (KHTML, like Gecko) Version/4.0 Chrome/66.0.3359.126 Mobile Safari/537.36"
223.104.145.113 - - [09/Aug/2018:09:21:33 +0800] "POST /main/login_prc HTTP/1.1" 200 44 "http://merp.yudo.com.cn:8183/?deviceType=mobile&devicePlatform=android" "Mozilla/5.0 (Linux; Android 5.1.1; vivo X7 Build/LMY47V) AppleWebKit/537.36 (KHTML, like Gecko) Version/4.0 Chrome/39.0.0.0 Mobile Safari/537.36"
223.104.145.113 - - [09/Aug/2018:09:21:33 +0800] "POST /main/checkMenuAuth_prc HTTP/1.1" 200 105 "http://merp.yudo.com.cn:8183/?deviceType=mobile&devicePlatform=android" "Mozilla/5.0 (Linux; Android 5.1.1; vivo X7 Build/LMY47V) AppleWebKit/537.36 (KHTML, like Gecko) Version/4.0 Chrome/39.0.0.0 Mobile Safari/537.36"
223.104.145.113 - - [09/Aug/2018:09:21:33 +0800] "POST / HTTP/1.1" 302 1146 "http://merp.yudo.com.cn:8183/?deviceType=mobile&devicePlatform=android" "Mozilla/5.0 (Linux; Android 5.1.1; vivo X7 Build/LMY47V) AppleWebKit/537.36 (KHTML, like Gecko) Version/4.0 Chrome/39.0.0.0 Mobile Safari/537.36"
223.104.145.113 - - [09/Aug/2018:09:21:33 +0800] "POST /JLAMPCommon/setFormAccessLog_prc HTTP/1.1" 200 56 "http://merp.yudo.com.cn:8183/?deviceType=mobile&devicePlatform=android" "Mozilla/5.0 (Linux; Android 5.1.1; vivo X7 Build/LMY47V) AppleWebKit/537.36 (KHTML, like Gecko) Version/4.0 Chrome/39.0.0.0 Mobile Safari/537.36"
223.104.145.113 - - [09/Aug/2018:09:21:34 +0800] "POST /main/logout_prc HTTP/1.1" 200 44 "http://merp.yudo.com.cn:8183/?deviceType=mobile&devicePlatform=android" "Mozilla/5.0 (Linux; Android 5.1.1; vivo X7 Build/LMY47V) AppleWebKit/537.36 (KHTML, like Gecko) Version/4.0 Chrome/39.0.0.0 Mobile Safari/537.36"
223.104.145.113 - - [09/Aug/2018:09:21:34 +0800] "GET /?deviceType=mobile&devicePlatform=android HTTP/1.1" 200 7869 "http://merp.yudo.com.cn:8183/?deviceType=mobile&devicePlatform=android" "Mozilla/5.0 (Linux; Android 5.1.1; vivo X7 Build/LMY47V) AppleWebKit/537.36 (KHTML, like Gecko) Version/4.0 Chrome/39.0.0.0 Mobile Safari/537.36"
223.104.145.113 - - [09/Aug/2018:09:21:36 +0800] "GET /JLAMPCommon/getCookieJson_prc HTTP/1.1" 200 62 "http://merp.yudo.com.cn:8183/?deviceType=mobile&devicePlatform=android" "Mozilla/5.0 (Linux; Android 5.1.1; vivo X7 Build/LMY47V) AppleWebKit/537.36 (KHTML, like Gecko) Version/4.0 Chrome/39.0.0.0 Mobile Safari/537.36"
117.136.46.200 - - [09/Aug/2018:09:21:45 +0800] "GET /WEI_2100/as_item?asitemid=VEM&asitemnm=&asitempage=0 HTTP/1.1" 200 63 "http://merp.yudo.com.cn:8183/WEI_2100/WEI_2100?formKey=M20180809T085905363&menuSelection=asm" "Mozilla/5.0 (Linux; Android 8.0.0; DUK-AL20 Build/HUAWEIDUK-AL20; wv) AppleWebKit/537.36 (KHTML, like Gecko) Version/4.0 Chrome/66.0.3359.126 Mobile Safari/537.36"
117.136.46.200 - - [09/Aug/2018:09:21:49 +0800] "GET /WEI_2100/as_item?asitemid=VEM&asitemnm=&asitempage=0 HTTP/1.1" 200 63 "http://merp.yudo.com.cn:8183/WEI_2100/WEI_2100?formKey=M20180809T085905363&menuSelection=asm" "Mozilla/5.0 (Linux; Android 8.0.0; DUK-AL20 Build/HUAWEIDUK-AL20; wv) AppleWebKit/537.36 (KHTML, like Gecko) Version/4.0 Chrome/66.0.3359.126 Mobile Safari/537.36"
117.136.46.200 - - [09/Aug/2018:09:21:50 +0800] "GET /WEI_2100/as_item?asitemid=VEM&asitemnm=&asitempage=0 HTTP/1.1" 200 63 "http://merp.yudo.com.cn:8183/WEI_2100/WEI_2100?formKey=M20180809T085905363&menuSelection=asm" "Mozilla/5.0 (Linux; Android 8.0.0; DUK-AL20 Build/HUAWEIDUK-AL20; wv) AppleWebKit/537.36 (KHTML, like Gecko) Version/4.0 Chrome/66.0.3359.126 Mobile Safari/537.36"
117.136.46.200 - - [09/Aug/2018:09:21:51 +0800] "GET /WEI_2100/as_item?asitemid=VEM&asitemnm=&asitempage=0 HTTP/1.1" 200 63 "http://merp.yudo.com.cn:8183/WEI_2100/WEI_2100?formKey=M20180809T085905363&menuSelection=asm" "Mozilla/5.0 (Linux; Android 8.0.0; DUK-AL20 Build/HUAWEIDUK-AL20; wv) AppleWebKit/537.36 (KHTML, like Gecko) Version/4.0 Chrome/66.0.3359.126 Mobile Safari/537.36"
117.136.68.148 - - [09/Aug/2018:09:21:58 +0800] "POST /main/login_prc HTTP/1.1" 200 74 "http://merp.yudo.com.cn:8183/?deviceType=mobile&devicePlatform=android" "Mozilla/5.0 (Linux; Android 7.0; FRD-AL10 Build/HUAWEIFRD-AL10; wv) AppleWebKit/537.36 (KHTML, like Gecko) Version/4.0 Chrome/62.0.3202.84 Mobile Safari/537.36"
117.136.46.200 - - [09/Aug/2018:09:22:02 +0800] "GET /WEI_2100/as_item?asitemid=VEM&asitemnm=&asitempage=0 HTTP/1.1" 200 63 "http://merp.yudo.com.cn:8183/WEI_2100/WEI_2100?formKey=M20180809T085905363&menuSelection=asm" "Mozilla/5.0 (Linux; Android 8.0.0; DUK-AL20 Build/HUAWEIDUK-AL20; wv) AppleWebKit/537.36 (KHTML, like Gecko) Version/4.0 Chrome/66.0.3359.126 Mobile Safari/537.36"
117.136.68.148 - - [09/Aug/2018:09:22:12 +0800] "POST /main/login_prc HTTP/1.1" 200 44 "http://merp.yudo.com.cn:8183/?deviceType=mobile&devicePlatform=android" "Mozilla/5.0 (Linux; Android 7.0; FRD-AL10 Build/HUAWEIFRD-AL10; wv) AppleWebKit/537.36 (KHTML, like Gecko) Version/4.0 Chrome/62.0.3202.84 Mobile Safari/537.36"
117.136.68.148 - - [09/Aug/2018:09:22:12 +0800] "POST /main/checkMenuAuth_prc HTTP/1.1" 200 44 "http://merp.yudo.com.cn:8183/?deviceType=mobile&devicePlatform=android" "Mozilla/5.0 (Linux; Android 7.0; FRD-AL10 Build/HUAWEIFRD-AL10; wv) AppleWebKit/537.36 (KHTML, like Gecko) Version/4.0 Chrome/62.0.3202.84 Mobile Safari/537.36"
117.136.68.148 - - [09/Aug/2018:09:22:13 +0800] "POST / HTTP/1.1" 302 149 "http://merp.yudo.com.cn:8183/?deviceType=mobile&devicePlatform=android" "Mozilla/5.0 (Linux; Android 7.0; FRD-AL10 Build/HUAWEIFRD-AL10; wv) AppleWebKit/537.36 (KHTML, like Gecko) Version/4.0 Chrome/62.0.3202.84 Mobile Safari/537.36"
117.136.46.200 - - [09/Aug/2018:09:22:14 +0800] "GET /WEI_2100/as_item?asitemid=mf&asitemnm=&asitempage=0 HTTP/1.1" 200 63 "http://merp.yudo.com.cn:8183/WEI_2100/WEI_2100?formKey=M20180809T085905363&menuSelection=asm" "Mozilla/5.0 (Linux; Android 8.0.0; DUK-AL20 Build/HUAWEIDUK-AL20; wv) AppleWebKit/537.36 (KHTML, like Gecko) Version/4.0 Chrome/66.0.3359.126 Mobile Safari/537.36"
117.136.68.148 - - [09/Aug/2018:09:22:15 +0800] "POST / HTTP/1.1" 302 149 "http://merp.yudo.com.cn:8183/?deviceType=mobile&devicePlatform=android" "Mozilla/5.0 (Linux; Android 7.0; FRD-AL10 Build/HUAWEIFRD-AL10; wv) AppleWebKit/537.36 (KHTML, like Gecko) Version/4.0 Chrome/62.0.3202.84 Mobile Safari/537.36"
117.136.68.148 - - [09/Aug/2018:09:22:15 +0800] "GET /Menu/Menu?formKey=M20180809T091841723 HTTP/1.1" 200 6080 "http://merp.yudo.com.cn:8183/?deviceType=mobile&devicePlatform=android" "Mozilla/5.0 (Linux; Android 7.0; FRD-AL10 Build/HUAWEIFRD-AL10; wv) AppleWebKit/537.36 (KHTML, like Gecko) Version/4.0 Chrome/62.0.3202.84 Mobile Safari/537.36"
117.136.68.148 - - [09/Aug/2018:09:22:15 +0800] "GET /css/Menu/Menu.css?v=1002 HTTP/1.1" 200 1901 "http://merp.yudo.com.cn:8183/Menu/Menu?formKey=M20180809T091841723" "Mozilla/5.0 (Linux; Android 7.0; FRD-AL10 Build/HUAWEIFRD-AL10; wv) AppleWebKit/537.36 (KHTML, like Gecko) Version/4.0 Chrome/62.0.3202.84 Mobile Safari/537.36"
117.136.68.148 - - [09/Aug/2018:09:22:16 +0800] "GET /third_party/bootstrap-datetimepicker/js/locales/bootstrap-datetimepicker.zh-CN.js HTTP/1.1" 200 813 "http://merp.yudo.com.cn:8183/Menu/Menu?formKey=M20180809T091841723" "Mozilla/5.0 (Linux; Android 7.0; FRD-AL10 Build/HUAWEIFRD-AL10; wv) AppleWebKit/537.36 (KHTML, like Gecko) Version/4.0 Chrome/62.0.3202.84 Mobile Safari/537.36"
117.136.68.148 - - [09/Aug/2018:09:22:16 +0800] "GET /css/WEI_2000/mui.min.css?v=1001 HTTP/1.1" 200 74864 "http://merp.yudo.com.cn:8183/Menu/Menu?formKey=M20180809T091841723" "Mozilla/5.0 (Linux; Android 7.0; FRD-AL10 Build/HUAWEIFRD-AL10; wv) AppleWebKit/537.36 (KHTML, like Gecko) Version/4.0 Chrome/62.0.3202.84 Mobile Safari/537.36"
117.136.68.148 - - [09/Aug/2018:09:22:16 +0800] "GET /js/Menu/Menu.js?v=1005 HTTP/1.1" 200 2291 "http://merp.yudo.com.cn:8183/Menu/Menu?formKey=M20180809T091841723" "Mozilla/5.0 (Linux; Android 7.0; FRD-AL10 Build/HUAWEIFRD-AL10; wv) AppleWebKit/537.36 (KHTML, like Gecko) Version/4.0 Chrome/62.0.3202.84 Mobile Safari/537.36"
117.136.68.148 - - [09/Aug/2018:09:22:16 +0800] "GET /image/MI.png HTTP/1.1" 200 3083 "http://merp.yudo.com.cn:8183/Menu/Menu?formKey=M20180809T091841723" "Mozilla/5.0 (Linux; Android 7.0; FRD-AL10 Build/HUAWEIFRD-AL10; wv) AppleWebKit/537.36 (KHTML, like Gecko) Version/4.0 Chrome/62.0.3202.84 Mobile Safari/537.36"
117.136.68.148 - - [09/Aug/2018:09:22:16 +0800] "GET /js/WEI_2000/mui.min.js HTTP/1.1" 200 115810 "http://merp.yudo.com.cn:8183/Menu/Menu?formKey=M20180809T091841723" "Mozilla/5.0 (Linux; Android 7.0; FRD-AL10 Build/HUAWEIFRD-AL10; wv) AppleWebKit/537.36 (KHTML, like Gecko) Version/4.0 Chrome/62.0.3202.84 Mobile Safari/537.36"
117.136.68.148 - - [09/Aug/2018:09:22:16 +0800] "GET /image/SM.png HTTP/1.1" 200 3070 "http://merp.yudo.com.cn:8183/Menu/Menu?formKey=M20180809T091841723" "Mozilla/5.0 (Linux; Android 7.0; FRD-AL10 Build/HUAWEIFRD-AL10; wv) AppleWebKit/537.36 (KHTML, like Gecko) Version/4.0 Chrome/62.0.3202.84 Mobile Safari/537.36"
117.136.68.148 - - [09/Aug/2018:09:22:16 +0800] "GET /image/ASM.png HTTP/1.1" 200 21273 "http://merp.yudo.com.cn:8183/Menu/Menu?formKey=M20180809T091841723" "Mozilla/5.0 (Linux; Android 7.0; FRD-AL10 Build/HUAWEIFRD-AL10; wv) AppleWebKit/537.36 (KHTML, like Gecko) Version/4.0 Chrome/62.0.3202.84 Mobile Safari/537.36"
117.136.68.148 - - [09/Aug/2018:09:22:17 +0800] "POST /JLAMPCommon/langBatchRows_prc HTTP/1.1" 200 595 "http://merp.yudo.com.cn:8183/Menu/Menu?formKey=M20180809T091841723" "Mozilla/5.0 (Linux; Android 7.0; FRD-AL10 Build/HUAWEIFRD-AL10; wv) AppleWebKit/537.36 (KHTML, like Gecko) Version/4.0 Chrome/62.0.3202.84 Mobile Safari/537.36"
117.136.68.148 - - [09/Aug/2018:09:22:17 +0800] "GET /JLAMPCommon/getCookieJson_prc HTTP/1.1" 200 912 "http://merp.yudo.com.cn:8183/Menu/Menu?formKey=M20180809T091841723" "Mozilla/5.0 (Linux; Android 7.0; FRD-AL10 Build/HUAWEIFRD-AL10; wv) AppleWebKit/537.36 (KHTML, like Gecko) Version/4.0 Chrome/62.0.3202.84 Mobile Safari/537.36"
117.136.68.148 - - [09/Aug/2018:09:22:17 +0800] "GET /Menu/doMenuRows_prc?formKey=M20180809T091841723 HTTP/1.1" 200 1622 "http://merp.yudo.com.cn:8183/Menu/Menu?formKey=M20180809T091841723" "Mozilla/5.0 (Linux; Android 7.0; FRD-AL10 Build/HUAWEIFRD-AL10; wv) AppleWebKit/537.36 (KHTML, like Gecko) Version/4.0 Chrome/62.0.3202.84 Mobile Safari/537.36"
117.136.68.148 - - [09/Aug/2018:09:22:18 +0800] "GET /image/menu_allow.png HTTP/1.1" 200 2728 "http://merp.yudo.com.cn:8183/Menu/Menu?formKey=M20180809T091841723" "Mozilla/5.0 (Linux; Android 7.0; FRD-AL10 Build/HUAWEIFRD-AL10; wv) AppleWebKit/537.36 (KHTML, like Gecko) Version/4.0 Chrome/62.0.3202.84 Mobile Safari/537.36"
117.136.46.200 - - [09/Aug/2018:09:22:20 +0800] "GET /WEI_2100/as_item?asitemid=nztp&asitemnm=&asitempage=0 HTTP/1.1" 200 63 "http://merp.yudo.com.cn:8183/WEI_2100/WEI_2100?formKey=M20180809T085905363&menuSelection=asm" "Mozilla/5.0 (Linux; Android 8.0.0; DUK-AL20 Build/HUAWEIDUK-AL20; wv) AppleWebKit/537.36 (KHTML, like Gecko) Version/4.0 Chrome/66.0.3359.126 Mobile Safari/537.36"
117.136.68.148 - - [09/Aug/2018:09:22:32 +0800] "GET /css/WEI_2100/WEI_2100_Lists.css?v=201806080934 HTTP/1.1" 200 10369 "http://merp.yudo.com.cn:8183/WEI_2100/WEI_2100?formKey=M20180809T091841723&menuSelection=asm" "Mozilla/5.0 (Linux; Android 7.0; FRD-AL10 Build/HUAWEIFRD-AL10; wv) AppleWebKit/537.36 (KHTML, like Gecko) Version/4.0 Chrome/62.0.3202.84 Mobile Safari/537.36"
117.136.68.148 - - [09/Aug/2018:09:22:31 +0800] "GET /WEI_2100/WEI_2100?formKey=M20180809T091841723&menuSelection=asm HTTP/1.1" 200 87603 "http://merp.yudo.com.cn:8183/Menu/Menu?formKey=M20180809T091841723" "Mozilla/5.0 (Linux; Android 7.0; FRD-AL10 Build/HUAWEIFRD-AL10; wv) AppleWebKit/537.36 (KHTML, like Gecko) Version/4.0 Chrome/62.0.3202.84 Mobile Safari/537.36"
117.136.68.148 - - [09/Aug/2018:09:22:32 +0800] "GET /css/WEI_2000/mui.min.css HTTP/1.1" 200 74864 "http://merp.yudo.com.cn:8183/WEI_2100/WEI_2100?formKey=M20180809T091841723&menuSelection=asm" "Mozilla/5.0 (Linux; Android 7.0; FRD-AL10 Build/HUAWEIFRD-AL10; wv) AppleWebKit/537.36 (KHTML, like Gecko) Version/4.0 Chrome/62.0.3202.84 Mobile Safari/537.36"
117.136.68.148 - - [09/Aug/2018:09:22:32 +0800] "GET /js/WEI_2100/css/layui.css HTTP/1.1" 200 62448 "http://merp.yudo.com.cn:8183/WEI_2100/WEI_2100?formKey=M20180809T091841723&menuSelection=asm" "Mozilla/5.0 (Linux; Android 7.0; FRD-AL10 Build/HUAWEIFRD-AL10; wv) AppleWebKit/537.36 (KHTML, like Gecko) Version/4.0 Chrome/62.0.3202.84 Mobile Safari/537.36"
117.136.68.148 - - [09/Aug/2018:09:22:32 +0800] "GET /js/WEI_2000/mui.min.js?v=1001 HTTP/1.1" 200 115810 "http://merp.yudo.com.cn:8183/WEI_2100/WEI_2100?formKey=M20180809T091841723&menuSelection=asm" "Mozilla/5.0 (Linux; Android 7.0; FRD-AL10 Build/HUAWEIFRD-AL10; wv) AppleWebKit/537.36 (KHTML, like Gecko) Version/4.0 Chrome/62.0.3202.84 Mobile Safari/537.36"
117.136.68.148 - - [09/Aug/2018:09:22:32 +0800] "GET /js/WEI_2100/multiSelect.js?v=1003 HTTP/1.1" 200 4941 "http://merp.yudo.com.cn:8183/WEI_2100/WEI_2100?formKey=M20180809T091841723&menuSelection=asm" "Mozilla/5.0 (Linux; Android 7.0; FRD-AL10 Build/HUAWEIFRD-AL10; wv) AppleWebKit/537.36 (KHTML, like Gecko) Version/4.0 Chrome/62.0.3202.84 Mobile Safari/537.36"
117.136.68.148 - - [09/Aug/2018:09:22:33 +0800] "GET /js/WEI_2100/WEI_2100_Lang.js?v=1001 HTTP/1.1" 200 930 "http://merp.yudo.com.cn:8183/WEI_2100/WEI_2100?formKey=M20180809T091841723&menuSelection=asm" "Mozilla/5.0 (Linux; Android 7.0; FRD-AL10 Build/HUAWEIFRD-AL10; wv) AppleWebKit/537.36 (KHTML, like Gecko) Version/4.0 Chrome/62.0.3202.84 Mobile Safari/537.36"
117.136.68.148 - - [09/Aug/2018:09:22:32 +0800] "GET /js/WEI_2100/vue/vue.js HTTP/1.1" 200 289303 "http://merp.yudo.com.cn:8183/WEI_2100/WEI_2100?formKey=M20180809T091841723&menuSelection=asm" "Mozilla/5.0 (Linux; Android 7.0; FRD-AL10 Build/HUAWEIFRD-AL10; wv) AppleWebKit/537.36 (KHTML, like Gecko) Version/4.0 Chrome/62.0.3202.84 Mobile Safari/537.36"
117.136.68.148 - - [09/Aug/2018:09:22:33 +0800] "GET /js/WEI_2000/mui.previewimage.js?v=201804261256 HTTP/1.1" 200 13324 "http://merp.yudo.com.cn:8183/WEI_2100/WEI_2100?formKey=M20180809T091841723&menuSelection=asm" "Mozilla/5.0 (Linux; Android 7.0; FRD-AL10 Build/HUAWEIFRD-AL10; wv) AppleWebKit/537.36 (KHTML, like Gecko) Version/4.0 Chrome/62.0.3202.84 Mobile Safari/537.36"
117.136.68.148 - - [09/Aug/2018:09:22:33 +0800] "GET /js/WEI_2000/mui.zoom.js?v=201804231454 HTTP/1.1" 200 11703 "http://merp.yudo.com.cn:8183/WEI_2100/WEI_2100?formKey=M20180809T091841723&menuSelection=asm" "Mozilla/5.0 (Linux; Android 7.0; FRD-AL10 Build/HUAWEIFRD-AL10; wv) AppleWebKit/537.36 (KHTML, like Gecko) Version/4.0 Chrome/62.0.3202.84 Mobile Safari/537.36"
117.136.68.148 - - [09/Aug/2018:09:22:33 +0800] "GET /image/qrcode.png HTTP/1.1" 200 5736 "http://merp.yudo.com.cn:8183/WEI_2100/WEI_2100?formKey=M20180809T091841723&menuSelection=asm" "Mozilla/5.0 (Linux; Android 7.0; FRD-AL10 Build/HUAWEIFRD-AL10; wv) AppleWebKit/537.36 (KHTML, like Gecko) Version/4.0 Chrome/62.0.3202.84 Mobile Safari/537.36"
117.136.68.148 - - [09/Aug/2018:09:22:33 +0800] "GET /js/WEI_2100/font/iconfont.woff?v=230-rc1 HTTP/1.1" 200 25996 "http://merp.yudo.com.cn:8183/js/WEI_2100/css/layui.css" "Mozilla/5.0 (Linux; Android 7.0; FRD-AL10 Build/HUAWEIFRD-AL10; wv) AppleWebKit/537.36 (KHTML, like Gecko) Version/4.0 Chrome/62.0.3202.84 Mobile Safari/537.36"
117.136.68.148 - - [09/Aug/2018:09:22:33 +0800] "GET /css/fonts/mui.ttf HTTP/1.1" 200 29884 "http://merp.yudo.com.cn:8183/css/WEI_2000/mui.min.css" "Mozilla/5.0 (Linux; Android 7.0; FRD-AL10 Build/HUAWEIFRD-AL10; wv) AppleWebKit/537.36 (KHTML, like Gecko) Version/4.0 Chrome/62.0.3202.84 Mobile Safari/537.36"
117.136.68.148 - - [09/Aug/2018:09:22:36 +0800] "GET /js/WEI_2100/WEI_2100_Lists.js?v=3092 HTTP/1.1" 200 128751 "http://merp.yudo.com.cn:8183/WEI_2100/WEI_2100?formKey=M20180809T091841723&menuSelection=asm" "Mozilla/5.0 (Linux; Android 7.0; FRD-AL10 Build/HUAWEIFRD-AL10; wv) AppleWebKit/537.36 (KHTML, like Gecko) Version/4.0 Chrome/62.0.3202.84 Mobile Safari/537.36"
223.104.145.113 - - [09/Aug/2018:09:22:39 +0800] "POST /main/login_prc HTTP/1.1" 200 44 "http://merp.yudo.com.cn:8183/?deviceType=mobile&devicePlatform=android" "Mozilla/5.0 (Linux; Android 5.1.1; vivo X7 Build/LMY47V) AppleWebKit/537.36 (KHTML, like Gecko) Version/4.0 Chrome/39.0.0.0 Mobile Safari/537.36"
223.104.145.113 - - [09/Aug/2018:09:22:39 +0800] "POST /main/checkMenuAuth_prc HTTP/1.1" 200 44 "http://merp.yudo.com.cn:8183/?deviceType=mobile&devicePlatform=android" "Mozilla/5.0 (Linux; Android 5.1.1; vivo X7 Build/LMY47V) AppleWebKit/537.36 (KHTML, like Gecko) Version/4.0 Chrome/39.0.0.0 Mobile Safari/537.36"
223.104.145.113 - - [09/Aug/2018:09:22:39 +0800] "POST / HTTP/1.1" 302 149 "http://merp.yudo.com.cn:8183/?deviceType=mobile&devicePlatform=android" "Mozilla/5.0 (Linux; Android 5.1.1; vivo X7 Build/LMY47V) AppleWebKit/537.36 (KHTML, like Gecko) Version/4.0 Chrome/39.0.0.0 Mobile Safari/537.36"
223.104.145.113 - - [09/Aug/2018:09:22:40 +0800] "POST / HTTP/1.1" 302 149 "http://merp.yudo.com.cn:8183/?deviceType=mobile&devicePlatform=android" "Mozilla/5.0 (Linux; Android 5.1.1; vivo X7 Build/LMY47V) AppleWebKit/537.36 (KHTML, like Gecko) Version/4.0 Chrome/39.0.0.0 Mobile Safari/537.36"
223.104.145.113 - - [09/Aug/2018:09:22:40 +0800] "GET /Menu/Menu?formKey=M20180809T091906563 HTTP/1.1" 200 6080 "http://merp.yudo.com.cn:8183/?deviceType=mobile&devicePlatform=android" "Mozilla/5.0 (Linux; Android 5.1.1; vivo X7 Build/LMY47V) AppleWebKit/537.36 (KHTML, like Gecko) Version/4.0 Chrome/39.0.0.0 Mobile Safari/537.36"
117.136.68.148 - - [09/Aug/2018:09:22:36 +0800] "GET /js/WEI_2100/layui.all.js HTTP/1.1" 200 228080 "http://merp.yudo.com.cn:8183/WEI_2100/WEI_2100?formKey=M20180809T091841723&menuSelection=asm" "Mozilla/5.0 (Linux; Android 7.0; FRD-AL10 Build/HUAWEIFRD-AL10; wv) AppleWebKit/537.36 (KHTML, like Gecko) Version/4.0 Chrome/62.0.3202.84 Mobile Safari/537.36"
223.104.145.113 - - [09/Aug/2018:09:22:40 +0800] "GET /css/Menu/Menu.css?v=1002 HTTP/1.1" 200 1901 "http://merp.yudo.com.cn:8183/Menu/Menu?formKey=M20180809T091906563" "Mozilla/5.0 (Linux; Android 5.1.1; vivo X7 Build/LMY47V) AppleWebKit/537.36 (KHTML, like Gecko) Version/4.0 Chrome/39.0.0.0 Mobile Safari/537.36"
223.104.145.113 - - [09/Aug/2018:09:22:41 +0800] "GET /third_party/bootstrap-datetimepicker/js/locales/bootstrap-datetimepicker.zh-CN.js HTTP/1.1" 200 813 "http://merp.yudo.com.cn:8183/Menu/Menu?formKey=M20180809T091906563" "Mozilla/5.0 (Linux; Android 5.1.1; vivo X7 Build/LMY47V) AppleWebKit/537.36 (KHTML, like Gecko) Version/4.0 Chrome/39.0.0.0 Mobile Safari/537.36"
223.104.145.113 - - [09/Aug/2018:09:22:41 +0800] "GET /js/Menu/Menu.js?v=1005 HTTP/1.1" 200 2291 "http://merp.yudo.com.cn:8183/Menu/Menu?formKey=M20180809T091906563" "Mozilla/5.0 (Linux; Android 5.1.1; vivo X7 Build/LMY47V) AppleWebKit/537.36 (KHTML, like Gecko) Version/4.0 Chrome/39.0.0.0 Mobile Safari/537.36"
223.104.145.113 - - [09/Aug/2018:09:22:41 +0800] "GET /image/MI.png HTTP/1.1" 200 3083 "http://merp.yudo.com.cn:8183/Menu/Menu?formKey=M20180809T091906563" "Mozilla/5.0 (Linux; Android 5.1.1; vivo X7 Build/LMY47V) AppleWebKit/537.36 (KHTML, like Gecko) Version/4.0 Chrome/39.0.0.0 Mobile Safari/537.36"
223.104.145.113 - - [09/Aug/2018:09:22:40 +0800] "GET /css/WEI_2000/mui.min.css?v=1001 HTTP/1.1" 200 74864 "http://merp.yudo.com.cn:8183/Menu/Menu?formKey=M20180809T091906563" "Mozilla/5.0 (Linux; Android 5.1.1; vivo X7 Build/LMY47V) AppleWebKit/537.36 (KHTML, like Gecko) Version/4.0 Chrome/39.0.0.0 Mobile Safari/537.36"
223.104.145.113 - - [09/Aug/2018:09:22:41 +0800] "GET /image/SM.png HTTP/1.1" 200 3070 "http://merp.yudo.com.cn:8183/Menu/Menu?formKey=M20180809T091906563" "Mozilla/5.0 (Linux; Android 5.1.1; vivo X7 Build/LMY47V) AppleWebKit/537.36 (KHTML, like Gecko) Version/4.0 Chrome/39.0.0.0 Mobile Safari/537.36"
117.136.68.148 - - [09/Aug/2018:09:22:41 +0800] "GET /js/WEI_2100/css/modules/laydate/default/laydate.css?v=5.0.9 HTTP/1.1" 200 7541 "http://merp.yudo.com.cn:8183/WEI_2100/WEI_2100?formKey=M20180809T091841723&menuSelection=asm" "Mozilla/5.0 (Linux; Android 7.0; FRD-AL10 Build/HUAWEIFRD-AL10; wv) AppleWebKit/537.36 (KHTML, like Gecko) Version/4.0 Chrome/62.0.3202.84 Mobile Safari/537.36"
223.104.145.113 - - [09/Aug/2018:09:22:41 +0800] "GET /image/ASM.png HTTP/1.1" 200 21273 "http://merp.yudo.com.cn:8183/Menu/Menu?formKey=M20180809T091906563" "Mozilla/5.0 (Linux; Android 5.1.1; vivo X7 Build/LMY47V) AppleWebKit/537.36 (KHTML, like Gecko) Version/4.0 Chrome/39.0.0.0 Mobile Safari/537.36"
223.104.145.113 - - [09/Aug/2018:09:22:41 +0800] "GET /js/WEI_2000/mui.min.js HTTP/1.1" 200 115810 "http://merp.yudo.com.cn:8183/Menu/Menu?formKey=M20180809T091906563" "Mozilla/5.0 (Linux; Android 5.1.1; vivo X7 Build/LMY47V) AppleWebKit/537.36 (KHTML, like Gecko) Version/4.0 Chrome/39.0.0.0 Mobile Safari/537.36"
117.136.68.148 - - [09/Aug/2018:09:22:41 +0800] "GET /js/WEI_2100/css/modules/code.css HTTP/1.1" 200 1067 "http://merp.yudo.com.cn:8183/WEI_2100/WEI_2100?formKey=M20180809T091841723&menuSelection=asm" "Mozilla/5.0 (Linux; Android 7.0; FRD-AL10 Build/HUAWEIFRD-AL10; wv) AppleWebKit/537.36 (KHTML, like Gecko) Version/4.0 Chrome/62.0.3202.84 Mobile Safari/537.36"
117.136.68.148 - - [09/Aug/2018:09:22:41 +0800] "GET /js/WEI_2100/css/modules/layer/default/layer.css?v=3.1.1 HTTP/1.1" 200 14429 "http://merp.yudo.com.cn:8183/WEI_2100/WEI_2100?formKey=M20180809T091841723&menuSelection=asm" "Mozilla/5.0 (Linux; Android 7.0; FRD-AL10 Build/HUAWEIFRD-AL10; wv) AppleWebKit/537.36 (KHTML, like Gecko) Version/4.0 Chrome/62.0.3202.84 Mobile Safari/537.36"
223.104.145.113 - - [09/Aug/2018:09:22:41 +0800] "POST /JLAMPCommon/langBatchRows_prc HTTP/1.1" 200 595 "http://merp.yudo.com.cn:8183/Menu/Menu?formKey=M20180809T091906563" "Mozilla/5.0 (Linux; Android 5.1.1; vivo X7 Build/LMY47V) AppleWebKit/537.36 (KHTML, like Gecko) Version/4.0 Chrome/39.0.0.0 Mobile Safari/537.36"
117.136.68.148 - - [09/Aug/2018:09:22:41 +0800] "POST /JLAMPCommon/langBatchRows_prc HTTP/1.1" 200 12695 "http://merp.yudo.com.cn:8183/WEI_2100/WEI_2100?formKey=M20180809T091841723&menuSelection=asm" "Mozilla/5.0 (Linux; Android 7.0; FRD-AL10 Build/HUAWEIFRD-AL10; wv) AppleWebKit/537.36 (KHTML, like Gecko) Version/4.0 Chrome/62.0.3202.84 Mobile Safari/537.36"
117.136.68.148 - - [09/Aug/2018:09:22:41 +0800] "POST /JLAMPCommon/langBatchRows_prc HTTP/1.1" 200 13022 "http://merp.yudo.com.cn:8183/WEI_2100/WEI_2100?formKey=M20180809T091841723&menuSelection=asm" "Mozilla/5.0 (Linux; Android 7.0; FRD-AL10 Build/HUAWEIFRD-AL10; wv) AppleWebKit/537.36 (KHTML, like Gecko) Version/4.0 Chrome/62.0.3202.84 Mobile Safari/537.36"
223.104.145.113 - - [09/Aug/2018:09:22:42 +0800] "GET /JLAMPCommon/getCookieJson_prc HTTP/1.1" 200 913 "http://merp.yudo.com.cn:8183/Menu/Menu?formKey=M20180809T091906563" "Mozilla/5.0 (Linux; Android 5.1.1; vivo X7 Build/LMY47V) AppleWebKit/537.36 (KHTML, like Gecko) Version/4.0 Chrome/39.0.0.0 Mobile Safari/537.36"
117.136.68.148 - - [09/Aug/2018:09:22:42 +0800] "GET /JLAMPCommon/getCookieJson_prc HTTP/1.1" 200 912 "http://merp.yudo.com.cn:8183/WEI_2100/WEI_2100?formKey=M20180809T091841723&menuSelection=asm" "Mozilla/5.0 (Linux; Android 7.0; FRD-AL10 Build/HUAWEIFRD-AL10; wv) AppleWebKit/537.36 (KHTML, like Gecko) Version/4.0 Chrome/62.0.3202.84 Mobile Safari/537.36"
223.104.145.113 - - [09/Aug/2018:09:22:42 +0800] "GET /Menu/doMenuRows_prc?formKey=M20180809T091906563 HTTP/1.1" 200 1622 "http://merp.yudo.com.cn:8183/Menu/Menu?formKey=M20180809T091906563" "Mozilla/5.0 (Linux; Android 5.1.1; vivo X7 Build/LMY47V) AppleWebKit/537.36 (KHTML, like Gecko) Version/4.0 Chrome/39.0.0.0 Mobile Safari/537.36"
223.104.145.113 - - [09/Aug/2018:09:22:42 +0800] "GET /image/menu_allow.png HTTP/1.1" 200 2728 "http://merp.yudo.com.cn:8183/Menu/Menu?formKey=M20180809T091906563" "Mozilla/5.0 (Linux; Android 5.1.1; vivo X7 Build/LMY47V) AppleWebKit/537.36 (KHTML, like Gecko) Version/4.0 Chrome/39.0.0.0 Mobile Safari/537.36"
117.136.68.148 - - [09/Aug/2018:09:22:48 +0800] "GET /WEI_2100/login_user HTTP/1.1" 200 150 "http://merp.yudo.com.cn:8183/WEI_2100/WEI_2100?formKey=M20180809T091841723&menuSelection=asm" "Mozilla/5.0 (Linux; Android 7.0; FRD-AL10 Build/HUAWEIFRD-AL10; wv) AppleWebKit/537.36 (KHTML, like Gecko) Version/4.0 Chrome/62.0.3202.84 Mobile Safari/537.36"
117.136.68.148 - - [09/Aug/2018:09:22:48 +0800] "GET /WEI_2100/systemclass_big_prc?bigsysid=asclass1 HTTP/1.1" 200 475 "http://merp.yudo.com.cn:8183/WEI_2100/WEI_2100?formKey=M20180809T091841723&menuSelection=asm" "Mozilla/5.0 (Linux; Android 7.0; FRD-AL10 Build/HUAWEIFRD-AL10; wv) AppleWebKit/537.36 (KHTML, like Gecko) Version/4.0 Chrome/62.0.3202.84 Mobile Safari/537.36"
117.136.68.148 - - [09/Aug/2018:09:22:48 +0800] "GET /WEI_2100/systemclass_big_prc?bigsysid=markets HTTP/1.1" 200 512 "http://merp.yudo.com.cn:8183/WEI_2100/WEI_2100?formKey=M20180809T091841723&menuSelection=asm" "Mozilla/5.0 (Linux; Android 7.0; FRD-AL10 Build/HUAWEIFRD-AL10; wv) AppleWebKit/537.36 (KHTML, like Gecko) Version/4.0 Chrome/62.0.3202.84 Mobile Safari/537.36"
117.136.68.148 - - [09/Aug/2018:09:22:48 +0800] "GET /WEI_2100/systemclass_big_prc?bigsysid=ascause HTTP/1.1" 200 209 "http://merp.yudo.com.cn:8183/WEI_2100/WEI_2100?formKey=M20180809T091841723&menuSelection=asm" "Mozilla/5.0 (Linux; Android 7.0; FRD-AL10 Build/HUAWEIFRD-AL10; wv) AppleWebKit/537.36 (KHTML, like Gecko) Version/4.0 Chrome/62.0.3202.84 Mobile Safari/537.36"
117.136.68.148 - - [09/Aug/2018:09:22:48 +0800] "GET /WEI_2100/systemclass_big_prc?bigsysid=startpoint HTTP/1.1" 200 317 "http://merp.yudo.com.cn:8183/WEI_2100/WEI_2100?formKey=M20180809T091841723&menuSelection=asm" "Mozilla/5.0 (Linux; Android 7.0; FRD-AL10 Build/HUAWEIFRD-AL10; wv) AppleWebKit/537.36 (KHTML, like Gecko) Version/4.0 Chrome/62.0.3202.84 Mobile Safari/537.36"
117.136.68.148 - - [09/Aug/2018:09:22:48 +0800] "GET /WEI_2100/systemclass_big_prc?bigsysid=area HTTP/1.1" 200 751 "http://merp.yudo.com.cn:8183/WEI_2100/WEI_2100?formKey=M20180809T091841723&menuSelection=asm" "Mozilla/5.0 (Linux; Android 7.0; FRD-AL10 Build/HUAWEIFRD-AL10; wv) AppleWebKit/537.36 (KHTML, like Gecko) Version/4.0 Chrome/62.0.3202.84 Mobile Safari/537.36"
117.136.68.148 - - [09/Aug/2018:09:22:48 +0800] "GET /WEI_2100/systemclass_big_prc?bigsysid=asbadtype HTTP/1.1" 200 152 "http://merp.yudo.com.cn:8183/WEI_2100/WEI_2100?formKey=M20180809T091841723&menuSelection=asm" "Mozilla/5.0 (Linux; Android 7.0; FRD-AL10 Build/HUAWEIFRD-AL10; wv) AppleWebKit/537.36 (KHTML, like Gecko) Version/4.0 Chrome/62.0.3202.84 Mobile Safari/537.36"
117.136.68.148 - - [09/Aug/2018:09:22:49 +0800] "GET /WEI_2100/systemclass_big_prc?bigsysid=asclass HTTP/1.1" 200 264 "http://merp.yudo.com.cn:8183/WEI_2100/WEI_2100?formKey=M20180809T091841723&menuSelection=asm" "Mozilla/5.0 (Linux; Android 7.0; FRD-AL10 Build/HUAWEIFRD-AL10; wv) AppleWebKit/537.36 (KHTML, like Gecko) Version/4.0 Chrome/62.0.3202.84 Mobile Safari/537.36"
117.136.68.148 - - [09/Aug/2018:09:22:50 +0800] "GET /js/WEI_2100/css/modules/layer/default/loading-2.gif HTTP/1.1" 200 1787 "http://merp.yudo.com.cn:8183/js/WEI_2100/css/modules/layer/default/layer.css?v=3.1.1" "Mozilla/5.0 (Linux; Android 7.0; FRD-AL10 Build/HUAWEIFRD-AL10; wv) AppleWebKit/537.36 (KHTML, like Gecko) Version/4.0 Chrome/62.0.3202.84 Mobile Safari/537.36"
117.136.68.148 - - [09/Aug/2018:09:22:49 +0800] "GET /WEI_2100/as_unit HTTP/1.1" 200 1002 "http://merp.yudo.com.cn:8183/WEI_2100/WEI_2100?formKey=M20180809T091841723&menuSelection=asm" "Mozilla/5.0 (Linux; Android 7.0; FRD-AL10 Build/HUAWEIFRD-AL10; wv) AppleWebKit/537.36 (KHTML, like Gecko) Version/4.0 Chrome/62.0.3202.84 Mobile Safari/537.36"
117.136.68.148 - - [09/Aug/2018:09:22:49 +0800] "GET /WEI_2100/systemclass_big_prc?bigsysid=supplyscope HTTP/1.1" 200 302 "http://merp.yudo.com.cn:8183/WEI_2100/WEI_2100?formKey=M20180809T091841723&menuSelection=asm" "Mozilla/5.0 (Linux; Android 7.0; FRD-AL10 Build/HUAWEIFRD-AL10; wv) AppleWebKit/537.36 (KHTML, like Gecko) Version/4.0 Chrome/62.0.3202.84 Mobile Safari/537.36"
117.136.68.148 - - [09/Aug/2018:09:22:49 +0800] "GET /WEI_2100/user_prc HTTP/1.1" 200 92257 "http://merp.yudo.com.cn:8183/WEI_2100/WEI_2100?formKey=M20180809T091841723&menuSelection=asm" "Mozilla/5.0 (Linux; Android 7.0; FRD-AL10 Build/HUAWEIFRD-AL10; wv) AppleWebKit/537.36 (KHTML, like Gecko) Version/4.0 Chrome/62.0.3202.84 Mobile Safari/537.36"
::1 - - [09/Aug/2018:09:22:58 +0800] "OPTIONS * HTTP/1.0" 200 - "-" "Apache/2.4.6 (CentOS) PHP/5.6.32 (internal dummy connection)"
::1 - - [09/Aug/2018:09:22:59 +0800] "OPTIONS * HTTP/1.0" 200 - "-" "Apache/2.4.6 (CentOS) PHP/5.6.32 (internal dummy connection)"
223.104.145.113 - - [09/Aug/2018:09:23:16 +0800] "GET /WEI_2100/WEI_2100?formKey=M20180809T091906563&menuSelection=asm HTTP/1.1" 200 87603 "http://merp.yudo.com.cn:8183/Menu/Menu?formKey=M20180809T091906563" "Mozilla/5.0 (Linux; Android 5.1.1; vivo X7 Build/LMY47V) AppleWebKit/537.36 (KHTML, like Gecko) Version/4.0 Chrome/39.0.0.0 Mobile Safari/537.36"
223.104.145.113 - - [09/Aug/2018:09:23:17 +0800] "GET /css/WEI_2100/WEI_2100_Lists.css?v=201806080934 HTTP/1.1" 200 10369 "http://merp.yudo.com.cn:8183/WEI_2100/WEI_2100?formKey=M20180809T091906563&menuSelection=asm" "Mozilla/5.0 (Linux; Android 5.1.1; vivo X7 Build/LMY47V) AppleWebKit/537.36 (KHTML, like Gecko) Version/4.0 Chrome/39.0.0.0 Mobile Safari/537.36"
223.104.145.113 - - [09/Aug/2018:09:23:17 +0800] "GET /js/WEI_2100/css/layui.css HTTP/1.1" 200 62448 "http://merp.yudo.com.cn:8183/WEI_2100/WEI_2100?formKey=M20180809T091906563&menuSelection=asm" "Mozilla/5.0 (Linux; Android 5.1.1; vivo X7 Build/LMY47V) AppleWebKit/537.36 (KHTML, like Gecko) Version/4.0 Chrome/39.0.0.0 Mobile Safari/537.36"
223.104.145.113 - - [09/Aug/2018:09:23:17 +0800] "GET /css/WEI_2000/mui.min.css HTTP/1.1" 200 74864 "http://merp.yudo.com.cn:8183/WEI_2100/WEI_2100?formKey=M20180809T091906563&menuSelection=asm" "Mozilla/5.0 (Linux; Android 5.1.1; vivo X7 Build/LMY47V) AppleWebKit/537.36 (KHTML, like Gecko) Version/4.0 Chrome/39.0.0.0 Mobile Safari/537.36"
223.104.145.113 - - [09/Aug/2018:09:23:17 +0800] "GET /js/WEI_2100/multiSelect.js?v=1003 HTTP/1.1" 200 4941 "http://merp.yudo.com.cn:8183/WEI_2100/WEI_2100?formKey=M20180809T091906563&menuSelection=asm" "Mozilla/5.0 (Linux; Android 5.1.1; vivo X7 Build/LMY47V) AppleWebKit/537.36 (KHTML, like Gecko) Version/4.0 Chrome/39.0.0.0 Mobile Safari/537.36"
223.104.145.113 - - [09/Aug/2018:09:23:17 +0800] "GET /js/WEI_2100/WEI_2100_Lang.js?v=1001 HTTP/1.1" 200 930 "http://merp.yudo.com.cn:8183/WEI_2100/WEI_2100?formKey=M20180809T091906563&menuSelection=asm" "Mozilla/5.0 (Linux; Android 5.1.1; vivo X7 Build/LMY47V) AppleWebKit/537.36 (KHTML, like Gecko) Version/4.0 Chrome/39.0.0.0 Mobile Safari/537.36"
223.104.145.113 - - [09/Aug/2018:09:23:17 +0800] "GET /js/WEI_2000/mui.min.js?v=1001 HTTP/1.1" 200 115810 "http://merp.yudo.com.cn:8183/WEI_2100/WEI_2100?formKey=M20180809T091906563&menuSelection=asm" "Mozilla/5.0 (Linux; Android 5.1.1; vivo X7 Build/LMY47V) AppleWebKit/537.36 (KHTML, like Gecko) Version/4.0 Chrome/39.0.0.0 Mobile Safari/537.36"
223.104.145.113 - - [09/Aug/2018:09:23:17 +0800] "GET /js/WEI_2000/mui.previewimage.js?v=201804261256 HTTP/1.1" 200 13324 "http://merp.yudo.com.cn:8183/WEI_2100/WEI_2100?formKey=M20180809T091906563&menuSelection=asm" "Mozilla/5.0 (Linux; Android 5.1.1; vivo X7 Build/LMY47V) AppleWebKit/537.36 (KHTML, like Gecko) Version/4.0 Chrome/39.0.0.0 Mobile Safari/537.36"
223.104.145.113 - - [09/Aug/2018:09:23:17 +0800] "GET /js/WEI_2000/mui.zoom.js?v=201804231454 HTTP/1.1" 200 11703 "http://merp.yudo.com.cn:8183/WEI_2100/WEI_2100?formKey=M20180809T091906563&menuSelection=asm" "Mozilla/5.0 (Linux; Android 5.1.1; vivo X7 Build/LMY47V) AppleWebKit/537.36 (KHTML, like Gecko) Version/4.0 Chrome/39.0.0.0 Mobile Safari/537.36"
223.104.145.113 - - [09/Aug/2018:09:23:17 +0800] "GET /image/qrcode.png HTTP/1.1" 200 5736 "http://merp.yudo.com.cn:8183/WEI_2100/WEI_2100?formKey=M20180809T091906563&menuSelection=asm" "Mozilla/5.0 (Linux; Android 5.1.1; vivo X7 Build/LMY47V) AppleWebKit/537.36 (KHTML, like Gecko) Version/4.0 Chrome/39.0.0.0 Mobile Safari/537.36"
223.104.145.113 - - [09/Aug/2018:09:23:17 +0800] "GET /js/WEI_2100/WEI_2100_Lists.js?v=3092 HTTP/1.1" 200 128751 "http://merp.yudo.com.cn:8183/WEI_2100/WEI_2100?formKey=M20180809T091906563&menuSelection=asm" "Mozilla/5.0 (Linux; Android 5.1.1; vivo X7 Build/LMY47V) AppleWebKit/537.36 (KHTML, like Gecko) Version/4.0 Chrome/39.0.0.0 Mobile Safari/537.36"
223.104.145.113 - - [09/Aug/2018:09:23:17 +0800] "GET /js/WEI_2100/layui.all.js HTTP/1.1" 200 228080 "http://merp.yudo.com.cn:8183/WEI_2100/WEI_2100?formKey=M20180809T091906563&menuSelection=asm" "Mozilla/5.0 (Linux; Android 5.1.1; vivo X7 Build/LMY47V) AppleWebKit/537.36 (KHTML, like Gecko) Version/4.0 Chrome/39.0.0.0 Mobile Safari/537.36"
223.104.145.113 - - [09/Aug/2018:09:23:17 +0800] "GET /js/WEI_2100/vue/vue.js HTTP/1.1" 200 289303 "http://merp.yudo.com.cn:8183/WEI_2100/WEI_2100?formKey=M20180809T091906563&menuSelection=asm" "Mozilla/5.0 (Linux; Android 5.1.1; vivo X7 Build/LMY47V) AppleWebKit/537.36 (KHTML, like Gecko) Version/4.0 Chrome/39.0.0.0 Mobile Safari/537.36"
223.104.145.113 - - [09/Aug/2018:09:23:18 +0800] "GET /js/WEI_2100/css/modules/laydate/default/laydate.css?v=5.0.9 HTTP/1.1" 200 7541 "http://merp.yudo.com.cn:8183/WEI_2100/WEI_2100?formKey=M20180809T091906563&menuSelection=asm" "Mozilla/5.0 (Linux; Android 5.1.1; vivo X7 Build/LMY47V) AppleWebKit/537.36 (KHTML, like Gecko) Version/4.0 Chrome/39.0.0.0 Mobile Safari/537.36"
