117.136.45.41 - - [31/Aug/2019:12:46:57 +0800] "GET /js/lang.min.js?v=1003 HTTP/1.1" 200 1138 "http://merp.yudo.com.cn:8183/Menu" "Mozilla/5.0 (Linux; Android 9; MHA-AL00 Build/HUAWEIMHA-AL00; wv) AppleWebKit/537.36 (KHTML, like Gecko) Version/4.0 Chrome/71.0.3578.99 Mobile Safari/537.36"
223.104.148.25 - - [31/Aug/2019:12:46:57 +0800] "GET /image/fonticon/quit_icon.png HTTP/1.1" 304 - "http://merp.yudo.com.cn:8183/Menu" "Mozilla/5.0 (iPhone; CPU iPhone OS 11_4_1 like Mac OS X) AppleWebKit/605.1.15 (KHTML, like Gecko) Mobile/15G77JLAMPMode:iPhone"
223.104.148.25 - - [31/Aug/2019:12:46:57 +0800] "GET /fonts/mui.ttf HTTP/1.1" 304 - "http://merp.yudo.com.cn:8183/Menu" "Mozilla/5.0 (iPhone; CPU iPhone OS 11_4_1 like Mac OS X) AppleWebKit/605.1.15 (KHTML, like Gecko) Mobile/15G77JLAMPMode:iPhone"
223.104.148.25 - - [31/Aug/2019:12:46:57 +0800] "GET /image/fonticon/userMenu_icon.png HTTP/1.1" 304 - "http://merp.yudo.com.cn:8183/Menu" "Mozilla/5.0 (iPhone; CPU iPhone OS 11_4_1 like Mac OS X) AppleWebKit/605.1.15 (KHTML, like Gecko) Mobile/15G77JLAMPMode:iPhone"
223.104.148.25 - - [31/Aug/2019:12:46:57 +0800] "GET /image/fonticon/extend_icon.png HTTP/1.1" 304 - "http://merp.yudo.com.cn:8183/Menu" "Mozilla/5.0 (iPhone; CPU iPhone OS 11_4_1 like Mac OS X) AppleWebKit/605.1.15 (KHTML, like Gecko) Mobile/15G77JLAMPMode:iPhone"
223.104.148.25 - - [31/Aug/2019:12:46:57 +0800] "GET /image/fonticon/salesPlan_icon.png HTTP/1.1" 304 - "http://merp.yudo.com.cn:8183/Menu" "Mozilla/5.0 (iPhone; CPU iPhone OS 11_4_1 like Mac OS X) AppleWebKit/605.1.15 (KHTML, like Gecko) Mobile/15G77JLAMPMode:iPhone"
223.104.148.25 - - [31/Aug/2019:12:46:57 +0800] "GET /image/fonticon/dayTotal_icon.png HTTP/1.1" 304 - "http://merp.yudo.com.cn:8183/Menu" "Mozilla/5.0 (iPhone; CPU iPhone OS 11_4_1 like Mac OS X) AppleWebKit/605.1.15 (KHTML, like Gecko) Mobile/15G77JLAMPMode:iPhone"
223.104.148.25 - - [31/Aug/2019:12:46:57 +0800] "GET /Menu/getVersionInfo HTTP/1.1" 200 368 "http://merp.yudo.com.cn:8183/Menu" "Mozilla/5.0 (iPhone; CPU iPhone OS 11_4_1 like Mac OS X) AppleWebKit/605.1.15 (KHTML, like Gecko) Mobile/15G77JLAMPMode:iPhone"
223.104.148.25 - - [31/Aug/2019:12:46:57 +0800] "GET /image/fonticon/loading_icon6.png HTTP/1.1" 304 - "http://merp.yudo.com.cn:8183/Menu" "Mozilla/5.0 (iPhone; CPU iPhone OS 11_4_1 like Mac OS X) AppleWebKit/605.1.15 (KHTML, like Gecko) Mobile/15G77JLAMPMode:iPhone"
223.104.148.25 - - [31/Aug/2019:12:46:57 +0800] "GET /Menu/getLoginInfo HTTP/1.1" 200 182 "http://merp.yudo.com.cn:8183/Menu" "Mozilla/5.0 (iPhone; CPU iPhone OS 11_4_1 like Mac OS X) AppleWebKit/605.1.15 (KHTML, like Gecko) Mobile/15G77JLAMPMode:iPhone"
117.136.45.41 - - [31/Aug/2019:12:46:57 +0800] "GET /js/multiHttp.js?v=1010 HTTP/1.1" 200 45579 "http://merp.yudo.com.cn:8183/Menu" "Mozilla/5.0 (Linux; Android 9; MHA-AL00 Build/HUAWEIMHA-AL00; wv) AppleWebKit/537.36 (KHTML, like Gecko) Version/4.0 Chrome/71.0.3578.99 Mobile Safari/537.36"
117.136.45.41 - - [31/Aug/2019:12:46:57 +0800] "GET /js/mui.previewimage.js?v=201804261256 HTTP/1.1" 200 13324 "http://merp.yudo.com.cn:8183/Menu" "Mozilla/5.0 (Linux; Android 9; MHA-AL00 Build/HUAWEIMHA-AL00; wv) AppleWebKit/537.36 (KHTML, like Gecko) Version/4.0 Chrome/71.0.3578.99 Mobile Safari/537.36"
117.136.45.41 - - [31/Aug/2019:12:46:57 +0800] "GET /js/mui.zoom.js?v=201804231454 HTTP/1.1" 200 11703 "http://merp.yudo.com.cn:8183/Menu" "Mozilla/5.0 (Linux; Android 9; MHA-AL00 Build/HUAWEIMHA-AL00; wv) AppleWebKit/537.36 (KHTML, like Gecko) Version/4.0 Chrome/71.0.3578.99 Mobile Safari/537.36"
117.136.45.41 - - [31/Aug/2019:12:46:58 +0800] "GET /js/mui.picker.min.js?v=1002 HTTP/1.1" 200 18411 "http://merp.yudo.com.cn:8183/Menu" "Mozilla/5.0 (Linux; Android 9; MHA-AL00 Build/HUAWEIMHA-AL00; wv) AppleWebKit/537.36 (KHTML, like Gecko) Version/4.0 Chrome/71.0.3578.99 Mobile Safari/537.36"
117.136.45.41 - - [31/Aug/2019:12:46:58 +0800] "GET /js/fastclick.js HTTP/1.1" 200 25966 "http://merp.yudo.com.cn:8183/Menu" "Mozilla/5.0 (Linux; Android 9; MHA-AL00 Build/HUAWEIMHA-AL00; wv) AppleWebKit/537.36 (KHTML, like Gecko) Version/4.0 Chrome/71.0.3578.99 Mobile Safari/537.36"
117.136.45.41 - - [31/Aug/2019:12:46:58 +0800] "GET /js/JLAMP.min.js HTTP/1.1" 200 1461 "http://merp.yudo.com.cn:8183/Menu" "Mozilla/5.0 (Linux; Android 9; MHA-AL00 Build/HUAWEIMHA-AL00; wv) AppleWebKit/537.36 (KHTML, like Gecko) Version/4.0 Chrome/71.0.3578.99 Mobile Safari/537.36"
::1 - - [31/Aug/2019:12:46:59 +0800] "OPTIONS * HTTP/1.0" 200 - "-" "Apache/2.4.6 (CentOS) PHP/5.6.32 (internal dummy connection)"
117.136.45.41 - - [31/Aug/2019:12:46:57 +0800] "GET /js/echarts.min.js HTTP/1.1" 200 744675 "http://merp.yudo.com.cn:8183/Menu" "Mozilla/5.0 (Linux; Android 9; MHA-AL00 Build/HUAWEIMHA-AL00; wv) AppleWebKit/537.36 (KHTML, like Gecko) Version/4.0 Chrome/71.0.3578.99 Mobile Safari/537.36"
117.136.45.41 - - [31/Aug/2019:12:46:59 +0800] "GET /js/JLAMP.common.min.js HTTP/1.1" 200 9705 "http://merp.yudo.com.cn:8183/Menu" "Mozilla/5.0 (Linux; Android 9; MHA-AL00 Build/HUAWEIMHA-AL00; wv) AppleWebKit/537.36 (KHTML, like Gecko) Version/4.0 Chrome/71.0.3578.99 Mobile Safari/537.36"
223.104.148.25 - - [31/Aug/2019:12:46:59 +0800] "GET /WEI_2300/WEI_2300?formKey=Menu&menuSelection=asm HTTP/1.1" 200 39068 "http://merp.yudo.com.cn:8183/Menu" "Mozilla/5.0 (iPhone; CPU iPhone OS 11_4_1 like Mac OS X) AppleWebKit/605.1.15 (KHTML, like Gecko) Mobile/15G77JLAMPMode:iPhone"
117.136.45.41 - - [31/Aug/2019:12:47:00 +0800] "GET /js/JLAMP.lang.min.js HTTP/1.1" 200 1750 "http://merp.yudo.com.cn:8183/Menu" "Mozilla/5.0 (Linux; Android 9; MHA-AL00 Build/HUAWEIMHA-AL00; wv) AppleWebKit/537.36 (KHTML, like Gecko) Version/4.0 Chrome/71.0.3578.99 Mobile Safari/537.36"
223.104.148.25 - - [31/Aug/2019:12:47:00 +0800] "GET /image/fonticon/search_class_icon.png HTTP/1.1" 304 - "http://merp.yudo.com.cn:8183/WEI_2300/WEI_2300?formKey=Menu&menuSelection=asm" "Mozilla/5.0 (iPhone; CPU iPhone OS 11_4_1 like Mac OS X) AppleWebKit/605.1.15 (KHTML, like Gecko) Mobile/15G77JLAMPMode:iPhone"
223.104.148.25 - - [31/Aug/2019:12:47:00 +0800] "GET /image/fonticon/search_icon.png HTTP/1.1" 304 - "http://merp.yudo.com.cn:8183/WEI_2300/WEI_2300?formKey=Menu&menuSelection=asm" "Mozilla/5.0 (iPhone; CPU iPhone OS 11_4_1 like Mac OS X) AppleWebKit/605.1.15 (KHTML, like Gecko) Mobile/15G77JLAMPMode:iPhone"
223.104.148.25 - - [31/Aug/2019:12:47:00 +0800] "GET /image/fonticon/back_icon2.png HTTP/1.1" 304 - "http://merp.yudo.com.cn:8183/WEI_2300/WEI_2300?formKey=Menu&menuSelection=asm" "Mozilla/5.0 (iPhone; CPU iPhone OS 11_4_1 like Mac OS X) AppleWebKit/605.1.15 (KHTML, like Gecko) Mobile/15G77JLAMPMode:iPhone"
223.104.148.25 - - [31/Aug/2019:12:47:00 +0800] "GET /image/fonticon/backMenu_icon.png HTTP/1.1" 304 - "http://merp.yudo.com.cn:8183/WEI_2300/WEI_2300?formKey=Menu&menuSelection=asm" "Mozilla/5.0 (iPhone; CPU iPhone OS 11_4_1 like Mac OS X) AppleWebKit/605.1.15 (KHTML, like Gecko) Mobile/15G77JLAMPMode:iPhone"
223.104.148.25 - - [31/Aug/2019:12:47:00 +0800] "GET /image/fonticon/write_icon.png HTTP/1.1" 304 - "http://merp.yudo.com.cn:8183/WEI_2300/WEI_2300?formKey=Menu&menuSelection=asm" "Mozilla/5.0 (iPhone; CPU iPhone OS 11_4_1 like Mac OS X) AppleWebKit/605.1.15 (KHTML, like Gecko) Mobile/15G77JLAMPMode:iPhone"
223.104.148.25 - - [31/Aug/2019:12:47:00 +0800] "GET /image/fonticon/search_user_icon.png HTTP/1.1" 304 - "http://merp.yudo.com.cn:8183/WEI_2300/WEI_2300?formKey=Menu&menuSelection=asm" "Mozilla/5.0 (iPhone; CPU iPhone OS 11_4_1 like Mac OS X) AppleWebKit/605.1.15 (KHTML, like Gecko) Mobile/15G77JLAMPMode:iPhone"
223.104.148.25 - - [31/Aug/2019:12:47:00 +0800] "GET /js/WEI_2300/WEI_2300_Lists.js?v=200011 HTTP/1.1" 304 - "http://merp.yudo.com.cn:8183/WEI_2300/WEI_2300?formKey=Menu&menuSelection=asm" "Mozilla/5.0 (iPhone; CPU iPhone OS 11_4_1 like Mac OS X) AppleWebKit/605.1.15 (KHTML, like Gecko) Mobile/15G77JLAMPMode:iPhone"
223.104.148.25 - - [31/Aug/2019:12:47:00 +0800] "GET /image/fonticon/date_icon.png HTTP/1.1" 304 - "http://merp.yudo.com.cn:8183/WEI_2300/WEI_2300?formKey=Menu&menuSelection=asm" "Mozilla/5.0 (iPhone; CPU iPhone OS 11_4_1 like Mac OS X) AppleWebKit/605.1.15 (KHTML, like Gecko) Mobile/15G77JLAMPMode:iPhone"
223.104.148.25 - - [31/Aug/2019:12:47:00 +0800] "GET /image/fonticon/xiala_icon.png HTTP/1.1" 304 - "http://merp.yudo.com.cn:8183/WEI_2300/WEI_2300?formKey=Menu&menuSelection=asm" "Mozilla/5.0 (iPhone; CPU iPhone OS 11_4_1 like Mac OS X) AppleWebKit/605.1.15 (KHTML, like Gecko) Mobile/15G77JLAMPMode:iPhone"
117.136.45.41 - - [31/Aug/2019:12:47:00 +0800] "GET /js/Menu/Menu.js?v=200010 HTTP/1.1" 200 11275 "http://merp.yudo.com.cn:8183/Menu" "Mozilla/5.0 (Linux; Android 9; MHA-AL00 Build/HUAWEIMHA-AL00; wv) AppleWebKit/537.36 (KHTML, like Gecko) Version/4.0 Chrome/71.0.3578.99 Mobile Safari/537.36"
117.136.45.41 - - [31/Aug/2019:12:47:00 +0800] "GET /image/fonticon/headDefault.jpg HTTP/1.1" 200 2436 "http://merp.yudo.com.cn:8183/Menu" "Mozilla/5.0 (Linux; Android 9; MHA-AL00 Build/HUAWEIMHA-AL00; wv) AppleWebKit/537.36 (KHTML, like Gecko) Version/4.0 Chrome/71.0.3578.99 Mobile Safari/537.36"
117.136.45.41 - - [31/Aug/2019:12:47:00 +0800] "GET /image/login_logo.png HTTP/1.1" 200 3941 "http://merp.yudo.com.cn:8183/Menu" "Mozilla/5.0 (Linux; Android 9; MHA-AL00 Build/HUAWEIMHA-AL00; wv) AppleWebKit/537.36 (KHTML, like Gecko) Version/4.0 Chrome/71.0.3578.99 Mobile Safari/537.36"
117.136.45.41 - - [31/Aug/2019:12:47:01 +0800] "GET /image/fonticon/refresh_icon.png HTTP/1.1" 200 2550 "http://merp.yudo.com.cn:8183/css/yudo-ui.css?v=2014" "Mozilla/5.0 (Linux; Android 9; MHA-AL00 Build/HUAWEIMHA-AL00; wv) AppleWebKit/537.36 (KHTML, like Gecko) Version/4.0 Chrome/71.0.3578.99 Mobile Safari/537.36"
117.136.45.41 - - [31/Aug/2019:12:47:01 +0800] "GET /Menu/doMenuRows_prc?formKey=Menu HTTP/1.1" 200 331 "http://merp.yudo.com.cn:8183/Menu" "Mozilla/5.0 (Linux; Android 9; MHA-AL00 Build/HUAWEIMHA-AL00; wv) AppleWebKit/537.36 (KHTML, like Gecko) Version/4.0 Chrome/71.0.3578.99 Mobile Safari/537.36"
117.136.45.41 - - [31/Aug/2019:12:47:01 +0800] "GET /fonts/mui.ttf HTTP/1.1" 200 29884 "http://merp.yudo.com.cn:8183/css/mui.min.css?v=1012" "Mozilla/5.0 (Linux; Android 9; MHA-AL00 Build/HUAWEIMHA-AL00; wv) AppleWebKit/537.36 (KHTML, like Gecko) Version/4.0 Chrome/71.0.3578.99 Mobile Safari/537.36"
117.136.45.41 - - [31/Aug/2019:12:47:01 +0800] "GET /image/yudo-01.png HTTP/1.1" 200 381770 "http://merp.yudo.com.cn:8183/Menu" "Mozilla/5.0 (Linux; Android 9; MHA-AL00 Build/HUAWEIMHA-AL00; wv) AppleWebKit/537.36 (KHTML, like Gecko) Version/4.0 Chrome/71.0.3578.99 Mobile Safari/537.36"
223.104.148.25 - - [31/Aug/2019:12:47:01 +0800] "GET /WEI_2300/getLoginInfo HTTP/1.1" 200 157 "http://merp.yudo.com.cn:8183/WEI_2300/WEI_2300?formKey=Menu&menuSelection=asm" "Mozilla/5.0 (iPhone; CPU iPhone OS 11_4_1 like Mac OS X) AppleWebKit/605.1.15 (KHTML, like Gecko) Mobile/15G77JLAMPMode:iPhone"
117.136.45.41 - - [31/Aug/2019:12:47:01 +0800] "GET /image/fonticon/loading_icon6.png HTTP/1.1" 200 2555 "http://merp.yudo.com.cn:8183/css/mui.min.css?v=1012" "Mozilla/5.0 (Linux; Android 9; MHA-AL00 Build/HUAWEIMHA-AL00; wv) AppleWebKit/537.36 (KHTML, like Gecko) Version/4.0 Chrome/71.0.3578.99 Mobile Safari/537.36"
117.136.45.41 - - [31/Aug/2019:12:47:01 +0800] "GET /Menu/getLoginInfo HTTP/1.1" 200 172 "http://merp.yudo.com.cn:8183/Menu" "Mozilla/5.0 (Linux; Android 9; MHA-AL00 Build/HUAWEIMHA-AL00; wv) AppleWebKit/537.36 (KHTML, like Gecko) Version/4.0 Chrome/71.0.3578.99 Mobile Safari/537.36"
117.136.45.41 - - [31/Aug/2019:12:47:02 +0800] "GET /image/fonticon/home_icon.png HTTP/1.1" 200 1180 "http://merp.yudo.com.cn:8183/css/yudo-ui.css?v=2014" "Mozilla/5.0 (Linux; Android 9; MHA-AL00 Build/HUAWEIMHA-AL00; wv) AppleWebKit/537.36 (KHTML, like Gecko) Version/4.0 Chrome/71.0.3578.99 Mobile Safari/537.36"
117.136.45.41 - - [31/Aug/2019:12:47:02 +0800] "GET /image/fonticon/switchPass_icon.png HTTP/1.1" 200 1480 "http://merp.yudo.com.cn:8183/css/yudo-ui.css?v=2014" "Mozilla/5.0 (Linux; Android 9; MHA-AL00 Build/HUAWEIMHA-AL00; wv) AppleWebKit/537.36 (KHTML, like Gecko) Version/4.0 Chrome/71.0.3578.99 Mobile Safari/537.36"
117.136.45.41 - - [31/Aug/2019:12:47:02 +0800] "GET /image/fonticon/cleanCache_icon.png HTTP/1.1" 200 951 "http://merp.yudo.com.cn:8183/css/yudo-ui.css?v=2014" "Mozilla/5.0 (Linux; Android 9; MHA-AL00 Build/HUAWEIMHA-AL00; wv) AppleWebKit/537.36 (KHTML, like Gecko) Version/4.0 Chrome/71.0.3578.99 Mobile Safari/537.36"
223.104.148.25 - - [31/Aug/2019:12:47:02 +0800] "GET /WEI_2300/getPermission HTTP/1.1" 200 72 "http://merp.yudo.com.cn:8183/WEI_2300/WEI_2300?formKey=Menu&menuSelection=asm" "Mozilla/5.0 (iPhone; CPU iPhone OS 11_4_1 like Mac OS X) AppleWebKit/605.1.15 (KHTML, like Gecko) Mobile/15G77JLAMPMode:iPhone"
117.136.45.41 - - [31/Aug/2019:12:47:02 +0800] "GET /image/fonticon/quit_icon.png HTTP/1.1" 200 1268 "http://merp.yudo.com.cn:8183/css/yudo-ui.css?v=2014" "Mozilla/5.0 (Linux; Android 9; MHA-AL00 Build/HUAWEIMHA-AL00; wv) AppleWebKit/537.36 (KHTML, like Gecko) Version/4.0 Chrome/71.0.3578.99 Mobile Safari/537.36"
117.136.45.41 - - [31/Aug/2019:12:47:02 +0800] "GET /image/fonticon/extend_icon.png HTTP/1.1" 200 731 "http://merp.yudo.com.cn:8183/css/yudo-ui.css?v=2014" "Mozilla/5.0 (Linux; Android 9; MHA-AL00 Build/HUAWEIMHA-AL00; wv) AppleWebKit/537.36 (KHTML, like Gecko) Version/4.0 Chrome/71.0.3578.99 Mobile Safari/537.36"
117.136.45.41 - - [31/Aug/2019:12:47:02 +0800] "GET /image/fonticon/userMenu_icon.png HTTP/1.1" 200 412 "http://merp.yudo.com.cn:8183/css/yudo-ui.css?v=2014" "Mozilla/5.0 (Linux; Android 9; MHA-AL00 Build/HUAWEIMHA-AL00; wv) AppleWebKit/537.36 (KHTML, like Gecko) Version/4.0 Chrome/71.0.3578.99 Mobile Safari/537.36"
223.104.148.25 - - [31/Aug/2019:12:47:02 +0800] "GET /WEI_2300/getMempId HTTP/1.1" 200 248 "http://merp.yudo.com.cn:8183/WEI_2300/WEI_2300?formKey=Menu&menuSelection=asm" "Mozilla/5.0 (iPhone; CPU iPhone OS 11_4_1 like Mac OS X) AppleWebKit/605.1.15 (KHTML, like Gecko) Mobile/15G77JLAMPMode:iPhone"
117.136.45.41 - - [31/Aug/2019:12:47:02 +0800] "GET /favicon.ico HTTP/1.1" 404 1476 "http://merp.yudo.com.cn:8183/Menu" "Mozilla/5.0 (Linux; Android 9; MHA-AL00 Build/HUAWEIMHA-AL00; wv) AppleWebKit/537.36 (KHTML, like Gecko) Version/4.0 Chrome/71.0.3578.99 Mobile Safari/537.36"
223.104.148.25 - - [31/Aug/2019:12:47:04 +0800] "POST /WEI_2300/getMempIdTarget HTTP/1.1" 200 2124 "http://merp.yudo.com.cn:8183/WEI_2300/WEI_2300?formKey=Menu&menuSelection=asm" "Mozilla/5.0 (iPhone; CPU iPhone OS 11_4_1 like Mac OS X) AppleWebKit/605.1.15 (KHTML, like Gecko) Mobile/15G77JLAMPMode:iPhone"
::1 - - [31/Aug/2019:12:47:10 +0800] "OPTIONS * HTTP/1.0" 200 - "-" "Apache/2.4.6 (CentOS) PHP/5.6.32 (internal dummy connection)"
::1 - - [31/Aug/2019:12:47:11 +0800] "OPTIONS * HTTP/1.0" 200 - "-" "Apache/2.4.6 (CentOS) PHP/5.6.32 (internal dummy connection)"
223.104.146.24 - - [31/Aug/2019:12:47:07 +0800] "POST /WEI_2300/getMempIdTarget HTTP/1.1" 200 2678 "http://merp.yudo.com.cn:8183/WEI_2300/WEI_2300?formKey=Menu&menuSelection=asm" "Mozilla/5.0 (Linux; Android 9; HMA-AL00 Build/HUAWEIHMA-AL00; wv) AppleWebKit/537.36 (KHTML, like Gecko) Version/4.0 Chrome/74.0.3729.136 Mobile Safari/537.36"
::1 - - [31/Aug/2019:12:47:12 +0800] "OPTIONS * HTTP/1.0" 200 - "-" "Apache/2.4.6 (CentOS) PHP/5.6.32 (internal dummy connection)"
::1 - - [31/Aug/2019:12:47:19 +0800] "OPTIONS * HTTP/1.0" 200 - "-" "Apache/2.4.6 (CentOS) PHP/5.6.32 (internal dummy connection)"
223.104.148.25 - - [31/Aug/2019:12:47:19 +0800] "POST /WEI_2300/getMempIdTarget HTTP/1.1" 200 2154 "http://merp.yudo.com.cn:8183/WEI_2300/WEI_2300?formKey=Menu&menuSelection=asm" "Mozilla/5.0 (iPhone; CPU iPhone OS 11_4_1 like Mac OS X) AppleWebKit/605.1.15 (KHTML, like Gecko) Mobile/15G77JLAMPMode:iPhone"
42.61.208.226 - - [31/Aug/2019:13:41:55 +0800] "GET /WEI_1400/lists_prc?gubun=M&baseDate=2019-08-31&dbChoose=GD HTTP/1.1" 200 16073 "http://merp.yudo.com.cn:8183/WEI_0100/WEI_0100?formKey=Menu&menuSelection=mi" "Mozilla/5.0 (iPhone; CPU iPhone OS 12_4 like Mac OS X) AppleWebKit/605.1.15 (KHTML, like Gecko) Mobile/15E148"
223.104.148.25 - - [31/Aug/2019:13:47:35 +0800] "POST /WEI_2300/getMempIdTarget HTTP/1.1" 200 2125 "http://merp.yudo.com.cn:8183/WEI_2300/WEI_2300?formKey=Menu&menuSelection=asm" "Mozilla/5.0 (iPhone; CPU iPhone OS 11_4_1 like Mac OS X) AppleWebKit/605.1.15 (KHTML, like Gecko) Mobile/15G77JLAMPMode:iPhone"
223.104.148.25 - - [31/Aug/2019:13:47:56 +0800] "POST /WEI_2300/getMempIdTarget HTTP/1.1" 200 2153 "http://merp.yudo.com.cn:8183/WEI_2300/WEI_2300?formKey=Menu&menuSelection=asm" "Mozilla/5.0 (iPhone; CPU iPhone OS 11_4_1 like Mac OS X) AppleWebKit/605.1.15 (KHTML, like Gecko) Mobile/15G77JLAMPMode:iPhone"
223.104.148.25 - - [31/Aug/2019:13:50:06 +0800] "POST /WEI_2300/getMempIdTarget HTTP/1.1" 200 2125 "http://merp.yudo.com.cn:8183/WEI_2300/WEI_2300?formKey=Menu&menuSelection=asm" "Mozilla/5.0 (iPhone; CPU iPhone OS 11_4_1 like Mac OS X) AppleWebKit/605.1.15 (KHTML, like Gecko) Mobile/15G77JLAMPMode:iPhone"
223.104.148.25 - - [31/Aug/2019:13:50:17 +0800] "POST /WEI_2300/getMempIdTarget HTTP/1.1" 200 2153 "http://merp.yudo.com.cn:8183/WEI_2300/WEI_2300?formKey=Menu&menuSelection=asm" "Mozilla/5.0 (iPhone; CPU iPhone OS 11_4_1 like Mac OS X) AppleWebKit/605.1.15 (KHTML, like Gecko) Mobile/15G77JLAMPMode:iPhone"
124.160.213.32 - - [31/Aug/2019:13:55:09 +0800] "GET /?deviceType=mobile&devicePlatform=android HTTP/1.1" 302 149 "-" "Mozilla/5.0 (Linux; Android 9; VOG-AL10 Build/HUAWEIVOG-AL10; wv) AppleWebKit/537.36 (KHTML, like Gecko) Version/4.0 Chrome/76.0.3809.132 Mobile Safari/537.36"
124.160.213.32 - - [31/Aug/2019:13:55:10 +0800] "GET /Menu HTTP/1.1" 200 24322 "-" "Mozilla/5.0 (Linux; Android 9; VOG-AL10 Build/HUAWEIVOG-AL10; wv) AppleWebKit/537.36 (KHTML, like Gecko) Version/4.0 Chrome/76.0.3809.132 Mobile Safari/537.36"
124.160.213.32 - - [31/Aug/2019:13:55:10 +0800] "GET /image/fonticon/dayTotal_icon.png HTTP/1.1" 304 - "http://merp.yudo.com.cn:8183/css/yudo-ui.css?v=2014" "Mozilla/5.0 (Linux; Android 9; VOG-AL10 Build/HUAWEIVOG-AL10; wv) AppleWebKit/537.36 (KHTML, like Gecko) Version/4.0 Chrome/76.0.3809.132 Mobile Safari/537.36"
124.160.213.32 - - [31/Aug/2019:13:55:10 +0800] "GET /image/fonticon/salesStatus_icon.png HTTP/1.1" 304 - "http://merp.yudo.com.cn:8183/css/yudo-ui.css?v=2014" "Mozilla/5.0 (Linux; Android 9; VOG-AL10 Build/HUAWEIVOG-AL10; wv) AppleWebKit/537.36 (KHTML, like Gecko) Version/4.0 Chrome/76.0.3809.132 Mobile Safari/537.36"
124.160.213.32 - - [31/Aug/2019:13:55:10 +0800] "GET /Menu/doMenuRows_prc?formKey=Menu HTTP/1.1" 200 1071 "http://merp.yudo.com.cn:8183/Menu" "Mozilla/5.0 (Linux; Android 9; VOG-AL10 Build/HUAWEIVOG-AL10; wv) AppleWebKit/537.36 (KHTML, like Gecko) Version/4.0 Chrome/76.0.3809.132 Mobile Safari/537.36"
124.160.213.32 - - [31/Aug/2019:13:55:10 +0800] "GET /Menu/getVersionInfo HTTP/1.1" 200 368 "http://merp.yudo.com.cn:8183/Menu" "Mozilla/5.0 (Linux; Android 9; VOG-AL10 Build/HUAWEIVOG-AL10; wv) AppleWebKit/537.36 (KHTML, like Gecko) Version/4.0 Chrome/76.0.3809.132 Mobile Safari/537.36"
124.160.213.32 - - [31/Aug/2019:13:55:11 +0800] "GET /favicon.ico HTTP/1.1" 404 1476 "http://merp.yudo.com.cn:8183/Menu" "Mozilla/5.0 (Linux; Android 9; VOG-AL10 Build/HUAWEIVOG-AL10; wv) AppleWebKit/537.36 (KHTML, like Gecko) Version/4.0 Chrome/76.0.3809.132 Mobile Safari/537.36"
124.160.213.32 - - [31/Aug/2019:13:55:11 +0800] "GET /Menu/getLoginInfo HTTP/1.1" 200 178 "http://merp.yudo.com.cn:8183/Menu" "Mozilla/5.0 (Linux; Android 9; VOG-AL10 Build/HUAWEIVOG-AL10; wv) AppleWebKit/537.36 (KHTML, like Gecko) Version/4.0 Chrome/76.0.3809.132 Mobile Safari/537.36"
124.160.213.32 - - [31/Aug/2019:13:55:13 +0800] "GET /WEI_0100/WEI_0100?formKey=Menu&menuSelection=mi HTTP/1.1" 200 14691 "http://merp.yudo.com.cn:8183/Menu" "Mozilla/5.0 (Linux; Android 9; VOG-AL10 Build/HUAWEIVOG-AL10; wv) AppleWebKit/537.36 (KHTML, like Gecko) Version/4.0 Chrome/76.0.3809.132 Mobile Safari/537.36"
124.160.213.32 - - [31/Aug/2019:13:55:13 +0800] "GET /image/fonticon/date_icon.png HTTP/1.1" 304 - "http://merp.yudo.com.cn:8183/css/yudo-ui.css?v=2014" "Mozilla/5.0 (Linux; Android 9; VOG-AL10 Build/HUAWEIVOG-AL10; wv) AppleWebKit/537.36 (KHTML, like Gecko) Version/4.0 Chrome/76.0.3809.132 Mobile Safari/537.36"
124.160.213.32 - - [31/Aug/2019:13:55:13 +0800] "GET /image/fonticon/expclass_icon.png HTTP/1.1" 304 - "http://merp.yudo.com.cn:8183/css/yudo-ui.css?v=2014" "Mozilla/5.0 (Linux; Android 9; VOG-AL10 Build/HUAWEIVOG-AL10; wv) AppleWebKit/537.36 (KHTML, like Gecko) Version/4.0 Chrome/76.0.3809.132 Mobile Safari/537.36"
124.160.213.32 - - [31/Aug/2019:13:55:13 +0800] "GET /image/fonticon/backMenu_icon.png HTTP/1.1" 304 - "http://merp.yudo.com.cn:8183/css/yudo-ui.css?v=2014" "Mozilla/5.0 (Linux; Android 9; VOG-AL10 Build/HUAWEIVOG-AL10; wv) AppleWebKit/537.36 (KHTML, like Gecko) Version/4.0 Chrome/76.0.3809.132 Mobile Safari/537.36"
124.160.213.32 - - [31/Aug/2019:13:55:13 +0800] "GET /image/fonticon/back_icon2.png HTTP/1.1" 304 - "http://merp.yudo.com.cn:8183/css/yudo-ui.css?v=2014" "Mozilla/5.0 (Linux; Android 9; VOG-AL10 Build/HUAWEIVOG-AL10; wv) AppleWebKit/537.36 (KHTML, like Gecko) Version/4.0 Chrome/76.0.3809.132 Mobile Safari/537.36"
124.160.213.32 - - [31/Aug/2019:13:55:15 +0800] "GET /WEI_1400/lists_prc?gubun=Y&baseDate=2019-08-31&dbChoose=SZ HTTP/1.1" 200 40501 "http://merp.yudo.com.cn:8183/WEI_0100/WEI_0100?formKey=Menu&menuSelection=mi" "Mozilla/5.0 (Linux; Android 9; VOG-AL10 Build/HUAWEIVOG-AL10; wv) AppleWebKit/537.36 (KHTML, like Gecko) Version/4.0 Chrome/76.0.3809.132 Mobile Safari/537.36"
124.160.213.32 - - [31/Aug/2019:13:55:19 +0800] "GET /WEI_1400/lists_prc?gubun=M&baseDate=2019-08-31&dbChoose=SZ HTTP/1.1" 200 35996 "http://merp.yudo.com.cn:8183/WEI_0100/WEI_0100?formKey=Menu&menuSelection=mi" "Mozilla/5.0 (Linux; Android 9; VOG-AL10 Build/HUAWEIVOG-AL10; wv) AppleWebKit/537.36 (KHTML, like Gecko) Version/4.0 Chrome/76.0.3809.132 Mobile Safari/537.36"
42.61.208.226 - - [31/Aug/2019:14:23:50 +0800] "GET /WEI_1400/lists_prc?gubun=M&baseDate=2019-08-31&dbChoose=GD HTTP/1.1" 200 16073 "http://merp.yudo.com.cn:8183/WEI_0100/WEI_0100?formKey=Menu&menuSelection=mi" "Mozilla/5.0 (iPhone; CPU iPhone OS 12_4 like Mac OS X) AppleWebKit/605.1.15 (KHTML, like Gecko) Mobile/15E148"
42.61.208.226 - - [31/Aug/2019:14:30:24 +0800] "GET /WEI_1400/lists_prc?gubun=M&baseDate=2019-08-31&dbChoose=GD HTTP/1.1" 200 16073 "http://merp.yudo.com.cn:8183/WEI_0100/WEI_0100?formKey=Menu&menuSelection=mi" "Mozilla/5.0 (iPhone; CPU iPhone OS 12_4 like Mac OS X) AppleWebKit/605.1.15 (KHTML, like Gecko) Mobile/15E148"
42.61.208.226 - - [31/Aug/2019:14:31:00 +0800] "GET /WEI_1400/lists_prc?gubun=M&baseDate=2019-08-31&dbChoose=QD HTTP/1.1" 200 8534 "http://merp.yudo.com.cn:8183/WEI_0100/WEI_0100?formKey=Menu&menuSelection=mi" "Mozilla/5.0 (iPhone; CPU iPhone OS 12_4 like Mac OS X) AppleWebKit/605.1.15 (KHTML, like Gecko) Mobile/15E148"
42.61.208.226 - - [31/Aug/2019:14:33:56 +0800] "GET /WEI_1400/lists_prc?gubun=M&baseDate=2019-08-31&dbChoose=SZ HTTP/1.1" 200 35996 "http://merp.yudo.com.cn:8183/WEI_0100/WEI_0100?formKey=Menu&menuSelection=mi" "Mozilla/5.0 (iPhone; CPU iPhone OS 12_4 like Mac OS X) AppleWebKit/605.1.15 (KHTML, like Gecko) Mobile/15E148"
223.104.146.24 - - [31/Aug/2019:14:37:11 +0800] "GET /?deviceType=mobile&devicePlatform=android HTTP/1.1" 302 149 "-" "Mozilla/5.0 (Linux; Android 9; HMA-AL00 Build/HUAWEIHMA-AL00; wv) AppleWebKit/537.36 (KHTML, like Gecko) Version/4.0 Chrome/74.0.3729.136 Mobile Safari/537.36"
223.104.146.24 - - [31/Aug/2019:14:37:11 +0800] "GET /Menu HTTP/1.1" 200 24322 "-" "Mozilla/5.0 (Linux; Android 9; HMA-AL00 Build/HUAWEIHMA-AL00; wv) AppleWebKit/537.36 (KHTML, like Gecko) Version/4.0 Chrome/74.0.3729.136 Mobile Safari/537.36"
223.104.146.24 - - [31/Aug/2019:14:37:12 +0800] "GET /css/yudo-ui.css?v=2014 HTTP/1.1" 200 41451 "http://merp.yudo.com.cn:8183/Menu" "Mozilla/5.0 (Linux; Android 9; HMA-AL00 Build/HUAWEIHMA-AL00; wv) AppleWebKit/537.36 (KHTML, like Gecko) Version/4.0 Chrome/74.0.3729.136 Mobile Safari/537.36"
223.104.146.24 - - [31/Aug/2019:14:37:12 +0800] "GET /css/mui.picker.min.css?v=1000 HTTP/1.1" 200 4844 "http://merp.yudo.com.cn:8183/Menu" "Mozilla/5.0 (Linux; Android 9; HMA-AL00 Build/HUAWEIHMA-AL00; wv) AppleWebKit/537.36 (KHTML, like Gecko) Version/4.0 Chrome/74.0.3729.136 Mobile Safari/537.36"
223.104.146.24 - - [31/Aug/2019:14:37:12 +0800] "GET /css/mui.min.css?v=1012 HTTP/1.1" 200 76673 "http://merp.yudo.com.cn:8183/Menu" "Mozilla/5.0 (Linux; Android 9; HMA-AL00 Build/HUAWEIHMA-AL00; wv) AppleWebKit/537.36 (KHTML, like Gecko) Version/4.0 Chrome/74.0.3729.136 Mobile Safari/537.36"
223.104.146.24 - - [31/Aug/2019:14:37:12 +0800] "GET /js/server.js?v=1010 HTTP/1.1" 200 88 "http://merp.yudo.com.cn:8183/Menu" "Mozilla/5.0 (Linux; Android 9; HMA-AL00 Build/HUAWEIHMA-AL00; wv) AppleWebKit/537.36 (KHTML, like Gecko) Version/4.0 Chrome/74.0.3729.136 Mobile Safari/537.36"
223.104.146.24 - - [31/Aug/2019:14:37:12 +0800] "GET /js/lang.min.js?v=1003 HTTP/1.1" 200 1138 "http://merp.yudo.com.cn:8183/Menu" "Mozilla/5.0 (Linux; Android 9; HMA-AL00 Build/HUAWEIHMA-AL00; wv) AppleWebKit/537.36 (KHTML, like Gecko) Version/4.0 Chrome/74.0.3729.136 Mobile Safari/537.36"
223.104.146.24 - - [31/Aug/2019:14:37:12 +0800] "GET /css/animate.min.css?v=1003 HTTP/1.1" 200 52799 "http://merp.yudo.com.cn:8183/Menu" "Mozilla/5.0 (Linux; Android 9; HMA-AL00 Build/HUAWEIHMA-AL00; wv) AppleWebKit/537.36 (KHTML, like Gecko) Version/4.0 Chrome/74.0.3729.136 Mobile Safari/537.36"
223.104.146.24 - - [31/Aug/2019:14:37:12 +0800] "GET /js/multiHttp.js?v=1010 HTTP/1.1" 200 45579 "http://merp.yudo.com.cn:8183/Menu" "Mozilla/5.0 (Linux; Android 9; HMA-AL00 Build/HUAWEIHMA-AL00; wv) AppleWebKit/537.36 (KHTML, like Gecko) Version/4.0 Chrome/74.0.3729.136 Mobile Safari/537.36"
223.104.146.24 - - [31/Aug/2019:14:37:12 +0800] "GET /js/mui.min.js?v=1001 HTTP/1.1" 200 115810 "http://merp.yudo.com.cn:8183/Menu" "Mozilla/5.0 (Linux; Android 9; HMA-AL00 Build/HUAWEIHMA-AL00; wv) AppleWebKit/537.36 (KHTML, like Gecko) Version/4.0 Chrome/74.0.3729.136 Mobile Safari/537.36"
223.104.146.24 - - [31/Aug/2019:14:37:12 +0800] "GET /third_party/jquery-2.1.4/jquery.js HTTP/1.1" 200 247606 "http://merp.yudo.com.cn:8183/Menu" "Mozilla/5.0 (Linux; Android 9; HMA-AL00 Build/HUAWEIHMA-AL00; wv) AppleWebKit/537.36 (KHTML, like Gecko) Version/4.0 Chrome/74.0.3729.136 Mobile Safari/537.36"
223.104.146.24 - - [31/Aug/2019:14:37:12 +0800] "GET /js/mui.previewimage.js?v=201804261256 HTTP/1.1" 200 13324 "http://merp.yudo.com.cn:8183/Menu" "Mozilla/5.0 (Linux; Android 9; HMA-AL00 Build/HUAWEIHMA-AL00; wv) AppleWebKit/537.36 (KHTML, like Gecko) Version/4.0 Chrome/74.0.3729.136 Mobile Safari/537.36"
223.104.146.24 - - [31/Aug/2019:14:37:12 +0800] "GET /js/mui.zoom.js?v=201804231454 HTTP/1.1" 200 11703 "http://merp.yudo.com.cn:8183/Menu" "Mozilla/5.0 (Linux; Android 9; HMA-AL00 Build/HUAWEIHMA-AL00; wv) AppleWebKit/537.36 (KHTML, like Gecko) Version/4.0 Chrome/74.0.3729.136 Mobile Safari/537.36"
223.104.146.24 - - [31/Aug/2019:14:37:12 +0800] "GET /js/mui.picker.min.js?v=1002 HTTP/1.1" 200 18411 "http://merp.yudo.com.cn:8183/Menu" "Mozilla/5.0 (Linux; Android 9; HMA-AL00 Build/HUAWEIHMA-AL00; wv) AppleWebKit/537.36 (KHTML, like Gecko) Version/4.0 Chrome/74.0.3729.136 Mobile Safari/537.36"
223.104.146.24 - - [31/Aug/2019:14:37:12 +0800] "GET /js/fastclick.js HTTP/1.1" 200 25966 "http://merp.yudo.com.cn:8183/Menu" "Mozilla/5.0 (Linux; Android 9; HMA-AL00 Build/HUAWEIHMA-AL00; wv) AppleWebKit/537.36 (KHTML, like Gecko) Version/4.0 Chrome/74.0.3729.136 Mobile Safari/537.36"
223.104.146.24 - - [31/Aug/2019:14:37:13 +0800] "GET /js/JLAMP.min.js HTTP/1.1" 200 1461 "http://merp.yudo.com.cn:8183/Menu" "Mozilla/5.0 (Linux; Android 9; HMA-AL00 Build/HUAWEIHMA-AL00; wv) AppleWebKit/537.36 (KHTML, like Gecko) Version/4.0 Chrome/74.0.3729.136 Mobile Safari/537.36"
223.104.146.24 - - [31/Aug/2019:14:37:13 +0800] "GET /js/JLAMP.common.min.js HTTP/1.1" 200 9705 "http://merp.yudo.com.cn:8183/Menu" "Mozilla/5.0 (Linux; Android 9; HMA-AL00 Build/HUAWEIHMA-AL00; wv) AppleWebKit/537.36 (KHTML, like Gecko) Version/4.0 Chrome/74.0.3729.136 Mobile Safari/537.36"
223.104.146.24 - - [31/Aug/2019:14:37:13 +0800] "GET /js/JLAMP.lang.min.js HTTP/1.1" 200 1750 "http://merp.yudo.com.cn:8183/Menu" "Mozilla/5.0 (Linux; Android 9; HMA-AL00 Build/HUAWEIHMA-AL00; wv) AppleWebKit/537.36 (KHTML, like Gecko) Version/4.0 Chrome/74.0.3729.136 Mobile Safari/537.36"
223.104.146.24 - - [31/Aug/2019:14:37:13 +0800] "GET /image/fonticon/headDefault.jpg HTTP/1.1" 200 2436 "http://merp.yudo.com.cn:8183/Menu" "Mozilla/5.0 (Linux; Android 9; HMA-AL00 Build/HUAWEIHMA-AL00; wv) AppleWebKit/537.36 (KHTML, like Gecko) Version/4.0 Chrome/74.0.3729.136 Mobile Safari/537.36"
223.104.146.24 - - [31/Aug/2019:14:37:13 +0800] "GET /image/login_logo.png HTTP/1.1" 200 3941 "http://merp.yudo.com.cn:8183/Menu" "Mozilla/5.0 (Linux; Android 9; HMA-AL00 Build/HUAWEIHMA-AL00; wv) AppleWebKit/537.36 (KHTML, like Gecko) Version/4.0 Chrome/74.0.3729.136 Mobile Safari/537.36"
223.104.146.24 - - [31/Aug/2019:14:37:13 +0800] "GET /js/Menu/Menu.js?v=200010 HTTP/1.1" 200 11275 "http://merp.yudo.com.cn:8183/Menu" "Mozilla/5.0 (Linux; Android 9; HMA-AL00 Build/HUAWEIHMA-AL00; wv) AppleWebKit/537.36 (KHTML, like Gecko) Version/4.0 Chrome/74.0.3729.136 Mobile Safari/537.36"
223.104.146.24 - - [31/Aug/2019:14:37:12 +0800] "GET /js/echarts.min.js HTTP/1.1" 200 744675 "http://merp.yudo.com.cn:8183/Menu" "Mozilla/5.0 (Linux; Android 9; HMA-AL00 Build/HUAWEIHMA-AL00; wv) AppleWebKit/537.36 (KHTML, like Gecko) Version/4.0 Chrome/74.0.3729.136 Mobile Safari/537.36"
223.104.146.24 - - [31/Aug/2019:14:37:12 +0800] "GET /js/vue.js HTTP/1.1" 200 289301 "http://merp.yudo.com.cn:8183/Menu" "Mozilla/5.0 (Linux; Android 9; HMA-AL00 Build/HUAWEIHMA-AL00; wv) AppleWebKit/537.36 (KHTML, like Gecko) Version/4.0 Chrome/74.0.3729.136 Mobile Safari/537.36"
223.104.146.24 - - [31/Aug/2019:14:37:18 +0800] "GET /image/fonticon/refresh_icon.png HTTP/1.1" 200 2550 "http://merp.yudo.com.cn:8183/css/yudo-ui.css?v=2014" "Mozilla/5.0 (Linux; Android 9; HMA-AL00 Build/HUAWEIHMA-AL00; wv) AppleWebKit/537.36 (KHTML, like Gecko) Version/4.0 Chrome/74.0.3729.136 Mobile Safari/537.36"
223.104.146.24 - - [31/Aug/2019:14:37:18 +0800] "GET /image/fonticon/home_icon.png HTTP/1.1" 200 1180 "http://merp.yudo.com.cn:8183/css/yudo-ui.css?v=2014" "Mozilla/5.0 (Linux; Android 9; HMA-AL00 Build/HUAWEIHMA-AL00; wv) AppleWebKit/537.36 (KHTML, like Gecko) Version/4.0 Chrome/74.0.3729.136 Mobile Safari/537.36"
223.104.146.24 - - [31/Aug/2019:14:37:18 +0800] "GET /image/fonticon/connectRecord_icon.png HTTP/1.1" 200 1412 "http://merp.yudo.com.cn:8183/css/yudo-ui.css?v=2014" "Mozilla/5.0 (Linux; Android 9; HMA-AL00 Build/HUAWEIHMA-AL00; wv) AppleWebKit/537.36 (KHTML, like Gecko) Version/4.0 Chrome/74.0.3729.136 Mobile Safari/537.36"
223.104.146.24 - - [31/Aug/2019:14:37:18 +0800] "GET /image/fonticon/switchPass_icon.png HTTP/1.1" 200 1480 "http://merp.yudo.com.cn:8183/css/yudo-ui.css?v=2014" "Mozilla/5.0 (Linux; Android 9; HMA-AL00 Build/HUAWEIHMA-AL00; wv) AppleWebKit/537.36 (KHTML, like Gecko) Version/4.0 Chrome/74.0.3729.136 Mobile Safari/537.36"
223.104.146.24 - - [31/Aug/2019:14:37:18 +0800] "GET /fonts/mui.ttf HTTP/1.1" 200 29884 "http://merp.yudo.com.cn:8183/css/mui.min.css?v=1012" "Mozilla/5.0 (Linux; Android 9; HMA-AL00 Build/HUAWEIHMA-AL00; wv) AppleWebKit/537.36 (KHTML, like Gecko) Version/4.0 Chrome/74.0.3729.136 Mobile Safari/537.36"
223.104.146.24 - - [31/Aug/2019:14:37:18 +0800] "GET /image/fonticon/extend_icon.png HTTP/1.1" 200 731 "http://merp.yudo.com.cn:8183/css/yudo-ui.css?v=2014" "Mozilla/5.0 (Linux; Android 9; HMA-AL00 Build/HUAWEIHMA-AL00; wv) AppleWebKit/537.36 (KHTML, like Gecko) Version/4.0 Chrome/74.0.3729.136 Mobile Safari/537.36"
223.104.146.24 - - [31/Aug/2019:14:37:18 +0800] "GET /image/fonticon/userMenu_icon.png HTTP/1.1" 200 412 "http://merp.yudo.com.cn:8183/css/yudo-ui.css?v=2014" "Mozilla/5.0 (Linux; Android 9; HMA-AL00 Build/HUAWEIHMA-AL00; wv) AppleWebKit/537.36 (KHTML, like Gecko) Version/4.0 Chrome/74.0.3729.136 Mobile Safari/537.36"
223.104.146.24 - - [31/Aug/2019:14:37:18 +0800] "GET /image/fonticon/cleanCache_icon.png HTTP/1.1" 200 951 "http://merp.yudo.com.cn:8183/css/yudo-ui.css?v=2014" "Mozilla/5.0 (Linux; Android 9; HMA-AL00 Build/HUAWEIHMA-AL00; wv) AppleWebKit/537.36 (KHTML, like Gecko) Version/4.0 Chrome/74.0.3729.136 Mobile Safari/537.36"
223.104.146.24 - - [31/Aug/2019:14:37:18 +0800] "GET /language/LANG_CHN.json HTTP/1.1" 200 29928 "http://merp.yudo.com.cn:8183/Menu" "Mozilla/5.0 (Linux; Android 9; HMA-AL00 Build/HUAWEIHMA-AL00; wv) AppleWebKit/537.36 (KHTML, like Gecko) Version/4.0 Chrome/74.0.3729.136 Mobile Safari/537.36"
223.104.146.24 - - [31/Aug/2019:14:37:18 +0800] "GET /image/fonticon/quit_icon.png HTTP/1.1" 200 1268 "http://merp.yudo.com.cn:8183/css/yudo-ui.css?v=2014" "Mozilla/5.0 (Linux; Android 9; HMA-AL00 Build/HUAWEIHMA-AL00; wv) AppleWebKit/537.36 (KHTML, like Gecko) Version/4.0 Chrome/74.0.3729.136 Mobile Safari/537.36"
223.104.146.24 - - [31/Aug/2019:14:37:18 +0800] "GET /image/fonticon/dayTotal_icon.png HTTP/1.1" 200 4233 "http://merp.yudo.com.cn:8183/css/yudo-ui.css?v=2014" "Mozilla/5.0 (Linux; Android 9; HMA-AL00 Build/HUAWEIHMA-AL00; wv) AppleWebKit/537.36 (KHTML, like Gecko) Version/4.0 Chrome/74.0.3729.136 Mobile Safari/537.36"
223.104.146.24 - - [31/Aug/2019:14:37:18 +0800] "GET /Menu/doMenuRows_prc?formKey=Menu HTTP/1.1" 200 826 "http://merp.yudo.com.cn:8183/Menu" "Mozilla/5.0 (Linux; Android 9; HMA-AL00 Build/HUAWEIHMA-AL00; wv) AppleWebKit/537.36 (KHTML, like Gecko) Version/4.0 Chrome/74.0.3729.136 Mobile Safari/537.36"
223.104.146.24 - - [31/Aug/2019:14:37:18 +0800] "GET /image/fonticon/salesPlan_icon.png HTTP/1.1" 200 5653 "http://merp.yudo.com.cn:8183/css/yudo-ui.css?v=2014" "Mozilla/5.0 (Linux; Android 9; HMA-AL00 Build/HUAWEIHMA-AL00; wv) AppleWebKit/537.36 (KHTML, like Gecko) Version/4.0 Chrome/74.0.3729.136 Mobile Safari/537.36"
223.104.146.24 - - [31/Aug/2019:14:37:18 +0800] "GET /image/fonticon/loading_icon6.png HTTP/1.1" 200 2555 "http://merp.yudo.com.cn:8183/css/mui.min.css?v=1012" "Mozilla/5.0 (Linux; Android 9; HMA-AL00 Build/HUAWEIHMA-AL00; wv) AppleWebKit/537.36 (KHTML, like Gecko) Version/4.0 Chrome/74.0.3729.136 Mobile Safari/537.36"
223.104.146.24 - - [31/Aug/2019:14:37:18 +0800] "GET /image/fonticon/sales_icon.png HTTP/1.1" 200 5931 "http://merp.yudo.com.cn:8183/css/yudo-ui.css?v=2014" "Mozilla/5.0 (Linux; Android 9; HMA-AL00 Build/HUAWEIHMA-AL00; wv) AppleWebKit/537.36 (KHTML, like Gecko) Version/4.0 Chrome/74.0.3729.136 Mobile Safari/537.36"
223.104.146.24 - - [31/Aug/2019:14:37:18 +0800] "GET /Menu/getLoginInfo HTTP/1.1" 200 182 "http://merp.yudo.com.cn:8183/Menu" "Mozilla/5.0 (Linux; Android 9; HMA-AL00 Build/HUAWEIHMA-AL00; wv) AppleWebKit/537.36 (KHTML, like Gecko) Version/4.0 Chrome/74.0.3729.136 Mobile Safari/537.36"
223.104.146.24 - - [31/Aug/2019:14:37:18 +0800] "GET /image/yudo-01.png HTTP/1.1" 200 381770 "http://merp.yudo.com.cn:8183/Menu" "Mozilla/5.0 (Linux; Android 9; HMA-AL00 Build/HUAWEIHMA-AL00; wv) AppleWebKit/537.36 (KHTML, like Gecko) Version/4.0 Chrome/74.0.3729.136 Mobile Safari/537.36"
223.104.146.24 - - [31/Aug/2019:14:37:18 +0800] "GET /Menu/getVersionInfo HTTP/1.1" 200 368 "http://merp.yudo.com.cn:8183/Menu" "Mozilla/5.0 (Linux; Android 9; HMA-AL00 Build/HUAWEIHMA-AL00; wv) AppleWebKit/537.36 (KHTML, like Gecko) Version/4.0 Chrome/74.0.3729.136 Mobile Safari/537.36"
223.104.146.24 - - [31/Aug/2019:14:37:19 +0800] "GET /favicon.ico HTTP/1.1" 404 1476 "http://merp.yudo.com.cn:8183/Menu" "Mozilla/5.0 (Linux; Android 9; HMA-AL00 Build/HUAWEIHMA-AL00; wv) AppleWebKit/537.36 (KHTML, like Gecko) Version/4.0 Chrome/74.0.3729.136 Mobile Safari/537.36"
223.104.146.24 - - [31/Aug/2019:14:37:22 +0800] "GET /WEI_0100/WEI_0100?formKey=Menu&menuSelection=mi HTTP/1.1" 200 14691 "http://merp.yudo.com.cn:8183/Menu" "Mozilla/5.0 (Linux; Android 9; HMA-AL00 Build/HUAWEIHMA-AL00; wv) AppleWebKit/537.36 (KHTML, like Gecko) Version/4.0 Chrome/74.0.3729.136 Mobile Safari/537.36"
223.104.146.24 - - [31/Aug/2019:14:37:22 +0800] "GET /css/mui.min.css?v=1012 HTTP/1.1" 200 76673 "http://merp.yudo.com.cn:8183/WEI_0100/WEI_0100?formKey=Menu&menuSelection=mi" "Mozilla/5.0 (Linux; Android 9; HMA-AL00 Build/HUAWEIHMA-AL00; wv) AppleWebKit/537.36 (KHTML, like Gecko) Version/4.0 Chrome/74.0.3729.136 Mobile Safari/537.36"
223.104.146.24 - - [31/Aug/2019:14:37:22 +0800] "GET /css/yudo-ui.css?v=2014 HTTP/1.1" 200 41451 "http://merp.yudo.com.cn:8183/WEI_0100/WEI_0100?formKey=Menu&menuSelection=mi" "Mozilla/5.0 (Linux; Android 9; HMA-AL00 Build/HUAWEIHMA-AL00; wv) AppleWebKit/537.36 (KHTML, like Gecko) Version/4.0 Chrome/74.0.3729.136 Mobile Safari/537.36"
223.104.146.24 - - [31/Aug/2019:14:37:22 +0800] "GET /css/mui.picker.min.css?v=1000 HTTP/1.1" 200 4844 "http://merp.yudo.com.cn:8183/WEI_0100/WEI_0100?formKey=Menu&menuSelection=mi" "Mozilla/5.0 (Linux; Android 9; HMA-AL00 Build/HUAWEIHMA-AL00; wv) AppleWebKit/537.36 (KHTML, like Gecko) Version/4.0 Chrome/74.0.3729.136 Mobile Safari/537.36"
223.104.146.24 - - [31/Aug/2019:14:37:22 +0800] "GET /css/animate.min.css?v=1003 HTTP/1.1" 200 52799 "http://merp.yudo.com.cn:8183/WEI_0100/WEI_0100?formKey=Menu&menuSelection=mi" "Mozilla/5.0 (Linux; Android 9; HMA-AL00 Build/HUAWEIHMA-AL00; wv) AppleWebKit/537.36 (KHTML, like Gecko) Version/4.0 Chrome/74.0.3729.136 Mobile Safari/537.36"
223.104.146.24 - - [31/Aug/2019:14:37:22 +0800] "GET /js/WEI_0100/WEI_0100_Lists.js?v=200011 HTTP/1.1" 200 37429 "http://merp.yudo.com.cn:8183/WEI_0100/WEI_0100?formKey=Menu&menuSelection=mi" "Mozilla/5.0 (Linux; Android 9; HMA-AL00 Build/HUAWEIHMA-AL00; wv) AppleWebKit/537.36 (KHTML, like Gecko) Version/4.0 Chrome/74.0.3729.136 Mobile Safari/537.36"
223.104.146.24 - - [31/Aug/2019:14:37:24 +0800] "GET /image/fonticon/backMenu_icon.png HTTP/1.1" 200 1449 "http://merp.yudo.com.cn:8183/css/yudo-ui.css?v=2014" "Mozilla/5.0 (Linux; Android 9; HMA-AL00 Build/HUAWEIHMA-AL00; wv) AppleWebKit/537.36 (KHTML, like Gecko) Version/4.0 Chrome/74.0.3729.136 Mobile Safari/537.36"
223.104.146.24 - - [31/Aug/2019:14:37:24 +0800] "GET /image/fonticon/date_icon.png HTTP/1.1" 200 1883 "http://merp.yudo.com.cn:8183/css/yudo-ui.css?v=2014" "Mozilla/5.0 (Linux; Android 9; HMA-AL00 Build/HUAWEIHMA-AL00; wv) AppleWebKit/537.36 (KHTML, like Gecko) Version/4.0 Chrome/74.0.3729.136 Mobile Safari/537.36"
223.104.146.24 - - [31/Aug/2019:14:37:24 +0800] "GET /image/fonticon/expclass_icon.png HTTP/1.1" 200 3405 "http://merp.yudo.com.cn:8183/css/yudo-ui.css?v=2014" "Mozilla/5.0 (Linux; Android 9; HMA-AL00 Build/HUAWEIHMA-AL00; wv) AppleWebKit/537.36 (KHTML, like Gecko) Version/4.0 Chrome/74.0.3729.136 Mobile Safari/537.36"
223.104.146.24 - - [31/Aug/2019:14:37:24 +0800] "GET /image/fonticon/back_icon2.png HTTP/1.1" 200 1066 "http://merp.yudo.com.cn:8183/css/yudo-ui.css?v=2014" "Mozilla/5.0 (Linux; Android 9; HMA-AL00 Build/HUAWEIHMA-AL00; wv) AppleWebKit/537.36 (KHTML, like Gecko) Version/4.0 Chrome/74.0.3729.136 Mobile Safari/537.36"
223.104.146.24 - - [31/Aug/2019:14:37:28 +0800] "GET /WEI_1400/lists_prc?gubun=D&baseDate=2019-08-31&dbChoose=SZ HTTP/1.1" 200 32751 "http://merp.yudo.com.cn:8183/WEI_0100/WEI_0100?formKey=Menu&menuSelection=mi" "Mozilla/5.0 (Linux; Android 9; HMA-AL00 Build/HUAWEIHMA-AL00; wv) AppleWebKit/537.36 (KHTML, like Gecko) Version/4.0 Chrome/74.0.3729.136 Mobile Safari/537.36"
223.104.146.24 - - [31/Aug/2019:14:37:33 +0800] "GET /WEI_1400/lists_prc?gubun=M&baseDate=2019-08-31&dbChoose=SZ HTTP/1.1" 200 35996 "http://merp.yudo.com.cn:8183/WEI_0100/WEI_0100?formKey=Menu&menuSelection=mi" "Mozilla/5.0 (Linux; Android 9; HMA-AL00 Build/HUAWEIHMA-AL00; wv) AppleWebKit/537.36 (KHTML, like Gecko) Version/4.0 Chrome/74.0.3729.136 Mobile Safari/537.36"
223.104.146.24 - - [31/Aug/2019:14:37:40 +0800] "GET /Menu HTTP/1.1" 200 24322 "-" "Mozilla/5.0 (Linux; Android 9; HMA-AL00 Build/HUAWEIHMA-AL00; wv) AppleWebKit/537.36 (KHTML, like Gecko) Version/4.0 Chrome/74.0.3729.136 Mobile Safari/537.36"
223.104.146.24 - - [31/Aug/2019:14:37:40 +0800] "GET /css/yudo-ui.css?v=2014 HTTP/1.1" 200 41451 "http://merp.yudo.com.cn:8183/Menu" "Mozilla/5.0 (Linux; Android 9; HMA-AL00 Build/HUAWEIHMA-AL00; wv) AppleWebKit/537.36 (KHTML, like Gecko) Version/4.0 Chrome/74.0.3729.136 Mobile Safari/537.36"
223.104.146.24 - - [31/Aug/2019:14:37:40 +0800] "GET /css/mui.picker.min.css?v=1000 HTTP/1.1" 200 4844 "http://merp.yudo.com.cn:8183/Menu" "Mozilla/5.0 (Linux; Android 9; HMA-AL00 Build/HUAWEIHMA-AL00; wv) AppleWebKit/537.36 (KHTML, like Gecko) Version/4.0 Chrome/74.0.3729.136 Mobile Safari/537.36"
223.104.146.24 - - [31/Aug/2019:14:37:40 +0800] "GET /css/mui.min.css?v=1012 HTTP/1.1" 200 76673 "http://merp.yudo.com.cn:8183/Menu" "Mozilla/5.0 (Linux; Android 9; HMA-AL00 Build/HUAWEIHMA-AL00; wv) AppleWebKit/537.36 (KHTML, like Gecko) Version/4.0 Chrome/74.0.3729.136 Mobile Safari/537.36"
223.104.146.24 - - [31/Aug/2019:14:37:40 +0800] "GET /css/animate.min.css?v=1003 HTTP/1.1" 200 52799 "http://merp.yudo.com.cn:8183/Menu" "Mozilla/5.0 (Linux; Android 9; HMA-AL00 Build/HUAWEIHMA-AL00; wv) AppleWebKit/537.36 (KHTML, like Gecko) Version/4.0 Chrome/74.0.3729.136 Mobile Safari/537.36"
223.104.146.24 - - [31/Aug/2019:14:37:43 +0800] "GET /image/fonticon/headDefault.jpg HTTP/1.1" 200 2436 "http://merp.yudo.com.cn:8183/Menu" "Mozilla/5.0 (Linux; Android 9; HMA-AL00 Build/HUAWEIHMA-AL00; wv) AppleWebKit/537.36 (KHTML, like Gecko) Version/4.0 Chrome/74.0.3729.136 Mobile Safari/537.36"
223.104.146.24 - - [31/Aug/2019:14:37:43 +0800] "GET /image/login_logo.png HTTP/1.1" 200 3941 "http://merp.yudo.com.cn:8183/Menu" "Mozilla/5.0 (Linux; Android 9; HMA-AL00 Build/HUAWEIHMA-AL00; wv) AppleWebKit/537.36 (KHTML, like Gecko) Version/4.0 Chrome/74.0.3729.136 Mobile Safari/537.36"
223.104.146.24 - - [31/Aug/2019:14:37:43 +0800] "GET /image/fonticon/home_icon.png HTTP/1.1" 200 1180 "http://merp.yudo.com.cn:8183/css/yudo-ui.css?v=2014" "Mozilla/5.0 (Linux; Android 9; HMA-AL00 Build/HUAWEIHMA-AL00; wv) AppleWebKit/537.36 (KHTML, like Gecko) Version/4.0 Chrome/74.0.3729.136 Mobile Safari/537.36"
223.104.146.24 - - [31/Aug/2019:14:37:43 +0800] "GET /image/fonticon/refresh_icon.png HTTP/1.1" 200 2550 "http://merp.yudo.com.cn:8183/css/yudo-ui.css?v=2014" "Mozilla/5.0 (Linux; Android 9; HMA-AL00 Build/HUAWEIHMA-AL00; wv) AppleWebKit/537.36 (KHTML, like Gecko) Version/4.0 Chrome/74.0.3729.136 Mobile Safari/537.36"
223.104.146.24 - - [31/Aug/2019:14:37:43 +0800] "GET /image/fonticon/switchPass_icon.png HTTP/1.1" 200 1480 "http://merp.yudo.com.cn:8183/css/yudo-ui.css?v=2014" "Mozilla/5.0 (Linux; Android 9; HMA-AL00 Build/HUAWEIHMA-AL00; wv) AppleWebKit/537.36 (KHTML, like Gecko) Version/4.0 Chrome/74.0.3729.136 Mobile Safari/537.36"
223.104.146.24 - - [31/Aug/2019:14:37:43 +0800] "GET /image/fonticon/connectRecord_icon.png HTTP/1.1" 200 1412 "http://merp.yudo.com.cn:8183/css/yudo-ui.css?v=2014" "Mozilla/5.0 (Linux; Android 9; HMA-AL00 Build/HUAWEIHMA-AL00; wv) AppleWebKit/537.36 (KHTML, like Gecko) Version/4.0 Chrome/74.0.3729.136 Mobile Safari/537.36"
223.104.146.24 - - [31/Aug/2019:14:37:43 +0800] "GET /image/fonticon/cleanCache_icon.png HTTP/1.1" 200 951 "http://merp.yudo.com.cn:8183/css/yudo-ui.css?v=2014" "Mozilla/5.0 (Linux; Android 9; HMA-AL00 Build/HUAWEIHMA-AL00; wv) AppleWebKit/537.36 (KHTML, like Gecko) Version/4.0 Chrome/74.0.3729.136 Mobile Safari/537.36"
223.104.146.24 - - [31/Aug/2019:14:37:43 +0800] "GET /image/fonticon/quit_icon.png HTTP/1.1" 200 1268 "http://merp.yudo.com.cn:8183/css/yudo-ui.css?v=2014" "Mozilla/5.0 (Linux; Android 9; HMA-AL00 Build/HUAWEIHMA-AL00; wv) AppleWebKit/537.36 (KHTML, like Gecko) Version/4.0 Chrome/74.0.3729.136 Mobile Safari/537.36"
223.104.146.24 - - [31/Aug/2019:14:37:43 +0800] "GET /image/fonticon/userMenu_icon.png HTTP/1.1" 200 412 "http://merp.yudo.com.cn:8183/css/yudo-ui.css?v=2014" "Mozilla/5.0 (Linux; Android 9; HMA-AL00 Build/HUAWEIHMA-AL00; wv) AppleWebKit/537.36 (KHTML, like Gecko) Version/4.0 Chrome/74.0.3729.136 Mobile Safari/537.36"
223.104.146.24 - - [31/Aug/2019:14:37:43 +0800] "GET /js/Menu/Menu.js?v=200010 HTTP/1.1" 200 11275 "http://merp.yudo.com.cn:8183/Menu" "Mozilla/5.0 (Linux; Android 9; HMA-AL00 Build/HUAWEIHMA-AL00; wv) AppleWebKit/537.36 (KHTML, like Gecko) Version/4.0 Chrome/74.0.3729.136 Mobile Safari/537.36"
223.104.146.24 - - [31/Aug/2019:14:37:44 +0800] "GET /language/LANG_CHN.json HTTP/1.1" 200 29928 "http://merp.yudo.com.cn:8183/Menu" "Mozilla/5.0 (Linux; Android 9; HMA-AL00 Build/HUAWEIHMA-AL00; wv) AppleWebKit/537.36 (KHTML, like Gecko) Version/4.0 Chrome/74.0.3729.136 Mobile Safari/537.36"
223.104.146.24 - - [31/Aug/2019:14:37:44 +0800] "GET /image/fonticon/dayTotal_icon.png HTTP/1.1" 200 4233 "http://merp.yudo.com.cn:8183/css/yudo-ui.css?v=2014" "Mozilla/5.0 (Linux; Android 9; HMA-AL00 Build/HUAWEIHMA-AL00; wv) AppleWebKit/537.36 (KHTML, like Gecko) Version/4.0 Chrome/74.0.3729.136 Mobile Safari/537.36"
223.104.146.24 - - [31/Aug/2019:14:37:44 +0800] "GET /image/fonticon/salesPlan_icon.png HTTP/1.1" 200 5653 "http://merp.yudo.com.cn:8183/css/yudo-ui.css?v=2014" "Mozilla/5.0 (Linux; Android 9; HMA-AL00 Build/HUAWEIHMA-AL00; wv) AppleWebKit/537.36 (KHTML, like Gecko) Version/4.0 Chrome/74.0.3729.136 Mobile Safari/537.36"
223.104.146.24 - - [31/Aug/2019:14:37:44 +0800] "GET /image/fonticon/sales_icon.png HTTP/1.1" 200 5931 "http://merp.yudo.com.cn:8183/css/yudo-ui.css?v=2014" "Mozilla/5.0 (Linux; Android 9; HMA-AL00 Build/HUAWEIHMA-AL00; wv) AppleWebKit/537.36 (KHTML, like Gecko) Version/4.0 Chrome/74.0.3729.136 Mobile Safari/537.36"
223.104.146.24 - - [31/Aug/2019:14:37:45 +0800] "GET /image/fonticon/loading_icon6.png HTTP/1.1" 200 2555 "http://merp.yudo.com.cn:8183/css/mui.min.css?v=1012" "Mozilla/5.0 (Linux; Android 9; HMA-AL00 Build/HUAWEIHMA-AL00; wv) AppleWebKit/537.36 (KHTML, like Gecko) Version/4.0 Chrome/74.0.3729.136 Mobile Safari/537.36"
223.104.146.24 - - [31/Aug/2019:14:37:44 +0800] "GET /Menu/doMenuRows_prc?formKey=Menu HTTP/1.1" 200 826 "http://merp.yudo.com.cn:8183/Menu" "Mozilla/5.0 (Linux; Android 9; HMA-AL00 Build/HUAWEIHMA-AL00; wv) AppleWebKit/537.36 (KHTML, like Gecko) Version/4.0 Chrome/74.0.3729.136 Mobile Safari/537.36"
223.104.146.24 - - [31/Aug/2019:14:37:45 +0800] "GET /Menu/getVersionInfo HTTP/1.1" 200 368 "http://merp.yudo.com.cn:8183/Menu" "Mozilla/5.0 (Linux; Android 9; HMA-AL00 Build/HUAWEIHMA-AL00; wv) AppleWebKit/537.36 (KHTML, like Gecko) Version/4.0 Chrome/74.0.3729.136 Mobile Safari/537.36"
223.104.146.24 - - [31/Aug/2019:14:37:45 +0800] "GET /Menu/getLoginInfo HTTP/1.1" 200 182 "http://merp.yudo.com.cn:8183/Menu" "Mozilla/5.0 (Linux; Android 9; HMA-AL00 Build/HUAWEIHMA-AL00; wv) AppleWebKit/537.36 (KHTML, like Gecko) Version/4.0 Chrome/74.0.3729.136 Mobile Safari/537.36"
223.104.146.24 - - [31/Aug/2019:14:37:44 +0800] "GET /image/yudo-01.png HTTP/1.1" 200 381770 "http://merp.yudo.com.cn:8183/Menu" "Mozilla/5.0 (Linux; Android 9; HMA-AL00 Build/HUAWEIHMA-AL00; wv) AppleWebKit/537.36 (KHTML, like Gecko) Version/4.0 Chrome/74.0.3729.136 Mobile Safari/537.36"
::1 - - [31/Aug/2019:14:37:53 +0800] "OPTIONS * HTTP/1.0" 200 - "-" "Apache/2.4.6 (CentOS) PHP/5.6.32 (internal dummy connection)"
223.104.146.24 - - [31/Aug/2019:14:37:53 +0800] "GET /WEI_2300/WEI_2300?formKey=Menu&menuSelection=asm HTTP/1.1" 200 39068 "http://merp.yudo.com.cn:8183/Menu" "Mozilla/5.0 (Linux; Android 9; HMA-AL00 Build/HUAWEIHMA-AL00; wv) AppleWebKit/537.36 (KHTML, like Gecko) Version/4.0 Chrome/74.0.3729.136 Mobile Safari/537.36"
223.104.146.24 - - [31/Aug/2019:14:37:54 +0800] "GET /image/fonticon/date_icon.png HTTP/1.1" 200 1883 "http://merp.yudo.com.cn:8183/css/yudo-ui.css?v=2014" "Mozilla/5.0 (Linux; Android 9; HMA-AL00 Build/HUAWEIHMA-AL00; wv) AppleWebKit/537.36 (KHTML, like Gecko) Version/4.0 Chrome/74.0.3729.136 Mobile Safari/537.36"
223.104.146.24 - - [31/Aug/2019:14:37:54 +0800] "GET /image/fonticon/xiala_icon.png HTTP/1.1" 200 356 "http://merp.yudo.com.cn:8183/css/yudo-ui.css?v=2014" "Mozilla/5.0 (Linux; Android 9; HMA-AL00 Build/HUAWEIHMA-AL00; wv) AppleWebKit/537.36 (KHTML, like Gecko) Version/4.0 Chrome/74.0.3729.136 Mobile Safari/537.36"
223.104.146.24 - - [31/Aug/2019:14:37:54 +0800] "GET /image/fonticon/backMenu_icon.png HTTP/1.1" 200 1449 "http://merp.yudo.com.cn:8183/css/yudo-ui.css?v=2014" "Mozilla/5.0 (Linux; Android 9; HMA-AL00 Build/HUAWEIHMA-AL00; wv) AppleWebKit/537.36 (KHTML, like Gecko) Version/4.0 Chrome/74.0.3729.136 Mobile Safari/537.36"
223.104.146.24 - - [31/Aug/2019:14:37:54 +0800] "GET /image/fonticon/back_icon2.png HTTP/1.1" 200 1066 "http://merp.yudo.com.cn:8183/css/yudo-ui.css?v=2014" "Mozilla/5.0 (Linux; Android 9; HMA-AL00 Build/HUAWEIHMA-AL00; wv) AppleWebKit/537.36 (KHTML, like Gecko) Version/4.0 Chrome/74.0.3729.136 Mobile Safari/537.36"
223.104.146.24 - - [31/Aug/2019:14:37:54 +0800] "GET /image/fonticon/search_icon.png HTTP/1.1" 200 2335 "http://merp.yudo.com.cn:8183/css/yudo-ui.css?v=2014" "Mozilla/5.0 (Linux; Android 9; HMA-AL00 Build/HUAWEIHMA-AL00; wv) AppleWebKit/537.36 (KHTML, like Gecko) Version/4.0 Chrome/74.0.3729.136 Mobile Safari/537.36"
223.104.146.24 - - [31/Aug/2019:14:37:54 +0800] "GET /image/fonticon/write_icon.png HTTP/1.1" 200 1384 "http://merp.yudo.com.cn:8183/css/yudo-ui.css?v=2014" "Mozilla/5.0 (Linux; Android 9; HMA-AL00 Build/HUAWEIHMA-AL00; wv) AppleWebKit/537.36 (KHTML, like Gecko) Version/4.0 Chrome/74.0.3729.136 Mobile Safari/537.36"
223.104.146.24 - - [31/Aug/2019:14:37:54 +0800] "GET /image/fonticon/search_class_icon.png HTTP/1.1" 200 2455 "http://merp.yudo.com.cn:8183/css/yudo-ui.css?v=2014" "Mozilla/5.0 (Linux; Android 9; HMA-AL00 Build/HUAWEIHMA-AL00; wv) AppleWebKit/537.36 (KHTML, like Gecko) Version/4.0 Chrome/74.0.3729.136 Mobile Safari/537.36"
