61.151.178.180 - - [18/Apr/2018:17:50:57 +0800] "GET /third_party/bootstrap-3.3.5/fonts/glyphicons-halflings-regular.woff2 HTTP/1.1" 200 18028 "http://merp.yudo.com.cn:8183/WEI_2000/WEI_2000?formKey=M20180416T095901230&menuSelection=sm" "Mozilla/5.0 (iPhone 6; CPU iPhone OS 10_3_3 like Mac OS X) AppleWebKit/603.3.8 (KHTML, like Gecko) Version/10.0 MQQBrowser/7.8.0 Mobile/14G60 Safari/8536.25 MttCustomUA/2 QBWebViewType/1 WKType/1"
117.185.117.52 - - [18/Apr/2018:17:53:46 +0800] "GET /?deviceType=mobile&devicePlatform=ios HTTP/1.1" 200 6704 "-" "Mozilla/5.0 (Linux; Android 5.1.1; SM801 Build/LMY47V; wv) AppleWebKit/537.36 (KHTML, like Gecko) \t\t\tVersion/4.0 Chrome/53.0.2785.49 Mobile MQQBrowser/6.2 TBS/043015 Safari/537.36 V1_AND_SQ_6.6.9_482_YYB_D QQ/6.6.9.3060 NetType/2G WebP/0.3.0 Pixel/1080"
117.185.117.52 - - [18/Apr/2018:17:54:03 +0800] "GET /third_party/jquery-2.1.4/jquery.js HTTP/1.1" 200 247606 "http://merp.yudo.com.cn:8183/?deviceType=mobile&devicePlatform=ios" "Mozilla/5.0 (Linux; Android 5.1.1; SM801 Build/LMY47V; wv) AppleWebKit/537.36 (KHTML, like Gecko) \t\t\tVersion/4.0 Chrome/53.0.2785.49 Mobile MQQBrowser/6.2 TBS/043015 Safari/537.36 V1_AND_SQ_6.6.9_482_YYB_D QQ/6.6.9.3060 NetType/2G WebP/0.3.0 Pixel/1080"
120.204.17.72 - - [18/Apr/2018:17:54:35 +0800] "GET /WEI_1000/WEI_1000?formKey=M20180418T173714003&menuSelection=sm HTTP/1.1" 200 6820 "http://merp.yudo.com.cn:8183/Menu/Menu?formKey=M20180418T173714003" "Mozilla/5.0 (Linux; U; Android 4.4.4; zh-CN; Coolpad Y82-520 Build/KTU84P) AppleWebKit/534.30 (KHTML, like Gecko) Version/4.0 UCBrowser/10.9.8.738 U3/0.8.0 Mobile Safari/534.30"
120.204.17.72 - - [18/Apr/2018:17:54:54 +0800] "GET /third_party/jquery-2.1.4/jquery.js HTTP/1.1" 200 247606 "http://merp.yudo.com.cn:8183/WEI_1000/WEI_1000?formKey=M20180418T173714003&menuSelection=sm" "Mozilla/5.0 (Linux; U; Android 6.0.1; zh-cn; OPPO R9s Build/MMB29M) AppleWebKit/537.36 (KHTML, like Gecko)Version/4.0 Chrome/37.0.0.0 MQQBrowser/7.2 Mobile Safari/537.36"
117.185.117.52 - - [18/Apr/2018:17:55:08 +0800] "GET /third_party/jquery-ui-1.11.4/jquery-ui.js HTTP/1.1" 200 470596 "http://merp.yudo.com.cn:8183/?deviceType=mobile&devicePlatform=ios" "Mozilla/5.0 (Linux; Android 4.4.4; HUAWEI ALE-CL00 Build/HuaweiALE-CL00; wv) \t\t\tAppleWebKit/537.36 (KHTML, like Gecko) Version/4.0 Chrome/53.0.2785.49 Mobile MQQBrowser/6.2 TBS/043015 Safari/537.36 V1_AND_SQ_6.6.9_482_YYB_D QQ/6.6.9.3060 NetType/2G WebP/0.3.0 Pixel/720"
120.204.17.72 - - [18/Apr/2018:17:55:59 +0800] "GET /third_party/jquery-ui-1.11.4/jquery-ui.js HTTP/1.1" 200 470596 "http://merp.yudo.com.cn:8183/WEI_1000/WEI_1000?formKey=M20180418T173714003&menuSelection=sm" "Mozilla/5.0 (Linux; U; Android 6.0.1; zh-cn; OPPO R9s Build/MMB29M) AppleWebKit/537.36 (KHTML, like Gecko) Version/4.0 Chrome/38.0.0.0 Mobile Safari/537.36 OppoBrowser/4.2.8"
117.185.117.52 - - [18/Apr/2018:17:56:14 +0800] "GET /third_party/bootstrap-3.3.5/js/bootstrap.min.js HTTP/1.1" 200 36816 "http://merp.yudo.com.cn:8183/?deviceType=mobile&devicePlatform=ios" "Mozilla/5.0 (iPhone; CPU iPhone OS 10_2_1 like Mac OS X) AppleWebKit/602.4.6 (KHTML, like Gecko) Mobile/14D27 QQ/6.6.9.412 V1_IPH_SQ_6.6.9_1_APP_A Pixel/640 Core/UIWebView NetType/WIFI"
117.185.117.52 - - [18/Apr/2018:17:56:45 +0800] "GET /third_party/bootstrap-datetimepicker/js/bootstrap-datetimepicker.js HTTP/1.1" 200 67526 "http://merp.yudo.com.cn:8183/?deviceType=mobile&devicePlatform=ios" "Mozilla/5.0 (Linux; Android 5.1.1; SM801 Build/LMY47V; wv) AppleWebKit/537.36 (KHTML, like Gecko) \t\t\tVersion/4.0 Chrome/53.0.2785.49 Mobile MQQBrowser/6.2 TBS/043015 Safari/537.36 V1_AND_SQ_6.6.9_482_YYB_D QQ/6.6.9.3060 NetType/2G WebP/0.3.0 Pixel/1080"
120.204.17.72 - - [18/Apr/2018:17:56:58 +0800] "GET /third_party/bootstrap-3.3.5/js/bootstrap.min.js HTTP/1.1" 200 36816 "http://merp.yudo.com.cn:8183/WEI_1000/WEI_1000?formKey=M20180418T173714003&menuSelection=sm" "Mozilla/5.0 (Linux; Android 5.1.1; SM801 Build/LMY47V) AppleWebKit/537.36 (KHTML, like Gecko)     \t\tChrome/46.0.2490.11 Mobile Safari/537.36"
120.204.17.72 - - [18/Apr/2018:17:57:28 +0800] "GET /third_party/bootstrap-datetimepicker/js/bootstrap-datetimepicker.js HTTP/1.1" 200 67526 "http://merp.yudo.com.cn:8183/WEI_1000/WEI_1000?formKey=M20180418T173714003&menuSelection=sm" "Mozilla/5.0 (Linux; U; Android 6.0.1; zh-cn; OPPO R9s Build/MMB29M) AppleWebKit/537.36 (KHTML, like Gecko)Version/4.0 Chrome/37.0.0.0 MQQBrowser/7.2 Mobile Safari/537.36"
117.185.117.52 - - [18/Apr/2018:17:57:34 +0800] "GET /third_party/bootstrap-datetimepicker/js/locales/bootstrap-datetimepicker.ko.js HTTP/1.1" 200 765 "http://merp.yudo.com.cn:8183/?deviceType=mobile&devicePlatform=ios" "Mozilla/5.0 (Linux; Android 4.4.4; HUAWEI ALE-CL00 Build/HuaweiALE-CL00; wv) \t\t\tAppleWebKit/537.36 (KHTML, like Gecko) Version/4.0 Chrome/53.0.2785.49 Mobile MQQBrowser/6.2 TBS/043015 Safari/537.36 V1_AND_SQ_6.6.9_482_YYB_D QQ/6.6.9.3060 NetType/2G WebP/0.3.0 Pixel/720"
120.204.17.72 - - [18/Apr/2018:17:58:13 +0800] "GET /third_party/bootstrap-datetimepicker/js/locales/bootstrap-datetimepicker.ko.js HTTP/1.1" 200 765 "http://merp.yudo.com.cn:8183/WEI_1000/WEI_1000?formKey=M20180418T173714003&menuSelection=sm" "Mozilla/5.0 (Linux; U; Android 4.4.4; zh-CN; HUAWEI ALE-CL00 Build/HuaweiALE-CL00) AppleWebKit/537.36 (KHTML, like Gecko) Version/4.0 Chrome/40.0.2214.89 UCBrowser/11.3.0.907 Mobile Safari/537.36"
117.185.117.52 - - [18/Apr/2018:17:57:51 +0800] "GET /third_party/KendoUI/js/kendo.all.min.js HTTP/1.1" 200 3038548 "http://merp.yudo.com.cn:8183/?deviceType=mobile&devicePlatform=ios" "Mozilla/5.0 (iPhone; CPU iPhone OS 10_2_1 like Mac OS X) AppleWebKit/602.4.6 (KHTML, like Gecko) Mobile/14D27 QQ/6.6.9.412 V1_IPH_SQ_6.6.9_1_APP_A Pixel/640 Core/UIWebView NetType/WIFI"
117.185.117.52 - - [18/Apr/2018:17:58:53 +0800] "GET /third_party/loading-overlay/waitMe.js HTTP/1.1" 200 8583 "http://merp.yudo.com.cn:8183/?deviceType=mobile&devicePlatform=ios" "Mozilla/5.0 (iPhone; CPU iPhone OS 10_2_1 like Mac OS X) AppleWebKit/602.4.6 (KHTML, like Gecko) Mobile/14D27 QQ/6.6.9.412 V1_IPH_SQ_6.6.9_1_APP_A Pixel/1080 Core/UIWebView NetType/WIFI"
117.185.117.52 - - [18/Apr/2018:17:59:08 +0800] "GET /third_party/slideout-1.0.1/slideout.js HTTP/1.1" 200 37980 "http://merp.yudo.com.cn:8183/?deviceType=mobile&devicePlatform=ios" "Mozilla/5.0 (iPhone; CPU iPhone OS 10_2_1 like Mac OS X) AppleWebKit/602.4.6 (KHTML, like Gecko) Mobile/14D27 QQ/6.6.9.412 V1_IPH_SQ_6.6.9_1_APP_A Pixel/750 Core/UIWebView NetType/WIFI"
120.204.17.72 - - [18/Apr/2018:17:58:28 +0800] "GET /third_party/KendoUI/js/kendo.all.min.js HTTP/1.1" 200 3038548 "http://merp.yudo.com.cn:8183/WEI_1000/WEI_1000?formKey=M20180418T173714003&menuSelection=sm" "Mozilla/5.0 (Linux; U; Android 4.4.4; zh-CN; Coolpad Y82-520 Build/KTU84P) AppleWebKit/534.30 (KHTML, like Gecko) Version/4.0 UCBrowser/10.9.8.738 U3/0.8.0 Mobile Safari/534.30"
120.204.17.72 - - [18/Apr/2018:17:59:25 +0800] "GET /third_party/loading-overlay/waitMe.js HTTP/1.1" 200 8583 "http://merp.yudo.com.cn:8183/WEI_1000/WEI_1000?formKey=M20180418T173714003&menuSelection=sm" "Mozilla/5.0 (Linux; U; Android 6.0.1; zh-cn; OPPO R9s Build/MMB29M) AppleWebKit/537.36 (KHTML, like Gecko)Version/4.0 Chrome/37.0.0.0 MQQBrowser/7.2 Mobile Safari/537.36"
120.204.17.72 - - [18/Apr/2018:17:59:38 +0800] "GET /third_party/slideout-1.0.1/slideout.js HTTP/1.1" 200 37980 "http://merp.yudo.com.cn:8183/WEI_1000/WEI_1000?formKey=M20180418T173714003&menuSelection=sm" "Mozilla/5.0 (Linux; Android 5.1.1; SM801 Build/LMY47V) AppleWebKit/537.36 (KHTML, like Gecko)     \t\tChrome/46.0.2490.11 Mobile Safari/537.36"
117.185.117.52 - - [18/Apr/2018:17:59:41 +0800] "GET /js/JLAMP.polyfill.min.js HTTP/1.1" 200 361 "http://merp.yudo.com.cn:8183/?deviceType=mobile&devicePlatform=ios" "Mozilla/5.0 (Linux; Android 6.0.1; OPPO R9s Build/MMB29M; wv) AppleWebKit/537.36 (KHTML, like Gecko) Version/4.0 Chrome/53.0.2785.49 Mobile MQQBrowser/6.2 TBS/043015 Safari/537.36 V1_AND_SQ_6.6.9_482_YYB_D QQ/6.6.9.3060 NetType/4G WebP/0.3.0 Pixel/1080"
117.185.117.52 - - [18/Apr/2018:17:59:55 +0800] "GET /js/JLAMP.min.js HTTP/1.1" 200 1461 "http://merp.yudo.com.cn:8183/?deviceType=mobile&devicePlatform=ios" "Mozilla/5.0 (iPhone; CPU iPhone OS 10_2_1 like Mac OS X) AppleWebKit/602.4.6 (KHTML, like Gecko) Mobile/14D27 QQ/6.6.9.412 V1_IPH_SQ_6.6.9_1_APP_A Pixel/640 Core/UIWebView NetType/WIFI"
120.204.17.72 - - [18/Apr/2018:18:00:09 +0800] "GET /js/JLAMP.polyfill.min.js HTTP/1.1" 200 361 "http://merp.yudo.com.cn:8183/WEI_1000/WEI_1000?formKey=M20180418T173714003&menuSelection=sm" "Mozilla/5.0 (Linux; Android 5.1.1; SM801 Build/LMY47V) AppleWebKit/537.36 (KHTML, like Gecko)     \t\tChrome/46.0.2490.11 Mobile Safari/537.36"
117.185.117.52 - - [18/Apr/2018:18:00:11 +0800] "GET /js/JLAMP.common.min.js HTTP/1.1" 200 9705 "http://merp.yudo.com.cn:8183/?deviceType=mobile&devicePlatform=ios" "Mozilla/5.0 (iPhone; CPU iPhone OS 10_2_1 like Mac OS X) AppleWebKit/602.4.6 (KHTML, like Gecko) Mobile/14D27 QQ/6.6.9.412 V1_IPH_SQ_6.6.9_1_APP_A Pixel/640 Core/UIWebView NetType/WIFI"
120.204.17.72 - - [18/Apr/2018:18:00:24 +0800] "GET /js/JLAMP.min.js HTTP/1.1" 200 1461 "http://merp.yudo.com.cn:8183/WEI_1000/WEI_1000?formKey=M20180418T173714003&menuSelection=sm" "Mozilla/5.0 (Linux; U; Android 4.4.4; zh-CN; HUAWEI ALE-CL00 Build/HuaweiALE-CL00) AppleWebKit/537.36 (KHTML, like Gecko) Version/4.0 Chrome/40.0.2214.89 UCBrowser/11.3.0.907 Mobile Safari/537.36"
117.185.117.52 - - [18/Apr/2018:18:00:29 +0800] "GET /js/JLAMP.menu.min.js HTTP/1.1" 200 6519 "http://merp.yudo.com.cn:8183/?deviceType=mobile&devicePlatform=ios" "Mozilla/5.0 (Linux; Android 6.0.1; OPPO R9s Build/MMB29M; wv) AppleWebKit/537.36 (KHTML, like Gecko) Version/4.0 Chrome/53.0.2785.49 Mobile MQQBrowser/6.2 TBS/043015 Safari/537.36 V1_AND_SQ_6.6.9_482_YYB_D QQ/6.6.9.3060 NetType/4G WebP/0.3.0 Pixel/1080"
120.204.17.72 - - [18/Apr/2018:18:00:40 +0800] "GET /js/JLAMP.common.min.js HTTP/1.1" 200 9705 "http://merp.yudo.com.cn:8183/WEI_1000/WEI_1000?formKey=M20180418T173714003&menuSelection=sm" "Mozilla/5.0 (Linux; U; Android 6.0.1; zh-cn; OPPO R9s Build/MMB29M) AppleWebKit/537.36 (KHTML, like Gecko)Version/4.0 Chrome/37.0.0.0 MQQBrowser/7.2 Mobile Safari/537.36"
117.185.117.52 - - [18/Apr/2018:18:00:45 +0800] "GET /js/JLAMP.autobinding.min.js HTTP/1.1" 200 8816 "http://merp.yudo.com.cn:8183/?deviceType=mobile&devicePlatform=ios" "Mozilla/5.0 (iPhone; CPU iPhone OS 10_2_1 like Mac OS X) AppleWebKit/602.4.6 (KHTML, like Gecko) Mobile/14D27 QQ/6.6.9.412 V1_IPH_SQ_6.6.9_1_APP_A Pixel/640 Core/UIWebView NetType/WIFI"
120.204.17.72 - - [18/Apr/2018:18:00:55 +0800] "GET /js/JLAMP.menu.min.js HTTP/1.1" 200 6519 "http://merp.yudo.com.cn:8183/WEI_1000/WEI_1000?formKey=M20180418T173714003&menuSelection=sm" "Mozilla/5.0 (Linux; U; Android 4.4.4; zh-CN; Coolpad Y82-520 Build/KTU84P) AppleWebKit/534.30 (KHTML, like Gecko) Version/4.0 UCBrowser/10.9.8.738 U3/0.8.0 Mobile Safari/534.30"
117.185.117.52 - - [18/Apr/2018:18:01:00 +0800] "GET /js/JLAMP.modal.min.js HTTP/1.1" 200 16516 "http://merp.yudo.com.cn:8183/?deviceType=mobile&devicePlatform=ios" "Mozilla/5.0 (Linux; Android 6.0.1; OPPO R9s Build/MMB29M; wv) AppleWebKit/537.36 (KHTML, like Gecko) Version/4.0 Chrome/53.0.2785.49 Mobile MQQBrowser/6.2 TBS/043015 Safari/537.36 V1_AND_SQ_6.6.9_482_YYB_D QQ/6.6.9.3060 NetType/4G WebP/0.3.0 Pixel/1080"
120.204.17.72 - - [18/Apr/2018:18:01:12 +0800] "GET /js/JLAMP.autobinding.min.js HTTP/1.1" 200 8816 "http://merp.yudo.com.cn:8183/WEI_1000/WEI_1000?formKey=M20180418T173714003&menuSelection=sm" "Mozilla/5.0 (Linux; U; Android 6.0.1; zh-cn; OPPO R9s Build/MMB29M) AppleWebKit/537.36 (KHTML, like Gecko)Version/4.0 Chrome/37.0.0.0 MQQBrowser/7.2 Mobile Safari/537.36"
117.185.117.52 - - [18/Apr/2018:18:01:24 +0800] "GET /js/JLAMP.lang.min.js HTTP/1.1" 200 1750 "http://merp.yudo.com.cn:8183/?deviceType=mobile&devicePlatform=ios" "Mozilla/5.0 (Linux; Android 6.0.1; OPPO R9s Build/MMB29M; wv) AppleWebKit/537.36 (KHTML, like Gecko) Version/4.0 Chrome/53.0.2785.49 Mobile MQQBrowser/6.2 TBS/043015 Safari/537.36 V1_AND_SQ_6.6.9_482_YYB_D QQ/6.6.9.3060 NetType/4G WebP/0.3.0 Pixel/1080"
120.204.17.72 - - [18/Apr/2018:18:01:28 +0800] "GET /js/JLAMP.modal.min.js HTTP/1.1" 200 16516 "http://merp.yudo.com.cn:8183/WEI_1000/WEI_1000?formKey=M20180418T173714003&menuSelection=sm" "Mozilla/5.0 (Linux; U; Android 4.4.4; zh-CN; Coolpad Y82-520 Build/KTU84P) AppleWebKit/534.30 (KHTML, like Gecko) Version/4.0 UCBrowser/10.9.8.738 U3/0.8.0 Mobile Safari/534.30"
117.185.117.52 - - [18/Apr/2018:18:01:40 +0800] "GET /js/session.js HTTP/1.1" 200 638 "http://merp.yudo.com.cn:8183/?deviceType=mobile&devicePlatform=ios" "Mozilla/5.0 (iPhone; CPU iPhone OS 10_2_1 like Mac OS X) AppleWebKit/602.4.6 (KHTML, like Gecko) Mobile/14D27 QQ/6.6.9.412 V1_IPH_SQ_6.6.9_1_APP_A Pixel/750 Core/UIWebView NetType/WIFI"
120.204.17.72 - - [18/Apr/2018:18:01:51 +0800] "GET /js/JLAMP.lang.min.js HTTP/1.1" 200 1750 "http://merp.yudo.com.cn:8183/WEI_1000/WEI_1000?formKey=M20180418T173714003&menuSelection=sm" "Mozilla/5.0 (Linux; Android 5.1.1; SM801 Build/LMY47V) AppleWebKit/537.36 (KHTML, like Gecko)     \t\tChrome/46.0.2490.11 Mobile Safari/537.36"
117.185.117.52 - - [18/Apr/2018:18:01:54 +0800] "GET /js/version.js HTTP/1.1" 200 1044 "http://merp.yudo.com.cn:8183/?deviceType=mobile&devicePlatform=ios" "Mozilla/5.0 (Linux; Android 6.0.1; OPPO R9s Build/MMB29M; wv) AppleWebKit/537.36 (KHTML, like Gecko) Version/4.0 Chrome/53.0.2785.49 Mobile MQQBrowser/6.2 TBS/043015 Safari/537.36 V1_AND_SQ_6.6.9_482_YYB_D QQ/6.6.9.3060 NetType/4G WebP/0.3.0 Pixel/1080"
120.204.17.72 - - [18/Apr/2018:18:02:06 +0800] "GET /js/session.js HTTP/1.1" 200 638 "http://merp.yudo.com.cn:8183/WEI_1000/WEI_1000?formKey=M20180418T173714003&menuSelection=sm" "Mozilla/5.0 (Linux; U; Android 4.4.4; zh-CN; Coolpad Y82-520 Build/KTU84P) AppleWebKit/534.30 (KHTML, like Gecko) Version/4.0 UCBrowser/10.9.8.738 U3/0.8.0 Mobile Safari/534.30"
117.185.117.52 - - [18/Apr/2018:18:02:10 +0800] "GET /js/common.js HTTP/1.1" 200 11633 "http://merp.yudo.com.cn:8183/?deviceType=mobile&devicePlatform=ios" "Mozilla/5.0 (Linux; Android 4.4.4; HUAWEI ALE-CL00 Build/HuaweiALE-CL00; wv) \t\t\tAppleWebKit/537.36 (KHTML, like Gecko) Version/4.0 Chrome/53.0.2785.49 Mobile MQQBrowser/6.2 TBS/043015 Safari/537.36 V1_AND_SQ_6.6.9_482_YYB_D QQ/6.6.9.3060 NetType/2G WebP/0.3.0 Pixel/720"
120.204.17.72 - - [18/Apr/2018:18:02:20 +0800] "GET /js/version.js HTTP/1.1" 200 1044 "http://merp.yudo.com.cn:8183/WEI_1000/WEI_1000?formKey=M20180418T173714003&menuSelection=sm" "Mozilla/5.0 (Linux; U; Android 4.4.4; zh-CN; Coolpad Y82-520 Build/KTU84P) AppleWebKit/534.30 (KHTML, like Gecko) Version/4.0 UCBrowser/10.9.8.738 U3/0.8.0 Mobile Safari/534.30"
117.185.117.52 - - [18/Apr/2018:18:02:27 +0800] "GET /js/GNB.js HTTP/1.1" 200 2176 "http://merp.yudo.com.cn:8183/?deviceType=mobile&devicePlatform=ios" "Mozilla/5.0 (Linux; Android 4.4.4; HUAWEI ALE-CL00 Build/HuaweiALE-CL00; wv) \t\t\tAppleWebKit/537.36 (KHTML, like Gecko) Version/4.0 Chrome/53.0.2785.49 Mobile MQQBrowser/6.2 TBS/043015 Safari/537.36 V1_AND_SQ_6.6.9_482_YYB_D QQ/6.6.9.3060 NetType/2G WebP/0.3.0 Pixel/720"
120.204.17.72 - - [18/Apr/2018:18:02:37 +0800] "GET /js/common.js HTTP/1.1" 200 11633 "http://merp.yudo.com.cn:8183/WEI_1000/WEI_1000?formKey=M20180418T173714003&menuSelection=sm" "Mozilla/5.0 (Linux; U; Android 6.0.1; zh-cn; OPPO R9s Build/MMB29M) AppleWebKit/537.36 (KHTML, like Gecko) Version/4.0 Chrome/38.0.0.0 Mobile Safari/537.36 OppoBrowser/4.2.8"
117.185.117.52 - - [18/Apr/2018:18:02:43 +0800] "GET /js/login.js HTTP/1.1" 200 7593 "http://merp.yudo.com.cn:8183/?deviceType=mobile&devicePlatform=ios" "Mozilla/5.0 (Linux; Android 5.1.1; SM801 Build/LMY47V; wv) AppleWebKit/537.36 (KHTML, like Gecko) \t\t\tVersion/4.0 Chrome/53.0.2785.49 Mobile MQQBrowser/6.2 TBS/043015 Safari/537.36 V1_AND_SQ_6.6.9_482_YYB_D QQ/6.6.9.3060 NetType/2G WebP/0.3.0 Pixel/1080"
120.204.17.72 - - [18/Apr/2018:18:02:53 +0800] "GET /js/GNB.js HTTP/1.1" 200 2176 "http://merp.yudo.com.cn:8183/WEI_1000/WEI_1000?formKey=M20180418T173714003&menuSelection=sm" "Mozilla/5.0 (Linux; U; Android 6.0.1; zh-cn; OPPO R9s Build/MMB29M) AppleWebKit/537.36 (KHTML, like Gecko) Version/4.0 Chrome/38.0.0.0 Mobile Safari/537.36 OppoBrowser/4.2.8"
120.204.17.72 - - [18/Apr/2018:18:03:11 +0800] "GET /js/WEI_1000/WEI_1000_Lists.js?v=20180205001 HTTP/1.1" 200 10082 "http://merp.yudo.com.cn:8183/WEI_1000/WEI_1000?formKey=M20180418T173714003&menuSelection=sm" "Mozilla/5.0 (Linux; U; Android 4.4.4; zh-CN; HUAWEI ALE-CL00 Build/HuaweiALE-CL00) AppleWebKit/537.36 (KHTML, like Gecko) Version/4.0 Chrome/40.0.2214.89 UCBrowser/11.3.0.907 Mobile Safari/537.36"
180.106.175.145 - - [18/Apr/2018:18:04:03 +0800] "GET /WEI_2000/WEI_2000?formKey=M20180416T095901230&menuSelection=sm HTTP/1.1" 200 18039 "-" "Mozilla/5.0 (iPhone; CPU iPhone OS 11_0 like Mac OS X) AppleWebKit/604.1.38 (KHTML, like Gecko) Version/11.0 Mobile/15A372 Safari/604.1"
180.106.175.145 - - [18/Apr/2018:18:04:03 +0800] "GET /css/WEI_2000/WEI_2000_Lists.css HTTP/1.1" 304 - "http://merp.yudo.com.cn:8183/WEI_2000/WEI_2000?formKey=M20180416T095901230&menuSelection=sm" "Mozilla/5.0 (iPhone; CPU iPhone OS 11_0 like Mac OS X) AppleWebKit/604.1.38 (KHTML, like Gecko) Version/11.0 Mobile/15A372 Safari/604.1"
180.106.175.145 - - [18/Apr/2018:18:04:03 +0800] "GET /css/WEI_2000/animate.min.css HTTP/1.1" 304 - "http://merp.yudo.com.cn:8183/WEI_2000/WEI_2000?formKey=M20180416T095901230&menuSelection=sm" "Mozilla/5.0 (iPhone; CPU iPhone OS 11_0 like Mac OS X) AppleWebKit/604.1.38 (KHTML, like Gecko) Version/11.0 Mobile/15A372 Safari/604.1"
180.106.175.145 - - [18/Apr/2018:18:04:03 +0800] "GET /js/WEI_2000/WEI_2000_Lists.js?v=20180205001 HTTP/1.1" 304 - "http://merp.yudo.com.cn:8183/WEI_2000/WEI_2000?formKey=M20180416T095901230&menuSelection=sm" "Mozilla/5.0 (iPhone; CPU iPhone OS 11_0 like Mac OS X) AppleWebKit/604.1.38 (KHTML, like Gecko) Version/11.0 Mobile/15A372 Safari/604.1"
180.106.175.145 - - [18/Apr/2018:18:04:04 +0800] "POST /JLAMPCommon/langBatchRows_prc HTTP/1.1" 200 44 "http://merp.yudo.com.cn:8183/WEI_2000/WEI_2000?formKey=M20180416T095901230&menuSelection=sm" "Mozilla/5.0 (iPhone; CPU iPhone OS 11_0 like Mac OS X) AppleWebKit/604.1.38 (KHTML, like Gecko) Version/11.0 Mobile/15A372 Safari/604.1"
180.106.175.145 - - [18/Apr/2018:18:04:04 +0800] "GET /JLAMPCommon/getCookieJson_prc HTTP/1.1" 200 842 "http://merp.yudo.com.cn:8183/WEI_2000/WEI_2000?formKey=M20180416T095901230&menuSelection=sm" "Mozilla/5.0 (iPhone; CPU iPhone OS 11_0 like Mac OS X) AppleWebKit/604.1.38 (KHTML, like Gecko) Version/11.0 Mobile/15A372 Safari/604.1"
180.106.175.145 - - [18/Apr/2018:18:04:05 +0800] "POST /JLAMPCommon/langRow_prc HTTP/1.1" 200 191 "http://merp.yudo.com.cn:8183/WEI_2000/WEI_2000?formKey=M20180416T095901230&menuSelection=sm" "Mozilla/5.0 (iPhone; CPU iPhone OS 11_0 like Mac OS X) AppleWebKit/604.1.38 (KHTML, like Gecko) Version/11.0 Mobile/15A372 Safari/604.1"
180.106.175.145 - - [18/Apr/2018:18:04:05 +0800] "POST /JLAMPCommon/langRow_prc HTTP/1.1" 200 203 "http://merp.yudo.com.cn:8183/WEI_2000/WEI_2000?formKey=M20180416T095901230&menuSelection=sm" "Mozilla/5.0 (iPhone; CPU iPhone OS 11_0 like Mac OS X) AppleWebKit/604.1.38 (KHTML, like Gecko) Version/11.0 Mobile/15A372 Safari/604.1"
49.90.175.118 - - [18/Apr/2018:18:04:45 +0800] "GET /WEI_2000/WEI_2000?formKey=M20180416T095901230&menuSelection=sm HTTP/1.1" 200 149 "-" "Mozilla/5.0 (iPhone; CPU iPhone OS 11_1_2 like Mac OS X) AppleWebKit/604.3.5 (KHTML, like Gecko) Mobile/15B202 QQ/7.5.8.422 V1_IPH_SQ_7.5.8_1_APP_A Pixel/750 Core/UIWebView Device/Apple(iPhone 6) NetType/4G QBWebViewType/1"
49.90.175.118 - - [18/Apr/2018:18:04:53 +0800] "GET /?deviceType=mobile&devicePlatform=ios HTTP/1.1" 200 6704 "-" "Mozilla/5.0 (iPhone; CPU iPhone OS 11_1_2 like Mac OS X) AppleWebKit/604.3.5 (KHTML, like Gecko) Mobile/15B202 QQ/7.5.8.422 V1_IPH_SQ_7.5.8_1_APP_A Pixel/750 Core/UIWebView Device/Apple(iPhone 6) NetType/4G QBWebViewType/1"
49.90.175.118 - - [18/Apr/2018:18:04:53 +0800] "GET /third_party/bootstrap-3.3.5/css/bootstrap.css HTTP/1.1" 200 147430 "http://merp.yudo.com.cn:8183/?deviceType=mobile&devicePlatform=ios" "Mozilla/5.0 (iPhone; CPU iPhone OS 11_1_2 like Mac OS X) AppleWebKit/604.3.5 (KHTML, like Gecko) Mobile/15B202 QQ/7.5.8.422 V1_IPH_SQ_7.5.8_1_APP_A Pixel/750 Core/UIWebView Device/Apple(iPhone 6) NetType/4G QBWebViewType/1"
49.90.175.118 - - [18/Apr/2018:18:04:53 +0800] "GET /third_party/bootstrap-3.3.5/css/bootstrap-theme.css HTTP/1.1" 200 26132 "http://merp.yudo.com.cn:8183/?deviceType=mobile&devicePlatform=ios" "Mozilla/5.0 (iPhone; CPU iPhone OS 11_1_2 like Mac OS X) AppleWebKit/604.3.5 (KHTML, like Gecko) Mobile/15B202 QQ/7.5.8.422 V1_IPH_SQ_7.5.8_1_APP_A Pixel/750 Core/UIWebView Device/Apple(iPhone 6) NetType/4G QBWebViewType/1"
49.90.175.118 - - [18/Apr/2018:18:04:53 +0800] "GET /third_party/loading-overlay/waitMe.css HTTP/1.1" 200 14541 "http://merp.yudo.com.cn:8183/?deviceType=mobile&devicePlatform=ios" "Mozilla/5.0 (iPhone; CPU iPhone OS 11_1_2 like Mac OS X) AppleWebKit/604.3.5 (KHTML, like Gecko) Mobile/15B202 QQ/7.5.8.422 V1_IPH_SQ_7.5.8_1_APP_A Pixel/750 Core/UIWebView Device/Apple(iPhone 6) NetType/4G QBWebViewType/1"
49.90.175.118 - - [18/Apr/2018:18:04:53 +0800] "GET /third_party/bootstrap-datetimepicker/css/bootstrap-datetimepicker.css HTTP/1.1" 200 12289 "http://merp.yudo.com.cn:8183/?deviceType=mobile&devicePlatform=ios" "Mozilla/5.0 (iPhone; CPU iPhone OS 11_1_2 like Mac OS X) AppleWebKit/604.3.5 (KHTML, like Gecko) Mobile/15B202 QQ/7.5.8.422 V1_IPH_SQ_7.5.8_1_APP_A Pixel/750 Core/UIWebView Device/Apple(iPhone 6) NetType/4G QBWebViewType/1"
49.90.175.118 - - [18/Apr/2018:18:04:53 +0800] "GET /css/bootstrap_modify.css HTTP/1.1" 200 265 "http://merp.yudo.com.cn:8183/?deviceType=mobile&devicePlatform=ios" "Mozilla/5.0 (iPhone; CPU iPhone OS 11_1_2 like Mac OS X) AppleWebKit/604.3.5 (KHTML, like Gecko) Mobile/15B202 QQ/7.5.8.422 V1_IPH_SQ_7.5.8_1_APP_A Pixel/750 Core/UIWebView Device/Apple(iPhone 6) NetType/4G QBWebViewType/1"
49.90.175.118 - - [18/Apr/2018:18:04:53 +0800] "GET /third_party/slideout-1.0.1/index.css HTTP/1.1" 200 491 "http://merp.yudo.com.cn:8183/?deviceType=mobile&devicePlatform=ios" "Mozilla/5.0 (iPhone; CPU iPhone OS 11_1_2 like Mac OS X) AppleWebKit/604.3.5 (KHTML, like Gecko) Mobile/15B202 QQ/7.5.8.422 V1_IPH_SQ_7.5.8_1_APP_A Pixel/750 Core/UIWebView Device/Apple(iPhone 6) NetType/4G QBWebViewType/1"
49.90.175.118 - - [18/Apr/2018:18:04:53 +0800] "GET /css/slide_menu.css HTTP/1.1" 200 2705 "http://merp.yudo.com.cn:8183/?deviceType=mobile&devicePlatform=ios" "Mozilla/5.0 (iPhone; CPU iPhone OS 11_1_2 like Mac OS X) AppleWebKit/604.3.5 (KHTML, like Gecko) Mobile/15B202 QQ/7.5.8.422 V1_IPH_SQ_7.5.8_1_APP_A Pixel/750 Core/UIWebView Device/Apple(iPhone 6) NetType/4G QBWebViewType/1"
49.90.175.118 - - [18/Apr/2018:18:04:53 +0800] "GET /css/JLAMP.common.min.css HTTP/1.1" 200 - "http://merp.yudo.com.cn:8183/?deviceType=mobile&devicePlatform=ios" "Mozilla/5.0 (iPhone; CPU iPhone OS 11_1_2 like Mac OS X) AppleWebKit/604.3.5 (KHTML, like Gecko) Mobile/15B202 QQ/7.5.8.422 V1_IPH_SQ_7.5.8_1_APP_A Pixel/750 Core/UIWebView Device/Apple(iPhone 6) NetType/4G QBWebViewType/1"
49.90.175.118 - - [18/Apr/2018:18:04:53 +0800] "GET /third_party/KendoUI/styles/kendo.bootstrap.min.css HTTP/1.1" 200 83074 "http://merp.yudo.com.cn:8183/?deviceType=mobile&devicePlatform=ios" "Mozilla/5.0 (iPhone; CPU iPhone OS 11_1_2 like Mac OS X) AppleWebKit/604.3.5 (KHTML, like Gecko) Mobile/15B202 QQ/7.5.8.422 V1_IPH_SQ_7.5.8_1_APP_A Pixel/750 Core/UIWebView Device/Apple(iPhone 6) NetType/4G QBWebViewType/1"
49.90.175.118 - - [18/Apr/2018:18:04:53 +0800] "GET /third_party/KendoUI/styles/kendo.bootstrap.mobile.min.css HTTP/1.1" 200 112483 "http://merp.yudo.com.cn:8183/?deviceType=mobile&devicePlatform=ios" "Mozilla/5.0 (iPhone; CPU iPhone OS 11_1_2 like Mac OS X) AppleWebKit/604.3.5 (KHTML, like Gecko) Mobile/15B202 QQ/7.5.8.422 V1_IPH_SQ_7.5.8_1_APP_A Pixel/750 Core/UIWebView Device/Apple(iPhone 6) NetType/4G QBWebViewType/1"
49.90.175.118 - - [18/Apr/2018:18:04:53 +0800] "GET /css/JLAMP.modal.min.css HTTP/1.1" 200 920 "http://merp.yudo.com.cn:8183/?deviceType=mobile&devicePlatform=ios" "Mozilla/5.0 (iPhone; CPU iPhone OS 11_1_2 like Mac OS X) AppleWebKit/604.3.5 (KHTML, like Gecko) Mobile/15B202 QQ/7.5.8.422 V1_IPH_SQ_7.5.8_1_APP_A Pixel/750 Core/UIWebView Device/Apple(iPhone 6) NetType/4G QBWebViewType/1"
49.90.175.118 - - [18/Apr/2018:18:04:53 +0800] "GET /css/JLAMP.autobinding.min.css HTTP/1.1" 200 852 "http://merp.yudo.com.cn:8183/?deviceType=mobile&devicePlatform=ios" "Mozilla/5.0 (iPhone; CPU iPhone OS 11_1_2 like Mac OS X) AppleWebKit/604.3.5 (KHTML, like Gecko) Mobile/15B202 QQ/7.5.8.422 V1_IPH_SQ_7.5.8_1_APP_A Pixel/750 Core/UIWebView Device/Apple(iPhone 6) NetType/4G QBWebViewType/1"
49.90.175.118 - - [18/Apr/2018:18:04:53 +0800] "GET /css/common.css HTTP/1.1" 200 10900 "http://merp.yudo.com.cn:8183/?deviceType=mobile&devicePlatform=ios" "Mozilla/5.0 (iPhone; CPU iPhone OS 11_1_2 like Mac OS X) AppleWebKit/604.3.5 (KHTML, like Gecko) Mobile/15B202 QQ/7.5.8.422 V1_IPH_SQ_7.5.8_1_APP_A Pixel/750 Core/UIWebView Device/Apple(iPhone 6) NetType/4G QBWebViewType/1"
49.90.175.118 - - [18/Apr/2018:18:04:53 +0800] "GET /css/login.css HTTP/1.1" 200 2712 "http://merp.yudo.com.cn:8183/?deviceType=mobile&devicePlatform=ios" "Mozilla/5.0 (iPhone; CPU iPhone OS 11_1_2 like Mac OS X) AppleWebKit/604.3.5 (KHTML, like Gecko) Mobile/15B202 QQ/7.5.8.422 V1_IPH_SQ_7.5.8_1_APP_A Pixel/750 Core/UIWebView Device/Apple(iPhone 6) NetType/4G QBWebViewType/1"
49.90.175.118 - - [18/Apr/2018:18:04:53 +0800] "GET /third_party/bootstrap-3.3.5/js/bootstrap.min.js HTTP/1.1" 200 36816 "http://merp.yudo.com.cn:8183/?deviceType=mobile&devicePlatform=ios" "Mozilla/5.0 (iPhone; CPU iPhone OS 11_1_2 like Mac OS X) AppleWebKit/604.3.5 (KHTML, like Gecko) Mobile/15B202 QQ/7.5.8.422 V1_IPH_SQ_7.5.8_1_APP_A Pixel/750 Core/UIWebView Device/Apple(iPhone 6) NetType/4G QBWebViewType/1"
49.90.175.118 - - [18/Apr/2018:18:04:53 +0800] "GET /third_party/KendoUI/styles/kendo.common.min.css HTTP/1.1" 200 231115 "http://merp.yudo.com.cn:8183/?deviceType=mobile&devicePlatform=ios" "Mozilla/5.0 (iPhone; CPU iPhone OS 11_1_2 like Mac OS X) AppleWebKit/604.3.5 (KHTML, like Gecko) Mobile/15B202 QQ/7.5.8.422 V1_IPH_SQ_7.5.8_1_APP_A Pixel/750 Core/UIWebView Device/Apple(iPhone 6) NetType/4G QBWebViewType/1"
49.90.175.118 - - [18/Apr/2018:18:04:53 +0800] "GET /third_party/bootstrap-datetimepicker/js/bootstrap-datetimepicker.js HTTP/1.1" 200 67526 "http://merp.yudo.com.cn:8183/?deviceType=mobile&devicePlatform=ios" "Mozilla/5.0 (iPhone; CPU iPhone OS 11_1_2 like Mac OS X) AppleWebKit/604.3.5 (KHTML, like Gecko) Mobile/15B202 QQ/7.5.8.422 V1_IPH_SQ_7.5.8_1_APP_A Pixel/750 Core/UIWebView Device/Apple(iPhone 6) NetType/4G QBWebViewType/1"
49.90.175.118 - - [18/Apr/2018:18:04:53 +0800] "GET /third_party/jquery-ui-1.11.4/jquery-ui.js HTTP/1.1" 200 470596 "http://merp.yudo.com.cn:8183/?deviceType=mobile&devicePlatform=ios" "Mozilla/5.0 (iPhone; CPU iPhone OS 11_1_2 like Mac OS X) AppleWebKit/604.3.5 (KHTML, like Gecko) Mobile/15B202 QQ/7.5.8.422 V1_IPH_SQ_7.5.8_1_APP_A Pixel/750 Core/UIWebView Device/Apple(iPhone 6) NetType/4G QBWebViewType/1"
49.90.175.118 - - [18/Apr/2018:18:04:53 +0800] "GET /third_party/bootstrap-datetimepicker/js/locales/bootstrap-datetimepicker.ko.js HTTP/1.1" 200 765 "http://merp.yudo.com.cn:8183/?deviceType=mobile&devicePlatform=ios" "Mozilla/5.0 (iPhone; CPU iPhone OS 11_1_2 like Mac OS X) AppleWebKit/604.3.5 (KHTML, like Gecko) Mobile/15B202 QQ/7.5.8.422 V1_IPH_SQ_7.5.8_1_APP_A Pixel/750 Core/UIWebView Device/Apple(iPhone 6) NetType/4G QBWebViewType/1"
49.90.175.118 - - [18/Apr/2018:18:04:53 +0800] "GET /third_party/loading-overlay/waitMe.js HTTP/1.1" 200 8583 "http://merp.yudo.com.cn:8183/?deviceType=mobile&devicePlatform=ios" "Mozilla/5.0 (iPhone; CPU iPhone OS 11_1_2 like Mac OS X) AppleWebKit/604.3.5 (KHTML, like Gecko) Mobile/15B202 QQ/7.5.8.422 V1_IPH_SQ_7.5.8_1_APP_A Pixel/750 Core/UIWebView Device/Apple(iPhone 6) NetType/4G QBWebViewType/1"
49.90.175.118 - - [18/Apr/2018:18:04:53 +0800] "GET /third_party/slideout-1.0.1/slideout.js HTTP/1.1" 200 37980 "http://merp.yudo.com.cn:8183/?deviceType=mobile&devicePlatform=ios" "Mozilla/5.0 (iPhone; CPU iPhone OS 11_1_2 like Mac OS X) AppleWebKit/604.3.5 (KHTML, like Gecko) Mobile/15B202 QQ/7.5.8.422 V1_IPH_SQ_7.5.8_1_APP_A Pixel/750 Core/UIWebView Device/Apple(iPhone 6) NetType/4G QBWebViewType/1"
49.90.175.118 - - [18/Apr/2018:18:04:53 +0800] "GET /third_party/jquery-2.1.4/jquery.js HTTP/1.1" 200 247606 "http://merp.yudo.com.cn:8183/?deviceType=mobile&devicePlatform=ios" "Mozilla/5.0 (iPhone; CPU iPhone OS 11_1_2 like Mac OS X) AppleWebKit/604.3.5 (KHTML, like Gecko) Mobile/15B202 QQ/7.5.8.422 V1_IPH_SQ_7.5.8_1_APP_A Pixel/750 Core/UIWebView Device/Apple(iPhone 6) NetType/4G QBWebViewType/1"
49.90.175.118 - - [18/Apr/2018:18:04:53 +0800] "GET /js/JLAMP.polyfill.min.js HTTP/1.1" 200 361 "http://merp.yudo.com.cn:8183/?deviceType=mobile&devicePlatform=ios" "Mozilla/5.0 (iPhone; CPU iPhone OS 11_1_2 like Mac OS X) AppleWebKit/604.3.5 (KHTML, like Gecko) Mobile/15B202 QQ/7.5.8.422 V1_IPH_SQ_7.5.8_1_APP_A Pixel/750 Core/UIWebView Device/Apple(iPhone 6) NetType/4G QBWebViewType/1"
49.90.175.118 - - [18/Apr/2018:18:04:53 +0800] "GET /js/JLAMP.min.js HTTP/1.1" 200 1461 "http://merp.yudo.com.cn:8183/?deviceType=mobile&devicePlatform=ios" "Mozilla/5.0 (iPhone; CPU iPhone OS 11_1_2 like Mac OS X) AppleWebKit/604.3.5 (KHTML, like Gecko) Mobile/15B202 QQ/7.5.8.422 V1_IPH_SQ_7.5.8_1_APP_A Pixel/750 Core/UIWebView Device/Apple(iPhone 6) NetType/4G QBWebViewType/1"
49.90.175.118 - - [18/Apr/2018:18:04:53 +0800] "GET /js/JLAMP.common.min.js HTTP/1.1" 200 9705 "http://merp.yudo.com.cn:8183/?deviceType=mobile&devicePlatform=ios" "Mozilla/5.0 (iPhone; CPU iPhone OS 11_1_2 like Mac OS X) AppleWebKit/604.3.5 (KHTML, like Gecko) Mobile/15B202 QQ/7.5.8.422 V1_IPH_SQ_7.5.8_1_APP_A Pixel/750 Core/UIWebView Device/Apple(iPhone 6) NetType/4G QBWebViewType/1"
49.90.175.118 - - [18/Apr/2018:18:04:53 +0800] "GET /js/JLAMP.menu.min.js HTTP/1.1" 200 6519 "http://merp.yudo.com.cn:8183/?deviceType=mobile&devicePlatform=ios" "Mozilla/5.0 (iPhone; CPU iPhone OS 11_1_2 like Mac OS X) AppleWebKit/604.3.5 (KHTML, like Gecko) Mobile/15B202 QQ/7.5.8.422 V1_IPH_SQ_7.5.8_1_APP_A Pixel/750 Core/UIWebView Device/Apple(iPhone 6) NetType/4G QBWebViewType/1"
49.90.175.118 - - [18/Apr/2018:18:04:53 +0800] "GET /js/JLAMP.autobinding.min.js HTTP/1.1" 200 8816 "http://merp.yudo.com.cn:8183/?deviceType=mobile&devicePlatform=ios" "Mozilla/5.0 (iPhone; CPU iPhone OS 11_1_2 like Mac OS X) AppleWebKit/604.3.5 (KHTML, like Gecko) Mobile/15B202 QQ/7.5.8.422 V1_IPH_SQ_7.5.8_1_APP_A Pixel/750 Core/UIWebView Device/Apple(iPhone 6) NetType/4G QBWebViewType/1"
49.90.175.118 - - [18/Apr/2018:18:04:53 +0800] "GET /js/JLAMP.modal.min.js HTTP/1.1" 200 16516 "http://merp.yudo.com.cn:8183/?deviceType=mobile&devicePlatform=ios" "Mozilla/5.0 (iPhone; CPU iPhone OS 11_1_2 like Mac OS X) AppleWebKit/604.3.5 (KHTML, like Gecko) Mobile/15B202 QQ/7.5.8.422 V1_IPH_SQ_7.5.8_1_APP_A Pixel/750 Core/UIWebView Device/Apple(iPhone 6) NetType/4G QBWebViewType/1"
49.90.175.118 - - [18/Apr/2018:18:04:53 +0800] "GET /js/session.js HTTP/1.1" 200 638 "http://merp.yudo.com.cn:8183/?deviceType=mobile&devicePlatform=ios" "Mozilla/5.0 (iPhone; CPU iPhone OS 11_1_2 like Mac OS X) AppleWebKit/604.3.5 (KHTML, like Gecko) Mobile/15B202 QQ/7.5.8.422 V1_IPH_SQ_7.5.8_1_APP_A Pixel/750 Core/UIWebView Device/Apple(iPhone 6) NetType/4G QBWebViewType/1"
49.90.175.118 - - [18/Apr/2018:18:04:53 +0800] "GET /js/JLAMP.lang.min.js HTTP/1.1" 200 1750 "http://merp.yudo.com.cn:8183/?deviceType=mobile&devicePlatform=ios" "Mozilla/5.0 (iPhone; CPU iPhone OS 11_1_2 like Mac OS X) AppleWebKit/604.3.5 (KHTML, like Gecko) Mobile/15B202 QQ/7.5.8.422 V1_IPH_SQ_7.5.8_1_APP_A Pixel/750 Core/UIWebView Device/Apple(iPhone 6) NetType/4G QBWebViewType/1"
49.90.175.118 - - [18/Apr/2018:18:04:53 +0800] "GET /js/version.js HTTP/1.1" 200 1044 "http://merp.yudo.com.cn:8183/?deviceType=mobile&devicePlatform=ios" "Mozilla/5.0 (iPhone; CPU iPhone OS 11_1_2 like Mac OS X) AppleWebKit/604.3.5 (KHTML, like Gecko) Mobile/15B202 QQ/7.5.8.422 V1_IPH_SQ_7.5.8_1_APP_A Pixel/750 Core/UIWebView Device/Apple(iPhone 6) NetType/4G QBWebViewType/1"
49.90.175.118 - - [18/Apr/2018:18:04:53 +0800] "GET /js/common.js HTTP/1.1" 200 11633 "http://merp.yudo.com.cn:8183/?deviceType=mobile&devicePlatform=ios" "Mozilla/5.0 (iPhone; CPU iPhone OS 11_1_2 like Mac OS X) AppleWebKit/604.3.5 (KHTML, like Gecko) Mobile/15B202 QQ/7.5.8.422 V1_IPH_SQ_7.5.8_1_APP_A Pixel/750 Core/UIWebView Device/Apple(iPhone 6) NetType/4G QBWebViewType/1"
49.90.175.118 - - [18/Apr/2018:18:04:54 +0800] "GET /js/login.js HTTP/1.1" 200 7593 "http://merp.yudo.com.cn:8183/?deviceType=mobile&devicePlatform=ios" "Mozilla/5.0 (iPhone; CPU iPhone OS 11_1_2 like Mac OS X) AppleWebKit/604.3.5 (KHTML, like Gecko) Mobile/15B202 QQ/7.5.8.422 V1_IPH_SQ_7.5.8_1_APP_A Pixel/750 Core/UIWebView Device/Apple(iPhone 6) NetType/4G QBWebViewType/1"
49.90.175.118 - - [18/Apr/2018:18:04:54 +0800] "GET /js/GNB.js HTTP/1.1" 200 2176 "http://merp.yudo.com.cn:8183/?deviceType=mobile&devicePlatform=ios" "Mozilla/5.0 (iPhone; CPU iPhone OS 11_1_2 like Mac OS X) AppleWebKit/604.3.5 (KHTML, like Gecko) Mobile/15B202 QQ/7.5.8.422 V1_IPH_SQ_7.5.8_1_APP_A Pixel/750 Core/UIWebView Device/Apple(iPhone 6) NetType/4G QBWebViewType/1"
49.90.175.118 - - [18/Apr/2018:18:04:54 +0800] "GET /image/login_logo.png HTTP/1.1" 200 3941 "http://merp.yudo.com.cn:8183/?deviceType=mobile&devicePlatform=ios" "Mozilla/5.0 (iPhone; CPU iPhone OS 11_1_2 like Mac OS X) AppleWebKit/604.3.5 (KHTML, like Gecko) Mobile/15B202 QQ/7.5.8.422 V1_IPH_SQ_7.5.8_1_APP_A Pixel/750 Core/UIWebView Device/Apple(iPhone 6) NetType/4G QBWebViewType/1"
49.90.175.118 - - [18/Apr/2018:18:04:54 +0800] "GET /image/icon_logout.png HTTP/1.1" 200 1682 "http://merp.yudo.com.cn:8183/?deviceType=mobile&devicePlatform=ios" "Mozilla/5.0 (iPhone; CPU iPhone OS 11_1_2 like Mac OS X) AppleWebKit/604.3.5 (KHTML, like Gecko) Mobile/15B202 QQ/7.5.8.422 V1_IPH_SQ_7.5.8_1_APP_A Pixel/750 Core/UIWebView Device/Apple(iPhone 6) NetType/4G QBWebViewType/1"
49.90.175.118 - - [18/Apr/2018:18:04:54 +0800] "GET /third_party/KendoUI/styles/images/kendoui.woff?v=1.1 HTTP/1.1" 200 64184 "http://merp.yudo.com.cn:8183/?deviceType=mobile&devicePlatform=ios" "Mozilla/5.0 (iPhone; CPU iPhone OS 11_1_2 like Mac OS X) AppleWebKit/604.3.5 (KHTML, like Gecko) Mobile/15B202 QQ/7.5.8.422 V1_IPH_SQ_7.5.8_1_APP_A Pixel/750 Core/UIWebView Device/Apple(iPhone 6) NetType/4G QBWebViewType/1"
49.90.175.118 - - [18/Apr/2018:18:04:53 +0800] "GET /third_party/KendoUI/js/kendo.all.min.js HTTP/1.1" 200 3038548 "http://merp.yudo.com.cn:8183/?deviceType=mobile&devicePlatform=ios" "Mozilla/5.0 (iPhone; CPU iPhone OS 11_1_2 like Mac OS X) AppleWebKit/604.3.5 (KHTML, like Gecko) Mobile/15B202 QQ/7.5.8.422 V1_IPH_SQ_7.5.8_1_APP_A Pixel/750 Core/UIWebView Device/Apple(iPhone 6) NetType/4G QBWebViewType/1"
49.90.175.118 - - [18/Apr/2018:18:04:56 +0800] "GET /JLAMPCommon/getCookieJson_prc HTTP/1.1" 200 62 "http://merp.yudo.com.cn:8183/?deviceType=mobile&devicePlatform=ios" "Mozilla/5.0 (iPhone; CPU iPhone OS 11_1_2 like Mac OS X) AppleWebKit/604.3.5 (KHTML, like Gecko) Mobile/15B202 QQ/7.5.8.422 V1_IPH_SQ_7.5.8_1_APP_A Pixel/750 Core/UIWebView Device/Apple(iPhone 6) NetType/4G QBWebViewType/1"
49.90.175.118 - - [18/Apr/2018:18:04:56 +0800] "GET /third_party/KendoUI/styles/fonts/glyphs/WebComponentsIcons.ttf?gedxeo HTTP/1.1" 200 96108 "http://merp.yudo.com.cn:8183/?deviceType=mobile&devicePlatform=ios" "Mozilla/5.0 (iPhone; CPU iPhone OS 11_1_2 like Mac OS X) AppleWebKit/604.3.5 (KHTML, like Gecko) Mobile/15B202 QQ/7.5.8.422 V1_IPH_SQ_7.5.8_1_APP_A Pixel/750 Core/UIWebView Device/Apple(iPhone 6) NetType/4G QBWebViewType/1"
::1 - - [18/Apr/2018:18:04:58 +0800] "OPTIONS * HTTP/1.0" 200 - "-" "Apache/2.4.6 (CentOS) PHP/5.6.32 (internal dummy connection)"
61.151.178.180 - - [18/Apr/2018:18:06:37 +0800] "GET /WEI_2000/WEI_2000?formKey=M20180416T095901230&menuSelection=sm HTTP/1.1" 200 18039 "-" "Mozilla/5.0 (iPhone 6; CPU iPhone OS 10_3_3 like Mac OS X) AppleWebKit/603.3.8 (KHTML, like Gecko) Version/10.0 MQQBrowser/7.8.0 Mobile/14G60 Safari/8536.25 MttCustomUA/2 QBWebViewType/1 WKType/1"
61.151.178.180 - - [18/Apr/2018:18:06:38 +0800] "GET /third_party/loading-overlay/waitMe.css HTTP/1.1" 200 14541 "http://merp.yudo.com.cn:8183/WEI_2000/WEI_2000?formKey=M20180416T095901230&menuSelection=sm" "Mozilla/5.0 (iPhone 6; CPU iPhone OS 10_3_3 like Mac OS X) AppleWebKit/603.3.8 (KHTML, like Gecko) Version/10.0 MQQBrowser/7.8.0 Mobile/14G60 Safari/8536.25 MttCustomUA/2 QBWebViewType/1 WKType/1"
61.151.178.180 - - [18/Apr/2018:18:06:38 +0800] "GET /third_party/bootstrap-datetimepicker/css/bootstrap-datetimepicker.css HTTP/1.1" 200 12289 "http://merp.yudo.com.cn:8183/WEI_2000/WEI_2000?formKey=M20180416T095901230&menuSelection=sm" "Mozilla/5.0 (iPhone 6; CPU iPhone OS 10_3_3 like Mac OS X) AppleWebKit/603.3.8 (KHTML, like Gecko) Version/10.0 MQQBrowser/7.8.0 Mobile/14G60 Safari/8536.25 MttCustomUA/2 QBWebViewType/1 WKType/1"
61.151.178.180 - - [18/Apr/2018:18:06:38 +0800] "GET /css/bootstrap_modify.css HTTP/1.1" 200 265 "http://merp.yudo.com.cn:8183/WEI_2000/WEI_2000?formKey=M20180416T095901230&menuSelection=sm" "Mozilla/5.0 (iPhone 6; CPU iPhone OS 10_3_3 like Mac OS X) AppleWebKit/603.3.8 (KHTML, like Gecko) Version/10.0 MQQBrowser/7.8.0 Mobile/14G60 Safari/8536.25 MttCustomUA/2 QBWebViewType/1 WKType/1"
58.247.212.98 - - [18/Apr/2018:18:06:38 +0800] "GET /third_party/bootstrap-3.3.5/css/bootstrap-theme.css HTTP/1.1" 200 26132 "http://merp.yudo.com.cn:8183/WEI_2000/WEI_2000?formKey=M20180416T095901230&menuSelection=sm" "Mozilla/5.0 (iPhone 6; CPU iPhone OS 10_3_3 like Mac OS X) AppleWebKit/603.3.8 (KHTML, like Gecko) Version/10.0 MQQBrowser/7.8.0 Mobile/14G60 Safari/8536.25 MttCustomUA/2 QBWebViewType/1 WKType/1"
61.151.178.180 - - [18/Apr/2018:18:06:38 +0800] "GET /third_party/slideout-1.0.1/index.css HTTP/1.1" 200 491 "http://merp.yudo.com.cn:8183/WEI_2000/WEI_2000?formKey=M20180416T095901230&menuSelection=sm" "Mozilla/5.0 (iPhone 6; CPU iPhone OS 10_3_3 like Mac OS X) AppleWebKit/603.3.8 (KHTML, like Gecko) Version/10.0 MQQBrowser/7.8.0 Mobile/14G60 Safari/8536.25 MttCustomUA/2 QBWebViewType/1 WKType/1"
61.151.178.180 - - [18/Apr/2018:18:06:38 +0800] "GET /third_party/bootstrap-3.3.5/css/bootstrap.css HTTP/1.1" 200 147430 "http://merp.yudo.com.cn:8183/WEI_2000/WEI_2000?formKey=M20180416T095901230&menuSelection=sm" "Mozilla/5.0 (iPhone 6; CPU iPhone OS 10_3_3 like Mac OS X) AppleWebKit/603.3.8 (KHTML, like Gecko) Version/10.0 MQQBrowser/7.8.0 Mobile/14G60 Safari/8536.25 MttCustomUA/2 QBWebViewType/1 WKType/1"
58.247.212.98 - - [18/Apr/2018:18:06:38 +0800] "GET /third_party/KendoUI/styles/kendo.common.min.css HTTP/1.1" 200 231115 "http://merp.yudo.com.cn:8183/WEI_2000/WEI_2000?formKey=M20180416T095901230&menuSelection=sm" "Mozilla/5.0 (iPhone 6; CPU iPhone OS 10_3_3 like Mac OS X) AppleWebKit/603.3.8 (KHTML, like Gecko) Version/10.0 MQQBrowser/7.8.0 Mobile/14G60 Safari/8536.25 MttCustomUA/2 QBWebViewType/1 WKType/1"
61.151.178.180 - - [18/Apr/2018:18:06:38 +0800] "GET /third_party/KendoUI/styles/kendo.bootstrap.mobile.min.css HTTP/1.1" 200 112483 "http://merp.yudo.com.cn:8183/WEI_2000/WEI_2000?formKey=M20180416T095901230&menuSelection=sm" "Mozilla/5.0 (iPhone 6; CPU iPhone OS 10_3_3 like Mac OS X) AppleWebKit/603.3.8 (KHTML, like Gecko) Version/10.0 MQQBrowser/7.8.0 Mobile/14G60 Safari/8536.25 MttCustomUA/2 QBWebViewType/1 WKType/1"
58.247.212.98 - - [18/Apr/2018:18:06:38 +0800] "GET /css/slide_menu.css HTTP/1.1" 200 2705 "http://merp.yudo.com.cn:8183/WEI_2000/WEI_2000?formKey=M20180416T095901230&menuSelection=sm" "Mozilla/5.0 (iPhone 6; CPU iPhone OS 10_3_3 like Mac OS X) AppleWebKit/603.3.8 (KHTML, like Gecko) Version/10.0 MQQBrowser/7.8.0 Mobile/14G60 Safari/8536.25 MttCustomUA/2 QBWebViewType/1 WKType/1"
61.151.178.180 - - [18/Apr/2018:18:06:38 +0800] "GET /third_party/KendoUI/styles/kendo.bootstrap.min.css HTTP/1.1" 200 83074 "http://merp.yudo.com.cn:8183/WEI_2000/WEI_2000?formKey=M20180416T095901230&menuSelection=sm" "Mozilla/5.0 (iPhone 6; CPU iPhone OS 10_3_3 like Mac OS X) AppleWebKit/603.3.8 (KHTML, like Gecko) Version/10.0 MQQBrowser/7.8.0 Mobile/14G60 Safari/8536.25 MttCustomUA/2 QBWebViewType/1 WKType/1"
58.247.212.98 - - [18/Apr/2018:18:06:38 +0800] "GET /css/JLAMP.modal.min.css HTTP/1.1" 200 920 "http://merp.yudo.com.cn:8183/WEI_2000/WEI_2000?formKey=M20180416T095901230&menuSelection=sm" "Mozilla/5.0 (iPhone 6; CPU iPhone OS 10_3_3 like Mac OS X) AppleWebKit/603.3.8 (KHTML, like Gecko) Version/10.0 MQQBrowser/7.8.0 Mobile/14G60 Safari/8536.25 MttCustomUA/2 QBWebViewType/1 WKType/1"
58.247.212.98 - - [18/Apr/2018:18:06:38 +0800] "GET /css/JLAMP.common.min.css HTTP/1.1" 200 - "http://merp.yudo.com.cn:8183/WEI_2000/WEI_2000?formKey=M20180416T095901230&menuSelection=sm" "Mozilla/5.0 (iPhone 6; CPU iPhone OS 10_3_3 like Mac OS X) AppleWebKit/603.3.8 (KHTML, like Gecko) Version/10.0 MQQBrowser/7.8.0 Mobile/14G60 Safari/8536.25 MttCustomUA/2 QBWebViewType/1 WKType/1"
61.151.178.180 - - [18/Apr/2018:18:06:38 +0800] "GET /css/WEI_2000/animate.min.css HTTP/1.1" 200 52799 "http://merp.yudo.com.cn:8183/WEI_2000/WEI_2000?formKey=M20180416T095901230&menuSelection=sm" "Mozilla/5.0 (iPhone 6; CPU iPhone OS 10_3_3 like Mac OS X) AppleWebKit/603.3.8 (KHTML, like Gecko) Version/10.0 MQQBrowser/7.8.0 Mobile/14G60 Safari/8536.25 MttCustomUA/2 QBWebViewType/1 WKType/1"
58.247.212.98 - - [18/Apr/2018:18:06:38 +0800] "GET /css/common.css HTTP/1.1" 200 10900 "http://merp.yudo.com.cn:8183/WEI_2000/WEI_2000?formKey=M20180416T095901230&menuSelection=sm" "Mozilla/5.0 (iPhone 6; CPU iPhone OS 10_3_3 like Mac OS X) AppleWebKit/603.3.8 (KHTML, like Gecko) Version/10.0 MQQBrowser/7.8.0 Mobile/14G60 Safari/8536.25 MttCustomUA/2 QBWebViewType/1 WKType/1"
58.247.212.98 - - [18/Apr/2018:18:06:38 +0800] "GET /css/WEI_2000/WEI_2000_Lists.css HTTP/1.1" 200 620 "http://merp.yudo.com.cn:8183/WEI_2000/WEI_2000?formKey=M20180416T095901230&menuSelection=sm" "Mozilla/5.0 (iPhone 6; CPU iPhone OS 10_3_3 like Mac OS X) AppleWebKit/603.3.8 (KHTML, like Gecko) Version/10.0 MQQBrowser/7.8.0 Mobile/14G60 Safari/8536.25 MttCustomUA/2 QBWebViewType/1 WKType/1"
58.247.212.98 - - [18/Apr/2018:18:06:38 +0800] "GET /css/JLAMP.autobinding.min.css HTTP/1.1" 200 852 "http://merp.yudo.com.cn:8183/WEI_2000/WEI_2000?formKey=M20180416T095901230&menuSelection=sm" "Mozilla/5.0 (iPhone 6; CPU iPhone OS 10_3_3 like Mac OS X) AppleWebKit/603.3.8 (KHTML, like Gecko) Version/10.0 MQQBrowser/7.8.0 Mobile/14G60 Safari/8536.25 MttCustomUA/2 QBWebViewType/1 WKType/1"
61.151.178.180 - - [18/Apr/2018:18:06:38 +0800] "GET /third_party/slideout-1.0.1/slideout.js HTTP/1.1" 200 37980 "http://merp.yudo.com.cn:8183/WEI_2000/WEI_2000?formKey=M20180416T095901230&menuSelection=sm" "Mozilla/5.0 (iPhone 6; CPU iPhone OS 10_3_3 like Mac OS X) AppleWebKit/603.3.8 (KHTML, like Gecko) Version/10.0 MQQBrowser/7.8.0 Mobile/14G60 Safari/8536.25 MttCustomUA/2 QBWebViewType/1 WKType/1"
61.151.178.180 - - [18/Apr/2018:18:06:38 +0800] "GET /js/JLAMP.common.min.js HTTP/1.1" 200 9705 "http://merp.yudo.com.cn:8183/WEI_2000/WEI_2000?formKey=M20180416T095901230&menuSelection=sm" "Mozilla/5.0 (iPhone 6; CPU iPhone OS 10_3_3 like Mac OS X) AppleWebKit/603.3.8 (KHTML, like Gecko) Version/10.0 MQQBrowser/7.8.0 Mobile/14G60 Safari/8536.25 MttCustomUA/2 QBWebViewType/1 WKType/1"
61.151.178.180 - - [18/Apr/2018:18:06:38 +0800] "GET /js/JLAMP.menu.min.js HTTP/1.1" 200 6519 "http://merp.yudo.com.cn:8183/WEI_2000/WEI_2000?formKey=M20180416T095901230&menuSelection=sm" "Mozilla/5.0 (iPhone 6; CPU iPhone OS 10_3_3 like Mac OS X) AppleWebKit/603.3.8 (KHTML, like Gecko) Version/10.0 MQQBrowser/7.8.0 Mobile/14G60 Safari/8536.25 MttCustomUA/2 QBWebViewType/1 WKType/1"
61.151.178.180 - - [18/Apr/2018:18:06:38 +0800] "GET /third_party/bootstrap-3.3.5/js/bootstrap.min.js HTTP/1.1" 200 36816 "http://merp.yudo.com.cn:8183/WEI_2000/WEI_2000?formKey=M20180416T095901230&menuSelection=sm" "Mozilla/5.0 (iPhone 6; CPU iPhone OS 10_3_3 like Mac OS X) AppleWebKit/603.3.8 (KHTML, like Gecko) Version/10.0 MQQBrowser/7.8.0 Mobile/14G60 Safari/8536.25 MttCustomUA/2 QBWebViewType/1 WKType/1"
61.151.178.180 - - [18/Apr/2018:18:06:38 +0800] "GET /js/JLAMP.polyfill.min.js HTTP/1.1" 200 361 "http://merp.yudo.com.cn:8183/WEI_2000/WEI_2000?formKey=M20180416T095901230&menuSelection=sm" "Mozilla/5.0 (iPhone 6; CPU iPhone OS 10_3_3 like Mac OS X) AppleWebKit/603.3.8 (KHTML, like Gecko) Version/10.0 MQQBrowser/7.8.0 Mobile/14G60 Safari/8536.25 MttCustomUA/2 QBWebViewType/1 WKType/1"
61.151.178.180 - - [18/Apr/2018:18:06:38 +0800] "GET /js/JLAMP.lang.min.js HTTP/1.1" 200 1750 "http://merp.yudo.com.cn:8183/WEI_2000/WEI_2000?formKey=M20180416T095901230&menuSelection=sm" "Mozilla/5.0 (iPhone 6; CPU iPhone OS 10_3_3 like Mac OS X) AppleWebKit/603.3.8 (KHTML, like Gecko) Version/10.0 MQQBrowser/7.8.0 Mobile/14G60 Safari/8536.25 MttCustomUA/2 QBWebViewType/1 WKType/1"
58.247.212.98 - - [18/Apr/2018:18:06:38 +0800] "GET /third_party/bootstrap-datetimepicker/js/locales/bootstrap-datetimepicker.zh-CN.js HTTP/1.1" 200 813 "http://merp.yudo.com.cn:8183/WEI_2000/WEI_2000?formKey=M20180416T095901230&menuSelection=sm" "Mozilla/5.0 (iPhone 6; CPU iPhone OS 10_3_3 like Mac OS X) AppleWebKit/603.3.8 (KHTML, like Gecko) Version/10.0 MQQBrowser/7.8.0 Mobile/14G60 Safari/8536.25 MttCustomUA/2 QBWebViewType/1 WKType/1"
61.151.178.180 - - [18/Apr/2018:18:06:38 +0800] "GET /third_party/bootstrap-datetimepicker/js/bootstrap-datetimepicker.js HTTP/1.1" 200 67526 "http://merp.yudo.com.cn:8183/WEI_2000/WEI_2000?formKey=M20180416T095901230&menuSelection=sm" "Mozilla/5.0 (iPhone 6; CPU iPhone OS 10_3_3 like Mac OS X) AppleWebKit/603.3.8 (KHTML, like Gecko) Version/10.0 MQQBrowser/7.8.0 Mobile/14G60 Safari/8536.25 MttCustomUA/2 QBWebViewType/1 WKType/1"
61.151.178.180 - - [18/Apr/2018:18:06:38 +0800] "GET /js/JLAMP.min.js HTTP/1.1" 200 1461 "http://merp.yudo.com.cn:8183/WEI_2000/WEI_2000?formKey=M20180416T095901230&menuSelection=sm" "Mozilla/5.0 (iPhone 6; CPU iPhone OS 10_3_3 like Mac OS X) AppleWebKit/603.3.8 (KHTML, like Gecko) Version/10.0 MQQBrowser/7.8.0 Mobile/14G60 Safari/8536.25 MttCustomUA/2 QBWebViewType/1 WKType/1"
58.247.212.98 - - [18/Apr/2018:18:06:38 +0800] "GET /third_party/loading-overlay/waitMe.js HTTP/1.1" 200 8583 "http://merp.yudo.com.cn:8183/WEI_2000/WEI_2000?formKey=M20180416T095901230&menuSelection=sm" "Mozilla/5.0 (iPhone 6; CPU iPhone OS 10_3_3 like Mac OS X) AppleWebKit/603.3.8 (KHTML, like Gecko) Version/10.0 MQQBrowser/7.8.0 Mobile/14G60 Safari/8536.25 MttCustomUA/2 QBWebViewType/1 WKType/1"
58.247.212.98 - - [18/Apr/2018:18:06:38 +0800] "GET /third_party/jquery-2.1.4/jquery.js HTTP/1.1" 200 247606 "http://merp.yudo.com.cn:8183/WEI_2000/WEI_2000?formKey=M20180416T095901230&menuSelection=sm" "Mozilla/5.0 (iPhone 6; CPU iPhone OS 10_3_3 like Mac OS X) AppleWebKit/603.3.8 (KHTML, like Gecko) Version/10.0 MQQBrowser/7.8.0 Mobile/14G60 Safari/8536.25 MttCustomUA/2 QBWebViewType/1 WKType/1"
61.151.178.180 - - [18/Apr/2018:18:06:38 +0800] "GET /js/common.js HTTP/1.1" 200 11633 "http://merp.yudo.com.cn:8183/WEI_2000/WEI_2000?formKey=M20180416T095901230&menuSelection=sm" "Mozilla/5.0 (iPhone 6; CPU iPhone OS 10_3_3 like Mac OS X) AppleWebKit/603.3.8 (KHTML, like Gecko) Version/10.0 MQQBrowser/7.8.0 Mobile/14G60 Safari/8536.25 MttCustomUA/2 QBWebViewType/1 WKType/1"
61.151.178.180 - - [18/Apr/2018:18:06:38 +0800] "GET /js/session.js HTTP/1.1" 200 638 "http://merp.yudo.com.cn:8183/WEI_2000/WEI_2000?formKey=M20180416T095901230&menuSelection=sm" "Mozilla/5.0 (iPhone 6; CPU iPhone OS 10_3_3 like Mac OS X) AppleWebKit/603.3.8 (KHTML, like Gecko) Version/10.0 MQQBrowser/7.8.0 Mobile/14G60 Safari/8536.25 MttCustomUA/2 QBWebViewType/1 WKType/1"
61.151.178.180 - - [18/Apr/2018:18:06:38 +0800] "GET /third_party/KendoUI/js/kendo.all.min.js HTTP/1.1" 200 3038548 "http://merp.yudo.com.cn:8183/WEI_2000/WEI_2000?formKey=M20180416T095901230&menuSelection=sm" "Mozilla/5.0 (iPhone 6; CPU iPhone OS 10_3_3 like Mac OS X) AppleWebKit/603.3.8 (KHTML, like Gecko) Version/10.0 MQQBrowser/7.8.0 Mobile/14G60 Safari/8536.25 MttCustomUA/2 QBWebViewType/1 WKType/1"
61.151.178.180 - - [18/Apr/2018:18:06:38 +0800] "GET /js/version.js HTTP/1.1" 200 1044 "http://merp.yudo.com.cn:8183/WEI_2000/WEI_2000?formKey=M20180416T095901230&menuSelection=sm" "Mozilla/5.0 (iPhone 6; CPU iPhone OS 10_3_3 like Mac OS X) AppleWebKit/603.3.8 (KHTML, like Gecko) Version/10.0 MQQBrowser/7.8.0 Mobile/14G60 Safari/8536.25 MttCustomUA/2 QBWebViewType/1 WKType/1"
61.151.178.180 - - [18/Apr/2018:18:06:38 +0800] "GET /js/JLAMP.modal.min.js HTTP/1.1" 200 16516 "http://merp.yudo.com.cn:8183/WEI_2000/WEI_2000?formKey=M20180416T095901230&menuSelection=sm" "Mozilla/5.0 (iPhone 6; CPU iPhone OS 10_3_3 like Mac OS X) AppleWebKit/603.3.8 (KHTML, like Gecko) Version/10.0 MQQBrowser/7.8.0 Mobile/14G60 Safari/8536.25 MttCustomUA/2 QBWebViewType/1 WKType/1"
58.247.212.98 - - [18/Apr/2018:18:06:38 +0800] "GET /js/JLAMP.autobinding.min.js HTTP/1.1" 200 8816 "http://merp.yudo.com.cn:8183/WEI_2000/WEI_2000?formKey=M20180416T095901230&menuSelection=sm" "Mozilla/5.0 (iPhone 6; CPU iPhone OS 10_3_3 like Mac OS X) AppleWebKit/603.3.8 (KHTML, like Gecko) Version/10.0 MQQBrowser/7.8.0 Mobile/14G60 Safari/8536.25 MttCustomUA/2 QBWebViewType/1 WKType/1"
