192.168.253.2 - - [27/Jul/2018:14:40:55 +0800] "GET /js/WEI_2000/mui.zoom.js?v=201804231454 HTTP/1.1" 304 - "http://merp.yudo.com.cn:8183/WEI_2100/WEI_2100?formKey=M20180727T143731323&menuSelection=asm" "Mozilla/5.0 (iPhone; CPU iPhone OS 11_0 like Mac OS X) AppleWebKit/604.1.38 (KHTML, like Gecko) Mobile/15A372JLAMPMode:iPhone"
192.168.253.2 - - [27/Jul/2018:14:40:55 +0800] "GET /js/WEI_2100/WEI_2100_Lists.js?v=3091 HTTP/1.1" 200 127602 "http://merp.yudo.com.cn:8183/WEI_2100/WEI_2100?formKey=M20180727T143731323&menuSelection=asm" "Mozilla/5.0 (iPhone; CPU iPhone OS 11_0 like Mac OS X) AppleWebKit/604.1.38 (KHTML, like Gecko) Mobile/15A372JLAMPMode:iPhone"
192.168.253.2 - - [27/Jul/2018:14:40:55 +0800] "GET /image/qrcode.png HTTP/1.1" 304 - "http://merp.yudo.com.cn:8183/WEI_2100/WEI_2100?formKey=M20180727T143731323&menuSelection=asm" "Mozilla/5.0 (iPhone; CPU iPhone OS 11_0 like Mac OS X) AppleWebKit/604.1.38 (KHTML, like Gecko) Mobile/15A372JLAMPMode:iPhone"
192.168.253.2 - - [27/Jul/2018:14:40:55 +0800] "GET /js/WEI_2100/vue/vue.js HTTP/1.1" 200 289303 "http://merp.yudo.com.cn:8183/WEI_2100/WEI_2100?formKey=M20180727T143731323&menuSelection=asm" "Mozilla/5.0 (iPhone; CPU iPhone OS 11_0 like Mac OS X) AppleWebKit/604.1.38 (KHTML, like Gecko) Mobile/15A372JLAMPMode:iPhone"
192.168.253.2 - - [27/Jul/2018:14:40:55 +0800] "GET /js/WEI_2100/layui.all.js HTTP/1.1" 200 228080 "http://merp.yudo.com.cn:8183/WEI_2100/WEI_2100?formKey=M20180727T143731323&menuSelection=asm" "Mozilla/5.0 (iPhone; CPU iPhone OS 11_0 like Mac OS X) AppleWebKit/604.1.38 (KHTML, like Gecko) Mobile/15A372JLAMPMode:iPhone"
192.168.253.2 - - [27/Jul/2018:14:40:55 +0800] "GET /js/WEI_2100/css/modules/laydate/default/laydate.css?v=5.0.9 HTTP/1.1" 200 7541 "http://merp.yudo.com.cn:8183/WEI_2100/WEI_2100?formKey=M20180727T143731323&menuSelection=asm" "Mozilla/5.0 (iPhone; CPU iPhone OS 11_0 like Mac OS X) AppleWebKit/604.1.38 (KHTML, like Gecko) Mobile/15A372JLAMPMode:iPhone"
192.168.253.2 - - [27/Jul/2018:14:40:55 +0800] "GET /js/WEI_2100/css/modules/layer/default/layer.css?v=3.1.1 HTTP/1.1" 200 14429 "http://merp.yudo.com.cn:8183/WEI_2100/WEI_2100?formKey=M20180727T143731323&menuSelection=asm" "Mozilla/5.0 (iPhone; CPU iPhone OS 11_0 like Mac OS X) AppleWebKit/604.1.38 (KHTML, like Gecko) Mobile/15A372JLAMPMode:iPhone"
192.168.253.2 - - [27/Jul/2018:14:40:55 +0800] "GET /js/WEI_2100/css/modules/code.css HTTP/1.1" 200 1067 "http://merp.yudo.com.cn:8183/WEI_2100/WEI_2100?formKey=M20180727T143731323&menuSelection=asm" "Mozilla/5.0 (iPhone; CPU iPhone OS 11_0 like Mac OS X) AppleWebKit/604.1.38 (KHTML, like Gecko) Mobile/15A372JLAMPMode:iPhone"
192.168.253.2 - - [27/Jul/2018:14:41:00 +0800] "POST /JLAMPCommon/langBatchRows_prc HTTP/1.1" 200 12695 "http://merp.yudo.com.cn:8183/WEI_2100/WEI_2100?formKey=M20180727T143731323&menuSelection=asm" "Mozilla/5.0 (iPhone; CPU iPhone OS 11_0 like Mac OS X) AppleWebKit/604.1.38 (KHTML, like Gecko) Mobile/15A372JLAMPMode:iPhone"
::1 - - [27/Jul/2018:14:41:00 +0800] "OPTIONS * HTTP/1.0" 200 - "-" "Apache/2.4.6 (CentOS) PHP/5.6.32 (internal dummy connection)"
192.168.253.2 - - [27/Jul/2018:14:41:00 +0800] "POST /JLAMPCommon/langBatchRows_prc HTTP/1.1" 200 13022 "http://merp.yudo.com.cn:8183/WEI_2100/WEI_2100?formKey=M20180727T143731323&menuSelection=asm" "Mozilla/5.0 (iPhone; CPU iPhone OS 11_0 like Mac OS X) AppleWebKit/604.1.38 (KHTML, like Gecko) Mobile/15A372JLAMPMode:iPhone"
192.168.253.2 - - [27/Jul/2018:14:41:00 +0800] "GET /JLAMPCommon/getCookieJson_prc HTTP/1.1" 200 840 "http://merp.yudo.com.cn:8183/WEI_2100/WEI_2100?formKey=M20180727T143731323&menuSelection=asm" "Mozilla/5.0 (iPhone; CPU iPhone OS 11_0 like Mac OS X) AppleWebKit/604.1.38 (KHTML, like Gecko) Mobile/15A372JLAMPMode:iPhone"
::1 - - [27/Jul/2018:14:41:01 +0800] "OPTIONS * HTTP/1.0" 200 - "-" "Apache/2.4.6 (CentOS) PHP/5.6.32 (internal dummy connection)"
::1 - - [27/Jul/2018:14:41:02 +0800] "OPTIONS * HTTP/1.0" 200 - "-" "Apache/2.4.6 (CentOS) PHP/5.6.32 (internal dummy connection)"
::1 - - [27/Jul/2018:14:41:06 +0800] "OPTIONS * HTTP/1.0" 200 - "-" "Apache/2.4.6 (CentOS) PHP/5.6.32 (internal dummy connection)"
::1 - - [27/Jul/2018:14:41:07 +0800] "OPTIONS * HTTP/1.0" 200 - "-" "Apache/2.4.6 (CentOS) PHP/5.6.32 (internal dummy connection)"
192.168.253.2 - - [27/Jul/2018:14:41:09 +0800] "GET /js/WEI_2100/css/modules/layer/default/loading-2.gif HTTP/1.1" 200 1787 "http://merp.yudo.com.cn:8183/WEI_2100/WEI_2100?formKey=M20180727T143731323&menuSelection=asm" "Mozilla/5.0 (iPhone; CPU iPhone OS 11_0 like Mac OS X) AppleWebKit/604.1.38 (KHTML, like Gecko) Mobile/15A372JLAMPMode:iPhone"
192.168.253.2 - - [27/Jul/2018:14:41:09 +0800] "GET /WEI_2100/login_user HTTP/1.1" 200 150 "http://merp.yudo.com.cn:8183/WEI_2100/WEI_2100?formKey=M20180727T143731323&menuSelection=asm" "Mozilla/5.0 (iPhone; CPU iPhone OS 11_0 like Mac OS X) AppleWebKit/604.1.38 (KHTML, like Gecko) Mobile/15A372JLAMPMode:iPhone"
192.168.253.2 - - [27/Jul/2018:14:41:09 +0800] "GET /WEI_2100/systemclass_big_prc?bigsysid=asclass1 HTTP/1.1" 200 475 "http://merp.yudo.com.cn:8183/WEI_2100/WEI_2100?formKey=M20180727T143731323&menuSelection=asm" "Mozilla/5.0 (iPhone; CPU iPhone OS 11_0 like Mac OS X) AppleWebKit/604.1.38 (KHTML, like Gecko) Mobile/15A372JLAMPMode:iPhone"
192.168.253.2 - - [27/Jul/2018:14:41:09 +0800] "GET /WEI_2100/systemclass_big_prc?bigsysid=startpoint HTTP/1.1" 200 317 "http://merp.yudo.com.cn:8183/WEI_2100/WEI_2100?formKey=M20180727T143731323&menuSelection=asm" "Mozilla/5.0 (iPhone; CPU iPhone OS 11_0 like Mac OS X) AppleWebKit/604.1.38 (KHTML, like Gecko) Mobile/15A372JLAMPMode:iPhone"
192.168.253.2 - - [27/Jul/2018:14:41:09 +0800] "GET /WEI_2100/systemclass_big_prc?bigsysid=area HTTP/1.1" 200 751 "http://merp.yudo.com.cn:8183/WEI_2100/WEI_2100?formKey=M20180727T143731323&menuSelection=asm" "Mozilla/5.0 (iPhone; CPU iPhone OS 11_0 like Mac OS X) AppleWebKit/604.1.38 (KHTML, like Gecko) Mobile/15A372JLAMPMode:iPhone"
192.168.253.2 - - [27/Jul/2018:14:41:09 +0800] "GET /WEI_2100/systemclass_big_prc?bigsysid=asbadtype HTTP/1.1" 200 152 "http://merp.yudo.com.cn:8183/WEI_2100/WEI_2100?formKey=M20180727T143731323&menuSelection=asm" "Mozilla/5.0 (iPhone; CPU iPhone OS 11_0 like Mac OS X) AppleWebKit/604.1.38 (KHTML, like Gecko) Mobile/15A372JLAMPMode:iPhone"
192.168.253.2 - - [27/Jul/2018:14:41:09 +0800] "GET /WEI_2100/systemclass_big_prc?bigsysid=ascause HTTP/1.1" 200 209 "http://merp.yudo.com.cn:8183/WEI_2100/WEI_2100?formKey=M20180727T143731323&menuSelection=asm" "Mozilla/5.0 (iPhone; CPU iPhone OS 11_0 like Mac OS X) AppleWebKit/604.1.38 (KHTML, like Gecko) Mobile/15A372JLAMPMode:iPhone"
192.168.253.2 - - [27/Jul/2018:14:41:11 +0800] "GET /js/WEI_2100/font/iconfont.svg?v=230-rc1 HTTP/1.1" 200 273664 "http://merp.yudo.com.cn:8183/WEI_2100/WEI_2100?formKey=M20180727T143731323&menuSelection=asm" "Mozilla/5.0 (iPhone; CPU iPhone OS 11_0 like Mac OS X) AppleWebKit/604.1.38 (KHTML, like Gecko) Mobile/15A372JLAMPMode:iPhone"
192.168.253.2 - - [27/Jul/2018:14:41:11 +0800] "GET /css/fonts/mui.ttf HTTP/1.1" 304 - "http://merp.yudo.com.cn:8183/Menu/Menu?formKey=M20180727T143731323" "Mozilla/5.0 (iPhone; CPU iPhone OS 11_0 like Mac OS X) AppleWebKit/604.1.38 (KHTML, like Gecko) Mobile/15A372JLAMPMode:iPhone"
223.104.145.143 - - [27/Jul/2018:14:41:11 +0800] "GET /?deviceType=mobile&devicePlatform=android HTTP/1.1" 302 149 "-" "Mozilla/5.0 (Linux; Android 8.1.0; COL-AL10 Build/HUAWEICOL-AL10; wv) AppleWebKit/537.36 (KHTML, like Gecko) Version/4.0 Chrome/65.0.3325.109 Mobile Safari/537.36"
192.168.253.2 - - [27/Jul/2018:14:41:11 +0800] "GET /js/WEI_2100/font/iconfont.woff?v=230-rc1 HTTP/1.1" 200 25996 "http://merp.yudo.com.cn:8183/WEI_2100/WEI_2100?formKey=M20180727T143731323&menuSelection=asm" "Mozilla/5.0 (iPhone; CPU iPhone OS 11_0 like Mac OS X) AppleWebKit/604.1.38 (KHTML, like Gecko) Mobile/15A372JLAMPMode:iPhone"
223.104.145.143 - - [27/Jul/2018:14:41:11 +0800] "GET /Menu/Menu?formKey=M20180727T143754517 HTTP/1.1" 200 6094 "-" "Mozilla/5.0 (Linux; Android 8.1.0; COL-AL10 Build/HUAWEICOL-AL10; wv) AppleWebKit/537.36 (KHTML, like Gecko) Version/4.0 Chrome/65.0.3325.109 Mobile Safari/537.36"
192.168.253.2 - - [27/Jul/2018:14:41:09 +0800] "GET /WEI_2100/systemclass_big_prc?bigsysid=markets HTTP/1.1" 200 512 "http://merp.yudo.com.cn:8183/WEI_2100/WEI_2100?formKey=M20180727T143731323&menuSelection=asm" "Mozilla/5.0 (iPhone; CPU iPhone OS 11_0 like Mac OS X) AppleWebKit/604.1.38 (KHTML, like Gecko) Mobile/15A372JLAMPMode:iPhone"
223.104.145.143 - - [27/Jul/2018:14:41:11 +0800] "POST /JLAMPCommon/langBatchRows_prc HTTP/1.1" 200 595 "http://merp.yudo.com.cn:8183/Menu/Menu?formKey=M20180727T143754517" "Mozilla/5.0 (Linux; Android 8.1.0; COL-AL10 Build/HUAWEICOL-AL10; wv) AppleWebKit/537.36 (KHTML, like Gecko) Version/4.0 Chrome/65.0.3325.109 Mobile Safari/537.36"
223.104.145.143 - - [27/Jul/2018:14:41:12 +0800] "GET /JLAMPCommon/getCookieJson_prc HTTP/1.1" 200 840 "http://merp.yudo.com.cn:8183/Menu/Menu?formKey=M20180727T143754517" "Mozilla/5.0 (Linux; Android 8.1.0; COL-AL10 Build/HUAWEICOL-AL10; wv) AppleWebKit/537.36 (KHTML, like Gecko) Version/4.0 Chrome/65.0.3325.109 Mobile Safari/537.36"
192.168.253.2 - - [27/Jul/2018:14:41:09 +0800] "GET /WEI_2100/systemclass_big_prc?bigsysid=supplyscope HTTP/1.1" 200 302 "http://merp.yudo.com.cn:8183/WEI_2100/WEI_2100?formKey=M20180727T143731323&menuSelection=asm" "Mozilla/5.0 (iPhone; CPU iPhone OS 11_0 like Mac OS X) AppleWebKit/604.1.38 (KHTML, like Gecko) Mobile/15A372JLAMPMode:iPhone"
223.104.145.143 - - [27/Jul/2018:14:41:12 +0800] "GET /Menu/doMenuRows_prc?formKey=M20180727T143754517 HTTP/1.1" 200 1622 "http://merp.yudo.com.cn:8183/Menu/Menu?formKey=M20180727T143754517" "Mozilla/5.0 (Linux; Android 8.1.0; COL-AL10 Build/HUAWEICOL-AL10; wv) AppleWebKit/537.36 (KHTML, like Gecko) Version/4.0 Chrome/65.0.3325.109 Mobile Safari/537.36"
223.104.145.143 - - [27/Jul/2018:14:41:12 +0800] "GET /image/menu_allow.png HTTP/1.1" 200 2728 "http://merp.yudo.com.cn:8183/Menu/Menu?formKey=M20180727T143754517" "Mozilla/5.0 (Linux; Android 8.1.0; COL-AL10 Build/HUAWEICOL-AL10; wv) AppleWebKit/537.36 (KHTML, like Gecko) Version/4.0 Chrome/65.0.3325.109 Mobile Safari/537.36"
192.168.253.2 - - [27/Jul/2018:14:41:10 +0800] "GET /WEI_2100/user_prc HTTP/1.1" 200 224216 "http://merp.yudo.com.cn:8183/WEI_2100/WEI_2100?formKey=M20180727T143731323&menuSelection=asm" "Mozilla/5.0 (iPhone; CPU iPhone OS 11_0 like Mac OS X) AppleWebKit/604.1.38 (KHTML, like Gecko) Mobile/15A372JLAMPMode:iPhone"
192.168.253.2 - - [27/Jul/2018:14:41:11 +0800] "GET /WEI_2100/as_unit HTTP/1.1" 200 1002 "http://merp.yudo.com.cn:8183/WEI_2100/WEI_2100?formKey=M20180727T143731323&menuSelection=asm" "Mozilla/5.0 (iPhone; CPU iPhone OS 11_0 like Mac OS X) AppleWebKit/604.1.38 (KHTML, like Gecko) Mobile/15A372JLAMPMode:iPhone"
223.104.145.143 - - [27/Jul/2018:14:41:13 +0800] "GET /image/favicon.ico HTTP/1.1" 404 1133 "http://merp.yudo.com.cn:8183/Menu/Menu?formKey=M20180727T143754517" "Mozilla/5.0 (Linux; Android 8.1.0; COL-AL10 Build/HUAWEICOL-AL10; wv) AppleWebKit/537.36 (KHTML, like Gecko) Version/4.0 Chrome/65.0.3325.109 Mobile Safari/537.36"
192.168.253.2 - - [27/Jul/2018:14:41:10 +0800] "GET /WEI_2100/systemclass_big_prc?bigsysid=asclass HTTP/1.1" 200 264 "http://merp.yudo.com.cn:8183/WEI_2100/WEI_2100?formKey=M20180727T143731323&menuSelection=asm" "Mozilla/5.0 (iPhone; CPU iPhone OS 11_0 like Mac OS X) AppleWebKit/604.1.38 (KHTML, like Gecko) Mobile/15A372JLAMPMode:iPhone"
::1 - - [27/Jul/2018:14:41:18 +0800] "OPTIONS * HTTP/1.0" 200 - "-" "Apache/2.4.6 (CentOS) PHP/5.6.32 (internal dummy connection)"
::1 - - [27/Jul/2018:14:41:20 +0800] "OPTIONS * HTTP/1.0" 200 - "-" "Apache/2.4.6 (CentOS) PHP/5.6.32 (internal dummy connection)"
223.104.145.143 - - [27/Jul/2018:14:41:21 +0800] "POST /JLAMPCommon/setFormAccessLog_prc HTTP/1.1" 200 75 "http://merp.yudo.com.cn:8183/Menu/Menu?formKey=M20180727T143754517" "Mozilla/5.0 (Linux; Android 8.1.0; COL-AL10 Build/HUAWEICOL-AL10; wv) AppleWebKit/537.36 (KHTML, like Gecko) Version/4.0 Chrome/65.0.3325.109 Mobile Safari/537.36"
192.168.253.2 - - [27/Jul/2018:14:41:46 +0800] "GET /WEI_2100/login_user HTTP/1.1" 200 150 "http://merp.yudo.com.cn:8183/WEI_2100/WEI_2100?formKey=M20180727T143731323&menuSelection=asm" "Mozilla/5.0 (iPhone; CPU iPhone OS 11_0 like Mac OS X) AppleWebKit/604.1.38 (KHTML, like Gecko) Mobile/15A372JLAMPMode:iPhone"
223.104.145.143 - - [27/Jul/2018:14:41:46 +0800] "GET /?deviceType=mobile&devicePlatform=android HTTP/1.1" 302 149 "-" "Mozilla/5.0 (Linux; Android 8.1.0; COL-AL10 Build/HUAWEICOL-AL10; wv) AppleWebKit/537.36 (KHTML, like Gecko) Version/4.0 Chrome/65.0.3325.109 Mobile Safari/537.36"
223.104.145.143 - - [27/Jul/2018:14:41:46 +0800] "GET /Menu/Menu?formKey=M20180727T143829760 HTTP/1.1" 200 6094 "-" "Mozilla/5.0 (Linux; Android 8.1.0; COL-AL10 Build/HUAWEICOL-AL10; wv) AppleWebKit/537.36 (KHTML, like Gecko) Version/4.0 Chrome/65.0.3325.109 Mobile Safari/537.36"
223.104.145.143 - - [27/Jul/2018:14:41:47 +0800] "POST /JLAMPCommon/langBatchRows_prc HTTP/1.1" 200 595 "http://merp.yudo.com.cn:8183/Menu/Menu?formKey=M20180727T143829760" "Mozilla/5.0 (Linux; Android 8.1.0; COL-AL10 Build/HUAWEICOL-AL10; wv) AppleWebKit/537.36 (KHTML, like Gecko) Version/4.0 Chrome/65.0.3325.109 Mobile Safari/537.36"
223.104.145.143 - - [27/Jul/2018:14:41:48 +0800] "GET /JLAMPCommon/getCookieJson_prc HTTP/1.1" 200 840 "http://merp.yudo.com.cn:8183/Menu/Menu?formKey=M20180727T143829760" "Mozilla/5.0 (Linux; Android 8.1.0; COL-AL10 Build/HUAWEICOL-AL10; wv) AppleWebKit/537.36 (KHTML, like Gecko) Version/4.0 Chrome/65.0.3325.109 Mobile Safari/537.36"
223.104.145.143 - - [27/Jul/2018:14:41:48 +0800] "GET /Menu/doMenuRows_prc?formKey=M20180727T143829760 HTTP/1.1" 200 1622 "http://merp.yudo.com.cn:8183/Menu/Menu?formKey=M20180727T143829760" "Mozilla/5.0 (Linux; Android 8.1.0; COL-AL10 Build/HUAWEICOL-AL10; wv) AppleWebKit/537.36 (KHTML, like Gecko) Version/4.0 Chrome/65.0.3325.109 Mobile Safari/537.36"
223.104.145.143 - - [27/Jul/2018:14:41:48 +0800] "GET /image/favicon.ico HTTP/1.1" 404 1133 "http://merp.yudo.com.cn:8183/Menu/Menu?formKey=M20180727T143829760" "Mozilla/5.0 (Linux; Android 8.1.0; COL-AL10 Build/HUAWEICOL-AL10; wv) AppleWebKit/537.36 (KHTML, like Gecko) Version/4.0 Chrome/65.0.3325.109 Mobile Safari/537.36"
223.104.145.143 - - [27/Jul/2018:14:41:51 +0800] "GET /WEI_1000/WEI_1000?formKey=M20180727T143829760&menuSelection=sm HTTP/1.1" 200 7460 "http://merp.yudo.com.cn:8183/Menu/Menu?formKey=M20180727T143829760" "Mozilla/5.0 (Linux; Android 8.1.0; COL-AL10 Build/HUAWEICOL-AL10; wv) AppleWebKit/537.36 (KHTML, like Gecko) Version/4.0 Chrome/65.0.3325.109 Mobile Safari/537.36"
223.104.145.143 - - [27/Jul/2018:14:41:52 +0800] "GET /css/WEI_1000/WEI_1000_Lists.css HTTP/1.1" 200 124 "http://merp.yudo.com.cn:8183/WEI_1000/WEI_1000?formKey=M20180727T143829760&menuSelection=sm" "Mozilla/5.0 (Linux; Android 8.1.0; COL-AL10 Build/HUAWEICOL-AL10; wv) AppleWebKit/537.36 (KHTML, like Gecko) Version/4.0 Chrome/65.0.3325.109 Mobile Safari/537.36"
223.104.145.143 - - [27/Jul/2018:14:41:52 +0800] "GET /js/WEI_1000/WEI_1000_Lists.js?v=20180205001 HTTP/1.1" 200 10082 "http://merp.yudo.com.cn:8183/WEI_1000/WEI_1000?formKey=M20180727T143829760&menuSelection=sm" "Mozilla/5.0 (Linux; Android 8.1.0; COL-AL10 Build/HUAWEICOL-AL10; wv) AppleWebKit/537.36 (KHTML, like Gecko) Version/4.0 Chrome/65.0.3325.109 Mobile Safari/537.36"
223.104.145.143 - - [27/Jul/2018:14:41:52 +0800] "GET /third_party/jquery-ui-1.11.4/jquery-ui.js HTTP/1.1" 200 470596 "http://merp.yudo.com.cn:8183/WEI_1000/WEI_1000?formKey=M20180727T143829760&menuSelection=sm" "Mozilla/5.0 (Linux; Android 8.1.0; COL-AL10 Build/HUAWEICOL-AL10; wv) AppleWebKit/537.36 (KHTML, like Gecko) Version/4.0 Chrome/65.0.3325.109 Mobile Safari/537.36"
223.104.145.143 - - [27/Jul/2018:14:41:54 +0800] "GET /image/no_chart.png HTTP/1.1" 200 2051 "http://merp.yudo.com.cn:8183/WEI_1000/WEI_1000?formKey=M20180727T143829760&menuSelection=sm" "Mozilla/5.0 (Linux; Android 8.1.0; COL-AL10 Build/HUAWEICOL-AL10; wv) AppleWebKit/537.36 (KHTML, like Gecko) Version/4.0 Chrome/65.0.3325.109 Mobile Safari/537.36"
223.104.145.143 - - [27/Jul/2018:14:41:52 +0800] "GET /third_party/KendoUI/js/kendo.all.min.js HTTP/1.1" 200 3038548 "http://merp.yudo.com.cn:8183/WEI_1000/WEI_1000?formKey=M20180727T143829760&menuSelection=sm" "Mozilla/5.0 (Linux; Android 8.1.0; COL-AL10 Build/HUAWEICOL-AL10; wv) AppleWebKit/537.36 (KHTML, like Gecko) Version/4.0 Chrome/65.0.3325.109 Mobile Safari/537.36"
192.168.253.2 - - [27/Jul/2018:14:41:56 +0800] "POST /JLAMPCommon/setFormAccessLog_prc HTTP/1.1" 200 75 "http://merp.yudo.com.cn:8183/WEI_2100/WEI_2100?formKey=M20180727T143731323&menuSelection=asm" "Mozilla/5.0 (iPhone; CPU iPhone OS 11_0 like Mac OS X) AppleWebKit/604.1.38 (KHTML, like Gecko) Mobile/15A372JLAMPMode:iPhone"
223.104.145.143 - - [27/Jul/2018:14:41:57 +0800] "POST /JLAMPCommon/langBatchRows_prc HTTP/1.1" 200 2032 "http://merp.yudo.com.cn:8183/WEI_1000/WEI_1000?formKey=M20180727T143829760&menuSelection=sm" "Mozilla/5.0 (Linux; Android 8.1.0; COL-AL10 Build/HUAWEICOL-AL10; wv) AppleWebKit/537.36 (KHTML, like Gecko) Version/4.0 Chrome/65.0.3325.109 Mobile Safari/537.36"
192.168.253.2 - - [27/Jul/2018:14:41:57 +0800] "POST /main/logout_prc HTTP/1.1" 200 44 "http://merp.yudo.com.cn:8183/WEI_2100/WEI_2100?formKey=M20180727T143731323&menuSelection=asm" "Mozilla/5.0 (iPhone; CPU iPhone OS 11_0 like Mac OS X) AppleWebKit/604.1.38 (KHTML, like Gecko) Mobile/15A372JLAMPMode:iPhone"
223.104.145.143 - - [27/Jul/2018:14:41:57 +0800] "GET /JLAMPCommon/getCookieJson_prc HTTP/1.1" 200 840 "http://merp.yudo.com.cn:8183/WEI_1000/WEI_1000?formKey=M20180727T143829760&menuSelection=sm" "Mozilla/5.0 (Linux; Android 8.1.0; COL-AL10 Build/HUAWEICOL-AL10; wv) AppleWebKit/537.36 (KHTML, like Gecko) Version/4.0 Chrome/65.0.3325.109 Mobile Safari/537.36"
192.168.253.2 - - [27/Jul/2018:14:41:57 +0800] "GET /?deviceType=mobile&devicePlatform=ios HTTP/1.1" 200 7898 "http://merp.yudo.com.cn:8183/WEI_2100/WEI_2100?formKey=M20180727T143731323&menuSelection=asm" "Mozilla/5.0 (iPhone; CPU iPhone OS 11_0 like Mac OS X) AppleWebKit/604.1.38 (KHTML, like Gecko) Mobile/15A372JLAMPMode:iPhone"
192.168.253.2 - - [27/Jul/2018:14:41:58 +0800] "GET /css/login.css HTTP/1.1" 304 - "http://merp.yudo.com.cn:8183/?deviceType=mobile&devicePlatform=ios" "Mozilla/5.0 (iPhone; CPU iPhone OS 11_0 like Mac OS X) AppleWebKit/604.1.38 (KHTML, like Gecko) Mobile/15A372JLAMPMode:iPhone"
192.168.253.2 - - [27/Jul/2018:14:41:58 +0800] "GET /third_party/bootstrap-datetimepicker/js/locales/bootstrap-datetimepicker.ko.js HTTP/1.1" 304 - "http://merp.yudo.com.cn:8183/?deviceType=mobile&devicePlatform=ios" "Mozilla/5.0 (iPhone; CPU iPhone OS 11_0 like Mac OS X) AppleWebKit/604.1.38 (KHTML, like Gecko) Mobile/15A372JLAMPMode:iPhone"
192.168.253.2 - - [27/Jul/2018:14:41:58 +0800] "GET /js/login.js?v=7009 HTTP/1.1" 304 - "http://merp.yudo.com.cn:8183/?deviceType=mobile&devicePlatform=ios" "Mozilla/5.0 (iPhone; CPU iPhone OS 11_0 like Mac OS X) AppleWebKit/604.1.38 (KHTML, like Gecko) Mobile/15A372JLAMPMode:iPhone"
223.104.145.143 - - [27/Jul/2018:14:41:58 +0800] "POST /JLAMPCommon/langRow_prc HTTP/1.1" 200 191 "http://merp.yudo.com.cn:8183/WEI_1000/WEI_1000?formKey=M20180727T143829760&menuSelection=sm" "Mozilla/5.0 (Linux; Android 8.1.0; COL-AL10 Build/HUAWEICOL-AL10; wv) AppleWebKit/537.36 (KHTML, like Gecko) Version/4.0 Chrome/65.0.3325.109 Mobile Safari/537.36"
192.168.253.2 - - [27/Jul/2018:14:41:58 +0800] "GET /third_party/KendoUI/js/kendo.all.min.js HTTP/1.1" 200 3038548 "http://merp.yudo.com.cn:8183/?deviceType=mobile&devicePlatform=ios" "Mozilla/5.0 (iPhone; CPU iPhone OS 11_0 like Mac OS X) AppleWebKit/604.1.38 (KHTML, like Gecko) Mobile/15A372JLAMPMode:iPhone"
223.104.145.143 - - [27/Jul/2018:14:41:58 +0800] "POST /JLAMPCommon/langRow_prc HTTP/1.1" 200 203 "http://merp.yudo.com.cn:8183/WEI_1000/WEI_1000?formKey=M20180727T143829760&menuSelection=sm" "Mozilla/5.0 (Linux; Android 8.1.0; COL-AL10 Build/HUAWEICOL-AL10; wv) AppleWebKit/537.36 (KHTML, like Gecko) Version/4.0 Chrome/65.0.3325.109 Mobile Safari/537.36"
192.168.253.2 - - [27/Jul/2018:14:41:59 +0800] "GET /JLAMPCommon/getCookieJson_prc HTTP/1.1" 200 62 "http://merp.yudo.com.cn:8183/?deviceType=mobile&devicePlatform=ios" "Mozilla/5.0 (iPhone; CPU iPhone OS 11_0 like Mac OS X) AppleWebKit/604.1.38 (KHTML, like Gecko) Mobile/15A372JLAMPMode:iPhone"
192.168.253.2 - - [27/Jul/2018:14:41:59 +0800] "GET /third_party/KendoUI/styles/fonts/glyphs/WebComponentsIcons.ttf?gedxeo HTTP/1.1" 304 - "http://merp.yudo.com.cn:8183/Menu/Menu?formKey=M20180727T143731323" "Mozilla/5.0 (iPhone; CPU iPhone OS 11_0 like Mac OS X) AppleWebKit/604.1.38 (KHTML, like Gecko) Mobile/15A372JLAMPMode:iPhone"
223.104.145.143 - - [27/Jul/2018:14:42:01 +0800] "POST /JLAMPCommon/setFormAccessLog_prc HTTP/1.1" 200 75 "http://merp.yudo.com.cn:8183/WEI_1000/WEI_1000?formKey=M20180727T143829760&menuSelection=sm" "Mozilla/5.0 (Linux; Android 8.1.0; COL-AL10 Build/HUAWEICOL-AL10; wv) AppleWebKit/537.36 (KHTML, like Gecko) Version/4.0 Chrome/65.0.3325.109 Mobile Safari/537.36"
223.104.145.143 - - [27/Jul/2018:14:42:02 +0800] "POST /main/logout_prc HTTP/1.1" 200 44 "http://merp.yudo.com.cn:8183/WEI_1000/WEI_1000?formKey=M20180727T143829760&menuSelection=sm" "Mozilla/5.0 (Linux; Android 8.1.0; COL-AL10 Build/HUAWEICOL-AL10; wv) AppleWebKit/537.36 (KHTML, like Gecko) Version/4.0 Chrome/65.0.3325.109 Mobile Safari/537.36"
223.104.145.143 - - [27/Jul/2018:14:42:03 +0800] "POST /JLAMPCommon/setFormAccessLog_prc HTTP/1.1" 200 75 "http://merp.yudo.com.cn:8183/WEI_1000/WEI_1000?formKey=M20180727T143829760&menuSelection=sm" "Mozilla/5.0 (Linux; Android 8.1.0; COL-AL10 Build/HUAWEICOL-AL10; wv) AppleWebKit/537.36 (KHTML, like Gecko) Version/4.0 Chrome/65.0.3325.109 Mobile Safari/537.36"
223.104.145.143 - - [27/Jul/2018:14:42:03 +0800] "POST /main/logout_prc HTTP/1.1" 200 44 "http://merp.yudo.com.cn:8183/WEI_1000/WEI_1000?formKey=M20180727T143829760&menuSelection=sm" "Mozilla/5.0 (Linux; Android 8.1.0; COL-AL10 Build/HUAWEICOL-AL10; wv) AppleWebKit/537.36 (KHTML, like Gecko) Version/4.0 Chrome/65.0.3325.109 Mobile Safari/537.36"
223.104.145.143 - - [27/Jul/2018:14:42:04 +0800] "GET /Menu/Menu/menuLists?formKey=M20180727T143829760&menuSelection=sm HTTP/1.1" 200 154 "http://merp.yudo.com.cn:8183/WEI_1000/WEI_1000?formKey=M20180727T143829760&menuSelection=sm" "Mozilla/5.0 (Linux; Android 8.1.0; COL-AL10 Build/HUAWEICOL-AL10; wv) AppleWebKit/537.36 (KHTML, like Gecko) Version/4.0 Chrome/65.0.3325.109 Mobile Safari/537.36"
223.104.145.143 - - [27/Jul/2018:14:42:04 +0800] "GET /?deviceType=mobile&devicePlatform=android HTTP/1.1" 200 7898 "http://merp.yudo.com.cn:8183/Menu/Menu/menuLists?formKey=M20180727T143829760&menuSelection=sm" "Mozilla/5.0 (Linux; Android 8.1.0; COL-AL10 Build/HUAWEICOL-AL10; wv) AppleWebKit/537.36 (KHTML, like Gecko) Version/4.0 Chrome/65.0.3325.109 Mobile Safari/537.36"
223.104.145.143 - - [27/Jul/2018:14:42:04 +0800] "GET /favicon.ico HTTP/1.1" 404 1133 "http://merp.yudo.com.cn:8183/Menu/Menu/menuLists?formKey=M20180727T143829760&menuSelection=sm" "Mozilla/5.0 (Linux; Android 8.1.0; COL-AL10 Build/HUAWEICOL-AL10; wv) AppleWebKit/537.36 (KHTML, like Gecko) Version/4.0 Chrome/65.0.3325.109 Mobile Safari/537.36"
223.104.145.143 - - [27/Jul/2018:14:42:04 +0800] "GET /css/login.css HTTP/1.1" 200 2712 "http://merp.yudo.com.cn:8183/?deviceType=mobile&devicePlatform=android" "Mozilla/5.0 (Linux; Android 8.1.0; COL-AL10 Build/HUAWEICOL-AL10; wv) AppleWebKit/537.36 (KHTML, like Gecko) Version/4.0 Chrome/65.0.3325.109 Mobile Safari/537.36"
223.104.145.143 - - [27/Jul/2018:14:42:04 +0800] "GET /third_party/bootstrap-datetimepicker/js/locales/bootstrap-datetimepicker.ko.js HTTP/1.1" 200 765 "http://merp.yudo.com.cn:8183/?deviceType=mobile&devicePlatform=android" "Mozilla/5.0 (Linux; Android 8.1.0; COL-AL10 Build/HUAWEICOL-AL10; wv) AppleWebKit/537.36 (KHTML, like Gecko) Version/4.0 Chrome/65.0.3325.109 Mobile Safari/537.36"
223.104.145.143 - - [27/Jul/2018:14:42:04 +0800] "GET /js/login.js?v=7009 HTTP/1.1" 200 8215 "http://merp.yudo.com.cn:8183/?deviceType=mobile&devicePlatform=android" "Mozilla/5.0 (Linux; Android 8.1.0; COL-AL10 Build/HUAWEICOL-AL10; wv) AppleWebKit/537.36 (KHTML, like Gecko) Version/4.0 Chrome/65.0.3325.109 Mobile Safari/537.36"
223.104.145.143 - - [27/Jul/2018:14:42:05 +0800] "GET /JLAMPCommon/getCookieJson_prc HTTP/1.1" 200 62 "http://merp.yudo.com.cn:8183/?deviceType=mobile&devicePlatform=android" "Mozilla/5.0 (Linux; Android 8.1.0; COL-AL10 Build/HUAWEICOL-AL10; wv) AppleWebKit/537.36 (KHTML, like Gecko) Version/4.0 Chrome/65.0.3325.109 Mobile Safari/537.36"
223.104.145.143 - - [27/Jul/2018:14:42:06 +0800] "GET /third_party/KendoUI/styles/fonts/glyphs/WebComponentsIcons.ttf?gedxeo HTTP/1.1" 200 96108 "http://merp.yudo.com.cn:8183/third_party/KendoUI/styles/kendo.common.min.css" "Mozilla/5.0 (Linux; Android 8.1.0; COL-AL10 Build/HUAWEICOL-AL10; wv) AppleWebKit/537.36 (KHTML, like Gecko) Version/4.0 Chrome/65.0.3325.109 Mobile Safari/537.36"
::1 - - [27/Jul/2018:14:42:13 +0800] "OPTIONS * HTTP/1.0" 200 - "-" "Apache/2.4.6 (CentOS) PHP/5.6.32 (internal dummy connection)"
192.168.253.2 - - [27/Jul/2018:14:42:22 +0800] "POST /main/login_prc HTTP/1.1" 200 74 "http://merp.yudo.com.cn:8183/?deviceType=mobile&devicePlatform=ios" "Mozilla/5.0 (iPhone; CPU iPhone OS 11_0 like Mac OS X) AppleWebKit/604.1.38 (KHTML, like Gecko) Mobile/15A372JLAMPMode:iPhone"
192.168.253.2 - - [27/Jul/2018:14:42:25 +0800] "POST /main/login_prc HTTP/1.1" 200 74 "http://merp.yudo.com.cn:8183/?deviceType=mobile&devicePlatform=ios" "Mozilla/5.0 (iPhone; CPU iPhone OS 11_0 like Mac OS X) AppleWebKit/604.1.38 (KHTML, like Gecko) Mobile/15A372JLAMPMode:iPhone"
223.104.145.143 - - [27/Jul/2018:14:42:30 +0800] "POST /main/login_prc HTTP/1.1" 200 44 "http://merp.yudo.com.cn:8183/?deviceType=mobile&devicePlatform=android" "Mozilla/5.0 (Linux; Android 8.1.0; COL-AL10 Build/HUAWEICOL-AL10; wv) AppleWebKit/537.36 (KHTML, like Gecko) Version/4.0 Chrome/65.0.3325.109 Mobile Safari/537.36"
223.104.145.143 - - [27/Jul/2018:14:42:30 +0800] "POST /main/checkMenuAuth_prc HTTP/1.1" 200 44 "http://merp.yudo.com.cn:8183/?deviceType=mobile&devicePlatform=android" "Mozilla/5.0 (Linux; Android 8.1.0; COL-AL10 Build/HUAWEICOL-AL10; wv) AppleWebKit/537.36 (KHTML, like Gecko) Version/4.0 Chrome/65.0.3325.109 Mobile Safari/537.36"
223.104.145.143 - - [27/Jul/2018:14:42:31 +0800] "POST / HTTP/1.1" 302 149 "http://merp.yudo.com.cn:8183/?deviceType=mobile&devicePlatform=android" "Mozilla/5.0 (Linux; Android 8.1.0; COL-AL10 Build/HUAWEICOL-AL10; wv) AppleWebKit/537.36 (KHTML, like Gecko) Version/4.0 Chrome/65.0.3325.109 Mobile Safari/537.36"
223.104.145.143 - - [27/Jul/2018:14:42:31 +0800] "POST / HTTP/1.1" 302 149 "http://merp.yudo.com.cn:8183/?deviceType=mobile&devicePlatform=android" "Mozilla/5.0 (Linux; Android 8.1.0; COL-AL10 Build/HUAWEICOL-AL10; wv) AppleWebKit/537.36 (KHTML, like Gecko) Version/4.0 Chrome/65.0.3325.109 Mobile Safari/537.36"
223.104.145.143 - - [27/Jul/2018:14:42:31 +0800] "GET /Menu/Menu?formKey=M20180727T143914790 HTTP/1.1" 200 6094 "http://merp.yudo.com.cn:8183/?deviceType=mobile&devicePlatform=android" "Mozilla/5.0 (Linux; Android 8.1.0; COL-AL10 Build/HUAWEICOL-AL10; wv) AppleWebKit/537.36 (KHTML, like Gecko) Version/4.0 Chrome/65.0.3325.109 Mobile Safari/537.36"
223.104.145.143 - - [27/Jul/2018:14:42:32 +0800] "POST /JLAMPCommon/langBatchRows_prc HTTP/1.1" 200 595 "http://merp.yudo.com.cn:8183/Menu/Menu?formKey=M20180727T143914790" "Mozilla/5.0 (Linux; Android 8.1.0; COL-AL10 Build/HUAWEICOL-AL10; wv) AppleWebKit/537.36 (KHTML, like Gecko) Version/4.0 Chrome/65.0.3325.109 Mobile Safari/537.36"
223.104.145.143 - - [27/Jul/2018:14:42:32 +0800] "GET /JLAMPCommon/getCookieJson_prc HTTP/1.1" 200 841 "http://merp.yudo.com.cn:8183/Menu/Menu?formKey=M20180727T143914790" "Mozilla/5.0 (Linux; Android 8.1.0; COL-AL10 Build/HUAWEICOL-AL10; wv) AppleWebKit/537.36 (KHTML, like Gecko) Version/4.0 Chrome/65.0.3325.109 Mobile Safari/537.36"
223.104.145.143 - - [27/Jul/2018:14:42:32 +0800] "GET /Menu/doMenuRows_prc?formKey=M20180727T143914790 HTTP/1.1" 200 1622 "http://merp.yudo.com.cn:8183/Menu/Menu?formKey=M20180727T143914790" "Mozilla/5.0 (Linux; Android 8.1.0; COL-AL10 Build/HUAWEICOL-AL10; wv) AppleWebKit/537.36 (KHTML, like Gecko) Version/4.0 Chrome/65.0.3325.109 Mobile Safari/537.36"
223.104.145.143 - - [27/Jul/2018:14:42:42 +0800] "GET /WEI_1000/WEI_1000?formKey=M20180727T143914790&menuSelection=sm HTTP/1.1" 200 7460 "http://merp.yudo.com.cn:8183/Menu/Menu?formKey=M20180727T143914790" "Mozilla/5.0 (Linux; Android 8.1.0; COL-AL10 Build/HUAWEICOL-AL10; wv) AppleWebKit/537.36 (KHTML, like Gecko) Version/4.0 Chrome/65.0.3325.109 Mobile Safari/537.36"
192.168.253.2 - - [27/Jul/2018:14:42:43 +0800] "POST /main/login_prc HTTP/1.1" 200 74 "http://merp.yudo.com.cn:8183/?deviceType=mobile&devicePlatform=ios" "Mozilla/5.0 (iPhone; CPU iPhone OS 11_0 like Mac OS X) AppleWebKit/604.1.38 (KHTML, like Gecko) Mobile/15A372JLAMPMode:iPhone"
223.104.145.143 - - [27/Jul/2018:14:42:43 +0800] "POST /JLAMPCommon/langBatchRows_prc HTTP/1.1" 200 2032 "http://merp.yudo.com.cn:8183/WEI_1000/WEI_1000?formKey=M20180727T143914790&menuSelection=sm" "Mozilla/5.0 (Linux; Android 8.1.0; COL-AL10 Build/HUAWEICOL-AL10; wv) AppleWebKit/537.36 (KHTML, like Gecko) Version/4.0 Chrome/65.0.3325.109 Mobile Safari/537.36"
223.104.145.143 - - [27/Jul/2018:14:42:43 +0800] "GET /JLAMPCommon/getCookieJson_prc HTTP/1.1" 200 841 "http://merp.yudo.com.cn:8183/WEI_1000/WEI_1000?formKey=M20180727T143914790&menuSelection=sm" "Mozilla/5.0 (Linux; Android 8.1.0; COL-AL10 Build/HUAWEICOL-AL10; wv) AppleWebKit/537.36 (KHTML, like Gecko) Version/4.0 Chrome/65.0.3325.109 Mobile Safari/537.36"
223.104.145.143 - - [27/Jul/2018:14:42:44 +0800] "POST /JLAMPCommon/langRow_prc HTTP/1.1" 200 191 "http://merp.yudo.com.cn:8183/WEI_1000/WEI_1000?formKey=M20180727T143914790&menuSelection=sm" "Mozilla/5.0 (Linux; Android 8.1.0; COL-AL10 Build/HUAWEICOL-AL10; wv) AppleWebKit/537.36 (KHTML, like Gecko) Version/4.0 Chrome/65.0.3325.109 Mobile Safari/537.36"
223.104.145.143 - - [27/Jul/2018:14:42:44 +0800] "POST /JLAMPCommon/langRow_prc HTTP/1.1" 200 203 "http://merp.yudo.com.cn:8183/WEI_1000/WEI_1000?formKey=M20180727T143914790&menuSelection=sm" "Mozilla/5.0 (Linux; Android 8.1.0; COL-AL10 Build/HUAWEICOL-AL10; wv) AppleWebKit/537.36 (KHTML, like Gecko) Version/4.0 Chrome/65.0.3325.109 Mobile Safari/537.36"
192.168.253.2 - - [27/Jul/2018:14:43:01 +0800] "POST /main/login_prc HTTP/1.1" 200 74 "http://merp.yudo.com.cn:8183/?deviceType=mobile&devicePlatform=ios" "Mozilla/5.0 (iPhone; CPU iPhone OS 11_0 like Mac OS X) AppleWebKit/604.1.38 (KHTML, like Gecko) Mobile/15A372JLAMPMode:iPhone"
223.104.145.143 - - [27/Jul/2018:14:43:13 +0800] "POST /JLAMPCommon/setFormAccessLog_prc HTTP/1.1" 200 75 "http://merp.yudo.com.cn:8183/WEI_1000/WEI_1000?formKey=M20180727T143914790&menuSelection=sm" "Mozilla/5.0 (Linux; Android 8.1.0; COL-AL10 Build/HUAWEICOL-AL10; wv) AppleWebKit/537.36 (KHTML, like Gecko) Version/4.0 Chrome/65.0.3325.109 Mobile Safari/537.36"
223.104.145.143 - - [27/Jul/2018:14:43:14 +0800] "POST /main/logout_prc HTTP/1.1" 200 44 "http://merp.yudo.com.cn:8183/WEI_1000/WEI_1000?formKey=M20180727T143914790&menuSelection=sm" "Mozilla/5.0 (Linux; Android 8.1.0; COL-AL10 Build/HUAWEICOL-AL10; wv) AppleWebKit/537.36 (KHTML, like Gecko) Version/4.0 Chrome/65.0.3325.109 Mobile Safari/537.36"
223.104.145.143 - - [27/Jul/2018:14:43:15 +0800] "POST /JLAMPCommon/setFormAccessLog_prc HTTP/1.1" 200 75 "http://merp.yudo.com.cn:8183/WEI_1000/WEI_1000?formKey=M20180727T143914790&menuSelection=sm" "Mozilla/5.0 (Linux; Android 8.1.0; COL-AL10 Build/HUAWEICOL-AL10; wv) AppleWebKit/537.36 (KHTML, like Gecko) Version/4.0 Chrome/65.0.3325.109 Mobile Safari/537.36"
223.104.145.143 - - [27/Jul/2018:14:43:16 +0800] "POST /main/logout_prc HTTP/1.1" 200 44 "http://merp.yudo.com.cn:8183/WEI_1000/WEI_1000?formKey=M20180727T143914790&menuSelection=sm" "Mozilla/5.0 (Linux; Android 8.1.0; COL-AL10 Build/HUAWEICOL-AL10; wv) AppleWebKit/537.36 (KHTML, like Gecko) Version/4.0 Chrome/65.0.3325.109 Mobile Safari/537.36"
223.104.145.143 - - [27/Jul/2018:14:43:17 +0800] "GET /?deviceType=mobile&devicePlatform=android HTTP/1.1" 200 7898 "http://merp.yudo.com.cn:8183/WEI_1000/WEI_1000?formKey=M20180727T143914790&menuSelection=sm" "Mozilla/5.0 (Linux; Android 8.1.0; COL-AL10 Build/HUAWEICOL-AL10; wv) AppleWebKit/537.36 (KHTML, like Gecko) Version/4.0 Chrome/65.0.3325.109 Mobile Safari/537.36"
223.104.145.143 - - [27/Jul/2018:14:43:18 +0800] "GET /JLAMPCommon/getCookieJson_prc HTTP/1.1" 200 62 "http://merp.yudo.com.cn:8183/?deviceType=mobile&devicePlatform=android" "Mozilla/5.0 (Linux; Android 8.1.0; COL-AL10 Build/HUAWEICOL-AL10; wv) AppleWebKit/537.36 (KHTML, like Gecko) Version/4.0 Chrome/65.0.3325.109 Mobile Safari/537.36"
192.168.253.2 - - [27/Jul/2018:14:43:34 +0800] "POST /main/login_prc HTTP/1.1" 200 104 "http://merp.yudo.com.cn:8183/?deviceType=mobile&devicePlatform=ios" "Mozilla/5.0 (iPhone; CPU iPhone OS 11_0 like Mac OS X) AppleWebKit/604.1.38 (KHTML, like Gecko) Mobile/15A372JLAMPMode:iPhone"
192.168.253.2 - - [27/Jul/2018:14:43:48 +0800] "POST /main/login_prc HTTP/1.1" 200 74 "http://merp.yudo.com.cn:8183/?deviceType=mobile&devicePlatform=ios" "Mozilla/5.0 (iPhone; CPU iPhone OS 11_0 like Mac OS X) AppleWebKit/604.1.38 (KHTML, like Gecko) Mobile/15A372JLAMPMode:iPhone"
192.168.253.2 - - [27/Jul/2018:14:44:01 +0800] "POST /main/login_prc HTTP/1.1" 200 74 "http://merp.yudo.com.cn:8183/?deviceType=mobile&devicePlatform=ios" "Mozilla/5.0 (iPhone; CPU iPhone OS 11_0 like Mac OS X) AppleWebKit/604.1.38 (KHTML, like Gecko) Mobile/15A372JLAMPMode:iPhone"
192.168.253.2 - - [27/Jul/2018:14:47:33 +0800] "POST /main/login_prc HTTP/1.1" 200 104 "http://merp.yudo.com.cn:8183/?deviceType=mobile&devicePlatform=ios" "Mozilla/5.0 (iPhone; CPU iPhone OS 11_0 like Mac OS X) AppleWebKit/604.1.38 (KHTML, like Gecko) Mobile/15A372JLAMPMode:iPhone"
192.168.253.2 - - [27/Jul/2018:14:47:46 +0800] "POST /main/login_prc HTTP/1.1" 200 104 "http://merp.yudo.com.cn:8183/?deviceType=mobile&devicePlatform=ios" "Mozilla/5.0 (iPhone; CPU iPhone OS 11_0 like Mac OS X) AppleWebKit/604.1.38 (KHTML, like Gecko) Mobile/15A372JLAMPMode:iPhone"
223.104.145.143 - - [27/Jul/2018:14:48:06 +0800] "POST /main/login_prc HTTP/1.1" 200 44 "http://merp.yudo.com.cn:8183/?deviceType=mobile&devicePlatform=android" "Mozilla/5.0 (Linux; Android 8.1.0; COL-AL10 Build/HUAWEICOL-AL10; wv) AppleWebKit/537.36 (KHTML, like Gecko) Version/4.0 Chrome/65.0.3325.109 Mobile Safari/537.36"
223.104.145.143 - - [27/Jul/2018:14:48:06 +0800] "POST /main/checkMenuAuth_prc HTTP/1.1" 200 44 "http://merp.yudo.com.cn:8183/?deviceType=mobile&devicePlatform=android" "Mozilla/5.0 (Linux; Android 8.1.0; COL-AL10 Build/HUAWEICOL-AL10; wv) AppleWebKit/537.36 (KHTML, like Gecko) Version/4.0 Chrome/65.0.3325.109 Mobile Safari/537.36"
223.104.145.143 - - [27/Jul/2018:14:48:06 +0800] "POST / HTTP/1.1" 302 149 "http://merp.yudo.com.cn:8183/?deviceType=mobile&devicePlatform=android" "Mozilla/5.0 (Linux; Android 8.1.0; COL-AL10 Build/HUAWEICOL-AL10; wv) AppleWebKit/537.36 (KHTML, like Gecko) Version/4.0 Chrome/65.0.3325.109 Mobile Safari/537.36"
223.104.145.143 - - [27/Jul/2018:14:48:06 +0800] "POST / HTTP/1.1" 302 149 "http://merp.yudo.com.cn:8183/?deviceType=mobile&devicePlatform=android" "Mozilla/5.0 (Linux; Android 8.1.0; COL-AL10 Build/HUAWEICOL-AL10; wv) AppleWebKit/537.36 (KHTML, like Gecko) Version/4.0 Chrome/65.0.3325.109 Mobile Safari/537.36"
223.104.145.143 - - [27/Jul/2018:14:48:07 +0800] "GET /Menu/Menu?formKey=M20180727T144450300 HTTP/1.1" 200 6091 "http://merp.yudo.com.cn:8183/?deviceType=mobile&devicePlatform=android" "Mozilla/5.0 (Linux; Android 8.1.0; COL-AL10 Build/HUAWEICOL-AL10; wv) AppleWebKit/537.36 (KHTML, like Gecko) Version/4.0 Chrome/65.0.3325.109 Mobile Safari/537.36"
223.104.145.143 - - [27/Jul/2018:14:48:07 +0800] "POST /JLAMPCommon/langBatchRows_prc HTTP/1.1" 200 227 "http://merp.yudo.com.cn:8183/Menu/Menu?formKey=M20180727T144450300" "Mozilla/5.0 (Linux; Android 8.1.0; COL-AL10 Build/HUAWEICOL-AL10; wv) AppleWebKit/537.36 (KHTML, like Gecko) Version/4.0 Chrome/65.0.3325.109 Mobile Safari/537.36"
223.104.145.143 - - [27/Jul/2018:14:48:08 +0800] "GET /JLAMPCommon/getCookieJson_prc HTTP/1.1" 200 841 "http://merp.yudo.com.cn:8183/Menu/Menu?formKey=M20180727T144450300" "Mozilla/5.0 (Linux; Android 8.1.0; COL-AL10 Build/HUAWEICOL-AL10; wv) AppleWebKit/537.36 (KHTML, like Gecko) Version/4.0 Chrome/65.0.3325.109 Mobile Safari/537.36"
223.104.145.143 - - [27/Jul/2018:14:48:08 +0800] "GET /Menu/doMenuRows_prc?formKey=M20180727T144450300 HTTP/1.1" 200 1598 "http://merp.yudo.com.cn:8183/Menu/Menu?formKey=M20180727T144450300" "Mozilla/5.0 (Linux; Android 8.1.0; COL-AL10 Build/HUAWEICOL-AL10; wv) AppleWebKit/537.36 (KHTML, like Gecko) Version/4.0 Chrome/65.0.3325.109 Mobile Safari/537.36"
192.168.253.2 - - [27/Jul/2018:14:48:08 +0800] "POST /main/deviceSave_prc HTTP/1.1" 200 501 "http://merp.yudo.com.cn:8183/?deviceType=mobile&devicePlatform=ios" "Mozilla/5.0 (iPhone; CPU iPhone OS 11_0 like Mac OS X) AppleWebKit/604.1.38 (KHTML, like Gecko) Mobile/15A372JLAMPMode:iPhone"
223.104.145.143 - - [27/Jul/2018:14:48:11 +0800] "POST /JLAMPCommon/setFormAccessLog_prc HTTP/1.1" 200 75 "http://merp.yudo.com.cn:8183/Menu/Menu?formKey=M20180727T144450300" "Mozilla/5.0 (Linux; Android 8.1.0; COL-AL10 Build/HUAWEICOL-AL10; wv) AppleWebKit/537.36 (KHTML, like Gecko) Version/4.0 Chrome/65.0.3325.109 Mobile Safari/537.36"
223.104.145.143 - - [27/Jul/2018:14:48:12 +0800] "POST /main/logout_prc HTTP/1.1" 200 44 "http://merp.yudo.com.cn:8183/Menu/Menu?formKey=M20180727T144450300" "Mozilla/5.0 (Linux; Android 8.1.0; COL-AL10 Build/HUAWEICOL-AL10; wv) AppleWebKit/537.36 (KHTML, like Gecko) Version/4.0 Chrome/65.0.3325.109 Mobile Safari/537.36"
223.104.145.143 - - [27/Jul/2018:14:48:13 +0800] "GET /?deviceType=mobile&devicePlatform=android HTTP/1.1" 200 7898 "http://merp.yudo.com.cn:8183/Menu/Menu?formKey=M20180727T144450300" "Mozilla/5.0 (Linux; Android 8.1.0; COL-AL10 Build/HUAWEICOL-AL10; wv) AppleWebKit/537.36 (KHTML, like Gecko) Version/4.0 Chrome/65.0.3325.109 Mobile Safari/537.36"
192.168.253.2 - - [27/Jul/2018:14:48:13 +0800] "POST /main/login_prc HTTP/1.1" 200 104 "http://merp.yudo.com.cn:8183/?deviceType=mobile&devicePlatform=ios" "Mozilla/5.0 (iPhone; CPU iPhone OS 11_0 like Mac OS X) AppleWebKit/604.1.38 (KHTML, like Gecko) Mobile/15A372JLAMPMode:iPhone"
223.104.145.143 - - [27/Jul/2018:14:48:13 +0800] "GET /JLAMPCommon/getCookieJson_prc HTTP/1.1" 200 62 "http://merp.yudo.com.cn:8183/?deviceType=mobile&devicePlatform=android" "Mozilla/5.0 (Linux; Android 8.1.0; COL-AL10 Build/HUAWEICOL-AL10; wv) AppleWebKit/537.36 (KHTML, like Gecko) Version/4.0 Chrome/65.0.3325.109 Mobile Safari/537.36"
192.168.253.2 - - [27/Jul/2018:14:48:16 +0800] "POST /main/login_prc HTTP/1.1" 200 104 "http://merp.yudo.com.cn:8183/?deviceType=mobile&devicePlatform=ios" "Mozilla/5.0 (iPhone; CPU iPhone OS 11_0 like Mac OS X) AppleWebKit/604.1.38 (KHTML, like Gecko) Mobile/15A372JLAMPMode:iPhone"
223.104.145.143 - - [27/Jul/2018:14:48:39 +0800] "POST /main/login_prc HTTP/1.1" 200 44 "http://merp.yudo.com.cn:8183/?deviceType=mobile&devicePlatform=android" "Mozilla/5.0 (Linux; Android 8.1.0; COL-AL10 Build/HUAWEICOL-AL10; wv) AppleWebKit/537.36 (KHTML, like Gecko) Version/4.0 Chrome/65.0.3325.109 Mobile Safari/537.36"
223.104.145.143 - - [27/Jul/2018:14:48:39 +0800] "POST /main/checkMenuAuth_prc HTTP/1.1" 200 44 "http://merp.yudo.com.cn:8183/?deviceType=mobile&devicePlatform=android" "Mozilla/5.0 (Linux; Android 8.1.0; COL-AL10 Build/HUAWEICOL-AL10; wv) AppleWebKit/537.36 (KHTML, like Gecko) Version/4.0 Chrome/65.0.3325.109 Mobile Safari/537.36"
223.104.145.143 - - [27/Jul/2018:14:48:39 +0800] "POST / HTTP/1.1" 302 149 "http://merp.yudo.com.cn:8183/?deviceType=mobile&devicePlatform=android" "Mozilla/5.0 (Linux; Android 8.1.0; COL-AL10 Build/HUAWEICOL-AL10; wv) AppleWebKit/537.36 (KHTML, like Gecko) Version/4.0 Chrome/65.0.3325.109 Mobile Safari/537.36"
223.104.145.143 - - [27/Jul/2018:14:48:39 +0800] "POST / HTTP/1.1" 302 149 "http://merp.yudo.com.cn:8183/?deviceType=mobile&devicePlatform=android" "Mozilla/5.0 (Linux; Android 8.1.0; COL-AL10 Build/HUAWEICOL-AL10; wv) AppleWebKit/537.36 (KHTML, like Gecko) Version/4.0 Chrome/65.0.3325.109 Mobile Safari/537.36"
223.104.145.143 - - [27/Jul/2018:14:48:40 +0800] "GET /Menu/Menu?formKey=M20180727T144523437 HTTP/1.1" 200 6094 "http://merp.yudo.com.cn:8183/?deviceType=mobile&devicePlatform=android" "Mozilla/5.0 (Linux; Android 8.1.0; COL-AL10 Build/HUAWEICOL-AL10; wv) AppleWebKit/537.36 (KHTML, like Gecko) Version/4.0 Chrome/65.0.3325.109 Mobile Safari/537.36"
223.104.145.143 - - [27/Jul/2018:14:48:40 +0800] "POST /JLAMPCommon/langBatchRows_prc HTTP/1.1" 200 595 "http://merp.yudo.com.cn:8183/Menu/Menu?formKey=M20180727T144523437" "Mozilla/5.0 (Linux; Android 8.1.0; COL-AL10 Build/HUAWEICOL-AL10; wv) AppleWebKit/537.36 (KHTML, like Gecko) Version/4.0 Chrome/65.0.3325.109 Mobile Safari/537.36"
223.104.145.143 - - [27/Jul/2018:14:48:41 +0800] "GET /JLAMPCommon/getCookieJson_prc HTTP/1.1" 200 841 "http://merp.yudo.com.cn:8183/Menu/Menu?formKey=M20180727T144523437" "Mozilla/5.0 (Linux; Android 8.1.0; COL-AL10 Build/HUAWEICOL-AL10; wv) AppleWebKit/537.36 (KHTML, like Gecko) Version/4.0 Chrome/65.0.3325.109 Mobile Safari/537.36"
223.104.145.143 - - [27/Jul/2018:14:48:41 +0800] "GET /Menu/doMenuRows_prc?formKey=M20180727T144523437 HTTP/1.1" 200 1622 "http://merp.yudo.com.cn:8183/Menu/Menu?formKey=M20180727T144523437" "Mozilla/5.0 (Linux; Android 8.1.0; COL-AL10 Build/HUAWEICOL-AL10; wv) AppleWebKit/537.36 (KHTML, like Gecko) Version/4.0 Chrome/65.0.3325.109 Mobile Safari/537.36"
192.168.253.2 - - [27/Jul/2018:14:50:36 +0800] "POST /main/login_prc HTTP/1.1" 200 44 "http://merp.yudo.com.cn:8183/?deviceType=mobile&devicePlatform=ios" "Mozilla/5.0 (iPhone; CPU iPhone OS 11_0 like Mac OS X) AppleWebKit/604.1.38 (KHTML, like Gecko) Mobile/15A372JLAMPMode:iPhone"
192.168.253.2 - - [27/Jul/2018:14:50:36 +0800] "POST /main/checkMenuAuth_prc HTTP/1.1" 200 44 "http://merp.yudo.com.cn:8183/?deviceType=mobile&devicePlatform=ios" "Mozilla/5.0 (iPhone; CPU iPhone OS 11_0 like Mac OS X) AppleWebKit/604.1.38 (KHTML, like Gecko) Mobile/15A372JLAMPMode:iPhone"
192.168.253.2 - - [27/Jul/2018:14:50:36 +0800] "POST / HTTP/1.1" 302 149 "http://merp.yudo.com.cn:8183/?deviceType=mobile&devicePlatform=ios" "Mozilla/5.0 (iPhone; CPU iPhone OS 11_0 like Mac OS X) AppleWebKit/604.1.38 (KHTML, like Gecko) Mobile/15A372JLAMPMode:iPhone"
192.168.253.2 - - [27/Jul/2018:14:50:37 +0800] "GET /Menu/Menu?formKey=M20180727T144720413 HTTP/1.1" 200 6094 "http://merp.yudo.com.cn:8183/?deviceType=mobile&devicePlatform=ios" "Mozilla/5.0 (iPhone; CPU iPhone OS 11_0 like Mac OS X) AppleWebKit/604.1.38 (KHTML, like Gecko) Mobile/15A372JLAMPMode:iPhone"
192.168.253.2 - - [27/Jul/2018:14:50:37 +0800] "GET /css/Menu/Menu.css?v=1002 HTTP/1.1" 304 - "http://merp.yudo.com.cn:8183/Menu/Menu?formKey=M20180727T144720413" "Mozilla/5.0 (iPhone; CPU iPhone OS 11_0 like Mac OS X) AppleWebKit/604.1.38 (KHTML, like Gecko) Mobile/15A372JLAMPMode:iPhone"
192.168.253.2 - - [27/Jul/2018:14:50:37 +0800] "GET /css/WEI_2000/mui.min.css?v=1001 HTTP/1.1" 304 - "http://merp.yudo.com.cn:8183/Menu/Menu?formKey=M20180727T144720413" "Mozilla/5.0 (iPhone; CPU iPhone OS 11_0 like Mac OS X) AppleWebKit/604.1.38 (KHTML, like Gecko) Mobile/15A372JLAMPMode:iPhone"
192.168.253.2 - - [27/Jul/2018:14:50:37 +0800] "GET /image/MI.png HTTP/1.1" 304 - "http://merp.yudo.com.cn:8183/Menu/Menu?formKey=M20180727T144720413" "Mozilla/5.0 (iPhone; CPU iPhone OS 11_0 like Mac OS X) AppleWebKit/604.1.38 (KHTML, like Gecko) Mobile/15A372JLAMPMode:iPhone"
192.168.253.2 - - [27/Jul/2018:14:50:37 +0800] "GET /image/ASM.png HTTP/1.1" 304 - "http://merp.yudo.com.cn:8183/Menu/Menu?formKey=M20180727T144720413" "Mozilla/5.0 (iPhone; CPU iPhone OS 11_0 like Mac OS X) AppleWebKit/604.1.38 (KHTML, like Gecko) Mobile/15A372JLAMPMode:iPhone"
192.168.253.2 - - [27/Jul/2018:14:50:37 +0800] "GET /image/SM.png HTTP/1.1" 304 - "http://merp.yudo.com.cn:8183/Menu/Menu?formKey=M20180727T144720413" "Mozilla/5.0 (iPhone; CPU iPhone OS 11_0 like Mac OS X) AppleWebKit/604.1.38 (KHTML, like Gecko) Mobile/15A372JLAMPMode:iPhone"
192.168.253.2 - - [27/Jul/2018:14:50:37 +0800] "POST /JLAMPCommon/langBatchRows_prc HTTP/1.1" 200 595 "http://merp.yudo.com.cn:8183/Menu/Menu?formKey=M20180727T144720413" "Mozilla/5.0 (iPhone; CPU iPhone OS 11_0 like Mac OS X) AppleWebKit/604.1.38 (KHTML, like Gecko) Mobile/15A372JLAMPMode:iPhone"
192.168.253.2 - - [27/Jul/2018:14:50:37 +0800] "GET /JLAMPCommon/getCookieJson_prc HTTP/1.1" 200 841 "http://merp.yudo.com.cn:8183/Menu/Menu?formKey=M20180727T144720413" "Mozilla/5.0 (iPhone; CPU iPhone OS 11_0 like Mac OS X) AppleWebKit/604.1.38 (KHTML, like Gecko) Mobile/15A372JLAMPMode:iPhone"
192.168.253.2 - - [27/Jul/2018:14:50:37 +0800] "GET /Menu/doMenuRows_prc?formKey=M20180727T144720413 HTTP/1.1" 200 1622 "http://merp.yudo.com.cn:8183/Menu/Menu?formKey=M20180727T144720413" "Mozilla/5.0 (iPhone; CPU iPhone OS 11_0 like Mac OS X) AppleWebKit/604.1.38 (KHTML, like Gecko) Mobile/15A372JLAMPMode:iPhone"
192.168.253.2 - - [27/Jul/2018:14:50:38 +0800] "GET /image/menu_allow.png HTTP/1.1" 304 - "http://merp.yudo.com.cn:8183/Menu/Menu?formKey=M20180727T144720413" "Mozilla/5.0 (iPhone; CPU iPhone OS 11_0 like Mac OS X) AppleWebKit/604.1.38 (KHTML, like Gecko) Mobile/15A372JLAMPMode:iPhone"
::1 - - [27/Jul/2018:14:50:44 +0800] "OPTIONS * HTTP/1.0" 200 - "-" "Apache/2.4.6 (CentOS) PHP/5.6.32 (internal dummy connection)"
192.168.253.2 - - [27/Jul/2018:14:51:25 +0800] "GET /WEI_2100/WEI_2100?formKey=M20180727T144720413&menuSelection=asm HTTP/1.1" 200 87605 "http://merp.yudo.com.cn:8183/Menu/Menu?formKey=M20180727T144720413" "Mozilla/5.0 (iPhone; CPU iPhone OS 11_0 like Mac OS X) AppleWebKit/604.1.38 (KHTML, like Gecko) Mobile/15A372JLAMPMode:iPhone"
192.168.253.2 - - [27/Jul/2018:14:51:31 +0800] "POST /JLAMPCommon/langBatchRows_prc HTTP/1.1" 200 12695 "http://merp.yudo.com.cn:8183/WEI_2100/WEI_2100?formKey=M20180727T144720413&menuSelection=asm" "Mozilla/5.0 (iPhone; CPU iPhone OS 11_0 like Mac OS X) AppleWebKit/604.1.38 (KHTML, like Gecko) Mobile/15A372JLAMPMode:iPhone"
192.168.253.2 - - [27/Jul/2018:14:51:31 +0800] "POST /JLAMPCommon/langBatchRows_prc HTTP/1.1" 200 13022 "http://merp.yudo.com.cn:8183/WEI_2100/WEI_2100?formKey=M20180727T144720413&menuSelection=asm" "Mozilla/5.0 (iPhone; CPU iPhone OS 11_0 like Mac OS X) AppleWebKit/604.1.38 (KHTML, like Gecko) Mobile/15A372JLAMPMode:iPhone"
192.168.253.2 - - [27/Jul/2018:14:51:31 +0800] "GET /JLAMPCommon/getCookieJson_prc HTTP/1.1" 200 841 "http://merp.yudo.com.cn:8183/WEI_2100/WEI_2100?formKey=M20180727T144720413&menuSelection=asm" "Mozilla/5.0 (iPhone; CPU iPhone OS 11_0 like Mac OS X) AppleWebKit/604.1.38 (KHTML, like Gecko) Mobile/15A372JLAMPMode:iPhone"
192.168.253.2 - - [27/Jul/2018:14:51:32 +0800] "GET /WEI_2100/login_user HTTP/1.1" 200 155 "http://merp.yudo.com.cn:8183/WEI_2100/WEI_2100?formKey=M20180727T144720413&menuSelection=asm" "Mozilla/5.0 (iPhone; CPU iPhone OS 11_0 like Mac OS X) AppleWebKit/604.1.38 (KHTML, like Gecko) Mobile/15A372JLAMPMode:iPhone"
192.168.253.2 - - [27/Jul/2018:14:51:32 +0800] "GET /WEI_2100/systemclass_big_prc?bigsysid=asclass1 HTTP/1.1" 200 475 "http://merp.yudo.com.cn:8183/WEI_2100/WEI_2100?formKey=M20180727T144720413&menuSelection=asm" "Mozilla/5.0 (iPhone; CPU iPhone OS 11_0 like Mac OS X) AppleWebKit/604.1.38 (KHTML, like Gecko) Mobile/15A372JLAMPMode:iPhone"
192.168.253.2 - - [27/Jul/2018:14:51:32 +0800] "GET /WEI_2100/systemclass_big_prc?bigsysid=area HTTP/1.1" 200 751 "http://merp.yudo.com.cn:8183/WEI_2100/WEI_2100?formKey=M20180727T144720413&menuSelection=asm" "Mozilla/5.0 (iPhone; CPU iPhone OS 11_0 like Mac OS X) AppleWebKit/604.1.38 (KHTML, like Gecko) Mobile/15A372JLAMPMode:iPhone"
192.168.253.2 - - [27/Jul/2018:14:51:33 +0800] "GET /WEI_2100/systemclass_big_prc?bigsysid=asbadtype HTTP/1.1" 200 152 "http://merp.yudo.com.cn:8183/WEI_2100/WEI_2100?formKey=M20180727T144720413&menuSelection=asm" "Mozilla/5.0 (iPhone; CPU iPhone OS 11_0 like Mac OS X) AppleWebKit/604.1.38 (KHTML, like Gecko) Mobile/15A372JLAMPMode:iPhone"
192.168.253.2 - - [27/Jul/2018:14:51:32 +0800] "GET /WEI_2100/systemclass_big_prc?bigsysid=markets HTTP/1.1" 200 512 "http://merp.yudo.com.cn:8183/WEI_2100/WEI_2100?formKey=M20180727T144720413&menuSelection=asm" "Mozilla/5.0 (iPhone; CPU iPhone OS 11_0 like Mac OS X) AppleWebKit/604.1.38 (KHTML, like Gecko) Mobile/15A372JLAMPMode:iPhone"
192.168.253.2 - - [27/Jul/2018:14:51:34 +0800] "GET /WEI_2100/systemclass_big_prc?bigsysid=asclass HTTP/1.1" 200 264 "http://merp.yudo.com.cn:8183/WEI_2100/WEI_2100?formKey=M20180727T144720413&menuSelection=asm" "Mozilla/5.0 (iPhone; CPU iPhone OS 11_0 like Mac OS X) AppleWebKit/604.1.38 (KHTML, like Gecko) Mobile/15A372JLAMPMode:iPhone"
192.168.253.2 - - [27/Jul/2018:14:51:33 +0800] "GET /WEI_2100/systemclass_big_prc?bigsysid=supplyscope HTTP/1.1" 200 302 "http://merp.yudo.com.cn:8183/WEI_2100/WEI_2100?formKey=M20180727T144720413&menuSelection=asm" "Mozilla/5.0 (iPhone; CPU iPhone OS 11_0 like Mac OS X) AppleWebKit/604.1.38 (KHTML, like Gecko) Mobile/15A372JLAMPMode:iPhone"
192.168.253.2 - - [27/Jul/2018:14:51:34 +0800] "GET /WEI_2100/as_unit HTTP/1.1" 200 1002 "http://merp.yudo.com.cn:8183/WEI_2100/WEI_2100?formKey=M20180727T144720413&menuSelection=asm" "Mozilla/5.0 (iPhone; CPU iPhone OS 11_0 like Mac OS X) AppleWebKit/604.1.38 (KHTML, like Gecko) Mobile/15A372JLAMPMode:iPhone"
