112.96.112.84 - - [21/May/2019:13:22:32 +0800] "GET /WEI_2100/systemclass_mini_prc?bigsysid=SA10340020&minisysid=supplyscope_c1 HTTP/1.1" 200 1053 "http://merp.yudo.com.cn:8183/WEI_2100/WEI_2100?formKey=Menu&menuSelection=asm" "Mozilla/5.0 (iPhone; CPU iPhone OS 12_3 like Mac OS X) AppleWebKit/605.1.15 (KHTML, like Gecko) Mobile/15E148JLAMPMode:iPhone"
::1 - - [21/May/2019:13:22:36 +0800] "OPTIONS * HTTP/1.0" 200 - "-" "Apache/2.4.6 (CentOS) PHP/5.6.32 (internal dummy connection)"
112.96.112.84 - - [21/May/2019:13:22:39 +0800] "GET /WEI_2100/as_photo?asid=2019050769 HTTP/1.1" 200 368 "http://merp.yudo.com.cn:8183/WEI_2100/WEI_2100?formKey=Menu&menuSelection=asm" "Mozilla/5.0 (iPhone; CPU iPhone OS 12_3 like Mac OS X) AppleWebKit/605.1.15 (KHTML, like Gecko) Mobile/15E148JLAMPMode:iPhone"
112.96.112.84 - - [21/May/2019:13:22:40 +0800] "GET /image/uploads/AS/ASReceipt/201905/2019050769/2019050438-02.JPG HTTP/1.1" 200 53873 "http://merp.yudo.com.cn:8183/WEI_2100/WEI_2100?formKey=Menu&menuSelection=asm" "Mozilla/5.0 (iPhone; CPU iPhone OS 12_3 like Mac OS X) AppleWebKit/605.1.15 (KHTML, like Gecko) Mobile/15E148JLAMPMode:iPhone"
112.96.112.84 - - [21/May/2019:13:22:40 +0800] "GET /image/uploads/AS/ASReceipt/201905/2019050769/2019050769-01.JPG HTTP/1.1" 200 215088 "http://merp.yudo.com.cn:8183/WEI_2100/WEI_2100?formKey=Menu&menuSelection=asm" "Mozilla/5.0 (iPhone; CPU iPhone OS 12_3 like Mac OS X) AppleWebKit/605.1.15 (KHTML, like Gecko) Mobile/15E148JLAMPMode:iPhone"
112.96.112.84 - - [21/May/2019:13:22:53 +0800] "POST /WEI_2100/WEI_2100/upload_photo HTTP/1.1" 200 85 "http://merp.yudo.com.cn:8183/WEI_2100/WEI_2100?formKey=Menu&menuSelection=asm" "Mozilla/5.0 (iPhone; CPU iPhone OS 12_3 like Mac OS X) AppleWebKit/605.1.15 (KHTML, like Gecko) Mobile/15E148JLAMPMode:iPhone"
112.96.112.84 - - [21/May/2019:13:22:55 +0800] "GET /WEI_2100/as_photo?asid=2019050769 HTTP/1.1" 200 531 "http://merp.yudo.com.cn:8183/WEI_2100/WEI_2100?formKey=Menu&menuSelection=asm" "Mozilla/5.0 (iPhone; CPU iPhone OS 12_3 like Mac OS X) AppleWebKit/605.1.15 (KHTML, like Gecko) Mobile/15E148JLAMPMode:iPhone"
112.96.112.84 - - [21/May/2019:13:22:55 +0800] "GET /image/uploads/AS/ASReceipt/201905/2019050769/M20190521012254687.jpg HTTP/1.1" 200 39775 "http://merp.yudo.com.cn:8183/WEI_2100/WEI_2100?formKey=Menu&menuSelection=asm" "Mozilla/5.0 (iPhone; CPU iPhone OS 12_3 like Mac OS X) AppleWebKit/605.1.15 (KHTML, like Gecko) Mobile/15E148JLAMPMode:iPhone"
112.96.112.84 - - [21/May/2019:13:23:00 +0800] "POST /WEI_2100/save_as HTTP/1.1" 200 76 "http://merp.yudo.com.cn:8183/WEI_2100/WEI_2100?formKey=Menu&menuSelection=asm" "Mozilla/5.0 (iPhone; CPU iPhone OS 12_3 like Mac OS X) AppleWebKit/605.1.15 (KHTML, like Gecko) Mobile/15E148JLAMPMode:iPhone"
112.96.112.84 - - [21/May/2019:13:23:00 +0800] "GET /WEI_2100/as_minute?asid=2019050769 HTTP/1.1" 200 2316 "http://merp.yudo.com.cn:8183/WEI_2100/WEI_2100?formKey=Menu&menuSelection=asm" "Mozilla/5.0 (iPhone; CPU iPhone OS 12_3 like Mac OS X) AppleWebKit/605.1.15 (KHTML, like Gecko) Mobile/15E148JLAMPMode:iPhone"
112.96.112.84 - - [21/May/2019:13:23:01 +0800] "GET /WEI_2100/as_minute_table?asid=2019050769 HTTP/1.1" 200 479 "http://merp.yudo.com.cn:8183/WEI_2100/WEI_2100?formKey=Menu&menuSelection=asm" "Mozilla/5.0 (iPhone; CPU iPhone OS 12_3 like Mac OS X) AppleWebKit/605.1.15 (KHTML, like Gecko) Mobile/15E148JLAMPMode:iPhone"
112.96.112.84 - - [21/May/2019:13:23:02 +0800] "GET /WEI_2100/systemclass_mini_prc?bigsysid=AS10110010&minisysid=ascause_c HTTP/1.1" 200 869 "http://merp.yudo.com.cn:8183/WEI_2100/WEI_2100?formKey=Menu&menuSelection=asm" "Mozilla/5.0 (iPhone; CPU iPhone OS 12_3 like Mac OS X) AppleWebKit/605.1.15 (KHTML, like Gecko) Mobile/15E148JLAMPMode:iPhone"
112.96.112.84 - - [21/May/2019:13:23:02 +0800] "GET /WEI_2100/systemclass_mini_prc?bigsysid=AS10060050&minisysid=asclass1_c HTTP/1.1" 200 844 "http://merp.yudo.com.cn:8183/WEI_2100/WEI_2100?formKey=Menu&menuSelection=asm" "Mozilla/5.0 (iPhone; CPU iPhone OS 12_3 like Mac OS X) AppleWebKit/605.1.15 (KHTML, like Gecko) Mobile/15E148JLAMPMode:iPhone"
112.96.112.84 - - [21/May/2019:13:23:02 +0800] "GET /WEI_2100/systemclass_mini_prc?bigsysid=SA10340020&minisysid=supplyscope_c1 HTTP/1.1" 200 1053 "http://merp.yudo.com.cn:8183/WEI_2100/WEI_2100?formKey=Menu&menuSelection=asm" "Mozilla/5.0 (iPhone; CPU iPhone OS 12_3 like Mac OS X) AppleWebKit/605.1.15 (KHTML, like Gecko) Mobile/15E148JLAMPMode:iPhone"
112.96.112.84 - - [21/May/2019:13:23:02 +0800] "GET /WEI_2100/systemclass_mini_prc?bigsysid=SA10380516&minisysid=supplyscope_c5 HTTP/1.1" 200 615 "http://merp.yudo.com.cn:8183/WEI_2100/WEI_2100?formKey=Menu&menuSelection=asm" "Mozilla/5.0 (iPhone; CPU iPhone OS 12_3 like Mac OS X) AppleWebKit/605.1.15 (KHTML, like Gecko) Mobile/15E148JLAMPMode:iPhone"
112.96.112.84 - - [21/May/2019:13:23:02 +0800] "GET /WEI_2100/systemclass_mini_prc?bigsysid=SA10370335&minisysid=supplyscope_c4 HTTP/1.1" 200 137 "http://merp.yudo.com.cn:8183/WEI_2100/WEI_2100?formKey=Menu&menuSelection=asm" "Mozilla/5.0 (iPhone; CPU iPhone OS 12_3 like Mac OS X) AppleWebKit/605.1.15 (KHTML, like Gecko) Mobile/15E148JLAMPMode:iPhone"
112.96.112.84 - - [21/May/2019:13:23:02 +0800] "GET /WEI_2100/systemclass_mini_prc?bigsysid=SA10360110&minisysid=supplyscope_c3 HTTP/1.1" 200 202 "http://merp.yudo.com.cn:8183/WEI_2100/WEI_2100?formKey=Menu&menuSelection=asm" "Mozilla/5.0 (iPhone; CPU iPhone OS 12_3 like Mac OS X) AppleWebKit/605.1.15 (KHTML, like Gecko) Mobile/15E148JLAMPMode:iPhone"
112.96.112.84 - - [21/May/2019:13:23:02 +0800] "GET /WEI_2100/systemclass_mini_prc?bigsysid=SA10350063&minisysid=supplyscope_c2 HTTP/1.1" 200 99 "http://merp.yudo.com.cn:8183/WEI_2100/WEI_2100?formKey=Menu&menuSelection=asm" "Mozilla/5.0 (iPhone; CPU iPhone OS 12_3 like Mac OS X) AppleWebKit/605.1.15 (KHTML, like Gecko) Mobile/15E148JLAMPMode:iPhone"
::1 - - [21/May/2019:13:23:06 +0800] "OPTIONS * HTTP/1.0" 200 - "-" "Apache/2.4.6 (CentOS) PHP/5.6.32 (internal dummy connection)"
112.96.112.84 - - [21/May/2019:13:25:00 +0800] "POST /WEI_2100/save_astable HTTP/1.1" 200 293 "http://merp.yudo.com.cn:8183/WEI_2100/WEI_2100?formKey=Menu&menuSelection=asm" "Mozilla/5.0 (iPhone; CPU iPhone OS 12_3 like Mac OS X) AppleWebKit/605.1.15 (KHTML, like Gecko) Mobile/15E148JLAMPMode:iPhone"
112.96.112.84 - - [21/May/2019:13:25:00 +0800] "GET /WEI_2100/as_minute_table?asid=2019050769 HTTP/1.1" 200 479 "http://merp.yudo.com.cn:8183/WEI_2100/WEI_2100?formKey=Menu&menuSelection=asm" "Mozilla/5.0 (iPhone; CPU iPhone OS 12_3 like Mac OS X) AppleWebKit/605.1.15 (KHTML, like Gecko) Mobile/15E148JLAMPMode:iPhone"
112.96.112.84 - - [21/May/2019:13:25:55 +0800] "POST /WEI_2100/save_astable HTTP/1.1" 200 340 "http://merp.yudo.com.cn:8183/WEI_2100/WEI_2100?formKey=Menu&menuSelection=asm" "Mozilla/5.0 (iPhone; CPU iPhone OS 12_3 like Mac OS X) AppleWebKit/605.1.15 (KHTML, like Gecko) Mobile/15E148JLAMPMode:iPhone"
112.96.112.84 - - [21/May/2019:13:25:55 +0800] "GET /WEI_2100/as_minute_table?asid=2019050769 HTTP/1.1" 200 526 "http://merp.yudo.com.cn:8183/WEI_2100/WEI_2100?formKey=Menu&menuSelection=asm" "Mozilla/5.0 (iPhone; CPU iPhone OS 12_3 like Mac OS X) AppleWebKit/605.1.15 (KHTML, like Gecko) Mobile/15E148JLAMPMode:iPhone"
112.96.112.84 - - [21/May/2019:13:26:13 +0800] "POST /WEI_2100/save_astable HTTP/1.1" 200 340 "http://merp.yudo.com.cn:8183/WEI_2100/WEI_2100?formKey=Menu&menuSelection=asm" "Mozilla/5.0 (iPhone; CPU iPhone OS 12_3 like Mac OS X) AppleWebKit/605.1.15 (KHTML, like Gecko) Mobile/15E148JLAMPMode:iPhone"
112.96.112.84 - - [21/May/2019:13:26:13 +0800] "GET /WEI_2100/as_minute_table?asid=2019050769 HTTP/1.1" 200 526 "http://merp.yudo.com.cn:8183/WEI_2100/WEI_2100?formKey=Menu&menuSelection=asm" "Mozilla/5.0 (iPhone; CPU iPhone OS 12_3 like Mac OS X) AppleWebKit/605.1.15 (KHTML, like Gecko) Mobile/15E148JLAMPMode:iPhone"
112.96.112.84 - - [21/May/2019:13:26:45 +0800] "POST /WEI_2100/save_as HTTP/1.1" 200 76 "http://merp.yudo.com.cn:8183/WEI_2100/WEI_2100?formKey=Menu&menuSelection=asm" "Mozilla/5.0 (iPhone; CPU iPhone OS 12_3 like Mac OS X) AppleWebKit/605.1.15 (KHTML, like Gecko) Mobile/15E148JLAMPMode:iPhone"
112.96.112.84 - - [21/May/2019:13:26:45 +0800] "GET /WEI_2100/as_minute?asid=2019050769 HTTP/1.1" 200 2316 "http://merp.yudo.com.cn:8183/WEI_2100/WEI_2100?formKey=Menu&menuSelection=asm" "Mozilla/5.0 (iPhone; CPU iPhone OS 12_3 like Mac OS X) AppleWebKit/605.1.15 (KHTML, like Gecko) Mobile/15E148JLAMPMode:iPhone"
112.96.112.84 - - [21/May/2019:13:26:45 +0800] "GET /WEI_2100/as_minute_table?asid=2019050769 HTTP/1.1" 200 526 "http://merp.yudo.com.cn:8183/WEI_2100/WEI_2100?formKey=Menu&menuSelection=asm" "Mozilla/5.0 (iPhone; CPU iPhone OS 12_3 like Mac OS X) AppleWebKit/605.1.15 (KHTML, like Gecko) Mobile/15E148JLAMPMode:iPhone"
112.96.112.84 - - [21/May/2019:13:26:46 +0800] "GET /WEI_2100/systemclass_mini_prc?bigsysid=AS10110010&minisysid=ascause_c HTTP/1.1" 200 869 "http://merp.yudo.com.cn:8183/WEI_2100/WEI_2100?formKey=Menu&menuSelection=asm" "Mozilla/5.0 (iPhone; CPU iPhone OS 12_3 like Mac OS X) AppleWebKit/605.1.15 (KHTML, like Gecko) Mobile/15E148JLAMPMode:iPhone"
112.96.112.84 - - [21/May/2019:13:26:46 +0800] "GET /WEI_2100/systemclass_mini_prc?bigsysid=SA10340020&minisysid=supplyscope_c1 HTTP/1.1" 200 1053 "http://merp.yudo.com.cn:8183/WEI_2100/WEI_2100?formKey=Menu&menuSelection=asm" "Mozilla/5.0 (iPhone; CPU iPhone OS 12_3 like Mac OS X) AppleWebKit/605.1.15 (KHTML, like Gecko) Mobile/15E148JLAMPMode:iPhone"
112.96.112.84 - - [21/May/2019:13:26:46 +0800] "GET /WEI_2100/systemclass_mini_prc?bigsysid=SA10360110&minisysid=supplyscope_c3 HTTP/1.1" 200 202 "http://merp.yudo.com.cn:8183/WEI_2100/WEI_2100?formKey=Menu&menuSelection=asm" "Mozilla/5.0 (iPhone; CPU iPhone OS 12_3 like Mac OS X) AppleWebKit/605.1.15 (KHTML, like Gecko) Mobile/15E148JLAMPMode:iPhone"
112.96.112.84 - - [21/May/2019:13:26:46 +0800] "GET /WEI_2100/systemclass_mini_prc?bigsysid=SA10350063&minisysid=supplyscope_c2 HTTP/1.1" 200 99 "http://merp.yudo.com.cn:8183/WEI_2100/WEI_2100?formKey=Menu&menuSelection=asm" "Mozilla/5.0 (iPhone; CPU iPhone OS 12_3 like Mac OS X) AppleWebKit/605.1.15 (KHTML, like Gecko) Mobile/15E148JLAMPMode:iPhone"
112.96.112.84 - - [21/May/2019:13:26:46 +0800] "GET /WEI_2100/systemclass_mini_prc?bigsysid=SA10370335&minisysid=supplyscope_c4 HTTP/1.1" 200 137 "http://merp.yudo.com.cn:8183/WEI_2100/WEI_2100?formKey=Menu&menuSelection=asm" "Mozilla/5.0 (iPhone; CPU iPhone OS 12_3 like Mac OS X) AppleWebKit/605.1.15 (KHTML, like Gecko) Mobile/15E148JLAMPMode:iPhone"
112.96.112.84 - - [21/May/2019:13:26:46 +0800] "GET /WEI_2100/systemclass_mini_prc?bigsysid=AS10060050&minisysid=asclass1_c HTTP/1.1" 200 844 "http://merp.yudo.com.cn:8183/WEI_2100/WEI_2100?formKey=Menu&menuSelection=asm" "Mozilla/5.0 (iPhone; CPU iPhone OS 12_3 like Mac OS X) AppleWebKit/605.1.15 (KHTML, like Gecko) Mobile/15E148JLAMPMode:iPhone"
112.96.112.84 - - [21/May/2019:13:26:47 +0800] "GET /WEI_2100/systemclass_mini_prc?bigsysid=SA10380516&minisysid=supplyscope_c5 HTTP/1.1" 200 615 "http://merp.yudo.com.cn:8183/WEI_2100/WEI_2100?formKey=Menu&menuSelection=asm" "Mozilla/5.0 (iPhone; CPU iPhone OS 12_3 like Mac OS X) AppleWebKit/605.1.15 (KHTML, like Gecko) Mobile/15E148JLAMPMode:iPhone"
::1 - - [21/May/2019:13:26:50 +0800] "OPTIONS * HTTP/1.0" 200 - "-" "Apache/2.4.6 (CentOS) PHP/5.6.32 (internal dummy connection)"
112.96.112.84 - - [21/May/2019:13:27:09 +0800] "GET /WEI_2100/as_prc?asid=&custnm=&userNm=&startDate=2019-05-01&endDate=2019-05-21&ascount=0 HTTP/1.1" 200 6024 "http://merp.yudo.com.cn:8183/WEI_2100/WEI_2100?formKey=Menu&menuSelection=asm" "Mozilla/5.0 (iPhone; CPU iPhone OS 12_3 like Mac OS X) AppleWebKit/605.1.15 (KHTML, like Gecko) Mobile/15E148JLAMPMode:iPhone"
112.96.112.84 - - [21/May/2019:13:27:30 +0800] "GET /WEI_2100/as_minute?asid=2019050769 HTTP/1.1" 200 2316 "http://merp.yudo.com.cn:8183/WEI_2100/WEI_2100?formKey=Menu&menuSelection=asm" "Mozilla/5.0 (iPhone; CPU iPhone OS 12_3 like Mac OS X) AppleWebKit/605.1.15 (KHTML, like Gecko) Mobile/15E148JLAMPMode:iPhone"
112.96.112.84 - - [21/May/2019:13:27:30 +0800] "GET /WEI_2100/as_minute_table?asid=2019050769 HTTP/1.1" 200 526 "http://merp.yudo.com.cn:8183/WEI_2100/WEI_2100?formKey=Menu&menuSelection=asm" "Mozilla/5.0 (iPhone; CPU iPhone OS 12_3 like Mac OS X) AppleWebKit/605.1.15 (KHTML, like Gecko) Mobile/15E148JLAMPMode:iPhone"
112.96.112.84 - - [21/May/2019:13:27:31 +0800] "GET /WEI_2100/systemclass_mini_prc?bigsysid=AS10110010&minisysid=ascause_c HTTP/1.1" 200 869 "http://merp.yudo.com.cn:8183/WEI_2100/WEI_2100?formKey=Menu&menuSelection=asm" "Mozilla/5.0 (iPhone; CPU iPhone OS 12_3 like Mac OS X) AppleWebKit/605.1.15 (KHTML, like Gecko) Mobile/15E148JLAMPMode:iPhone"
112.96.112.84 - - [21/May/2019:13:27:31 +0800] "GET /WEI_2100/systemclass_mini_prc?bigsysid=SA10350063&minisysid=supplyscope_c2 HTTP/1.1" 200 99 "http://merp.yudo.com.cn:8183/WEI_2100/WEI_2100?formKey=Menu&menuSelection=asm" "Mozilla/5.0 (iPhone; CPU iPhone OS 12_3 like Mac OS X) AppleWebKit/605.1.15 (KHTML, like Gecko) Mobile/15E148JLAMPMode:iPhone"
112.96.112.84 - - [21/May/2019:13:27:31 +0800] "GET /WEI_2100/systemclass_mini_prc?bigsysid=SA10370335&minisysid=supplyscope_c4 HTTP/1.1" 200 137 "http://merp.yudo.com.cn:8183/WEI_2100/WEI_2100?formKey=Menu&menuSelection=asm" "Mozilla/5.0 (iPhone; CPU iPhone OS 12_3 like Mac OS X) AppleWebKit/605.1.15 (KHTML, like Gecko) Mobile/15E148JLAMPMode:iPhone"
112.96.112.84 - - [21/May/2019:13:27:31 +0800] "GET /WEI_2100/systemclass_mini_prc?bigsysid=SA10360110&minisysid=supplyscope_c3 HTTP/1.1" 200 202 "http://merp.yudo.com.cn:8183/WEI_2100/WEI_2100?formKey=Menu&menuSelection=asm" "Mozilla/5.0 (iPhone; CPU iPhone OS 12_3 like Mac OS X) AppleWebKit/605.1.15 (KHTML, like Gecko) Mobile/15E148JLAMPMode:iPhone"
112.96.112.84 - - [21/May/2019:13:27:31 +0800] "GET /WEI_2100/systemclass_mini_prc?bigsysid=AS10060050&minisysid=asclass1_c HTTP/1.1" 200 844 "http://merp.yudo.com.cn:8183/WEI_2100/WEI_2100?formKey=Menu&menuSelection=asm" "Mozilla/5.0 (iPhone; CPU iPhone OS 12_3 like Mac OS X) AppleWebKit/605.1.15 (KHTML, like Gecko) Mobile/15E148JLAMPMode:iPhone"
112.96.112.84 - - [21/May/2019:13:27:32 +0800] "GET /WEI_2100/systemclass_mini_prc?bigsysid=SA10380516&minisysid=supplyscope_c5 HTTP/1.1" 200 615 "http://merp.yudo.com.cn:8183/WEI_2100/WEI_2100?formKey=Menu&menuSelection=asm" "Mozilla/5.0 (iPhone; CPU iPhone OS 12_3 like Mac OS X) AppleWebKit/605.1.15 (KHTML, like Gecko) Mobile/15E148JLAMPMode:iPhone"
112.96.112.84 - - [21/May/2019:13:27:31 +0800] "GET /WEI_2100/systemclass_mini_prc?bigsysid=SA10340020&minisysid=supplyscope_c1 HTTP/1.1" 200 1053 "http://merp.yudo.com.cn:8183/WEI_2100/WEI_2100?formKey=Menu&menuSelection=asm" "Mozilla/5.0 (iPhone; CPU iPhone OS 12_3 like Mac OS X) AppleWebKit/605.1.15 (KHTML, like Gecko) Mobile/15E148JLAMPMode:iPhone"
::1 - - [21/May/2019:13:27:35 +0800] "OPTIONS * HTTP/1.0" 200 - "-" "Apache/2.4.6 (CentOS) PHP/5.6.32 (internal dummy connection)"
112.96.112.84 - - [21/May/2019:13:27:41 +0800] "GET /WEI_2100/as_minute?asid=2019050771 HTTP/1.1" 200 2490 "http://merp.yudo.com.cn:8183/WEI_2100/WEI_2100?formKey=Menu&menuSelection=asm" "Mozilla/5.0 (iPhone; CPU iPhone OS 12_3 like Mac OS X) AppleWebKit/605.1.15 (KHTML, like Gecko) Mobile/15E148JLAMPMode:iPhone"
112.96.112.84 - - [21/May/2019:13:27:41 +0800] "GET /WEI_2100/as_minute_table?asid=2019050771 HTTP/1.1" 200 479 "http://merp.yudo.com.cn:8183/WEI_2100/WEI_2100?formKey=Menu&menuSelection=asm" "Mozilla/5.0 (iPhone; CPU iPhone OS 12_3 like Mac OS X) AppleWebKit/605.1.15 (KHTML, like Gecko) Mobile/15E148JLAMPMode:iPhone"
112.96.112.84 - - [21/May/2019:13:27:42 +0800] "GET /WEI_2100/systemclass_mini_prc?bigsysid=AS10110020&minisysid=ascause_c HTTP/1.1" 200 107 "http://merp.yudo.com.cn:8183/WEI_2100/WEI_2100?formKey=Menu&menuSelection=asm" "Mozilla/5.0 (iPhone; CPU iPhone OS 12_3 like Mac OS X) AppleWebKit/605.1.15 (KHTML, like Gecko) Mobile/15E148JLAMPMode:iPhone"
112.96.112.84 - - [21/May/2019:13:27:42 +0800] "GET /WEI_2100/systemclass_mini_prc?bigsysid=SA10350063&minisysid=supplyscope_c2 HTTP/1.1" 200 99 "http://merp.yudo.com.cn:8183/WEI_2100/WEI_2100?formKey=Menu&menuSelection=asm" "Mozilla/5.0 (iPhone; CPU iPhone OS 12_3 like Mac OS X) AppleWebKit/605.1.15 (KHTML, like Gecko) Mobile/15E148JLAMPMode:iPhone"
112.96.112.84 - - [21/May/2019:13:27:42 +0800] "GET /WEI_2100/systemclass_mini_prc?bigsysid=SA10340020&minisysid=supplyscope_c1 HTTP/1.1" 200 1053 "http://merp.yudo.com.cn:8183/WEI_2100/WEI_2100?formKey=Menu&menuSelection=asm" "Mozilla/5.0 (iPhone; CPU iPhone OS 12_3 like Mac OS X) AppleWebKit/605.1.15 (KHTML, like Gecko) Mobile/15E148JLAMPMode:iPhone"
112.96.112.84 - - [21/May/2019:13:27:42 +0800] "GET /WEI_2100/systemclass_mini_prc?bigsysid=SA10360110&minisysid=supplyscope_c3 HTTP/1.1" 200 202 "http://merp.yudo.com.cn:8183/WEI_2100/WEI_2100?formKey=Menu&menuSelection=asm" "Mozilla/5.0 (iPhone; CPU iPhone OS 12_3 like Mac OS X) AppleWebKit/605.1.15 (KHTML, like Gecko) Mobile/15E148JLAMPMode:iPhone"
112.96.112.84 - - [21/May/2019:13:27:42 +0800] "GET /WEI_2100/systemclass_mini_prc?bigsysid=AS10060060&minisysid=asclass1_c HTTP/1.1" 200 176 "http://merp.yudo.com.cn:8183/WEI_2100/WEI_2100?formKey=Menu&menuSelection=asm" "Mozilla/5.0 (iPhone; CPU iPhone OS 12_3 like Mac OS X) AppleWebKit/605.1.15 (KHTML, like Gecko) Mobile/15E148JLAMPMode:iPhone"
112.96.112.84 - - [21/May/2019:13:27:43 +0800] "GET /WEI_2100/systemclass_mini_prc?bigsysid=SA10380516&minisysid=supplyscope_c5 HTTP/1.1" 200 615 "http://merp.yudo.com.cn:8183/WEI_2100/WEI_2100?formKey=Menu&menuSelection=asm" "Mozilla/5.0 (iPhone; CPU iPhone OS 12_3 like Mac OS X) AppleWebKit/605.1.15 (KHTML, like Gecko) Mobile/15E148JLAMPMode:iPhone"
112.96.112.84 - - [21/May/2019:13:27:42 +0800] "GET /WEI_2100/systemclass_mini_prc?bigsysid=SA10370335&minisysid=supplyscope_c4 HTTP/1.1" 200 137 "http://merp.yudo.com.cn:8183/WEI_2100/WEI_2100?formKey=Menu&menuSelection=asm" "Mozilla/5.0 (iPhone; CPU iPhone OS 12_3 like Mac OS X) AppleWebKit/605.1.15 (KHTML, like Gecko) Mobile/15E148JLAMPMode:iPhone"
::1 - - [21/May/2019:13:27:47 +0800] "OPTIONS * HTTP/1.0" 200 - "-" "Apache/2.4.6 (CentOS) PHP/5.6.32 (internal dummy connection)"
112.96.112.84 - - [21/May/2019:13:27:57 +0800] "GET /WEI_2100/systemclass_mini_prc?bigsysid=AS10110010&minisysid=ascause_c HTTP/1.1" 200 869 "http://merp.yudo.com.cn:8183/WEI_2100/WEI_2100?formKey=Menu&menuSelection=asm" "Mozilla/5.0 (iPhone; CPU iPhone OS 12_3 like Mac OS X) AppleWebKit/605.1.15 (KHTML, like Gecko) Mobile/15E148JLAMPMode:iPhone"
112.96.112.84 - - [21/May/2019:13:28:06 +0800] "GET /WEI_2100/systemclass_mini_prc?bigsysid=AS10060050&minisysid=asclass1_c HTTP/1.1" 200 844 "http://merp.yudo.com.cn:8183/WEI_2100/WEI_2100?formKey=Menu&menuSelection=asm" "Mozilla/5.0 (iPhone; CPU iPhone OS 12_3 like Mac OS X) AppleWebKit/605.1.15 (KHTML, like Gecko) Mobile/15E148JLAMPMode:iPhone"
112.96.112.84 - - [21/May/2019:13:30:07 +0800] "GET /WEI_2100/as_photo?asid=2019050771 HTTP/1.1" 200 368 "http://merp.yudo.com.cn:8183/WEI_2100/WEI_2100?formKey=Menu&menuSelection=asm" "Mozilla/5.0 (iPhone; CPU iPhone OS 12_3 like Mac OS X) AppleWebKit/605.1.15 (KHTML, like Gecko) Mobile/15E148JLAMPMode:iPhone"
112.96.112.84 - - [21/May/2019:13:30:16 +0800] "GET /image/uploads/AS/ASReceipt/201905/2019050771/2019050439-01.JPG HTTP/1.1" 200 56331 "http://merp.yudo.com.cn:8183/WEI_2100/WEI_2100?formKey=Menu&menuSelection=asm" "Mozilla/5.0 (iPhone; CPU iPhone OS 12_3 like Mac OS X) AppleWebKit/605.1.15 (KHTML, like Gecko) Mobile/15E148JLAMPMode:iPhone"
112.96.112.84 - - [21/May/2019:13:30:16 +0800] "GET /image/uploads/AS/ASReceipt/201905/2019050771/2019050771-01.JPG HTTP/1.1" 200 212292 "http://merp.yudo.com.cn:8183/WEI_2100/WEI_2100?formKey=Menu&menuSelection=asm" "Mozilla/5.0 (iPhone; CPU iPhone OS 12_3 like Mac OS X) AppleWebKit/605.1.15 (KHTML, like Gecko) Mobile/15E148JLAMPMode:iPhone"
112.96.112.84 - - [21/May/2019:13:30:27 +0800] "POST /WEI_2100/WEI_2100/upload_photo HTTP/1.1" 200 85 "http://merp.yudo.com.cn:8183/WEI_2100/WEI_2100?formKey=Menu&menuSelection=asm" "Mozilla/5.0 (iPhone; CPU iPhone OS 12_3 like Mac OS X) AppleWebKit/605.1.15 (KHTML, like Gecko) Mobile/15E148JLAMPMode:iPhone"
112.96.112.84 - - [21/May/2019:13:30:28 +0800] "GET /WEI_2100/as_photo?asid=2019050771 HTTP/1.1" 200 531 "http://merp.yudo.com.cn:8183/WEI_2100/WEI_2100?formKey=Menu&menuSelection=asm" "Mozilla/5.0 (iPhone; CPU iPhone OS 12_3 like Mac OS X) AppleWebKit/605.1.15 (KHTML, like Gecko) Mobile/15E148JLAMPMode:iPhone"
112.96.112.84 - - [21/May/2019:13:30:29 +0800] "GET /image/uploads/AS/ASReceipt/201905/2019050771/M20190521013027625.jpg HTTP/1.1" 200 39775 "http://merp.yudo.com.cn:8183/WEI_2100/WEI_2100?formKey=Menu&menuSelection=asm" "Mozilla/5.0 (iPhone; CPU iPhone OS 12_3 like Mac OS X) AppleWebKit/605.1.15 (KHTML, like Gecko) Mobile/15E148JLAMPMode:iPhone"
112.96.112.84 - - [21/May/2019:13:30:39 +0800] "POST /WEI_2100/save_astable HTTP/1.1" 200 293 "http://merp.yudo.com.cn:8183/WEI_2100/WEI_2100?formKey=Menu&menuSelection=asm" "Mozilla/5.0 (iPhone; CPU iPhone OS 12_3 like Mac OS X) AppleWebKit/605.1.15 (KHTML, like Gecko) Mobile/15E148JLAMPMode:iPhone"
112.96.112.84 - - [21/May/2019:13:30:40 +0800] "GET /WEI_2100/as_minute_table?asid=2019050771 HTTP/1.1" 200 479 "http://merp.yudo.com.cn:8183/WEI_2100/WEI_2100?formKey=Menu&menuSelection=asm" "Mozilla/5.0 (iPhone; CPU iPhone OS 12_3 like Mac OS X) AppleWebKit/605.1.15 (KHTML, like Gecko) Mobile/15E148JLAMPMode:iPhone"
112.96.112.84 - - [21/May/2019:13:30:47 +0800] "POST /WEI_2100/save_as HTTP/1.1" 200 76 "http://merp.yudo.com.cn:8183/WEI_2100/WEI_2100?formKey=Menu&menuSelection=asm" "Mozilla/5.0 (iPhone; CPU iPhone OS 12_3 like Mac OS X) AppleWebKit/605.1.15 (KHTML, like Gecko) Mobile/15E148JLAMPMode:iPhone"
112.96.112.84 - - [21/May/2019:13:30:47 +0800] "GET /WEI_2100/as_minute?asid=2019050771 HTTP/1.1" 200 2311 "http://merp.yudo.com.cn:8183/WEI_2100/WEI_2100?formKey=Menu&menuSelection=asm" "Mozilla/5.0 (iPhone; CPU iPhone OS 12_3 like Mac OS X) AppleWebKit/605.1.15 (KHTML, like Gecko) Mobile/15E148JLAMPMode:iPhone"
112.96.112.84 - - [21/May/2019:13:30:48 +0800] "GET /WEI_2100/as_minute_table?asid=2019050771 HTTP/1.1" 200 479 "http://merp.yudo.com.cn:8183/WEI_2100/WEI_2100?formKey=Menu&menuSelection=asm" "Mozilla/5.0 (iPhone; CPU iPhone OS 12_3 like Mac OS X) AppleWebKit/605.1.15 (KHTML, like Gecko) Mobile/15E148JLAMPMode:iPhone"
112.96.112.84 - - [21/May/2019:13:30:48 +0800] "GET /WEI_2100/systemclass_mini_prc?bigsysid=AS10110010&minisysid=ascause_c HTTP/1.1" 200 869 "http://merp.yudo.com.cn:8183/WEI_2100/WEI_2100?formKey=Menu&menuSelection=asm" "Mozilla/5.0 (iPhone; CPU iPhone OS 12_3 like Mac OS X) AppleWebKit/605.1.15 (KHTML, like Gecko) Mobile/15E148JLAMPMode:iPhone"
112.96.112.84 - - [21/May/2019:13:30:48 +0800] "GET /WEI_2100/systemclass_mini_prc?bigsysid=AS10060050&minisysid=asclass1_c HTTP/1.1" 200 844 "http://merp.yudo.com.cn:8183/WEI_2100/WEI_2100?formKey=Menu&menuSelection=asm" "Mozilla/5.0 (iPhone; CPU iPhone OS 12_3 like Mac OS X) AppleWebKit/605.1.15 (KHTML, like Gecko) Mobile/15E148JLAMPMode:iPhone"
112.96.112.84 - - [21/May/2019:13:30:48 +0800] "GET /WEI_2100/systemclass_mini_prc?bigsysid=SA10340020&minisysid=supplyscope_c1 HTTP/1.1" 200 1053 "http://merp.yudo.com.cn:8183/WEI_2100/WEI_2100?formKey=Menu&menuSelection=asm" "Mozilla/5.0 (iPhone; CPU iPhone OS 12_3 like Mac OS X) AppleWebKit/605.1.15 (KHTML, like Gecko) Mobile/15E148JLAMPMode:iPhone"
112.96.112.84 - - [21/May/2019:13:30:48 +0800] "GET /WEI_2100/systemclass_mini_prc?bigsysid=SA10360110&minisysid=supplyscope_c3 HTTP/1.1" 200 202 "http://merp.yudo.com.cn:8183/WEI_2100/WEI_2100?formKey=Menu&menuSelection=asm" "Mozilla/5.0 (iPhone; CPU iPhone OS 12_3 like Mac OS X) AppleWebKit/605.1.15 (KHTML, like Gecko) Mobile/15E148JLAMPMode:iPhone"
112.96.112.84 - - [21/May/2019:13:30:48 +0800] "GET /WEI_2100/systemclass_mini_prc?bigsysid=SA10370335&minisysid=supplyscope_c4 HTTP/1.1" 200 137 "http://merp.yudo.com.cn:8183/WEI_2100/WEI_2100?formKey=Menu&menuSelection=asm" "Mozilla/5.0 (iPhone; CPU iPhone OS 12_3 like Mac OS X) AppleWebKit/605.1.15 (KHTML, like Gecko) Mobile/15E148JLAMPMode:iPhone"
112.96.112.84 - - [21/May/2019:13:30:48 +0800] "GET /WEI_2100/systemclass_mini_prc?bigsysid=SA10350063&minisysid=supplyscope_c2 HTTP/1.1" 200 99 "http://merp.yudo.com.cn:8183/WEI_2100/WEI_2100?formKey=Menu&menuSelection=asm" "Mozilla/5.0 (iPhone; CPU iPhone OS 12_3 like Mac OS X) AppleWebKit/605.1.15 (KHTML, like Gecko) Mobile/15E148JLAMPMode:iPhone"
112.96.112.84 - - [21/May/2019:13:30:49 +0800] "GET /WEI_2100/systemclass_mini_prc?bigsysid=SA10380516&minisysid=supplyscope_c5 HTTP/1.1" 200 615 "http://merp.yudo.com.cn:8183/WEI_2100/WEI_2100?formKey=Menu&menuSelection=asm" "Mozilla/5.0 (iPhone; CPU iPhone OS 12_3 like Mac OS X) AppleWebKit/605.1.15 (KHTML, like Gecko) Mobile/15E148JLAMPMode:iPhone"
::1 - - [21/May/2019:13:30:52 +0800] "OPTIONS * HTTP/1.0" 200 - "-" "Apache/2.4.6 (CentOS) PHP/5.6.32 (internal dummy connection)"
112.96.112.84 - - [21/May/2019:13:30:53 +0800] "GET /WEI_2100/as_prc?asid=&custnm=&userNm=&startDate=2019-05-01&endDate=2019-05-21&ascount=0 HTTP/1.1" 200 6024 "http://merp.yudo.com.cn:8183/WEI_2100/WEI_2100?formKey=Menu&menuSelection=asm" "Mozilla/5.0 (iPhone; CPU iPhone OS 12_3 like Mac OS X) AppleWebKit/605.1.15 (KHTML, like Gecko) Mobile/15E148JLAMPMode:iPhone"
112.96.112.84 - - [21/May/2019:13:30:56 +0800] "GET /WEI_2100/as_prc?asid=&custnm=&userNm=&startDate=2019-05-01&endDate=2019-05-21&ascount=0 HTTP/1.1" 200 6024 "http://merp.yudo.com.cn:8183/WEI_2100/WEI_2100?formKey=Menu&menuSelection=asm" "Mozilla/5.0 (iPhone; CPU iPhone OS 12_3 like Mac OS X) AppleWebKit/605.1.15 (KHTML, like Gecko) Mobile/15E148JLAMPMode:iPhone"
112.96.112.84 - - [21/May/2019:13:30:57 +0800] "GET /WEI_2100/as_minute?asid=2019050769 HTTP/1.1" 200 2316 "http://merp.yudo.com.cn:8183/WEI_2100/WEI_2100?formKey=Menu&menuSelection=asm" "Mozilla/5.0 (iPhone; CPU iPhone OS 12_3 like Mac OS X) AppleWebKit/605.1.15 (KHTML, like Gecko) Mobile/15E148JLAMPMode:iPhone"
112.96.112.84 - - [21/May/2019:13:30:57 +0800] "GET /WEI_2100/as_minute_table?asid=2019050769 HTTP/1.1" 200 526 "http://merp.yudo.com.cn:8183/WEI_2100/WEI_2100?formKey=Menu&menuSelection=asm" "Mozilla/5.0 (iPhone; CPU iPhone OS 12_3 like Mac OS X) AppleWebKit/605.1.15 (KHTML, like Gecko) Mobile/15E148JLAMPMode:iPhone"
112.96.112.84 - - [21/May/2019:13:30:58 +0800] "GET /WEI_2100/systemclass_mini_prc?bigsysid=AS10110010&minisysid=ascause_c HTTP/1.1" 200 869 "http://merp.yudo.com.cn:8183/WEI_2100/WEI_2100?formKey=Menu&menuSelection=asm" "Mozilla/5.0 (iPhone; CPU iPhone OS 12_3 like Mac OS X) AppleWebKit/605.1.15 (KHTML, like Gecko) Mobile/15E148JLAMPMode:iPhone"
112.96.112.84 - - [21/May/2019:13:30:58 +0800] "GET /WEI_2100/systemclass_mini_prc?bigsysid=SA10370335&minisysid=supplyscope_c4 HTTP/1.1" 200 137 "http://merp.yudo.com.cn:8183/WEI_2100/WEI_2100?formKey=Menu&menuSelection=asm" "Mozilla/5.0 (iPhone; CPU iPhone OS 12_3 like Mac OS X) AppleWebKit/605.1.15 (KHTML, like Gecko) Mobile/15E148JLAMPMode:iPhone"
112.96.112.84 - - [21/May/2019:13:30:58 +0800] "GET /WEI_2100/systemclass_mini_prc?bigsysid=SA10350063&minisysid=supplyscope_c2 HTTP/1.1" 200 99 "http://merp.yudo.com.cn:8183/WEI_2100/WEI_2100?formKey=Menu&menuSelection=asm" "Mozilla/5.0 (iPhone; CPU iPhone OS 12_3 like Mac OS X) AppleWebKit/605.1.15 (KHTML, like Gecko) Mobile/15E148JLAMPMode:iPhone"
112.96.112.84 - - [21/May/2019:13:30:58 +0800] "GET /WEI_2100/systemclass_mini_prc?bigsysid=SA10360110&minisysid=supplyscope_c3 HTTP/1.1" 200 202 "http://merp.yudo.com.cn:8183/WEI_2100/WEI_2100?formKey=Menu&menuSelection=asm" "Mozilla/5.0 (iPhone; CPU iPhone OS 12_3 like Mac OS X) AppleWebKit/605.1.15 (KHTML, like Gecko) Mobile/15E148JLAMPMode:iPhone"
112.96.112.84 - - [21/May/2019:13:30:58 +0800] "GET /WEI_2100/systemclass_mini_prc?bigsysid=SA10380516&minisysid=supplyscope_c5 HTTP/1.1" 200 615 "http://merp.yudo.com.cn:8183/WEI_2100/WEI_2100?formKey=Menu&menuSelection=asm" "Mozilla/5.0 (iPhone; CPU iPhone OS 12_3 like Mac OS X) AppleWebKit/605.1.15 (KHTML, like Gecko) Mobile/15E148JLAMPMode:iPhone"
112.96.112.84 - - [21/May/2019:13:30:58 +0800] "GET /WEI_2100/systemclass_mini_prc?bigsysid=SA10340020&minisysid=supplyscope_c1 HTTP/1.1" 200 1053 "http://merp.yudo.com.cn:8183/WEI_2100/WEI_2100?formKey=Menu&menuSelection=asm" "Mozilla/5.0 (iPhone; CPU iPhone OS 12_3 like Mac OS X) AppleWebKit/605.1.15 (KHTML, like Gecko) Mobile/15E148JLAMPMode:iPhone"
112.96.112.84 - - [21/May/2019:13:30:58 +0800] "GET /WEI_2100/systemclass_mini_prc?bigsysid=AS10060050&minisysid=asclass1_c HTTP/1.1" 200 844 "http://merp.yudo.com.cn:8183/WEI_2100/WEI_2100?formKey=Menu&menuSelection=asm" "Mozilla/5.0 (iPhone; CPU iPhone OS 12_3 like Mac OS X) AppleWebKit/605.1.15 (KHTML, like Gecko) Mobile/15E148JLAMPMode:iPhone"
::1 - - [21/May/2019:13:31:02 +0800] "OPTIONS * HTTP/1.0" 200 - "-" "Apache/2.4.6 (CentOS) PHP/5.6.32 (internal dummy connection)"
112.96.112.84 - - [21/May/2019:13:31:39 +0800] "GET /WEI_2100/as_minute_table?asid=2019050771 HTTP/1.1" 200 479 "http://merp.yudo.com.cn:8183/WEI_2100/WEI_2100?formKey=Menu&menuSelection=asm" "Mozilla/5.0 (iPhone; CPU iPhone OS 12_3 like Mac OS X) AppleWebKit/605.1.15 (KHTML, like Gecko) Mobile/15E148JLAMPMode:iPhone"
112.96.112.84 - - [21/May/2019:13:31:39 +0800] "GET /WEI_2100/as_minute?asid=2019050771 HTTP/1.1" 200 2311 "http://merp.yudo.com.cn:8183/WEI_2100/WEI_2100?formKey=Menu&menuSelection=asm" "Mozilla/5.0 (iPhone; CPU iPhone OS 12_3 like Mac OS X) AppleWebKit/605.1.15 (KHTML, like Gecko) Mobile/15E148JLAMPMode:iPhone"
112.96.112.84 - - [21/May/2019:13:31:41 +0800] "GET /WEI_2100/systemclass_mini_prc?bigsysid=AS10110010&minisysid=ascause_c HTTP/1.1" 200 869 "http://merp.yudo.com.cn:8183/WEI_2100/WEI_2100?formKey=Menu&menuSelection=asm" "Mozilla/5.0 (iPhone; CPU iPhone OS 12_3 like Mac OS X) AppleWebKit/605.1.15 (KHTML, like Gecko) Mobile/15E148JLAMPMode:iPhone"
112.96.112.84 - - [21/May/2019:13:31:41 +0800] "GET /WEI_2100/systemclass_mini_prc?bigsysid=AS10060050&minisysid=asclass1_c HTTP/1.1" 200 844 "http://merp.yudo.com.cn:8183/WEI_2100/WEI_2100?formKey=Menu&menuSelection=asm" "Mozilla/5.0 (iPhone; CPU iPhone OS 12_3 like Mac OS X) AppleWebKit/605.1.15 (KHTML, like Gecko) Mobile/15E148JLAMPMode:iPhone"
112.96.112.84 - - [21/May/2019:13:31:41 +0800] "GET /WEI_2100/systemclass_mini_prc?bigsysid=SA10360110&minisysid=supplyscope_c3 HTTP/1.1" 200 202 "http://merp.yudo.com.cn:8183/WEI_2100/WEI_2100?formKey=Menu&menuSelection=asm" "Mozilla/5.0 (iPhone; CPU iPhone OS 12_3 like Mac OS X) AppleWebKit/605.1.15 (KHTML, like Gecko) Mobile/15E148JLAMPMode:iPhone"
112.96.112.84 - - [21/May/2019:13:31:41 +0800] "GET /WEI_2100/systemclass_mini_prc?bigsysid=SA10350063&minisysid=supplyscope_c2 HTTP/1.1" 200 99 "http://merp.yudo.com.cn:8183/WEI_2100/WEI_2100?formKey=Menu&menuSelection=asm" "Mozilla/5.0 (iPhone; CPU iPhone OS 12_3 like Mac OS X) AppleWebKit/605.1.15 (KHTML, like Gecko) Mobile/15E148JLAMPMode:iPhone"
112.96.112.84 - - [21/May/2019:13:31:41 +0800] "GET /WEI_2100/systemclass_mini_prc?bigsysid=SA10370335&minisysid=supplyscope_c4 HTTP/1.1" 200 137 "http://merp.yudo.com.cn:8183/WEI_2100/WEI_2100?formKey=Menu&menuSelection=asm" "Mozilla/5.0 (iPhone; CPU iPhone OS 12_3 like Mac OS X) AppleWebKit/605.1.15 (KHTML, like Gecko) Mobile/15E148JLAMPMode:iPhone"
112.96.112.84 - - [21/May/2019:13:31:42 +0800] "GET /WEI_2100/systemclass_mini_prc?bigsysid=SA10380516&minisysid=supplyscope_c5 HTTP/1.1" 200 615 "http://merp.yudo.com.cn:8183/WEI_2100/WEI_2100?formKey=Menu&menuSelection=asm" "Mozilla/5.0 (iPhone; CPU iPhone OS 12_3 like Mac OS X) AppleWebKit/605.1.15 (KHTML, like Gecko) Mobile/15E148JLAMPMode:iPhone"
112.96.112.84 - - [21/May/2019:13:31:41 +0800] "GET /WEI_2100/systemclass_mini_prc?bigsysid=SA10340020&minisysid=supplyscope_c1 HTTP/1.1" 200 1053 "http://merp.yudo.com.cn:8183/WEI_2100/WEI_2100?formKey=Menu&menuSelection=asm" "Mozilla/5.0 (iPhone; CPU iPhone OS 12_3 like Mac OS X) AppleWebKit/605.1.15 (KHTML, like Gecko) Mobile/15E148JLAMPMode:iPhone"
::1 - - [21/May/2019:13:31:46 +0800] "OPTIONS * HTTP/1.0" 200 - "-" "Apache/2.4.6 (CentOS) PHP/5.6.32 (internal dummy connection)"
112.96.112.84 - - [21/May/2019:13:31:58 +0800] "POST /WEI_2100/save_astable HTTP/1.1" 200 334 "http://merp.yudo.com.cn:8183/WEI_2100/WEI_2100?formKey=Menu&menuSelection=asm" "Mozilla/5.0 (iPhone; CPU iPhone OS 12_3 like Mac OS X) AppleWebKit/605.1.15 (KHTML, like Gecko) Mobile/15E148JLAMPMode:iPhone"
112.96.112.84 - - [21/May/2019:13:31:59 +0800] "GET /WEI_2100/as_minute_table?asid=2019050771 HTTP/1.1" 200 520 "http://merp.yudo.com.cn:8183/WEI_2100/WEI_2100?formKey=Menu&menuSelection=asm" "Mozilla/5.0 (iPhone; CPU iPhone OS 12_3 like Mac OS X) AppleWebKit/605.1.15 (KHTML, like Gecko) Mobile/15E148JLAMPMode:iPhone"
112.96.112.84 - - [21/May/2019:13:32:59 +0800] "GET /WEI_2100/as_minute_table?asid=2019050769 HTTP/1.1" 200 526 "http://merp.yudo.com.cn:8183/WEI_2100/WEI_2100?formKey=Menu&menuSelection=asm" "Mozilla/5.0 (iPhone; CPU iPhone OS 12_3 like Mac OS X) AppleWebKit/605.1.15 (KHTML, like Gecko) Mobile/15E148JLAMPMode:iPhone"
112.96.112.84 - - [21/May/2019:13:32:59 +0800] "GET /WEI_2100/as_minute?asid=2019050769 HTTP/1.1" 200 2316 "http://merp.yudo.com.cn:8183/WEI_2100/WEI_2100?formKey=Menu&menuSelection=asm" "Mozilla/5.0 (iPhone; CPU iPhone OS 12_3 like Mac OS X) AppleWebKit/605.1.15 (KHTML, like Gecko) Mobile/15E148JLAMPMode:iPhone"
112.96.112.84 - - [21/May/2019:13:33:00 +0800] "GET /WEI_2100/systemclass_mini_prc?bigsysid=AS10060050&minisysid=asclass1_c HTTP/1.1" 200 844 "http://merp.yudo.com.cn:8183/WEI_2100/WEI_2100?formKey=Menu&menuSelection=asm" "Mozilla/5.0 (iPhone; CPU iPhone OS 12_3 like Mac OS X) AppleWebKit/605.1.15 (KHTML, like Gecko) Mobile/15E148JLAMPMode:iPhone"
112.96.112.84 - - [21/May/2019:13:33:00 +0800] "GET /WEI_2100/systemclass_mini_prc?bigsysid=AS10110010&minisysid=ascause_c HTTP/1.1" 200 869 "http://merp.yudo.com.cn:8183/WEI_2100/WEI_2100?formKey=Menu&menuSelection=asm" "Mozilla/5.0 (iPhone; CPU iPhone OS 12_3 like Mac OS X) AppleWebKit/605.1.15 (KHTML, like Gecko) Mobile/15E148JLAMPMode:iPhone"
112.96.112.84 - - [21/May/2019:13:33:00 +0800] "GET /WEI_2100/systemclass_mini_prc?bigsysid=SA10350063&minisysid=supplyscope_c2 HTTP/1.1" 200 99 "http://merp.yudo.com.cn:8183/WEI_2100/WEI_2100?formKey=Menu&menuSelection=asm" "Mozilla/5.0 (iPhone; CPU iPhone OS 12_3 like Mac OS X) AppleWebKit/605.1.15 (KHTML, like Gecko) Mobile/15E148JLAMPMode:iPhone"
112.96.112.84 - - [21/May/2019:13:33:00 +0800] "GET /WEI_2100/systemclass_mini_prc?bigsysid=SA10340020&minisysid=supplyscope_c1 HTTP/1.1" 200 1053 "http://merp.yudo.com.cn:8183/WEI_2100/WEI_2100?formKey=Menu&menuSelection=asm" "Mozilla/5.0 (iPhone; CPU iPhone OS 12_3 like Mac OS X) AppleWebKit/605.1.15 (KHTML, like Gecko) Mobile/15E148JLAMPMode:iPhone"
112.96.112.84 - - [21/May/2019:13:33:00 +0800] "GET /WEI_2100/systemclass_mini_prc?bigsysid=SA10360110&minisysid=supplyscope_c3 HTTP/1.1" 200 202 "http://merp.yudo.com.cn:8183/WEI_2100/WEI_2100?formKey=Menu&menuSelection=asm" "Mozilla/5.0 (iPhone; CPU iPhone OS 12_3 like Mac OS X) AppleWebKit/605.1.15 (KHTML, like Gecko) Mobile/15E148JLAMPMode:iPhone"
112.96.112.84 - - [21/May/2019:13:33:00 +0800] "GET /WEI_2100/systemclass_mini_prc?bigsysid=SA10380516&minisysid=supplyscope_c5 HTTP/1.1" 200 615 "http://merp.yudo.com.cn:8183/WEI_2100/WEI_2100?formKey=Menu&menuSelection=asm" "Mozilla/5.0 (iPhone; CPU iPhone OS 12_3 like Mac OS X) AppleWebKit/605.1.15 (KHTML, like Gecko) Mobile/15E148JLAMPMode:iPhone"
112.96.112.84 - - [21/May/2019:13:33:00 +0800] "GET /WEI_2100/systemclass_mini_prc?bigsysid=SA10370335&minisysid=supplyscope_c4 HTTP/1.1" 200 137 "http://merp.yudo.com.cn:8183/WEI_2100/WEI_2100?formKey=Menu&menuSelection=asm" "Mozilla/5.0 (iPhone; CPU iPhone OS 12_3 like Mac OS X) AppleWebKit/605.1.15 (KHTML, like Gecko) Mobile/15E148JLAMPMode:iPhone"
::1 - - [21/May/2019:13:33:05 +0800] "OPTIONS * HTTP/1.0" 200 - "-" "Apache/2.4.6 (CentOS) PHP/5.6.32 (internal dummy connection)"
223.104.148.71 - - [21/May/2019:13:34:56 +0800] "GET /?deviceType=mobile&devicePlatform=android HTTP/1.1" 302 149 "-" "Mozilla/5.0 (Linux; Android 9; COL-AL10 Build/HUAWEICOL-AL10; wv) AppleWebKit/537.36 (KHTML, like Gecko) Version/4.0 Chrome/71.0.3578.99 Mobile Safari/537.36"
223.104.148.71 - - [21/May/2019:13:34:56 +0800] "GET /Menu HTTP/1.1" 200 12157 "-" "Mozilla/5.0 (Linux; Android 9; COL-AL10 Build/HUAWEICOL-AL10; wv) AppleWebKit/537.36 (KHTML, like Gecko) Version/4.0 Chrome/71.0.3578.99 Mobile Safari/537.36"
223.104.148.71 - - [21/May/2019:13:34:56 +0800] "GET /css/yudo-ui.css?v=1059 HTTP/1.1" 200 33766 "http://merp.yudo.com.cn:8183/Menu" "Mozilla/5.0 (Linux; Android 9; COL-AL10 Build/HUAWEICOL-AL10; wv) AppleWebKit/537.36 (KHTML, like Gecko) Version/4.0 Chrome/71.0.3578.99 Mobile Safari/537.36"
223.104.148.71 - - [21/May/2019:13:34:56 +0800] "GET /css/mui.picker.min.css?v=1000 HTTP/1.1" 200 4844 "http://merp.yudo.com.cn:8183/Menu" "Mozilla/5.0 (Linux; Android 9; COL-AL10 Build/HUAWEICOL-AL10; wv) AppleWebKit/537.36 (KHTML, like Gecko) Version/4.0 Chrome/71.0.3578.99 Mobile Safari/537.36"
223.104.148.71 - - [21/May/2019:13:34:57 +0800] "GET /css/animate.min.css HTTP/1.1" 200 52799 "http://merp.yudo.com.cn:8183/Menu" "Mozilla/5.0 (Linux; Android 9; COL-AL10 Build/HUAWEICOL-AL10; wv) AppleWebKit/537.36 (KHTML, like Gecko) Version/4.0 Chrome/71.0.3578.99 Mobile Safari/537.36"
223.104.148.71 - - [21/May/2019:13:34:56 +0800] "GET /css/mui.min.css?v=1008 HTTP/1.1" 200 76616 "http://merp.yudo.com.cn:8183/Menu" "Mozilla/5.0 (Linux; Android 9; COL-AL10 Build/HUAWEICOL-AL10; wv) AppleWebKit/537.36 (KHTML, like Gecko) Version/4.0 Chrome/71.0.3578.99 Mobile Safari/537.36"
223.104.148.71 - - [21/May/2019:13:34:57 +0800] "GET /js/mui.min.js?v=1001 HTTP/1.1" 200 115810 "http://merp.yudo.com.cn:8183/Menu" "Mozilla/5.0 (Linux; Android 9; COL-AL10 Build/HUAWEICOL-AL10; wv) AppleWebKit/537.36 (KHTML, like Gecko) Version/4.0 Chrome/71.0.3578.99 Mobile Safari/537.36"
223.104.148.71 - - [21/May/2019:13:34:57 +0800] "GET /js/multiHttp.js?v=1003 HTTP/1.1" 200 14908 "http://merp.yudo.com.cn:8183/Menu" "Mozilla/5.0 (Linux; Android 9; COL-AL10 Build/HUAWEICOL-AL10; wv) AppleWebKit/537.36 (KHTML, like Gecko) Version/4.0 Chrome/71.0.3578.99 Mobile Safari/537.36"
223.104.148.71 - - [21/May/2019:13:34:57 +0800] "GET /js/lang.min.js?v=1003 HTTP/1.1" 200 1229 "http://merp.yudo.com.cn:8183/Menu" "Mozilla/5.0 (Linux; Android 9; COL-AL10 Build/HUAWEICOL-AL10; wv) AppleWebKit/537.36 (KHTML, like Gecko) Version/4.0 Chrome/71.0.3578.99 Mobile Safari/537.36"
223.104.148.71 - - [21/May/2019:13:34:57 +0800] "GET /js/mui.previewimage.js?v=201804261256 HTTP/1.1" 200 13324 "http://merp.yudo.com.cn:8183/Menu" "Mozilla/5.0 (Linux; Android 9; COL-AL10 Build/HUAWEICOL-AL10; wv) AppleWebKit/537.36 (KHTML, like Gecko) Version/4.0 Chrome/71.0.3578.99 Mobile Safari/537.36"
223.104.148.71 - - [21/May/2019:13:34:57 +0800] "GET /js/mui.zoom.js?v=201804231454 HTTP/1.1" 200 11703 "http://merp.yudo.com.cn:8183/Menu" "Mozilla/5.0 (Linux; Android 9; COL-AL10 Build/HUAWEICOL-AL10; wv) AppleWebKit/537.36 (KHTML, like Gecko) Version/4.0 Chrome/71.0.3578.99 Mobile Safari/537.36"
223.104.148.71 - - [21/May/2019:13:34:57 +0800] "GET /js/mui.picker.min.js?v=1002 HTTP/1.1" 200 18411 "http://merp.yudo.com.cn:8183/Menu" "Mozilla/5.0 (Linux; Android 9; COL-AL10 Build/HUAWEICOL-AL10; wv) AppleWebKit/537.36 (KHTML, like Gecko) Version/4.0 Chrome/71.0.3578.99 Mobile Safari/537.36"
223.104.148.71 - - [21/May/2019:13:34:57 +0800] "GET /js/fastclick.js HTTP/1.1" 200 25966 "http://merp.yudo.com.cn:8183/Menu" "Mozilla/5.0 (Linux; Android 9; COL-AL10 Build/HUAWEICOL-AL10; wv) AppleWebKit/537.36 (KHTML, like Gecko) Version/4.0 Chrome/71.0.3578.99 Mobile Safari/537.36"
223.104.148.71 - - [21/May/2019:13:34:57 +0800] "GET /js/JLAMP.min.js HTTP/1.1" 200 1461 "http://merp.yudo.com.cn:8183/Menu" "Mozilla/5.0 (Linux; Android 9; COL-AL10 Build/HUAWEICOL-AL10; wv) AppleWebKit/537.36 (KHTML, like Gecko) Version/4.0 Chrome/71.0.3578.99 Mobile Safari/537.36"
223.104.148.71 - - [21/May/2019:13:34:57 +0800] "GET /third_party/jquery-2.1.4/jquery.js HTTP/1.1" 200 247606 "http://merp.yudo.com.cn:8183/Menu" "Mozilla/5.0 (Linux; Android 9; COL-AL10 Build/HUAWEICOL-AL10; wv) AppleWebKit/537.36 (KHTML, like Gecko) Version/4.0 Chrome/71.0.3578.99 Mobile Safari/537.36"
223.104.148.71 - - [21/May/2019:13:34:57 +0800] "GET /js/vue.js HTTP/1.1" 200 289301 "http://merp.yudo.com.cn:8183/Menu" "Mozilla/5.0 (Linux; Android 9; COL-AL10 Build/HUAWEICOL-AL10; wv) AppleWebKit/537.36 (KHTML, like Gecko) Version/4.0 Chrome/71.0.3578.99 Mobile Safari/537.36"
223.104.148.71 - - [21/May/2019:13:34:57 +0800] "GET /js/JLAMP.common.min.js HTTP/1.1" 200 9705 "http://merp.yudo.com.cn:8183/Menu" "Mozilla/5.0 (Linux; Android 9; COL-AL10 Build/HUAWEICOL-AL10; wv) AppleWebKit/537.36 (KHTML, like Gecko) Version/4.0 Chrome/71.0.3578.99 Mobile Safari/537.36"
223.104.148.71 - - [21/May/2019:13:34:57 +0800] "GET /js/JLAMP.lang.min.js HTTP/1.1" 200 1750 "http://merp.yudo.com.cn:8183/Menu" "Mozilla/5.0 (Linux; Android 9; COL-AL10 Build/HUAWEICOL-AL10; wv) AppleWebKit/537.36 (KHTML, like Gecko) Version/4.0 Chrome/71.0.3578.99 Mobile Safari/537.36"
223.104.148.71 - - [21/May/2019:13:34:57 +0800] "GET /image/fonticon/headDefault.jpg HTTP/1.1" 200 2436 "http://merp.yudo.com.cn:8183/Menu" "Mozilla/5.0 (Linux; Android 9; COL-AL10 Build/HUAWEICOL-AL10; wv) AppleWebKit/537.36 (KHTML, like Gecko) Version/4.0 Chrome/71.0.3578.99 Mobile Safari/537.36"
223.104.148.71 - - [21/May/2019:13:34:57 +0800] "GET /image/login_logo.png HTTP/1.1" 200 3941 "http://merp.yudo.com.cn:8183/Menu" "Mozilla/5.0 (Linux; Android 9; COL-AL10 Build/HUAWEICOL-AL10; wv) AppleWebKit/537.36 (KHTML, like Gecko) Version/4.0 Chrome/71.0.3578.99 Mobile Safari/537.36"
223.104.148.71 - - [21/May/2019:13:34:57 +0800] "GET /js/Menu/Menu.js?v=10001 HTTP/1.1" 200 8197 "http://merp.yudo.com.cn:8183/Menu" "Mozilla/5.0 (Linux; Android 9; COL-AL10 Build/HUAWEICOL-AL10; wv) AppleWebKit/537.36 (KHTML, like Gecko) Version/4.0 Chrome/71.0.3578.99 Mobile Safari/537.36"
223.104.148.71 - - [21/May/2019:13:34:57 +0800] "GET /image/yudo-03.png HTTP/1.1" 200 288963 "http://merp.yudo.com.cn:8183/Menu" "Mozilla/5.0 (Linux; Android 9; COL-AL10 Build/HUAWEICOL-AL10; wv) AppleWebKit/537.36 (KHTML, like Gecko) Version/4.0 Chrome/71.0.3578.99 Mobile Safari/537.36"
223.104.148.71 - - [21/May/2019:13:34:57 +0800] "GET /js/echarts.min.js HTTP/1.1" 200 744675 "http://merp.yudo.com.cn:8183/Menu" "Mozilla/5.0 (Linux; Android 9; COL-AL10 Build/HUAWEICOL-AL10; wv) AppleWebKit/537.36 (KHTML, like Gecko) Version/4.0 Chrome/71.0.3578.99 Mobile Safari/537.36"
223.104.148.71 - - [21/May/2019:13:34:57 +0800] "GET /image/yudo-01.png HTTP/1.1" 200 381770 "http://merp.yudo.com.cn:8183/Menu" "Mozilla/5.0 (Linux; Android 9; COL-AL10 Build/HUAWEICOL-AL10; wv) AppleWebKit/537.36 (KHTML, like Gecko) Version/4.0 Chrome/71.0.3578.99 Mobile Safari/537.36"
223.104.148.71 - - [21/May/2019:13:34:58 +0800] "GET /image/fonticon/refresh_icon.png HTTP/1.1" 200 2550 "http://merp.yudo.com.cn:8183/css/yudo-ui.css?v=1059" "Mozilla/5.0 (Linux; Android 9; COL-AL10 Build/HUAWEICOL-AL10; wv) AppleWebKit/537.36 (KHTML, like Gecko) Version/4.0 Chrome/71.0.3578.99 Mobile Safari/537.36"
223.104.148.71 - - [21/May/2019:13:34:58 +0800] "GET /image/fonticon/switchPass_icon.png HTTP/1.1" 200 1480 "http://merp.yudo.com.cn:8183/css/yudo-ui.css?v=1059" "Mozilla/5.0 (Linux; Android 9; COL-AL10 Build/HUAWEICOL-AL10; wv) AppleWebKit/537.36 (KHTML, like Gecko) Version/4.0 Chrome/71.0.3578.99 Mobile Safari/537.36"
223.104.148.71 - - [21/May/2019:13:34:58 +0800] "GET /image/fonticon/quit_icon.png HTTP/1.1" 200 1268 "http://merp.yudo.com.cn:8183/css/yudo-ui.css?v=1059" "Mozilla/5.0 (Linux; Android 9; COL-AL10 Build/HUAWEICOL-AL10; wv) AppleWebKit/537.36 (KHTML, like Gecko) Version/4.0 Chrome/71.0.3578.99 Mobile Safari/537.36"
223.104.148.71 - - [21/May/2019:13:34:58 +0800] "GET /image/fonticon/home_icon.png HTTP/1.1" 200 1180 "http://merp.yudo.com.cn:8183/css/yudo-ui.css?v=1059" "Mozilla/5.0 (Linux; Android 9; COL-AL10 Build/HUAWEICOL-AL10; wv) AppleWebKit/537.36 (KHTML, like Gecko) Version/4.0 Chrome/71.0.3578.99 Mobile Safari/537.36"
223.104.148.71 - - [21/May/2019:13:34:58 +0800] "GET /fonts/mui.ttf HTTP/1.1" 200 29884 "http://merp.yudo.com.cn:8183/css/mui.min.css?v=1008" "Mozilla/5.0 (Linux; Android 9; COL-AL10 Build/HUAWEICOL-AL10; wv) AppleWebKit/537.36 (KHTML, like Gecko) Version/4.0 Chrome/71.0.3578.99 Mobile Safari/537.36"
223.104.148.71 - - [21/May/2019:13:34:58 +0800] "GET /image/yudo-02.png HTTP/1.1" 200 358241 "http://merp.yudo.com.cn:8183/Menu" "Mozilla/5.0 (Linux; Android 9; COL-AL10 Build/HUAWEICOL-AL10; wv) AppleWebKit/537.36 (KHTML, like Gecko) Version/4.0 Chrome/71.0.3578.99 Mobile Safari/537.36"
223.104.148.71 - - [21/May/2019:13:34:58 +0800] "GET /image/fonticon/userMenu_icon.png HTTP/1.1" 200 412 "http://merp.yudo.com.cn:8183/css/yudo-ui.css?v=1059" "Mozilla/5.0 (Linux; Android 9; COL-AL10 Build/HUAWEICOL-AL10; wv) AppleWebKit/537.36 (KHTML, like Gecko) Version/4.0 Chrome/71.0.3578.99 Mobile Safari/537.36"
223.104.148.71 - - [21/May/2019:13:34:58 +0800] "GET /image/fonticon/loading_icon2.png HTTP/1.1" 200 808 "http://merp.yudo.com.cn:8183/css/mui.min.css?v=1008" "Mozilla/5.0 (Linux; Android 9; COL-AL10 Build/HUAWEICOL-AL10; wv) AppleWebKit/537.36 (KHTML, like Gecko) Version/4.0 Chrome/71.0.3578.99 Mobile Safari/537.36"
223.104.148.71 - - [21/May/2019:13:34:58 +0800] "GET /Menu/doMenuRows_prc?formKey=Menu HTTP/1.1" 200 822 "http://merp.yudo.com.cn:8183/Menu" "Mozilla/5.0 (Linux; Android 9; COL-AL10 Build/HUAWEICOL-AL10; wv) AppleWebKit/537.36 (KHTML, like Gecko) Version/4.0 Chrome/71.0.3578.99 Mobile Safari/537.36"
223.104.148.71 - - [21/May/2019:13:34:59 +0800] "GET /favicon.ico HTTP/1.1" 404 1476 "http://merp.yudo.com.cn:8183/Menu" "Mozilla/5.0 (Linux; Android 9; COL-AL10 Build/HUAWEICOL-AL10; wv) AppleWebKit/537.36 (KHTML, like Gecko) Version/4.0 Chrome/71.0.3578.99 Mobile Safari/537.36"
223.104.148.71 - - [21/May/2019:13:34:59 +0800] "GET /Menu/getLoginInfo HTTP/1.1" 200 172 "http://merp.yudo.com.cn:8183/Menu" "Mozilla/5.0 (Linux; Android 9; COL-AL10 Build/HUAWEICOL-AL10; wv) AppleWebKit/537.36 (KHTML, like Gecko) Version/4.0 Chrome/71.0.3578.99 Mobile Safari/537.36"
::1 - - [21/May/2019:13:35:07 +0800] "OPTIONS * HTTP/1.0" 200 - "-" "Apache/2.4.6 (CentOS) PHP/5.6.32 (internal dummy connection)"
112.96.112.84 - - [21/May/2019:13:36:03 +0800] "GET /WEI_2100/as_prc?asid=&custnm=&userNm=&startDate=2019-05-01&endDate=2019-05-21&ascount=0 HTTP/1.1" 200 6024 "http://merp.yudo.com.cn:8183/WEI_2100/WEI_2100?formKey=Menu&menuSelection=asm" "Mozilla/5.0 (iPhone; CPU iPhone OS 12_3 like Mac OS X) AppleWebKit/605.1.15 (KHTML, like Gecko) Mobile/15E148JLAMPMode:iPhone"
223.104.148.71 - - [21/May/2019:13:39:20 +0800] "GET /?deviceType=mobile&devicePlatform=android HTTP/1.1" 200 6662 "-" "Mozilla/5.0 (Linux; Android 9; COL-AL10 Build/HUAWEICOL-AL10; wv) AppleWebKit/537.36 (KHTML, like Gecko) Version/4.0 Chrome/71.0.3578.99 Mobile Safari/537.36"
223.104.148.71 - - [21/May/2019:13:39:20 +0800] "GET /css/yudo-ui.css?v=1053 HTTP/1.1" 200 33766 "http://merp.yudo.com.cn:8183/?deviceType=mobile&devicePlatform=android" "Mozilla/5.0 (Linux; Android 9; COL-AL10 Build/HUAWEICOL-AL10; wv) AppleWebKit/537.36 (KHTML, like Gecko) Version/4.0 Chrome/71.0.3578.99 Mobile Safari/537.36"
223.104.148.71 - - [21/May/2019:13:39:20 +0800] "GET /css/common.css?v=5007 HTTP/1.1" 200 14033 "http://merp.yudo.com.cn:8183/?deviceType=mobile&devicePlatform=android" "Mozilla/5.0 (Linux; Android 9; COL-AL10 Build/HUAWEICOL-AL10; wv) AppleWebKit/537.36 (KHTML, like Gecko) Version/4.0 Chrome/71.0.3578.99 Mobile Safari/537.36"
223.104.148.71 - - [21/May/2019:13:39:20 +0800] "GET /css/login.css?v=1058 HTTP/1.1" 200 5871 "http://merp.yudo.com.cn:8183/?deviceType=mobile&devicePlatform=android" "Mozilla/5.0 (Linux; Android 9; COL-AL10 Build/HUAWEICOL-AL10; wv) AppleWebKit/537.36 (KHTML, like Gecko) Version/4.0 Chrome/71.0.3578.99 Mobile Safari/537.36"
223.104.148.71 - - [21/May/2019:13:39:20 +0800] "GET /css/mui.min.css?v=1008 HTTP/1.1" 200 76616 "http://merp.yudo.com.cn:8183/?deviceType=mobile&devicePlatform=android" "Mozilla/5.0 (Linux; Android 9; COL-AL10 Build/HUAWEICOL-AL10; wv) AppleWebKit/537.36 (KHTML, like Gecko) Version/4.0 Chrome/71.0.3578.99 Mobile Safari/537.36"
223.104.148.71 - - [21/May/2019:13:39:20 +0800] "GET /js/login.js?v=10042 HTTP/1.1" 200 12901 "http://merp.yudo.com.cn:8183/?deviceType=mobile&devicePlatform=android" "Mozilla/5.0 (Linux; Android 9; COL-AL10 Build/HUAWEICOL-AL10; wv) AppleWebKit/537.36 (KHTML, like Gecko) Version/4.0 Chrome/71.0.3578.99 Mobile Safari/537.36"
223.104.148.71 - - [21/May/2019:13:39:20 +0800] "GET /js/mui.min.js?v=1001 HTTP/1.1" 200 115810 "http://merp.yudo.com.cn:8183/?deviceType=mobile&devicePlatform=android" "Mozilla/5.0 (Linux; Android 9; COL-AL10 Build/HUAWEICOL-AL10; wv) AppleWebKit/537.36 (KHTML, like Gecko) Version/4.0 Chrome/71.0.3578.99 Mobile Safari/537.36"
223.104.148.71 - - [21/May/2019:13:39:20 +0800] "GET /js/multiHttp.js?v=1001 HTTP/1.1" 200 14908 "http://merp.yudo.com.cn:8183/?deviceType=mobile&devicePlatform=android" "Mozilla/5.0 (Linux; Android 9; COL-AL10 Build/HUAWEICOL-AL10; wv) AppleWebKit/537.36 (KHTML, like Gecko) Version/4.0 Chrome/71.0.3578.99 Mobile Safari/537.36"
223.104.148.71 - - [21/May/2019:13:39:20 +0800] "GET /third_party/bootstrap-3.3.5/css/bootstrap.css HTTP/1.1" 200 147430 "http://merp.yudo.com.cn:8183/?deviceType=mobile&devicePlatform=android" "Mozilla/5.0 (Linux; Android 9; COL-AL10 Build/HUAWEICOL-AL10; wv) AppleWebKit/537.36 (KHTML, like Gecko) Version/4.0 Chrome/71.0.3578.99 Mobile Safari/537.36"
