223.104.4.235 - - [19/Mar/2019:14:07:38 +0800] "GET /WEI_2100/systemclass_mini_prc?bigsysid=SA10380498&minisysid=supplyscope_c5 HTTP/1.1" 200 241 "http://merp.yudo.com.cn:8183/WEI_2100/WEI_2100?formKey=Menu&menuSelection=asm" "Mozilla/5.0 (Linux; Android 9; BLA-AL00 Build/HUAWEIBLA-AL00; wv) AppleWebKit/537.36 (KHTML, like Gecko) Version/4.0 Chrome/69.0.3497.100 Mobile Safari/537.36"
223.104.4.235 - - [19/Mar/2019:14:07:38 +0800] "GET /WEI_2100/systemclass_mini_prc?bigsysid=SA10360107&minisysid=supplyscope_c3 HTTP/1.1" 200 237 "http://merp.yudo.com.cn:8183/WEI_2100/WEI_2100?formKey=Menu&menuSelection=asm" "Mozilla/5.0 (Linux; Android 9; BLA-AL00 Build/HUAWEIBLA-AL00; wv) AppleWebKit/537.36 (KHTML, like Gecko) Version/4.0 Chrome/69.0.3497.100 Mobile Safari/537.36"
223.104.4.235 - - [19/Mar/2019:14:07:38 +0800] "GET /WEI_2100/systemclass_mini_prc?bigsysid=SA10350060&minisysid=supplyscope_c2 HTTP/1.1" 200 99 "http://merp.yudo.com.cn:8183/WEI_2100/WEI_2100?formKey=Menu&menuSelection=asm" "Mozilla/5.0 (Linux; Android 9; BLA-AL00 Build/HUAWEIBLA-AL00; wv) AppleWebKit/537.36 (KHTML, like Gecko) Version/4.0 Chrome/69.0.3497.100 Mobile Safari/537.36"
223.104.4.235 - - [19/Mar/2019:14:07:38 +0800] "GET /WEI_2100/systemclass_mini_prc?bigsysid=SA10370325&minisysid=supplyscope_c4 HTTP/1.1" 200 137 "http://merp.yudo.com.cn:8183/WEI_2100/WEI_2100?formKey=Menu&menuSelection=asm" "Mozilla/5.0 (Linux; Android 9; BLA-AL00 Build/HUAWEIBLA-AL00; wv) AppleWebKit/537.36 (KHTML, like Gecko) Version/4.0 Chrome/69.0.3497.100 Mobile Safari/537.36"
223.104.4.235 - - [19/Mar/2019:14:07:40 +0800] "GET /WEI_2100/as_photo?asid=2019030754 HTTP/1.1" 200 67 "http://merp.yudo.com.cn:8183/WEI_2100/WEI_2100?formKey=Menu&menuSelection=asm" "Mozilla/5.0 (Linux; Android 9; BLA-AL00 Build/HUAWEIBLA-AL00; wv) AppleWebKit/537.36 (KHTML, like Gecko) Version/4.0 Chrome/69.0.3497.100 Mobile Safari/537.36"
::1 - - [19/Mar/2019:14:07:48 +0800] "OPTIONS * HTTP/1.0" 200 - "-" "Apache/2.4.6 (CentOS) PHP/5.6.32 (internal dummy connection)"
223.104.4.235 - - [19/Mar/2019:14:08:07 +0800] "POST /WEI_2100/WEI_2100/upload_photo?asid=2019030754 HTTP/1.1" 200 234 "http://merp.yudo.com.cn:8183/WEI_2100/WEI_2100?formKey=Menu&menuSelection=asm" "Mozilla/5.0 (Linux; Android 9; BLA-AL00 Build/HUAWEIBLA-AL00; wv) AppleWebKit/537.36 (KHTML, like Gecko) Version/4.0 Chrome/69.0.3497.100 Mobile Safari/537.36"
223.104.4.235 - - [19/Mar/2019:14:08:09 +0800] "GET /WEI_2100/as_photo?asid=2019030754 HTTP/1.1" 200 225 "http://merp.yudo.com.cn:8183/WEI_2100/WEI_2100?formKey=Menu&menuSelection=asm" "Mozilla/5.0 (Linux; Android 9; BLA-AL00 Build/HUAWEIBLA-AL00; wv) AppleWebKit/537.36 (KHTML, like Gecko) Version/4.0 Chrome/69.0.3497.100 Mobile Safari/537.36"
223.104.4.235 - - [19/Mar/2019:14:08:09 +0800] "GET /image/uploads/AS/ASReceipt/201903/2019030754/M20190319020808716.jpg HTTP/1.1" 200 161358 "http://merp.yudo.com.cn:8183/WEI_2100/WEI_2100?formKey=Menu&menuSelection=asm" "Mozilla/5.0 (Linux; Android 9; BLA-AL00 Build/HUAWEIBLA-AL00; wv) AppleWebKit/537.36 (KHTML, like Gecko) Version/4.0 Chrome/69.0.3497.100 Mobile Safari/537.36"
223.104.4.235 - - [19/Mar/2019:14:08:24 +0800] "POST /WEI_2100/WEI_2100/upload_photo?asid=2019030754 HTTP/1.1" 200 234 "http://merp.yudo.com.cn:8183/WEI_2100/WEI_2100?formKey=Menu&menuSelection=asm" "Mozilla/5.0 (Linux; Android 9; BLA-AL00 Build/HUAWEIBLA-AL00; wv) AppleWebKit/537.36 (KHTML, like Gecko) Version/4.0 Chrome/69.0.3497.100 Mobile Safari/537.36"
223.104.4.235 - - [19/Mar/2019:14:08:29 +0800] "GET /WEI_2100/as_photo?asid=2019030754 HTTP/1.1" 200 388 "http://merp.yudo.com.cn:8183/WEI_2100/WEI_2100?formKey=Menu&menuSelection=asm" "Mozilla/5.0 (Linux; Android 9; BLA-AL00 Build/HUAWEIBLA-AL00; wv) AppleWebKit/537.36 (KHTML, like Gecko) Version/4.0 Chrome/69.0.3497.100 Mobile Safari/537.36"
223.104.4.235 - - [19/Mar/2019:14:08:30 +0800] "GET /image/uploads/AS/ASReceipt/201903/2019030754/M20190319020828700.jpg HTTP/1.1" 200 1821107 "http://merp.yudo.com.cn:8183/WEI_2100/WEI_2100?formKey=Menu&menuSelection=asm" "Mozilla/5.0 (Linux; Android 9; BLA-AL00 Build/HUAWEIBLA-AL00; wv) AppleWebKit/537.36 (KHTML, like Gecko) Version/4.0 Chrome/69.0.3497.100 Mobile Safari/537.36"
223.104.4.235 - - [19/Mar/2019:14:09:13 +0800] "GET /WEI_2100/as_item?asitemid=&asitemnm=%E9%9D%9E%E6%A0%87%E5%98%B4&asitempage=0 HTTP/1.1" 200 1275 "http://merp.yudo.com.cn:8183/WEI_2100/WEI_2100?formKey=Menu&menuSelection=asm" "Mozilla/5.0 (Linux; Android 9; BLA-AL00 Build/HUAWEIBLA-AL00; wv) AppleWebKit/537.36 (KHTML, like Gecko) Version/4.0 Chrome/69.0.3497.100 Mobile Safari/537.36"
223.104.4.235 - - [19/Mar/2019:14:09:29 +0800] "POST /WEI_2100/save_astable HTTP/1.1" 200 204 "http://merp.yudo.com.cn:8183/WEI_2100/WEI_2100?formKey=Menu&menuSelection=asm" "Mozilla/5.0 (Linux; Android 9; BLA-AL00 Build/HUAWEIBLA-AL00; wv) AppleWebKit/537.36 (KHTML, like Gecko) Version/4.0 Chrome/69.0.3497.100 Mobile Safari/537.36"
223.104.4.235 - - [19/Mar/2019:14:09:29 +0800] "GET /WEI_2100/as_minute_table?asid=2019030754 HTTP/1.1" 200 358 "http://merp.yudo.com.cn:8183/WEI_2100/WEI_2100?formKey=Menu&menuSelection=asm" "Mozilla/5.0 (Linux; Android 9; BLA-AL00 Build/HUAWEIBLA-AL00; wv) AppleWebKit/537.36 (KHTML, like Gecko) Version/4.0 Chrome/69.0.3497.100 Mobile Safari/537.36"
223.104.4.235 - - [19/Mar/2019:14:09:40 +0800] "POST /WEI_2100/save_as HTTP/1.1" 200 76 "http://merp.yudo.com.cn:8183/WEI_2100/WEI_2100?formKey=Menu&menuSelection=asm" "Mozilla/5.0 (Linux; Android 9; BLA-AL00 Build/HUAWEIBLA-AL00; wv) AppleWebKit/537.36 (KHTML, like Gecko) Version/4.0 Chrome/69.0.3497.100 Mobile Safari/537.36"
223.104.4.235 - - [19/Mar/2019:14:09:40 +0800] "GET /WEI_2100/as_minute?asid=2019030754 HTTP/1.1" 200 1950 "http://merp.yudo.com.cn:8183/WEI_2100/WEI_2100?formKey=Menu&menuSelection=asm" "Mozilla/5.0 (Linux; Android 9; BLA-AL00 Build/HUAWEIBLA-AL00; wv) AppleWebKit/537.36 (KHTML, like Gecko) Version/4.0 Chrome/69.0.3497.100 Mobile Safari/537.36"
223.104.4.235 - - [19/Mar/2019:14:09:40 +0800] "GET /WEI_2100/as_minute_table?asid=2019030754 HTTP/1.1" 200 358 "http://merp.yudo.com.cn:8183/WEI_2100/WEI_2100?formKey=Menu&menuSelection=asm" "Mozilla/5.0 (Linux; Android 9; BLA-AL00 Build/HUAWEIBLA-AL00; wv) AppleWebKit/537.36 (KHTML, like Gecko) Version/4.0 Chrome/69.0.3497.100 Mobile Safari/537.36"
223.104.4.235 - - [19/Mar/2019:14:09:41 +0800] "GET /WEI_2100/systemclass_mini_prc?bigsysid=AS10110030&minisysid=ascause_c HTTP/1.1" 200 119 "http://merp.yudo.com.cn:8183/WEI_2100/WEI_2100?formKey=Menu&menuSelection=asm" "Mozilla/5.0 (Linux; Android 9; BLA-AL00 Build/HUAWEIBLA-AL00; wv) AppleWebKit/537.36 (KHTML, like Gecko) Version/4.0 Chrome/69.0.3497.100 Mobile Safari/537.36"
223.104.4.235 - - [19/Mar/2019:14:09:41 +0800] "GET /WEI_2100/systemclass_mini_prc?bigsysid=SA10350060&minisysid=supplyscope_c2 HTTP/1.1" 200 99 "http://merp.yudo.com.cn:8183/WEI_2100/WEI_2100?formKey=Menu&menuSelection=asm" "Mozilla/5.0 (Linux; Android 9; BLA-AL00 Build/HUAWEIBLA-AL00; wv) AppleWebKit/537.36 (KHTML, like Gecko) Version/4.0 Chrome/69.0.3497.100 Mobile Safari/537.36"
223.104.4.235 - - [19/Mar/2019:14:09:41 +0800] "GET /WEI_2100/systemclass_mini_prc?bigsysid=SA10360107&minisysid=supplyscope_c3 HTTP/1.1" 200 237 "http://merp.yudo.com.cn:8183/WEI_2100/WEI_2100?formKey=Menu&menuSelection=asm" "Mozilla/5.0 (Linux; Android 9; BLA-AL00 Build/HUAWEIBLA-AL00; wv) AppleWebKit/537.36 (KHTML, like Gecko) Version/4.0 Chrome/69.0.3497.100 Mobile Safari/537.36"
223.104.4.235 - - [19/Mar/2019:14:09:41 +0800] "GET /WEI_2100/systemclass_mini_prc?bigsysid=AS10060040&minisysid=asclass1_c HTTP/1.1" 200 2730 "http://merp.yudo.com.cn:8183/WEI_2100/WEI_2100?formKey=Menu&menuSelection=asm" "Mozilla/5.0 (Linux; Android 9; BLA-AL00 Build/HUAWEIBLA-AL00; wv) AppleWebKit/537.36 (KHTML, like Gecko) Version/4.0 Chrome/69.0.3497.100 Mobile Safari/537.36"
223.104.4.235 - - [19/Mar/2019:14:09:41 +0800] "GET /WEI_2100/systemclass_mini_prc?bigsysid=SA10340020&minisysid=supplyscope_c1 HTTP/1.1" 200 1053 "http://merp.yudo.com.cn:8183/WEI_2100/WEI_2100?formKey=Menu&menuSelection=asm" "Mozilla/5.0 (Linux; Android 9; BLA-AL00 Build/HUAWEIBLA-AL00; wv) AppleWebKit/537.36 (KHTML, like Gecko) Version/4.0 Chrome/69.0.3497.100 Mobile Safari/537.36"
223.104.4.235 - - [19/Mar/2019:14:09:42 +0800] "GET /WEI_2100/systemclass_mini_prc?bigsysid=SA10370325&minisysid=supplyscope_c4 HTTP/1.1" 200 137 "http://merp.yudo.com.cn:8183/WEI_2100/WEI_2100?formKey=Menu&menuSelection=asm" "Mozilla/5.0 (Linux; Android 9; BLA-AL00 Build/HUAWEIBLA-AL00; wv) AppleWebKit/537.36 (KHTML, like Gecko) Version/4.0 Chrome/69.0.3497.100 Mobile Safari/537.36"
223.104.4.235 - - [19/Mar/2019:14:09:42 +0800] "GET /WEI_2100/systemclass_mini_prc?bigsysid=SA10380498&minisysid=supplyscope_c5 HTTP/1.1" 200 241 "http://merp.yudo.com.cn:8183/WEI_2100/WEI_2100?formKey=Menu&menuSelection=asm" "Mozilla/5.0 (Linux; Android 9; BLA-AL00 Build/HUAWEIBLA-AL00; wv) AppleWebKit/537.36 (KHTML, like Gecko) Version/4.0 Chrome/69.0.3497.100 Mobile Safari/537.36"
::1 - - [19/Mar/2019:14:09:50 +0800] "OPTIONS * HTTP/1.0" 200 - "-" "Apache/2.4.6 (CentOS) PHP/5.6.32 (internal dummy connection)"
223.104.4.235 - - [19/Mar/2019:14:09:50 +0800] "POST /WEI_2100/subAdjudication HTTP/1.1" 200 71 "http://merp.yudo.com.cn:8183/WEI_2100/WEI_2100?formKey=Menu&menuSelection=asm" "Mozilla/5.0 (Linux; Android 9; BLA-AL00 Build/HUAWEIBLA-AL00; wv) AppleWebKit/537.36 (KHTML, like Gecko) Version/4.0 Chrome/69.0.3497.100 Mobile Safari/537.36"
223.104.4.235 - - [19/Mar/2019:14:09:50 +0800] "GET /WEI_2100/as_minute?asid=2019030754 HTTP/1.1" 200 1950 "http://merp.yudo.com.cn:8183/WEI_2100/WEI_2100?formKey=Menu&menuSelection=asm" "Mozilla/5.0 (Linux; Android 9; BLA-AL00 Build/HUAWEIBLA-AL00; wv) AppleWebKit/537.36 (KHTML, like Gecko) Version/4.0 Chrome/69.0.3497.100 Mobile Safari/537.36"
223.104.4.235 - - [19/Mar/2019:14:09:51 +0800] "GET /WEI_2100/as_minute_table?asid=2019030754 HTTP/1.1" 200 358 "http://merp.yudo.com.cn:8183/WEI_2100/WEI_2100?formKey=Menu&menuSelection=asm" "Mozilla/5.0 (Linux; Android 9; BLA-AL00 Build/HUAWEIBLA-AL00; wv) AppleWebKit/537.36 (KHTML, like Gecko) Version/4.0 Chrome/69.0.3497.100 Mobile Safari/537.36"
223.104.4.235 - - [19/Mar/2019:14:09:51 +0800] "POST /WEI_2100/as_sendSmsToUser HTTP/1.1" 200 974 "http://merp.yudo.com.cn:8183/WEI_2100/WEI_2100?formKey=Menu&menuSelection=asm" "Mozilla/5.0 (Linux; Android 9; BLA-AL00 Build/HUAWEIBLA-AL00; wv) AppleWebKit/537.36 (KHTML, like Gecko) Version/4.0 Chrome/69.0.3497.100 Mobile Safari/537.36"
223.104.4.235 - - [19/Mar/2019:14:09:52 +0800] "GET /WEI_2100/systemclass_mini_prc?bigsysid=AS10110030&minisysid=ascause_c HTTP/1.1" 200 119 "http://merp.yudo.com.cn:8183/WEI_2100/WEI_2100?formKey=Menu&menuSelection=asm" "Mozilla/5.0 (Linux; Android 9; BLA-AL00 Build/HUAWEIBLA-AL00; wv) AppleWebKit/537.36 (KHTML, like Gecko) Version/4.0 Chrome/69.0.3497.100 Mobile Safari/537.36"
223.104.4.235 - - [19/Mar/2019:14:09:52 +0800] "GET /WEI_2100/systemclass_mini_prc?bigsysid=AS10060040&minisysid=asclass1_c HTTP/1.1" 200 2730 "http://merp.yudo.com.cn:8183/WEI_2100/WEI_2100?formKey=Menu&menuSelection=asm" "Mozilla/5.0 (Linux; Android 9; BLA-AL00 Build/HUAWEIBLA-AL00; wv) AppleWebKit/537.36 (KHTML, like Gecko) Version/4.0 Chrome/69.0.3497.100 Mobile Safari/537.36"
223.104.4.235 - - [19/Mar/2019:14:10:03 +0800] "GET /WEI_2100/systemclass_mini_prc?bigsysid=SA10370325&minisysid=supplyscope_c4 HTTP/1.1" 200 137 "http://merp.yudo.com.cn:8183/WEI_2100/WEI_2100?formKey=Menu&menuSelection=asm" "Mozilla/5.0 (Linux; Android 9; BLA-AL00 Build/HUAWEIBLA-AL00; wv) AppleWebKit/537.36 (KHTML, like Gecko) Version/4.0 Chrome/69.0.3497.100 Mobile Safari/537.36"
223.104.4.235 - - [19/Mar/2019:14:09:52 +0800] "GET /WEI_2100/systemclass_mini_prc?bigsysid=SA10350060&minisysid=supplyscope_c2 HTTP/1.1" 200 99 "http://merp.yudo.com.cn:8183/WEI_2100/WEI_2100?formKey=Menu&menuSelection=asm" "Mozilla/5.0 (Linux; Android 9; BLA-AL00 Build/HUAWEIBLA-AL00; wv) AppleWebKit/537.36 (KHTML, like Gecko) Version/4.0 Chrome/69.0.3497.100 Mobile Safari/537.36"
223.104.4.235 - - [19/Mar/2019:14:09:52 +0800] "GET /WEI_2100/systemclass_mini_prc?bigsysid=SA10360107&minisysid=supplyscope_c3 HTTP/1.1" 200 237 "http://merp.yudo.com.cn:8183/WEI_2100/WEI_2100?formKey=Menu&menuSelection=asm" "Mozilla/5.0 (Linux; Android 9; BLA-AL00 Build/HUAWEIBLA-AL00; wv) AppleWebKit/537.36 (KHTML, like Gecko) Version/4.0 Chrome/69.0.3497.100 Mobile Safari/537.36"
223.104.4.235 - - [19/Mar/2019:14:10:03 +0800] "GET /WEI_2100/systemclass_mini_prc?bigsysid=SA10380498&minisysid=supplyscope_c5 HTTP/1.1" 200 241 "http://merp.yudo.com.cn:8183/WEI_2100/WEI_2100?formKey=Menu&menuSelection=asm" "Mozilla/5.0 (Linux; Android 9; BLA-AL00 Build/HUAWEIBLA-AL00; wv) AppleWebKit/537.36 (KHTML, like Gecko) Version/4.0 Chrome/69.0.3497.100 Mobile Safari/537.36"
223.104.4.235 - - [19/Mar/2019:14:09:52 +0800] "GET /WEI_2100/systemclass_mini_prc?bigsysid=SA10340020&minisysid=supplyscope_c1 HTTP/1.1" 200 1053 "http://merp.yudo.com.cn:8183/WEI_2100/WEI_2100?formKey=Menu&menuSelection=asm" "Mozilla/5.0 (Linux; Android 9; BLA-AL00 Build/HUAWEIBLA-AL00; wv) AppleWebKit/537.36 (KHTML, like Gecko) Version/4.0 Chrome/69.0.3497.100 Mobile Safari/537.36"
::1 - - [19/Mar/2019:14:10:14 +0800] "OPTIONS * HTTP/1.0" 200 - "-" "Apache/2.4.6 (CentOS) PHP/5.6.32 (internal dummy connection)"
223.104.4.250 - - [19/Mar/2019:15:00:22 +0800] "GET /?deviceType=mobile&devicePlatform=ios HTTP/1.1" 302 149 "-" "Mozilla/5.0 (iPhone; CPU iPhone OS 11_4_1 like Mac OS X) AppleWebKit/605.1.15 (KHTML, like Gecko) Mobile/15G77JLAMPMode:iPhone"
223.104.4.250 - - [19/Mar/2019:15:00:22 +0800] "GET /Menu/Menu?formKey=M20190319T145755030 HTTP/1.1" 200 12650 "-" "Mozilla/5.0 (iPhone; CPU iPhone OS 11_4_1 like Mac OS X) AppleWebKit/605.1.15 (KHTML, like Gecko) Mobile/15G77JLAMPMode:iPhone"
223.104.4.250 - - [19/Mar/2019:15:00:23 +0800] "GET /css/mui.min.css?v=1008 HTTP/1.1" 304 - "http://merp.yudo.com.cn:8183/Menu/Menu?formKey=M20190319T145755030" "Mozilla/5.0 (iPhone; CPU iPhone OS 11_4_1 like Mac OS X) AppleWebKit/605.1.15 (KHTML, like Gecko) Mobile/15G77JLAMPMode:iPhone"
223.104.4.250 - - [19/Mar/2019:15:00:23 +0800] "GET /css/mui.picker.min.css HTTP/1.1" 304 - "http://merp.yudo.com.cn:8183/Menu/Menu?formKey=M20190319T145755030" "Mozilla/5.0 (iPhone; CPU iPhone OS 11_4_1 like Mac OS X) AppleWebKit/605.1.15 (KHTML, like Gecko) Mobile/15G77JLAMPMode:iPhone"
223.104.4.250 - - [19/Mar/2019:15:00:23 +0800] "GET /css/animate.min.css HTTP/1.1" 304 - "http://merp.yudo.com.cn:8183/Menu/Menu?formKey=M20190319T145755030" "Mozilla/5.0 (iPhone; CPU iPhone OS 11_4_1 like Mac OS X) AppleWebKit/605.1.15 (KHTML, like Gecko) Mobile/15G77JLAMPMode:iPhone"
223.104.4.250 - - [19/Mar/2019:15:00:24 +0800] "GET /css/yudo-ui.css?v=1082 HTTP/1.1" 304 - "http://merp.yudo.com.cn:8183/Menu/Menu?formKey=M20190319T145755030" "Mozilla/5.0 (iPhone; CPU iPhone OS 11_4_1 like Mac OS X) AppleWebKit/605.1.15 (KHTML, like Gecko) Mobile/15G77JLAMPMode:iPhone"
223.104.4.250 - - [19/Mar/2019:15:00:24 +0800] "GET /third_party/jquery-2.1.4/jquery.js HTTP/1.1" 304 - "http://merp.yudo.com.cn:8183/Menu/Menu?formKey=M20190319T145755030" "Mozilla/5.0 (iPhone; CPU iPhone OS 11_4_1 like Mac OS X) AppleWebKit/605.1.15 (KHTML, like Gecko) Mobile/15G77JLAMPMode:iPhone"
223.104.4.250 - - [19/Mar/2019:15:00:24 +0800] "GET /js/vue.js HTTP/1.1" 304 - "http://merp.yudo.com.cn:8183/Menu/Menu?formKey=M20190319T145755030" "Mozilla/5.0 (iPhone; CPU iPhone OS 11_4_1 like Mac OS X) AppleWebKit/605.1.15 (KHTML, like Gecko) Mobile/15G77JLAMPMode:iPhone"
223.104.4.250 - - [19/Mar/2019:15:00:24 +0800] "GET /js/mui.min.js?v=1001 HTTP/1.1" 304 - "http://merp.yudo.com.cn:8183/Menu/Menu?formKey=M20190319T145755030" "Mozilla/5.0 (iPhone; CPU iPhone OS 11_4_1 like Mac OS X) AppleWebKit/605.1.15 (KHTML, like Gecko) Mobile/15G77JLAMPMode:iPhone"
223.104.4.250 - - [19/Mar/2019:15:00:24 +0800] "GET /js/multiHttp.js?v=2009 HTTP/1.1" 304 - "http://merp.yudo.com.cn:8183/Menu/Menu?formKey=M20190319T145755030" "Mozilla/5.0 (iPhone; CPU iPhone OS 11_4_1 like Mac OS X) AppleWebKit/605.1.15 (KHTML, like Gecko) Mobile/15G77JLAMPMode:iPhone"
223.104.4.250 - - [19/Mar/2019:15:00:24 +0800] "GET /js/lang.min.js?v=1001 HTTP/1.1" 304 - "http://merp.yudo.com.cn:8183/Menu/Menu?formKey=M20190319T145755030" "Mozilla/5.0 (iPhone; CPU iPhone OS 11_4_1 like Mac OS X) AppleWebKit/605.1.15 (KHTML, like Gecko) Mobile/15G77JLAMPMode:iPhone"
223.104.4.250 - - [19/Mar/2019:15:00:24 +0800] "GET /js/mui.previewimage.js?v=201804261256 HTTP/1.1" 304 - "http://merp.yudo.com.cn:8183/Menu/Menu?formKey=M20190319T145755030" "Mozilla/5.0 (iPhone; CPU iPhone OS 11_4_1 like Mac OS X) AppleWebKit/605.1.15 (KHTML, like Gecko) Mobile/15G77JLAMPMode:iPhone"
223.104.4.250 - - [19/Mar/2019:15:00:24 +0800] "GET /js/mui.zoom.js?v=201804231454 HTTP/1.1" 304 - "http://merp.yudo.com.cn:8183/Menu/Menu?formKey=M20190319T145755030" "Mozilla/5.0 (iPhone; CPU iPhone OS 11_4_1 like Mac OS X) AppleWebKit/605.1.15 (KHTML, like Gecko) Mobile/15G77JLAMPMode:iPhone"
223.104.4.250 - - [19/Mar/2019:15:00:24 +0800] "GET /js/mui.picker.min.js?v=1001 HTTP/1.1" 304 - "http://merp.yudo.com.cn:8183/Menu/Menu?formKey=M20190319T145755030" "Mozilla/5.0 (iPhone; CPU iPhone OS 11_4_1 like Mac OS X) AppleWebKit/605.1.15 (KHTML, like Gecko) Mobile/15G77JLAMPMode:iPhone"
223.104.4.250 - - [19/Mar/2019:15:00:24 +0800] "GET /js/fastclick.js HTTP/1.1" 304 - "http://merp.yudo.com.cn:8183/Menu/Menu?formKey=M20190319T145755030" "Mozilla/5.0 (iPhone; CPU iPhone OS 11_4_1 like Mac OS X) AppleWebKit/605.1.15 (KHTML, like Gecko) Mobile/15G77JLAMPMode:iPhone"
223.104.4.250 - - [19/Mar/2019:15:00:24 +0800] "GET /js/JLAMP.polyfill.min.js HTTP/1.1" 304 - "http://merp.yudo.com.cn:8183/Menu/Menu?formKey=M20190319T145755030" "Mozilla/5.0 (iPhone; CPU iPhone OS 11_4_1 like Mac OS X) AppleWebKit/605.1.15 (KHTML, like Gecko) Mobile/15G77JLAMPMode:iPhone"
223.104.4.250 - - [19/Mar/2019:15:00:24 +0800] "GET /js/JLAMP.min.js HTTP/1.1" 304 - "http://merp.yudo.com.cn:8183/Menu/Menu?formKey=M20190319T145755030" "Mozilla/5.0 (iPhone; CPU iPhone OS 11_4_1 like Mac OS X) AppleWebKit/605.1.15 (KHTML, like Gecko) Mobile/15G77JLAMPMode:iPhone"
223.104.4.250 - - [19/Mar/2019:15:00:24 +0800] "GET /js/JLAMP.common.min.js HTTP/1.1" 304 - "http://merp.yudo.com.cn:8183/Menu/Menu?formKey=M20190319T145755030" "Mozilla/5.0 (iPhone; CPU iPhone OS 11_4_1 like Mac OS X) AppleWebKit/605.1.15 (KHTML, like Gecko) Mobile/15G77JLAMPMode:iPhone"
223.104.4.250 - - [19/Mar/2019:15:00:24 +0800] "GET /js/JLAMP.menu.min.js HTTP/1.1" 304 - "http://merp.yudo.com.cn:8183/Menu/Menu?formKey=M20190319T145755030" "Mozilla/5.0 (iPhone; CPU iPhone OS 11_4_1 like Mac OS X) AppleWebKit/605.1.15 (KHTML, like Gecko) Mobile/15G77JLAMPMode:iPhone"
223.104.4.250 - - [19/Mar/2019:15:00:24 +0800] "GET /js/JLAMP.autobinding.min.js HTTP/1.1" 304 - "http://merp.yudo.com.cn:8183/Menu/Menu?formKey=M20190319T145755030" "Mozilla/5.0 (iPhone; CPU iPhone OS 11_4_1 like Mac OS X) AppleWebKit/605.1.15 (KHTML, like Gecko) Mobile/15G77JLAMPMode:iPhone"
223.104.4.250 - - [19/Mar/2019:15:00:24 +0800] "GET /js/JLAMP.modal.min.js HTTP/1.1" 304 - "http://merp.yudo.com.cn:8183/Menu/Menu?formKey=M20190319T145755030" "Mozilla/5.0 (iPhone; CPU iPhone OS 11_4_1 like Mac OS X) AppleWebKit/605.1.15 (KHTML, like Gecko) Mobile/15G77JLAMPMode:iPhone"
223.104.4.250 - - [19/Mar/2019:15:00:24 +0800] "GET /js/JLAMP.lang.min.js HTTP/1.1" 304 - "http://merp.yudo.com.cn:8183/Menu/Menu?formKey=M20190319T145755030" "Mozilla/5.0 (iPhone; CPU iPhone OS 11_4_1 like Mac OS X) AppleWebKit/605.1.15 (KHTML, like Gecko) Mobile/15G77JLAMPMode:iPhone"
223.104.4.250 - - [19/Mar/2019:15:00:24 +0800] "GET /js/session.js HTTP/1.1" 304 - "http://merp.yudo.com.cn:8183/Menu/Menu?formKey=M20190319T145755030" "Mozilla/5.0 (iPhone; CPU iPhone OS 11_4_1 like Mac OS X) AppleWebKit/605.1.15 (KHTML, like Gecko) Mobile/15G77JLAMPMode:iPhone"
223.104.4.250 - - [19/Mar/2019:15:00:24 +0800] "GET /js/version.js?v=20180920001 HTTP/1.1" 304 - "http://merp.yudo.com.cn:8183/Menu/Menu?formKey=M20190319T145755030" "Mozilla/5.0 (iPhone; CPU iPhone OS 11_4_1 like Mac OS X) AppleWebKit/605.1.15 (KHTML, like Gecko) Mobile/15G77JLAMPMode:iPhone"
223.104.4.250 - - [19/Mar/2019:15:00:23 +0800] "GET /js/echarts.min.js HTTP/1.1" 200 744675 "http://merp.yudo.com.cn:8183/Menu/Menu?formKey=M20190319T145755030" "Mozilla/5.0 (iPhone; CPU iPhone OS 11_4_1 like Mac OS X) AppleWebKit/605.1.15 (KHTML, like Gecko) Mobile/15G77JLAMPMode:iPhone"
223.104.4.250 - - [19/Mar/2019:15:00:24 +0800] "GET /js/common.js HTTP/1.1" 304 - "http://merp.yudo.com.cn:8183/Menu/Menu?formKey=M20190319T145755030" "Mozilla/5.0 (iPhone; CPU iPhone OS 11_4_1 like Mac OS X) AppleWebKit/605.1.15 (KHTML, like Gecko) Mobile/15G77JLAMPMode:iPhone"
223.104.4.250 - - [19/Mar/2019:15:00:24 +0800] "GET /js/GNB.js HTTP/1.1" 304 - "http://merp.yudo.com.cn:8183/Menu/Menu?formKey=M20190319T145755030" "Mozilla/5.0 (iPhone; CPU iPhone OS 11_4_1 like Mac OS X) AppleWebKit/605.1.15 (KHTML, like Gecko) Mobile/15G77JLAMPMode:iPhone"
223.104.4.250 - - [19/Mar/2019:15:00:24 +0800] "GET /image/fonticon/headDefault.jpg HTTP/1.1" 304 - "http://merp.yudo.com.cn:8183/Menu/Menu?formKey=M20190319T145755030" "Mozilla/5.0 (iPhone; CPU iPhone OS 11_4_1 like Mac OS X) AppleWebKit/605.1.15 (KHTML, like Gecko) Mobile/15G77JLAMPMode:iPhone"
223.104.4.250 - - [19/Mar/2019:15:00:24 +0800] "GET /js/Menu/Menu.js?v=3014 HTTP/1.1" 304 - "http://merp.yudo.com.cn:8183/Menu/Menu?formKey=M20190319T145755030" "Mozilla/5.0 (iPhone; CPU iPhone OS 11_4_1 like Mac OS X) AppleWebKit/605.1.15 (KHTML, like Gecko) Mobile/15G77JLAMPMode:iPhone"
223.104.4.250 - - [19/Mar/2019:15:00:24 +0800] "GET /image/login_logo.png HTTP/1.1" 304 - "http://merp.yudo.com.cn:8183/Menu/Menu?formKey=M20190319T145755030" "Mozilla/5.0 (iPhone; CPU iPhone OS 11_4_1 like Mac OS X) AppleWebKit/605.1.15 (KHTML, like Gecko) Mobile/15G77JLAMPMode:iPhone"
223.104.4.250 - - [19/Mar/2019:15:00:24 +0800] "GET /image/yudo-03.png HTTP/1.1" 304 - "http://merp.yudo.com.cn:8183/Menu/Menu?formKey=M20190319T145755030" "Mozilla/5.0 (iPhone; CPU iPhone OS 11_4_1 like Mac OS X) AppleWebKit/605.1.15 (KHTML, like Gecko) Mobile/15G77JLAMPMode:iPhone"
223.104.4.250 - - [19/Mar/2019:15:00:24 +0800] "GET /image/yudo-01.png HTTP/1.1" 304 - "http://merp.yudo.com.cn:8183/Menu/Menu?formKey=M20190319T145755030" "Mozilla/5.0 (iPhone; CPU iPhone OS 11_4_1 like Mac OS X) AppleWebKit/605.1.15 (KHTML, like Gecko) Mobile/15G77JLAMPMode:iPhone"
223.104.4.250 - - [19/Mar/2019:15:00:24 +0800] "GET /image/yudo-02.png HTTP/1.1" 304 - "http://merp.yudo.com.cn:8183/Menu/Menu?formKey=M20190319T145755030" "Mozilla/5.0 (iPhone; CPU iPhone OS 11_4_1 like Mac OS X) AppleWebKit/605.1.15 (KHTML, like Gecko) Mobile/15G77JLAMPMode:iPhone"
223.104.4.250 - - [19/Mar/2019:15:00:24 +0800] "POST /JLAMPCommon/langBatchRows_prc HTTP/1.1" 200 1241 "http://merp.yudo.com.cn:8183/Menu/Menu?formKey=M20190319T145755030" "Mozilla/5.0 (iPhone; CPU iPhone OS 11_4_1 like Mac OS X) AppleWebKit/605.1.15 (KHTML, like Gecko) Mobile/15G77JLAMPMode:iPhone"
223.104.4.250 - - [19/Mar/2019:15:00:24 +0800] "GET /Menu/doMenuRows_prc?formKey=Menu HTTP/1.1" 200 826 "http://merp.yudo.com.cn:8183/Menu/Menu?formKey=M20190319T145755030" "Mozilla/5.0 (iPhone; CPU iPhone OS 11_4_1 like Mac OS X) AppleWebKit/605.1.15 (KHTML, like Gecko) Mobile/15G77JLAMPMode:iPhone"
223.104.4.250 - - [19/Mar/2019:15:00:25 +0800] "GET /JLAMPCommon/getCookieJson_prc HTTP/1.1" 200 933 "http://merp.yudo.com.cn:8183/Menu/Menu?formKey=M20190319T145755030" "Mozilla/5.0 (iPhone; CPU iPhone OS 11_4_1 like Mac OS X) AppleWebKit/605.1.15 (KHTML, like Gecko) Mobile/15G77JLAMPMode:iPhone"
223.104.4.250 - - [19/Mar/2019:15:00:25 +0800] "GET /image/fonticon/refresh_icon.png HTTP/1.1" 304 - "http://merp.yudo.com.cn:8183/Menu/Menu?formKey=M20190319T145755030" "Mozilla/5.0 (iPhone; CPU iPhone OS 11_4_1 like Mac OS X) AppleWebKit/605.1.15 (KHTML, like Gecko) Mobile/15G77JLAMPMode:iPhone"
223.104.4.250 - - [19/Mar/2019:15:00:25 +0800] "GET /image/fonticon/home_icon.png HTTP/1.1" 304 - "http://merp.yudo.com.cn:8183/Menu/Menu?formKey=M20190319T145755030" "Mozilla/5.0 (iPhone; CPU iPhone OS 11_4_1 like Mac OS X) AppleWebKit/605.1.15 (KHTML, like Gecko) Mobile/15G77JLAMPMode:iPhone"
223.104.4.250 - - [19/Mar/2019:15:00:25 +0800] "GET /image/fonticon/switchPass_icon.png HTTP/1.1" 304 - "http://merp.yudo.com.cn:8183/Menu/Menu?formKey=M20190319T145755030" "Mozilla/5.0 (iPhone; CPU iPhone OS 11_4_1 like Mac OS X) AppleWebKit/605.1.15 (KHTML, like Gecko) Mobile/15G77JLAMPMode:iPhone"
223.104.4.250 - - [19/Mar/2019:15:00:25 +0800] "GET /image/fonticon/quit_icon.png HTTP/1.1" 304 - "http://merp.yudo.com.cn:8183/Menu/Menu?formKey=M20190319T145755030" "Mozilla/5.0 (iPhone; CPU iPhone OS 11_4_1 like Mac OS X) AppleWebKit/605.1.15 (KHTML, like Gecko) Mobile/15G77JLAMPMode:iPhone"
223.104.4.250 - - [19/Mar/2019:15:00:25 +0800] "GET /image/fonticon/userMenu_icon.png HTTP/1.1" 304 - "http://merp.yudo.com.cn:8183/Menu/Menu?formKey=M20190319T145755030" "Mozilla/5.0 (iPhone; CPU iPhone OS 11_4_1 like Mac OS X) AppleWebKit/605.1.15 (KHTML, like Gecko) Mobile/15G77JLAMPMode:iPhone"
223.104.4.250 - - [19/Mar/2019:15:00:25 +0800] "GET /image/fonticon/loading_icon2.png HTTP/1.1" 304 - "http://merp.yudo.com.cn:8183/Menu/Menu?formKey=M20190319T145755030" "Mozilla/5.0 (iPhone; CPU iPhone OS 11_4_1 like Mac OS X) AppleWebKit/605.1.15 (KHTML, like Gecko) Mobile/15G77JLAMPMode:iPhone"
223.104.4.250 - - [19/Mar/2019:15:00:25 +0800] "GET /fonts/mui.ttf HTTP/1.1" 304 - "http://merp.yudo.com.cn:8183/Menu/Menu?formKey=M20190319T145755030" "Mozilla/5.0 (iPhone; CPU iPhone OS 11_4_1 like Mac OS X) AppleWebKit/605.1.15 (KHTML, like Gecko) Mobile/15G77JLAMPMode:iPhone"
223.104.4.250 - - [19/Mar/2019:15:00:25 +0800] "GET /image/fonticon/zuzhuang_icon.png HTTP/1.1" 304 - "http://merp.yudo.com.cn:8183/Menu/Menu?formKey=M20190319T145755030" "Mozilla/5.0 (iPhone; CPU iPhone OS 11_4_1 like Mac OS X) AppleWebKit/605.1.15 (KHTML, like Gecko) Mobile/15G77JLAMPMode:iPhone"
223.104.4.250 - - [19/Mar/2019:15:00:25 +0800] "GET /image/fonticon/as_icon.png HTTP/1.1" 304 - "http://merp.yudo.com.cn:8183/Menu/Menu?formKey=M20190319T145755030" "Mozilla/5.0 (iPhone; CPU iPhone OS 11_4_1 like Mac OS X) AppleWebKit/605.1.15 (KHTML, like Gecko) Mobile/15G77JLAMPMode:iPhone"
223.104.4.250 - - [19/Mar/2019:15:00:25 +0800] "GET /image/fonticon/salesPlan_icon.png HTTP/1.1" 304 - "http://merp.yudo.com.cn:8183/Menu/Menu?formKey=M20190319T145755030" "Mozilla/5.0 (iPhone; CPU iPhone OS 11_4_1 like Mac OS X) AppleWebKit/605.1.15 (KHTML, like Gecko) Mobile/15G77JLAMPMode:iPhone"
223.104.4.250 - - [19/Mar/2019:15:00:25 +0800] "GET /Menu/getLoginInfo HTTP/1.1" 200 182 "http://merp.yudo.com.cn:8183/Menu/Menu?formKey=M20190319T145755030" "Mozilla/5.0 (iPhone; CPU iPhone OS 11_4_1 like Mac OS X) AppleWebKit/605.1.15 (KHTML, like Gecko) Mobile/15G77JLAMPMode:iPhone"
223.104.4.250 - - [19/Mar/2019:15:00:26 +0800] "GET /WEI_2300/WEI_2300?formKey=Menu&menuSelection=asm HTTP/1.1" 200 42837 "http://merp.yudo.com.cn:8183/Menu/Menu?formKey=M20190319T145755030" "Mozilla/5.0 (iPhone; CPU iPhone OS 11_4_1 like Mac OS X) AppleWebKit/605.1.15 (KHTML, like Gecko) Mobile/15G77JLAMPMode:iPhone"
223.104.4.250 - - [19/Mar/2019:15:00:27 +0800] "GET /css/yudo-ui.css?v=1050 HTTP/1.1" 304 - "http://merp.yudo.com.cn:8183/WEI_2300/WEI_2300?formKey=Menu&menuSelection=asm" "Mozilla/5.0 (iPhone; CPU iPhone OS 11_4_1 like Mac OS X) AppleWebKit/605.1.15 (KHTML, like Gecko) Mobile/15G77JLAMPMode:iPhone"
223.104.4.250 - - [19/Mar/2019:15:00:27 +0800] "GET /js/multiHttp.js?v=1001 HTTP/1.1" 304 - "http://merp.yudo.com.cn:8183/WEI_2300/WEI_2300?formKey=Menu&menuSelection=asm" "Mozilla/5.0 (iPhone; CPU iPhone OS 11_4_1 like Mac OS X) AppleWebKit/605.1.15 (KHTML, like Gecko) Mobile/15G77JLAMPMode:iPhone"
223.104.4.250 - - [19/Mar/2019:15:00:27 +0800] "GET /image/fonticon/backMenu_icon.png HTTP/1.1" 304 - "http://merp.yudo.com.cn:8183/WEI_2300/WEI_2300?formKey=Menu&menuSelection=asm" "Mozilla/5.0 (iPhone; CPU iPhone OS 11_4_1 like Mac OS X) AppleWebKit/605.1.15 (KHTML, like Gecko) Mobile/15G77JLAMPMode:iPhone"
223.104.4.250 - - [19/Mar/2019:15:00:27 +0800] "GET /image/fonticon/extend_icon.png HTTP/1.1" 304 - "http://merp.yudo.com.cn:8183/WEI_2300/WEI_2300?formKey=Menu&menuSelection=asm" "Mozilla/5.0 (iPhone; CPU iPhone OS 11_4_1 like Mac OS X) AppleWebKit/605.1.15 (KHTML, like Gecko) Mobile/15G77JLAMPMode:iPhone"
223.104.4.250 - - [19/Mar/2019:15:00:27 +0800] "GET /image/fonticon/search_icon.png HTTP/1.1" 304 - "http://merp.yudo.com.cn:8183/WEI_2300/WEI_2300?formKey=Menu&menuSelection=asm" "Mozilla/5.0 (iPhone; CPU iPhone OS 11_4_1 like Mac OS X) AppleWebKit/605.1.15 (KHTML, like Gecko) Mobile/15G77JLAMPMode:iPhone"
223.104.4.250 - - [19/Mar/2019:15:00:27 +0800] "GET /image/fonticon/write_icon.png HTTP/1.1" 304 - "http://merp.yudo.com.cn:8183/WEI_2300/WEI_2300?formKey=Menu&menuSelection=asm" "Mozilla/5.0 (iPhone; CPU iPhone OS 11_4_1 like Mac OS X) AppleWebKit/605.1.15 (KHTML, like Gecko) Mobile/15G77JLAMPMode:iPhone"
223.104.4.250 - - [19/Mar/2019:15:00:27 +0800] "GET /image/fonticon/back_icon2.png HTTP/1.1" 304 - "http://merp.yudo.com.cn:8183/WEI_2300/WEI_2300?formKey=Menu&menuSelection=asm" "Mozilla/5.0 (iPhone; CPU iPhone OS 11_4_1 like Mac OS X) AppleWebKit/605.1.15 (KHTML, like Gecko) Mobile/15G77JLAMPMode:iPhone"
223.104.4.250 - - [19/Mar/2019:15:00:27 +0800] "GET /image/fonticon/search_class_icon.png HTTP/1.1" 304 - "http://merp.yudo.com.cn:8183/WEI_2300/WEI_2300?formKey=Menu&menuSelection=asm" "Mozilla/5.0 (iPhone; CPU iPhone OS 11_4_1 like Mac OS X) AppleWebKit/605.1.15 (KHTML, like Gecko) Mobile/15G77JLAMPMode:iPhone"
223.104.4.250 - - [19/Mar/2019:15:00:27 +0800] "GET /js/WEI_2300/WEI_2300_Lists.js?v=1063 HTTP/1.1" 304 - "http://merp.yudo.com.cn:8183/WEI_2300/WEI_2300?formKey=Menu&menuSelection=asm" "Mozilla/5.0 (iPhone; CPU iPhone OS 11_4_1 like Mac OS X) AppleWebKit/605.1.15 (KHTML, like Gecko) Mobile/15G77JLAMPMode:iPhone"
223.104.4.250 - - [19/Mar/2019:15:00:27 +0800] "GET /image/fonticon/search_user_icon.png HTTP/1.1" 304 - "http://merp.yudo.com.cn:8183/WEI_2300/WEI_2300?formKey=Menu&menuSelection=asm" "Mozilla/5.0 (iPhone; CPU iPhone OS 11_4_1 like Mac OS X) AppleWebKit/605.1.15 (KHTML, like Gecko) Mobile/15G77JLAMPMode:iPhone"
223.104.4.250 - - [19/Mar/2019:15:00:27 +0800] "GET /image/fonticon/date_icon.png HTTP/1.1" 304 - "http://merp.yudo.com.cn:8183/WEI_2300/WEI_2300?formKey=Menu&menuSelection=asm" "Mozilla/5.0 (iPhone; CPU iPhone OS 11_4_1 like Mac OS X) AppleWebKit/605.1.15 (KHTML, like Gecko) Mobile/15G77JLAMPMode:iPhone"
223.104.4.250 - - [19/Mar/2019:15:00:27 +0800] "GET /image/fonticon/xiala_icon.png HTTP/1.1" 304 - "http://merp.yudo.com.cn:8183/WEI_2300/WEI_2300?formKey=Menu&menuSelection=asm" "Mozilla/5.0 (iPhone; CPU iPhone OS 11_4_1 like Mac OS X) AppleWebKit/605.1.15 (KHTML, like Gecko) Mobile/15G77JLAMPMode:iPhone"
223.104.4.250 - - [19/Mar/2019:15:00:27 +0800] "GET /image/fonticon/loading_icon3.png HTTP/1.1" 304 - "http://merp.yudo.com.cn:8183/WEI_2300/WEI_2300?formKey=Menu&menuSelection=asm" "Mozilla/5.0 (iPhone; CPU iPhone OS 11_4_1 like Mac OS X) AppleWebKit/605.1.15 (KHTML, like Gecko) Mobile/15G77JLAMPMode:iPhone"
223.104.4.250 - - [19/Mar/2019:15:00:28 +0800] "POST /JLAMPCommon/langBatchRows_prc HTTP/1.1" 200 18559 "http://merp.yudo.com.cn:8183/WEI_2300/WEI_2300?formKey=Menu&menuSelection=asm" "Mozilla/5.0 (iPhone; CPU iPhone OS 11_4_1 like Mac OS X) AppleWebKit/605.1.15 (KHTML, like Gecko) Mobile/15G77JLAMPMode:iPhone"
223.104.4.250 - - [19/Mar/2019:15:00:28 +0800] "GET /WEI_2300/getLoginInfo HTTP/1.1" 200 157 "http://merp.yudo.com.cn:8183/WEI_2300/WEI_2300?formKey=Menu&menuSelection=asm" "Mozilla/5.0 (iPhone; CPU iPhone OS 11_4_1 like Mac OS X) AppleWebKit/605.1.15 (KHTML, like Gecko) Mobile/15G77JLAMPMode:iPhone"
223.104.4.250 - - [19/Mar/2019:15:00:28 +0800] "POST /JLAMPCommon/langBatchRows_prc HTTP/1.1" 200 483 "http://merp.yudo.com.cn:8183/WEI_2300/WEI_2300?formKey=Menu&menuSelection=asm" "Mozilla/5.0 (iPhone; CPU iPhone OS 11_4_1 like Mac OS X) AppleWebKit/605.1.15 (KHTML, like Gecko) Mobile/15G77JLAMPMode:iPhone"
223.104.4.250 - - [19/Mar/2019:15:00:28 +0800] "GET /JLAMPCommon/getCookieJson_prc HTTP/1.1" 200 933 "http://merp.yudo.com.cn:8183/WEI_2300/WEI_2300?formKey=Menu&menuSelection=asm" "Mozilla/5.0 (iPhone; CPU iPhone OS 11_4_1 like Mac OS X) AppleWebKit/605.1.15 (KHTML, like Gecko) Mobile/15G77JLAMPMode:iPhone"
223.104.4.250 - - [19/Mar/2019:15:00:30 +0800] "GET /WEI_2300/getPermission HTTP/1.1" 200 63 "http://merp.yudo.com.cn:8183/WEI_2300/WEI_2300?formKey=Menu&menuSelection=asm" "Mozilla/5.0 (iPhone; CPU iPhone OS 11_4_1 like Mac OS X) AppleWebKit/605.1.15 (KHTML, like Gecko) Mobile/15G77JLAMPMode:iPhone"
223.104.4.250 - - [19/Mar/2019:15:00:30 +0800] "GET /WEI_2300/getMempId HTTP/1.1" 200 248 "http://merp.yudo.com.cn:8183/WEI_2300/WEI_2300?formKey=Menu&menuSelection=asm" "Mozilla/5.0 (iPhone; CPU iPhone OS 11_4_1 like Mac OS X) AppleWebKit/605.1.15 (KHTML, like Gecko) Mobile/15G77JLAMPMode:iPhone"
::1 - - [19/Mar/2019:15:00:31 +0800] "OPTIONS * HTTP/1.0" 200 - "-" "Apache/2.4.6 (CentOS) PHP/5.6.32 (internal dummy connection)"
::1 - - [19/Mar/2019:15:00:32 +0800] "OPTIONS * HTTP/1.0" 200 - "-" "Apache/2.4.6 (CentOS) PHP/5.6.32 (internal dummy connection)"
223.104.4.250 - - [19/Mar/2019:15:00:31 +0800] "POST /WEI_2300/getMempIdTarget HTTP/1.1" 200 2103 "http://merp.yudo.com.cn:8183/WEI_2300/WEI_2300?formKey=Menu&menuSelection=asm" "Mozilla/5.0 (iPhone; CPU iPhone OS 11_4_1 like Mac OS X) AppleWebKit/605.1.15 (KHTML, like Gecko) Mobile/15G77JLAMPMode:iPhone"
::1 - - [19/Mar/2019:15:00:39 +0800] "OPTIONS * HTTP/1.0" 200 - "-" "Apache/2.4.6 (CentOS) PHP/5.6.32 (internal dummy connection)"
223.104.4.250 - - [19/Mar/2019:15:00:52 +0800] "POST /WEI_2300/getMempIdTarget HTTP/1.1" 200 2124 "http://merp.yudo.com.cn:8183/WEI_2300/WEI_2300?formKey=Menu&menuSelection=asm" "Mozilla/5.0 (iPhone; CPU iPhone OS 11_4_1 like Mac OS X) AppleWebKit/605.1.15 (KHTML, like Gecko) Mobile/15G77JLAMPMode:iPhone"
223.104.4.250 - - [19/Mar/2019:16:54:01 +0800] "POST /WEI_2300/getMempIdTarget HTTP/1.1" 200 2126 "http://merp.yudo.com.cn:8183/WEI_2300/WEI_2300?formKey=Menu&menuSelection=asm" "Mozilla/5.0 (iPhone; CPU iPhone OS 11_4_1 like Mac OS X) AppleWebKit/605.1.15 (KHTML, like Gecko) Mobile/15G77JLAMPMode:iPhone"
223.104.4.250 - - [19/Mar/2019:16:54:11 +0800] "POST /WEI_2300/getMempIdTarget HTTP/1.1" 200 2106 "http://merp.yudo.com.cn:8183/WEI_2300/WEI_2300?formKey=Menu&menuSelection=asm" "Mozilla/5.0 (iPhone; CPU iPhone OS 11_4_1 like Mac OS X) AppleWebKit/605.1.15 (KHTML, like Gecko) Mobile/15G77JLAMPMode:iPhone"
223.104.4.250 - - [19/Mar/2019:17:23:26 +0800] "POST /WEI_2300/getMempIdTarget HTTP/1.1" 200 2107 "http://merp.yudo.com.cn:8183/WEI_2300/WEI_2300?formKey=Menu&menuSelection=asm" "Mozilla/5.0 (iPhone; CPU iPhone OS 11_4_1 like Mac OS X) AppleWebKit/605.1.15 (KHTML, like Gecko) Mobile/15G77JLAMPMode:iPhone"
223.104.4.250 - - [19/Mar/2019:17:23:36 +0800] "POST /WEI_2300/getMempIdTarget HTTP/1.1" 200 2107 "http://merp.yudo.com.cn:8183/WEI_2300/WEI_2300?formKey=Menu&menuSelection=asm" "Mozilla/5.0 (iPhone; CPU iPhone OS 11_4_1 like Mac OS X) AppleWebKit/605.1.15 (KHTML, like Gecko) Mobile/15G77JLAMPMode:iPhone"
223.104.4.250 - - [19/Mar/2019:17:23:47 +0800] "GET /?deviceType=mobile&devicePlatform=ios HTTP/1.1" 302 149 "-" "Mozilla/5.0 (iPhone; CPU iPhone OS 11_4_1 like Mac OS X) AppleWebKit/605.1.15 (KHTML, like Gecko) Mobile/15G77JLAMPMode:iPhone"
223.104.4.250 - - [19/Mar/2019:17:23:48 +0800] "GET /Menu/Menu?formKey=M20190319T172120033 HTTP/1.1" 200 12650 "-" "Mozilla/5.0 (iPhone; CPU iPhone OS 11_4_1 like Mac OS X) AppleWebKit/605.1.15 (KHTML, like Gecko) Mobile/15G77JLAMPMode:iPhone"
112.17.239.174 - - [19/Mar/2019:17:23:48 +0800] "GET /?deviceType=mobile&devicePlatform=android HTTP/1.1" 200 8054 "-" "Mozilla/5.0 (Linux; Android 9; ALP-AL00 Build/HUAWEIALP-AL00; wv) AppleWebKit/537.36 (KHTML, like Gecko) Version/4.0 Chrome/69.0.3497.100 Mobile Safari/537.36"
112.17.239.174 - - [19/Mar/2019:17:23:48 +0800] "GET /third_party/bootstrap-3.3.5/css/bootstrap.css HTTP/1.1" 200 147430 "http://merp.yudo.com.cn:8183/?deviceType=mobile&devicePlatform=android" "Mozilla/5.0 (Linux; Android 9; ALP-AL00 Build/HUAWEIALP-AL00; wv) AppleWebKit/537.36 (KHTML, like Gecko) Version/4.0 Chrome/69.0.3497.100 Mobile Safari/537.36"
112.17.239.174 - - [19/Mar/2019:17:23:48 +0800] "GET /third_party/bootstrap-3.3.5/css/bootstrap-theme.css HTTP/1.1" 200 26132 "http://merp.yudo.com.cn:8183/?deviceType=mobile&devicePlatform=android" "Mozilla/5.0 (Linux; Android 9; ALP-AL00 Build/HUAWEIALP-AL00; wv) AppleWebKit/537.36 (KHTML, like Gecko) Version/4.0 Chrome/69.0.3497.100 Mobile Safari/537.36"
112.17.239.174 - - [19/Mar/2019:17:23:48 +0800] "GET /third_party/bootstrap-datetimepicker/css/bootstrap-datetimepicker.css HTTP/1.1" 200 12289 "http://merp.yudo.com.cn:8183/?deviceType=mobile&devicePlatform=android" "Mozilla/5.0 (Linux; Android 9; ALP-AL00 Build/HUAWEIALP-AL00; wv) AppleWebKit/537.36 (KHTML, like Gecko) Version/4.0 Chrome/69.0.3497.100 Mobile Safari/537.36"
112.17.239.174 - - [19/Mar/2019:17:23:48 +0800] "GET /css/bootstrap_modify.css HTTP/1.1" 200 265 "http://merp.yudo.com.cn:8183/?deviceType=mobile&devicePlatform=android" "Mozilla/5.0 (Linux; Android 9; ALP-AL00 Build/HUAWEIALP-AL00; wv) AppleWebKit/537.36 (KHTML, like Gecko) Version/4.0 Chrome/69.0.3497.100 Mobile Safari/537.36"
112.17.239.174 - - [19/Mar/2019:17:23:48 +0800] "GET /third_party/loading-overlay/waitMe.css HTTP/1.1" 200 14541 "http://merp.yudo.com.cn:8183/?deviceType=mobile&devicePlatform=android" "Mozilla/5.0 (Linux; Android 9; ALP-AL00 Build/HUAWEIALP-AL00; wv) AppleWebKit/537.36 (KHTML, like Gecko) Version/4.0 Chrome/69.0.3497.100 Mobile Safari/537.36"
112.17.239.174 - - [19/Mar/2019:17:23:48 +0800] "GET /third_party/slideout-1.0.1/index.css HTTP/1.1" 200 491 "http://merp.yudo.com.cn:8183/?deviceType=mobile&devicePlatform=android" "Mozilla/5.0 (Linux; Android 9; ALP-AL00 Build/HUAWEIALP-AL00; wv) AppleWebKit/537.36 (KHTML, like Gecko) Version/4.0 Chrome/69.0.3497.100 Mobile Safari/537.36"
112.17.239.174 - - [19/Mar/2019:17:23:48 +0800] "GET /css/slide_menu.css HTTP/1.1" 200 2705 "http://merp.yudo.com.cn:8183/?deviceType=mobile&devicePlatform=android" "Mozilla/5.0 (Linux; Android 9; ALP-AL00 Build/HUAWEIALP-AL00; wv) AppleWebKit/537.36 (KHTML, like Gecko) Version/4.0 Chrome/69.0.3497.100 Mobile Safari/537.36"
112.17.239.174 - - [19/Mar/2019:17:23:48 +0800] "GET /css/JLAMP.common.min.css HTTP/1.1" 200 - "http://merp.yudo.com.cn:8183/?deviceType=mobile&devicePlatform=android" "Mozilla/5.0 (Linux; Android 9; ALP-AL00 Build/HUAWEIALP-AL00; wv) AppleWebKit/537.36 (KHTML, like Gecko) Version/4.0 Chrome/69.0.3497.100 Mobile Safari/537.36"
112.17.239.174 - - [19/Mar/2019:17:23:48 +0800] "GET /css/JLAMP.modal.min.css HTTP/1.1" 200 920 "http://merp.yudo.com.cn:8183/?deviceType=mobile&devicePlatform=android" "Mozilla/5.0 (Linux; Android 9; ALP-AL00 Build/HUAWEIALP-AL00; wv) AppleWebKit/537.36 (KHTML, like Gecko) Version/4.0 Chrome/69.0.3497.100 Mobile Safari/537.36"
112.17.239.174 - - [19/Mar/2019:17:23:48 +0800] "GET /css/JLAMP.autobinding.min.css HTTP/1.1" 200 852 "http://merp.yudo.com.cn:8183/?deviceType=mobile&devicePlatform=android" "Mozilla/5.0 (Linux; Android 9; ALP-AL00 Build/HUAWEIALP-AL00; wv) AppleWebKit/537.36 (KHTML, like Gecko) Version/4.0 Chrome/69.0.3497.100 Mobile Safari/537.36"
112.17.239.174 - - [19/Mar/2019:17:23:48 +0800] "GET /css/login.css?v=1001 HTTP/1.1" 200 2712 "http://merp.yudo.com.cn:8183/?deviceType=mobile&devicePlatform=android" "Mozilla/5.0 (Linux; Android 9; ALP-AL00 Build/HUAWEIALP-AL00; wv) AppleWebKit/537.36 (KHTML, like Gecko) Version/4.0 Chrome/69.0.3497.100 Mobile Safari/537.36"
223.104.4.250 - - [19/Mar/2019:17:23:48 +0800] "GET /css/mui.picker.min.css HTTP/1.1" 304 - "http://merp.yudo.com.cn:8183/Menu/Menu?formKey=M20190319T172120033" "Mozilla/5.0 (iPhone; CPU iPhone OS 11_4_1 like Mac OS X) AppleWebKit/605.1.15 (KHTML, like Gecko) Mobile/15G77JLAMPMode:iPhone"
112.17.239.174 - - [19/Mar/2019:17:23:48 +0800] "GET /css/common.css?v=5007 HTTP/1.1" 200 14033 "http://merp.yudo.com.cn:8183/?deviceType=mobile&devicePlatform=android" "Mozilla/5.0 (Linux; Android 9; ALP-AL00 Build/HUAWEIALP-AL00; wv) AppleWebKit/537.36 (KHTML, like Gecko) Version/4.0 Chrome/69.0.3497.100 Mobile Safari/537.36"
223.104.4.250 - - [19/Mar/2019:17:23:48 +0800] "GET /css/yudo-ui.css?v=1082 HTTP/1.1" 304 - "http://merp.yudo.com.cn:8183/Menu/Menu?formKey=M20190319T172120033" "Mozilla/5.0 (iPhone; CPU iPhone OS 11_4_1 like Mac OS X) AppleWebKit/605.1.15 (KHTML, like Gecko) Mobile/15G77JLAMPMode:iPhone"
223.104.4.250 - - [19/Mar/2019:17:23:48 +0800] "GET /css/animate.min.css HTTP/1.1" 304 - "http://merp.yudo.com.cn:8183/Menu/Menu?formKey=M20190319T172120033" "Mozilla/5.0 (iPhone; CPU iPhone OS 11_4_1 like Mac OS X) AppleWebKit/605.1.15 (KHTML, like Gecko) Mobile/15G77JLAMPMode:iPhone"
112.17.239.174 - - [19/Mar/2019:17:23:48 +0800] "GET /third_party/bootstrap-3.3.5/js/bootstrap.min.js HTTP/1.1" 200 36816 "http://merp.yudo.com.cn:8183/?deviceType=mobile&devicePlatform=android" "Mozilla/5.0 (Linux; Android 9; ALP-AL00 Build/HUAWEIALP-AL00; wv) AppleWebKit/537.36 (KHTML, like Gecko) Version/4.0 Chrome/69.0.3497.100 Mobile Safari/537.36"
223.104.4.250 - - [19/Mar/2019:17:23:48 +0800] "GET /js/vue.js HTTP/1.1" 304 - "http://merp.yudo.com.cn:8183/Menu/Menu?formKey=M20190319T172120033" "Mozilla/5.0 (iPhone; CPU iPhone OS 11_4_1 like Mac OS X) AppleWebKit/605.1.15 (KHTML, like Gecko) Mobile/15G77JLAMPMode:iPhone"
112.17.239.174 - - [19/Mar/2019:17:23:48 +0800] "GET /third_party/loading-overlay/waitMe.js HTTP/1.1" 200 8583 "http://merp.yudo.com.cn:8183/?deviceType=mobile&devicePlatform=android" "Mozilla/5.0 (Linux; Android 9; ALP-AL00 Build/HUAWEIALP-AL00; wv) AppleWebKit/537.36 (KHTML, like Gecko) Version/4.0 Chrome/69.0.3497.100 Mobile Safari/537.36"
112.17.239.174 - - [19/Mar/2019:17:23:48 +0800] "GET /third_party/slideout-1.0.1/slideout.js HTTP/1.1" 200 37980 "http://merp.yudo.com.cn:8183/?deviceType=mobile&devicePlatform=android" "Mozilla/5.0 (Linux; Android 9; ALP-AL00 Build/HUAWEIALP-AL00; wv) AppleWebKit/537.36 (KHTML, like Gecko) Version/4.0 Chrome/69.0.3497.100 Mobile Safari/537.36"
112.17.239.174 - - [19/Mar/2019:17:23:48 +0800] "GET /js/fastclick.js HTTP/1.1" 200 25966 "http://merp.yudo.com.cn:8183/?deviceType=mobile&devicePlatform=android" "Mozilla/5.0 (Linux; Android 9; ALP-AL00 Build/HUAWEIALP-AL00; wv) AppleWebKit/537.36 (KHTML, like Gecko) Version/4.0 Chrome/69.0.3497.100 Mobile Safari/537.36"
112.17.239.174 - - [19/Mar/2019:17:23:48 +0800] "GET /third_party/jquery-2.1.4/jquery.js HTTP/1.1" 200 247606 "http://merp.yudo.com.cn:8183/?deviceType=mobile&devicePlatform=android" "Mozilla/5.0 (Linux; Android 9; ALP-AL00 Build/HUAWEIALP-AL00; wv) AppleWebKit/537.36 (KHTML, like Gecko) Version/4.0 Chrome/69.0.3497.100 Mobile Safari/537.36"
223.104.4.250 - - [19/Mar/2019:17:23:48 +0800] "GET /js/mui.min.js?v=1001 HTTP/1.1" 304 - "http://merp.yudo.com.cn:8183/Menu/Menu?formKey=M20190319T172120033" "Mozilla/5.0 (iPhone; CPU iPhone OS 11_4_1 like Mac OS X) AppleWebKit/605.1.15 (KHTML, like Gecko) Mobile/15G77JLAMPMode:iPhone"
223.104.4.250 - - [19/Mar/2019:17:23:48 +0800] "GET /js/multiHttp.js?v=2009 HTTP/1.1" 304 - "http://merp.yudo.com.cn:8183/Menu/Menu?formKey=M20190319T172120033" "Mozilla/5.0 (iPhone; CPU iPhone OS 11_4_1 like Mac OS X) AppleWebKit/605.1.15 (KHTML, like Gecko) Mobile/15G77JLAMPMode:iPhone"
112.17.239.174 - - [19/Mar/2019:17:23:48 +0800] "GET /third_party/bootstrap-datetimepicker/js/bootstrap-datetimepicker.js HTTP/1.1" 200 67526 "http://merp.yudo.com.cn:8183/?deviceType=mobile&devicePlatform=android" "Mozilla/5.0 (Linux; Android 9; ALP-AL00 Build/HUAWEIALP-AL00; wv) AppleWebKit/537.36 (KHTML, like Gecko) Version/4.0 Chrome/69.0.3497.100 Mobile Safari/537.36"
223.104.4.250 - - [19/Mar/2019:17:23:48 +0800] "GET /js/lang.min.js?v=1001 HTTP/1.1" 304 - "http://merp.yudo.com.cn:8183/Menu/Menu?formKey=M20190319T172120033" "Mozilla/5.0 (iPhone; CPU iPhone OS 11_4_1 like Mac OS X) AppleWebKit/605.1.15 (KHTML, like Gecko) Mobile/15G77JLAMPMode:iPhone"
112.17.239.174 - - [19/Mar/2019:17:23:48 +0800] "GET /js/JLAMP.polyfill.min.js HTTP/1.1" 200 361 "http://merp.yudo.com.cn:8183/?deviceType=mobile&devicePlatform=android" "Mozilla/5.0 (Linux; Android 9; ALP-AL00 Build/HUAWEIALP-AL00; wv) AppleWebKit/537.36 (KHTML, like Gecko) Version/4.0 Chrome/69.0.3497.100 Mobile Safari/537.36"
112.17.239.174 - - [19/Mar/2019:17:23:48 +0800] "GET /js/JLAMP.min.js HTTP/1.1" 200 1461 "http://merp.yudo.com.cn:8183/?deviceType=mobile&devicePlatform=android" "Mozilla/5.0 (Linux; Android 9; ALP-AL00 Build/HUAWEIALP-AL00; wv) AppleWebKit/537.36 (KHTML, like Gecko) Version/4.0 Chrome/69.0.3497.100 Mobile Safari/537.36"
112.17.239.174 - - [19/Mar/2019:17:23:48 +0800] "GET /js/JLAMP.common.min.js HTTP/1.1" 200 9705 "http://merp.yudo.com.cn:8183/?deviceType=mobile&devicePlatform=android" "Mozilla/5.0 (Linux; Android 9; ALP-AL00 Build/HUAWEIALP-AL00; wv) AppleWebKit/537.36 (KHTML, like Gecko) Version/4.0 Chrome/69.0.3497.100 Mobile Safari/537.36"
112.17.239.174 - - [19/Mar/2019:17:23:48 +0800] "GET /js/JLAMP.menu.min.js HTTP/1.1" 200 6519 "http://merp.yudo.com.cn:8183/?deviceType=mobile&devicePlatform=android" "Mozilla/5.0 (Linux; Android 9; ALP-AL00 Build/HUAWEIALP-AL00; wv) AppleWebKit/537.36 (KHTML, like Gecko) Version/4.0 Chrome/69.0.3497.100 Mobile Safari/537.36"
223.104.4.250 - - [19/Mar/2019:17:23:48 +0800] "GET /js/mui.zoom.js?v=201804231454 HTTP/1.1" 304 - "http://merp.yudo.com.cn:8183/Menu/Menu?formKey=M20190319T172120033" "Mozilla/5.0 (iPhone; CPU iPhone OS 11_4_1 like Mac OS X) AppleWebKit/605.1.15 (KHTML, like Gecko) Mobile/15G77JLAMPMode:iPhone"
223.104.4.250 - - [19/Mar/2019:17:23:48 +0800] "GET /js/mui.previewimage.js?v=201804261256 HTTP/1.1" 304 - "http://merp.yudo.com.cn:8183/Menu/Menu?formKey=M20190319T172120033" "Mozilla/5.0 (iPhone; CPU iPhone OS 11_4_1 like Mac OS X) AppleWebKit/605.1.15 (KHTML, like Gecko) Mobile/15G77JLAMPMode:iPhone"
112.17.239.174 - - [19/Mar/2019:17:23:48 +0800] "GET /js/JLAMP.autobinding.min.js HTTP/1.1" 200 8816 "http://merp.yudo.com.cn:8183/?deviceType=mobile&devicePlatform=android" "Mozilla/5.0 (Linux; Android 9; ALP-AL00 Build/HUAWEIALP-AL00; wv) AppleWebKit/537.36 (KHTML, like Gecko) Version/4.0 Chrome/69.0.3497.100 Mobile Safari/537.36"
112.17.239.174 - - [19/Mar/2019:17:23:48 +0800] "GET /js/JLAMP.modal.min.js HTTP/1.1" 200 16516 "http://merp.yudo.com.cn:8183/?deviceType=mobile&devicePlatform=android" "Mozilla/5.0 (Linux; Android 9; ALP-AL00 Build/HUAWEIALP-AL00; wv) AppleWebKit/537.36 (KHTML, like Gecko) Version/4.0 Chrome/69.0.3497.100 Mobile Safari/537.36"
112.17.239.174 - - [19/Mar/2019:17:23:48 +0800] "GET /js/JLAMP.lang.min.js HTTP/1.1" 200 1750 "http://merp.yudo.com.cn:8183/?deviceType=mobile&devicePlatform=android" "Mozilla/5.0 (Linux; Android 9; ALP-AL00 Build/HUAWEIALP-AL00; wv) AppleWebKit/537.36 (KHTML, like Gecko) Version/4.0 Chrome/69.0.3497.100 Mobile Safari/537.36"
223.104.4.250 - - [19/Mar/2019:17:23:48 +0800] "GET /js/mui.picker.min.js?v=1001 HTTP/1.1" 304 - "http://merp.yudo.com.cn:8183/Menu/Menu?formKey=M20190319T172120033" "Mozilla/5.0 (iPhone; CPU iPhone OS 11_4_1 like Mac OS X) AppleWebKit/605.1.15 (KHTML, like Gecko) Mobile/15G77JLAMPMode:iPhone"
112.17.239.174 - - [19/Mar/2019:17:23:48 +0800] "GET /js/session.js HTTP/1.1" 200 638 "http://merp.yudo.com.cn:8183/?deviceType=mobile&devicePlatform=android" "Mozilla/5.0 (Linux; Android 9; ALP-AL00 Build/HUAWEIALP-AL00; wv) AppleWebKit/537.36 (KHTML, like Gecko) Version/4.0 Chrome/69.0.3497.100 Mobile Safari/537.36"
112.17.239.174 - - [19/Mar/2019:17:23:48 +0800] "GET /js/version.js?v=20190225001 HTTP/1.1" 200 2610 "http://merp.yudo.com.cn:8183/?deviceType=mobile&devicePlatform=android" "Mozilla/5.0 (Linux; Android 9; ALP-AL00 Build/HUAWEIALP-AL00; wv) AppleWebKit/537.36 (KHTML, like Gecko) Version/4.0 Chrome/69.0.3497.100 Mobile Safari/537.36"
112.17.239.174 - - [19/Mar/2019:17:23:48 +0800] "GET /js/common.js?v=1001 HTTP/1.1" 200 11633 "http://merp.yudo.com.cn:8183/?deviceType=mobile&devicePlatform=android" "Mozilla/5.0 (Linux; Android 9; ALP-AL00 Build/HUAWEIALP-AL00; wv) AppleWebKit/537.36 (KHTML, like Gecko) Version/4.0 Chrome/69.0.3497.100 Mobile Safari/537.36"
112.17.239.174 - - [19/Mar/2019:17:23:48 +0800] "GET /js/GNB.js HTTP/1.1" 200 2176 "http://merp.yudo.com.cn:8183/?deviceType=mobile&devicePlatform=android" "Mozilla/5.0 (Linux; Android 9; ALP-AL00 Build/HUAWEIALP-AL00; wv) AppleWebKit/537.36 (KHTML, like Gecko) Version/4.0 Chrome/69.0.3497.100 Mobile Safari/537.36"
223.104.4.250 - - [19/Mar/2019:17:23:48 +0800] "GET /js/fastclick.js HTTP/1.1" 304 - "http://merp.yudo.com.cn:8183/Menu/Menu?formKey=M20190319T172120033" "Mozilla/5.0 (iPhone; CPU iPhone OS 11_4_1 like Mac OS X) AppleWebKit/605.1.15 (KHTML, like Gecko) Mobile/15G77JLAMPMode:iPhone"
112.17.239.174 - - [19/Mar/2019:17:23:48 +0800] "GET /js/login.js?v=9010 HTTP/1.1" 200 9599 "http://merp.yudo.com.cn:8183/?deviceType=mobile&devicePlatform=android" "Mozilla/5.0 (Linux; Android 9; ALP-AL00 Build/HUAWEIALP-AL00; wv) AppleWebKit/537.36 (KHTML, like Gecko) Version/4.0 Chrome/69.0.3497.100 Mobile Safari/537.36"
223.104.4.250 - - [19/Mar/2019:17:23:48 +0800] "GET /js/JLAMP.polyfill.min.js HTTP/1.1" 304 - "http://merp.yudo.com.cn:8183/Menu/Menu?formKey=M20190319T172120033" "Mozilla/5.0 (iPhone; CPU iPhone OS 11_4_1 like Mac OS X) AppleWebKit/605.1.15 (KHTML, like Gecko) Mobile/15G77JLAMPMode:iPhone"
