::1 - - [05/Feb/2018:11:10:59 +0800] "OPTIONS * HTTP/1.0" 200 - "-" "Apache/2.4.6 (CentOS) PHP/5.6.32 (internal dummy connection)"
::1 - - [05/Feb/2018:11:11:00 +0800] "OPTIONS * HTTP/1.0" 200 - "-" "Apache/2.4.6 (CentOS) PHP/5.6.32 (internal dummy connection)"
180.107.180.148 - - [05/Feb/2018:11:11:07 +0800] "GET /WEI_1400/WEI_1400?formKey=M20180205T110839687&menuSelection=sm HTTP/1.1" 200 7191 "http://merp.yudo.com.cn:8183/Menu/Menu?formKey=M20180205T110839687" "Mozilla/5.0 (iPhone; CPU iPhone OS 11_2_5 like Mac OS X) AppleWebKit/604.5.6 (KHTML, like Gecko) Mobile/15D60JLAMPMode:iPhone"
180.107.180.148 - - [05/Feb/2018:11:11:07 +0800] "GET /css/WEI_1400/WEI_1400_Lists.css HTTP/1.1" 304 - "http://merp.yudo.com.cn:8183/WEI_1400/WEI_1400?formKey=M20180205T110839687&menuSelection=sm" "Mozilla/5.0 (iPhone; CPU iPhone OS 11_2_5 like Mac OS X) AppleWebKit/604.5.6 (KHTML, like Gecko) Mobile/15D60JLAMPMode:iPhone"
180.107.180.148 - - [05/Feb/2018:11:11:07 +0800] "GET /js/WEI_1400/WEI_1400_Lists.js HTTP/1.1" 304 - "http://merp.yudo.com.cn:8183/WEI_1400/WEI_1400?formKey=M20180205T110839687&menuSelection=sm" "Mozilla/5.0 (iPhone; CPU iPhone OS 11_2_5 like Mac OS X) AppleWebKit/604.5.6 (KHTML, like Gecko) Mobile/15D60JLAMPMode:iPhone"
180.107.180.148 - - [05/Feb/2018:11:11:07 +0800] "POST /JLAMPCommon/langBatchRows_prc HTTP/1.1" 200 1268 "http://merp.yudo.com.cn:8183/WEI_1400/WEI_1400?formKey=M20180205T110839687&menuSelection=sm" "Mozilla/5.0 (iPhone; CPU iPhone OS 11_2_5 like Mac OS X) AppleWebKit/604.5.6 (KHTML, like Gecko) Mobile/15D60JLAMPMode:iPhone"
180.107.180.148 - - [05/Feb/2018:11:11:08 +0800] "GET /JLAMPCommon/getCookieJson_prc HTTP/1.1" 200 842 "http://merp.yudo.com.cn:8183/WEI_1400/WEI_1400?formKey=M20180205T110839687&menuSelection=sm" "Mozilla/5.0 (iPhone; CPU iPhone OS 11_2_5 like Mac OS X) AppleWebKit/604.5.6 (KHTML, like Gecko) Mobile/15D60JLAMPMode:iPhone"
180.107.180.148 - - [05/Feb/2018:11:11:08 +0800] "POST /JLAMPCommon/langRow_prc HTTP/1.1" 200 191 "http://merp.yudo.com.cn:8183/WEI_1400/WEI_1400?formKey=M20180205T110839687&menuSelection=sm" "Mozilla/5.0 (iPhone; CPU iPhone OS 11_2_5 like Mac OS X) AppleWebKit/604.5.6 (KHTML, like Gecko) Mobile/15D60JLAMPMode:iPhone"
180.107.180.148 - - [05/Feb/2018:11:11:08 +0800] "POST /JLAMPCommon/langRow_prc HTTP/1.1" 200 215 "http://merp.yudo.com.cn:8183/WEI_1400/WEI_1400?formKey=M20180205T110839687&menuSelection=sm" "Mozilla/5.0 (iPhone; CPU iPhone OS 11_2_5 like Mac OS X) AppleWebKit/604.5.6 (KHTML, like Gecko) Mobile/15D60JLAMPMode:iPhone"
180.107.180.148 - - [05/Feb/2018:11:11:22 +0800] "POST /JLAMPCommon/langRow_prc HTTP/1.1" 200 191 "http://merp.yudo.com.cn:8183/WEI_1400/WEI_1400?formKey=M20180205T110839687&menuSelection=sm" "Mozilla/5.0 (iPhone; CPU iPhone OS 11_2_5 like Mac OS X) AppleWebKit/604.5.6 (KHTML, like Gecko) Mobile/15D60JLAMPMode:iPhone"
180.107.180.148 - - [05/Feb/2018:11:11:22 +0800] "POST /JLAMPCommon/langRow_prc HTTP/1.1" 200 191 "http://merp.yudo.com.cn:8183/WEI_1400/WEI_1400?formKey=M20180205T110839687&menuSelection=sm" "Mozilla/5.0 (iPhone; CPU iPhone OS 11_2_5 like Mac OS X) AppleWebKit/604.5.6 (KHTML, like Gecko) Mobile/15D60JLAMPMode:iPhone"
180.107.180.148 - - [05/Feb/2018:11:11:22 +0800] "POST /JLAMPCommon/langRow_prc HTTP/1.1" 200 209 "http://merp.yudo.com.cn:8183/WEI_1400/WEI_1400?formKey=M20180205T110839687&menuSelection=sm" "Mozilla/5.0 (iPhone; CPU iPhone OS 11_2_5 like Mac OS X) AppleWebKit/604.5.6 (KHTML, like Gecko) Mobile/15D60JLAMPMode:iPhone"
180.107.180.148 - - [05/Feb/2018:11:11:22 +0800] "POST /JLAMPCommon/langRow_prc HTTP/1.1" 200 191 "http://merp.yudo.com.cn:8183/WEI_1400/WEI_1400?formKey=M20180205T110839687&menuSelection=sm" "Mozilla/5.0 (iPhone; CPU iPhone OS 11_2_5 like Mac OS X) AppleWebKit/604.5.6 (KHTML, like Gecko) Mobile/15D60JLAMPMode:iPhone"
180.107.180.148 - - [05/Feb/2018:11:11:22 +0800] "POST /JLAMPCommon/langRow_prc HTTP/1.1" 200 227 "http://merp.yudo.com.cn:8183/WEI_1400/WEI_1400?formKey=M20180205T110839687&menuSelection=sm" "Mozilla/5.0 (iPhone; CPU iPhone OS 11_2_5 like Mac OS X) AppleWebKit/604.5.6 (KHTML, like Gecko) Mobile/15D60JLAMPMode:iPhone"
180.107.180.148 - - [05/Feb/2018:11:11:22 +0800] "GET /WEI_1400/WEI_1400/lists_prc?gubun=Y&baseDate=2017-12-31 HTTP/1.1" 200 2102 "http://merp.yudo.com.cn:8183/WEI_1400/WEI_1400?formKey=M20180205T110839687&menuSelection=sm" "Mozilla/5.0 (iPhone; CPU iPhone OS 11_2_5 like Mac OS X) AppleWebKit/604.5.6 (KHTML, like Gecko) Mobile/15D60JLAMPMode:iPhone"
180.107.180.148 - - [05/Feb/2018:11:11:28 +0800] "POST /JLAMPCommon/langRow_prc HTTP/1.1" 200 191 "http://merp.yudo.com.cn:8183/WEI_1400/WEI_1400?formKey=M20180205T110839687&menuSelection=sm" "Mozilla/5.0 (iPhone; CPU iPhone OS 11_2_5 like Mac OS X) AppleWebKit/604.5.6 (KHTML, like Gecko) Mobile/15D60JLAMPMode:iPhone"
180.107.180.148 - - [05/Feb/2018:11:11:28 +0800] "POST /JLAMPCommon/langRow_prc HTTP/1.1" 200 209 "http://merp.yudo.com.cn:8183/WEI_1400/WEI_1400?formKey=M20180205T110839687&menuSelection=sm" "Mozilla/5.0 (iPhone; CPU iPhone OS 11_2_5 like Mac OS X) AppleWebKit/604.5.6 (KHTML, like Gecko) Mobile/15D60JLAMPMode:iPhone"
180.107.180.148 - - [05/Feb/2018:11:11:28 +0800] "POST /JLAMPCommon/langRow_prc HTTP/1.1" 200 254 "http://merp.yudo.com.cn:8183/WEI_1400/WEI_1400?formKey=M20180205T110839687&menuSelection=sm" "Mozilla/5.0 (iPhone; CPU iPhone OS 11_2_5 like Mac OS X) AppleWebKit/604.5.6 (KHTML, like Gecko) Mobile/15D60JLAMPMode:iPhone"
180.107.180.148 - - [05/Feb/2018:11:11:31 +0800] "GET /Menu/Menu/menuLists?formKey=M20180205T110839687&menuSelection=sm HTTP/1.1" 200 5246 "http://merp.yudo.com.cn:8183/WEI_1400/WEI_1400?formKey=M20180205T110839687&menuSelection=sm" "Mozilla/5.0 (iPhone; CPU iPhone OS 11_2_5 like Mac OS X) AppleWebKit/604.5.6 (KHTML, like Gecko) Mobile/15D60JLAMPMode:iPhone"
180.107.180.148 - - [05/Feb/2018:11:11:31 +0800] "POST /JLAMPCommon/langBatchRows_prc HTTP/1.1" 200 44 "http://merp.yudo.com.cn:8183/Menu/Menu/menuLists?formKey=M20180205T110839687&menuSelection=sm" "Mozilla/5.0 (iPhone; CPU iPhone OS 11_2_5 like Mac OS X) AppleWebKit/604.5.6 (KHTML, like Gecko) Mobile/15D60JLAMPMode:iPhone"
180.107.180.148 - - [05/Feb/2018:11:11:31 +0800] "GET /JLAMPCommon/getCookieJson_prc HTTP/1.1" 200 842 "http://merp.yudo.com.cn:8183/Menu/Menu/menuLists?formKey=M20180205T110839687&menuSelection=sm" "Mozilla/5.0 (iPhone; CPU iPhone OS 11_2_5 like Mac OS X) AppleWebKit/604.5.6 (KHTML, like Gecko) Mobile/15D60JLAMPMode:iPhone"
180.107.180.148 - - [05/Feb/2018:11:11:31 +0800] "GET /Menu/doMenuRows_prc?formKey=M20180205T110839687 HTTP/1.1" 200 1196 "http://merp.yudo.com.cn:8183/Menu/Menu/menuLists?formKey=M20180205T110839687&menuSelection=sm" "Mozilla/5.0 (iPhone; CPU iPhone OS 11_2_5 like Mac OS X) AppleWebKit/604.5.6 (KHTML, like Gecko) Mobile/15D60JLAMPMode:iPhone"
180.107.180.148 - - [05/Feb/2018:11:11:37 +0800] "GET /Menu/Menu/menuLists?formKey=M20180205T110839687&menuSelection=sm HTTP/1.1" 200 5246 "http://merp.yudo.com.cn:8183/Menu/Menu/menuLists?formKey=M20180205T110839687&menuSelection=sm" "Mozilla/5.0 (iPhone; CPU iPhone OS 11_2_5 like Mac OS X) AppleWebKit/604.5.6 (KHTML, like Gecko) Mobile/15D60JLAMPMode:iPhone"
180.107.180.148 - - [05/Feb/2018:11:11:37 +0800] "POST /JLAMPCommon/langBatchRows_prc HTTP/1.1" 200 44 "http://merp.yudo.com.cn:8183/Menu/Menu/menuLists?formKey=M20180205T110839687&menuSelection=sm" "Mozilla/5.0 (iPhone; CPU iPhone OS 11_2_5 like Mac OS X) AppleWebKit/604.5.6 (KHTML, like Gecko) Mobile/15D60JLAMPMode:iPhone"
180.107.180.148 - - [05/Feb/2018:11:11:38 +0800] "GET /JLAMPCommon/getCookieJson_prc HTTP/1.1" 200 842 "http://merp.yudo.com.cn:8183/Menu/Menu/menuLists?formKey=M20180205T110839687&menuSelection=sm" "Mozilla/5.0 (iPhone; CPU iPhone OS 11_2_5 like Mac OS X) AppleWebKit/604.5.6 (KHTML, like Gecko) Mobile/15D60JLAMPMode:iPhone"
180.107.180.148 - - [05/Feb/2018:11:11:38 +0800] "GET /Menu/doMenuRows_prc?formKey=M20180205T110839687 HTTP/1.1" 200 1196 "http://merp.yudo.com.cn:8183/Menu/Menu/menuLists?formKey=M20180205T110839687&menuSelection=sm" "Mozilla/5.0 (iPhone; CPU iPhone OS 11_2_5 like Mac OS X) AppleWebKit/604.5.6 (KHTML, like Gecko) Mobile/15D60JLAMPMode:iPhone"
180.107.180.148 - - [05/Feb/2018:11:11:43 +0800] "POST /JLAMPCommon/setFormAccessLog_prc HTTP/1.1" 200 75 "http://merp.yudo.com.cn:8183/Menu/Menu/menuLists?formKey=M20180205T110839687&menuSelection=sm" "Mozilla/5.0 (iPhone; CPU iPhone OS 11_2_5 like Mac OS X) AppleWebKit/604.5.6 (KHTML, like Gecko) Mobile/15D60JLAMPMode:iPhone"
180.107.180.148 - - [05/Feb/2018:11:11:44 +0800] "POST /main/logout_prc HTTP/1.1" 200 44 "http://merp.yudo.com.cn:8183/Menu/Menu/menuLists?formKey=M20180205T110839687&menuSelection=sm" "Mozilla/5.0 (iPhone; CPU iPhone OS 11_2_5 like Mac OS X) AppleWebKit/604.5.6 (KHTML, like Gecko) Mobile/15D60JLAMPMode:iPhone"
180.107.180.148 - - [05/Feb/2018:11:11:44 +0800] "GET /?deviceType=mobile&devicePlatform=ios HTTP/1.1" 200 6721 "http://merp.yudo.com.cn:8183/Menu/Menu/menuLists?formKey=M20180205T110839687&menuSelection=sm" "Mozilla/5.0 (iPhone; CPU iPhone OS 11_2_5 like Mac OS X) AppleWebKit/604.5.6 (KHTML, like Gecko) Mobile/15D60JLAMPMode:iPhone"
180.107.180.148 - - [05/Feb/2018:11:11:45 +0800] "GET /JLAMPCommon/getCookieJson_prc HTTP/1.1" 200 62 "http://merp.yudo.com.cn:8183/?deviceType=mobile&devicePlatform=ios" "Mozilla/5.0 (iPhone; CPU iPhone OS 11_2_5 like Mac OS X) AppleWebKit/604.5.6 (KHTML, like Gecko) Mobile/15D60JLAMPMode:iPhone"
180.107.180.148 - - [05/Feb/2018:11:11:50 +0800] "GET /?deviceType=mobile&devicePlatform=ios HTTP/1.1" 200 6721 "http://merp.yudo.com.cn:8183/?deviceType=mobile&devicePlatform=ios" "Mozilla/5.0 (iPhone; CPU iPhone OS 11_2_5 like Mac OS X) AppleWebKit/604.5.6 (KHTML, like Gecko) Mobile/15D60JLAMPMode:iPhone"
180.107.180.148 - - [05/Feb/2018:11:11:50 +0800] "GET /third_party/bootstrap-3.3.5/css/bootstrap.css HTTP/1.1" 304 - "http://merp.yudo.com.cn:8183/?deviceType=mobile&devicePlatform=ios" "Mozilla/5.0 (iPhone; CPU iPhone OS 11_2_5 like Mac OS X) AppleWebKit/604.5.6 (KHTML, like Gecko) Mobile/15D60JLAMPMode:iPhone"
180.107.180.148 - - [05/Feb/2018:11:11:50 +0800] "GET /third_party/KendoUI/styles/kendo.bootstrap.min.css HTTP/1.1" 304 - "http://merp.yudo.com.cn:8183/?deviceType=mobile&devicePlatform=ios" "Mozilla/5.0 (iPhone; CPU iPhone OS 11_2_5 like Mac OS X) AppleWebKit/604.5.6 (KHTML, like Gecko) Mobile/15D60JLAMPMode:iPhone"
180.107.180.148 - - [05/Feb/2018:11:11:50 +0800] "GET /third_party/bootstrap-3.3.5/css/bootstrap-theme.css HTTP/1.1" 304 - "http://merp.yudo.com.cn:8183/?deviceType=mobile&devicePlatform=ios" "Mozilla/5.0 (iPhone; CPU iPhone OS 11_2_5 like Mac OS X) AppleWebKit/604.5.6 (KHTML, like Gecko) Mobile/15D60JLAMPMode:iPhone"
180.107.180.148 - - [05/Feb/2018:11:11:50 +0800] "GET /third_party/loading-overlay/waitMe.css HTTP/1.1" 304 - "http://merp.yudo.com.cn:8183/?deviceType=mobile&devicePlatform=ios" "Mozilla/5.0 (iPhone; CPU iPhone OS 11_2_5 like Mac OS X) AppleWebKit/604.5.6 (KHTML, like Gecko) Mobile/15D60JLAMPMode:iPhone"
180.107.180.148 - - [05/Feb/2018:11:11:50 +0800] "GET /third_party/bootstrap-datetimepicker/css/bootstrap-datetimepicker.css HTTP/1.1" 304 - "http://merp.yudo.com.cn:8183/?deviceType=mobile&devicePlatform=ios" "Mozilla/5.0 (iPhone; CPU iPhone OS 11_2_5 like Mac OS X) AppleWebKit/604.5.6 (KHTML, like Gecko) Mobile/15D60JLAMPMode:iPhone"
180.107.180.148 - - [05/Feb/2018:11:11:50 +0800] "GET /css/bootstrap_modify.css HTTP/1.1" 304 - "http://merp.yudo.com.cn:8183/?deviceType=mobile&devicePlatform=ios" "Mozilla/5.0 (iPhone; CPU iPhone OS 11_2_5 like Mac OS X) AppleWebKit/604.5.6 (KHTML, like Gecko) Mobile/15D60JLAMPMode:iPhone"
180.107.180.148 - - [05/Feb/2018:11:11:50 +0800] "GET /third_party/KendoUI/styles/kendo.common.min.css HTTP/1.1" 304 - "http://merp.yudo.com.cn:8183/?deviceType=mobile&devicePlatform=ios" "Mozilla/5.0 (iPhone; CPU iPhone OS 11_2_5 like Mac OS X) AppleWebKit/604.5.6 (KHTML, like Gecko) Mobile/15D60JLAMPMode:iPhone"
180.107.180.148 - - [05/Feb/2018:11:11:50 +0800] "GET /third_party/slideout-1.0.1/index.css HTTP/1.1" 304 - "http://merp.yudo.com.cn:8183/?deviceType=mobile&devicePlatform=ios" "Mozilla/5.0 (iPhone; CPU iPhone OS 11_2_5 like Mac OS X) AppleWebKit/604.5.6 (KHTML, like Gecko) Mobile/15D60JLAMPMode:iPhone"
180.107.180.148 - - [05/Feb/2018:11:11:50 +0800] "GET /third_party/KendoUI/styles/kendo.bootstrap.mobile.min.css HTTP/1.1" 304 - "http://merp.yudo.com.cn:8183/?deviceType=mobile&devicePlatform=ios" "Mozilla/5.0 (iPhone; CPU iPhone OS 11_2_5 like Mac OS X) AppleWebKit/604.5.6 (KHTML, like Gecko) Mobile/15D60JLAMPMode:iPhone"
180.107.180.148 - - [05/Feb/2018:11:11:50 +0800] "GET /css/JLAMP.common.min.css HTTP/1.1" 304 - "http://merp.yudo.com.cn:8183/?deviceType=mobile&devicePlatform=ios" "Mozilla/5.0 (iPhone; CPU iPhone OS 11_2_5 like Mac OS X) AppleWebKit/604.5.6 (KHTML, like Gecko) Mobile/15D60JLAMPMode:iPhone"
180.107.180.148 - - [05/Feb/2018:11:11:50 +0800] "GET /css/slide_menu.css HTTP/1.1" 304 - "http://merp.yudo.com.cn:8183/?deviceType=mobile&devicePlatform=ios" "Mozilla/5.0 (iPhone; CPU iPhone OS 11_2_5 like Mac OS X) AppleWebKit/604.5.6 (KHTML, like Gecko) Mobile/15D60JLAMPMode:iPhone"
180.107.180.148 - - [05/Feb/2018:11:11:50 +0800] "GET /css/JLAMP.modal.min.css HTTP/1.1" 304 - "http://merp.yudo.com.cn:8183/?deviceType=mobile&devicePlatform=ios" "Mozilla/5.0 (iPhone; CPU iPhone OS 11_2_5 like Mac OS X) AppleWebKit/604.5.6 (KHTML, like Gecko) Mobile/15D60JLAMPMode:iPhone"
180.107.180.148 - - [05/Feb/2018:11:11:50 +0800] "GET /css/JLAMP.autobinding.min.css HTTP/1.1" 304 - "http://merp.yudo.com.cn:8183/?deviceType=mobile&devicePlatform=ios" "Mozilla/5.0 (iPhone; CPU iPhone OS 11_2_5 like Mac OS X) AppleWebKit/604.5.6 (KHTML, like Gecko) Mobile/15D60JLAMPMode:iPhone"
180.107.180.148 - - [05/Feb/2018:11:11:50 +0800] "GET /css/common.css HTTP/1.1" 304 - "http://merp.yudo.com.cn:8183/?deviceType=mobile&devicePlatform=ios" "Mozilla/5.0 (iPhone; CPU iPhone OS 11_2_5 like Mac OS X) AppleWebKit/604.5.6 (KHTML, like Gecko) Mobile/15D60JLAMPMode:iPhone"
180.107.180.148 - - [05/Feb/2018:11:11:50 +0800] "GET /css/login.css HTTP/1.1" 304 - "http://merp.yudo.com.cn:8183/?deviceType=mobile&devicePlatform=ios" "Mozilla/5.0 (iPhone; CPU iPhone OS 11_2_5 like Mac OS X) AppleWebKit/604.5.6 (KHTML, like Gecko) Mobile/15D60JLAMPMode:iPhone"
180.107.180.148 - - [05/Feb/2018:11:11:50 +0800] "GET /third_party/jquery-2.1.4/jquery.js HTTP/1.1" 304 - "http://merp.yudo.com.cn:8183/?deviceType=mobile&devicePlatform=ios" "Mozilla/5.0 (iPhone; CPU iPhone OS 11_2_5 like Mac OS X) AppleWebKit/604.5.6 (KHTML, like Gecko) Mobile/15D60JLAMPMode:iPhone"
180.107.180.148 - - [05/Feb/2018:11:11:50 +0800] "GET /third_party/jquery-ui-1.11.4/jquery-ui.js HTTP/1.1" 304 - "http://merp.yudo.com.cn:8183/?deviceType=mobile&devicePlatform=ios" "Mozilla/5.0 (iPhone; CPU iPhone OS 11_2_5 like Mac OS X) AppleWebKit/604.5.6 (KHTML, like Gecko) Mobile/15D60JLAMPMode:iPhone"
180.107.180.148 - - [05/Feb/2018:11:11:50 +0800] "GET /third_party/bootstrap-3.3.5/js/bootstrap.min.js HTTP/1.1" 304 - "http://merp.yudo.com.cn:8183/?deviceType=mobile&devicePlatform=ios" "Mozilla/5.0 (iPhone; CPU iPhone OS 11_2_5 like Mac OS X) AppleWebKit/604.5.6 (KHTML, like Gecko) Mobile/15D60JLAMPMode:iPhone"
180.107.180.148 - - [05/Feb/2018:11:11:50 +0800] "GET /third_party/bootstrap-datetimepicker/js/bootstrap-datetimepicker.js HTTP/1.1" 304 - "http://merp.yudo.com.cn:8183/?deviceType=mobile&devicePlatform=ios" "Mozilla/5.0 (iPhone; CPU iPhone OS 11_2_5 like Mac OS X) AppleWebKit/604.5.6 (KHTML, like Gecko) Mobile/15D60JLAMPMode:iPhone"
180.107.180.148 - - [05/Feb/2018:11:11:50 +0800] "GET /third_party/KendoUI/js/kendo.all.min.js HTTP/1.1" 304 - "http://merp.yudo.com.cn:8183/?deviceType=mobile&devicePlatform=ios" "Mozilla/5.0 (iPhone; CPU iPhone OS 11_2_5 like Mac OS X) AppleWebKit/604.5.6 (KHTML, like Gecko) Mobile/15D60JLAMPMode:iPhone"
180.107.180.148 - - [05/Feb/2018:11:11:50 +0800] "GET /third_party/bootstrap-datetimepicker/js/locales/bootstrap-datetimepicker.ko.js HTTP/1.1" 304 - "http://merp.yudo.com.cn:8183/?deviceType=mobile&devicePlatform=ios" "Mozilla/5.0 (iPhone; CPU iPhone OS 11_2_5 like Mac OS X) AppleWebKit/604.5.6 (KHTML, like Gecko) Mobile/15D60JLAMPMode:iPhone"
180.107.180.148 - - [05/Feb/2018:11:11:50 +0800] "GET /third_party/loading-overlay/waitMe.js HTTP/1.1" 304 - "http://merp.yudo.com.cn:8183/?deviceType=mobile&devicePlatform=ios" "Mozilla/5.0 (iPhone; CPU iPhone OS 11_2_5 like Mac OS X) AppleWebKit/604.5.6 (KHTML, like Gecko) Mobile/15D60JLAMPMode:iPhone"
180.107.180.148 - - [05/Feb/2018:11:11:50 +0800] "GET /third_party/slideout-1.0.1/slideout.js HTTP/1.1" 304 - "http://merp.yudo.com.cn:8183/?deviceType=mobile&devicePlatform=ios" "Mozilla/5.0 (iPhone; CPU iPhone OS 11_2_5 like Mac OS X) AppleWebKit/604.5.6 (KHTML, like Gecko) Mobile/15D60JLAMPMode:iPhone"
180.107.180.148 - - [05/Feb/2018:11:11:50 +0800] "GET /js/JLAMP.polyfill.min.js HTTP/1.1" 304 - "http://merp.yudo.com.cn:8183/?deviceType=mobile&devicePlatform=ios" "Mozilla/5.0 (iPhone; CPU iPhone OS 11_2_5 like Mac OS X) AppleWebKit/604.5.6 (KHTML, like Gecko) Mobile/15D60JLAMPMode:iPhone"
180.107.180.148 - - [05/Feb/2018:11:11:50 +0800] "GET /js/JLAMP.min.js HTTP/1.1" 304 - "http://merp.yudo.com.cn:8183/?deviceType=mobile&devicePlatform=ios" "Mozilla/5.0 (iPhone; CPU iPhone OS 11_2_5 like Mac OS X) AppleWebKit/604.5.6 (KHTML, like Gecko) Mobile/15D60JLAMPMode:iPhone"
180.107.180.148 - - [05/Feb/2018:11:11:50 +0800] "GET /js/JLAMP.common.min.js HTTP/1.1" 304 - "http://merp.yudo.com.cn:8183/?deviceType=mobile&devicePlatform=ios" "Mozilla/5.0 (iPhone; CPU iPhone OS 11_2_5 like Mac OS X) AppleWebKit/604.5.6 (KHTML, like Gecko) Mobile/15D60JLAMPMode:iPhone"
180.107.180.148 - - [05/Feb/2018:11:11:50 +0800] "GET /js/JLAMP.menu.min.js HTTP/1.1" 304 - "http://merp.yudo.com.cn:8183/?deviceType=mobile&devicePlatform=ios" "Mozilla/5.0 (iPhone; CPU iPhone OS 11_2_5 like Mac OS X) AppleWebKit/604.5.6 (KHTML, like Gecko) Mobile/15D60JLAMPMode:iPhone"
180.107.180.148 - - [05/Feb/2018:11:11:50 +0800] "GET /js/JLAMP.modal.min.js HTTP/1.1" 304 - "http://merp.yudo.com.cn:8183/?deviceType=mobile&devicePlatform=ios" "Mozilla/5.0 (iPhone; CPU iPhone OS 11_2_5 like Mac OS X) AppleWebKit/604.5.6 (KHTML, like Gecko) Mobile/15D60JLAMPMode:iPhone"
180.107.180.148 - - [05/Feb/2018:11:11:50 +0800] "GET /js/JLAMP.autobinding.min.js HTTP/1.1" 304 - "http://merp.yudo.com.cn:8183/?deviceType=mobile&devicePlatform=ios" "Mozilla/5.0 (iPhone; CPU iPhone OS 11_2_5 like Mac OS X) AppleWebKit/604.5.6 (KHTML, like Gecko) Mobile/15D60JLAMPMode:iPhone"
180.107.180.148 - - [05/Feb/2018:11:11:50 +0800] "GET /js/JLAMP.lang.min.js HTTP/1.1" 304 - "http://merp.yudo.com.cn:8183/?deviceType=mobile&devicePlatform=ios" "Mozilla/5.0 (iPhone; CPU iPhone OS 11_2_5 like Mac OS X) AppleWebKit/604.5.6 (KHTML, like Gecko) Mobile/15D60JLAMPMode:iPhone"
180.107.180.148 - - [05/Feb/2018:11:11:50 +0800] "GET /js/session.js HTTP/1.1" 304 - "http://merp.yudo.com.cn:8183/?deviceType=mobile&devicePlatform=ios" "Mozilla/5.0 (iPhone; CPU iPhone OS 11_2_5 like Mac OS X) AppleWebKit/604.5.6 (KHTML, like Gecko) Mobile/15D60JLAMPMode:iPhone"
180.107.180.148 - - [05/Feb/2018:11:11:50 +0800] "GET /js/version.js HTTP/1.1" 304 - "http://merp.yudo.com.cn:8183/?deviceType=mobile&devicePlatform=ios" "Mozilla/5.0 (iPhone; CPU iPhone OS 11_2_5 like Mac OS X) AppleWebKit/604.5.6 (KHTML, like Gecko) Mobile/15D60JLAMPMode:iPhone"
180.107.180.148 - - [05/Feb/2018:11:11:50 +0800] "GET /js/common.js HTTP/1.1" 304 - "http://merp.yudo.com.cn:8183/?deviceType=mobile&devicePlatform=ios" "Mozilla/5.0 (iPhone; CPU iPhone OS 11_2_5 like Mac OS X) AppleWebKit/604.5.6 (KHTML, like Gecko) Mobile/15D60JLAMPMode:iPhone"
180.107.180.148 - - [05/Feb/2018:11:11:50 +0800] "GET /js/GNB.js HTTP/1.1" 304 - "http://merp.yudo.com.cn:8183/?deviceType=mobile&devicePlatform=ios" "Mozilla/5.0 (iPhone; CPU iPhone OS 11_2_5 like Mac OS X) AppleWebKit/604.5.6 (KHTML, like Gecko) Mobile/15D60JLAMPMode:iPhone"
180.107.180.148 - - [05/Feb/2018:11:11:50 +0800] "GET /js/login.js HTTP/1.1" 304 - "http://merp.yudo.com.cn:8183/?deviceType=mobile&devicePlatform=ios" "Mozilla/5.0 (iPhone; CPU iPhone OS 11_2_5 like Mac OS X) AppleWebKit/604.5.6 (KHTML, like Gecko) Mobile/15D60JLAMPMode:iPhone"
180.107.180.148 - - [05/Feb/2018:11:11:50 +0800] "GET /third_party/KendoUI/styles/images/kendoui.woff?v=1.1 HTTP/1.1" 304 - "http://merp.yudo.com.cn:8183/?deviceType=mobile&devicePlatform=ios" "Mozilla/5.0 (iPhone; CPU iPhone OS 11_2_5 like Mac OS X) AppleWebKit/604.5.6 (KHTML, like Gecko) Mobile/15D60JLAMPMode:iPhone"
180.107.180.148 - - [05/Feb/2018:11:11:50 +0800] "GET /image/login_logo.png HTTP/1.1" 304 - "http://merp.yudo.com.cn:8183/?deviceType=mobile&devicePlatform=ios" "Mozilla/5.0 (iPhone; CPU iPhone OS 11_2_5 like Mac OS X) AppleWebKit/604.5.6 (KHTML, like Gecko) Mobile/15D60JLAMPMode:iPhone"
180.107.180.148 - - [05/Feb/2018:11:11:50 +0800] "GET /image/icon_logout.png HTTP/1.1" 304 - "http://merp.yudo.com.cn:8183/?deviceType=mobile&devicePlatform=ios" "Mozilla/5.0 (iPhone; CPU iPhone OS 11_2_5 like Mac OS X) AppleWebKit/604.5.6 (KHTML, like Gecko) Mobile/15D60JLAMPMode:iPhone"
180.107.180.148 - - [05/Feb/2018:11:11:50 +0800] "GET /JLAMPCommon/getCookieJson_prc HTTP/1.1" 200 62 "http://merp.yudo.com.cn:8183/?deviceType=mobile&devicePlatform=ios" "Mozilla/5.0 (iPhone; CPU iPhone OS 11_2_5 like Mac OS X) AppleWebKit/604.5.6 (KHTML, like Gecko) Mobile/15D60JLAMPMode:iPhone"
180.107.180.148 - - [05/Feb/2018:13:20:15 +0800] "GET /?deviceType=mobile&devicePlatform=ios HTTP/1.1" 302 149 "-" "Mozilla/5.0 (Windows NT 6.0; WOW64) AppleWebKit/537.36 (KHTML, like Gecko) Chrome/49.0.2623.221 Safari/537.36 SE 2.X MetaSr 1.0"
180.107.180.148 - - [05/Feb/2018:13:20:15 +0800] "GET /Menu/Menu?formKey=M20180205T131802380 HTTP/1.1" 200 5244 "-" "Mozilla/5.0 (Windows NT 6.0; WOW64) AppleWebKit/537.36 (KHTML, like Gecko) Chrome/49.0.2623.221 Safari/537.36 SE 2.X MetaSr 1.0"
180.107.180.148 - - [05/Feb/2018:13:20:15 +0800] "GET /image/favicon.ico HTTP/1.1" 404 1133 "-" "Mozilla/5.0 (Windows NT 6.0; WOW64) AppleWebKit/537.36 (KHTML, like Gecko) Chrome/49.0.2623.221 Safari/537.36 SE 2.X MetaSr 1.0"
180.107.180.148 - - [05/Feb/2018:13:20:17 +0800] "POST /JLAMPCommon/langBatchRows_prc HTTP/1.1" 200 44 "http://merp.yudo.com.cn:8183/Menu/Menu?formKey=M20180205T131802380" "Mozilla/5.0 (Windows NT 6.0; WOW64) AppleWebKit/537.36 (KHTML, like Gecko) Chrome/49.0.2623.221 Safari/537.36 SE 2.X MetaSr 1.0"
180.107.180.148 - - [05/Feb/2018:13:20:17 +0800] "GET /JLAMPCommon/getCookieJson_prc HTTP/1.1" 200 842 "http://merp.yudo.com.cn:8183/Menu/Menu?formKey=M20180205T131802380" "Mozilla/5.0 (Windows NT 6.0; WOW64) AppleWebKit/537.36 (KHTML, like Gecko) Chrome/49.0.2623.221 Safari/537.36 SE 2.X MetaSr 1.0"
180.107.180.148 - - [05/Feb/2018:13:20:17 +0800] "GET /Menu/doMenuRows_prc?formKey=M20180205T131802380 HTTP/1.1" 200 1196 "http://merp.yudo.com.cn:8183/Menu/Menu?formKey=M20180205T131802380" "Mozilla/5.0 (Windows NT 6.0; WOW64) AppleWebKit/537.36 (KHTML, like Gecko) Chrome/49.0.2623.221 Safari/537.36 SE 2.X MetaSr 1.0"
180.107.180.148 - - [05/Feb/2018:13:20:19 +0800] "POST /JLAMPCommon/setFormAccessLog_prc HTTP/1.1" 200 75 "http://merp.yudo.com.cn:8183/Menu/Menu?formKey=M20180205T131802380" "Mozilla/5.0 (Windows NT 6.0; WOW64) AppleWebKit/537.36 (KHTML, like Gecko) Chrome/49.0.2623.221 Safari/537.36 SE 2.X MetaSr 1.0"
180.107.180.148 - - [05/Feb/2018:13:20:19 +0800] "POST /main/logout_prc HTTP/1.1" 200 44 "http://merp.yudo.com.cn:8183/Menu/Menu?formKey=M20180205T131802380" "Mozilla/5.0 (Windows NT 6.0; WOW64) AppleWebKit/537.36 (KHTML, like Gecko) Chrome/49.0.2623.221 Safari/537.36 SE 2.X MetaSr 1.0"
180.107.180.148 - - [05/Feb/2018:13:20:20 +0800] "GET /?deviceType=mobile&devicePlatform=ios HTTP/1.1" 200 6721 "http://merp.yudo.com.cn:8183/Menu/Menu?formKey=M20180205T131802380" "Mozilla/5.0 (Windows NT 6.0; WOW64) AppleWebKit/537.36 (KHTML, like Gecko) Chrome/49.0.2623.221 Safari/537.36 SE 2.X MetaSr 1.0"
180.107.180.148 - - [05/Feb/2018:13:20:20 +0800] "GET /image/favicon.ico HTTP/1.1" 404 1133 "-" "Mozilla/5.0 (Windows NT 6.0; WOW64) AppleWebKit/537.36 (KHTML, like Gecko) Chrome/49.0.2623.221 Safari/537.36 SE 2.X MetaSr 1.0"
180.107.180.148 - - [05/Feb/2018:13:20:21 +0800] "GET /JLAMPCommon/getCookieJson_prc HTTP/1.1" 200 62 "http://merp.yudo.com.cn:8183/?deviceType=mobile&devicePlatform=ios" "Mozilla/5.0 (Windows NT 6.0; WOW64) AppleWebKit/537.36 (KHTML, like Gecko) Chrome/49.0.2623.221 Safari/537.36 SE 2.X MetaSr 1.0"
180.107.180.148 - - [05/Feb/2018:13:20:27 +0800] "POST /main/login_prc HTTP/1.1" 200 44 "http://merp.yudo.com.cn:8183/?deviceType=mobile&devicePlatform=ios" "Mozilla/5.0 (Windows NT 6.0; WOW64) AppleWebKit/537.36 (KHTML, like Gecko) Chrome/49.0.2623.221 Safari/537.36 SE 2.X MetaSr 1.0"
180.107.180.148 - - [05/Feb/2018:13:20:27 +0800] "POST /main/checkMenuAuth_prc HTTP/1.1" 200 44 "http://merp.yudo.com.cn:8183/?deviceType=mobile&devicePlatform=ios" "Mozilla/5.0 (Windows NT 6.0; WOW64) AppleWebKit/537.36 (KHTML, like Gecko) Chrome/49.0.2623.221 Safari/537.36 SE 2.X MetaSr 1.0"
180.107.180.148 - - [05/Feb/2018:13:20:27 +0800] "POST / HTTP/1.1" 302 149 "http://merp.yudo.com.cn:8183/?deviceType=mobile&devicePlatform=ios" "Mozilla/5.0 (Windows NT 6.0; WOW64) AppleWebKit/537.36 (KHTML, like Gecko) Chrome/49.0.2623.221 Safari/537.36 SE 2.X MetaSr 1.0"
180.107.180.148 - - [05/Feb/2018:13:20:27 +0800] "POST / HTTP/1.1" 302 149 "http://merp.yudo.com.cn:8183/?deviceType=mobile&devicePlatform=ios" "Mozilla/5.0 (Windows NT 6.0; WOW64) AppleWebKit/537.36 (KHTML, like Gecko) Chrome/49.0.2623.221 Safari/537.36 SE 2.X MetaSr 1.0"
180.107.180.148 - - [05/Feb/2018:13:20:27 +0800] "GET /Menu/Menu?formKey=M20180205T131814587 HTTP/1.1" 200 5247 "http://merp.yudo.com.cn:8183/?deviceType=mobile&devicePlatform=ios" "Mozilla/5.0 (Windows NT 6.0; WOW64) AppleWebKit/537.36 (KHTML, like Gecko) Chrome/49.0.2623.221 Safari/537.36 SE 2.X MetaSr 1.0"
180.107.180.148 - - [05/Feb/2018:13:20:27 +0800] "GET /third_party/bootstrap-datetimepicker/js/locales/bootstrap-datetimepicker.zh-CN.js HTTP/1.1" 200 813 "http://merp.yudo.com.cn:8183/Menu/Menu?formKey=M20180205T131814587" "Mozilla/5.0 (Windows NT 6.0; WOW64) AppleWebKit/537.36 (KHTML, like Gecko) Chrome/49.0.2623.221 Safari/537.36 SE 2.X MetaSr 1.0"
180.107.180.148 - - [05/Feb/2018:13:20:27 +0800] "GET /image/favicon.ico HTTP/1.1" 404 1133 "-" "Mozilla/5.0 (Windows NT 6.0; WOW64) AppleWebKit/537.36 (KHTML, like Gecko) Chrome/49.0.2623.221 Safari/537.36 SE 2.X MetaSr 1.0"
180.107.180.148 - - [05/Feb/2018:13:20:28 +0800] "POST /JLAMPCommon/langBatchRows_prc HTTP/1.1" 200 571 "http://merp.yudo.com.cn:8183/Menu/Menu?formKey=M20180205T131814587" "Mozilla/5.0 (Windows NT 6.0; WOW64) AppleWebKit/537.36 (KHTML, like Gecko) Chrome/49.0.2623.221 Safari/537.36 SE 2.X MetaSr 1.0"
180.107.180.148 - - [05/Feb/2018:13:20:28 +0800] "GET /JLAMPCommon/getCookieJson_prc HTTP/1.1" 200 842 "http://merp.yudo.com.cn:8183/Menu/Menu?formKey=M20180205T131814587" "Mozilla/5.0 (Windows NT 6.0; WOW64) AppleWebKit/537.36 (KHTML, like Gecko) Chrome/49.0.2623.221 Safari/537.36 SE 2.X MetaSr 1.0"
180.107.180.148 - - [05/Feb/2018:13:20:28 +0800] "GET /Menu/doMenuRows_prc?formKey=M20180205T131814587 HTTP/1.1" 200 1211 "http://merp.yudo.com.cn:8183/Menu/Menu?formKey=M20180205T131814587" "Mozilla/5.0 (Windows NT 6.0; WOW64) AppleWebKit/537.36 (KHTML, like Gecko) Chrome/49.0.2623.221 Safari/537.36 SE 2.X MetaSr 1.0"
180.107.180.148 - - [05/Feb/2018:13:20:34 +0800] "GET /WEI_1400/WEI_1400?formKey=M20180205T131814587&menuSelection=sm HTTP/1.1" 200 7194 "http://merp.yudo.com.cn:8183/Menu/Menu?formKey=M20180205T131814587" "Mozilla/5.0 (Windows NT 6.0; WOW64) AppleWebKit/537.36 (KHTML, like Gecko) Chrome/49.0.2623.221 Safari/537.36 SE 2.X MetaSr 1.0"
180.107.180.148 - - [05/Feb/2018:13:20:34 +0800] "GET /image/favicon.ico HTTP/1.1" 404 1133 "-" "Mozilla/5.0 (Windows NT 6.0; WOW64) AppleWebKit/537.36 (KHTML, like Gecko) Chrome/49.0.2623.221 Safari/537.36 SE 2.X MetaSr 1.0"
180.107.180.148 - - [05/Feb/2018:13:20:34 +0800] "POST /JLAMPCommon/langBatchRows_prc HTTP/1.1" 200 1280 "http://merp.yudo.com.cn:8183/WEI_1400/WEI_1400?formKey=M20180205T131814587&menuSelection=sm" "Mozilla/5.0 (Windows NT 6.0; WOW64) AppleWebKit/537.36 (KHTML, like Gecko) Chrome/49.0.2623.221 Safari/537.36 SE 2.X MetaSr 1.0"
180.107.180.148 - - [05/Feb/2018:13:20:35 +0800] "GET /JLAMPCommon/getCookieJson_prc HTTP/1.1" 200 842 "http://merp.yudo.com.cn:8183/WEI_1400/WEI_1400?formKey=M20180205T131814587&menuSelection=sm" "Mozilla/5.0 (Windows NT 6.0; WOW64) AppleWebKit/537.36 (KHTML, like Gecko) Chrome/49.0.2623.221 Safari/537.36 SE 2.X MetaSr 1.0"
180.107.180.148 - - [05/Feb/2018:13:20:35 +0800] "POST /JLAMPCommon/langRow_prc HTTP/1.1" 200 191 "http://merp.yudo.com.cn:8183/WEI_1400/WEI_1400?formKey=M20180205T131814587&menuSelection=sm" "Mozilla/5.0 (Windows NT 6.0; WOW64) AppleWebKit/537.36 (KHTML, like Gecko) Chrome/49.0.2623.221 Safari/537.36 SE 2.X MetaSr 1.0"
180.107.180.148 - - [05/Feb/2018:13:20:35 +0800] "POST /JLAMPCommon/langRow_prc HTTP/1.1" 200 203 "http://merp.yudo.com.cn:8183/WEI_1400/WEI_1400?formKey=M20180205T131814587&menuSelection=sm" "Mozilla/5.0 (Windows NT 6.0; WOW64) AppleWebKit/537.36 (KHTML, like Gecko) Chrome/49.0.2623.221 Safari/537.36 SE 2.X MetaSr 1.0"
101.226.33.225 - - [05/Feb/2018:13:20:41 +0800] "GET /Menu/Menu?formKey=M20180205T131814587 HTTP/1.1" 200 5244 "http://merp.yudo.com.cn:8183/?deviceType=mobile&devicePlatform=ios" "Mozilla/5.0 (Windows NT 6.1; WOW64) AppleWebKit/537.36 (KHTML, like Gecko) Chrome/53.0.2785.104 Safari/537.36 Core/1.53.2141.400 QQBrowser/9.5.10219.400"
180.107.180.148 - - [05/Feb/2018:13:20:43 +0800] "POST /JLAMPCommon/langRow_prc HTTP/1.1" 200 191 "http://merp.yudo.com.cn:8183/WEI_1400/WEI_1400?formKey=M20180205T131814587&menuSelection=sm" "Mozilla/5.0 (Windows NT 6.0; WOW64) AppleWebKit/537.36 (KHTML, like Gecko) Chrome/49.0.2623.221 Safari/537.36 SE 2.X MetaSr 1.0"
180.107.180.148 - - [05/Feb/2018:13:20:44 +0800] "POST /JLAMPCommon/langRow_prc HTTP/1.1" 200 191 "http://merp.yudo.com.cn:8183/WEI_1400/WEI_1400?formKey=M20180205T131814587&menuSelection=sm" "Mozilla/5.0 (Windows NT 6.0; WOW64) AppleWebKit/537.36 (KHTML, like Gecko) Chrome/49.0.2623.221 Safari/537.36 SE 2.X MetaSr 1.0"
180.107.180.148 - - [05/Feb/2018:13:20:44 +0800] "POST /JLAMPCommon/langRow_prc HTTP/1.1" 200 191 "http://merp.yudo.com.cn:8183/WEI_1400/WEI_1400?formKey=M20180205T131814587&menuSelection=sm" "Mozilla/5.0 (Windows NT 6.0; WOW64) AppleWebKit/537.36 (KHTML, like Gecko) Chrome/49.0.2623.221 Safari/537.36 SE 2.X MetaSr 1.0"
180.107.180.148 - - [05/Feb/2018:13:20:44 +0800] "POST /JLAMPCommon/langRow_prc HTTP/1.1" 200 191 "http://merp.yudo.com.cn:8183/WEI_1400/WEI_1400?formKey=M20180205T131814587&menuSelection=sm" "Mozilla/5.0 (Windows NT 6.0; WOW64) AppleWebKit/537.36 (KHTML, like Gecko) Chrome/49.0.2623.221 Safari/537.36 SE 2.X MetaSr 1.0"
180.107.180.148 - - [05/Feb/2018:13:20:44 +0800] "POST /JLAMPCommon/langRow_prc HTTP/1.1" 200 227 "http://merp.yudo.com.cn:8183/WEI_1400/WEI_1400?formKey=M20180205T131814587&menuSelection=sm" "Mozilla/5.0 (Windows NT 6.0; WOW64) AppleWebKit/537.36 (KHTML, like Gecko) Chrome/49.0.2623.221 Safari/537.36 SE 2.X MetaSr 1.0"
101.226.33.225 - - [05/Feb/2018:13:20:46 +0800] "GET /third_party/jquery-2.1.4/jquery.js HTTP/1.1" 200 247606 "http://merp.yudo.com.cn:8183/Menu/Menu?formKey=M20180205T131814587" "Mozilla/5.0 (Windows NT 6.1; WOW64) AppleWebKit/537.36 (KHTML, like Gecko) Chrome/56.0.2924.87 Safari/537.36"
180.107.180.148 - - [05/Feb/2018:13:20:46 +0800] "GET /?deviceType=mobile&devicePlatform=ios HTTP/1.1" 200 6721 "-" "Mozilla/5.0 (iPhone; CPU iPhone OS 11_2_5 like Mac OS X) AppleWebKit/604.5.6 (KHTML, like Gecko) Mobile/15D60JLAMPMode:iPhone"
180.107.180.148 - - [05/Feb/2018:13:20:47 +0800] "GET /css/JLAMP.common.min.css HTTP/1.1" 200 - "http://merp.yudo.com.cn:8183/?deviceType=mobile&devicePlatform=ios" "Mozilla/5.0 (iPhone; CPU iPhone OS 11_2_5 like Mac OS X) AppleWebKit/604.5.6 (KHTML, like Gecko) Mobile/15D60JLAMPMode:iPhone"
180.107.180.148 - - [05/Feb/2018:13:20:47 +0800] "GET /js/common.js HTTP/1.1" 304 - "http://merp.yudo.com.cn:8183/?deviceType=mobile&devicePlatform=ios" "Mozilla/5.0 (iPhone; CPU iPhone OS 11_2_5 like Mac OS X) AppleWebKit/604.5.6 (KHTML, like Gecko) Mobile/15D60JLAMPMode:iPhone"
180.107.180.148 - - [05/Feb/2018:13:20:47 +0800] "GET /css/common.css HTTP/1.1" 304 - "http://merp.yudo.com.cn:8183/?deviceType=mobile&devicePlatform=ios" "Mozilla/5.0 (iPhone; CPU iPhone OS 11_2_5 like Mac OS X) AppleWebKit/604.5.6 (KHTML, like Gecko) Mobile/15D60JLAMPMode:iPhone"
180.107.180.148 - - [05/Feb/2018:13:20:47 +0800] "GET /js/JLAMP.common.min.js HTTP/1.1" 304 - "http://merp.yudo.com.cn:8183/?deviceType=mobile&devicePlatform=ios" "Mozilla/5.0 (iPhone; CPU iPhone OS 11_2_5 like Mac OS X) AppleWebKit/604.5.6 (KHTML, like Gecko) Mobile/15D60JLAMPMode:iPhone"
180.107.180.148 - - [05/Feb/2018:13:20:47 +0800] "GET /js/JLAMP.min.js HTTP/1.1" 304 - "http://merp.yudo.com.cn:8183/?deviceType=mobile&devicePlatform=ios" "Mozilla/5.0 (iPhone; CPU iPhone OS 11_2_5 like Mac OS X) AppleWebKit/604.5.6 (KHTML, like Gecko) Mobile/15D60JLAMPMode:iPhone"
180.107.180.148 - - [05/Feb/2018:13:20:47 +0800] "GET /js/JLAMP.lang.min.js HTTP/1.1" 304 - "http://merp.yudo.com.cn:8183/?deviceType=mobile&devicePlatform=ios" "Mozilla/5.0 (iPhone; CPU iPhone OS 11_2_5 like Mac OS X) AppleWebKit/604.5.6 (KHTML, like Gecko) Mobile/15D60JLAMPMode:iPhone"
180.107.180.148 - - [05/Feb/2018:13:20:47 +0800] "GET /js/GNB.js HTTP/1.1" 304 - "http://merp.yudo.com.cn:8183/?deviceType=mobile&devicePlatform=ios" "Mozilla/5.0 (iPhone; CPU iPhone OS 11_2_5 like Mac OS X) AppleWebKit/604.5.6 (KHTML, like Gecko) Mobile/15D60JLAMPMode:iPhone"
180.107.180.148 - - [05/Feb/2018:13:20:47 +0800] "GET /js/login.js HTTP/1.1" 304 - "http://merp.yudo.com.cn:8183/?deviceType=mobile&devicePlatform=ios" "Mozilla/5.0 (iPhone; CPU iPhone OS 11_2_5 like Mac OS X) AppleWebKit/604.5.6 (KHTML, like Gecko) Mobile/15D60JLAMPMode:iPhone"
180.107.180.148 - - [05/Feb/2018:13:20:47 +0800] "GET /third_party/KendoUI/js/kendo.all.min.js HTTP/1.1" 200 3038548 "http://merp.yudo.com.cn:8183/?deviceType=mobile&devicePlatform=ios" "Mozilla/5.0 (iPhone; CPU iPhone OS 11_2_5 like Mac OS X) AppleWebKit/604.5.6 (KHTML, like Gecko) Mobile/15D60JLAMPMode:iPhone"
180.107.180.148 - - [05/Feb/2018:13:20:48 +0800] "GET /JLAMPCommon/getCookieJson_prc HTTP/1.1" 200 62 "http://merp.yudo.com.cn:8183/?deviceType=mobile&devicePlatform=ios" "Mozilla/5.0 (iPhone; CPU iPhone OS 11_2_5 like Mac OS X) AppleWebKit/604.5.6 (KHTML, like Gecko) Mobile/15D60JLAMPMode:iPhone"
180.107.180.148 - - [05/Feb/2018:13:20:44 +0800] "GET /WEI_1400/WEI_1400/lists_prc?gubun=Y&baseDate=2017-12-31 HTTP/1.1" 200 2102 "http://merp.yudo.com.cn:8183/WEI_1400/WEI_1400?formKey=M20180205T131814587&menuSelection=sm" "Mozilla/5.0 (Windows NT 6.0; WOW64) AppleWebKit/537.36 (KHTML, like Gecko) Chrome/49.0.2623.221 Safari/537.36 SE 2.X MetaSr 1.0"
180.107.180.148 - - [05/Feb/2018:13:20:48 +0800] "POST /JLAMPCommon/langRow_prc HTTP/1.1" 200 191 "http://merp.yudo.com.cn:8183/WEI_1400/WEI_1400?formKey=M20180205T131814587&menuSelection=sm" "Mozilla/5.0 (Windows NT 6.0; WOW64) AppleWebKit/537.36 (KHTML, like Gecko) Chrome/49.0.2623.221 Safari/537.36 SE 2.X MetaSr 1.0"
180.107.180.148 - - [05/Feb/2018:13:20:48 +0800] "POST /JLAMPCommon/langRow_prc HTTP/1.1" 200 209 "http://merp.yudo.com.cn:8183/WEI_1400/WEI_1400?formKey=M20180205T131814587&menuSelection=sm" "Mozilla/5.0 (Windows NT 6.0; WOW64) AppleWebKit/537.36 (KHTML, like Gecko) Chrome/49.0.2623.221 Safari/537.36 SE 2.X MetaSr 1.0"
180.107.180.148 - - [05/Feb/2018:13:20:49 +0800] "POST /JLAMPCommon/langRow_prc HTTP/1.1" 200 254 "http://merp.yudo.com.cn:8183/WEI_1400/WEI_1400?formKey=M20180205T131814587&menuSelection=sm" "Mozilla/5.0 (Windows NT 6.0; WOW64) AppleWebKit/537.36 (KHTML, like Gecko) Chrome/49.0.2623.221 Safari/537.36 SE 2.X MetaSr 1.0"
::1 - - [05/Feb/2018:13:20:53 +0800] "OPTIONS * HTTP/1.0" 200 - "-" "Apache/2.4.6 (CentOS) PHP/5.6.32 (internal dummy connection)"
180.107.180.148 - - [05/Feb/2018:13:20:53 +0800] "POST /main/login_prc HTTP/1.1" 200 44 "http://merp.yudo.com.cn:8183/?deviceType=mobile&devicePlatform=ios" "Mozilla/5.0 (iPhone; CPU iPhone OS 11_2_5 like Mac OS X) AppleWebKit/604.5.6 (KHTML, like Gecko) Mobile/15D60JLAMPMode:iPhone"
180.107.180.148 - - [05/Feb/2018:13:20:53 +0800] "POST /main/checkMenuAuth_prc HTTP/1.1" 200 44 "http://merp.yudo.com.cn:8183/?deviceType=mobile&devicePlatform=ios" "Mozilla/5.0 (iPhone; CPU iPhone OS 11_2_5 like Mac OS X) AppleWebKit/604.5.6 (KHTML, like Gecko) Mobile/15D60JLAMPMode:iPhone"
180.107.180.148 - - [05/Feb/2018:13:20:53 +0800] "POST / HTTP/1.1" 302 149 "http://merp.yudo.com.cn:8183/?deviceType=mobile&devicePlatform=ios" "Mozilla/5.0 (iPhone; CPU iPhone OS 11_2_5 like Mac OS X) AppleWebKit/604.5.6 (KHTML, like Gecko) Mobile/15D60JLAMPMode:iPhone"
::1 - - [05/Feb/2018:13:20:54 +0800] "OPTIONS * HTTP/1.0" 200 - "-" "Apache/2.4.6 (CentOS) PHP/5.6.32 (internal dummy connection)"
180.107.180.148 - - [05/Feb/2018:13:20:53 +0800] "GET /Menu/Menu?formKey=M20180205T131840760 HTTP/1.1" 200 5244 "http://merp.yudo.com.cn:8183/?deviceType=mobile&devicePlatform=ios" "Mozilla/5.0 (iPhone; CPU iPhone OS 11_2_5 like Mac OS X) AppleWebKit/604.5.6 (KHTML, like Gecko) Mobile/15D60JLAMPMode:iPhone"
180.107.180.148 - - [05/Feb/2018:13:20:54 +0800] "GET /css/Menu/Menu.css HTTP/1.1" 304 - "http://merp.yudo.com.cn:8183/Menu/Menu?formKey=M20180205T131840760" "Mozilla/5.0 (iPhone; CPU iPhone OS 11_2_5 like Mac OS X) AppleWebKit/604.5.6 (KHTML, like Gecko) Mobile/15D60JLAMPMode:iPhone"
180.107.180.148 - - [05/Feb/2018:13:20:54 +0800] "GET /js/Menu/Menu.js HTTP/1.1" 304 - "http://merp.yudo.com.cn:8183/Menu/Menu?formKey=M20180205T131840760" "Mozilla/5.0 (iPhone; CPU iPhone OS 11_2_5 like Mac OS X) AppleWebKit/604.5.6 (KHTML, like Gecko) Mobile/15D60JLAMPMode:iPhone"
180.107.180.148 - - [05/Feb/2018:13:20:54 +0800] "GET /image/MI.png HTTP/1.1" 304 - "http://merp.yudo.com.cn:8183/Menu/Menu?formKey=M20180205T131840760" "Mozilla/5.0 (iPhone; CPU iPhone OS 11_2_5 like Mac OS X) AppleWebKit/604.5.6 (KHTML, like Gecko) Mobile/15D60JLAMPMode:iPhone"
180.107.180.148 - - [05/Feb/2018:13:20:54 +0800] "GET /image/SM.png HTTP/1.1" 304 - "http://merp.yudo.com.cn:8183/Menu/Menu?formKey=M20180205T131840760" "Mozilla/5.0 (iPhone; CPU iPhone OS 11_2_5 like Mac OS X) AppleWebKit/604.5.6 (KHTML, like Gecko) Mobile/15D60JLAMPMode:iPhone"
180.107.180.148 - - [05/Feb/2018:13:20:54 +0800] "GET /image/ASM.png HTTP/1.1" 304 - "http://merp.yudo.com.cn:8183/Menu/Menu?formKey=M20180205T131840760" "Mozilla/5.0 (iPhone; CPU iPhone OS 11_2_5 like Mac OS X) AppleWebKit/604.5.6 (KHTML, like Gecko) Mobile/15D60JLAMPMode:iPhone"
180.107.180.148 - - [05/Feb/2018:13:20:54 +0800] "POST /JLAMPCommon/langBatchRows_prc HTTP/1.1" 200 44 "http://merp.yudo.com.cn:8183/Menu/Menu?formKey=M20180205T131840760" "Mozilla/5.0 (iPhone; CPU iPhone OS 11_2_5 like Mac OS X) AppleWebKit/604.5.6 (KHTML, like Gecko) Mobile/15D60JLAMPMode:iPhone"
180.107.180.148 - - [05/Feb/2018:13:20:54 +0800] "GET /JLAMPCommon/getCookieJson_prc HTTP/1.1" 200 842 "http://merp.yudo.com.cn:8183/Menu/Menu?formKey=M20180205T131840760" "Mozilla/5.0 (iPhone; CPU iPhone OS 11_2_5 like Mac OS X) AppleWebKit/604.5.6 (KHTML, like Gecko) Mobile/15D60JLAMPMode:iPhone"
180.107.180.148 - - [05/Feb/2018:13:20:54 +0800] "GET /Menu/doMenuRows_prc?formKey=M20180205T131840760 HTTP/1.1" 200 1196 "http://merp.yudo.com.cn:8183/Menu/Menu?formKey=M20180205T131840760" "Mozilla/5.0 (iPhone; CPU iPhone OS 11_2_5 like Mac OS X) AppleWebKit/604.5.6 (KHTML, like Gecko) Mobile/15D60JLAMPMode:iPhone"
180.107.180.148 - - [05/Feb/2018:13:20:55 +0800] "GET /image/menu_allow.png HTTP/1.1" 304 - "http://merp.yudo.com.cn:8183/Menu/Menu?formKey=M20180205T131840760" "Mozilla/5.0 (iPhone; CPU iPhone OS 11_2_5 like Mac OS X) AppleWebKit/604.5.6 (KHTML, like Gecko) Mobile/15D60JLAMPMode:iPhone"
::1 - - [05/Feb/2018:13:21:00 +0800] "OPTIONS * HTTP/1.0" 200 - "-" "Apache/2.4.6 (CentOS) PHP/5.6.32 (internal dummy connection)"
180.107.180.148 - - [05/Feb/2018:13:21:00 +0800] "GET /WEI_1400/WEI_1400?formKey=M20180205T131840760&menuSelection=sm HTTP/1.1" 200 7191 "http://merp.yudo.com.cn:8183/Menu/Menu?formKey=M20180205T131840760" "Mozilla/5.0 (iPhone; CPU iPhone OS 11_2_5 like Mac OS X) AppleWebKit/604.5.6 (KHTML, like Gecko) Mobile/15D60JLAMPMode:iPhone"
180.107.180.148 - - [05/Feb/2018:13:21:00 +0800] "GET /css/WEI_1400/WEI_1400_Lists.css HTTP/1.1" 304 - "http://merp.yudo.com.cn:8183/WEI_1400/WEI_1400?formKey=M20180205T131840760&menuSelection=sm" "Mozilla/5.0 (iPhone; CPU iPhone OS 11_2_5 like Mac OS X) AppleWebKit/604.5.6 (KHTML, like Gecko) Mobile/15D60JLAMPMode:iPhone"
180.107.180.148 - - [05/Feb/2018:13:21:00 +0800] "GET /js/WEI_1400/WEI_1400_Lists.js HTTP/1.1" 304 - "http://merp.yudo.com.cn:8183/WEI_1400/WEI_1400?formKey=M20180205T131840760&menuSelection=sm" "Mozilla/5.0 (iPhone; CPU iPhone OS 11_2_5 like Mac OS X) AppleWebKit/604.5.6 (KHTML, like Gecko) Mobile/15D60JLAMPMode:iPhone"
::1 - - [05/Feb/2018:13:21:01 +0800] "OPTIONS * HTTP/1.0" 200 - "-" "Apache/2.4.6 (CentOS) PHP/5.6.32 (internal dummy connection)"
180.107.180.148 - - [05/Feb/2018:13:21:00 +0800] "POST /JLAMPCommon/langBatchRows_prc HTTP/1.1" 200 1268 "http://merp.yudo.com.cn:8183/WEI_1400/WEI_1400?formKey=M20180205T131840760&menuSelection=sm" "Mozilla/5.0 (iPhone; CPU iPhone OS 11_2_5 like Mac OS X) AppleWebKit/604.5.6 (KHTML, like Gecko) Mobile/15D60JLAMPMode:iPhone"
180.107.180.148 - - [05/Feb/2018:13:21:01 +0800] "GET /JLAMPCommon/getCookieJson_prc HTTP/1.1" 200 842 "http://merp.yudo.com.cn:8183/WEI_1400/WEI_1400?formKey=M20180205T131840760&menuSelection=sm" "Mozilla/5.0 (iPhone; CPU iPhone OS 11_2_5 like Mac OS X) AppleWebKit/604.5.6 (KHTML, like Gecko) Mobile/15D60JLAMPMode:iPhone"
180.107.180.148 - - [05/Feb/2018:13:21:01 +0800] "POST /JLAMPCommon/langRow_prc HTTP/1.1" 200 191 "http://merp.yudo.com.cn:8183/WEI_1400/WEI_1400?formKey=M20180205T131840760&menuSelection=sm" "Mozilla/5.0 (iPhone; CPU iPhone OS 11_2_5 like Mac OS X) AppleWebKit/604.5.6 (KHTML, like Gecko) Mobile/15D60JLAMPMode:iPhone"
180.107.180.148 - - [05/Feb/2018:13:21:01 +0800] "POST /JLAMPCommon/langRow_prc HTTP/1.1" 200 215 "http://merp.yudo.com.cn:8183/WEI_1400/WEI_1400?formKey=M20180205T131840760&menuSelection=sm" "Mozilla/5.0 (iPhone; CPU iPhone OS 11_2_5 like Mac OS X) AppleWebKit/604.5.6 (KHTML, like Gecko) Mobile/15D60JLAMPMode:iPhone"
180.107.180.148 - - [05/Feb/2018:13:21:03 +0800] "POST /JLAMPCommon/langRow_prc HTTP/1.1" 200 191 "http://merp.yudo.com.cn:8183/WEI_1400/WEI_1400?formKey=M20180205T131840760&menuSelection=sm" "Mozilla/5.0 (iPhone; CPU iPhone OS 11_2_5 like Mac OS X) AppleWebKit/604.5.6 (KHTML, like Gecko) Mobile/15D60JLAMPMode:iPhone"
180.107.180.148 - - [05/Feb/2018:13:21:03 +0800] "POST /JLAMPCommon/langRow_prc HTTP/1.1" 200 191 "http://merp.yudo.com.cn:8183/WEI_1400/WEI_1400?formKey=M20180205T131840760&menuSelection=sm" "Mozilla/5.0 (iPhone; CPU iPhone OS 11_2_5 like Mac OS X) AppleWebKit/604.5.6 (KHTML, like Gecko) Mobile/15D60JLAMPMode:iPhone"
180.107.180.148 - - [05/Feb/2018:13:21:03 +0800] "POST /JLAMPCommon/langRow_prc HTTP/1.1" 200 209 "http://merp.yudo.com.cn:8183/WEI_1400/WEI_1400?formKey=M20180205T131840760&menuSelection=sm" "Mozilla/5.0 (iPhone; CPU iPhone OS 11_2_5 like Mac OS X) AppleWebKit/604.5.6 (KHTML, like Gecko) Mobile/15D60JLAMPMode:iPhone"
180.107.180.148 - - [05/Feb/2018:13:21:03 +0800] "POST /JLAMPCommon/langRow_prc HTTP/1.1" 200 191 "http://merp.yudo.com.cn:8183/WEI_1400/WEI_1400?formKey=M20180205T131840760&menuSelection=sm" "Mozilla/5.0 (iPhone; CPU iPhone OS 11_2_5 like Mac OS X) AppleWebKit/604.5.6 (KHTML, like Gecko) Mobile/15D60JLAMPMode:iPhone"
180.107.180.148 - - [05/Feb/2018:13:21:04 +0800] "POST /JLAMPCommon/langRow_prc HTTP/1.1" 200 227 "http://merp.yudo.com.cn:8183/WEI_1400/WEI_1400?formKey=M20180205T131840760&menuSelection=sm" "Mozilla/5.0 (iPhone; CPU iPhone OS 11_2_5 like Mac OS X) AppleWebKit/604.5.6 (KHTML, like Gecko) Mobile/15D60JLAMPMode:iPhone"
::1 - - [05/Feb/2018:13:21:06 +0800] "OPTIONS * HTTP/1.0" 200 - "-" "Apache/2.4.6 (CentOS) PHP/5.6.32 (internal dummy connection)"
180.107.180.148 - - [05/Feb/2018:13:21:04 +0800] "GET /WEI_1400/WEI_1400/lists_prc?gubun=Y&baseDate=2018-02-05 HTTP/1.1" 200 2086 "http://merp.yudo.com.cn:8183/WEI_1400/WEI_1400?formKey=M20180205T131840760&menuSelection=sm" "Mozilla/5.0 (iPhone; CPU iPhone OS 11_2_5 like Mac OS X) AppleWebKit/604.5.6 (KHTML, like Gecko) Mobile/15D60JLAMPMode:iPhone"
180.107.180.148 - - [05/Feb/2018:13:21:07 +0800] "POST /JLAMPCommon/langRow_prc HTTP/1.1" 200 191 "http://merp.yudo.com.cn:8183/WEI_1400/WEI_1400?formKey=M20180205T131840760&menuSelection=sm" "Mozilla/5.0 (iPhone; CPU iPhone OS 11_2_5 like Mac OS X) AppleWebKit/604.5.6 (KHTML, like Gecko) Mobile/15D60JLAMPMode:iPhone"
180.107.180.148 - - [05/Feb/2018:13:21:07 +0800] "POST /JLAMPCommon/langRow_prc HTTP/1.1" 200 209 "http://merp.yudo.com.cn:8183/WEI_1400/WEI_1400?formKey=M20180205T131840760&menuSelection=sm" "Mozilla/5.0 (iPhone; CPU iPhone OS 11_2_5 like Mac OS X) AppleWebKit/604.5.6 (KHTML, like Gecko) Mobile/15D60JLAMPMode:iPhone"
180.107.180.148 - - [05/Feb/2018:13:21:07 +0800] "POST /JLAMPCommon/langRow_prc HTTP/1.1" 200 254 "http://merp.yudo.com.cn:8183/WEI_1400/WEI_1400?formKey=M20180205T131840760&menuSelection=sm" "Mozilla/5.0 (iPhone; CPU iPhone OS 11_2_5 like Mac OS X) AppleWebKit/604.5.6 (KHTML, like Gecko) Mobile/15D60JLAMPMode:iPhone"
::1 - - [05/Feb/2018:13:21:13 +0800] "OPTIONS * HTTP/1.0" 200 - "-" "Apache/2.4.6 (CentOS) PHP/5.6.32 (internal dummy connection)"
101.226.33.225 - - [05/Feb/2018:13:21:15 +0800] "GET /Menu/Menu?formKey=M20180205T131802380 HTTP/1.1" 200 5244 "-" "Mozilla/5.0 (Windows NT 6.1; WOW64; Trident/7.0; SLCC2; .NET CLR 2.0.50727; .NET CLR 3.5.30729; .NET CLR 3.0.30729; Media Center PC 6.0; .NET4.0C; .NET4.0E; InfoPath.3; rv:11.0) like Gecko"
61.151.179.84 - - [05/Feb/2018:13:21:15 +0800] "GET /?deviceType=mobile&devicePlatform=ios HTTP/1.1" 200 6704 "-" "Mozilla/5.0 (Windows NT 6.1; WOW64) AppleWebKit/537.36 (KHTML, like Gecko) Chrome/56.0.2924.87 Safari/537.36"
61.151.179.84 - - [05/Feb/2018:13:21:15 +0800] "GET /third_party/jquery-2.1.4/jquery.js HTTP/1.1" 200 247606 "http://merp.yudo.com.cn:8183/?deviceType=mobile&devicePlatform=ios" "Mozilla/5.0 (Macintosh; Intel Mac OS X 10_12_4) AppleWebKit/537.36 (KHTML, like Gecko) \t\t\tChrome/55.0.2883.95 Safari/537.36"
101.226.33.225 - - [05/Feb/2018:13:21:15 +0800] "GET /third_party/jquery-2.1.4/jquery.js HTTP/1.1" 200 247606 "http://merp.yudo.com.cn:8183/Menu/Menu?formKey=M20180205T131802380" "Mozilla/5.0 (Windows NT 6.1; WOW64) AppleWebKit/537.36 (KHTML, like Gecko) Chrome/53.0.2785.104 Safari/537.36 Core/1.53.2141.400 QQBrowser/9.5.10219.400"
61.151.179.84 - - [05/Feb/2018:13:21:16 +0800] "GET /third_party/jquery-ui-1.11.4/jquery-ui.js HTTP/1.1" 200 470596 "http://merp.yudo.com.cn:8183/?deviceType=mobile&devicePlatform=ios" "Mozilla/5.0 (Windows NT 6.1; WOW64) AppleWebKit/537.36 (KHTML, like Gecko) Chrome/43.0.2357.124 Safari/537.36"
101.226.33.225 - - [05/Feb/2018:13:21:16 +0800] "GET /third_party/jquery-ui-1.11.4/jquery-ui.js HTTP/1.1" 200 470596 "http://merp.yudo.com.cn:8183/Menu/Menu?formKey=M20180205T131802380" "Mozilla/5.0 (Windows NT 6.1; WOW64) AppleWebKit/537.36 (KHTML, like Gecko) Chrome/56.0.2924.87 Safari/537.36"
61.151.179.84 - - [05/Feb/2018:13:21:17 +0800] "GET /third_party/bootstrap-3.3.5/js/bootstrap.min.js HTTP/1.1" 200 36816 "http://merp.yudo.com.cn:8183/?deviceType=mobile&devicePlatform=ios" "Mozilla/5.0 (Windows NT 6.1; WOW64) AppleWebKit/537.36 (KHTML, like Gecko) Chrome/43.0.2357.124 Safari/537.36"
101.226.33.225 - - [05/Feb/2018:13:21:17 +0800] "GET /third_party/bootstrap-3.3.5/js/bootstrap.min.js HTTP/1.1" 200 36816 "http://merp.yudo.com.cn:8183/Menu/Menu?formKey=M20180205T131802380" "Mozilla/5.0 (Windows NT 6.1; WOW64; Trident/7.0; SLCC2; .NET CLR 2.0.50727; .NET CLR 3.5.30729; .NET CLR 3.0.30729; Media Center PC 6.0; .NET4.0C; .NET4.0E; InfoPath.3; rv:11.0) like Gecko"
61.151.179.84 - - [05/Feb/2018:13:21:17 +0800] "GET /third_party/bootstrap-datetimepicker/js/bootstrap-datetimepicker.js HTTP/1.1" 200 67526 "http://merp.yudo.com.cn:8183/?deviceType=mobile&devicePlatform=ios" "Mozilla/5.0 (Windows NT 6.1; WOW64; rv:50.0) Gecko/20100101 Firefox/50.0"
101.226.33.225 - - [05/Feb/2018:13:21:17 +0800] "GET /third_party/bootstrap-datetimepicker/js/bootstrap-datetimepicker.js HTTP/1.1" 200 67526 "http://merp.yudo.com.cn:8183/Menu/Menu?formKey=M20180205T131802380" "Mozilla/5.0 (Macintosh; Intel Mac OS X 10_12_4) AppleWebKit/537.36 (KHTML, like Gecko) \t\t\tChrome/55.0.2883.95 Safari/537.36"
101.226.33.220 - - [05/Feb/2018:13:21:17 +0800] "GET /Menu/doMenuRows_prc?formKey=M20180205T131802380 HTTP/1.1" 200 44 "http://merp.yudo.com.cn:8183/Menu/Menu?formKey=M20180205T131802380" "Mozilla/5.0 (Windows NT 6.1; WOW64) AppleWebKit/537.36 (KHTML, like Gecko) Chrome/53.0.2785.104 Safari/537.36 Core/1.53.2141.400 QQBrowser/9.5.10219.400"
101.226.33.225 - - [05/Feb/2018:13:21:17 +0800] "GET /third_party/bootstrap-datetimepicker/js/locales/bootstrap-datetimepicker.ko.js HTTP/1.1" 200 765 "http://merp.yudo.com.cn:8183/Menu/Menu?formKey=M20180205T131802380" "Mozilla/5.0 (Windows NT 6.1; WOW64) AppleWebKit/537.36 (KHTML, like Gecko) Chrome/56.0.2924.87 Safari/537.36"
61.151.179.84 - - [05/Feb/2018:13:21:17 +0800] "GET /third_party/bootstrap-datetimepicker/js/locales/bootstrap-datetimepicker.ko.js HTTP/1.1" 200 765 "http://merp.yudo.com.cn:8183/?deviceType=mobile&devicePlatform=ios" "Mozilla/5.0 (Windows NT 6.1; WOW64; rv:50.0) Gecko/20100101 Firefox/50.0"
