::1 - - [02/Feb/2018:13:13:37 +0800] "OPTIONS * HTTP/1.0" 200 - "-" "Apache/2.4.6 (CentOS) PHP/5.6.32 (internal dummy connection)"
223.54.224.206 - - [02/Feb/2018:13:13:40 +0800] "GET /WEI_1100/WEI_1100/lists_prc?workType=M&baseDate=2016-07-01 HTTP/1.1" 200 2222 "http://merp.yudo.com.cn:8183/WEI_1100/WEI_1100?formKey=M20180202T131059160&menuSelection=sm" "Mozilla/5.0 (iPhone; CPU iPhone OS 11_2_2 like Mac OS X) AppleWebKit/604.4.7 (KHTML, like Gecko) Mobile/15C202JLAMPMode:iPhone"
223.54.224.206 - - [02/Feb/2018:13:13:45 +0800] "POST /JLAMPCommon/langRow_prc HTTP/1.1" 200 243 "http://merp.yudo.com.cn:8183/WEI_1100/WEI_1100?formKey=M20180202T131059160&menuSelection=sm" "Mozilla/5.0 (iPhone; CPU iPhone OS 11_2_2 like Mac OS X) AppleWebKit/604.4.7 (KHTML, like Gecko) Mobile/15C202JLAMPMode:iPhone"
223.54.224.206 - - [02/Feb/2018:13:13:46 +0800] "POST /JLAMPCommon/langRow_prc HTTP/1.1" 200 243 "http://merp.yudo.com.cn:8183/WEI_1100/WEI_1100?formKey=M20180202T131059160&menuSelection=sm" "Mozilla/5.0 (iPhone; CPU iPhone OS 11_2_2 like Mac OS X) AppleWebKit/604.4.7 (KHTML, like Gecko) Mobile/15C202JLAMPMode:iPhone"
223.54.224.206 - - [02/Feb/2018:13:13:46 +0800] "POST /JLAMPCommon/langRow_prc HTTP/1.1" 200 255 "http://merp.yudo.com.cn:8183/WEI_1100/WEI_1100?formKey=M20180202T131059160&menuSelection=sm" "Mozilla/5.0 (iPhone; CPU iPhone OS 11_2_2 like Mac OS X) AppleWebKit/604.4.7 (KHTML, like Gecko) Mobile/15C202JLAMPMode:iPhone"
223.54.224.206 - - [02/Feb/2018:13:13:46 +0800] "POST /JLAMPCommon/langRow_prc HTTP/1.1" 200 243 "http://merp.yudo.com.cn:8183/WEI_1100/WEI_1100?formKey=M20180202T131059160&menuSelection=sm" "Mozilla/5.0 (iPhone; CPU iPhone OS 11_2_2 like Mac OS X) AppleWebKit/604.4.7 (KHTML, like Gecko) Mobile/15C202JLAMPMode:iPhone"
223.54.224.206 - - [02/Feb/2018:13:13:47 +0800] "POST /JLAMPCommon/langRow_prc HTTP/1.1" 200 279 "http://merp.yudo.com.cn:8183/WEI_1100/WEI_1100?formKey=M20180202T131059160&menuSelection=sm" "Mozilla/5.0 (iPhone; CPU iPhone OS 11_2_2 like Mac OS X) AppleWebKit/604.4.7 (KHTML, like Gecko) Mobile/15C202JLAMPMode:iPhone"
223.54.224.206 - - [02/Feb/2018:13:13:52 +0800] "GET /Menu/Menu/menuLists?formKey=M20180202T131059160&menuSelection=sm HTTP/1.1" 200 5246 "http://merp.yudo.com.cn:8183/WEI_1100/WEI_1100?formKey=M20180202T131059160&menuSelection=sm" "Mozilla/5.0 (iPhone; CPU iPhone OS 11_2_2 like Mac OS X) AppleWebKit/604.4.7 (KHTML, like Gecko) Mobile/15C202JLAMPMode:iPhone"
223.54.224.206 - - [02/Feb/2018:13:13:53 +0800] "GET /JLAMPCommon/getCookieJson_prc HTTP/1.1" 200 780 "http://merp.yudo.com.cn:8183/Menu/Menu/menuLists?formKey=M20180202T131059160&menuSelection=sm" "Mozilla/5.0 (iPhone; CPU iPhone OS 11_2_2 like Mac OS X) AppleWebKit/604.4.7 (KHTML, like Gecko) Mobile/15C202JLAMPMode:iPhone"
223.54.224.206 - - [02/Feb/2018:13:13:53 +0800] "GET /Menu/doMenuRows_prc?formKey=M20180202T131059160 HTTP/1.1" 200 1196 "http://merp.yudo.com.cn:8183/Menu/Menu/menuLists?formKey=M20180202T131059160&menuSelection=sm" "Mozilla/5.0 (iPhone; CPU iPhone OS 11_2_2 like Mac OS X) AppleWebKit/604.4.7 (KHTML, like Gecko) Mobile/15C202JLAMPMode:iPhone"
223.54.224.206 - - [02/Feb/2018:13:13:55 +0800] "POST /JLAMPCommon/setFormAccessLog_prc HTTP/1.1" 200 75 "http://merp.yudo.com.cn:8183/Menu/Menu/menuLists?formKey=M20180202T131059160&menuSelection=sm" "Mozilla/5.0 (iPhone; CPU iPhone OS 11_2_2 like Mac OS X) AppleWebKit/604.4.7 (KHTML, like Gecko) Mobile/15C202JLAMPMode:iPhone"
223.54.224.206 - - [02/Feb/2018:13:13:56 +0800] "POST /main/logout_prc HTTP/1.1" 200 44 "http://merp.yudo.com.cn:8183/Menu/Menu/menuLists?formKey=M20180202T131059160&menuSelection=sm" "Mozilla/5.0 (iPhone; CPU iPhone OS 11_2_2 like Mac OS X) AppleWebKit/604.4.7 (KHTML, like Gecko) Mobile/15C202JLAMPMode:iPhone"
223.54.224.206 - - [02/Feb/2018:13:13:56 +0800] "GET /?deviceType=mobile&devicePlatform=ios HTTP/1.1" 200 6704 "http://merp.yudo.com.cn:8183/Menu/Menu/menuLists?formKey=M20180202T131059160&menuSelection=sm" "Mozilla/5.0 (iPhone; CPU iPhone OS 11_2_2 like Mac OS X) AppleWebKit/604.4.7 (KHTML, like Gecko) Mobile/15C202JLAMPMode:iPhone"
223.54.224.206 - - [02/Feb/2018:13:13:57 +0800] "GET /JLAMPCommon/getCookieJson_prc HTTP/1.1" 200 62 "http://merp.yudo.com.cn:8183/?deviceType=mobile&devicePlatform=ios" "Mozilla/5.0 (iPhone; CPU iPhone OS 11_2_2 like Mac OS X) AppleWebKit/604.4.7 (KHTML, like Gecko) Mobile/15C202JLAMPMode:iPhone"
223.54.224.206 - - [02/Feb/2018:13:14:27 +0800] "POST /main/login_prc HTTP/1.1" 200 44 "http://merp.yudo.com.cn:8183/?deviceType=mobile&devicePlatform=ios" "Mozilla/5.0 (iPhone; CPU iPhone OS 11_2_2 like Mac OS X) AppleWebKit/604.4.7 (KHTML, like Gecko) Mobile/15C202JLAMPMode:iPhone"
223.54.224.206 - - [02/Feb/2018:13:14:28 +0800] "POST / HTTP/1.1" 302 149 "http://merp.yudo.com.cn:8183/?deviceType=mobile&devicePlatform=ios" "Mozilla/5.0 (iPhone; CPU iPhone OS 11_2_2 like Mac OS X) AppleWebKit/604.4.7 (KHTML, like Gecko) Mobile/15C202JLAMPMode:iPhone"
223.54.224.206 - - [02/Feb/2018:13:14:29 +0800] "POST /main/login_prc HTTP/1.1" 200 44 "http://merp.yudo.com.cn:8183/?deviceType=mobile&devicePlatform=ios" "Mozilla/5.0 (iPhone; CPU iPhone OS 11_2_2 like Mac OS X) AppleWebKit/604.4.7 (KHTML, like Gecko) Mobile/15C202JLAMPMode:iPhone"
223.54.224.206 - - [02/Feb/2018:13:14:31 +0800] "POST / HTTP/1.1" 302 149 "http://merp.yudo.com.cn:8183/?deviceType=mobile&devicePlatform=ios" "Mozilla/5.0 (iPhone; CPU iPhone OS 11_2_2 like Mac OS X) AppleWebKit/604.4.7 (KHTML, like Gecko) Mobile/15C202JLAMPMode:iPhone"
223.54.224.206 - - [02/Feb/2018:13:14:32 +0800] "GET /Menu/Menu?formKey=M20180202T131222857 HTTP/1.1" 200 5244 "http://merp.yudo.com.cn:8183/?deviceType=mobile&devicePlatform=ios" "Mozilla/5.0 (iPhone; CPU iPhone OS 11_2_2 like Mac OS X) AppleWebKit/604.4.7 (KHTML, like Gecko) Mobile/15C202JLAMPMode:iPhone"
223.54.224.206 - - [02/Feb/2018:13:14:33 +0800] "POST /JLAMPCommon/langBatchRows_prc HTTP/1.1" 200 44 "http://merp.yudo.com.cn:8183/Menu/Menu?formKey=M20180202T131222857" "Mozilla/5.0 (iPhone; CPU iPhone OS 11_2_2 like Mac OS X) AppleWebKit/604.4.7 (KHTML, like Gecko) Mobile/15C202JLAMPMode:iPhone"
223.54.224.206 - - [02/Feb/2018:13:14:33 +0800] "GET /JLAMPCommon/getCookieJson_prc HTTP/1.1" 200 780 "http://merp.yudo.com.cn:8183/Menu/Menu?formKey=M20180202T131222857" "Mozilla/5.0 (iPhone; CPU iPhone OS 11_2_2 like Mac OS X) AppleWebKit/604.4.7 (KHTML, like Gecko) Mobile/15C202JLAMPMode:iPhone"
223.54.224.206 - - [02/Feb/2018:13:14:33 +0800] "GET /Menu/doMenuRows_prc?formKey=M20180202T131222857 HTTP/1.1" 200 1196 "http://merp.yudo.com.cn:8183/Menu/Menu?formKey=M20180202T131222857" "Mozilla/5.0 (iPhone; CPU iPhone OS 11_2_2 like Mac OS X) AppleWebKit/604.4.7 (KHTML, like Gecko) Mobile/15C202JLAMPMode:iPhone"
223.54.224.206 - - [02/Feb/2018:13:14:37 +0800] "POST /JLAMPCommon/setFormAccessLog_prc HTTP/1.1" 200 75 "http://merp.yudo.com.cn:8183/Menu/Menu?formKey=M20180202T131222857" "Mozilla/5.0 (iPhone; CPU iPhone OS 11_2_2 like Mac OS X) AppleWebKit/604.4.7 (KHTML, like Gecko) Mobile/15C202JLAMPMode:iPhone"
223.54.224.206 - - [02/Feb/2018:13:14:38 +0800] "POST /main/logout_prc HTTP/1.1" 200 44 "http://merp.yudo.com.cn:8183/Menu/Menu?formKey=M20180202T131222857" "Mozilla/5.0 (iPhone; CPU iPhone OS 11_2_2 like Mac OS X) AppleWebKit/604.4.7 (KHTML, like Gecko) Mobile/15C202JLAMPMode:iPhone"
223.54.224.206 - - [02/Feb/2018:13:14:39 +0800] "GET /?deviceType=mobile&devicePlatform=ios HTTP/1.1" 200 6704 "http://merp.yudo.com.cn:8183/Menu/Menu?formKey=M20180202T131222857" "Mozilla/5.0 (iPhone; CPU iPhone OS 11_2_2 like Mac OS X) AppleWebKit/604.4.7 (KHTML, like Gecko) Mobile/15C202JLAMPMode:iPhone"
223.54.224.206 - - [02/Feb/2018:13:14:40 +0800] "GET /JLAMPCommon/getCookieJson_prc HTTP/1.1" 200 62 "http://merp.yudo.com.cn:8183/?deviceType=mobile&devicePlatform=ios" "Mozilla/5.0 (iPhone; CPU iPhone OS 11_2_2 like Mac OS X) AppleWebKit/604.4.7 (KHTML, like Gecko) Mobile/15C202JLAMPMode:iPhone"
223.54.224.206 - - [02/Feb/2018:13:15:07 +0800] "POST /main/login_prc HTTP/1.1" 200 44 "http://merp.yudo.com.cn:8183/?deviceType=mobile&devicePlatform=ios" "Mozilla/5.0 (iPhone; CPU iPhone OS 11_2_2 like Mac OS X) AppleWebKit/604.4.7 (KHTML, like Gecko) Mobile/15C202JLAMPMode:iPhone"
223.54.224.206 - - [02/Feb/2018:13:15:08 +0800] "POST / HTTP/1.1" 302 149 "http://merp.yudo.com.cn:8183/?deviceType=mobile&devicePlatform=ios" "Mozilla/5.0 (iPhone; CPU iPhone OS 11_2_2 like Mac OS X) AppleWebKit/604.4.7 (KHTML, like Gecko) Mobile/15C202JLAMPMode:iPhone"
223.54.224.206 - - [02/Feb/2018:13:15:08 +0800] "GET /Menu/Menu?formKey=M20180202T131259127 HTTP/1.1" 200 5247 "http://merp.yudo.com.cn:8183/?deviceType=mobile&devicePlatform=ios" "Mozilla/5.0 (iPhone; CPU iPhone OS 11_2_2 like Mac OS X) AppleWebKit/604.4.7 (KHTML, like Gecko) Mobile/15C202JLAMPMode:iPhone"
223.54.224.206 - - [02/Feb/2018:13:15:08 +0800] "GET /third_party/bootstrap-datetimepicker/js/locales/bootstrap-datetimepicker.zh-CN.js HTTP/1.1" 200 813 "http://merp.yudo.com.cn:8183/Menu/Menu?formKey=M20180202T131259127" "Mozilla/5.0 (iPhone; CPU iPhone OS 11_2_2 like Mac OS X) AppleWebKit/604.4.7 (KHTML, like Gecko) Mobile/15C202JLAMPMode:iPhone"
223.54.224.206 - - [02/Feb/2018:13:15:09 +0800] "POST /JLAMPCommon/langBatchRows_prc HTTP/1.1" 200 571 "http://merp.yudo.com.cn:8183/Menu/Menu?formKey=M20180202T131259127" "Mozilla/5.0 (iPhone; CPU iPhone OS 11_2_2 like Mac OS X) AppleWebKit/604.4.7 (KHTML, like Gecko) Mobile/15C202JLAMPMode:iPhone"
223.54.224.206 - - [02/Feb/2018:13:15:09 +0800] "GET /JLAMPCommon/getCookieJson_prc HTTP/1.1" 200 780 "http://merp.yudo.com.cn:8183/Menu/Menu?formKey=M20180202T131259127" "Mozilla/5.0 (iPhone; CPU iPhone OS 11_2_2 like Mac OS X) AppleWebKit/604.4.7 (KHTML, like Gecko) Mobile/15C202JLAMPMode:iPhone"
223.54.224.206 - - [02/Feb/2018:13:15:10 +0800] "GET /Menu/doMenuRows_prc?formKey=M20180202T131259127 HTTP/1.1" 200 1211 "http://merp.yudo.com.cn:8183/Menu/Menu?formKey=M20180202T131259127" "Mozilla/5.0 (iPhone; CPU iPhone OS 11_2_2 like Mac OS X) AppleWebKit/604.4.7 (KHTML, like Gecko) Mobile/15C202JLAMPMode:iPhone"
223.54.224.206 - - [02/Feb/2018:13:15:16 +0800] "GET /WEI_1200/WEI_1200?formKey=M20180202T131259127&menuSelection=sm HTTP/1.1" 200 7289 "http://merp.yudo.com.cn:8183/Menu/Menu?formKey=M20180202T131259127" "Mozilla/5.0 (iPhone; CPU iPhone OS 11_2_2 like Mac OS X) AppleWebKit/604.4.7 (KHTML, like Gecko) Mobile/15C202JLAMPMode:iPhone"
223.54.224.206 - - [02/Feb/2018:13:15:16 +0800] "GET /css/WEI_1200/WEI_1200_Lists.css HTTP/1.1" 200 121 "http://merp.yudo.com.cn:8183/WEI_1200/WEI_1200?formKey=M20180202T131259127&menuSelection=sm" "Mozilla/5.0 (iPhone; CPU iPhone OS 11_2_2 like Mac OS X) AppleWebKit/604.4.7 (KHTML, like Gecko) Mobile/15C202JLAMPMode:iPhone"
223.54.224.206 - - [02/Feb/2018:13:15:16 +0800] "GET /js/WEI_1200/WEI_1200_Lists.js HTTP/1.1" 200 8657 "http://merp.yudo.com.cn:8183/WEI_1200/WEI_1200?formKey=M20180202T131259127&menuSelection=sm" "Mozilla/5.0 (iPhone; CPU iPhone OS 11_2_2 like Mac OS X) AppleWebKit/604.4.7 (KHTML, like Gecko) Mobile/15C202JLAMPMode:iPhone"
223.54.224.206 - - [02/Feb/2018:13:15:17 +0800] "POST /JLAMPCommon/langBatchRows_prc HTTP/1.1" 200 2032 "http://merp.yudo.com.cn:8183/WEI_1200/WEI_1200?formKey=M20180202T131259127&menuSelection=sm" "Mozilla/5.0 (iPhone; CPU iPhone OS 11_2_2 like Mac OS X) AppleWebKit/604.4.7 (KHTML, like Gecko) Mobile/15C202JLAMPMode:iPhone"
223.54.224.206 - - [02/Feb/2018:13:15:17 +0800] "GET /JLAMPCommon/getCookieJson_prc HTTP/1.1" 200 780 "http://merp.yudo.com.cn:8183/WEI_1200/WEI_1200?formKey=M20180202T131259127&menuSelection=sm" "Mozilla/5.0 (iPhone; CPU iPhone OS 11_2_2 like Mac OS X) AppleWebKit/604.4.7 (KHTML, like Gecko) Mobile/15C202JLAMPMode:iPhone"
223.54.224.206 - - [02/Feb/2018:13:15:17 +0800] "POST /JLAMPCommon/langRow_prc HTTP/1.1" 200 191 "http://merp.yudo.com.cn:8183/WEI_1200/WEI_1200?formKey=M20180202T131259127&menuSelection=sm" "Mozilla/5.0 (iPhone; CPU iPhone OS 11_2_2 like Mac OS X) AppleWebKit/604.4.7 (KHTML, like Gecko) Mobile/15C202JLAMPMode:iPhone"
223.54.224.206 - - [02/Feb/2018:13:15:18 +0800] "POST /JLAMPCommon/langRow_prc HTTP/1.1" 200 191 "http://merp.yudo.com.cn:8183/WEI_1200/WEI_1200?formKey=M20180202T131259127&menuSelection=sm" "Mozilla/5.0 (iPhone; CPU iPhone OS 11_2_2 like Mac OS X) AppleWebKit/604.4.7 (KHTML, like Gecko) Mobile/15C202JLAMPMode:iPhone"
223.54.224.206 - - [02/Feb/2018:13:15:31 +0800] "GET /WEI_1200/WEI_1200/lists_prc?workType=Y&baseDate=2018-02-02 HTTP/1.1" 200 259 "http://merp.yudo.com.cn:8183/WEI_1200/WEI_1200?formKey=M20180202T131259127&menuSelection=sm" "Mozilla/5.0 (iPhone; CPU iPhone OS 11_2_2 like Mac OS X) AppleWebKit/604.4.7 (KHTML, like Gecko) Mobile/15C202JLAMPMode:iPhone"
223.54.224.206 - - [02/Feb/2018:13:15:32 +0800] "POST /JLAMPCommon/langRow_prc HTTP/1.1" 200 317 "http://merp.yudo.com.cn:8183/WEI_1200/WEI_1200?formKey=M20180202T131259127&menuSelection=sm" "Mozilla/5.0 (iPhone; CPU iPhone OS 11_2_2 like Mac OS X) AppleWebKit/604.4.7 (KHTML, like Gecko) Mobile/15C202JLAMPMode:iPhone"
223.54.224.206 - - [02/Feb/2018:13:15:42 +0800] "GET /WEI_1200/WEI_1200/lists_prc?workType=Y&baseDate=2016-01-01 HTTP/1.1" 200 3612 "http://merp.yudo.com.cn:8183/WEI_1200/WEI_1200?formKey=M20180202T131259127&menuSelection=sm" "Mozilla/5.0 (iPhone; CPU iPhone OS 11_2_2 like Mac OS X) AppleWebKit/604.4.7 (KHTML, like Gecko) Mobile/15C202JLAMPMode:iPhone"
121.12.149.146 - - [02/Feb/2018:13:15:48 +0800] "GET /?deviceType=mobile&devicePlatform=ios HTTP/1.1" 302 149 "-" "Mozilla/5.0 (iPhone; CPU iPhone OS 11_2_2 like Mac OS X) AppleWebKit/604.4.7 (KHTML, like Gecko) Mobile/15C202JLAMPMode:iPhone"
121.12.149.146 - - [02/Feb/2018:13:15:48 +0800] "GET /Menu/Menu?formKey=M20180202T131339130 HTTP/1.1" 200 5292 "-" "Mozilla/5.0 (iPhone; CPU iPhone OS 11_2_2 like Mac OS X) AppleWebKit/604.4.7 (KHTML, like Gecko) Mobile/15C202JLAMPMode:iPhone"
121.12.149.146 - - [02/Feb/2018:13:15:48 +0800] "GET /third_party/bootstrap-3.3.5/css/bootstrap-theme.css HTTP/1.1" 200 26132 "http://merp.yudo.com.cn:8183/Menu/Menu?formKey=M20180202T131339130" "Mozilla/5.0 (iPhone; CPU iPhone OS 11_2_2 like Mac OS X) AppleWebKit/604.4.7 (KHTML, like Gecko) Mobile/15C202JLAMPMode:iPhone"
121.12.149.146 - - [02/Feb/2018:13:15:48 +0800] "GET /third_party/loading-overlay/waitMe.css HTTP/1.1" 200 14541 "http://merp.yudo.com.cn:8183/Menu/Menu?formKey=M20180202T131339130" "Mozilla/5.0 (iPhone; CPU iPhone OS 11_2_2 like Mac OS X) AppleWebKit/604.4.7 (KHTML, like Gecko) Mobile/15C202JLAMPMode:iPhone"
121.12.149.146 - - [02/Feb/2018:13:15:48 +0800] "GET /third_party/bootstrap-datetimepicker/css/bootstrap-datetimepicker.css HTTP/1.1" 200 12289 "http://merp.yudo.com.cn:8183/Menu/Menu?formKey=M20180202T131339130" "Mozilla/5.0 (iPhone; CPU iPhone OS 11_2_2 like Mac OS X) AppleWebKit/604.4.7 (KHTML, like Gecko) Mobile/15C202JLAMPMode:iPhone"
121.12.149.146 - - [02/Feb/2018:13:15:48 +0800] "GET /css/bootstrap_modify.css HTTP/1.1" 200 265 "http://merp.yudo.com.cn:8183/Menu/Menu?formKey=M20180202T131339130" "Mozilla/5.0 (iPhone; CPU iPhone OS 11_2_2 like Mac OS X) AppleWebKit/604.4.7 (KHTML, like Gecko) Mobile/15C202JLAMPMode:iPhone"
121.12.149.146 - - [02/Feb/2018:13:15:48 +0800] "GET /third_party/bootstrap-3.3.5/css/bootstrap.css HTTP/1.1" 200 147430 "http://merp.yudo.com.cn:8183/Menu/Menu?formKey=M20180202T131339130" "Mozilla/5.0 (iPhone; CPU iPhone OS 11_2_2 like Mac OS X) AppleWebKit/604.4.7 (KHTML, like Gecko) Mobile/15C202JLAMPMode:iPhone"
121.12.149.146 - - [02/Feb/2018:13:15:48 +0800] "GET /third_party/KendoUI/styles/kendo.bootstrap.min.css HTTP/1.1" 200 83074 "http://merp.yudo.com.cn:8183/Menu/Menu?formKey=M20180202T131339130" "Mozilla/5.0 (iPhone; CPU iPhone OS 11_2_2 like Mac OS X) AppleWebKit/604.4.7 (KHTML, like Gecko) Mobile/15C202JLAMPMode:iPhone"
121.12.149.146 - - [02/Feb/2018:13:15:48 +0800] "GET /third_party/KendoUI/styles/kendo.bootstrap.mobile.min.css HTTP/1.1" 200 112483 "http://merp.yudo.com.cn:8183/Menu/Menu?formKey=M20180202T131339130" "Mozilla/5.0 (iPhone; CPU iPhone OS 11_2_2 like Mac OS X) AppleWebKit/604.4.7 (KHTML, like Gecko) Mobile/15C202JLAMPMode:iPhone"
121.12.149.146 - - [02/Feb/2018:13:15:48 +0800] "GET /css/slide_menu.css HTTP/1.1" 200 2705 "http://merp.yudo.com.cn:8183/Menu/Menu?formKey=M20180202T131339130" "Mozilla/5.0 (iPhone; CPU iPhone OS 11_2_2 like Mac OS X) AppleWebKit/604.4.7 (KHTML, like Gecko) Mobile/15C202JLAMPMode:iPhone"
121.12.149.146 - - [02/Feb/2018:13:15:48 +0800] "GET /third_party/slideout-1.0.1/index.css HTTP/1.1" 200 491 "http://merp.yudo.com.cn:8183/Menu/Menu?formKey=M20180202T131339130" "Mozilla/5.0 (iPhone; CPU iPhone OS 11_2_2 like Mac OS X) AppleWebKit/604.4.7 (KHTML, like Gecko) Mobile/15C202JLAMPMode:iPhone"
121.12.149.146 - - [02/Feb/2018:13:15:48 +0800] "GET /third_party/KendoUI/styles/kendo.common.min.css HTTP/1.1" 200 231115 "http://merp.yudo.com.cn:8183/Menu/Menu?formKey=M20180202T131339130" "Mozilla/5.0 (iPhone; CPU iPhone OS 11_2_2 like Mac OS X) AppleWebKit/604.4.7 (KHTML, like Gecko) Mobile/15C202JLAMPMode:iPhone"
121.12.149.146 - - [02/Feb/2018:13:15:48 +0800] "GET /css/JLAMP.common.min.css HTTP/1.1" 200 - "http://merp.yudo.com.cn:8183/Menu/Menu?formKey=M20180202T131339130" "Mozilla/5.0 (iPhone; CPU iPhone OS 11_2_2 like Mac OS X) AppleWebKit/604.4.7 (KHTML, like Gecko) Mobile/15C202JLAMPMode:iPhone"
121.12.149.146 - - [02/Feb/2018:13:15:48 +0800] "GET /css/JLAMP.autobinding.min.css HTTP/1.1" 200 852 "http://merp.yudo.com.cn:8183/Menu/Menu?formKey=M20180202T131339130" "Mozilla/5.0 (iPhone; CPU iPhone OS 11_2_2 like Mac OS X) AppleWebKit/604.4.7 (KHTML, like Gecko) Mobile/15C202JLAMPMode:iPhone"
121.12.149.146 - - [02/Feb/2018:13:15:48 +0800] "GET /css/JLAMP.modal.min.css HTTP/1.1" 200 920 "http://merp.yudo.com.cn:8183/Menu/Menu?formKey=M20180202T131339130" "Mozilla/5.0 (iPhone; CPU iPhone OS 11_2_2 like Mac OS X) AppleWebKit/604.4.7 (KHTML, like Gecko) Mobile/15C202JLAMPMode:iPhone"
121.12.149.146 - - [02/Feb/2018:13:15:48 +0800] "GET /css/Menu/Menu.css HTTP/1.1" 200 1868 "http://merp.yudo.com.cn:8183/Menu/Menu?formKey=M20180202T131339130" "Mozilla/5.0 (iPhone; CPU iPhone OS 11_2_2 like Mac OS X) AppleWebKit/604.4.7 (KHTML, like Gecko) Mobile/15C202JLAMPMode:iPhone"
121.12.149.146 - - [02/Feb/2018:13:15:48 +0800] "GET /css/common.css HTTP/1.1" 200 10900 "http://merp.yudo.com.cn:8183/Menu/Menu?formKey=M20180202T131339130" "Mozilla/5.0 (iPhone; CPU iPhone OS 11_2_2 like Mac OS X) AppleWebKit/604.4.7 (KHTML, like Gecko) Mobile/15C202JLAMPMode:iPhone"
121.12.149.146 - - [02/Feb/2018:13:15:48 +0800] "GET /third_party/bootstrap-3.3.5/js/bootstrap.min.js HTTP/1.1" 200 36816 "http://merp.yudo.com.cn:8183/Menu/Menu?formKey=M20180202T131339130" "Mozilla/5.0 (iPhone; CPU iPhone OS 11_2_2 like Mac OS X) AppleWebKit/604.4.7 (KHTML, like Gecko) Mobile/15C202JLAMPMode:iPhone"
121.12.149.146 - - [02/Feb/2018:13:15:48 +0800] "GET /third_party/bootstrap-datetimepicker/js/bootstrap-datetimepicker.js HTTP/1.1" 200 67526 "http://merp.yudo.com.cn:8183/Menu/Menu?formKey=M20180202T131339130" "Mozilla/5.0 (iPhone; CPU iPhone OS 11_2_2 like Mac OS X) AppleWebKit/604.4.7 (KHTML, like Gecko) Mobile/15C202JLAMPMode:iPhone"
121.12.149.146 - - [02/Feb/2018:13:15:48 +0800] "GET /third_party/jquery-2.1.4/jquery.js HTTP/1.1" 200 247606 "http://merp.yudo.com.cn:8183/Menu/Menu?formKey=M20180202T131339130" "Mozilla/5.0 (iPhone; CPU iPhone OS 11_2_2 like Mac OS X) AppleWebKit/604.4.7 (KHTML, like Gecko) Mobile/15C202JLAMPMode:iPhone"
121.12.149.146 - - [02/Feb/2018:13:15:48 +0800] "GET /third_party/loading-overlay/waitMe.js HTTP/1.1" 200 8583 "http://merp.yudo.com.cn:8183/Menu/Menu?formKey=M20180202T131339130" "Mozilla/5.0 (iPhone; CPU iPhone OS 11_2_2 like Mac OS X) AppleWebKit/604.4.7 (KHTML, like Gecko) Mobile/15C202JLAMPMode:iPhone"
121.12.149.146 - - [02/Feb/2018:13:15:48 +0800] "GET /third_party/jquery-ui-1.11.4/jquery-ui.js HTTP/1.1" 200 470596 "http://merp.yudo.com.cn:8183/Menu/Menu?formKey=M20180202T131339130" "Mozilla/5.0 (iPhone; CPU iPhone OS 11_2_2 like Mac OS X) AppleWebKit/604.4.7 (KHTML, like Gecko) Mobile/15C202JLAMPMode:iPhone"
121.12.149.146 - - [02/Feb/2018:13:15:49 +0800] "GET /third_party/slideout-1.0.1/slideout.js HTTP/1.1" 200 37980 "http://merp.yudo.com.cn:8183/Menu/Menu?formKey=M20180202T131339130" "Mozilla/5.0 (iPhone; CPU iPhone OS 11_2_2 like Mac OS X) AppleWebKit/604.4.7 (KHTML, like Gecko) Mobile/15C202JLAMPMode:iPhone"
121.12.149.146 - - [02/Feb/2018:13:15:49 +0800] "GET /js/JLAMP.polyfill.min.js HTTP/1.1" 200 361 "http://merp.yudo.com.cn:8183/Menu/Menu?formKey=M20180202T131339130" "Mozilla/5.0 (iPhone; CPU iPhone OS 11_2_2 like Mac OS X) AppleWebKit/604.4.7 (KHTML, like Gecko) Mobile/15C202JLAMPMode:iPhone"
121.12.149.146 - - [02/Feb/2018:13:15:49 +0800] "GET /js/JLAMP.min.js HTTP/1.1" 200 1461 "http://merp.yudo.com.cn:8183/Menu/Menu?formKey=M20180202T131339130" "Mozilla/5.0 (iPhone; CPU iPhone OS 11_2_2 like Mac OS X) AppleWebKit/604.4.7 (KHTML, like Gecko) Mobile/15C202JLAMPMode:iPhone"
121.12.149.146 - - [02/Feb/2018:13:15:49 +0800] "GET /js/JLAMP.common.min.js HTTP/1.1" 200 9705 "http://merp.yudo.com.cn:8183/Menu/Menu?formKey=M20180202T131339130" "Mozilla/5.0 (iPhone; CPU iPhone OS 11_2_2 like Mac OS X) AppleWebKit/604.4.7 (KHTML, like Gecko) Mobile/15C202JLAMPMode:iPhone"
121.12.149.146 - - [02/Feb/2018:13:15:49 +0800] "GET /js/JLAMP.menu.min.js HTTP/1.1" 200 6519 "http://merp.yudo.com.cn:8183/Menu/Menu?formKey=M20180202T131339130" "Mozilla/5.0 (iPhone; CPU iPhone OS 11_2_2 like Mac OS X) AppleWebKit/604.4.7 (KHTML, like Gecko) Mobile/15C202JLAMPMode:iPhone"
121.12.149.146 - - [02/Feb/2018:13:15:49 +0800] "GET /js/JLAMP.autobinding.min.js HTTP/1.1" 200 8816 "http://merp.yudo.com.cn:8183/Menu/Menu?formKey=M20180202T131339130" "Mozilla/5.0 (iPhone; CPU iPhone OS 11_2_2 like Mac OS X) AppleWebKit/604.4.7 (KHTML, like Gecko) Mobile/15C202JLAMPMode:iPhone"
121.12.149.146 - - [02/Feb/2018:13:15:49 +0800] "GET /js/JLAMP.modal.min.js HTTP/1.1" 200 16516 "http://merp.yudo.com.cn:8183/Menu/Menu?formKey=M20180202T131339130" "Mozilla/5.0 (iPhone; CPU iPhone OS 11_2_2 like Mac OS X) AppleWebKit/604.4.7 (KHTML, like Gecko) Mobile/15C202JLAMPMode:iPhone"
121.12.149.146 - - [02/Feb/2018:13:15:49 +0800] "GET /js/JLAMP.lang.min.js HTTP/1.1" 200 1750 "http://merp.yudo.com.cn:8183/Menu/Menu?formKey=M20180202T131339130" "Mozilla/5.0 (iPhone; CPU iPhone OS 11_2_2 like Mac OS X) AppleWebKit/604.4.7 (KHTML, like Gecko) Mobile/15C202JLAMPMode:iPhone"
121.12.149.146 - - [02/Feb/2018:13:15:49 +0800] "GET /js/session.js HTTP/1.1" 200 638 "http://merp.yudo.com.cn:8183/Menu/Menu?formKey=M20180202T131339130" "Mozilla/5.0 (iPhone; CPU iPhone OS 11_2_2 like Mac OS X) AppleWebKit/604.4.7 (KHTML, like Gecko) Mobile/15C202JLAMPMode:iPhone"
121.12.149.146 - - [02/Feb/2018:13:15:49 +0800] "GET /js/version.js HTTP/1.1" 200 1044 "http://merp.yudo.com.cn:8183/Menu/Menu?formKey=M20180202T131339130" "Mozilla/5.0 (iPhone; CPU iPhone OS 11_2_2 like Mac OS X) AppleWebKit/604.4.7 (KHTML, like Gecko) Mobile/15C202JLAMPMode:iPhone"
121.12.149.146 - - [02/Feb/2018:13:15:49 +0800] "GET /js/GNB.js HTTP/1.1" 200 2176 "http://merp.yudo.com.cn:8183/Menu/Menu?formKey=M20180202T131339130" "Mozilla/5.0 (iPhone; CPU iPhone OS 11_2_2 like Mac OS X) AppleWebKit/604.4.7 (KHTML, like Gecko) Mobile/15C202JLAMPMode:iPhone"
121.12.149.146 - - [02/Feb/2018:13:15:49 +0800] "GET /js/common.js HTTP/1.1" 200 11633 "http://merp.yudo.com.cn:8183/Menu/Menu?formKey=M20180202T131339130" "Mozilla/5.0 (iPhone; CPU iPhone OS 11_2_2 like Mac OS X) AppleWebKit/604.4.7 (KHTML, like Gecko) Mobile/15C202JLAMPMode:iPhone"
121.12.149.146 - - [02/Feb/2018:13:15:49 +0800] "GET /js/Menu/Menu.js HTTP/1.1" 200 1627 "http://merp.yudo.com.cn:8183/Menu/Menu?formKey=M20180202T131339130" "Mozilla/5.0 (iPhone; CPU iPhone OS 11_2_2 like Mac OS X) AppleWebKit/604.4.7 (KHTML, like Gecko) Mobile/15C202JLAMPMode:iPhone"
121.12.149.146 - - [02/Feb/2018:13:15:49 +0800] "GET /image/login_logo.png HTTP/1.1" 200 3941 "http://merp.yudo.com.cn:8183/Menu/Menu?formKey=M20180202T131339130" "Mozilla/5.0 (iPhone; CPU iPhone OS 11_2_2 like Mac OS X) AppleWebKit/604.4.7 (KHTML, like Gecko) Mobile/15C202JLAMPMode:iPhone"
121.12.149.146 - - [02/Feb/2018:13:15:49 +0800] "GET /image/icon_logout.png HTTP/1.1" 200 1682 "http://merp.yudo.com.cn:8183/Menu/Menu?formKey=M20180202T131339130" "Mozilla/5.0 (iPhone; CPU iPhone OS 11_2_2 like Mac OS X) AppleWebKit/604.4.7 (KHTML, like Gecko) Mobile/15C202JLAMPMode:iPhone"
121.12.149.146 - - [02/Feb/2018:13:15:49 +0800] "GET /image/MI.png HTTP/1.1" 200 3083 "http://merp.yudo.com.cn:8183/Menu/Menu?formKey=M20180202T131339130" "Mozilla/5.0 (iPhone; CPU iPhone OS 11_2_2 like Mac OS X) AppleWebKit/604.4.7 (KHTML, like Gecko) Mobile/15C202JLAMPMode:iPhone"
121.12.149.146 - - [02/Feb/2018:13:15:49 +0800] "GET /image/SM.png HTTP/1.1" 200 3070 "http://merp.yudo.com.cn:8183/Menu/Menu?formKey=M20180202T131339130" "Mozilla/5.0 (iPhone; CPU iPhone OS 11_2_2 like Mac OS X) AppleWebKit/604.4.7 (KHTML, like Gecko) Mobile/15C202JLAMPMode:iPhone"
121.12.149.146 - - [02/Feb/2018:13:15:49 +0800] "GET /image/ASM.png HTTP/1.1" 200 4872 "http://merp.yudo.com.cn:8183/Menu/Menu?formKey=M20180202T131339130" "Mozilla/5.0 (iPhone; CPU iPhone OS 11_2_2 like Mac OS X) AppleWebKit/604.4.7 (KHTML, like Gecko) Mobile/15C202JLAMPMode:iPhone"
121.12.149.146 - - [02/Feb/2018:13:15:49 +0800] "GET /third_party/KendoUI/styles/images/kendoui.woff?v=1.1 HTTP/1.1" 200 64184 "http://merp.yudo.com.cn:8183/Menu/Menu?formKey=M20180202T131339130" "Mozilla/5.0 (iPhone; CPU iPhone OS 11_2_2 like Mac OS X) AppleWebKit/604.4.7 (KHTML, like Gecko) Mobile/15C202JLAMPMode:iPhone"
223.54.224.206 - - [02/Feb/2018:13:15:50 +0800] "GET /Menu/Menu/menuLists?formKey=M20180202T131259127&menuSelection=sm HTTP/1.1" 200 5249 "http://merp.yudo.com.cn:8183/WEI_1200/WEI_1200?formKey=M20180202T131259127&menuSelection=sm" "Mozilla/5.0 (iPhone; CPU iPhone OS 11_2_2 like Mac OS X) AppleWebKit/604.4.7 (KHTML, like Gecko) Mobile/15C202JLAMPMode:iPhone"
121.12.149.146 - - [02/Feb/2018:13:15:48 +0800] "GET /third_party/KendoUI/js/kendo.all.min.js HTTP/1.1" 200 3038548 "http://merp.yudo.com.cn:8183/Menu/Menu?formKey=M20180202T131339130" "Mozilla/5.0 (iPhone; CPU iPhone OS 11_2_2 like Mac OS X) AppleWebKit/604.4.7 (KHTML, like Gecko) Mobile/15C202JLAMPMode:iPhone"
121.12.149.146 - - [02/Feb/2018:13:15:50 +0800] "POST /JLAMPCommon/langBatchRows_prc HTTP/1.1" 200 44 "http://merp.yudo.com.cn:8183/Menu/Menu?formKey=M20180202T131339130" "Mozilla/5.0 (iPhone; CPU iPhone OS 11_2_2 like Mac OS X) AppleWebKit/604.4.7 (KHTML, like Gecko) Mobile/15C202JLAMPMode:iPhone"
223.54.224.206 - - [02/Feb/2018:13:15:50 +0800] "POST /JLAMPCommon/langBatchRows_prc HTTP/1.1" 200 571 "http://merp.yudo.com.cn:8183/Menu/Menu/menuLists?formKey=M20180202T131259127&menuSelection=sm" "Mozilla/5.0 (iPhone; CPU iPhone OS 11_2_2 like Mac OS X) AppleWebKit/604.4.7 (KHTML, like Gecko) Mobile/15C202JLAMPMode:iPhone"
121.12.149.146 - - [02/Feb/2018:13:15:51 +0800] "GET /JLAMPCommon/getCookieJson_prc HTTP/1.1" 200 780 "http://merp.yudo.com.cn:8183/Menu/Menu?formKey=M20180202T131339130" "Mozilla/5.0 (iPhone; CPU iPhone OS 11_2_2 like Mac OS X) AppleWebKit/604.4.7 (KHTML, like Gecko) Mobile/15C202JLAMPMode:iPhone"
121.12.149.146 - - [02/Feb/2018:13:15:51 +0800] "GET /Menu/doMenuRows_prc?formKey=M20180202T131339130 HTTP/1.1" 200 1196 "http://merp.yudo.com.cn:8183/Menu/Menu?formKey=M20180202T131339130" "Mozilla/5.0 (iPhone; CPU iPhone OS 11_2_2 like Mac OS X) AppleWebKit/604.4.7 (KHTML, like Gecko) Mobile/15C202JLAMPMode:iPhone"
121.12.149.146 - - [02/Feb/2018:13:15:51 +0800] "GET /image/menu_allow.png HTTP/1.1" 200 2728 "http://merp.yudo.com.cn:8183/Menu/Menu?formKey=M20180202T131339130" "Mozilla/5.0 (iPhone; CPU iPhone OS 11_2_2 like Mac OS X) AppleWebKit/604.4.7 (KHTML, like Gecko) Mobile/15C202JLAMPMode:iPhone"
223.54.224.206 - - [02/Feb/2018:13:15:51 +0800] "GET /JLAMPCommon/getCookieJson_prc HTTP/1.1" 200 780 "http://merp.yudo.com.cn:8183/Menu/Menu/menuLists?formKey=M20180202T131259127&menuSelection=sm" "Mozilla/5.0 (iPhone; CPU iPhone OS 11_2_2 like Mac OS X) AppleWebKit/604.4.7 (KHTML, like Gecko) Mobile/15C202JLAMPMode:iPhone"
223.54.224.206 - - [02/Feb/2018:13:15:51 +0800] "GET /Menu/doMenuRows_prc?formKey=M20180202T131259127 HTTP/1.1" 200 1211 "http://merp.yudo.com.cn:8183/Menu/Menu/menuLists?formKey=M20180202T131259127&menuSelection=sm" "Mozilla/5.0 (iPhone; CPU iPhone OS 11_2_2 like Mac OS X) AppleWebKit/604.4.7 (KHTML, like Gecko) Mobile/15C202JLAMPMode:iPhone"
223.54.224.206 - - [02/Feb/2018:13:15:53 +0800] "GET /WEI_1300/WEI_1300?formKey=M20180202T131259127&menuSelection=sm HTTP/1.1" 200 6912 "http://merp.yudo.com.cn:8183/Menu/Menu/menuLists?formKey=M20180202T131259127&menuSelection=sm" "Mozilla/5.0 (iPhone; CPU iPhone OS 11_2_2 like Mac OS X) AppleWebKit/604.4.7 (KHTML, like Gecko) Mobile/15C202JLAMPMode:iPhone"
223.54.224.206 - - [02/Feb/2018:13:15:54 +0800] "GET /css/WEI_1300/WEI_1300_Lists.css HTTP/1.1" 200 121 "http://merp.yudo.com.cn:8183/WEI_1300/WEI_1300?formKey=M20180202T131259127&menuSelection=sm" "Mozilla/5.0 (iPhone; CPU iPhone OS 11_2_2 like Mac OS X) AppleWebKit/604.4.7 (KHTML, like Gecko) Mobile/15C202JLAMPMode:iPhone"
223.54.224.206 - - [02/Feb/2018:13:15:54 +0800] "GET /js/WEI_1300/WEI_1300_Lists.js HTTP/1.1" 200 10025 "http://merp.yudo.com.cn:8183/WEI_1300/WEI_1300?formKey=M20180202T131259127&menuSelection=sm" "Mozilla/5.0 (iPhone; CPU iPhone OS 11_2_2 like Mac OS X) AppleWebKit/604.4.7 (KHTML, like Gecko) Mobile/15C202JLAMPMode:iPhone"
223.54.224.206 - - [02/Feb/2018:13:15:54 +0800] "POST /JLAMPCommon/langBatchRows_prc HTTP/1.1" 200 2192 "http://merp.yudo.com.cn:8183/WEI_1300/WEI_1300?formKey=M20180202T131259127&menuSelection=sm" "Mozilla/5.0 (iPhone; CPU iPhone OS 11_2_2 like Mac OS X) AppleWebKit/604.4.7 (KHTML, like Gecko) Mobile/15C202JLAMPMode:iPhone"
::1 - - [02/Feb/2018:13:15:55 +0800] "OPTIONS * HTTP/1.0" 200 - "-" "Apache/2.4.6 (CentOS) PHP/5.6.32 (internal dummy connection)"
223.54.224.206 - - [02/Feb/2018:13:15:55 +0800] "GET /JLAMPCommon/getCookieJson_prc HTTP/1.1" 200 780 "http://merp.yudo.com.cn:8183/WEI_1300/WEI_1300?formKey=M20180202T131259127&menuSelection=sm" "Mozilla/5.0 (iPhone; CPU iPhone OS 11_2_2 like Mac OS X) AppleWebKit/604.4.7 (KHTML, like Gecko) Mobile/15C202JLAMPMode:iPhone"
223.54.224.206 - - [02/Feb/2018:13:15:55 +0800] "POST /JLAMPCommon/langRow_prc HTTP/1.1" 200 191 "http://merp.yudo.com.cn:8183/WEI_1300/WEI_1300?formKey=M20180202T131259127&menuSelection=sm" "Mozilla/5.0 (iPhone; CPU iPhone OS 11_2_2 like Mac OS X) AppleWebKit/604.4.7 (KHTML, like Gecko) Mobile/15C202JLAMPMode:iPhone"
::1 - - [02/Feb/2018:13:15:56 +0800] "OPTIONS * HTTP/1.0" 200 - "-" "Apache/2.4.6 (CentOS) PHP/5.6.32 (internal dummy connection)"
223.54.224.206 - - [02/Feb/2018:13:15:55 +0800] "POST /JLAMPCommon/langRow_prc HTTP/1.1" 200 191 "http://merp.yudo.com.cn:8183/WEI_1300/WEI_1300?formKey=M20180202T131259127&menuSelection=sm" "Mozilla/5.0 (iPhone; CPU iPhone OS 11_2_2 like Mac OS X) AppleWebKit/604.4.7 (KHTML, like Gecko) Mobile/15C202JLAMPMode:iPhone"
121.12.149.146 - - [02/Feb/2018:13:15:56 +0800] "POST /JLAMPCommon/setFormAccessLog_prc HTTP/1.1" 200 75 "http://merp.yudo.com.cn:8183/Menu/Menu?formKey=M20180202T131339130" "Mozilla/5.0 (iPhone; CPU iPhone OS 11_2_2 like Mac OS X) AppleWebKit/604.4.7 (KHTML, like Gecko) Mobile/15C202JLAMPMode:iPhone"
::1 - - [02/Feb/2018:13:15:57 +0800] "OPTIONS * HTTP/1.0" 200 - "-" "Apache/2.4.6 (CentOS) PHP/5.6.32 (internal dummy connection)"
121.12.149.146 - - [02/Feb/2018:13:15:57 +0800] "POST /main/logout_prc HTTP/1.1" 200 44 "http://merp.yudo.com.cn:8183/Menu/Menu?formKey=M20180202T131339130" "Mozilla/5.0 (iPhone; CPU iPhone OS 11_2_2 like Mac OS X) AppleWebKit/604.4.7 (KHTML, like Gecko) Mobile/15C202JLAMPMode:iPhone"
121.12.149.146 - - [02/Feb/2018:13:15:57 +0800] "GET /?deviceType=mobile&devicePlatform=ios HTTP/1.1" 200 6704 "http://merp.yudo.com.cn:8183/Menu/Menu?formKey=M20180202T131339130" "Mozilla/5.0 (iPhone; CPU iPhone OS 11_2_2 like Mac OS X) AppleWebKit/604.4.7 (KHTML, like Gecko) Mobile/15C202JLAMPMode:iPhone"
121.12.149.146 - - [02/Feb/2018:13:15:57 +0800] "GET /css/login.css HTTP/1.1" 200 2712 "http://merp.yudo.com.cn:8183/?deviceType=mobile&devicePlatform=ios" "Mozilla/5.0 (iPhone; CPU iPhone OS 11_2_2 like Mac OS X) AppleWebKit/604.4.7 (KHTML, like Gecko) Mobile/15C202JLAMPMode:iPhone"
121.12.149.146 - - [02/Feb/2018:13:15:57 +0800] "GET /third_party/bootstrap-datetimepicker/js/locales/bootstrap-datetimepicker.ko.js HTTP/1.1" 200 765 "http://merp.yudo.com.cn:8183/?deviceType=mobile&devicePlatform=ios" "Mozilla/5.0 (iPhone; CPU iPhone OS 11_2_2 like Mac OS X) AppleWebKit/604.4.7 (KHTML, like Gecko) Mobile/15C202JLAMPMode:iPhone"
121.12.149.146 - - [02/Feb/2018:13:15:57 +0800] "GET /js/login.js HTTP/1.1" 200 7593 "http://merp.yudo.com.cn:8183/?deviceType=mobile&devicePlatform=ios" "Mozilla/5.0 (iPhone; CPU iPhone OS 11_2_2 like Mac OS X) AppleWebKit/604.4.7 (KHTML, like Gecko) Mobile/15C202JLAMPMode:iPhone"
121.12.149.146 - - [02/Feb/2018:13:15:58 +0800] "GET /JLAMPCommon/getCookieJson_prc HTTP/1.1" 200 62 "http://merp.yudo.com.cn:8183/?deviceType=mobile&devicePlatform=ios" "Mozilla/5.0 (iPhone; CPU iPhone OS 11_2_2 like Mac OS X) AppleWebKit/604.4.7 (KHTML, like Gecko) Mobile/15C202JLAMPMode:iPhone"
121.12.149.146 - - [02/Feb/2018:13:15:58 +0800] "GET /third_party/KendoUI/styles/fonts/glyphs/WebComponentsIcons.ttf?gedxeo HTTP/1.1" 200 96108 "http://merp.yudo.com.cn:8183/Menu/Menu?formKey=M20180202T131339130" "Mozilla/5.0 (iPhone; CPU iPhone OS 11_2_2 like Mac OS X) AppleWebKit/604.4.7 (KHTML, like Gecko) Mobile/15C202JLAMPMode:iPhone"
223.54.224.206 - - [02/Feb/2018:13:15:58 +0800] "GET /WEI_1300/WEI_1300/lists_prc?workType=P&baseDate=2018-02-02 HTTP/1.1" 200 2615 "http://merp.yudo.com.cn:8183/WEI_1300/WEI_1300?formKey=M20180202T131259127&menuSelection=sm" "Mozilla/5.0 (iPhone; CPU iPhone OS 11_2_2 like Mac OS X) AppleWebKit/604.4.7 (KHTML, like Gecko) Mobile/15C202JLAMPMode:iPhone"
223.54.224.206 - - [02/Feb/2018:13:16:01 +0800] "POST /JLAMPCommon/langRow_prc HTTP/1.1" 200 281 "http://merp.yudo.com.cn:8183/WEI_1300/WEI_1300?formKey=M20180202T131259127&menuSelection=sm" "Mozilla/5.0 (iPhone; CPU iPhone OS 11_2_2 like Mac OS X) AppleWebKit/604.4.7 (KHTML, like Gecko) Mobile/15C202JLAMPMode:iPhone"
223.54.224.206 - - [02/Feb/2018:13:16:02 +0800] "POST /JLAMPCommon/langRow_prc HTTP/1.1" 200 263 "http://merp.yudo.com.cn:8183/WEI_1300/WEI_1300?formKey=M20180202T131259127&menuSelection=sm" "Mozilla/5.0 (iPhone; CPU iPhone OS 11_2_2 like Mac OS X) AppleWebKit/604.4.7 (KHTML, like Gecko) Mobile/15C202JLAMPMode:iPhone"
223.54.224.206 - - [02/Feb/2018:13:16:02 +0800] "POST /JLAMPCommon/langRow_prc HTTP/1.1" 200 245 "http://merp.yudo.com.cn:8183/WEI_1300/WEI_1300?formKey=M20180202T131259127&menuSelection=sm" "Mozilla/5.0 (iPhone; CPU iPhone OS 11_2_2 like Mac OS X) AppleWebKit/604.4.7 (KHTML, like Gecko) Mobile/15C202JLAMPMode:iPhone"
223.54.224.206 - - [02/Feb/2018:13:16:03 +0800] "POST /JLAMPCommon/langRow_prc HTTP/1.1" 200 281 "http://merp.yudo.com.cn:8183/WEI_1300/WEI_1300?formKey=M20180202T131259127&menuSelection=sm" "Mozilla/5.0 (iPhone; CPU iPhone OS 11_2_2 like Mac OS X) AppleWebKit/604.4.7 (KHTML, like Gecko) Mobile/15C202JLAMPMode:iPhone"
223.54.224.206 - - [02/Feb/2018:13:16:03 +0800] "POST /JLAMPCommon/langRow_prc HTTP/1.1" 200 281 "http://merp.yudo.com.cn:8183/WEI_1300/WEI_1300?formKey=M20180202T131259127&menuSelection=sm" "Mozilla/5.0 (iPhone; CPU iPhone OS 11_2_2 like Mac OS X) AppleWebKit/604.4.7 (KHTML, like Gecko) Mobile/15C202JLAMPMode:iPhone"
::1 - - [02/Feb/2018:13:16:04 +0800] "OPTIONS * HTTP/1.0" 200 - "-" "Apache/2.4.6 (CentOS) PHP/5.6.32 (internal dummy connection)"
223.54.224.206 - - [02/Feb/2018:13:16:03 +0800] "POST /JLAMPCommon/langRow_prc HTTP/1.1" 200 281 "http://merp.yudo.com.cn:8183/WEI_1300/WEI_1300?formKey=M20180202T131259127&menuSelection=sm" "Mozilla/5.0 (iPhone; CPU iPhone OS 11_2_2 like Mac OS X) AppleWebKit/604.4.7 (KHTML, like Gecko) Mobile/15C202JLAMPMode:iPhone"
::1 - - [02/Feb/2018:13:16:05 +0800] "OPTIONS * HTTP/1.0" 200 - "-" "Apache/2.4.6 (CentOS) PHP/5.6.32 (internal dummy connection)"
::1 - - [02/Feb/2018:13:16:07 +0800] "OPTIONS * HTTP/1.0" 200 - "-" "Apache/2.4.6 (CentOS) PHP/5.6.32 (internal dummy connection)"
121.12.149.146 - - [02/Feb/2018:13:16:09 +0800] "GET /?deviceType=mobile&devicePlatform=ios HTTP/1.1" 200 6704 "-" "Mozilla/5.0 (iPhone; CPU iPhone OS 11_2_2 like Mac OS X) AppleWebKit/604.4.7 (KHTML, like Gecko) Mobile/15C202JLAMPMode:iPhone"
121.12.149.146 - - [02/Feb/2018:13:16:10 +0800] "GET /css/JLAMP.common.min.css HTTP/1.1" 200 - "http://merp.yudo.com.cn:8183/?deviceType=mobile&devicePlatform=ios" "Mozilla/5.0 (iPhone; CPU iPhone OS 11_2_2 like Mac OS X) AppleWebKit/604.4.7 (KHTML, like Gecko) Mobile/15C202JLAMPMode:iPhone"
121.12.149.146 - - [02/Feb/2018:13:16:10 +0800] "GET /third_party/KendoUI/js/kendo.all.min.js HTTP/1.1" 200 3038548 "http://merp.yudo.com.cn:8183/?deviceType=mobile&devicePlatform=ios" "Mozilla/5.0 (iPhone; CPU iPhone OS 11_2_2 like Mac OS X) AppleWebKit/604.4.7 (KHTML, like Gecko) Mobile/15C202JLAMPMode:iPhone"
121.12.149.146 - - [02/Feb/2018:13:16:11 +0800] "GET /JLAMPCommon/getCookieJson_prc HTTP/1.1" 200 62 "http://merp.yudo.com.cn:8183/?deviceType=mobile&devicePlatform=ios" "Mozilla/5.0 (iPhone; CPU iPhone OS 11_2_2 like Mac OS X) AppleWebKit/604.4.7 (KHTML, like Gecko) Mobile/15C202JLAMPMode:iPhone"
223.54.224.206 - - [02/Feb/2018:13:16:13 +0800] "GET /Menu/Menu/menuLists?formKey=M20180202T131259127&menuSelection=sm HTTP/1.1" 200 5249 "http://merp.yudo.com.cn:8183/WEI_1300/WEI_1300?formKey=M20180202T131259127&menuSelection=sm" "Mozilla/5.0 (iPhone; CPU iPhone OS 11_2_2 like Mac OS X) AppleWebKit/604.4.7 (KHTML, like Gecko) Mobile/15C202JLAMPMode:iPhone"
223.54.224.206 - - [02/Feb/2018:13:16:14 +0800] "POST /JLAMPCommon/langBatchRows_prc HTTP/1.1" 200 571 "http://merp.yudo.com.cn:8183/Menu/Menu/menuLists?formKey=M20180202T131259127&menuSelection=sm" "Mozilla/5.0 (iPhone; CPU iPhone OS 11_2_2 like Mac OS X) AppleWebKit/604.4.7 (KHTML, like Gecko) Mobile/15C202JLAMPMode:iPhone"
223.54.224.206 - - [02/Feb/2018:13:16:15 +0800] "GET /JLAMPCommon/getCookieJson_prc HTTP/1.1" 200 780 "http://merp.yudo.com.cn:8183/Menu/Menu/menuLists?formKey=M20180202T131259127&menuSelection=sm" "Mozilla/5.0 (iPhone; CPU iPhone OS 11_2_2 like Mac OS X) AppleWebKit/604.4.7 (KHTML, like Gecko) Mobile/15C202JLAMPMode:iPhone"
223.54.224.206 - - [02/Feb/2018:13:16:15 +0800] "GET /Menu/doMenuRows_prc?formKey=M20180202T131259127 HTTP/1.1" 200 1211 "http://merp.yudo.com.cn:8183/Menu/Menu/menuLists?formKey=M20180202T131259127&menuSelection=sm" "Mozilla/5.0 (iPhone; CPU iPhone OS 11_2_2 like Mac OS X) AppleWebKit/604.4.7 (KHTML, like Gecko) Mobile/15C202JLAMPMode:iPhone"
223.54.224.206 - - [02/Feb/2018:13:16:17 +0800] "GET /WEI_1400/WEI_1400?formKey=M20180202T131259127&menuSelection=sm HTTP/1.1" 200 7194 "http://merp.yudo.com.cn:8183/Menu/Menu/menuLists?formKey=M20180202T131259127&menuSelection=sm" "Mozilla/5.0 (iPhone; CPU iPhone OS 11_2_2 like Mac OS X) AppleWebKit/604.4.7 (KHTML, like Gecko) Mobile/15C202JLAMPMode:iPhone"
223.54.224.206 - - [02/Feb/2018:13:16:17 +0800] "GET /css/WEI_1400/WEI_1400_Lists.css HTTP/1.1" 200 124 "http://merp.yudo.com.cn:8183/WEI_1400/WEI_1400?formKey=M20180202T131259127&menuSelection=sm" "Mozilla/5.0 (iPhone; CPU iPhone OS 11_2_2 like Mac OS X) AppleWebKit/604.4.7 (KHTML, like Gecko) Mobile/15C202JLAMPMode:iPhone"
223.54.224.206 - - [02/Feb/2018:13:16:17 +0800] "GET /js/WEI_1400/WEI_1400_Lists.js HTTP/1.1" 200 9665 "http://merp.yudo.com.cn:8183/WEI_1400/WEI_1400?formKey=M20180202T131259127&menuSelection=sm" "Mozilla/5.0 (iPhone; CPU iPhone OS 11_2_2 like Mac OS X) AppleWebKit/604.4.7 (KHTML, like Gecko) Mobile/15C202JLAMPMode:iPhone"
223.54.224.206 - - [02/Feb/2018:13:16:17 +0800] "POST /JLAMPCommon/langBatchRows_prc HTTP/1.1" 200 1280 "http://merp.yudo.com.cn:8183/WEI_1400/WEI_1400?formKey=M20180202T131259127&menuSelection=sm" "Mozilla/5.0 (iPhone; CPU iPhone OS 11_2_2 like Mac OS X) AppleWebKit/604.4.7 (KHTML, like Gecko) Mobile/15C202JLAMPMode:iPhone"
223.54.224.206 - - [02/Feb/2018:13:16:18 +0800] "GET /JLAMPCommon/getCookieJson_prc HTTP/1.1" 200 780 "http://merp.yudo.com.cn:8183/WEI_1400/WEI_1400?formKey=M20180202T131259127&menuSelection=sm" "Mozilla/5.0 (iPhone; CPU iPhone OS 11_2_2 like Mac OS X) AppleWebKit/604.4.7 (KHTML, like Gecko) Mobile/15C202JLAMPMode:iPhone"
223.54.224.206 - - [02/Feb/2018:13:16:18 +0800] "POST /JLAMPCommon/langRow_prc HTTP/1.1" 200 191 "http://merp.yudo.com.cn:8183/WEI_1400/WEI_1400?formKey=M20180202T131259127&menuSelection=sm" "Mozilla/5.0 (iPhone; CPU iPhone OS 11_2_2 like Mac OS X) AppleWebKit/604.4.7 (KHTML, like Gecko) Mobile/15C202JLAMPMode:iPhone"
223.54.224.206 - - [02/Feb/2018:13:16:18 +0800] "POST /JLAMPCommon/langRow_prc HTTP/1.1" 200 191 "http://merp.yudo.com.cn:8183/WEI_1400/WEI_1400?formKey=M20180202T131259127&menuSelection=sm" "Mozilla/5.0 (iPhone; CPU iPhone OS 11_2_2 like Mac OS X) AppleWebKit/604.4.7 (KHTML, like Gecko) Mobile/15C202JLAMPMode:iPhone"
223.54.224.206 - - [02/Feb/2018:13:16:21 +0800] "POST /JLAMPCommon/langRow_prc HTTP/1.1" 200 191 "http://merp.yudo.com.cn:8183/WEI_1400/WEI_1400?formKey=M20180202T131259127&menuSelection=sm" "Mozilla/5.0 (iPhone; CPU iPhone OS 11_2_2 like Mac OS X) AppleWebKit/604.4.7 (KHTML, like Gecko) Mobile/15C202JLAMPMode:iPhone"
223.54.224.206 - - [02/Feb/2018:13:16:21 +0800] "POST /JLAMPCommon/langRow_prc HTTP/1.1" 200 191 "http://merp.yudo.com.cn:8183/WEI_1400/WEI_1400?formKey=M20180202T131259127&menuSelection=sm" "Mozilla/5.0 (iPhone; CPU iPhone OS 11_2_2 like Mac OS X) AppleWebKit/604.4.7 (KHTML, like Gecko) Mobile/15C202JLAMPMode:iPhone"
223.54.224.206 - - [02/Feb/2018:13:16:22 +0800] "POST /JLAMPCommon/langRow_prc HTTP/1.1" 200 191 "http://merp.yudo.com.cn:8183/WEI_1400/WEI_1400?formKey=M20180202T131259127&menuSelection=sm" "Mozilla/5.0 (iPhone; CPU iPhone OS 11_2_2 like Mac OS X) AppleWebKit/604.4.7 (KHTML, like Gecko) Mobile/15C202JLAMPMode:iPhone"
223.54.224.206 - - [02/Feb/2018:13:16:22 +0800] "POST /JLAMPCommon/langRow_prc HTTP/1.1" 200 191 "http://merp.yudo.com.cn:8183/WEI_1400/WEI_1400?formKey=M20180202T131259127&menuSelection=sm" "Mozilla/5.0 (iPhone; CPU iPhone OS 11_2_2 like Mac OS X) AppleWebKit/604.4.7 (KHTML, like Gecko) Mobile/15C202JLAMPMode:iPhone"
223.54.224.206 - - [02/Feb/2018:13:16:22 +0800] "POST /JLAMPCommon/langRow_prc HTTP/1.1" 200 227 "http://merp.yudo.com.cn:8183/WEI_1400/WEI_1400?formKey=M20180202T131259127&menuSelection=sm" "Mozilla/5.0 (iPhone; CPU iPhone OS 11_2_2 like Mac OS X) AppleWebKit/604.4.7 (KHTML, like Gecko) Mobile/15C202JLAMPMode:iPhone"
223.54.224.206 - - [02/Feb/2018:13:16:22 +0800] "GET /WEI_1400/WEI_1400/lists_prc?gubun=Y&baseDate=2018-02-02 HTTP/1.1" 200 2004 "http://merp.yudo.com.cn:8183/WEI_1400/WEI_1400?formKey=M20180202T131259127&menuSelection=sm" "Mozilla/5.0 (iPhone; CPU iPhone OS 11_2_2 like Mac OS X) AppleWebKit/604.4.7 (KHTML, like Gecko) Mobile/15C202JLAMPMode:iPhone"
223.54.224.206 - - [02/Feb/2018:13:16:23 +0800] "POST /JLAMPCommon/langRow_prc HTTP/1.1" 200 191 "http://merp.yudo.com.cn:8183/WEI_1400/WEI_1400?formKey=M20180202T131259127&menuSelection=sm" "Mozilla/5.0 (iPhone; CPU iPhone OS 11_2_2 like Mac OS X) AppleWebKit/604.4.7 (KHTML, like Gecko) Mobile/15C202JLAMPMode:iPhone"
223.54.224.206 - - [02/Feb/2018:13:16:24 +0800] "POST /JLAMPCommon/langRow_prc HTTP/1.1" 200 209 "http://merp.yudo.com.cn:8183/WEI_1400/WEI_1400?formKey=M20180202T131259127&menuSelection=sm" "Mozilla/5.0 (iPhone; CPU iPhone OS 11_2_2 like Mac OS X) AppleWebKit/604.4.7 (KHTML, like Gecko) Mobile/15C202JLAMPMode:iPhone"
223.54.224.206 - - [02/Feb/2018:13:16:24 +0800] "POST /JLAMPCommon/langRow_prc HTTP/1.1" 200 254 "http://merp.yudo.com.cn:8183/WEI_1400/WEI_1400?formKey=M20180202T131259127&menuSelection=sm" "Mozilla/5.0 (iPhone; CPU iPhone OS 11_2_2 like Mac OS X) AppleWebKit/604.4.7 (KHTML, like Gecko) Mobile/15C202JLAMPMode:iPhone"
::1 - - [02/Feb/2018:13:16:30 +0800] "OPTIONS * HTTP/1.0" 200 - "-" "Apache/2.4.6 (CentOS) PHP/5.6.32 (internal dummy connection)"
121.12.149.146 - - [02/Feb/2018:13:17:03 +0800] "POST /main/login_prc HTTP/1.1" 200 44 "http://merp.yudo.com.cn:8183/?deviceType=mobile&devicePlatform=ios" "Mozilla/5.0 (iPhone; CPU iPhone OS 11_2_2 like Mac OS X) AppleWebKit/604.4.7 (KHTML, like Gecko) Mobile/15C202JLAMPMode:iPhone"
121.12.149.146 - - [02/Feb/2018:13:17:03 +0800] "POST / HTTP/1.1" 302 149 "http://merp.yudo.com.cn:8183/?deviceType=mobile&devicePlatform=ios" "Mozilla/5.0 (iPhone; CPU iPhone OS 11_2_2 like Mac OS X) AppleWebKit/604.4.7 (KHTML, like Gecko) Mobile/15C202JLAMPMode:iPhone"
121.12.149.146 - - [02/Feb/2018:13:17:04 +0800] "GET /Menu/Menu?formKey=M20180202T131454993 HTTP/1.1" 200 5244 "http://merp.yudo.com.cn:8183/?deviceType=mobile&devicePlatform=ios" "Mozilla/5.0 (iPhone; CPU iPhone OS 11_2_2 like Mac OS X) AppleWebKit/604.4.7 (KHTML, like Gecko) Mobile/15C202JLAMPMode:iPhone"
121.12.149.146 - - [02/Feb/2018:13:17:04 +0800] "POST /JLAMPCommon/langBatchRows_prc HTTP/1.1" 200 44 "http://merp.yudo.com.cn:8183/Menu/Menu?formKey=M20180202T131454993" "Mozilla/5.0 (iPhone; CPU iPhone OS 11_2_2 like Mac OS X) AppleWebKit/604.4.7 (KHTML, like Gecko) Mobile/15C202JLAMPMode:iPhone"
121.12.149.146 - - [02/Feb/2018:13:17:05 +0800] "GET /JLAMPCommon/getCookieJson_prc HTTP/1.1" 200 780 "http://merp.yudo.com.cn:8183/Menu/Menu?formKey=M20180202T131454993" "Mozilla/5.0 (iPhone; CPU iPhone OS 11_2_2 like Mac OS X) AppleWebKit/604.4.7 (KHTML, like Gecko) Mobile/15C202JLAMPMode:iPhone"
121.12.149.146 - - [02/Feb/2018:13:17:05 +0800] "GET /Menu/doMenuRows_prc?formKey=M20180202T131454993 HTTP/1.1" 200 1196 "http://merp.yudo.com.cn:8183/Menu/Menu?formKey=M20180202T131454993" "Mozilla/5.0 (iPhone; CPU iPhone OS 11_2_2 like Mac OS X) AppleWebKit/604.4.7 (KHTML, like Gecko) Mobile/15C202JLAMPMode:iPhone"
121.12.149.146 - - [02/Feb/2018:13:17:22 +0800] "GET /WEI_1000/WEI_1000?formKey=M20180202T131454993&menuSelection=sm HTTP/1.1" 200 6785 "http://merp.yudo.com.cn:8183/Menu/Menu?formKey=M20180202T131454993" "Mozilla/5.0 (iPhone; CPU iPhone OS 11_2_2 like Mac OS X) AppleWebKit/604.4.7 (KHTML, like Gecko) Mobile/15C202JLAMPMode:iPhone"
121.12.149.146 - - [02/Feb/2018:13:17:22 +0800] "GET /css/WEI_1000/WEI_1000_Lists.css HTTP/1.1" 200 124 "http://merp.yudo.com.cn:8183/WEI_1000/WEI_1000?formKey=M20180202T131454993&menuSelection=sm" "Mozilla/5.0 (iPhone; CPU iPhone OS 11_2_2 like Mac OS X) AppleWebKit/604.4.7 (KHTML, like Gecko) Mobile/15C202JLAMPMode:iPhone"
121.12.149.146 - - [02/Feb/2018:13:17:22 +0800] "GET /image/no_chart.png HTTP/1.1" 200 2051 "http://merp.yudo.com.cn:8183/WEI_1000/WEI_1000?formKey=M20180202T131454993&menuSelection=sm" "Mozilla/5.0 (iPhone; CPU iPhone OS 11_2_2 like Mac OS X) AppleWebKit/604.4.7 (KHTML, like Gecko) Mobile/15C202JLAMPMode:iPhone"
121.12.149.146 - - [02/Feb/2018:13:17:22 +0800] "GET /js/WEI_1000/WEI_1000_Lists.js HTTP/1.1" 200 9575 "http://merp.yudo.com.cn:8183/WEI_1000/WEI_1000?formKey=M20180202T131454993&menuSelection=sm" "Mozilla/5.0 (iPhone; CPU iPhone OS 11_2_2 like Mac OS X) AppleWebKit/604.4.7 (KHTML, like Gecko) Mobile/15C202JLAMPMode:iPhone"
121.12.149.146 - - [02/Feb/2018:13:17:23 +0800] "POST /JLAMPCommon/langBatchRows_prc HTTP/1.1" 200 1910 "http://merp.yudo.com.cn:8183/WEI_1000/WEI_1000?formKey=M20180202T131454993&menuSelection=sm" "Mozilla/5.0 (iPhone; CPU iPhone OS 11_2_2 like Mac OS X) AppleWebKit/604.4.7 (KHTML, like Gecko) Mobile/15C202JLAMPMode:iPhone"
121.12.149.146 - - [02/Feb/2018:13:17:23 +0800] "GET /JLAMPCommon/getCookieJson_prc HTTP/1.1" 200 780 "http://merp.yudo.com.cn:8183/WEI_1000/WEI_1000?formKey=M20180202T131454993&menuSelection=sm" "Mozilla/5.0 (iPhone; CPU iPhone OS 11_2_2 like Mac OS X) AppleWebKit/604.4.7 (KHTML, like Gecko) Mobile/15C202JLAMPMode:iPhone"
121.12.149.146 - - [02/Feb/2018:13:17:23 +0800] "POST /JLAMPCommon/langRow_prc HTTP/1.1" 200 191 "http://merp.yudo.com.cn:8183/WEI_1000/WEI_1000?formKey=M20180202T131454993&menuSelection=sm" "Mozilla/5.0 (iPhone; CPU iPhone OS 11_2_2 like Mac OS X) AppleWebKit/604.4.7 (KHTML, like Gecko) Mobile/15C202JLAMPMode:iPhone"
121.12.149.146 - - [02/Feb/2018:13:17:23 +0800] "POST /JLAMPCommon/langRow_prc HTTP/1.1" 200 203 "http://merp.yudo.com.cn:8183/WEI_1000/WEI_1000?formKey=M20180202T131454993&menuSelection=sm" "Mozilla/5.0 (iPhone; CPU iPhone OS 11_2_2 like Mac OS X) AppleWebKit/604.4.7 (KHTML, like Gecko) Mobile/15C202JLAMPMode:iPhone"
121.12.149.146 - - [02/Feb/2018:13:17:27 +0800] "GET /WEI_1000/WEI_1000/lists_prc?workType=D&baseDate=2018-02-02 HTTP/1.1" 200 259 "http://merp.yudo.com.cn:8183/WEI_1000/WEI_1000?formKey=M20180202T131454993&menuSelection=sm" "Mozilla/5.0 (iPhone; CPU iPhone OS 11_2_2 like Mac OS X) AppleWebKit/604.4.7 (KHTML, like Gecko) Mobile/15C202JLAMPMode:iPhone"
121.12.149.146 - - [02/Feb/2018:13:17:28 +0800] "POST /JLAMPCommon/langRow_prc HTTP/1.1" 200 345 "http://merp.yudo.com.cn:8183/WEI_1000/WEI_1000?formKey=M20180202T131454993&menuSelection=sm" "Mozilla/5.0 (iPhone; CPU iPhone OS 11_2_2 like Mac OS X) AppleWebKit/604.4.7 (KHTML, like Gecko) Mobile/15C202JLAMPMode:iPhone"
121.12.149.146 - - [02/Feb/2018:13:17:32 +0800] "GET /third_party/bootstrap-3.3.5/fonts/glyphicons-halflings-regular.woff2 HTTP/1.1" 200 18028 "http://merp.yudo.com.cn:8183/?deviceType=mobile&devicePlatform=ios" "Mozilla/5.0 (iPhone; CPU iPhone OS 11_2_2 like Mac OS X) AppleWebKit/604.4.7 (KHTML, like Gecko) Mobile/15C202JLAMPMode:iPhone"
223.54.224.206 - - [02/Feb/2018:13:17:36 +0800] "GET /Menu/Menu/menuLists?formKey=M20180202T131259127&menuSelection=sm HTTP/1.1" 200 5249 "http://merp.yudo.com.cn:8183/WEI_1400/WEI_1400?formKey=M20180202T131259127&menuSelection=sm" "Mozilla/5.0 (iPhone; CPU iPhone OS 11_2_2 like Mac OS X) AppleWebKit/604.4.7 (KHTML, like Gecko) Mobile/15C202JLAMPMode:iPhone"
