14.30.170.11 - - [08/Jun/2020:15:16:15 +0800] "GET /image/fonticon/search_icon.png HTTP/1.1" 200 2335 "http://merp.yudo.com.cn:8183/css/yudo-ui.css?v=1084" "Mozilla/5.0 (Linux; Android 10; SM-N9760 Build/QP1A.190711.020; wv) AppleWebKit/537.36 (KHTML, like Gecko) Version/4.0 Chrome/80.0.3987.99 Mobile Safari/537.36"
14.30.170.11 - - [08/Jun/2020:15:16:15 +0800] "GET /image/fonticon/write_icon.png HTTP/1.1" 200 1384 "http://merp.yudo.com.cn:8183/css/yudo-ui.css?v=1084" "Mozilla/5.0 (Linux; Android 10; SM-N9760 Build/QP1A.190711.020; wv) AppleWebKit/537.36 (KHTML, like Gecko) Version/4.0 Chrome/80.0.3987.99 Mobile Safari/537.36"
14.30.170.11 - - [08/Jun/2020:15:16:15 +0800] "GET /image/fonticon/xiala_icon.png HTTP/1.1" 200 356 "http://merp.yudo.com.cn:8183/css/yudo-ui.css?v=1084" "Mozilla/5.0 (Linux; Android 10; SM-N9760 Build/QP1A.190711.020; wv) AppleWebKit/537.36 (KHTML, like Gecko) Version/4.0 Chrome/80.0.3987.99 Mobile Safari/537.36"
14.30.170.11 - - [08/Jun/2020:15:16:15 +0800] "GET /WEI_2100/systemclass_big_prc?bigsysid=asclass1 HTTP/1.1" 200 475 "http://merp.yudo.com.cn:8183/WEI_2100/WEI_2100?formKey=Menu&menuSelection=asm" "Mozilla/5.0 (Linux; Android 10; SM-N9760 Build/QP1A.190711.020; wv) AppleWebKit/537.36 (KHTML, like Gecko) Version/4.0 Chrome/80.0.3987.99 Mobile Safari/537.36"
14.30.170.11 - - [08/Jun/2020:15:16:16 +0800] "GET /WEI_2100/systemclass_big_prc?bigsysid=ascause HTTP/1.1" 200 209 "http://merp.yudo.com.cn:8183/WEI_2100/WEI_2100?formKey=Menu&menuSelection=asm" "Mozilla/5.0 (Linux; Android 10; SM-N9760 Build/QP1A.190711.020; wv) AppleWebKit/537.36 (KHTML, like Gecko) Version/4.0 Chrome/80.0.3987.99 Mobile Safari/537.36"
14.30.170.11 - - [08/Jun/2020:15:16:15 +0800] "GET /WEI_2100/systemclass_big_prc?bigsysid=area HTTP/1.1" 200 830 "http://merp.yudo.com.cn:8183/WEI_2100/WEI_2100?formKey=Menu&menuSelection=asm" "Mozilla/5.0 (Linux; Android 10; SM-N9760 Build/QP1A.190711.020; wv) AppleWebKit/537.36 (KHTML, like Gecko) Version/4.0 Chrome/80.0.3987.99 Mobile Safari/537.36"
14.30.170.11 - - [08/Jun/2020:15:16:16 +0800] "POST /JLAMPCommon/langBatchRows_prc HTTP/1.1" 200 12075 "http://merp.yudo.com.cn:8183/WEI_2100/WEI_2100?formKey=Menu&menuSelection=asm" "Mozilla/5.0 (Linux; Android 10; SM-N9760 Build/QP1A.190711.020; wv) AppleWebKit/537.36 (KHTML, like Gecko) Version/4.0 Chrome/80.0.3987.99 Mobile Safari/537.36"
14.30.170.11 - - [08/Jun/2020:15:16:15 +0800] "GET /WEI_2100/systemclass_big_prc?bigsysid=startpoint HTTP/1.1" 200 317 "http://merp.yudo.com.cn:8183/WEI_2100/WEI_2100?formKey=Menu&menuSelection=asm" "Mozilla/5.0 (Linux; Android 10; SM-N9760 Build/QP1A.190711.020; wv) AppleWebKit/537.36 (KHTML, like Gecko) Version/4.0 Chrome/80.0.3987.99 Mobile Safari/537.36"
14.30.170.11 - - [08/Jun/2020:15:16:16 +0800] "GET /WEI_2100/systemclass_big_prc?bigsysid=asbadtype HTTP/1.1" 200 152 "http://merp.yudo.com.cn:8183/WEI_2100/WEI_2100?formKey=Menu&menuSelection=asm" "Mozilla/5.0 (Linux; Android 10; SM-N9760 Build/QP1A.190711.020; wv) AppleWebKit/537.36 (KHTML, like Gecko) Version/4.0 Chrome/80.0.3987.99 Mobile Safari/537.36"
14.30.170.11 - - [08/Jun/2020:15:16:15 +0800] "GET /WEI_2100/systemclass_big_prc?bigsysid=markets HTTP/1.1" 200 512 "http://merp.yudo.com.cn:8183/WEI_2100/WEI_2100?formKey=Menu&menuSelection=asm" "Mozilla/5.0 (Linux; Android 10; SM-N9760 Build/QP1A.190711.020; wv) AppleWebKit/537.36 (KHTML, like Gecko) Version/4.0 Chrome/80.0.3987.99 Mobile Safari/537.36"
14.30.170.11 - - [08/Jun/2020:15:16:16 +0800] "GET /WEI_2100/systemclass_big_prc?bigsysid=asclass HTTP/1.1" 200 264 "http://merp.yudo.com.cn:8183/WEI_2100/WEI_2100?formKey=Menu&menuSelection=asm" "Mozilla/5.0 (Linux; Android 10; SM-N9760 Build/QP1A.190711.020; wv) AppleWebKit/537.36 (KHTML, like Gecko) Version/4.0 Chrome/80.0.3987.99 Mobile Safari/537.36"
14.30.170.11 - - [08/Jun/2020:15:16:17 +0800] "GET /DictWork/getASProcKindList HTTP/1.1" 200 489 "http://merp.yudo.com.cn:8183/WEI_2100/WEI_2100?formKey=Menu&menuSelection=asm" "Mozilla/5.0 (Linux; Android 10; SM-N9760 Build/QP1A.190711.020; wv) AppleWebKit/537.36 (KHTML, like Gecko) Version/4.0 Chrome/80.0.3987.99 Mobile Safari/537.36"
14.30.170.11 - - [08/Jun/2020:15:16:18 +0800] "GET /FireWork/getUnitList HTTP/1.1" 200 1009 "http://merp.yudo.com.cn:8183/WEI_2100/WEI_2100?formKey=Menu&menuSelection=asm" "Mozilla/5.0 (Linux; Android 10; SM-N9760 Build/QP1A.190711.020; wv) AppleWebKit/537.36 (KHTML, like Gecko) Version/4.0 Chrome/80.0.3987.99 Mobile Safari/537.36"
14.30.170.11 - - [08/Jun/2020:15:16:17 +0800] "GET /DictWork/getASProcResultList HTTP/1.1" 200 269 "http://merp.yudo.com.cn:8183/WEI_2100/WEI_2100?formKey=Menu&menuSelection=asm" "Mozilla/5.0 (Linux; Android 10; SM-N9760 Build/QP1A.190711.020; wv) AppleWebKit/537.36 (KHTML, like Gecko) Version/4.0 Chrome/80.0.3987.99 Mobile Safari/537.36"
14.30.170.11 - - [08/Jun/2020:15:16:16 +0800] "GET /DictWork/getASKindList HTTP/1.1" 200 929 "http://merp.yudo.com.cn:8183/WEI_2100/WEI_2100?formKey=Menu&menuSelection=asm" "Mozilla/5.0 (Linux; Android 10; SM-N9760 Build/QP1A.190711.020; wv) AppleWebKit/537.36 (KHTML, like Gecko) Version/4.0 Chrome/80.0.3987.99 Mobile Safari/537.36"
14.30.170.11 - - [08/Jun/2020:15:16:18 +0800] "GET /WEI_2100/as_unit HTTP/1.1" 200 1002 "http://merp.yudo.com.cn:8183/WEI_2100/WEI_2100?formKey=Menu&menuSelection=asm" "Mozilla/5.0 (Linux; Android 10; SM-N9760 Build/QP1A.190711.020; wv) AppleWebKit/537.36 (KHTML, like Gecko) Version/4.0 Chrome/80.0.3987.99 Mobile Safari/537.36"
14.30.170.11 - - [08/Jun/2020:15:16:16 +0800] "GET /WEI_2100/systemclass_big_prc?bigsysid=supplyscope HTTP/1.1" 200 302 "http://merp.yudo.com.cn:8183/WEI_2100/WEI_2100?formKey=Menu&menuSelection=asm" "Mozilla/5.0 (Linux; Android 10; SM-N9760 Build/QP1A.190711.020; wv) AppleWebKit/537.36 (KHTML, like Gecko) Version/4.0 Chrome/80.0.3987.99 Mobile Safari/537.36"
14.30.170.11 - - [08/Jun/2020:15:16:18 +0800] "GET /WEI_2100/login_user HTTP/1.1" 200 156 "http://merp.yudo.com.cn:8183/WEI_2100/WEI_2100?formKey=Menu&menuSelection=asm" "Mozilla/5.0 (Linux; Android 10; SM-N9760 Build/QP1A.190711.020; wv) AppleWebKit/537.36 (KHTML, like Gecko) Version/4.0 Chrome/80.0.3987.99 Mobile Safari/537.36"
14.30.170.11 - - [08/Jun/2020:15:16:17 +0800] "GET /DictWork/getItemReturnList HTTP/1.1" 200 201 "http://merp.yudo.com.cn:8183/WEI_2100/WEI_2100?formKey=Menu&menuSelection=asm" "Mozilla/5.0 (Linux; Android 10; SM-N9760 Build/QP1A.190711.020; wv) AppleWebKit/537.36 (KHTML, like Gecko) Version/4.0 Chrome/80.0.3987.99 Mobile Safari/537.36"
::1 - - [08/Jun/2020:15:16:25 +0800] "OPTIONS * HTTP/1.0" 200 - "-" "Apache/2.4.6 (CentOS) PHP/5.6.32 (internal dummy connection)"
::1 - - [08/Jun/2020:15:16:26 +0800] "OPTIONS * HTTP/1.0" 200 - "-" "Apache/2.4.6 (CentOS) PHP/5.6.32 (internal dummy connection)"
14.30.170.11 - - [08/Jun/2020:15:16:26 +0800] "GET /WEI_2000/order_prc?orderid=2019051616&orderby=&ordercount=0 HTTP/1.1" 200 436 "http://merp.yudo.com.cn:8183/WEI_2100/WEI_2100?formKey=Menu&menuSelection=asm" "Mozilla/5.0 (Linux; Android 10; SM-N9760 Build/QP1A.190711.020; wv) AppleWebKit/537.36 (KHTML, like Gecko) Version/4.0 Chrome/80.0.3987.99 Mobile Safari/537.36"
14.30.170.11 - - [08/Jun/2020:15:16:30 +0800] "GET /WEI_2100/order_minute?orderid=2019051616 HTTP/1.1" 200 958 "http://merp.yudo.com.cn:8183/WEI_2100/WEI_2100?formKey=Menu&menuSelection=asm" "Mozilla/5.0 (Linux; Android 10; SM-N9760 Build/QP1A.190711.020; wv) AppleWebKit/537.36 (KHTML, like Gecko) Version/4.0 Chrome/80.0.3987.99 Mobile Safari/537.36"
14.30.170.11 - - [08/Jun/2020:15:16:32 +0800] "GET /WEI_2100/systemclass_mini_prc?bigsysid=SA10340020&minisysid=supplyscope_c1 HTTP/1.1" 200 1094 "http://merp.yudo.com.cn:8183/WEI_2100/WEI_2100?formKey=Menu&menuSelection=asm" "Mozilla/5.0 (Linux; Android 10; SM-N9760 Build/QP1A.190711.020; wv) AppleWebKit/537.36 (KHTML, like Gecko) Version/4.0 Chrome/80.0.3987.99 Mobile Safari/537.36"
14.30.170.11 - - [08/Jun/2020:15:16:33 +0800] "GET /WEI_2100/systemclass_mini_prc?bigsysid=SA10350021&minisysid=supplyscope_c2 HTTP/1.1" 200 167 "http://merp.yudo.com.cn:8183/WEI_2100/WEI_2100?formKey=Menu&menuSelection=asm" "Mozilla/5.0 (Linux; Android 10; SM-N9760 Build/QP1A.190711.020; wv) AppleWebKit/537.36 (KHTML, like Gecko) Version/4.0 Chrome/80.0.3987.99 Mobile Safari/537.36"
14.30.170.11 - - [08/Jun/2020:15:16:33 +0800] "GET /WEI_2100/systemclass_mini_prc?bigsysid=SA10380471&minisysid=supplyscope_c5 HTTP/1.1" 200 915 "http://merp.yudo.com.cn:8183/WEI_2100/WEI_2100?formKey=Menu&menuSelection=asm" "Mozilla/5.0 (Linux; Android 10; SM-N9760 Build/QP1A.190711.020; wv) AppleWebKit/537.36 (KHTML, like Gecko) Version/4.0 Chrome/80.0.3987.99 Mobile Safari/537.36"
14.30.170.11 - - [08/Jun/2020:15:16:33 +0800] "GET /WEI_2100/as_count?orderid=2019051616 HTTP/1.1" 200 75 "http://merp.yudo.com.cn:8183/WEI_2100/WEI_2100?formKey=Menu&menuSelection=asm" "Mozilla/5.0 (Linux; Android 10; SM-N9760 Build/QP1A.190711.020; wv) AppleWebKit/537.36 (KHTML, like Gecko) Version/4.0 Chrome/80.0.3987.99 Mobile Safari/537.36"
14.30.170.11 - - [08/Jun/2020:15:16:33 +0800] "GET /WEI_2100/systemclass_mini_prc?bigsysid=SA10370307&minisysid=supplyscope_c4 HTTP/1.1" 200 137 "http://merp.yudo.com.cn:8183/WEI_2100/WEI_2100?formKey=Menu&menuSelection=asm" "Mozilla/5.0 (Linux; Android 10; SM-N9760 Build/QP1A.190711.020; wv) AppleWebKit/537.36 (KHTML, like Gecko) Version/4.0 Chrome/80.0.3987.99 Mobile Safari/537.36"
14.30.170.11 - - [08/Jun/2020:15:16:33 +0800] "GET /WEI_2100/systemclass_mini_prc?bigsysid=SA10360100&minisysid=supplyscope_c3 HTTP/1.1" 200 237 "http://merp.yudo.com.cn:8183/WEI_2100/WEI_2100?formKey=Menu&menuSelection=asm" "Mozilla/5.0 (Linux; Android 10; SM-N9760 Build/QP1A.190711.020; wv) AppleWebKit/537.36 (KHTML, like Gecko) Version/4.0 Chrome/80.0.3987.99 Mobile Safari/537.36"
::1 - - [08/Jun/2020:15:16:41 +0800] "OPTIONS * HTTP/1.0" 200 - "-" "Apache/2.4.6 (CentOS) PHP/5.6.32 (internal dummy connection)"
14.30.170.11 - - [08/Jun/2020:15:16:52 +0800] "GET /WEI_2100/systemclass_mini_prc?bigsysid=AS10110010&minisysid=ascause_c HTTP/1.1" 200 869 "http://merp.yudo.com.cn:8183/WEI_2100/WEI_2100?formKey=Menu&menuSelection=asm" "Mozilla/5.0 (Linux; Android 10; SM-N9760 Build/QP1A.190711.020; wv) AppleWebKit/537.36 (KHTML, like Gecko) Version/4.0 Chrome/80.0.3987.99 Mobile Safari/537.36"
14.30.170.11 - - [08/Jun/2020:15:17:01 +0800] "GET /WEI_2100/systemclass_mini_prc?bigsysid=AS10060030&minisysid=asclass1_c HTTP/1.1" 200 803 "http://merp.yudo.com.cn:8183/WEI_2100/WEI_2100?formKey=Menu&menuSelection=asm" "Mozilla/5.0 (Linux; Android 10; SM-N9760 Build/QP1A.190711.020; wv) AppleWebKit/537.36 (KHTML, like Gecko) Version/4.0 Chrome/80.0.3987.99 Mobile Safari/537.36"
14.30.170.11 - - [08/Jun/2020:15:17:25 +0800] "GET /WEI_2100/group_prc?groupnm=CQ&groupid= HTTP/1.1" 200 102 "http://merp.yudo.com.cn:8183/WEI_2100/WEI_2100?formKey=Menu&menuSelection=asm" "Mozilla/5.0 (Linux; Android 10; SM-N9760 Build/QP1A.190711.020; wv) AppleWebKit/537.36 (KHTML, like Gecko) Version/4.0 Chrome/80.0.3987.99 Mobile Safari/537.36"
14.30.170.11 - - [08/Jun/2020:15:18:16 +0800] "-" 408 - "-" "-"
14.30.170.11 - - [08/Jun/2020:15:21:40 +0800] "POST /WEI_2100/save_as HTTP/1.1" 200 74 "http://merp.yudo.com.cn:8183/WEI_2100/WEI_2100?formKey=Menu&menuSelection=asm" "Mozilla/5.0 (Linux; Android 10; SM-N9760 Build/QP1A.190711.020; wv) AppleWebKit/537.36 (KHTML, like Gecko) Version/4.0 Chrome/80.0.3987.99 Mobile Safari/537.36"
14.30.170.11 - - [08/Jun/2020:15:21:41 +0800] "GET /WEI_2100/as_minute?asid=2020060338 HTTP/1.1" 200 2308 "http://merp.yudo.com.cn:8183/WEI_2100/WEI_2100?formKey=Menu&menuSelection=asm" "Mozilla/5.0 (Linux; Android 10; SM-N9760 Build/QP1A.190711.020; wv) AppleWebKit/537.36 (KHTML, like Gecko) Version/4.0 Chrome/80.0.3987.99 Mobile Safari/537.36"
14.30.170.11 - - [08/Jun/2020:15:21:42 +0800] "GET /WEI_2100/as_minute_table?asid=2020060338 HTTP/1.1" 200 63 "http://merp.yudo.com.cn:8183/WEI_2100/WEI_2100?formKey=Menu&menuSelection=asm" "Mozilla/5.0 (Linux; Android 10; SM-N9760 Build/QP1A.190711.020; wv) AppleWebKit/537.36 (KHTML, like Gecko) Version/4.0 Chrome/80.0.3987.99 Mobile Safari/537.36"
14.30.170.11 - - [08/Jun/2020:15:21:42 +0800] "GET /WEI_2100/systemclass_mini_prc?bigsysid=AS10060030&minisysid=asclass1_c HTTP/1.1" 200 803 "http://merp.yudo.com.cn:8183/WEI_2100/WEI_2100?formKey=Menu&menuSelection=asm" "Mozilla/5.0 (Linux; Android 10; SM-N9760 Build/QP1A.190711.020; wv) AppleWebKit/537.36 (KHTML, like Gecko) Version/4.0 Chrome/80.0.3987.99 Mobile Safari/537.36"
14.30.170.11 - - [08/Jun/2020:15:21:42 +0800] "GET /WEI_2100/systemclass_mini_prc?bigsysid=SA10340020&minisysid=supplyscope_c1 HTTP/1.1" 200 1094 "http://merp.yudo.com.cn:8183/WEI_2100/WEI_2100?formKey=Menu&menuSelection=asm" "Mozilla/5.0 (Linux; Android 10; SM-N9760 Build/QP1A.190711.020; wv) AppleWebKit/537.36 (KHTML, like Gecko) Version/4.0 Chrome/80.0.3987.99 Mobile Safari/537.36"
14.30.170.11 - - [08/Jun/2020:15:21:42 +0800] "GET /WEI_2100/systemclass_mini_prc?bigsysid=SA10360100&minisysid=supplyscope_c3 HTTP/1.1" 200 237 "http://merp.yudo.com.cn:8183/WEI_2100/WEI_2100?formKey=Menu&menuSelection=asm" "Mozilla/5.0 (Linux; Android 10; SM-N9760 Build/QP1A.190711.020; wv) AppleWebKit/537.36 (KHTML, like Gecko) Version/4.0 Chrome/80.0.3987.99 Mobile Safari/537.36"
14.30.170.11 - - [08/Jun/2020:15:21:43 +0800] "GET /WEI_2100/systemclass_mini_prc?bigsysid=SA10380471&minisysid=supplyscope_c5 HTTP/1.1" 200 915 "http://merp.yudo.com.cn:8183/WEI_2100/WEI_2100?formKey=Menu&menuSelection=asm" "Mozilla/5.0 (Linux; Android 10; SM-N9760 Build/QP1A.190711.020; wv) AppleWebKit/537.36 (KHTML, like Gecko) Version/4.0 Chrome/80.0.3987.99 Mobile Safari/537.36"
14.30.170.11 - - [08/Jun/2020:15:21:43 +0800] "GET /WEI_2100/systemclass_mini_prc?bigsysid=SA10350021&minisysid=supplyscope_c2 HTTP/1.1" 200 167 "http://merp.yudo.com.cn:8183/WEI_2100/WEI_2100?formKey=Menu&menuSelection=asm" "Mozilla/5.0 (Linux; Android 10; SM-N9760 Build/QP1A.190711.020; wv) AppleWebKit/537.36 (KHTML, like Gecko) Version/4.0 Chrome/80.0.3987.99 Mobile Safari/537.36"
14.30.170.11 - - [08/Jun/2020:15:21:43 +0800] "GET /WEI_2100/systemclass_mini_prc?bigsysid=SA10370307&minisysid=supplyscope_c4 HTTP/1.1" 200 137 "http://merp.yudo.com.cn:8183/WEI_2100/WEI_2100?formKey=Menu&menuSelection=asm" "Mozilla/5.0 (Linux; Android 10; SM-N9760 Build/QP1A.190711.020; wv) AppleWebKit/537.36 (KHTML, like Gecko) Version/4.0 Chrome/80.0.3987.99 Mobile Safari/537.36"
14.30.170.11 - - [08/Jun/2020:15:21:42 +0800] "GET /WEI_2100/systemclass_mini_prc?bigsysid=AS10110010&minisysid=ascause_c HTTP/1.1" 200 869 "http://merp.yudo.com.cn:8183/WEI_2100/WEI_2100?formKey=Menu&menuSelection=asm" "Mozilla/5.0 (Linux; Android 10; SM-N9760 Build/QP1A.190711.020; wv) AppleWebKit/537.36 (KHTML, like Gecko) Version/4.0 Chrome/80.0.3987.99 Mobile Safari/537.36"
14.30.170.11 - - [08/Jun/2020:15:21:44 +0800] "GET /WEI_2100/as_photo?asid=2020060338 HTTP/1.1" 200 69 "http://merp.yudo.com.cn:8183/WEI_2100/WEI_2100?formKey=Menu&menuSelection=asm" "Mozilla/5.0 (Linux; Android 10; SM-N9760 Build/QP1A.190711.020; wv) AppleWebKit/537.36 (KHTML, like Gecko) Version/4.0 Chrome/80.0.3987.99 Mobile Safari/537.36"
223.104.187.65 - - [08/Jun/2020:15:21:49 +0800] "GET /WEI_0100/lists_prc?gubun=M&baseDate=2020-06-08&dbChoose=SZ HTTP/1.1" 200 35008 "http://merp.yudo.com.cn:8183/WEI_0100/WEI_0100?formKey=Menu&menuSelection=mi" "Mozilla/5.0 (iPhone; CPU iPhone OS 13_4_1 like Mac OS X) AppleWebKit/605.1.15 (KHTML, like Gecko) Mobile/15E148"
::1 - - [08/Jun/2020:15:21:52 +0800] "OPTIONS * HTTP/1.0" 200 - "-" "Apache/2.4.6 (CentOS) PHP/5.6.32 (internal dummy connection)"
223.104.187.65 - - [08/Jun/2020:15:21:53 +0800] "GET /WEI_0100/lists_prc?gubun=M&baseDate=2020-06-08&dbChoose=GD HTTP/1.1" 200 15460 "http://merp.yudo.com.cn:8183/WEI_0100/WEI_0100?formKey=Menu&menuSelection=mi" "Mozilla/5.0 (iPhone; CPU iPhone OS 13_4_1 like Mac OS X) AppleWebKit/605.1.15 (KHTML, like Gecko) Mobile/15E148"
14.30.170.11 - - [08/Jun/2020:15:21:55 +0800] "POST /WEI_2100/WEI_2100/upload_photo HTTP/1.1" 200 85 "http://merp.yudo.com.cn:8183/WEI_2100/WEI_2100?formKey=Menu&menuSelection=asm" "Mozilla/5.0 (Linux; Android 10; SM-N9760 Build/QP1A.190711.020; wv) AppleWebKit/537.36 (KHTML, like Gecko) Version/4.0 Chrome/80.0.3987.99 Mobile Safari/537.36"
14.30.170.11 - - [08/Jun/2020:15:21:56 +0800] "GET /WEI_2100/as_photo?asid=2020060338 HTTP/1.1" 200 227 "http://merp.yudo.com.cn:8183/WEI_2100/WEI_2100?formKey=Menu&menuSelection=asm" "Mozilla/5.0 (Linux; Android 10; SM-N9760 Build/QP1A.190711.020; wv) AppleWebKit/537.36 (KHTML, like Gecko) Version/4.0 Chrome/80.0.3987.99 Mobile Safari/537.36"
14.30.170.11 - - [08/Jun/2020:15:21:56 +0800] "GET /image/erpfile/AS/ASReceipt/2020/06/2020060338/M20200608032155504.jpg HTTP/1.1" 404 1813 "http://merp.yudo.com.cn:8183/WEI_2100/WEI_2100?formKey=Menu&menuSelection=asm" "Mozilla/5.0 (Linux; Android 10; SM-N9760 Build/QP1A.190711.020; wv) AppleWebKit/537.36 (KHTML, like Gecko) Version/4.0 Chrome/80.0.3987.99 Mobile Safari/537.36"
223.104.187.65 - - [08/Jun/2020:15:21:59 +0800] "GET /WEI_0100/lists_prc?gubun=M&baseDate=2020-06-08&dbChoose=QD HTTP/1.1" 200 7157 "http://merp.yudo.com.cn:8183/WEI_0100/WEI_0100?formKey=Menu&menuSelection=mi" "Mozilla/5.0 (iPhone; CPU iPhone OS 13_4_1 like Mac OS X) AppleWebKit/605.1.15 (KHTML, like Gecko) Mobile/15E148"
14.30.170.11 - - [08/Jun/2020:15:22:01 +0800] "POST /WEI_2100/WEI_2100/upload_photo HTTP/1.1" 200 85 "http://merp.yudo.com.cn:8183/WEI_2100/WEI_2100?formKey=Menu&menuSelection=asm" "Mozilla/5.0 (Linux; Android 10; SM-N9760 Build/QP1A.190711.020; wv) AppleWebKit/537.36 (KHTML, like Gecko) Version/4.0 Chrome/80.0.3987.99 Mobile Safari/537.36"
14.30.170.11 - - [08/Jun/2020:15:22:02 +0800] "GET /WEI_2100/as_photo?asid=2020060338 HTTP/1.1" 200 392 "http://merp.yudo.com.cn:8183/WEI_2100/WEI_2100?formKey=Menu&menuSelection=asm" "Mozilla/5.0 (Linux; Android 10; SM-N9760 Build/QP1A.190711.020; wv) AppleWebKit/537.36 (KHTML, like Gecko) Version/4.0 Chrome/80.0.3987.99 Mobile Safari/537.36"
14.30.170.11 - - [08/Jun/2020:15:22:02 +0800] "GET /image/erpfile/AS/ASReceipt/2020/06/2020060338/M20200608032202762.jpg HTTP/1.1" 404 1813 "http://merp.yudo.com.cn:8183/WEI_2100/WEI_2100?formKey=Menu&menuSelection=asm" "Mozilla/5.0 (Linux; Android 10; SM-N9760 Build/QP1A.190711.020; wv) AppleWebKit/537.36 (KHTML, like Gecko) Version/4.0 Chrome/80.0.3987.99 Mobile Safari/537.36"
223.104.187.65 - - [08/Jun/2020:15:22:03 +0800] "GET /WEI_0100/lists_prc?gubun=D&baseDate=2020-06-08&dbChoose=QD HTTP/1.1" 200 6410 "http://merp.yudo.com.cn:8183/WEI_0100/WEI_0100?formKey=Menu&menuSelection=mi" "Mozilla/5.0 (iPhone; CPU iPhone OS 13_4_1 like Mac OS X) AppleWebKit/605.1.15 (KHTML, like Gecko) Mobile/15E148"
14.30.170.11 - - [08/Jun/2020:15:22:06 +0800] "POST /WEI_2100/WEI_2100/upload_photo HTTP/1.1" 200 85 "http://merp.yudo.com.cn:8183/WEI_2100/WEI_2100?formKey=Menu&menuSelection=asm" "Mozilla/5.0 (Linux; Android 10; SM-N9760 Build/QP1A.190711.020; wv) AppleWebKit/537.36 (KHTML, like Gecko) Version/4.0 Chrome/80.0.3987.99 Mobile Safari/537.36"
14.30.170.11 - - [08/Jun/2020:15:22:08 +0800] "GET /WEI_2100/as_photo?asid=2020060338 HTTP/1.1" 200 557 "http://merp.yudo.com.cn:8183/WEI_2100/WEI_2100?formKey=Menu&menuSelection=asm" "Mozilla/5.0 (Linux; Android 10; SM-N9760 Build/QP1A.190711.020; wv) AppleWebKit/537.36 (KHTML, like Gecko) Version/4.0 Chrome/80.0.3987.99 Mobile Safari/537.36"
14.30.170.11 - - [08/Jun/2020:15:22:08 +0800] "GET /image/erpfile/AS/ASReceipt/2020/06/2020060338/M20200608032207156.jpg HTTP/1.1" 404 1813 "http://merp.yudo.com.cn:8183/WEI_2100/WEI_2100?formKey=Menu&menuSelection=asm" "Mozilla/5.0 (Linux; Android 10; SM-N9760 Build/QP1A.190711.020; wv) AppleWebKit/537.36 (KHTML, like Gecko) Version/4.0 Chrome/80.0.3987.99 Mobile Safari/537.36"
::1 - - [08/Jun/2020:15:22:13 +0800] "OPTIONS * HTTP/1.0" 200 - "-" "Apache/2.4.6 (CentOS) PHP/5.6.32 (internal dummy connection)"
14.30.170.11 - - [08/Jun/2020:15:22:18 +0800] "GET /FireWork/getItemList?itemNo=NSVP&itemNm=&count=0 HTTP/1.1" 200 4388 "http://merp.yudo.com.cn:8183/WEI_2100/WEI_2100?formKey=Menu&menuSelection=asm" "Mozilla/5.0 (Linux; Android 10; SM-N9760 Build/QP1A.190711.020; wv) AppleWebKit/537.36 (KHTML, like Gecko) Version/4.0 Chrome/80.0.3987.99 Mobile Safari/537.36"
14.30.170.11 - - [08/Jun/2020:15:22:36 +0800] "POST /WEI_2100/save_astable HTTP/1.1" 200 204 "http://merp.yudo.com.cn:8183/WEI_2100/WEI_2100?formKey=Menu&menuSelection=asm" "Mozilla/5.0 (Linux; Android 10; SM-N9760 Build/QP1A.190711.020; wv) AppleWebKit/537.36 (KHTML, like Gecko) Version/4.0 Chrome/80.0.3987.99 Mobile Safari/537.36"
14.30.170.11 - - [08/Jun/2020:15:22:37 +0800] "GET /WEI_2100/as_minute_table?asid=1 HTTP/1.1" 200 63 "http://merp.yudo.com.cn:8183/WEI_2100/WEI_2100?formKey=Menu&menuSelection=asm" "Mozilla/5.0 (Linux; Android 10; SM-N9760 Build/QP1A.190711.020; wv) AppleWebKit/537.36 (KHTML, like Gecko) Version/4.0 Chrome/80.0.3987.99 Mobile Safari/537.36"
14.30.170.11 - - [08/Jun/2020:15:22:48 +0800] "GET /FireWork/getItemList?itemNo=NSSC&itemNm=&count=0 HTTP/1.1" 200 1993 "http://merp.yudo.com.cn:8183/WEI_2100/WEI_2100?formKey=Menu&menuSelection=asm" "Mozilla/5.0 (Linux; Android 10; SM-N9760 Build/QP1A.190711.020; wv) AppleWebKit/537.36 (KHTML, like Gecko) Version/4.0 Chrome/80.0.3987.99 Mobile Safari/537.36"
14.30.170.11 - - [08/Jun/2020:15:22:54 +0800] "POST /WEI_2100/save_astable HTTP/1.1" 200 17 "http://merp.yudo.com.cn:8183/WEI_2100/WEI_2100?formKey=Menu&menuSelection=asm" "Mozilla/5.0 (Linux; Android 10; SM-N9760 Build/QP1A.190711.020; wv) AppleWebKit/537.36 (KHTML, like Gecko) Version/4.0 Chrome/80.0.3987.99 Mobile Safari/537.36"
14.30.170.11 - - [08/Jun/2020:15:22:55 +0800] "GET /WEI_2100/as_minute_table?asid=1 HTTP/1.1" 200 63 "http://merp.yudo.com.cn:8183/WEI_2100/WEI_2100?formKey=Menu&menuSelection=asm" "Mozilla/5.0 (Linux; Android 10; SM-N9760 Build/QP1A.190711.020; wv) AppleWebKit/537.36 (KHTML, like Gecko) Version/4.0 Chrome/80.0.3987.99 Mobile Safari/537.36"
14.30.170.11 - - [08/Jun/2020:15:23:14 +0800] "GET /FireWork/getItemList?itemNo=NSGTBU&itemNm=&count=0 HTTP/1.1" 200 4491 "http://merp.yudo.com.cn:8183/WEI_2100/WEI_2100?formKey=Menu&menuSelection=asm" "Mozilla/5.0 (Linux; Android 10; SM-N9760 Build/QP1A.190711.020; wv) AppleWebKit/537.36 (KHTML, like Gecko) Version/4.0 Chrome/80.0.3987.99 Mobile Safari/537.36"
14.30.170.11 - - [08/Jun/2020:15:23:22 +0800] "POST /WEI_2100/save_astable HTTP/1.1" 200 17 "http://merp.yudo.com.cn:8183/WEI_2100/WEI_2100?formKey=Menu&menuSelection=asm" "Mozilla/5.0 (Linux; Android 10; SM-N9760 Build/QP1A.190711.020; wv) AppleWebKit/537.36 (KHTML, like Gecko) Version/4.0 Chrome/80.0.3987.99 Mobile Safari/537.36"
14.30.170.11 - - [08/Jun/2020:15:23:22 +0800] "GET /WEI_2100/as_minute_table?asid=1 HTTP/1.1" 200 63 "http://merp.yudo.com.cn:8183/WEI_2100/WEI_2100?formKey=Menu&menuSelection=asm" "Mozilla/5.0 (Linux; Android 10; SM-N9760 Build/QP1A.190711.020; wv) AppleWebKit/537.36 (KHTML, like Gecko) Version/4.0 Chrome/80.0.3987.99 Mobile Safari/537.36"
14.30.170.11 - - [08/Jun/2020:15:23:27 +0800] "POST /WEI_2100/save_as HTTP/1.1" 200 76 "http://merp.yudo.com.cn:8183/WEI_2100/WEI_2100?formKey=Menu&menuSelection=asm" "Mozilla/5.0 (Linux; Android 10; SM-N9760 Build/QP1A.190711.020; wv) AppleWebKit/537.36 (KHTML, like Gecko) Version/4.0 Chrome/80.0.3987.99 Mobile Safari/537.36"
14.30.170.11 - - [08/Jun/2020:15:23:28 +0800] "GET /WEI_2100/as_minute_table?asid=2020060338 HTTP/1.1" 200 362 "http://merp.yudo.com.cn:8183/WEI_2100/WEI_2100?formKey=Menu&menuSelection=asm" "Mozilla/5.0 (Linux; Android 10; SM-N9760 Build/QP1A.190711.020; wv) AppleWebKit/537.36 (KHTML, like Gecko) Version/4.0 Chrome/80.0.3987.99 Mobile Safari/537.36"
14.30.170.11 - - [08/Jun/2020:15:23:28 +0800] "GET /WEI_2100/as_minute?asid=2020060338 HTTP/1.1" 200 2349 "http://merp.yudo.com.cn:8183/WEI_2100/WEI_2100?formKey=Menu&menuSelection=asm" "Mozilla/5.0 (Linux; Android 10; SM-N9760 Build/QP1A.190711.020; wv) AppleWebKit/537.36 (KHTML, like Gecko) Version/4.0 Chrome/80.0.3987.99 Mobile Safari/537.36"
14.30.170.11 - - [08/Jun/2020:15:23:28 +0800] "GET /WEI_2100/systemclass_mini_prc?bigsysid=AS10110010&minisysid=ascause_c HTTP/1.1" 200 869 "http://merp.yudo.com.cn:8183/WEI_2100/WEI_2100?formKey=Menu&menuSelection=asm" "Mozilla/5.0 (Linux; Android 10; SM-N9760 Build/QP1A.190711.020; wv) AppleWebKit/537.36 (KHTML, like Gecko) Version/4.0 Chrome/80.0.3987.99 Mobile Safari/537.36"
14.30.170.11 - - [08/Jun/2020:15:23:29 +0800] "GET /WEI_2100/systemclass_mini_prc?bigsysid=SA10380471&minisysid=supplyscope_c5 HTTP/1.1" 200 915 "http://merp.yudo.com.cn:8183/WEI_2100/WEI_2100?formKey=Menu&menuSelection=asm" "Mozilla/5.0 (Linux; Android 10; SM-N9760 Build/QP1A.190711.020; wv) AppleWebKit/537.36 (KHTML, like Gecko) Version/4.0 Chrome/80.0.3987.99 Mobile Safari/537.36"
14.30.170.11 - - [08/Jun/2020:15:23:29 +0800] "GET /WEI_2100/systemclass_mini_prc?bigsysid=AS10060030&minisysid=asclass1_c HTTP/1.1" 200 803 "http://merp.yudo.com.cn:8183/WEI_2100/WEI_2100?formKey=Menu&menuSelection=asm" "Mozilla/5.0 (Linux; Android 10; SM-N9760 Build/QP1A.190711.020; wv) AppleWebKit/537.36 (KHTML, like Gecko) Version/4.0 Chrome/80.0.3987.99 Mobile Safari/537.36"
14.30.170.11 - - [08/Jun/2020:15:23:29 +0800] "GET /WEI_2100/systemclass_mini_prc?bigsysid=SA10340020&minisysid=supplyscope_c1 HTTP/1.1" 200 1094 "http://merp.yudo.com.cn:8183/WEI_2100/WEI_2100?formKey=Menu&menuSelection=asm" "Mozilla/5.0 (Linux; Android 10; SM-N9760 Build/QP1A.190711.020; wv) AppleWebKit/537.36 (KHTML, like Gecko) Version/4.0 Chrome/80.0.3987.99 Mobile Safari/537.36"
14.30.170.11 - - [08/Jun/2020:15:23:29 +0800] "GET /WEI_2100/systemclass_mini_prc?bigsysid=SA10350021&minisysid=supplyscope_c2 HTTP/1.1" 200 167 "http://merp.yudo.com.cn:8183/WEI_2100/WEI_2100?formKey=Menu&menuSelection=asm" "Mozilla/5.0 (Linux; Android 10; SM-N9760 Build/QP1A.190711.020; wv) AppleWebKit/537.36 (KHTML, like Gecko) Version/4.0 Chrome/80.0.3987.99 Mobile Safari/537.36"
14.30.170.11 - - [08/Jun/2020:15:23:29 +0800] "GET /WEI_2100/systemclass_mini_prc?bigsysid=SA10370307&minisysid=supplyscope_c4 HTTP/1.1" 200 137 "http://merp.yudo.com.cn:8183/WEI_2100/WEI_2100?formKey=Menu&menuSelection=asm" "Mozilla/5.0 (Linux; Android 10; SM-N9760 Build/QP1A.190711.020; wv) AppleWebKit/537.36 (KHTML, like Gecko) Version/4.0 Chrome/80.0.3987.99 Mobile Safari/537.36"
14.30.170.11 - - [08/Jun/2020:15:23:29 +0800] "GET /WEI_2100/systemclass_mini_prc?bigsysid=SA10360100&minisysid=supplyscope_c3 HTTP/1.1" 200 237 "http://merp.yudo.com.cn:8183/WEI_2100/WEI_2100?formKey=Menu&menuSelection=asm" "Mozilla/5.0 (Linux; Android 10; SM-N9760 Build/QP1A.190711.020; wv) AppleWebKit/537.36 (KHTML, like Gecko) Version/4.0 Chrome/80.0.3987.99 Mobile Safari/537.36"
14.30.170.11 - - [08/Jun/2020:15:23:33 +0800] "GET /WEI_2100/as_prc?orderNo=&asRecvNo=&custnm=&startDate=2020-06-01&endDate=2020-06-08&ascount=0 HTTP/1.1" 200 2477 "http://merp.yudo.com.cn:8183/WEI_2100/WEI_2100?formKey=Menu&menuSelection=asm" "Mozilla/5.0 (Linux; Android 10; SM-N9760 Build/QP1A.190711.020; wv) AppleWebKit/537.36 (KHTML, like Gecko) Version/4.0 Chrome/80.0.3987.99 Mobile Safari/537.36"
14.30.170.11 - - [08/Jun/2020:15:23:34 +0800] "GET /WEI_2100/as_minute?asid=2020060338 HTTP/1.1" 200 2349 "http://merp.yudo.com.cn:8183/WEI_2100/WEI_2100?formKey=Menu&menuSelection=asm" "Mozilla/5.0 (Linux; Android 10; SM-N9760 Build/QP1A.190711.020; wv) AppleWebKit/537.36 (KHTML, like Gecko) Version/4.0 Chrome/80.0.3987.99 Mobile Safari/537.36"
14.30.170.11 - - [08/Jun/2020:15:23:34 +0800] "GET /WEI_2100/as_minute_table?asid=2020060338 HTTP/1.1" 200 362 "http://merp.yudo.com.cn:8183/WEI_2100/WEI_2100?formKey=Menu&menuSelection=asm" "Mozilla/5.0 (Linux; Android 10; SM-N9760 Build/QP1A.190711.020; wv) AppleWebKit/537.36 (KHTML, like Gecko) Version/4.0 Chrome/80.0.3987.99 Mobile Safari/537.36"
14.30.170.11 - - [08/Jun/2020:15:23:35 +0800] "GET /WEI_2100/systemclass_mini_prc?bigsysid=AS10110010&minisysid=ascause_c HTTP/1.1" 200 869 "http://merp.yudo.com.cn:8183/WEI_2100/WEI_2100?formKey=Menu&menuSelection=asm" "Mozilla/5.0 (Linux; Android 10; SM-N9760 Build/QP1A.190711.020; wv) AppleWebKit/537.36 (KHTML, like Gecko) Version/4.0 Chrome/80.0.3987.99 Mobile Safari/537.36"
14.30.170.11 - - [08/Jun/2020:15:23:35 +0800] "GET /WEI_2100/systemclass_mini_prc?bigsysid=SA10360100&minisysid=supplyscope_c3 HTTP/1.1" 200 237 "http://merp.yudo.com.cn:8183/WEI_2100/WEI_2100?formKey=Menu&menuSelection=asm" "Mozilla/5.0 (Linux; Android 10; SM-N9760 Build/QP1A.190711.020; wv) AppleWebKit/537.36 (KHTML, like Gecko) Version/4.0 Chrome/80.0.3987.99 Mobile Safari/537.36"
14.30.170.11 - - [08/Jun/2020:15:23:36 +0800] "GET /WEI_2100/systemclass_mini_prc?bigsysid=SA10350021&minisysid=supplyscope_c2 HTTP/1.1" 200 167 "http://merp.yudo.com.cn:8183/WEI_2100/WEI_2100?formKey=Menu&menuSelection=asm" "Mozilla/5.0 (Linux; Android 10; SM-N9760 Build/QP1A.190711.020; wv) AppleWebKit/537.36 (KHTML, like Gecko) Version/4.0 Chrome/80.0.3987.99 Mobile Safari/537.36"
14.30.170.11 - - [08/Jun/2020:15:23:36 +0800] "GET /WEI_2100/systemclass_mini_prc?bigsysid=SA10370307&minisysid=supplyscope_c4 HTTP/1.1" 200 137 "http://merp.yudo.com.cn:8183/WEI_2100/WEI_2100?formKey=Menu&menuSelection=asm" "Mozilla/5.0 (Linux; Android 10; SM-N9760 Build/QP1A.190711.020; wv) AppleWebKit/537.36 (KHTML, like Gecko) Version/4.0 Chrome/80.0.3987.99 Mobile Safari/537.36"
14.30.170.11 - - [08/Jun/2020:15:23:35 +0800] "GET /WEI_2100/systemclass_mini_prc?bigsysid=SA10340020&minisysid=supplyscope_c1 HTTP/1.1" 200 1094 "http://merp.yudo.com.cn:8183/WEI_2100/WEI_2100?formKey=Menu&menuSelection=asm" "Mozilla/5.0 (Linux; Android 10; SM-N9760 Build/QP1A.190711.020; wv) AppleWebKit/537.36 (KHTML, like Gecko) Version/4.0 Chrome/80.0.3987.99 Mobile Safari/537.36"
14.30.170.11 - - [08/Jun/2020:15:23:36 +0800] "GET /WEI_2100/systemclass_mini_prc?bigsysid=AS10060030&minisysid=asclass1_c HTTP/1.1" 200 803 "http://merp.yudo.com.cn:8183/WEI_2100/WEI_2100?formKey=Menu&menuSelection=asm" "Mozilla/5.0 (Linux; Android 10; SM-N9760 Build/QP1A.190711.020; wv) AppleWebKit/537.36 (KHTML, like Gecko) Version/4.0 Chrome/80.0.3987.99 Mobile Safari/537.36"
14.30.170.11 - - [08/Jun/2020:15:23:36 +0800] "GET /WEI_2100/systemclass_mini_prc?bigsysid=SA10380471&minisysid=supplyscope_c5 HTTP/1.1" 200 915 "http://merp.yudo.com.cn:8183/WEI_2100/WEI_2100?formKey=Menu&menuSelection=asm" "Mozilla/5.0 (Linux; Android 10; SM-N9760 Build/QP1A.190711.020; wv) AppleWebKit/537.36 (KHTML, like Gecko) Version/4.0 Chrome/80.0.3987.99 Mobile Safari/537.36"
14.30.170.11 - - [08/Jun/2020:15:23:41 +0800] "GET /FireWork/getItemList?itemNo=NSGTBU&itemNm=&count=0 HTTP/1.1" 200 4491 "http://merp.yudo.com.cn:8183/WEI_2100/WEI_2100?formKey=Menu&menuSelection=asm" "Mozilla/5.0 (Linux; Android 10; SM-N9760 Build/QP1A.190711.020; wv) AppleWebKit/537.36 (KHTML, like Gecko) Version/4.0 Chrome/80.0.3987.99 Mobile Safari/537.36"
14.30.170.11 - - [08/Jun/2020:15:23:46 +0800] "POST /WEI_2100/save_astable HTTP/1.1" 200 204 "http://merp.yudo.com.cn:8183/WEI_2100/WEI_2100?formKey=Menu&menuSelection=asm" "Mozilla/5.0 (Linux; Android 10; SM-N9760 Build/QP1A.190711.020; wv) AppleWebKit/537.36 (KHTML, like Gecko) Version/4.0 Chrome/80.0.3987.99 Mobile Safari/537.36"
14.30.170.11 - - [08/Jun/2020:15:23:46 +0800] "GET /WEI_2100/as_minute_table?asid=1 HTTP/1.1" 200 63 "http://merp.yudo.com.cn:8183/WEI_2100/WEI_2100?formKey=Menu&menuSelection=asm" "Mozilla/5.0 (Linux; Android 10; SM-N9760 Build/QP1A.190711.020; wv) AppleWebKit/537.36 (KHTML, like Gecko) Version/4.0 Chrome/80.0.3987.99 Mobile Safari/537.36"
14.30.170.11 - - [08/Jun/2020:15:23:49 +0800] "GET /WEI_2100/as_minute?asid=2020060338 HTTP/1.1" 200 2349 "http://merp.yudo.com.cn:8183/WEI_2100/WEI_2100?formKey=Menu&menuSelection=asm" "Mozilla/5.0 (Linux; Android 10; SM-N9760 Build/QP1A.190711.020; wv) AppleWebKit/537.36 (KHTML, like Gecko) Version/4.0 Chrome/80.0.3987.99 Mobile Safari/537.36"
14.30.170.11 - - [08/Jun/2020:15:23:49 +0800] "GET /WEI_2100/as_minute_table?asid=2020060338 HTTP/1.1" 200 668 "http://merp.yudo.com.cn:8183/WEI_2100/WEI_2100?formKey=Menu&menuSelection=asm" "Mozilla/5.0 (Linux; Android 10; SM-N9760 Build/QP1A.190711.020; wv) AppleWebKit/537.36 (KHTML, like Gecko) Version/4.0 Chrome/80.0.3987.99 Mobile Safari/537.36"
14.30.170.11 - - [08/Jun/2020:15:23:50 +0800] "GET /WEI_2100/systemclass_mini_prc?bigsysid=AS10110010&minisysid=ascause_c HTTP/1.1" 200 869 "http://merp.yudo.com.cn:8183/WEI_2100/WEI_2100?formKey=Menu&menuSelection=asm" "Mozilla/5.0 (Linux; Android 10; SM-N9760 Build/QP1A.190711.020; wv) AppleWebKit/537.36 (KHTML, like Gecko) Version/4.0 Chrome/80.0.3987.99 Mobile Safari/537.36"
14.30.170.11 - - [08/Jun/2020:15:23:50 +0800] "GET /WEI_2100/systemclass_mini_prc?bigsysid=AS10060030&minisysid=asclass1_c HTTP/1.1" 200 803 "http://merp.yudo.com.cn:8183/WEI_2100/WEI_2100?formKey=Menu&menuSelection=asm" "Mozilla/5.0 (Linux; Android 10; SM-N9760 Build/QP1A.190711.020; wv) AppleWebKit/537.36 (KHTML, like Gecko) Version/4.0 Chrome/80.0.3987.99 Mobile Safari/537.36"
14.30.170.11 - - [08/Jun/2020:15:23:50 +0800] "GET /WEI_2100/systemclass_mini_prc?bigsysid=SA10360100&minisysid=supplyscope_c3 HTTP/1.1" 200 237 "http://merp.yudo.com.cn:8183/WEI_2100/WEI_2100?formKey=Menu&menuSelection=asm" "Mozilla/5.0 (Linux; Android 10; SM-N9760 Build/QP1A.190711.020; wv) AppleWebKit/537.36 (KHTML, like Gecko) Version/4.0 Chrome/80.0.3987.99 Mobile Safari/537.36"
14.30.170.11 - - [08/Jun/2020:15:23:50 +0800] "GET /WEI_2100/systemclass_mini_prc?bigsysid=SA10340020&minisysid=supplyscope_c1 HTTP/1.1" 200 1094 "http://merp.yudo.com.cn:8183/WEI_2100/WEI_2100?formKey=Menu&menuSelection=asm" "Mozilla/5.0 (Linux; Android 10; SM-N9760 Build/QP1A.190711.020; wv) AppleWebKit/537.36 (KHTML, like Gecko) Version/4.0 Chrome/80.0.3987.99 Mobile Safari/537.36"
14.30.170.11 - - [08/Jun/2020:15:23:51 +0800] "GET /WEI_2100/systemclass_mini_prc?bigsysid=SA10370307&minisysid=supplyscope_c4 HTTP/1.1" 200 137 "http://merp.yudo.com.cn:8183/WEI_2100/WEI_2100?formKey=Menu&menuSelection=asm" "Mozilla/5.0 (Linux; Android 10; SM-N9760 Build/QP1A.190711.020; wv) AppleWebKit/537.36 (KHTML, like Gecko) Version/4.0 Chrome/80.0.3987.99 Mobile Safari/537.36"
14.30.170.11 - - [08/Jun/2020:15:23:51 +0800] "GET /WEI_2100/systemclass_mini_prc?bigsysid=SA10350021&minisysid=supplyscope_c2 HTTP/1.1" 200 167 "http://merp.yudo.com.cn:8183/WEI_2100/WEI_2100?formKey=Menu&menuSelection=asm" "Mozilla/5.0 (Linux; Android 10; SM-N9760 Build/QP1A.190711.020; wv) AppleWebKit/537.36 (KHTML, like Gecko) Version/4.0 Chrome/80.0.3987.99 Mobile Safari/537.36"
14.30.170.11 - - [08/Jun/2020:15:23:51 +0800] "GET /WEI_2100/systemclass_mini_prc?bigsysid=SA10380471&minisysid=supplyscope_c5 HTTP/1.1" 200 915 "http://merp.yudo.com.cn:8183/WEI_2100/WEI_2100?formKey=Menu&menuSelection=asm" "Mozilla/5.0 (Linux; Android 10; SM-N9760 Build/QP1A.190711.020; wv) AppleWebKit/537.36 (KHTML, like Gecko) Version/4.0 Chrome/80.0.3987.99 Mobile Safari/537.36"
::1 - - [08/Jun/2020:15:23:59 +0800] "OPTIONS * HTTP/1.0" 200 - "-" "Apache/2.4.6 (CentOS) PHP/5.6.32 (internal dummy connection)"
14.30.170.11 - - [08/Jun/2020:15:24:01 +0800] "GET /FireWork/getItemList?itemNo=NSSC&itemNm=&count=0 HTTP/1.1" 200 1993 "http://merp.yudo.com.cn:8183/WEI_2100/WEI_2100?formKey=Menu&menuSelection=asm" "Mozilla/5.0 (Linux; Android 10; SM-N9760 Build/QP1A.190711.020; wv) AppleWebKit/537.36 (KHTML, like Gecko) Version/4.0 Chrome/80.0.3987.99 Mobile Safari/537.36"
14.30.170.11 - - [08/Jun/2020:15:24:05 +0800] "POST /WEI_2100/save_astable HTTP/1.1" 200 204 "http://merp.yudo.com.cn:8183/WEI_2100/WEI_2100?formKey=Menu&menuSelection=asm" "Mozilla/5.0 (Linux; Android 10; SM-N9760 Build/QP1A.190711.020; wv) AppleWebKit/537.36 (KHTML, like Gecko) Version/4.0 Chrome/80.0.3987.99 Mobile Safari/537.36"
14.30.170.11 - - [08/Jun/2020:15:24:05 +0800] "GET /WEI_2100/as_minute_table?asid=1 HTTP/1.1" 200 63 "http://merp.yudo.com.cn:8183/WEI_2100/WEI_2100?formKey=Menu&menuSelection=asm" "Mozilla/5.0 (Linux; Android 10; SM-N9760 Build/QP1A.190711.020; wv) AppleWebKit/537.36 (KHTML, like Gecko) Version/4.0 Chrome/80.0.3987.99 Mobile Safari/537.36"
14.30.170.11 - - [08/Jun/2020:15:24:08 +0800] "GET /WEI_2100/as_minute?asid=2020060338 HTTP/1.1" 200 2349 "http://merp.yudo.com.cn:8183/WEI_2100/WEI_2100?formKey=Menu&menuSelection=asm" "Mozilla/5.0 (Linux; Android 10; SM-N9760 Build/QP1A.190711.020; wv) AppleWebKit/537.36 (KHTML, like Gecko) Version/4.0 Chrome/80.0.3987.99 Mobile Safari/537.36"
14.30.170.11 - - [08/Jun/2020:15:24:09 +0800] "GET /WEI_2100/as_minute_table?asid=2020060338 HTTP/1.1" 200 976 "http://merp.yudo.com.cn:8183/WEI_2100/WEI_2100?formKey=Menu&menuSelection=asm" "Mozilla/5.0 (Linux; Android 10; SM-N9760 Build/QP1A.190711.020; wv) AppleWebKit/537.36 (KHTML, like Gecko) Version/4.0 Chrome/80.0.3987.99 Mobile Safari/537.36"
14.30.170.11 - - [08/Jun/2020:15:24:09 +0800] "GET /WEI_2100/systemclass_mini_prc?bigsysid=AS10110010&minisysid=ascause_c HTTP/1.1" 200 869 "http://merp.yudo.com.cn:8183/WEI_2100/WEI_2100?formKey=Menu&menuSelection=asm" "Mozilla/5.0 (Linux; Android 10; SM-N9760 Build/QP1A.190711.020; wv) AppleWebKit/537.36 (KHTML, like Gecko) Version/4.0 Chrome/80.0.3987.99 Mobile Safari/537.36"
14.30.170.11 - - [08/Jun/2020:15:24:10 +0800] "GET /WEI_2100/systemclass_mini_prc?bigsysid=AS10060030&minisysid=asclass1_c HTTP/1.1" 200 803 "http://merp.yudo.com.cn:8183/WEI_2100/WEI_2100?formKey=Menu&menuSelection=asm" "Mozilla/5.0 (Linux; Android 10; SM-N9760 Build/QP1A.190711.020; wv) AppleWebKit/537.36 (KHTML, like Gecko) Version/4.0 Chrome/80.0.3987.99 Mobile Safari/537.36"
14.30.170.11 - - [08/Jun/2020:15:24:10 +0800] "GET /WEI_2100/systemclass_mini_prc?bigsysid=SA10380471&minisysid=supplyscope_c5 HTTP/1.1" 200 915 "http://merp.yudo.com.cn:8183/WEI_2100/WEI_2100?formKey=Menu&menuSelection=asm" "Mozilla/5.0 (Linux; Android 10; SM-N9760 Build/QP1A.190711.020; wv) AppleWebKit/537.36 (KHTML, like Gecko) Version/4.0 Chrome/80.0.3987.99 Mobile Safari/537.36"
14.30.170.11 - - [08/Jun/2020:15:24:10 +0800] "GET /WEI_2100/systemclass_mini_prc?bigsysid=SA10340020&minisysid=supplyscope_c1 HTTP/1.1" 200 1094 "http://merp.yudo.com.cn:8183/WEI_2100/WEI_2100?formKey=Menu&menuSelection=asm" "Mozilla/5.0 (Linux; Android 10; SM-N9760 Build/QP1A.190711.020; wv) AppleWebKit/537.36 (KHTML, like Gecko) Version/4.0 Chrome/80.0.3987.99 Mobile Safari/537.36"
14.30.170.11 - - [08/Jun/2020:15:24:10 +0800] "GET /WEI_2100/systemclass_mini_prc?bigsysid=SA10350021&minisysid=supplyscope_c2 HTTP/1.1" 200 167 "http://merp.yudo.com.cn:8183/WEI_2100/WEI_2100?formKey=Menu&menuSelection=asm" "Mozilla/5.0 (Linux; Android 10; SM-N9760 Build/QP1A.190711.020; wv) AppleWebKit/537.36 (KHTML, like Gecko) Version/4.0 Chrome/80.0.3987.99 Mobile Safari/537.36"
14.30.170.11 - - [08/Jun/2020:15:24:10 +0800] "GET /WEI_2100/systemclass_mini_prc?bigsysid=SA10370307&minisysid=supplyscope_c4 HTTP/1.1" 200 137 "http://merp.yudo.com.cn:8183/WEI_2100/WEI_2100?formKey=Menu&menuSelection=asm" "Mozilla/5.0 (Linux; Android 10; SM-N9760 Build/QP1A.190711.020; wv) AppleWebKit/537.36 (KHTML, like Gecko) Version/4.0 Chrome/80.0.3987.99 Mobile Safari/537.36"
14.30.170.11 - - [08/Jun/2020:15:24:10 +0800] "GET /WEI_2100/systemclass_mini_prc?bigsysid=SA10360100&minisysid=supplyscope_c3 HTTP/1.1" 200 237 "http://merp.yudo.com.cn:8183/WEI_2100/WEI_2100?formKey=Menu&menuSelection=asm" "Mozilla/5.0 (Linux; Android 10; SM-N9760 Build/QP1A.190711.020; wv) AppleWebKit/537.36 (KHTML, like Gecko) Version/4.0 Chrome/80.0.3987.99 Mobile Safari/537.36"
::1 - - [08/Jun/2020:15:24:18 +0800] "OPTIONS * HTTP/1.0" 200 - "-" "Apache/2.4.6 (CentOS) PHP/5.6.32 (internal dummy connection)"
14.30.170.11 - - [08/Jun/2020:15:24:48 +0800] "POST /WEI_2100/subAdjudication HTTP/1.1" 200 71 "http://merp.yudo.com.cn:8183/WEI_2100/WEI_2100?formKey=Menu&menuSelection=asm" "Mozilla/5.0 (Linux; Android 10; SM-N9760 Build/QP1A.190711.020; wv) AppleWebKit/537.36 (KHTML, like Gecko) Version/4.0 Chrome/80.0.3987.99 Mobile Safari/537.36"
14.30.170.11 - - [08/Jun/2020:15:24:49 +0800] "GET /WEI_2100/as_minute?asid=2020060338 HTTP/1.1" 200 2349 "http://merp.yudo.com.cn:8183/WEI_2100/WEI_2100?formKey=Menu&menuSelection=asm" "Mozilla/5.0 (Linux; Android 10; SM-N9760 Build/QP1A.190711.020; wv) AppleWebKit/537.36 (KHTML, like Gecko) Version/4.0 Chrome/80.0.3987.99 Mobile Safari/537.36"
14.30.170.11 - - [08/Jun/2020:15:24:50 +0800] "GET /WEI_2100/as_minute_table?asid=2020060338 HTTP/1.1" 200 976 "http://merp.yudo.com.cn:8183/WEI_2100/WEI_2100?formKey=Menu&menuSelection=asm" "Mozilla/5.0 (Linux; Android 10; SM-N9760 Build/QP1A.190711.020; wv) AppleWebKit/537.36 (KHTML, like Gecko) Version/4.0 Chrome/80.0.3987.99 Mobile Safari/537.36"
14.30.170.11 - - [08/Jun/2020:15:24:51 +0800] "GET /WEI_2100/systemclass_mini_prc?bigsysid=AS10110010&minisysid=ascause_c HTTP/1.1" 200 869 "http://merp.yudo.com.cn:8183/WEI_2100/WEI_2100?formKey=Menu&menuSelection=asm" "Mozilla/5.0 (Linux; Android 10; SM-N9760 Build/QP1A.190711.020; wv) AppleWebKit/537.36 (KHTML, like Gecko) Version/4.0 Chrome/80.0.3987.99 Mobile Safari/537.36"
14.30.170.11 - - [08/Jun/2020:15:24:51 +0800] "GET /WEI_2100/systemclass_mini_prc?bigsysid=SA10340020&minisysid=supplyscope_c1 HTTP/1.1" 200 1094 "http://merp.yudo.com.cn:8183/WEI_2100/WEI_2100?formKey=Menu&menuSelection=asm" "Mozilla/5.0 (Linux; Android 10; SM-N9760 Build/QP1A.190711.020; wv) AppleWebKit/537.36 (KHTML, like Gecko) Version/4.0 Chrome/80.0.3987.99 Mobile Safari/537.36"
14.30.170.11 - - [08/Jun/2020:15:24:51 +0800] "GET /WEI_2100/systemclass_mini_prc?bigsysid=SA10350021&minisysid=supplyscope_c2 HTTP/1.1" 200 167 "http://merp.yudo.com.cn:8183/WEI_2100/WEI_2100?formKey=Menu&menuSelection=asm" "Mozilla/5.0 (Linux; Android 10; SM-N9760 Build/QP1A.190711.020; wv) AppleWebKit/537.36 (KHTML, like Gecko) Version/4.0 Chrome/80.0.3987.99 Mobile Safari/537.36"
14.30.170.11 - - [08/Jun/2020:15:24:51 +0800] "GET /WEI_2100/systemclass_mini_prc?bigsysid=AS10060030&minisysid=asclass1_c HTTP/1.1" 200 803 "http://merp.yudo.com.cn:8183/WEI_2100/WEI_2100?formKey=Menu&menuSelection=asm" "Mozilla/5.0 (Linux; Android 10; SM-N9760 Build/QP1A.190711.020; wv) AppleWebKit/537.36 (KHTML, like Gecko) Version/4.0 Chrome/80.0.3987.99 Mobile Safari/537.36"
14.30.170.11 - - [08/Jun/2020:15:24:52 +0800] "GET /WEI_2100/systemclass_mini_prc?bigsysid=SA10360100&minisysid=supplyscope_c3 HTTP/1.1" 200 237 "http://merp.yudo.com.cn:8183/WEI_2100/WEI_2100?formKey=Menu&menuSelection=asm" "Mozilla/5.0 (Linux; Android 10; SM-N9760 Build/QP1A.190711.020; wv) AppleWebKit/537.36 (KHTML, like Gecko) Version/4.0 Chrome/80.0.3987.99 Mobile Safari/537.36"
14.30.170.11 - - [08/Jun/2020:15:24:52 +0800] "GET /WEI_2100/systemclass_mini_prc?bigsysid=SA10380471&minisysid=supplyscope_c5 HTTP/1.1" 200 915 "http://merp.yudo.com.cn:8183/WEI_2100/WEI_2100?formKey=Menu&menuSelection=asm" "Mozilla/5.0 (Linux; Android 10; SM-N9760 Build/QP1A.190711.020; wv) AppleWebKit/537.36 (KHTML, like Gecko) Version/4.0 Chrome/80.0.3987.99 Mobile Safari/537.36"
14.30.170.11 - - [08/Jun/2020:15:24:52 +0800] "GET /WEI_2100/systemclass_mini_prc?bigsysid=SA10370307&minisysid=supplyscope_c4 HTTP/1.1" 200 137 "http://merp.yudo.com.cn:8183/WEI_2100/WEI_2100?formKey=Menu&menuSelection=asm" "Mozilla/5.0 (Linux; Android 10; SM-N9760 Build/QP1A.190711.020; wv) AppleWebKit/537.36 (KHTML, like Gecko) Version/4.0 Chrome/80.0.3987.99 Mobile Safari/537.36"
::1 - - [08/Jun/2020:15:24:59 +0800] "OPTIONS * HTTP/1.0" 200 - "-" "Apache/2.4.6 (CentOS) PHP/5.6.32 (internal dummy connection)"
14.30.170.11 - - [08/Jun/2020:15:25:00 +0800] "GET /WEI_2100/as_prc?orderNo=&asRecvNo=&custnm=&startDate=2020-06-01&endDate=2020-06-08&ascount=0 HTTP/1.1" 200 2477 "http://merp.yudo.com.cn:8183/WEI_2100/WEI_2100?formKey=Menu&menuSelection=asm" "Mozilla/5.0 (Linux; Android 10; SM-N9760 Build/QP1A.190711.020; wv) AppleWebKit/537.36 (KHTML, like Gecko) Version/4.0 Chrome/80.0.3987.99 Mobile Safari/537.36"
223.104.146.75 - - [08/Jun/2020:15:57:22 +0800] "GET /?deviceType=mobile&devicePlatform=android HTTP/1.1" 302 149 "-" "Mozilla/5.0 (Linux; Android 9; MHA-AL00 Build/HUAWEIMHA-AL00; wv) AppleWebKit/537.36 (KHTML, like Gecko) Version/4.0 Chrome/79.0.3945.116 Mobile Safari/537.36"
223.104.146.75 - - [08/Jun/2020:15:57:22 +0800] "GET /Menu HTTP/1.1" 200 12297 "-" "Mozilla/5.0 (Linux; Android 9; MHA-AL00 Build/HUAWEIMHA-AL00; wv) AppleWebKit/537.36 (KHTML, like Gecko) Version/4.0 Chrome/79.0.3945.116 Mobile Safari/537.36"
223.104.146.75 - - [08/Jun/2020:15:57:23 +0800] "GET /css/yudo-ui.css?v=2016 HTTP/1.1" 200 41489 "http://merp.yudo.com.cn:8183/Menu" "Mozilla/5.0 (Linux; Android 9; MHA-AL00 Build/HUAWEIMHA-AL00; wv) AppleWebKit/537.36 (KHTML, like Gecko) Version/4.0 Chrome/79.0.3945.116 Mobile Safari/537.36"
223.104.146.75 - - [08/Jun/2020:15:57:23 +0800] "GET /css/mui.picker.min.css?v=1000 HTTP/1.1" 200 4844 "http://merp.yudo.com.cn:8183/Menu" "Mozilla/5.0 (Linux; Android 9; MHA-AL00 Build/HUAWEIMHA-AL00; wv) AppleWebKit/537.36 (KHTML, like Gecko) Version/4.0 Chrome/79.0.3945.116 Mobile Safari/537.36"
223.104.146.75 - - [08/Jun/2020:15:57:23 +0800] "GET /css/animate.min.css?v=1003 HTTP/1.1" 200 52799 "http://merp.yudo.com.cn:8183/Menu" "Mozilla/5.0 (Linux; Android 9; MHA-AL00 Build/HUAWEIMHA-AL00; wv) AppleWebKit/537.36 (KHTML, like Gecko) Version/4.0 Chrome/79.0.3945.116 Mobile Safari/537.36"
223.104.146.75 - - [08/Jun/2020:15:57:23 +0800] "GET /css/mui.min.css?v=1012 HTTP/1.1" 200 76673 "http://merp.yudo.com.cn:8183/Menu" "Mozilla/5.0 (Linux; Android 9; MHA-AL00 Build/HUAWEIMHA-AL00; wv) AppleWebKit/537.36 (KHTML, like Gecko) Version/4.0 Chrome/79.0.3945.116 Mobile Safari/537.36"
223.104.146.75 - - [08/Jun/2020:15:57:23 +0800] "GET /js/server.js?v=1010 HTTP/1.1" 200 88 "http://merp.yudo.com.cn:8183/Menu" "Mozilla/5.0 (Linux; Android 9; MHA-AL00 Build/HUAWEIMHA-AL00; wv) AppleWebKit/537.36 (KHTML, like Gecko) Version/4.0 Chrome/79.0.3945.116 Mobile Safari/537.36"
223.104.146.75 - - [08/Jun/2020:15:57:23 +0800] "GET /js/multiHttp.js?v=1015 HTTP/1.1" 200 48308 "http://merp.yudo.com.cn:8183/Menu" "Mozilla/5.0 (Linux; Android 9; MHA-AL00 Build/HUAWEIMHA-AL00; wv) AppleWebKit/537.36 (KHTML, like Gecko) Version/4.0 Chrome/79.0.3945.116 Mobile Safari/537.36"
223.104.146.75 - - [08/Jun/2020:15:57:23 +0800] "GET /js/lang.min.js?v=1004 HTTP/1.1" 200 1138 "http://merp.yudo.com.cn:8183/Menu" "Mozilla/5.0 (Linux; Android 9; MHA-AL00 Build/HUAWEIMHA-AL00; wv) AppleWebKit/537.36 (KHTML, like Gecko) Version/4.0 Chrome/79.0.3945.116 Mobile Safari/537.36"
223.104.146.75 - - [08/Jun/2020:15:57:23 +0800] "GET /js/mui.min.js?v=1001 HTTP/1.1" 200 115810 "http://merp.yudo.com.cn:8183/Menu" "Mozilla/5.0 (Linux; Android 9; MHA-AL00 Build/HUAWEIMHA-AL00; wv) AppleWebKit/537.36 (KHTML, like Gecko) Version/4.0 Chrome/79.0.3945.116 Mobile Safari/537.36"
223.104.146.75 - - [08/Jun/2020:15:57:23 +0800] "GET /js/mui.previewimage.js?v=201804261256 HTTP/1.1" 200 13324 "http://merp.yudo.com.cn:8183/Menu" "Mozilla/5.0 (Linux; Android 9; MHA-AL00 Build/HUAWEIMHA-AL00; wv) AppleWebKit/537.36 (KHTML, like Gecko) Version/4.0 Chrome/79.0.3945.116 Mobile Safari/537.36"
223.104.146.75 - - [08/Jun/2020:15:57:23 +0800] "GET /third_party/jquery-2.1.4/jquery.js HTTP/1.1" 200 247606 "http://merp.yudo.com.cn:8183/Menu" "Mozilla/5.0 (Linux; Android 9; MHA-AL00 Build/HUAWEIMHA-AL00; wv) AppleWebKit/537.36 (KHTML, like Gecko) Version/4.0 Chrome/79.0.3945.116 Mobile Safari/537.36"
223.104.146.75 - - [08/Jun/2020:15:57:23 +0800] "GET /js/vue.js HTTP/1.1" 200 289301 "http://merp.yudo.com.cn:8183/Menu" "Mozilla/5.0 (Linux; Android 9; MHA-AL00 Build/HUAWEIMHA-AL00; wv) AppleWebKit/537.36 (KHTML, like Gecko) Version/4.0 Chrome/79.0.3945.116 Mobile Safari/537.36"
223.104.146.75 - - [08/Jun/2020:15:57:23 +0800] "GET /js/mui.zoom.js?v=201804231454 HTTP/1.1" 200 11703 "http://merp.yudo.com.cn:8183/Menu" "Mozilla/5.0 (Linux; Android 9; MHA-AL00 Build/HUAWEIMHA-AL00; wv) AppleWebKit/537.36 (KHTML, like Gecko) Version/4.0 Chrome/79.0.3945.116 Mobile Safari/537.36"
223.104.146.75 - - [08/Jun/2020:15:57:23 +0800] "GET /js/mui.picker.min.js?v=1002 HTTP/1.1" 200 18411 "http://merp.yudo.com.cn:8183/Menu" "Mozilla/5.0 (Linux; Android 9; MHA-AL00 Build/HUAWEIMHA-AL00; wv) AppleWebKit/537.36 (KHTML, like Gecko) Version/4.0 Chrome/79.0.3945.116 Mobile Safari/537.36"
223.104.146.75 - - [08/Jun/2020:15:57:23 +0800] "GET /js/fastclick.js HTTP/1.1" 200 25966 "http://merp.yudo.com.cn:8183/Menu" "Mozilla/5.0 (Linux; Android 9; MHA-AL00 Build/HUAWEIMHA-AL00; wv) AppleWebKit/537.36 (KHTML, like Gecko) Version/4.0 Chrome/79.0.3945.116 Mobile Safari/537.36"
223.104.146.75 - - [08/Jun/2020:15:57:23 +0800] "GET /js/JLAMP.common.min.js HTTP/1.1" 200 9705 "http://merp.yudo.com.cn:8183/Menu" "Mozilla/5.0 (Linux; Android 9; MHA-AL00 Build/HUAWEIMHA-AL00; wv) AppleWebKit/537.36 (KHTML, like Gecko) Version/4.0 Chrome/79.0.3945.116 Mobile Safari/537.36"
223.104.146.75 - - [08/Jun/2020:15:57:24 +0800] "GET /js/JLAMP.min.js HTTP/1.1" 200 1461 "http://merp.yudo.com.cn:8183/Menu" "Mozilla/5.0 (Linux; Android 9; MHA-AL00 Build/HUAWEIMHA-AL00; wv) AppleWebKit/537.36 (KHTML, like Gecko) Version/4.0 Chrome/79.0.3945.116 Mobile Safari/537.36"
223.104.146.75 - - [08/Jun/2020:15:57:24 +0800] "GET /js/JLAMP.lang.min.js HTTP/1.1" 200 1750 "http://merp.yudo.com.cn:8183/Menu" "Mozilla/5.0 (Linux; Android 9; MHA-AL00 Build/HUAWEIMHA-AL00; wv) AppleWebKit/537.36 (KHTML, like Gecko) Version/4.0 Chrome/79.0.3945.116 Mobile Safari/537.36"
223.104.146.75 - - [08/Jun/2020:15:57:24 +0800] "GET /image/fonticon/headDefault.jpg HTTP/1.1" 200 2436 "http://merp.yudo.com.cn:8183/Menu" "Mozilla/5.0 (Linux; Android 9; MHA-AL00 Build/HUAWEIMHA-AL00; wv) AppleWebKit/537.36 (KHTML, like Gecko) Version/4.0 Chrome/79.0.3945.116 Mobile Safari/537.36"
