49.64.234.247 - - [02/Aug/2018:09:36:34 +0800] "GET /WEI_2000/WEI_2000/user_prc HTTP/1.1" 200 92102 "http://merp.yudo.com.cn:8183/WEI_2000/WEI_2000?formKey=M20180802T093233943&menuSelection=asm" "Mozilla/5.0 (Windows NT 6.1; Win64; x64) AppleWebKit/537.36 (KHTML, like Gecko) Chrome/66.0.3359.139 Safari/537.36"
49.64.234.247 - - [02/Aug/2018:09:36:34 +0800] "POST /JLAMPCommon/langRow_prc HTTP/1.1" 200 191 "http://merp.yudo.com.cn:8183/WEI_2000/WEI_2000?formKey=M20180802T093233943&menuSelection=asm" "Mozilla/5.0 (Windows NT 6.1; Win64; x64) AppleWebKit/537.36 (KHTML, like Gecko) Chrome/66.0.3359.139 Safari/537.36"
49.64.234.247 - - [02/Aug/2018:09:36:34 +0800] "POST /JLAMPCommon/langRow_prc HTTP/1.1" 200 227 "http://merp.yudo.com.cn:8183/WEI_2000/WEI_2000?formKey=M20180802T093233943&menuSelection=asm" "Mozilla/5.0 (Windows NT 6.1; Win64; x64) AppleWebKit/537.36 (KHTML, like Gecko) Chrome/66.0.3359.139 Safari/537.36"
49.64.234.247 - - [02/Aug/2018:09:36:49 +0800] "GET /Menu/Menu?formKey=M20180802T093233943 HTTP/1.1" 200 6091 "http://merp.yudo.com.cn:8183/?deviceType=mobile&devicePlatform=ios" "Mozilla/5.0 (Windows NT 6.1; Win64; x64) AppleWebKit/537.36 (KHTML, like Gecko) Chrome/66.0.3359.139 Safari/537.36"
49.64.234.247 - - [02/Aug/2018:09:36:49 +0800] "POST /JLAMPCommon/langBatchRows_prc HTTP/1.1" 200 227 "http://merp.yudo.com.cn:8183/Menu/Menu?formKey=M20180802T093233943" "Mozilla/5.0 (Windows NT 6.1; Win64; x64) AppleWebKit/537.36 (KHTML, like Gecko) Chrome/66.0.3359.139 Safari/537.36"
49.64.234.247 - - [02/Aug/2018:09:36:49 +0800] "GET /JLAMPCommon/getCookieJson_prc HTTP/1.1" 200 902 "http://merp.yudo.com.cn:8183/Menu/Menu?formKey=M20180802T093233943" "Mozilla/5.0 (Windows NT 6.1; Win64; x64) AppleWebKit/537.36 (KHTML, like Gecko) Chrome/66.0.3359.139 Safari/537.36"
49.64.234.247 - - [02/Aug/2018:09:36:49 +0800] "GET /Menu/doMenuRows_prc?formKey=M20180802T093233943 HTTP/1.1" 200 1800 "http://merp.yudo.com.cn:8183/Menu/Menu?formKey=M20180802T093233943" "Mozilla/5.0 (Windows NT 6.1; Win64; x64) AppleWebKit/537.36 (KHTML, like Gecko) Chrome/66.0.3359.139 Safari/537.36"
49.64.234.247 - - [02/Aug/2018:09:36:56 +0800] "GET /WEI_2100/WEI_2100?formKey=M20180802T093233943&menuSelection=asm HTTP/1.1" 200 87602 "http://merp.yudo.com.cn:8183/Menu/Menu?formKey=M20180802T093233943" "Mozilla/5.0 (Windows NT 6.1; Win64; x64) AppleWebKit/537.36 (KHTML, like Gecko) Chrome/66.0.3359.139 Safari/537.36"
49.64.234.247 - - [02/Aug/2018:09:36:57 +0800] "GET /css/WEI_2100/WEI_2100_Lists.css?v=201806080934 HTTP/1.1" 200 10369 "http://merp.yudo.com.cn:8183/WEI_2100/WEI_2100?formKey=M20180802T093233943&menuSelection=asm" "Mozilla/5.0 (Windows NT 6.1; Win64; x64) AppleWebKit/537.36 (KHTML, like Gecko) Chrome/66.0.3359.139 Safari/537.36"
49.64.234.247 - - [02/Aug/2018:09:36:57 +0800] "GET /js/WEI_2100/WEI_2100_Lang.js?v=1001 HTTP/1.1" 200 930 "http://merp.yudo.com.cn:8183/WEI_2100/WEI_2100?formKey=M20180802T093233943&menuSelection=asm" "Mozilla/5.0 (Windows NT 6.1; Win64; x64) AppleWebKit/537.36 (KHTML, like Gecko) Chrome/66.0.3359.139 Safari/537.36"
49.64.234.247 - - [02/Aug/2018:09:36:57 +0800] "GET /js/WEI_2100/multiSelect.js?v=1003 HTTP/1.1" 200 4941 "http://merp.yudo.com.cn:8183/WEI_2100/WEI_2100?formKey=M20180802T093233943&menuSelection=asm" "Mozilla/5.0 (Windows NT 6.1; Win64; x64) AppleWebKit/537.36 (KHTML, like Gecko) Chrome/66.0.3359.139 Safari/537.36"
49.64.234.247 - - [02/Aug/2018:09:36:57 +0800] "GET /js/WEI_2100/css/layui.css HTTP/1.1" 200 62448 "http://merp.yudo.com.cn:8183/WEI_2100/WEI_2100?formKey=M20180802T093233943&menuSelection=asm" "Mozilla/5.0 (Windows NT 6.1; Win64; x64) AppleWebKit/537.36 (KHTML, like Gecko) Chrome/66.0.3359.139 Safari/537.36"
49.64.234.247 - - [02/Aug/2018:09:36:57 +0800] "GET /css/WEI_2000/mui.min.css HTTP/1.1" 200 74864 "http://merp.yudo.com.cn:8183/WEI_2100/WEI_2100?formKey=M20180802T093233943&menuSelection=asm" "Mozilla/5.0 (Windows NT 6.1; Win64; x64) AppleWebKit/537.36 (KHTML, like Gecko) Chrome/66.0.3359.139 Safari/537.36"
49.64.234.247 - - [02/Aug/2018:09:36:57 +0800] "GET /js/WEI_2000/mui.min.js?v=1001 HTTP/1.1" 200 115810 "http://merp.yudo.com.cn:8183/WEI_2100/WEI_2100?formKey=M20180802T093233943&menuSelection=asm" "Mozilla/5.0 (Windows NT 6.1; Win64; x64) AppleWebKit/537.36 (KHTML, like Gecko) Chrome/66.0.3359.139 Safari/537.36"
49.64.234.247 - - [02/Aug/2018:09:36:57 +0800] "GET /js/WEI_2100/vue/vue.js HTTP/1.1" 200 289303 "http://merp.yudo.com.cn:8183/WEI_2100/WEI_2100?formKey=M20180802T093233943&menuSelection=asm" "Mozilla/5.0 (Windows NT 6.1; Win64; x64) AppleWebKit/537.36 (KHTML, like Gecko) Chrome/66.0.3359.139 Safari/537.36"
49.64.234.247 - - [02/Aug/2018:09:36:57 +0800] "GET /js/WEI_2100/layui.all.js HTTP/1.1" 200 228080 "http://merp.yudo.com.cn:8183/WEI_2100/WEI_2100?formKey=M20180802T093233943&menuSelection=asm" "Mozilla/5.0 (Windows NT 6.1; Win64; x64) AppleWebKit/537.36 (KHTML, like Gecko) Chrome/66.0.3359.139 Safari/537.36"
49.64.234.247 - - [02/Aug/2018:09:36:57 +0800] "GET /js/WEI_2100/WEI_2100_Lists.js?v=3091 HTTP/1.1" 200 127602 "http://merp.yudo.com.cn:8183/WEI_2100/WEI_2100?formKey=M20180802T093233943&menuSelection=asm" "Mozilla/5.0 (Windows NT 6.1; Win64; x64) AppleWebKit/537.36 (KHTML, like Gecko) Chrome/66.0.3359.139 Safari/537.36"
49.64.234.247 - - [02/Aug/2018:09:36:57 +0800] "GET /js/WEI_2100/font/iconfont.woff?v=230-rc1 HTTP/1.1" 200 25996 "http://merp.yudo.com.cn:8183/js/WEI_2100/css/layui.css" "Mozilla/5.0 (Windows NT 6.1; Win64; x64) AppleWebKit/537.36 (KHTML, like Gecko) Chrome/66.0.3359.139 Safari/537.36"
49.64.234.247 - - [02/Aug/2018:09:36:57 +0800] "GET /css/fonts/mui.ttf HTTP/1.1" 200 29884 "http://merp.yudo.com.cn:8183/css/WEI_2000/mui.min.css" "Mozilla/5.0 (Windows NT 6.1; Win64; x64) AppleWebKit/537.36 (KHTML, like Gecko) Chrome/66.0.3359.139 Safari/537.36"
49.64.234.247 - - [02/Aug/2018:09:36:57 +0800] "GET /js/WEI_2100/css/modules/laydate/default/laydate.css?v=5.0.9 HTTP/1.1" 200 7541 "http://merp.yudo.com.cn:8183/WEI_2100/WEI_2100?formKey=M20180802T093233943&menuSelection=asm" "Mozilla/5.0 (Windows NT 6.1; Win64; x64) AppleWebKit/537.36 (KHTML, like Gecko) Chrome/66.0.3359.139 Safari/537.36"
49.64.234.247 - - [02/Aug/2018:09:36:57 +0800] "GET /js/WEI_2100/css/modules/layer/default/layer.css?v=3.1.1 HTTP/1.1" 200 14429 "http://merp.yudo.com.cn:8183/WEI_2100/WEI_2100?formKey=M20180802T093233943&menuSelection=asm" "Mozilla/5.0 (Windows NT 6.1; Win64; x64) AppleWebKit/537.36 (KHTML, like Gecko) Chrome/66.0.3359.139 Safari/537.36"
49.64.234.247 - - [02/Aug/2018:09:36:57 +0800] "GET /js/WEI_2100/css/modules/code.css HTTP/1.1" 200 1067 "http://merp.yudo.com.cn:8183/WEI_2100/WEI_2100?formKey=M20180802T093233943&menuSelection=asm" "Mozilla/5.0 (Windows NT 6.1; Win64; x64) AppleWebKit/537.36 (KHTML, like Gecko) Chrome/66.0.3359.139 Safari/537.36"
49.64.234.247 - - [02/Aug/2018:09:36:57 +0800] "POST /JLAMPCommon/langBatchRows_prc HTTP/1.1" 200 14644 "http://merp.yudo.com.cn:8183/WEI_2100/WEI_2100?formKey=M20180802T093233943&menuSelection=asm" "Mozilla/5.0 (Windows NT 6.1; Win64; x64) AppleWebKit/537.36 (KHTML, like Gecko) Chrome/66.0.3359.139 Safari/537.36"
49.64.234.247 - - [02/Aug/2018:09:36:57 +0800] "POST /JLAMPCommon/langBatchRows_prc HTTP/1.1" 200 15011 "http://merp.yudo.com.cn:8183/WEI_2100/WEI_2100?formKey=M20180802T093233943&menuSelection=asm" "Mozilla/5.0 (Windows NT 6.1; Win64; x64) AppleWebKit/537.36 (KHTML, like Gecko) Chrome/66.0.3359.139 Safari/537.36"
49.64.234.247 - - [02/Aug/2018:09:36:58 +0800] "GET /JLAMPCommon/getCookieJson_prc HTTP/1.1" 200 902 "http://merp.yudo.com.cn:8183/WEI_2100/WEI_2100?formKey=M20180802T093233943&menuSelection=asm" "Mozilla/5.0 (Windows NT 6.1; Win64; x64) AppleWebKit/537.36 (KHTML, like Gecko) Chrome/66.0.3359.139 Safari/537.36"
49.64.234.247 - - [02/Aug/2018:09:36:59 +0800] "GET /Menu/Menu?formKey=M20180802T093233943 HTTP/1.1" 200 6091 "http://merp.yudo.com.cn:8183/?deviceType=mobile&devicePlatform=ios" "Mozilla/5.0 (Windows NT 6.1; Win64; x64) AppleWebKit/537.36 (KHTML, like Gecko) Chrome/66.0.3359.139 Safari/537.36"
49.64.234.247 - - [02/Aug/2018:09:36:59 +0800] "POST /JLAMPCommon/langBatchRows_prc HTTP/1.1" 200 227 "http://merp.yudo.com.cn:8183/Menu/Menu?formKey=M20180802T093233943" "Mozilla/5.0 (Windows NT 6.1; Win64; x64) AppleWebKit/537.36 (KHTML, like Gecko) Chrome/66.0.3359.139 Safari/537.36"
49.64.234.247 - - [02/Aug/2018:09:36:59 +0800] "GET /JLAMPCommon/getCookieJson_prc HTTP/1.1" 200 902 "http://merp.yudo.com.cn:8183/Menu/Menu?formKey=M20180802T093233943" "Mozilla/5.0 (Windows NT 6.1; Win64; x64) AppleWebKit/537.36 (KHTML, like Gecko) Chrome/66.0.3359.139 Safari/537.36"
49.64.234.247 - - [02/Aug/2018:09:37:00 +0800] "GET /Menu/doMenuRows_prc?formKey=M20180802T093233943 HTTP/1.1" 200 1800 "http://merp.yudo.com.cn:8183/Menu/Menu?formKey=M20180802T093233943" "Mozilla/5.0 (Windows NT 6.1; Win64; x64) AppleWebKit/537.36 (KHTML, like Gecko) Chrome/66.0.3359.139 Safari/537.36"
::1 - - [02/Aug/2018:09:37:07 +0800] "OPTIONS * HTTP/1.0" 200 - "-" "Apache/2.4.6 (CentOS) PHP/5.6.32 (internal dummy connection)"
49.64.234.247 - - [02/Aug/2018:09:38:34 +0800] "POST /JLAMPCommon/setFormAccessLog_prc HTTP/1.1" 200 75 "http://merp.yudo.com.cn:8183/Menu/Menu?formKey=M20180802T093233943" "Mozilla/5.0 (Windows NT 6.1; Win64; x64) AppleWebKit/537.36 (KHTML, like Gecko) Chrome/66.0.3359.139 Safari/537.36"
49.64.234.247 - - [02/Aug/2018:09:38:35 +0800] "POST /main/logout_prc HTTP/1.1" 200 44 "http://merp.yudo.com.cn:8183/Menu/Menu?formKey=M20180802T093233943" "Mozilla/5.0 (Windows NT 6.1; Win64; x64) AppleWebKit/537.36 (KHTML, like Gecko) Chrome/66.0.3359.139 Safari/537.36"
49.64.234.247 - - [02/Aug/2018:09:38:35 +0800] "POST /JLAMPCommon/setFormAccessLog_prc HTTP/1.1" 200 75 "http://merp.yudo.com.cn:8183/Menu/Menu?formKey=M20180802T093233943" "Mozilla/5.0 (Windows NT 6.1; Win64; x64) AppleWebKit/537.36 (KHTML, like Gecko) Chrome/66.0.3359.139 Safari/537.36"
49.64.234.247 - - [02/Aug/2018:09:38:36 +0800] "POST /main/logout_prc HTTP/1.1" 200 44 "http://merp.yudo.com.cn:8183/Menu/Menu?formKey=M20180802T093233943" "Mozilla/5.0 (Windows NT 6.1; Win64; x64) AppleWebKit/537.36 (KHTML, like Gecko) Chrome/66.0.3359.139 Safari/537.36"
49.64.234.247 - - [02/Aug/2018:09:38:36 +0800] "GET /?deviceType=mobile&devicePlatform=ios HTTP/1.1" 200 7883 "http://merp.yudo.com.cn:8183/Menu/Menu?formKey=M20180802T093233943" "Mozilla/5.0 (Windows NT 6.1; Win64; x64) AppleWebKit/537.36 (KHTML, like Gecko) Chrome/66.0.3359.139 Safari/537.36"
49.64.234.247 - - [02/Aug/2018:09:38:37 +0800] "GET /JLAMPCommon/getCookieJson_prc HTTP/1.1" 200 62 "http://merp.yudo.com.cn:8183/?deviceType=mobile&devicePlatform=ios" "Mozilla/5.0 (Windows NT 6.1; Win64; x64) AppleWebKit/537.36 (KHTML, like Gecko) Chrome/66.0.3359.139 Safari/537.36"
223.104.146.71 - - [02/Aug/2018:10:32:52 +0800] "GET /?deviceType=mobile&devicePlatform=android HTTP/1.1" 302 149 "-" "Mozilla/5.0 (Linux; Android 8.0.0; DUK-AL20 Build/HUAWEIDUK-AL20; wv) AppleWebKit/537.36 (KHTML, like Gecko) Version/4.0 Chrome/66.0.3359.126 Mobile Safari/537.36"
223.104.146.71 - - [02/Aug/2018:10:32:52 +0800] "GET /Menu/Menu?formKey=M20180802T102928280 HTTP/1.1" 200 6094 "-" "Mozilla/5.0 (Linux; Android 8.0.0; DUK-AL20 Build/HUAWEIDUK-AL20; wv) AppleWebKit/537.36 (KHTML, like Gecko) Version/4.0 Chrome/66.0.3359.126 Mobile Safari/537.36"
223.104.146.71 - - [02/Aug/2018:10:32:53 +0800] "POST /JLAMPCommon/langBatchRows_prc HTTP/1.1" 200 595 "http://merp.yudo.com.cn:8183/Menu/Menu?formKey=M20180802T102928280" "Mozilla/5.0 (Linux; Android 8.0.0; DUK-AL20 Build/HUAWEIDUK-AL20; wv) AppleWebKit/537.36 (KHTML, like Gecko) Version/4.0 Chrome/66.0.3359.126 Mobile Safari/537.36"
223.104.146.71 - - [02/Aug/2018:10:32:53 +0800] "GET /JLAMPCommon/getCookieJson_prc HTTP/1.1" 200 840 "http://merp.yudo.com.cn:8183/Menu/Menu?formKey=M20180802T102928280" "Mozilla/5.0 (Linux; Android 8.0.0; DUK-AL20 Build/HUAWEIDUK-AL20; wv) AppleWebKit/537.36 (KHTML, like Gecko) Version/4.0 Chrome/66.0.3359.126 Mobile Safari/537.36"
223.104.146.71 - - [02/Aug/2018:10:32:53 +0800] "GET /Menu/doMenuRows_prc?formKey=M20180802T102928280 HTTP/1.1" 200 1622 "http://merp.yudo.com.cn:8183/Menu/Menu?formKey=M20180802T102928280" "Mozilla/5.0 (Linux; Android 8.0.0; DUK-AL20 Build/HUAWEIDUK-AL20; wv) AppleWebKit/537.36 (KHTML, like Gecko) Version/4.0 Chrome/66.0.3359.126 Mobile Safari/537.36"
223.104.146.71 - - [02/Aug/2018:10:32:54 +0800] "GET /image/favicon.ico HTTP/1.1" 404 1133 "http://merp.yudo.com.cn:8183/Menu/Menu?formKey=M20180802T102928280" "Mozilla/5.0 (Linux; Android 8.0.0; DUK-AL20 Build/HUAWEIDUK-AL20; wv) AppleWebKit/537.36 (KHTML, like Gecko) Version/4.0 Chrome/66.0.3359.126 Mobile Safari/537.36"
117.136.67.223 - - [02/Aug/2018:10:33:02 +0800] "GET /?deviceType=mobile&devicePlatform=android HTTP/1.1" 200 7901 "-" "Mozilla/5.0 (Linux; Android 5.1; OPPO R9m Build/LMY47I; wv) AppleWebKit/537.36 (KHTML, like Gecko) Version/4.0 Chrome/56.0.2924.87 Mobile Safari/537.36"
117.136.67.223 - - [02/Aug/2018:10:33:03 +0800] "GET /css/common.css?v=4002 HTTP/1.1" 304 - "http://merp.yudo.com.cn:8183/?deviceType=mobile&devicePlatform=android" "Mozilla/5.0 (Linux; Android 5.1; OPPO R9m Build/LMY47I; wv) AppleWebKit/537.36 (KHTML, like Gecko) Version/4.0 Chrome/56.0.2924.87 Mobile Safari/537.36"
223.104.146.71 - - [02/Aug/2018:10:33:03 +0800] "GET /WEI_1100/WEI_1100?formKey=M20180802T102928280&menuSelection=sm HTTP/1.1" 200 7858 "http://merp.yudo.com.cn:8183/Menu/Menu?formKey=M20180802T102928280" "Mozilla/5.0 (Linux; Android 8.0.0; DUK-AL20 Build/HUAWEIDUK-AL20; wv) AppleWebKit/537.36 (KHTML, like Gecko) Version/4.0 Chrome/66.0.3359.126 Mobile Safari/537.36"
117.136.67.223 - - [02/Aug/2018:10:33:03 +0800] "GET /js/version.js?v=20180713001 HTTP/1.1" 304 - "http://merp.yudo.com.cn:8183/?deviceType=mobile&devicePlatform=android" "Mozilla/5.0 (Linux; Android 5.1; OPPO R9m Build/LMY47I; wv) AppleWebKit/537.36 (KHTML, like Gecko) Version/4.0 Chrome/56.0.2924.87 Mobile Safari/537.36"
117.136.67.223 - - [02/Aug/2018:10:33:03 +0800] "GET /js/login.js?v=7009 HTTP/1.1" 304 - "http://merp.yudo.com.cn:8183/?deviceType=mobile&devicePlatform=android" "Mozilla/5.0 (Linux; Android 5.1; OPPO R9m Build/LMY47I; wv) AppleWebKit/537.36 (KHTML, like Gecko) Version/4.0 Chrome/56.0.2924.87 Mobile Safari/537.36"
223.104.146.71 - - [02/Aug/2018:10:33:03 +0800] "GET /third_party/KendoUI/js/kendo.all.min.js HTTP/1.1" 200 3038548 "http://merp.yudo.com.cn:8183/WEI_1100/WEI_1100?formKey=M20180802T102928280&menuSelection=sm" "Mozilla/5.0 (Linux; Android 8.0.0; DUK-AL20 Build/HUAWEIDUK-AL20; wv) AppleWebKit/537.36 (KHTML, like Gecko) Version/4.0 Chrome/66.0.3359.126 Mobile Safari/537.36"
223.104.146.71 - - [02/Aug/2018:10:33:06 +0800] "POST /JLAMPCommon/langBatchRows_prc HTTP/1.1" 200 2032 "http://merp.yudo.com.cn:8183/WEI_1100/WEI_1100?formKey=M20180802T102928280&menuSelection=sm" "Mozilla/5.0 (Linux; Android 8.0.0; DUK-AL20 Build/HUAWEIDUK-AL20; wv) AppleWebKit/537.36 (KHTML, like Gecko) Version/4.0 Chrome/66.0.3359.126 Mobile Safari/537.36"
223.104.146.71 - - [02/Aug/2018:10:33:07 +0800] "GET /JLAMPCommon/getCookieJson_prc HTTP/1.1" 200 840 "http://merp.yudo.com.cn:8183/WEI_1100/WEI_1100?formKey=M20180802T102928280&menuSelection=sm" "Mozilla/5.0 (Linux; Android 8.0.0; DUK-AL20 Build/HUAWEIDUK-AL20; wv) AppleWebKit/537.36 (KHTML, like Gecko) Version/4.0 Chrome/66.0.3359.126 Mobile Safari/537.36"
223.104.146.71 - - [02/Aug/2018:10:33:07 +0800] "POST /JLAMPCommon/langRow_prc HTTP/1.1" 200 191 "http://merp.yudo.com.cn:8183/WEI_1100/WEI_1100?formKey=M20180802T102928280&menuSelection=sm" "Mozilla/5.0 (Linux; Android 8.0.0; DUK-AL20 Build/HUAWEIDUK-AL20; wv) AppleWebKit/537.36 (KHTML, like Gecko) Version/4.0 Chrome/66.0.3359.126 Mobile Safari/537.36"
223.104.146.71 - - [02/Aug/2018:10:33:07 +0800] "POST /JLAMPCommon/langRow_prc HTTP/1.1" 200 203 "http://merp.yudo.com.cn:8183/WEI_1100/WEI_1100?formKey=M20180802T102928280&menuSelection=sm" "Mozilla/5.0 (Linux; Android 8.0.0; DUK-AL20 Build/HUAWEIDUK-AL20; wv) AppleWebKit/537.36 (KHTML, like Gecko) Version/4.0 Chrome/66.0.3359.126 Mobile Safari/537.36"
223.104.146.71 - - [02/Aug/2018:10:33:10 +0800] "GET /WEI_1100/WEI_1100/lists_prc?workType=M&baseDate=2018-08-02 HTTP/1.1" 200 4756 "http://merp.yudo.com.cn:8183/WEI_1100/WEI_1100?formKey=M20180802T102928280&menuSelection=sm" "Mozilla/5.0 (Linux; Android 8.0.0; DUK-AL20 Build/HUAWEIDUK-AL20; wv) AppleWebKit/537.36 (KHTML, like Gecko) Version/4.0 Chrome/66.0.3359.126 Mobile Safari/537.36"
223.104.146.71 - - [02/Aug/2018:10:33:14 +0800] "POST /JLAMPCommon/langRow_prc HTTP/1.1" 200 263 "http://merp.yudo.com.cn:8183/WEI_1100/WEI_1100?formKey=M20180802T102928280&menuSelection=sm" "Mozilla/5.0 (Linux; Android 8.0.0; DUK-AL20 Build/HUAWEIDUK-AL20; wv) AppleWebKit/537.36 (KHTML, like Gecko) Version/4.0 Chrome/66.0.3359.126 Mobile Safari/537.36"
223.104.146.71 - - [02/Aug/2018:10:33:14 +0800] "POST /JLAMPCommon/langRow_prc HTTP/1.1" 200 263 "http://merp.yudo.com.cn:8183/WEI_1100/WEI_1100?formKey=M20180802T102928280&menuSelection=sm" "Mozilla/5.0 (Linux; Android 8.0.0; DUK-AL20 Build/HUAWEIDUK-AL20; wv) AppleWebKit/537.36 (KHTML, like Gecko) Version/4.0 Chrome/66.0.3359.126 Mobile Safari/537.36"
223.104.146.71 - - [02/Aug/2018:10:33:14 +0800] "POST /JLAMPCommon/langRow_prc HTTP/1.1" 200 263 "http://merp.yudo.com.cn:8183/WEI_1100/WEI_1100?formKey=M20180802T102928280&menuSelection=sm" "Mozilla/5.0 (Linux; Android 8.0.0; DUK-AL20 Build/HUAWEIDUK-AL20; wv) AppleWebKit/537.36 (KHTML, like Gecko) Version/4.0 Chrome/66.0.3359.126 Mobile Safari/537.36"
223.104.146.71 - - [02/Aug/2018:10:33:15 +0800] "POST /JLAMPCommon/langRow_prc HTTP/1.1" 200 263 "http://merp.yudo.com.cn:8183/WEI_1100/WEI_1100?formKey=M20180802T102928280&menuSelection=sm" "Mozilla/5.0 (Linux; Android 8.0.0; DUK-AL20 Build/HUAWEIDUK-AL20; wv) AppleWebKit/537.36 (KHTML, like Gecko) Version/4.0 Chrome/66.0.3359.126 Mobile Safari/537.36"
223.104.146.71 - - [02/Aug/2018:10:33:15 +0800] "POST /JLAMPCommon/langRow_prc HTTP/1.1" 200 299 "http://merp.yudo.com.cn:8183/WEI_1100/WEI_1100?formKey=M20180802T102928280&menuSelection=sm" "Mozilla/5.0 (Linux; Android 8.0.0; DUK-AL20 Build/HUAWEIDUK-AL20; wv) AppleWebKit/537.36 (KHTML, like Gecko) Version/4.0 Chrome/66.0.3359.126 Mobile Safari/537.36"
117.136.67.223 - - [02/Aug/2018:10:33:03 +0800] "GET /third_party/KendoUI/js/kendo.all.min.js HTTP/1.1" 200 3038548 "http://merp.yudo.com.cn:8183/?deviceType=mobile&devicePlatform=android" "Mozilla/5.0 (Linux; Android 5.1; OPPO R9m Build/LMY47I; wv) AppleWebKit/537.36 (KHTML, like Gecko) Version/4.0 Chrome/56.0.2924.87 Mobile Safari/537.36"
223.104.146.71 - - [02/Aug/2018:10:33:17 +0800] "GET /third_party/bootstrap-3.3.5/fonts/glyphicons-halflings-regular.woff2 HTTP/1.1" 200 18028 "http://merp.yudo.com.cn:8183/third_party/bootstrap-3.3.5/css/bootstrap.css" "Mozilla/5.0 (Linux; Android 8.0.0; DUK-AL20 Build/HUAWEIDUK-AL20; wv) AppleWebKit/537.36 (KHTML, like Gecko) Version/4.0 Chrome/66.0.3359.126 Mobile Safari/537.36"
117.136.67.223 - - [02/Aug/2018:10:33:20 +0800] "GET /JLAMPCommon/getCookieJson_prc HTTP/1.1" 200 62 "http://merp.yudo.com.cn:8183/?deviceType=mobile&devicePlatform=android" "Mozilla/5.0 (Linux; Android 5.1; OPPO R9m Build/LMY47I; wv) AppleWebKit/537.36 (KHTML, like Gecko) Version/4.0 Chrome/56.0.2924.87 Mobile Safari/537.36"
117.136.67.223 - - [02/Aug/2018:10:33:21 +0800] "GET /image/favicon.ico HTTP/1.1" 404 1133 "http://merp.yudo.com.cn:8183/?deviceType=mobile&devicePlatform=android" "Mozilla/5.0 (Linux; Android 5.1; OPPO R9m Build/LMY47I; wv) AppleWebKit/537.36 (KHTML, like Gecko) Version/4.0 Chrome/56.0.2924.87 Mobile Safari/537.36"
223.104.146.71 - - [02/Aug/2018:10:33:20 +0800] "GET /WEI_1100/WEI_1100/lists_prc?workType=M&baseDate=2018-08-01 HTTP/1.1" 200 4745 "http://merp.yudo.com.cn:8183/WEI_1100/WEI_1100?formKey=M20180802T102928280&menuSelection=sm" "Mozilla/5.0 (Linux; Android 8.0.0; DUK-AL20 Build/HUAWEIDUK-AL20; wv) AppleWebKit/537.36 (KHTML, like Gecko) Version/4.0 Chrome/66.0.3359.126 Mobile Safari/537.36"
223.104.146.71 - - [02/Aug/2018:10:33:22 +0800] "POST /JLAMPCommon/langRow_prc HTTP/1.1" 200 263 "http://merp.yudo.com.cn:8183/WEI_1100/WEI_1100?formKey=M20180802T102928280&menuSelection=sm" "Mozilla/5.0 (Linux; Android 8.0.0; DUK-AL20 Build/HUAWEIDUK-AL20; wv) AppleWebKit/537.36 (KHTML, like Gecko) Version/4.0 Chrome/66.0.3359.126 Mobile Safari/537.36"
223.104.146.71 - - [02/Aug/2018:10:33:22 +0800] "POST /JLAMPCommon/langRow_prc HTTP/1.1" 200 263 "http://merp.yudo.com.cn:8183/WEI_1100/WEI_1100?formKey=M20180802T102928280&menuSelection=sm" "Mozilla/5.0 (Linux; Android 8.0.0; DUK-AL20 Build/HUAWEIDUK-AL20; wv) AppleWebKit/537.36 (KHTML, like Gecko) Version/4.0 Chrome/66.0.3359.126 Mobile Safari/537.36"
223.104.146.71 - - [02/Aug/2018:10:33:23 +0800] "POST /JLAMPCommon/langRow_prc HTTP/1.1" 200 263 "http://merp.yudo.com.cn:8183/WEI_1100/WEI_1100?formKey=M20180802T102928280&menuSelection=sm" "Mozilla/5.0 (Linux; Android 8.0.0; DUK-AL20 Build/HUAWEIDUK-AL20; wv) AppleWebKit/537.36 (KHTML, like Gecko) Version/4.0 Chrome/66.0.3359.126 Mobile Safari/537.36"
223.104.146.71 - - [02/Aug/2018:10:33:23 +0800] "POST /JLAMPCommon/langRow_prc HTTP/1.1" 200 263 "http://merp.yudo.com.cn:8183/WEI_1100/WEI_1100?formKey=M20180802T102928280&menuSelection=sm" "Mozilla/5.0 (Linux; Android 8.0.0; DUK-AL20 Build/HUAWEIDUK-AL20; wv) AppleWebKit/537.36 (KHTML, like Gecko) Version/4.0 Chrome/66.0.3359.126 Mobile Safari/537.36"
223.104.146.71 - - [02/Aug/2018:10:33:23 +0800] "POST /JLAMPCommon/langRow_prc HTTP/1.1" 200 299 "http://merp.yudo.com.cn:8183/WEI_1100/WEI_1100?formKey=M20180802T102928280&menuSelection=sm" "Mozilla/5.0 (Linux; Android 8.0.0; DUK-AL20 Build/HUAWEIDUK-AL20; wv) AppleWebKit/537.36 (KHTML, like Gecko) Version/4.0 Chrome/66.0.3359.126 Mobile Safari/537.36"
117.136.67.223 - - [02/Aug/2018:10:33:46 +0800] "POST /main/login_prc HTTP/1.1" 200 74 "http://merp.yudo.com.cn:8183/?deviceType=mobile&devicePlatform=android" "Mozilla/5.0 (Linux; Android 5.1; OPPO R9m Build/LMY47I; wv) AppleWebKit/537.36 (KHTML, like Gecko) Version/4.0 Chrome/56.0.2924.87 Mobile Safari/537.36"
223.104.146.71 - - [02/Aug/2018:10:33:47 +0800] "GET /WEI_1100/WEI_1100/lists_prc?workType=M&baseDate=2018-08-02 HTTP/1.1" 200 4756 "http://merp.yudo.com.cn:8183/WEI_1100/WEI_1100?formKey=M20180802T102928280&menuSelection=sm" "Mozilla/5.0 (Linux; Android 8.0.0; DUK-AL20 Build/HUAWEIDUK-AL20; wv) AppleWebKit/537.36 (KHTML, like Gecko) Version/4.0 Chrome/66.0.3359.126 Mobile Safari/537.36"
117.136.67.223 - - [02/Aug/2018:10:33:49 +0800] "POST /main/login_prc HTTP/1.1" 200 74 "http://merp.yudo.com.cn:8183/?deviceType=mobile&devicePlatform=android" "Mozilla/5.0 (Linux; Android 5.1; OPPO R9m Build/LMY47I; wv) AppleWebKit/537.36 (KHTML, like Gecko) Version/4.0 Chrome/56.0.2924.87 Mobile Safari/537.36"
223.104.146.71 - - [02/Aug/2018:10:33:49 +0800] "POST /JLAMPCommon/langRow_prc HTTP/1.1" 200 263 "http://merp.yudo.com.cn:8183/WEI_1100/WEI_1100?formKey=M20180802T102928280&menuSelection=sm" "Mozilla/5.0 (Linux; Android 8.0.0; DUK-AL20 Build/HUAWEIDUK-AL20; wv) AppleWebKit/537.36 (KHTML, like Gecko) Version/4.0 Chrome/66.0.3359.126 Mobile Safari/537.36"
223.104.146.71 - - [02/Aug/2018:10:33:49 +0800] "POST /JLAMPCommon/langRow_prc HTTP/1.1" 200 263 "http://merp.yudo.com.cn:8183/WEI_1100/WEI_1100?formKey=M20180802T102928280&menuSelection=sm" "Mozilla/5.0 (Linux; Android 8.0.0; DUK-AL20 Build/HUAWEIDUK-AL20; wv) AppleWebKit/537.36 (KHTML, like Gecko) Version/4.0 Chrome/66.0.3359.126 Mobile Safari/537.36"
223.104.146.71 - - [02/Aug/2018:10:33:50 +0800] "POST /JLAMPCommon/langRow_prc HTTP/1.1" 200 263 "http://merp.yudo.com.cn:8183/WEI_1100/WEI_1100?formKey=M20180802T102928280&menuSelection=sm" "Mozilla/5.0 (Linux; Android 8.0.0; DUK-AL20 Build/HUAWEIDUK-AL20; wv) AppleWebKit/537.36 (KHTML, like Gecko) Version/4.0 Chrome/66.0.3359.126 Mobile Safari/537.36"
223.104.146.71 - - [02/Aug/2018:10:33:50 +0800] "POST /JLAMPCommon/langRow_prc HTTP/1.1" 200 263 "http://merp.yudo.com.cn:8183/WEI_1100/WEI_1100?formKey=M20180802T102928280&menuSelection=sm" "Mozilla/5.0 (Linux; Android 8.0.0; DUK-AL20 Build/HUAWEIDUK-AL20; wv) AppleWebKit/537.36 (KHTML, like Gecko) Version/4.0 Chrome/66.0.3359.126 Mobile Safari/537.36"
223.104.146.71 - - [02/Aug/2018:10:33:51 +0800] "POST /JLAMPCommon/langRow_prc HTTP/1.1" 200 299 "http://merp.yudo.com.cn:8183/WEI_1100/WEI_1100?formKey=M20180802T102928280&menuSelection=sm" "Mozilla/5.0 (Linux; Android 8.0.0; DUK-AL20 Build/HUAWEIDUK-AL20; wv) AppleWebKit/537.36 (KHTML, like Gecko) Version/4.0 Chrome/66.0.3359.126 Mobile Safari/537.36"
117.136.67.223 - - [02/Aug/2018:10:33:56 +0800] "POST /main/login_prc HTTP/1.1" 200 74 "http://merp.yudo.com.cn:8183/?deviceType=mobile&devicePlatform=android" "Mozilla/5.0 (Linux; Android 5.1; OPPO R9m Build/LMY47I; wv) AppleWebKit/537.36 (KHTML, like Gecko) Version/4.0 Chrome/56.0.2924.87 Mobile Safari/537.36"
223.104.146.71 - - [02/Aug/2018:10:33:55 +0800] "GET /WEI_1100/WEI_1100/lists_prc?workType=M&baseDate=2018-08-01 HTTP/1.1" 200 4745 "http://merp.yudo.com.cn:8183/WEI_1100/WEI_1100?formKey=M20180802T102928280&menuSelection=sm" "Mozilla/5.0 (Linux; Android 8.0.0; DUK-AL20 Build/HUAWEIDUK-AL20; wv) AppleWebKit/537.36 (KHTML, like Gecko) Version/4.0 Chrome/66.0.3359.126 Mobile Safari/537.36"
223.104.146.71 - - [02/Aug/2018:10:33:57 +0800] "POST /JLAMPCommon/langRow_prc HTTP/1.1" 200 263 "http://merp.yudo.com.cn:8183/WEI_1100/WEI_1100?formKey=M20180802T102928280&menuSelection=sm" "Mozilla/5.0 (Linux; Android 8.0.0; DUK-AL20 Build/HUAWEIDUK-AL20; wv) AppleWebKit/537.36 (KHTML, like Gecko) Version/4.0 Chrome/66.0.3359.126 Mobile Safari/537.36"
223.104.146.71 - - [02/Aug/2018:10:33:57 +0800] "POST /JLAMPCommon/langRow_prc HTTP/1.1" 200 263 "http://merp.yudo.com.cn:8183/WEI_1100/WEI_1100?formKey=M20180802T102928280&menuSelection=sm" "Mozilla/5.0 (Linux; Android 8.0.0; DUK-AL20 Build/HUAWEIDUK-AL20; wv) AppleWebKit/537.36 (KHTML, like Gecko) Version/4.0 Chrome/66.0.3359.126 Mobile Safari/537.36"
223.104.146.71 - - [02/Aug/2018:10:33:57 +0800] "POST /JLAMPCommon/langRow_prc HTTP/1.1" 200 263 "http://merp.yudo.com.cn:8183/WEI_1100/WEI_1100?formKey=M20180802T102928280&menuSelection=sm" "Mozilla/5.0 (Linux; Android 8.0.0; DUK-AL20 Build/HUAWEIDUK-AL20; wv) AppleWebKit/537.36 (KHTML, like Gecko) Version/4.0 Chrome/66.0.3359.126 Mobile Safari/537.36"
223.104.146.71 - - [02/Aug/2018:10:33:58 +0800] "POST /JLAMPCommon/langRow_prc HTTP/1.1" 200 263 "http://merp.yudo.com.cn:8183/WEI_1100/WEI_1100?formKey=M20180802T102928280&menuSelection=sm" "Mozilla/5.0 (Linux; Android 8.0.0; DUK-AL20 Build/HUAWEIDUK-AL20; wv) AppleWebKit/537.36 (KHTML, like Gecko) Version/4.0 Chrome/66.0.3359.126 Mobile Safari/537.36"
223.104.146.71 - - [02/Aug/2018:10:33:58 +0800] "POST /JLAMPCommon/langRow_prc HTTP/1.1" 200 299 "http://merp.yudo.com.cn:8183/WEI_1100/WEI_1100?formKey=M20180802T102928280&menuSelection=sm" "Mozilla/5.0 (Linux; Android 8.0.0; DUK-AL20 Build/HUAWEIDUK-AL20; wv) AppleWebKit/537.36 (KHTML, like Gecko) Version/4.0 Chrome/66.0.3359.126 Mobile Safari/537.36"
117.136.67.223 - - [02/Aug/2018:10:34:12 +0800] "POST /main/login_prc HTTP/1.1" 200 74 "http://merp.yudo.com.cn:8183/?deviceType=mobile&devicePlatform=android" "Mozilla/5.0 (Linux; Android 5.1; OPPO R9m Build/LMY47I; wv) AppleWebKit/537.36 (KHTML, like Gecko) Version/4.0 Chrome/56.0.2924.87 Mobile Safari/537.36"
117.136.67.223 - - [02/Aug/2018:10:34:36 +0800] "POST /main/login_prc HTTP/1.1" 200 44 "http://merp.yudo.com.cn:8183/?deviceType=mobile&devicePlatform=android" "Mozilla/5.0 (Linux; Android 5.1; OPPO R9m Build/LMY47I; wv) AppleWebKit/537.36 (KHTML, like Gecko) Version/4.0 Chrome/56.0.2924.87 Mobile Safari/537.36"
117.136.67.223 - - [02/Aug/2018:10:34:37 +0800] "POST /main/checkMenuAuth_prc HTTP/1.1" 200 44 "http://merp.yudo.com.cn:8183/?deviceType=mobile&devicePlatform=android" "Mozilla/5.0 (Linux; Android 5.1; OPPO R9m Build/LMY47I; wv) AppleWebKit/537.36 (KHTML, like Gecko) Version/4.0 Chrome/56.0.2924.87 Mobile Safari/537.36"
117.136.67.223 - - [02/Aug/2018:10:34:37 +0800] "POST / HTTP/1.1" 302 149 "http://merp.yudo.com.cn:8183/?deviceType=mobile&devicePlatform=android" "Mozilla/5.0 (Linux; Android 5.1; OPPO R9m Build/LMY47I; wv) AppleWebKit/537.36 (KHTML, like Gecko) Version/4.0 Chrome/56.0.2924.87 Mobile Safari/537.36"
117.136.67.223 - - [02/Aug/2018:10:34:37 +0800] "POST / HTTP/1.1" 302 149 "http://merp.yudo.com.cn:8183/?deviceType=mobile&devicePlatform=android" "Mozilla/5.0 (Linux; Android 5.1; OPPO R9m Build/LMY47I; wv) AppleWebKit/537.36 (KHTML, like Gecko) Version/4.0 Chrome/56.0.2924.87 Mobile Safari/537.36"
117.136.67.223 - - [02/Aug/2018:10:34:38 +0800] "GET /ASManage/ASManage?formKey=M20180802T103113287 HTTP/1.1" 404 1133 "http://merp.yudo.com.cn:8183/?deviceType=mobile&devicePlatform=android" "Mozilla/5.0 (Linux; Android 5.1; OPPO R9m Build/LMY47I; wv) AppleWebKit/537.36 (KHTML, like Gecko) Version/4.0 Chrome/56.0.2924.87 Mobile Safari/537.36"
117.136.67.223 - - [02/Aug/2018:10:34:38 +0800] "GET /favicon.ico HTTP/1.1" 404 1133 "http://merp.yudo.com.cn:8183/ASManage/ASManage?formKey=M20180802T103113287" "Mozilla/5.0 (Linux; Android 5.1; OPPO R9m Build/LMY47I; wv) AppleWebKit/537.36 (KHTML, like Gecko) Version/4.0 Chrome/56.0.2924.87 Mobile Safari/537.36"
117.136.67.223 - - [02/Aug/2018:10:35:12 +0800] "GET /?deviceType=mobile&devicePlatform=android HTTP/1.1" 302 149 "-" "Mozilla/5.0 (Linux; Android 5.1; OPPO R9m Build/LMY47I; wv) AppleWebKit/537.36 (KHTML, like Gecko) Version/4.0 Chrome/56.0.2924.87 Mobile Safari/537.36"
117.136.67.223 - - [02/Aug/2018:10:35:13 +0800] "GET /ASManage/ASManage?formKey=M20180802T103148293 HTTP/1.1" 404 1133 "-" "Mozilla/5.0 (Linux; Android 5.1; OPPO R9m Build/LMY47I; wv) AppleWebKit/537.36 (KHTML, like Gecko) Version/4.0 Chrome/56.0.2924.87 Mobile Safari/537.36"
117.136.67.223 - - [02/Aug/2018:10:35:13 +0800] "GET /favicon.ico HTTP/1.1" 404 1133 "http://merp.yudo.com.cn:8183/ASManage/ASManage?formKey=M20180802T103148293" "Mozilla/5.0 (Linux; Android 5.1; OPPO R9m Build/LMY47I; wv) AppleWebKit/537.36 (KHTML, like Gecko) Version/4.0 Chrome/56.0.2924.87 Mobile Safari/537.36"
223.104.146.71 - - [02/Aug/2018:10:35:24 +0800] "GET /Menu/Menu/menuLists?formKey=M20180802T102928280&menuSelection=sm HTTP/1.1" 200 6096 "http://merp.yudo.com.cn:8183/WEI_1100/WEI_1100?formKey=M20180802T102928280&menuSelection=sm" "Mozilla/5.0 (Linux; Android 8.0.0; DUK-AL20 Build/HUAWEIDUK-AL20; wv) AppleWebKit/537.36 (KHTML, like Gecko) Version/4.0 Chrome/66.0.3359.126 Mobile Safari/537.36"
223.104.146.71 - - [02/Aug/2018:10:35:25 +0800] "POST /JLAMPCommon/langBatchRows_prc HTTP/1.1" 200 595 "http://merp.yudo.com.cn:8183/Menu/Menu/menuLists?formKey=M20180802T102928280&menuSelection=sm" "Mozilla/5.0 (Linux; Android 8.0.0; DUK-AL20 Build/HUAWEIDUK-AL20; wv) AppleWebKit/537.36 (KHTML, like Gecko) Version/4.0 Chrome/66.0.3359.126 Mobile Safari/537.36"
223.104.146.71 - - [02/Aug/2018:10:35:25 +0800] "GET /JLAMPCommon/getCookieJson_prc HTTP/1.1" 200 840 "http://merp.yudo.com.cn:8183/Menu/Menu/menuLists?formKey=M20180802T102928280&menuSelection=sm" "Mozilla/5.0 (Linux; Android 8.0.0; DUK-AL20 Build/HUAWEIDUK-AL20; wv) AppleWebKit/537.36 (KHTML, like Gecko) Version/4.0 Chrome/66.0.3359.126 Mobile Safari/537.36"
223.104.146.71 - - [02/Aug/2018:10:35:25 +0800] "GET /Menu/doMenuRows_prc?formKey=M20180802T102928280 HTTP/1.1" 200 1622 "http://merp.yudo.com.cn:8183/Menu/Menu/menuLists?formKey=M20180802T102928280&menuSelection=sm" "Mozilla/5.0 (Linux; Android 8.0.0; DUK-AL20 Build/HUAWEIDUK-AL20; wv) AppleWebKit/537.36 (KHTML, like Gecko) Version/4.0 Chrome/66.0.3359.126 Mobile Safari/537.36"
223.104.146.71 - - [02/Aug/2018:10:35:30 +0800] "GET /WEI_2000/WEI_2000?formKey=M20180802T102928280&menuSelection=asm HTTP/1.1" 200 36047 "http://merp.yudo.com.cn:8183/Menu/Menu/menuLists?formKey=M20180802T102928280&menuSelection=sm" "Mozilla/5.0 (Linux; Android 8.0.0; DUK-AL20 Build/HUAWEIDUK-AL20; wv) AppleWebKit/537.36 (KHTML, like Gecko) Version/4.0 Chrome/66.0.3359.126 Mobile Safari/537.36"
223.104.146.71 - - [02/Aug/2018:10:35:31 +0800] "GET /third_party/bootstrap-3.3.5mui-table-view-cell/css/bootstrap.css HTTP/1.1" 404 1133 "http://merp.yudo.com.cn:8183/WEI_2000/WEI_2000?formKey=M20180802T102928280&menuSelection=asm" "Mozilla/5.0 (Linux; Android 8.0.0; DUK-AL20 Build/HUAWEIDUK-AL20; wv) AppleWebKit/537.36 (KHTML, like Gecko) Version/4.0 Chrome/66.0.3359.126 Mobile Safari/537.36"
223.104.146.71 - - [02/Aug/2018:10:35:31 +0800] "GET /css/WEI_2000/WEI_2000_Lists.css?v=201807080921 HTTP/1.1" 200 6029 "http://merp.yudo.com.cn:8183/WEI_2000/WEI_2000?formKey=M20180802T102928280&menuSelection=asm" "Mozilla/5.0 (Linux; Android 8.0.0; DUK-AL20 Build/HUAWEIDUK-AL20; wv) AppleWebKit/537.36 (KHTML, like Gecko) Version/4.0 Chrome/66.0.3359.126 Mobile Safari/537.36"
223.104.146.71 - - [02/Aug/2018:10:35:31 +0800] "GET /js/WEI_2000/WEI_2000_Lists.js?v=201807370935 HTTP/1.1" 200 58186 "http://merp.yudo.com.cn:8183/WEI_2000/WEI_2000?formKey=M20180802T102928280&menuSelection=asm" "Mozilla/5.0 (Linux; Android 8.0.0; DUK-AL20 Build/HUAWEIDUK-AL20; wv) AppleWebKit/537.36 (KHTML, like Gecko) Version/4.0 Chrome/66.0.3359.126 Mobile Safari/537.36"
223.104.146.71 - - [02/Aug/2018:10:35:31 +0800] "POST /JLAMPCommon/langBatchRows_prc HTTP/1.1" 200 1422 "http://merp.yudo.com.cn:8183/WEI_2000/WEI_2000?formKey=M20180802T102928280&menuSelection=asm" "Mozilla/5.0 (Linux; Android 8.0.0; DUK-AL20 Build/HUAWEIDUK-AL20; wv) AppleWebKit/537.36 (KHTML, like Gecko) Version/4.0 Chrome/66.0.3359.126 Mobile Safari/537.36"
223.104.146.71 - - [02/Aug/2018:10:35:32 +0800] "GET /JLAMPCommon/getCookieJson_prc HTTP/1.1" 200 840 "http://merp.yudo.com.cn:8183/WEI_2000/WEI_2000?formKey=M20180802T102928280&menuSelection=asm" "Mozilla/5.0 (Linux; Android 8.0.0; DUK-AL20 Build/HUAWEIDUK-AL20; wv) AppleWebKit/537.36 (KHTML, like Gecko) Version/4.0 Chrome/66.0.3359.126 Mobile Safari/537.36"
223.104.146.71 - - [02/Aug/2018:10:35:32 +0800] "POST /JLAMPCommon/langRow_prc HTTP/1.1" 200 337 "http://merp.yudo.com.cn:8183/WEI_2000/WEI_2000?formKey=M20180802T102928280&menuSelection=asm" "Mozilla/5.0 (Linux; Android 8.0.0; DUK-AL20 Build/HUAWEIDUK-AL20; wv) AppleWebKit/537.36 (KHTML, like Gecko) Version/4.0 Chrome/66.0.3359.126 Mobile Safari/537.36"
223.104.146.71 - - [02/Aug/2018:10:35:33 +0800] "POST /JLAMPCommon/langRow_prc HTTP/1.1" 200 299 "http://merp.yudo.com.cn:8183/WEI_2000/WEI_2000?formKey=M20180802T102928280&menuSelection=asm" "Mozilla/5.0 (Linux; Android 8.0.0; DUK-AL20 Build/HUAWEIDUK-AL20; wv) AppleWebKit/537.36 (KHTML, like Gecko) Version/4.0 Chrome/66.0.3359.126 Mobile Safari/537.36"
223.104.146.71 - - [02/Aug/2018:10:35:33 +0800] "POST /JLAMPCommon/langRow_prc HTTP/1.1" 200 299 "http://merp.yudo.com.cn:8183/WEI_2000/WEI_2000?formKey=M20180802T102928280&menuSelection=asm" "Mozilla/5.0 (Linux; Android 8.0.0; DUK-AL20 Build/HUAWEIDUK-AL20; wv) AppleWebKit/537.36 (KHTML, like Gecko) Version/4.0 Chrome/66.0.3359.126 Mobile Safari/537.36"
223.104.146.71 - - [02/Aug/2018:10:35:33 +0800] "POST /JLAMPCommon/langRow_prc HTTP/1.1" 200 245 "http://merp.yudo.com.cn:8183/WEI_2000/WEI_2000?formKey=M20180802T102928280&menuSelection=asm" "Mozilla/5.0 (Linux; Android 8.0.0; DUK-AL20 Build/HUAWEIDUK-AL20; wv) AppleWebKit/537.36 (KHTML, like Gecko) Version/4.0 Chrome/66.0.3359.126 Mobile Safari/537.36"
223.104.146.71 - - [02/Aug/2018:10:35:34 +0800] "GET /WEI_2000/WEI_2000/login_user HTTP/1.1" 200 148 "http://merp.yudo.com.cn:8183/WEI_2000/WEI_2000?formKey=M20180802T102928280&menuSelection=asm" "Mozilla/5.0 (Linux; Android 8.0.0; DUK-AL20 Build/HUAWEIDUK-AL20; wv) AppleWebKit/537.36 (KHTML, like Gecko) Version/4.0 Chrome/66.0.3359.126 Mobile Safari/537.36"
223.104.146.71 - - [02/Aug/2018:10:35:34 +0800] "GET /WEI_2000/WEI_2000/user_prc HTTP/1.1" 200 92003 "http://merp.yudo.com.cn:8183/WEI_2000/WEI_2000?formKey=M20180802T102928280&menuSelection=asm" "Mozilla/5.0 (Linux; Android 8.0.0; DUK-AL20 Build/HUAWEIDUK-AL20; wv) AppleWebKit/537.36 (KHTML, like Gecko) Version/4.0 Chrome/66.0.3359.126 Mobile Safari/537.36"
223.104.146.71 - - [02/Aug/2018:10:35:34 +0800] "POST /JLAMPCommon/langRow_prc HTTP/1.1" 200 191 "http://merp.yudo.com.cn:8183/WEI_2000/WEI_2000?formKey=M20180802T102928280&menuSelection=asm" "Mozilla/5.0 (Linux; Android 8.0.0; DUK-AL20 Build/HUAWEIDUK-AL20; wv) AppleWebKit/537.36 (KHTML, like Gecko) Version/4.0 Chrome/66.0.3359.126 Mobile Safari/537.36"
223.104.146.71 - - [02/Aug/2018:10:35:34 +0800] "POST /JLAMPCommon/langRow_prc HTTP/1.1" 200 203 "http://merp.yudo.com.cn:8183/WEI_2000/WEI_2000?formKey=M20180802T102928280&menuSelection=asm" "Mozilla/5.0 (Linux; Android 8.0.0; DUK-AL20 Build/HUAWEIDUK-AL20; wv) AppleWebKit/537.36 (KHTML, like Gecko) Version/4.0 Chrome/66.0.3359.126 Mobile Safari/537.36"
223.104.146.71 - - [02/Aug/2018:10:35:35 +0800] "GET /Menu/Menu/menuLists?formKey=M20180802T102928280&menuSelection=sm HTTP/1.1" 200 6096 "http://merp.yudo.com.cn:8183/WEI_1100/WEI_1100?formKey=M20180802T102928280&menuSelection=sm" "Mozilla/5.0 (Linux; Android 8.0.0; DUK-AL20 Build/HUAWEIDUK-AL20; wv) AppleWebKit/537.36 (KHTML, like Gecko) Version/4.0 Chrome/66.0.3359.126 Mobile Safari/537.36"
223.104.146.71 - - [02/Aug/2018:10:35:36 +0800] "POST /JLAMPCommon/langBatchRows_prc HTTP/1.1" 200 595 "http://merp.yudo.com.cn:8183/Menu/Menu/menuLists?formKey=M20180802T102928280&menuSelection=sm" "Mozilla/5.0 (Linux; Android 8.0.0; DUK-AL20 Build/HUAWEIDUK-AL20; wv) AppleWebKit/537.36 (KHTML, like Gecko) Version/4.0 Chrome/66.0.3359.126 Mobile Safari/537.36"
223.104.146.71 - - [02/Aug/2018:10:35:36 +0800] "GET /JLAMPCommon/getCookieJson_prc HTTP/1.1" 200 840 "http://merp.yudo.com.cn:8183/Menu/Menu/menuLists?formKey=M20180802T102928280&menuSelection=sm" "Mozilla/5.0 (Linux; Android 8.0.0; DUK-AL20 Build/HUAWEIDUK-AL20; wv) AppleWebKit/537.36 (KHTML, like Gecko) Version/4.0 Chrome/66.0.3359.126 Mobile Safari/537.36"
223.104.146.71 - - [02/Aug/2018:10:35:37 +0800] "GET /Menu/doMenuRows_prc?formKey=M20180802T102928280 HTTP/1.1" 200 1622 "http://merp.yudo.com.cn:8183/Menu/Menu/menuLists?formKey=M20180802T102928280&menuSelection=sm" "Mozilla/5.0 (Linux; Android 8.0.0; DUK-AL20 Build/HUAWEIDUK-AL20; wv) AppleWebKit/537.36 (KHTML, like Gecko) Version/4.0 Chrome/66.0.3359.126 Mobile Safari/537.36"
117.136.67.223 - - [02/Aug/2018:10:35:41 +0800] "GET /?deviceType=mobile&devicePlatform=android HTTP/1.1" 302 149 "-" "Mozilla/5.0 (Linux; Android 5.1; OPPO R9m Build/LMY47I; wv) AppleWebKit/537.36 (KHTML, like Gecko) Version/4.0 Chrome/56.0.2924.87 Mobile Safari/537.36"
117.136.67.223 - - [02/Aug/2018:10:35:42 +0800] "GET /ASManage/ASManage?formKey=M20180802T103217093 HTTP/1.1" 404 1133 "-" "Mozilla/5.0 (Linux; Android 5.1; OPPO R9m Build/LMY47I; wv) AppleWebKit/537.36 (KHTML, like Gecko) Version/4.0 Chrome/56.0.2924.87 Mobile Safari/537.36"
117.136.67.223 - - [02/Aug/2018:10:35:43 +0800] "GET /favicon.ico HTTP/1.1" 404 1133 "http://merp.yudo.com.cn:8183/ASManage/ASManage?formKey=M20180802T103217093" "Mozilla/5.0 (Linux; Android 5.1; OPPO R9m Build/LMY47I; wv) AppleWebKit/537.36 (KHTML, like Gecko) Version/4.0 Chrome/56.0.2924.87 Mobile Safari/537.36"
117.136.67.223 - - [02/Aug/2018:10:35:55 +0800] "GET /?deviceType=mobile&devicePlatform=android HTTP/1.1" 302 149 "-" "Mozilla/5.0 (Linux; Android 5.1; OPPO R9m Build/LMY47I; wv) AppleWebKit/537.36 (KHTML, like Gecko) Version/4.0 Chrome/56.0.2924.87 Mobile Safari/537.36"
117.136.67.223 - - [02/Aug/2018:10:35:55 +0800] "GET /ASManage/ASManage?formKey=M20180802T103231253 HTTP/1.1" 404 1133 "-" "Mozilla/5.0 (Linux; Android 5.1; OPPO R9m Build/LMY47I; wv) AppleWebKit/537.36 (KHTML, like Gecko) Version/4.0 Chrome/56.0.2924.87 Mobile Safari/537.36"
117.136.67.223 - - [02/Aug/2018:10:35:56 +0800] "GET /favicon.ico HTTP/1.1" 404 1133 "http://merp.yudo.com.cn:8183/ASManage/ASManage?formKey=M20180802T103231253" "Mozilla/5.0 (Linux; Android 5.1; OPPO R9m Build/LMY47I; wv) AppleWebKit/537.36 (KHTML, like Gecko) Version/4.0 Chrome/56.0.2924.87 Mobile Safari/537.36"
117.136.67.223 - - [02/Aug/2018:10:36:16 +0800] "GET /?deviceType=mobile&devicePlatform=android HTTP/1.1" 302 149 "-" "Mozilla/5.0 (Linux; Android 5.1; OPPO R9m Build/LMY47I; wv) AppleWebKit/537.36 (KHTML, like Gecko) Version/4.0 Chrome/56.0.2924.87 Mobile Safari/537.36"
117.136.67.223 - - [02/Aug/2018:10:36:17 +0800] "GET /ASManage/ASManage?formKey=M20180802T103252293 HTTP/1.1" 404 1133 "-" "Mozilla/5.0 (Linux; Android 5.1; OPPO R9m Build/LMY47I; wv) AppleWebKit/537.36 (KHTML, like Gecko) Version/4.0 Chrome/56.0.2924.87 Mobile Safari/537.36"
117.136.67.223 - - [02/Aug/2018:10:36:18 +0800] "GET /favicon.ico HTTP/1.1" 404 1133 "http://merp.yudo.com.cn:8183/ASManage/ASManage?formKey=M20180802T103252293" "Mozilla/5.0 (Linux; Android 5.1; OPPO R9m Build/LMY47I; wv) AppleWebKit/537.36 (KHTML, like Gecko) Version/4.0 Chrome/56.0.2924.87 Mobile Safari/537.36"
117.136.67.223 - - [02/Aug/2018:10:40:50 +0800] "GET /?deviceType=mobile&devicePlatform=android HTTP/1.1" 302 149 "-" "Mozilla/5.0 (Linux; Android 5.1; OPPO R9m Build/LMY47I; wv) AppleWebKit/537.36 (KHTML, like Gecko) Version/4.0 Chrome/56.0.2924.87 Mobile Safari/537.36"
117.136.67.223 - - [02/Aug/2018:10:40:51 +0800] "GET /ASManage/ASManage?formKey=M20180802T103726407 HTTP/1.1" 404 1133 "-" "Mozilla/5.0 (Linux; Android 5.1; OPPO R9m Build/LMY47I; wv) AppleWebKit/537.36 (KHTML, like Gecko) Version/4.0 Chrome/56.0.2924.87 Mobile Safari/537.36"
117.136.67.223 - - [02/Aug/2018:10:40:51 +0800] "GET /favicon.ico HTTP/1.1" 404 1133 "http://merp.yudo.com.cn:8183/ASManage/ASManage?formKey=M20180802T103726407" "Mozilla/5.0 (Linux; Android 5.1; OPPO R9m Build/LMY47I; wv) AppleWebKit/537.36 (KHTML, like Gecko) Version/4.0 Chrome/56.0.2924.87 Mobile Safari/537.36"
117.136.67.223 - - [02/Aug/2018:10:41:48 +0800] "GET /?deviceType=mobile&devicePlatform=android HTTP/1.1" 302 149 "-" "Mozilla/5.0 (Linux; Android 5.1; OPPO R9m Build/LMY47I; wv) AppleWebKit/537.36 (KHTML, like Gecko) Version/4.0 Chrome/56.0.2924.87 Mobile Safari/537.36"
117.136.67.223 - - [02/Aug/2018:10:41:49 +0800] "GET /ASManage/ASManage?formKey=M20180802T103824500 HTTP/1.1" 404 1133 "-" "Mozilla/5.0 (Linux; Android 5.1; OPPO R9m Build/LMY47I; wv) AppleWebKit/537.36 (KHTML, like Gecko) Version/4.0 Chrome/56.0.2924.87 Mobile Safari/537.36"
117.136.67.223 - - [02/Aug/2018:10:41:49 +0800] "GET /favicon.ico HTTP/1.1" 404 1133 "http://merp.yudo.com.cn:8183/ASManage/ASManage?formKey=M20180802T103824500" "Mozilla/5.0 (Linux; Android 5.1; OPPO R9m Build/LMY47I; wv) AppleWebKit/537.36 (KHTML, like Gecko) Version/4.0 Chrome/56.0.2924.87 Mobile Safari/537.36"
117.136.67.223 - - [02/Aug/2018:10:42:54 +0800] "GET /?deviceType=mobile&devicePlatform=android HTTP/1.1" 302 149 "-" "Mozilla/5.0 (Linux; Android 5.1; OPPO R9m Build/LMY47I; wv) AppleWebKit/537.36 (KHTML, like Gecko) Version/4.0 Chrome/56.0.2924.87 Mobile Safari/537.36"
117.136.67.223 - - [02/Aug/2018:10:42:54 +0800] "GET /ASManage/ASManage?formKey=M20180802T103929850 HTTP/1.1" 404 1133 "-" "Mozilla/5.0 (Linux; Android 5.1; OPPO R9m Build/LMY47I; wv) AppleWebKit/537.36 (KHTML, like Gecko) Version/4.0 Chrome/56.0.2924.87 Mobile Safari/537.36"
117.136.67.223 - - [02/Aug/2018:10:42:55 +0800] "GET /favicon.ico HTTP/1.1" 404 1133 "http://merp.yudo.com.cn:8183/ASManage/ASManage?formKey=M20180802T103929850" "Mozilla/5.0 (Linux; Android 5.1; OPPO R9m Build/LMY47I; wv) AppleWebKit/537.36 (KHTML, like Gecko) Version/4.0 Chrome/56.0.2924.87 Mobile Safari/537.36"
117.136.67.223 - - [02/Aug/2018:10:43:09 +0800] "GET /?deviceType=mobile&devicePlatform=android HTTP/1.1" 302 149 "-" "Mozilla/5.0 (Linux; Android 5.1; OPPO R9m Build/LMY47I; wv) AppleWebKit/537.36 (KHTML, like Gecko) Version/4.0 Chrome/56.0.2924.87 Mobile Safari/537.36"
117.136.67.223 - - [02/Aug/2018:10:43:10 +0800] "GET /ASManage/ASManage?formKey=M20180802T103945680 HTTP/1.1" 404 1133 "-" "Mozilla/5.0 (Linux; Android 5.1; OPPO R9m Build/LMY47I; wv) AppleWebKit/537.36 (KHTML, like Gecko) Version/4.0 Chrome/56.0.2924.87 Mobile Safari/537.36"
117.136.67.223 - - [02/Aug/2018:10:43:10 +0800] "GET /favicon.ico HTTP/1.1" 404 1133 "http://merp.yudo.com.cn:8183/ASManage/ASManage?formKey=M20180802T103945680" "Mozilla/5.0 (Linux; Android 5.1; OPPO R9m Build/LMY47I; wv) AppleWebKit/537.36 (KHTML, like Gecko) Version/4.0 Chrome/56.0.2924.87 Mobile Safari/537.36"
117.136.67.223 - - [02/Aug/2018:10:43:51 +0800] "GET /?deviceType=mobile&devicePlatform=android HTTP/1.1" 200 7883 "-" "Mozilla/5.0 (Linux; Android 5.1; OPPO R9m Build/LMY47I; wv) AppleWebKit/537.36 (KHTML, like Gecko) Version/4.0 Chrome/56.0.2924.87 Mobile Safari/537.36"
117.136.67.223 - - [02/Aug/2018:10:43:51 +0800] "GET /third_party/bootstrap-3.3.5/css/bootstrap-theme.css HTTP/1.1" 200 26132 "http://merp.yudo.com.cn:8183/?deviceType=mobile&devicePlatform=android" "Mozilla/5.0 (Linux; Android 5.1; OPPO R9m Build/LMY47I; wv) AppleWebKit/537.36 (KHTML, like Gecko) Version/4.0 Chrome/56.0.2924.87 Mobile Safari/537.36"
117.136.67.223 - - [02/Aug/2018:10:43:51 +0800] "GET /third_party/loading-overlay/waitMe.css HTTP/1.1" 200 14541 "http://merp.yudo.com.cn:8183/?deviceType=mobile&devicePlatform=android" "Mozilla/5.0 (Linux; Android 5.1; OPPO R9m Build/LMY47I; wv) AppleWebKit/537.36 (KHTML, like Gecko) Version/4.0 Chrome/56.0.2924.87 Mobile Safari/537.36"
117.136.67.223 - - [02/Aug/2018:10:43:51 +0800] "GET /third_party/bootstrap-datetimepicker/css/bootstrap-datetimepicker.css HTTP/1.1" 200 12289 "http://merp.yudo.com.cn:8183/?deviceType=mobile&devicePlatform=android" "Mozilla/5.0 (Linux; Android 5.1; OPPO R9m Build/LMY47I; wv) AppleWebKit/537.36 (KHTML, like Gecko) Version/4.0 Chrome/56.0.2924.87 Mobile Safari/537.36"
117.136.67.223 - - [02/Aug/2018:10:43:51 +0800] "GET /css/bootstrap_modify.css HTTP/1.1" 200 265 "http://merp.yudo.com.cn:8183/?deviceType=mobile&devicePlatform=android" "Mozilla/5.0 (Linux; Android 5.1; OPPO R9m Build/LMY47I; wv) AppleWebKit/537.36 (KHTML, like Gecko) Version/4.0 Chrome/56.0.2924.87 Mobile Safari/537.36"
117.136.67.223 - - [02/Aug/2018:10:43:51 +0800] "GET /third_party/slideout-1.0.1/index.css HTTP/1.1" 200 491 "http://merp.yudo.com.cn:8183/?deviceType=mobile&devicePlatform=android" "Mozilla/5.0 (Linux; Android 5.1; OPPO R9m Build/LMY47I; wv) AppleWebKit/537.36 (KHTML, like Gecko) Version/4.0 Chrome/56.0.2924.87 Mobile Safari/537.36"
117.136.67.223 - - [02/Aug/2018:10:43:52 +0800] "GET /css/slide_menu.css HTTP/1.1" 200 2705 "http://merp.yudo.com.cn:8183/?deviceType=mobile&devicePlatform=android" "Mozilla/5.0 (Linux; Android 5.1; OPPO R9m Build/LMY47I; wv) AppleWebKit/537.36 (KHTML, like Gecko) Version/4.0 Chrome/56.0.2924.87 Mobile Safari/537.36"
117.136.67.223 - - [02/Aug/2018:10:43:51 +0800] "GET /third_party/bootstrap-3.3.5/css/bootstrap.css HTTP/1.1" 200 147430 "http://merp.yudo.com.cn:8183/?deviceType=mobile&devicePlatform=android" "Mozilla/5.0 (Linux; Android 5.1; OPPO R9m Build/LMY47I; wv) AppleWebKit/537.36 (KHTML, like Gecko) Version/4.0 Chrome/56.0.2924.87 Mobile Safari/537.36"
117.136.67.223 - - [02/Aug/2018:10:43:52 +0800] "GET /css/JLAMP.common.min.css HTTP/1.1" 200 - "http://merp.yudo.com.cn:8183/?deviceType=mobile&devicePlatform=android" "Mozilla/5.0 (Linux; Android 5.1; OPPO R9m Build/LMY47I; wv) AppleWebKit/537.36 (KHTML, like Gecko) Version/4.0 Chrome/56.0.2924.87 Mobile Safari/537.36"
117.136.67.223 - - [02/Aug/2018:10:43:52 +0800] "GET /css/JLAMP.modal.min.css HTTP/1.1" 200 920 "http://merp.yudo.com.cn:8183/?deviceType=mobile&devicePlatform=android" "Mozilla/5.0 (Linux; Android 5.1; OPPO R9m Build/LMY47I; wv) AppleWebKit/537.36 (KHTML, like Gecko) Version/4.0 Chrome/56.0.2924.87 Mobile Safari/537.36"
117.136.67.223 - - [02/Aug/2018:10:43:52 +0800] "GET /css/JLAMP.autobinding.min.css HTTP/1.1" 200 852 "http://merp.yudo.com.cn:8183/?deviceType=mobile&devicePlatform=android" "Mozilla/5.0 (Linux; Android 5.1; OPPO R9m Build/LMY47I; wv) AppleWebKit/537.36 (KHTML, like Gecko) Version/4.0 Chrome/56.0.2924.87 Mobile Safari/537.36"
117.136.67.223 - - [02/Aug/2018:10:43:52 +0800] "GET /css/login.css HTTP/1.1" 200 2712 "http://merp.yudo.com.cn:8183/?deviceType=mobile&devicePlatform=android" "Mozilla/5.0 (Linux; Android 5.1; OPPO R9m Build/LMY47I; wv) AppleWebKit/537.36 (KHTML, like Gecko) Version/4.0 Chrome/56.0.2924.87 Mobile Safari/537.36"
117.136.67.223 - - [02/Aug/2018:10:43:52 +0800] "GET /css/common.css?v=4002 HTTP/1.1" 200 12200 "http://merp.yudo.com.cn:8183/?deviceType=mobile&devicePlatform=android" "Mozilla/5.0 (Linux; Android 5.1; OPPO R9m Build/LMY47I; wv) AppleWebKit/537.36 (KHTML, like Gecko) Version/4.0 Chrome/56.0.2924.87 Mobile Safari/537.36"
117.136.67.223 - - [02/Aug/2018:10:43:52 +0800] "GET /third_party/KendoUI/styles/kendo.bootstrap.min.css HTTP/1.1" 200 83074 "http://merp.yudo.com.cn:8183/?deviceType=mobile&devicePlatform=android" "Mozilla/5.0 (Linux; Android 5.1; OPPO R9m Build/LMY47I; wv) AppleWebKit/537.36 (KHTML, like Gecko) Version/4.0 Chrome/56.0.2924.87 Mobile Safari/537.36"
117.136.67.223 - - [02/Aug/2018:10:43:53 +0800] "GET /third_party/bootstrap-3.3.5/js/bootstrap.min.js HTTP/1.1" 200 36816 "http://merp.yudo.com.cn:8183/?deviceType=mobile&devicePlatform=android" "Mozilla/5.0 (Linux; Android 5.1; OPPO R9m Build/LMY47I; wv) AppleWebKit/537.36 (KHTML, like Gecko) Version/4.0 Chrome/56.0.2924.87 Mobile Safari/537.36"
117.136.67.223 - - [02/Aug/2018:10:43:53 +0800] "GET /third_party/bootstrap-datetimepicker/js/bootstrap-datetimepicker.js HTTP/1.1" 200 67526 "http://merp.yudo.com.cn:8183/?deviceType=mobile&devicePlatform=android" "Mozilla/5.0 (Linux; Android 5.1; OPPO R9m Build/LMY47I; wv) AppleWebKit/537.36 (KHTML, like Gecko) Version/4.0 Chrome/56.0.2924.87 Mobile Safari/537.36"
