117.136.68.151 - - [30/Oct/2020:14:44:12 +0800] "GET /css/animate.min.css?v=1003 HTTP/1.1" 200 52799 "http://merp.yudo.com.cn:8183/Menu" "Mozilla/5.0 (Linux; Android 10; ELS-AN00 Build/HUAWEIELS-AN00; wv) AppleWebKit/537.36 (KHTML, like Gecko) Version/4.0 Chrome/78.0.3904.108 Mobile Safari/537.36"
117.136.68.151 - - [30/Oct/2020:14:44:13 +0800] "GET /js/mui.min.js?v=1001 HTTP/1.1" 200 115810 "http://merp.yudo.com.cn:8183/Menu" "Mozilla/5.0 (Linux; Android 10; ELS-AN00 Build/HUAWEIELS-AN00; wv) AppleWebKit/537.36 (KHTML, like Gecko) Version/4.0 Chrome/78.0.3904.108 Mobile Safari/537.36"
117.136.68.151 - - [30/Oct/2020:14:44:13 +0800] "GET /js/lang.min.js?v=1004 HTTP/1.1" 200 1138 "http://merp.yudo.com.cn:8183/Menu" "Mozilla/5.0 (Linux; Android 10; ELS-AN00 Build/HUAWEIELS-AN00; wv) AppleWebKit/537.36 (KHTML, like Gecko) Version/4.0 Chrome/78.0.3904.108 Mobile Safari/537.36"
117.136.68.151 - - [30/Oct/2020:14:44:13 +0800] "GET /js/multiHttp.js?v=1015 HTTP/1.1" 200 48308 "http://merp.yudo.com.cn:8183/Menu" "Mozilla/5.0 (Linux; Android 10; ELS-AN00 Build/HUAWEIELS-AN00; wv) AppleWebKit/537.36 (KHTML, like Gecko) Version/4.0 Chrome/78.0.3904.108 Mobile Safari/537.36"
117.136.68.151 - - [30/Oct/2020:14:44:13 +0800] "GET /js/mui.previewimage.js?v=201804261256 HTTP/1.1" 200 13324 "http://merp.yudo.com.cn:8183/Menu" "Mozilla/5.0 (Linux; Android 10; ELS-AN00 Build/HUAWEIELS-AN00; wv) AppleWebKit/537.36 (KHTML, like Gecko) Version/4.0 Chrome/78.0.3904.108 Mobile Safari/537.36"
117.136.68.151 - - [30/Oct/2020:14:44:12 +0800] "GET /third_party/jquery-2.1.4/jquery.js HTTP/1.1" 200 247606 "http://merp.yudo.com.cn:8183/Menu" "Mozilla/5.0 (Linux; Android 10; ELS-AN00 Build/HUAWEIELS-AN00; wv) AppleWebKit/537.36 (KHTML, like Gecko) Version/4.0 Chrome/78.0.3904.108 Mobile Safari/537.36"
117.136.68.151 - - [30/Oct/2020:14:44:13 +0800] "GET /js/mui.zoom.js?v=201804231454 HTTP/1.1" 200 11703 "http://merp.yudo.com.cn:8183/Menu" "Mozilla/5.0 (Linux; Android 10; ELS-AN00 Build/HUAWEIELS-AN00; wv) AppleWebKit/537.36 (KHTML, like Gecko) Version/4.0 Chrome/78.0.3904.108 Mobile Safari/537.36"
117.136.68.151 - - [30/Oct/2020:14:44:12 +0800] "GET /js/vue.js HTTP/1.1" 200 289301 "http://merp.yudo.com.cn:8183/Menu" "Mozilla/5.0 (Linux; Android 10; ELS-AN00 Build/HUAWEIELS-AN00; wv) AppleWebKit/537.36 (KHTML, like Gecko) Version/4.0 Chrome/78.0.3904.108 Mobile Safari/537.36"
117.136.68.151 - - [30/Oct/2020:14:44:13 +0800] "GET /js/mui.picker.min.js?v=1002 HTTP/1.1" 200 18411 "http://merp.yudo.com.cn:8183/Menu" "Mozilla/5.0 (Linux; Android 10; ELS-AN00 Build/HUAWEIELS-AN00; wv) AppleWebKit/537.36 (KHTML, like Gecko) Version/4.0 Chrome/78.0.3904.108 Mobile Safari/537.36"
117.136.68.151 - - [30/Oct/2020:14:44:13 +0800] "GET /js/fastclick.js HTTP/1.1" 200 25966 "http://merp.yudo.com.cn:8183/Menu" "Mozilla/5.0 (Linux; Android 10; ELS-AN00 Build/HUAWEIELS-AN00; wv) AppleWebKit/537.36 (KHTML, like Gecko) Version/4.0 Chrome/78.0.3904.108 Mobile Safari/537.36"
117.136.68.151 - - [30/Oct/2020:14:44:13 +0800] "GET /js/JLAMP.min.js HTTP/1.1" 200 1461 "http://merp.yudo.com.cn:8183/Menu" "Mozilla/5.0 (Linux; Android 10; ELS-AN00 Build/HUAWEIELS-AN00; wv) AppleWebKit/537.36 (KHTML, like Gecko) Version/4.0 Chrome/78.0.3904.108 Mobile Safari/537.36"
117.136.68.151 - - [30/Oct/2020:14:44:13 +0800] "GET /js/JLAMP.common.min.js HTTP/1.1" 200 9705 "http://merp.yudo.com.cn:8183/Menu" "Mozilla/5.0 (Linux; Android 10; ELS-AN00 Build/HUAWEIELS-AN00; wv) AppleWebKit/537.36 (KHTML, like Gecko) Version/4.0 Chrome/78.0.3904.108 Mobile Safari/537.36"
117.136.68.151 - - [30/Oct/2020:14:44:13 +0800] "GET /js/JLAMP.lang.min.js HTTP/1.1" 200 1750 "http://merp.yudo.com.cn:8183/Menu" "Mozilla/5.0 (Linux; Android 10; ELS-AN00 Build/HUAWEIELS-AN00; wv) AppleWebKit/537.36 (KHTML, like Gecko) Version/4.0 Chrome/78.0.3904.108 Mobile Safari/537.36"
117.136.68.151 - - [30/Oct/2020:14:44:13 +0800] "GET /image/fonticon/headDefault.jpg HTTP/1.1" 200 2436 "http://merp.yudo.com.cn:8183/Menu" "Mozilla/5.0 (Linux; Android 10; ELS-AN00 Build/HUAWEIELS-AN00; wv) AppleWebKit/537.36 (KHTML, like Gecko) Version/4.0 Chrome/78.0.3904.108 Mobile Safari/537.36"
117.136.68.151 - - [30/Oct/2020:14:44:13 +0800] "GET /image/login_logo.png HTTP/1.1" 200 3941 "http://merp.yudo.com.cn:8183/Menu" "Mozilla/5.0 (Linux; Android 10; ELS-AN00 Build/HUAWEIELS-AN00; wv) AppleWebKit/537.36 (KHTML, like Gecko) Version/4.0 Chrome/78.0.3904.108 Mobile Safari/537.36"
117.136.68.151 - - [30/Oct/2020:14:44:13 +0800] "GET /js/Menu/Menu.js?v=200017 HTTP/1.1" 200 11548 "http://merp.yudo.com.cn:8183/Menu" "Mozilla/5.0 (Linux; Android 10; ELS-AN00 Build/HUAWEIELS-AN00; wv) AppleWebKit/537.36 (KHTML, like Gecko) Version/4.0 Chrome/78.0.3904.108 Mobile Safari/537.36"
117.136.68.151 - - [30/Oct/2020:14:44:13 +0800] "GET /js/echarts.min.js HTTP/1.1" 200 744675 "http://merp.yudo.com.cn:8183/Menu" "Mozilla/5.0 (Linux; Android 10; ELS-AN00 Build/HUAWEIELS-AN00; wv) AppleWebKit/537.36 (KHTML, like Gecko) Version/4.0 Chrome/78.0.3904.108 Mobile Safari/537.36"
117.136.68.151 - - [30/Oct/2020:14:44:14 +0800] "GET /image/fonticon/home_icon.png HTTP/1.1" 200 1180 "http://merp.yudo.com.cn:8183/css/yudo-ui.css?v=2016" "Mozilla/5.0 (Linux; Android 10; ELS-AN00 Build/HUAWEIELS-AN00; wv) AppleWebKit/537.36 (KHTML, like Gecko) Version/4.0 Chrome/78.0.3904.108 Mobile Safari/537.36"
117.136.68.151 - - [30/Oct/2020:14:44:14 +0800] "GET /image/fonticon/refresh_icon.png HTTP/1.1" 200 2550 "http://merp.yudo.com.cn:8183/css/yudo-ui.css?v=2016" "Mozilla/5.0 (Linux; Android 10; ELS-AN00 Build/HUAWEIELS-AN00; wv) AppleWebKit/537.36 (KHTML, like Gecko) Version/4.0 Chrome/78.0.3904.108 Mobile Safari/537.36"
117.136.68.151 - - [30/Oct/2020:14:44:14 +0800] "GET /image/fonticon/switchPass_icon.png HTTP/1.1" 200 1480 "http://merp.yudo.com.cn:8183/css/yudo-ui.css?v=2016" "Mozilla/5.0 (Linux; Android 10; ELS-AN00 Build/HUAWEIELS-AN00; wv) AppleWebKit/537.36 (KHTML, like Gecko) Version/4.0 Chrome/78.0.3904.108 Mobile Safari/537.36"
117.136.68.151 - - [30/Oct/2020:14:44:14 +0800] "GET /image/fonticon/cleanCache_icon.png HTTP/1.1" 200 951 "http://merp.yudo.com.cn:8183/css/yudo-ui.css?v=2016" "Mozilla/5.0 (Linux; Android 10; ELS-AN00 Build/HUAWEIELS-AN00; wv) AppleWebKit/537.36 (KHTML, like Gecko) Version/4.0 Chrome/78.0.3904.108 Mobile Safari/537.36"
117.136.68.151 - - [30/Oct/2020:14:44:14 +0800] "GET /image/fonticon/quit_icon.png HTTP/1.1" 200 1268 "http://merp.yudo.com.cn:8183/css/yudo-ui.css?v=2016" "Mozilla/5.0 (Linux; Android 10; ELS-AN00 Build/HUAWEIELS-AN00; wv) AppleWebKit/537.36 (KHTML, like Gecko) Version/4.0 Chrome/78.0.3904.108 Mobile Safari/537.36"
117.136.68.151 - - [30/Oct/2020:14:44:14 +0800] "GET /image/fonticon/connectRecord_icon.png HTTP/1.1" 200 1412 "http://merp.yudo.com.cn:8183/css/yudo-ui.css?v=2016" "Mozilla/5.0 (Linux; Android 10; ELS-AN00 Build/HUAWEIELS-AN00; wv) AppleWebKit/537.36 (KHTML, like Gecko) Version/4.0 Chrome/78.0.3904.108 Mobile Safari/537.36"
117.136.68.151 - - [30/Oct/2020:14:44:14 +0800] "GET /fonts/mui.ttf HTTP/1.1" 200 29884 "http://merp.yudo.com.cn:8183/css/mui.min.css?v=1012" "Mozilla/5.0 (Linux; Android 10; ELS-AN00 Build/HUAWEIELS-AN00; wv) AppleWebKit/537.36 (KHTML, like Gecko) Version/4.0 Chrome/78.0.3904.108 Mobile Safari/537.36"
117.136.68.151 - - [30/Oct/2020:14:44:14 +0800] "GET /image/fonticon/userMenu_icon.png HTTP/1.1" 200 412 "http://merp.yudo.com.cn:8183/css/yudo-ui.css?v=2016" "Mozilla/5.0 (Linux; Android 10; ELS-AN00 Build/HUAWEIELS-AN00; wv) AppleWebKit/537.36 (KHTML, like Gecko) Version/4.0 Chrome/78.0.3904.108 Mobile Safari/537.36"
117.136.68.151 - - [30/Oct/2020:14:44:14 +0800] "GET /image/fonticon/extend_icon.png HTTP/1.1" 200 731 "http://merp.yudo.com.cn:8183/css/yudo-ui.css?v=2016" "Mozilla/5.0 (Linux; Android 10; ELS-AN00 Build/HUAWEIELS-AN00; wv) AppleWebKit/537.36 (KHTML, like Gecko) Version/4.0 Chrome/78.0.3904.108 Mobile Safari/537.36"
117.136.68.151 - - [30/Oct/2020:14:44:14 +0800] "GET /language/LANG_CHN.json?beta=2197 HTTP/1.1" 200 32414 "http://merp.yudo.com.cn:8183/Menu" "Mozilla/5.0 (Linux; Android 10; ELS-AN00 Build/HUAWEIELS-AN00; wv) AppleWebKit/537.36 (KHTML, like Gecko) Version/4.0 Chrome/78.0.3904.108 Mobile Safari/537.36"
117.136.68.151 - - [30/Oct/2020:14:44:14 +0800] "GET /image/fonticon/dayTotal_icon.png HTTP/1.1" 200 4233 "http://merp.yudo.com.cn:8183/css/yudo-ui.css?v=2016" "Mozilla/5.0 (Linux; Android 10; ELS-AN00 Build/HUAWEIELS-AN00; wv) AppleWebKit/537.36 (KHTML, like Gecko) Version/4.0 Chrome/78.0.3904.108 Mobile Safari/537.36"
117.136.68.151 - - [30/Oct/2020:14:44:14 +0800] "GET /image/fonticon/salesStatus_icon.png HTTP/1.1" 200 4985 "http://merp.yudo.com.cn:8183/css/yudo-ui.css?v=2016" "Mozilla/5.0 (Linux; Android 10; ELS-AN00 Build/HUAWEIELS-AN00; wv) AppleWebKit/537.36 (KHTML, like Gecko) Version/4.0 Chrome/78.0.3904.108 Mobile Safari/537.36"
117.136.68.151 - - [30/Oct/2020:14:44:14 +0800] "GET /image/fonticon/quote_icon.png HTTP/1.1" 200 5644 "http://merp.yudo.com.cn:8183/css/yudo-ui.css?v=2016" "Mozilla/5.0 (Linux; Android 10; ELS-AN00 Build/HUAWEIELS-AN00; wv) AppleWebKit/537.36 (KHTML, like Gecko) Version/4.0 Chrome/78.0.3904.108 Mobile Safari/537.36"
117.136.68.151 - - [30/Oct/2020:14:44:14 +0800] "GET /image/fonticon/loading_icon6.png HTTP/1.1" 200 2555 "http://merp.yudo.com.cn:8183/css/mui.min.css?v=1012" "Mozilla/5.0 (Linux; Android 10; ELS-AN00 Build/HUAWEIELS-AN00; wv) AppleWebKit/537.36 (KHTML, like Gecko) Version/4.0 Chrome/78.0.3904.108 Mobile Safari/537.36"
117.136.68.151 - - [30/Oct/2020:14:44:14 +0800] "GET /Menu/doMenuRows_prc?formKey=Menu HTTP/1.1" 200 1582 "http://merp.yudo.com.cn:8183/Menu" "Mozilla/5.0 (Linux; Android 10; ELS-AN00 Build/HUAWEIELS-AN00; wv) AppleWebKit/537.36 (KHTML, like Gecko) Version/4.0 Chrome/78.0.3904.108 Mobile Safari/537.36"
117.136.68.151 - - [30/Oct/2020:14:44:14 +0800] "GET /image/yudo-01.png HTTP/1.1" 200 381770 "http://merp.yudo.com.cn:8183/Menu" "Mozilla/5.0 (Linux; Android 10; ELS-AN00 Build/HUAWEIELS-AN00; wv) AppleWebKit/537.36 (KHTML, like Gecko) Version/4.0 Chrome/78.0.3904.108 Mobile Safari/537.36"
117.136.68.151 - - [30/Oct/2020:14:44:14 +0800] "GET /Menu/getVersionInfo HTTP/1.1" 200 394 "http://merp.yudo.com.cn:8183/Menu" "Mozilla/5.0 (Linux; Android 10; ELS-AN00 Build/HUAWEIELS-AN00; wv) AppleWebKit/537.36 (KHTML, like Gecko) Version/4.0 Chrome/78.0.3904.108 Mobile Safari/537.36"
117.136.68.151 - - [30/Oct/2020:14:44:14 +0800] "GET /Menu/getLoginInfo HTTP/1.1" 200 178 "http://merp.yudo.com.cn:8183/Menu" "Mozilla/5.0 (Linux; Android 10; ELS-AN00 Build/HUAWEIELS-AN00; wv) AppleWebKit/537.36 (KHTML, like Gecko) Version/4.0 Chrome/78.0.3904.108 Mobile Safari/537.36"
117.136.68.151 - - [30/Oct/2020:14:44:14 +0800] "GET /favicon.ico HTTP/1.1" 404 1476 "http://merp.yudo.com.cn:8183/Menu" "Mozilla/5.0 (Linux; Android 10; ELS-AN00 Build/HUAWEIELS-AN00; wv) AppleWebKit/537.36 (KHTML, like Gecko) Version/4.0 Chrome/78.0.3904.108 Mobile Safari/537.36"
::1 - - [30/Oct/2020:14:44:16 +0800] "OPTIONS * HTTP/1.0" 200 - "-" "Apache/2.4.6 (CentOS) PHP/5.6.32 (internal dummy connection)"
117.136.68.151 - - [30/Oct/2020:14:44:16 +0800] "GET /WEI_0100/WEI_0100?formKey=Menu&menuSelection=mi HTTP/1.1" 200 14458 "http://merp.yudo.com.cn:8183/Menu" "Mozilla/5.0 (Linux; Android 10; ELS-AN00 Build/HUAWEIELS-AN00; wv) AppleWebKit/537.36 (KHTML, like Gecko) Version/4.0 Chrome/78.0.3904.108 Mobile Safari/537.36"
117.136.68.151 - - [30/Oct/2020:14:44:17 +0800] "GET /image/fonticon/date_icon.png HTTP/1.1" 200 1883 "http://merp.yudo.com.cn:8183/css/yudo-ui.css?v=2016" "Mozilla/5.0 (Linux; Android 10; ELS-AN00 Build/HUAWEIELS-AN00; wv) AppleWebKit/537.36 (KHTML, like Gecko) Version/4.0 Chrome/78.0.3904.108 Mobile Safari/537.36"
117.136.68.151 - - [30/Oct/2020:14:44:17 +0800] "GET /image/fonticon/backMenu_icon.png HTTP/1.1" 200 1449 "http://merp.yudo.com.cn:8183/css/yudo-ui.css?v=2016" "Mozilla/5.0 (Linux; Android 10; ELS-AN00 Build/HUAWEIELS-AN00; wv) AppleWebKit/537.36 (KHTML, like Gecko) Version/4.0 Chrome/78.0.3904.108 Mobile Safari/537.36"
117.136.68.151 - - [30/Oct/2020:14:44:17 +0800] "GET /image/fonticon/expclass_icon.png HTTP/1.1" 200 3405 "http://merp.yudo.com.cn:8183/css/yudo-ui.css?v=2016" "Mozilla/5.0 (Linux; Android 10; ELS-AN00 Build/HUAWEIELS-AN00; wv) AppleWebKit/537.36 (KHTML, like Gecko) Version/4.0 Chrome/78.0.3904.108 Mobile Safari/537.36"
117.136.68.151 - - [30/Oct/2020:14:44:17 +0800] "GET /image/fonticon/back_icon2.png HTTP/1.1" 200 1066 "http://merp.yudo.com.cn:8183/css/yudo-ui.css?v=2016" "Mozilla/5.0 (Linux; Android 10; ELS-AN00 Build/HUAWEIELS-AN00; wv) AppleWebKit/537.36 (KHTML, like Gecko) Version/4.0 Chrome/78.0.3904.108 Mobile Safari/537.36"
117.136.68.151 - - [30/Oct/2020:14:44:17 +0800] "GET /js/WEI_0100/WEI_0100_Lists.js?v=200016 HTTP/1.1" 200 40456 "http://merp.yudo.com.cn:8183/WEI_0100/WEI_0100?formKey=Menu&menuSelection=mi" "Mozilla/5.0 (Linux; Android 10; ELS-AN00 Build/HUAWEIELS-AN00; wv) AppleWebKit/537.36 (KHTML, like Gecko) Version/4.0 Chrome/78.0.3904.108 Mobile Safari/537.36"
218.205.55.10 - - [30/Oct/2020:14:44:12 +0800] "POST /WEI_2300/getDeptIdTarget HTTP/1.1" 200 2156 "http://merp.yudo.com.cn:8183/WEI_2300/WEI_2300?formKey=Menu&menuSelection=asm" "Mozilla/5.0 (Linux; Android 9; SM-G9550 Build/PPR1.180610.011; wv) AppleWebKit/537.36 (KHTML, like Gecko) Version/4.0 Chrome/79.0.3945.116 Mobile Safari/537.36"
117.136.68.151 - - [30/Oct/2020:14:44:18 +0800] "GET /WEI_0100/lists_prc?gubun=D&baseDate=2020-10-30&dbChoose=SZ HTTP/1.1" 200 28120 "http://merp.yudo.com.cn:8183/WEI_0100/WEI_0100?formKey=Menu&menuSelection=mi" "Mozilla/5.0 (Linux; Android 10; ELS-AN00 Build/HUAWEIELS-AN00; wv) AppleWebKit/537.36 (KHTML, like Gecko) Version/4.0 Chrome/78.0.3904.108 Mobile Safari/537.36"
::1 - - [30/Oct/2020:14:44:22 +0800] "OPTIONS * HTTP/1.0" 200 - "-" "Apache/2.4.6 (CentOS) PHP/5.6.32 (internal dummy connection)"
::1 - - [30/Oct/2020:14:44:24 +0800] "OPTIONS * HTTP/1.0" 200 - "-" "Apache/2.4.6 (CentOS) PHP/5.6.32 (internal dummy connection)"
::1 - - [30/Oct/2020:14:44:25 +0800] "OPTIONS * HTTP/1.0" 200 - "-" "Apache/2.4.6 (CentOS) PHP/5.6.32 (internal dummy connection)"
::1 - - [30/Oct/2020:14:44:26 +0800] "OPTIONS * HTTP/1.0" 200 - "-" "Apache/2.4.6 (CentOS) PHP/5.6.32 (internal dummy connection)"
117.136.68.151 - - [30/Oct/2020:14:44:24 +0800] "GET /WEI_0100/lists_prc?gubun=M&baseDate=2020-10-30&dbChoose=SZ HTTP/1.1" 200 34662 "http://merp.yudo.com.cn:8183/WEI_0100/WEI_0100?formKey=Menu&menuSelection=mi" "Mozilla/5.0 (Linux; Android 10; ELS-AN00 Build/HUAWEIELS-AN00; wv) AppleWebKit/537.36 (KHTML, like Gecko) Version/4.0 Chrome/78.0.3904.108 Mobile Safari/537.36"
::1 - - [30/Oct/2020:14:44:27 +0800] "OPTIONS * HTTP/1.0" 200 - "-" "Apache/2.4.6 (CentOS) PHP/5.6.32 (internal dummy connection)"
::1 - - [30/Oct/2020:14:44:28 +0800] "OPTIONS * HTTP/1.0" 200 - "-" "Apache/2.4.6 (CentOS) PHP/5.6.32 (internal dummy connection)"
117.136.68.151 - - [30/Oct/2020:14:44:32 +0800] "GET /WEI_0100/lists_prc?gubun=M&baseDate=2020-10-30&dbChoose=QD HTTP/1.1" 200 7149 "http://merp.yudo.com.cn:8183/WEI_0100/WEI_0100?formKey=Menu&menuSelection=mi" "Mozilla/5.0 (Linux; Android 10; ELS-AN00 Build/HUAWEIELS-AN00; wv) AppleWebKit/537.36 (KHTML, like Gecko) Version/4.0 Chrome/78.0.3904.108 Mobile Safari/537.36"
117.136.46.211 - - [30/Oct/2020:14:44:38 +0800] "POST /WEI_2100/save_as HTTP/1.1" 200 74 "http://merp.yudo.com.cn:8183/WEI_2100/WEI_2100?formKey=Menu&menuSelection=asm" "Mozilla/5.0 (iPhone; CPU iPhone OS 13_4_1 like Mac OS X) AppleWebKit/605.1.15 (KHTML, like Gecko) Mobile/15E148"
117.136.68.151 - - [30/Oct/2020:14:44:40 +0800] "GET /WEI_0100/lists_prc?gubun=MS&baseDate=2020-10-30&dbChoose=QD HTTP/1.1" 200 10643 "http://merp.yudo.com.cn:8183/WEI_0100/WEI_0100?formKey=Menu&menuSelection=mi" "Mozilla/5.0 (Linux; Android 10; ELS-AN00 Build/HUAWEIELS-AN00; wv) AppleWebKit/537.36 (KHTML, like Gecko) Version/4.0 Chrome/78.0.3904.108 Mobile Safari/537.36"
117.136.46.211 - - [30/Oct/2020:14:44:39 +0800] "GET /WEI_2100/as_minute?asid=2020101238 HTTP/1.1" 200 1889 "http://merp.yudo.com.cn:8183/WEI_2100/WEI_2100?formKey=Menu&menuSelection=asm" "Mozilla/5.0 (iPhone; CPU iPhone OS 13_4_1 like Mac OS X) AppleWebKit/605.1.15 (KHTML, like Gecko) Mobile/15E148"
117.136.46.211 - - [30/Oct/2020:14:44:39 +0800] "GET /WEI_2100/as_minute_table?asid=2020101238 HTTP/1.1" 200 63 "http://merp.yudo.com.cn:8183/WEI_2100/WEI_2100?formKey=Menu&menuSelection=asm" "Mozilla/5.0 (iPhone; CPU iPhone OS 13_4_1 like Mac OS X) AppleWebKit/605.1.15 (KHTML, like Gecko) Mobile/15E148"
117.136.46.211 - - [30/Oct/2020:14:44:42 +0800] "GET /WEI_2100/systemclass_mini_prc?bigsysid=AS10110030&minisysid=ascause_c HTTP/1.1" 200 119 "http://merp.yudo.com.cn:8183/WEI_2100/WEI_2100?formKey=Menu&menuSelection=asm" "Mozilla/5.0 (iPhone; CPU iPhone OS 13_4_1 like Mac OS X) AppleWebKit/605.1.15 (KHTML, like Gecko) Mobile/15E148"
117.136.46.211 - - [30/Oct/2020:14:44:42 +0800] "GET /WEI_2100/systemclass_mini_prc?bigsysid=SA10350018&minisysid=supplyscope_c2 HTTP/1.1" 200 167 "http://merp.yudo.com.cn:8183/WEI_2100/WEI_2100?formKey=Menu&menuSelection=asm" "Mozilla/5.0 (iPhone; CPU iPhone OS 13_4_1 like Mac OS X) AppleWebKit/605.1.15 (KHTML, like Gecko) Mobile/15E148"
117.136.46.211 - - [30/Oct/2020:14:44:42 +0800] "GET /WEI_2100/systemclass_mini_prc?bigsysid=SA10340020&minisysid=supplyscope_c1 HTTP/1.1" 200 1094 "http://merp.yudo.com.cn:8183/WEI_2100/WEI_2100?formKey=Menu&menuSelection=asm" "Mozilla/5.0 (iPhone; CPU iPhone OS 13_4_1 like Mac OS X) AppleWebKit/605.1.15 (KHTML, like Gecko) Mobile/15E148"
117.136.46.211 - - [30/Oct/2020:14:44:42 +0800] "GET /WEI_2100/systemclass_mini_prc?bigsysid=SA10370441&minisysid=supplyscope_c4 HTTP/1.1" 200 137 "http://merp.yudo.com.cn:8183/WEI_2100/WEI_2100?formKey=Menu&menuSelection=asm" "Mozilla/5.0 (iPhone; CPU iPhone OS 13_4_1 like Mac OS X) AppleWebKit/605.1.15 (KHTML, like Gecko) Mobile/15E148"
117.136.46.211 - - [30/Oct/2020:14:44:43 +0800] "GET /WEI_2100/systemclass_mini_prc?bigsysid=SA10380697&minisysid=supplyscope_c5 HTTP/1.1" 200 389 "http://merp.yudo.com.cn:8183/WEI_2100/WEI_2100?formKey=Menu&menuSelection=asm" "Mozilla/5.0 (iPhone; CPU iPhone OS 13_4_1 like Mac OS X) AppleWebKit/605.1.15 (KHTML, like Gecko) Mobile/15E148"
117.136.46.211 - - [30/Oct/2020:14:44:42 +0800] "GET /WEI_2100/systemclass_mini_prc?bigsysid=SA10360098&minisysid=supplyscope_c3 HTTP/1.1" 200 237 "http://merp.yudo.com.cn:8183/WEI_2100/WEI_2100?formKey=Menu&menuSelection=asm" "Mozilla/5.0 (iPhone; CPU iPhone OS 13_4_1 like Mac OS X) AppleWebKit/605.1.15 (KHTML, like Gecko) Mobile/15E148"
117.136.46.211 - - [30/Oct/2020:14:44:42 +0800] "GET /WEI_2100/systemclass_mini_prc?bigsysid=AS10060020&minisysid=asclass1_c HTTP/1.1" 200 2106 "http://merp.yudo.com.cn:8183/WEI_2100/WEI_2100?formKey=Menu&menuSelection=asm" "Mozilla/5.0 (iPhone; CPU iPhone OS 13_4_1 like Mac OS X) AppleWebKit/605.1.15 (KHTML, like Gecko) Mobile/15E148"
117.136.68.151 - - [30/Oct/2020:14:44:45 +0800] "GET /WEI_0100/lists_prc?gubun=MS&baseDate=2020-10-30&dbChoose=SZ HTTP/1.1" 200 38455 "http://merp.yudo.com.cn:8183/WEI_0100/WEI_0100?formKey=Menu&menuSelection=mi" "Mozilla/5.0 (Linux; Android 10; ELS-AN00 Build/HUAWEIELS-AN00; wv) AppleWebKit/537.36 (KHTML, like Gecko) Version/4.0 Chrome/78.0.3904.108 Mobile Safari/537.36"
117.136.46.211 - - [30/Oct/2020:14:44:46 +0800] "POST /WEI_2100/save_as HTTP/1.1" 200 76 "http://merp.yudo.com.cn:8183/WEI_2100/WEI_2100?formKey=Menu&menuSelection=asm" "Mozilla/5.0 (iPhone; CPU iPhone OS 13_4_1 like Mac OS X) AppleWebKit/605.1.15 (KHTML, like Gecko) Mobile/15E148"
117.136.46.211 - - [30/Oct/2020:14:44:47 +0800] "GET /WEI_2100/as_minute?asid=2020101238 HTTP/1.1" 200 1889 "http://merp.yudo.com.cn:8183/WEI_2100/WEI_2100?formKey=Menu&menuSelection=asm" "Mozilla/5.0 (iPhone; CPU iPhone OS 13_4_1 like Mac OS X) AppleWebKit/605.1.15 (KHTML, like Gecko) Mobile/15E148"
117.136.46.211 - - [30/Oct/2020:14:44:47 +0800] "GET /WEI_2100/as_minute_table?asid=2020101238 HTTP/1.1" 200 63 "http://merp.yudo.com.cn:8183/WEI_2100/WEI_2100?formKey=Menu&menuSelection=asm" "Mozilla/5.0 (iPhone; CPU iPhone OS 13_4_1 like Mac OS X) AppleWebKit/605.1.15 (KHTML, like Gecko) Mobile/15E148"
117.136.46.211 - - [30/Oct/2020:14:44:48 +0800] "GET /WEI_2100/systemclass_mini_prc?bigsysid=AS10110030&minisysid=ascause_c HTTP/1.1" 200 119 "http://merp.yudo.com.cn:8183/WEI_2100/WEI_2100?formKey=Menu&menuSelection=asm" "Mozilla/5.0 (iPhone; CPU iPhone OS 13_4_1 like Mac OS X) AppleWebKit/605.1.15 (KHTML, like Gecko) Mobile/15E148"
117.136.46.211 - - [30/Oct/2020:14:44:48 +0800] "GET /WEI_2100/systemclass_mini_prc?bigsysid=SA10350018&minisysid=supplyscope_c2 HTTP/1.1" 200 167 "http://merp.yudo.com.cn:8183/WEI_2100/WEI_2100?formKey=Menu&menuSelection=asm" "Mozilla/5.0 (iPhone; CPU iPhone OS 13_4_1 like Mac OS X) AppleWebKit/605.1.15 (KHTML, like Gecko) Mobile/15E148"
117.136.46.211 - - [30/Oct/2020:14:44:48 +0800] "GET /WEI_2100/systemclass_mini_prc?bigsysid=SA10340020&minisysid=supplyscope_c1 HTTP/1.1" 200 1094 "http://merp.yudo.com.cn:8183/WEI_2100/WEI_2100?formKey=Menu&menuSelection=asm" "Mozilla/5.0 (iPhone; CPU iPhone OS 13_4_1 like Mac OS X) AppleWebKit/605.1.15 (KHTML, like Gecko) Mobile/15E148"
117.136.46.211 - - [30/Oct/2020:14:44:48 +0800] "GET /WEI_2100/systemclass_mini_prc?bigsysid=AS10060020&minisysid=asclass1_c HTTP/1.1" 200 2106 "http://merp.yudo.com.cn:8183/WEI_2100/WEI_2100?formKey=Menu&menuSelection=asm" "Mozilla/5.0 (iPhone; CPU iPhone OS 13_4_1 like Mac OS X) AppleWebKit/605.1.15 (KHTML, like Gecko) Mobile/15E148"
117.136.46.211 - - [30/Oct/2020:14:44:48 +0800] "GET /WEI_2100/systemclass_mini_prc?bigsysid=SA10370441&minisysid=supplyscope_c4 HTTP/1.1" 200 137 "http://merp.yudo.com.cn:8183/WEI_2100/WEI_2100?formKey=Menu&menuSelection=asm" "Mozilla/5.0 (iPhone; CPU iPhone OS 13_4_1 like Mac OS X) AppleWebKit/605.1.15 (KHTML, like Gecko) Mobile/15E148"
117.136.46.211 - - [30/Oct/2020:14:44:48 +0800] "GET /WEI_2100/systemclass_mini_prc?bigsysid=SA10360098&minisysid=supplyscope_c3 HTTP/1.1" 200 237 "http://merp.yudo.com.cn:8183/WEI_2100/WEI_2100?formKey=Menu&menuSelection=asm" "Mozilla/5.0 (iPhone; CPU iPhone OS 13_4_1 like Mac OS X) AppleWebKit/605.1.15 (KHTML, like Gecko) Mobile/15E148"
117.136.46.211 - - [30/Oct/2020:14:44:49 +0800] "GET /WEI_2100/systemclass_mini_prc?bigsysid=SA10380697&minisysid=supplyscope_c5 HTTP/1.1" 200 389 "http://merp.yudo.com.cn:8183/WEI_2100/WEI_2100?formKey=Menu&menuSelection=asm" "Mozilla/5.0 (iPhone; CPU iPhone OS 13_4_1 like Mac OS X) AppleWebKit/605.1.15 (KHTML, like Gecko) Mobile/15E148"
117.136.68.151 - - [30/Oct/2020:14:44:50 +0800] "GET /WEI_0100/lists_prc?gubun=M&baseDate=2020-10-30&dbChoose=SZ HTTP/1.1" 200 34662 "http://merp.yudo.com.cn:8183/WEI_0100/WEI_0100?formKey=Menu&menuSelection=mi" "Mozilla/5.0 (Linux; Android 10; ELS-AN00 Build/HUAWEIELS-AN00; wv) AppleWebKit/537.36 (KHTML, like Gecko) Version/4.0 Chrome/78.0.3904.108 Mobile Safari/537.36"
::1 - - [30/Oct/2020:14:44:59 +0800] "OPTIONS * HTTP/1.0" 200 - "-" "Apache/2.4.6 (CentOS) PHP/5.6.32 (internal dummy connection)"
117.136.46.211 - - [30/Oct/2020:14:45:34 +0800] "GET /FireWork/getItemList?itemNo=CYVPMG04&itemNm=&count=0 HTTP/1.1" 200 6345 "http://merp.yudo.com.cn:8183/WEI_2100/WEI_2100?formKey=Menu&menuSelection=asm" "Mozilla/5.0 (iPhone; CPU iPhone OS 13_4_1 like Mac OS X) AppleWebKit/605.1.15 (KHTML, like Gecko) Mobile/15E148"
117.136.68.151 - - [30/Oct/2020:14:45:36 +0800] "GET /WEI_0100/lists_prc?gubun=D&baseDate=2020-10-30&dbChoose=SZ HTTP/1.1" 200 28120 "http://merp.yudo.com.cn:8183/WEI_0100/WEI_0100?formKey=Menu&menuSelection=mi" "Mozilla/5.0 (Linux; Android 10; ELS-AN00 Build/HUAWEIELS-AN00; wv) AppleWebKit/537.36 (KHTML, like Gecko) Version/4.0 Chrome/78.0.3904.108 Mobile Safari/537.36"
117.136.68.151 - - [30/Oct/2020:14:45:42 +0800] "GET /WEI_0100/lists_prc?gubun=D&baseDate=2020-10-30&dbChoose=QD HTTP/1.1" 200 5732 "http://merp.yudo.com.cn:8183/WEI_0100/WEI_0100?formKey=Menu&menuSelection=mi" "Mozilla/5.0 (Linux; Android 10; ELS-AN00 Build/HUAWEIELS-AN00; wv) AppleWebKit/537.36 (KHTML, like Gecko) Version/4.0 Chrome/78.0.3904.108 Mobile Safari/537.36"
117.136.68.151 - - [30/Oct/2020:14:45:48 +0800] "GET /WEI_0100/lists_prc?gubun=M&baseDate=2020-10-30&dbChoose=QD HTTP/1.1" 200 7149 "http://merp.yudo.com.cn:8183/WEI_0100/WEI_0100?formKey=Menu&menuSelection=mi" "Mozilla/5.0 (Linux; Android 10; ELS-AN00 Build/HUAWEIELS-AN00; wv) AppleWebKit/537.36 (KHTML, like Gecko) Version/4.0 Chrome/78.0.3904.108 Mobile Safari/537.36"
117.136.46.211 - - [30/Oct/2020:14:45:51 +0800] "GET /FireWork/getItemList?itemNo=CYVPMG04&itemNm=&count=0 HTTP/1.1" 200 6345 "http://merp.yudo.com.cn:8183/WEI_2100/WEI_2100?formKey=Menu&menuSelection=asm" "Mozilla/5.0 (iPhone; CPU iPhone OS 13_4_1 like Mac OS X) AppleWebKit/605.1.15 (KHTML, like Gecko) Mobile/15E148"
117.136.68.151 - - [30/Oct/2020:14:45:58 +0800] "GET /WEI_0100/lists_prc?gubun=M&baseDate=2020-10-30&dbChoose=GD HTTP/1.1" 200 14095 "http://merp.yudo.com.cn:8183/WEI_0100/WEI_0100?formKey=Menu&menuSelection=mi" "Mozilla/5.0 (Linux; Android 10; ELS-AN00 Build/HUAWEIELS-AN00; wv) AppleWebKit/537.36 (KHTML, like Gecko) Version/4.0 Chrome/78.0.3904.108 Mobile Safari/537.36"
117.136.68.151 - - [30/Oct/2020:14:46:05 +0800] "GET /WEI_0100/lists_prc?gubun=MS&baseDate=2020-10-30&dbChoose=GD HTTP/1.1" 200 18578 "http://merp.yudo.com.cn:8183/WEI_0100/WEI_0100?formKey=Menu&menuSelection=mi" "Mozilla/5.0 (Linux; Android 10; ELS-AN00 Build/HUAWEIELS-AN00; wv) AppleWebKit/537.36 (KHTML, like Gecko) Version/4.0 Chrome/78.0.3904.108 Mobile Safari/537.36"
117.136.68.151 - - [30/Oct/2020:14:46:18 +0800] "GET /WEI_0100/lists_prc?gubun=MS&baseDate=2020-10-30&dbChoose=SZ HTTP/1.1" 200 38455 "http://merp.yudo.com.cn:8183/WEI_0100/WEI_0100?formKey=Menu&menuSelection=mi" "Mozilla/5.0 (Linux; Android 10; ELS-AN00 Build/HUAWEIELS-AN00; wv) AppleWebKit/537.36 (KHTML, like Gecko) Version/4.0 Chrome/78.0.3904.108 Mobile Safari/537.36"
117.136.46.211 - - [30/Oct/2020:14:46:24 +0800] "POST /WEI_2100/save_astable HTTP/1.1" 200 204 "http://merp.yudo.com.cn:8183/WEI_2100/WEI_2100?formKey=Menu&menuSelection=asm" "Mozilla/5.0 (iPhone; CPU iPhone OS 13_4_1 like Mac OS X) AppleWebKit/605.1.15 (KHTML, like Gecko) Mobile/15E148"
117.136.46.211 - - [30/Oct/2020:14:46:24 +0800] "GET /WEI_2100/as_minute_table?asid=1 HTTP/1.1" 200 63 "http://merp.yudo.com.cn:8183/WEI_2100/WEI_2100?formKey=Menu&menuSelection=asm" "Mozilla/5.0 (iPhone; CPU iPhone OS 13_4_1 like Mac OS X) AppleWebKit/605.1.15 (KHTML, like Gecko) Mobile/15E148"
117.136.46.211 - - [30/Oct/2020:14:46:27 +0800] "POST /WEI_2100/save_as HTTP/1.1" 200 76 "http://merp.yudo.com.cn:8183/WEI_2100/WEI_2100?formKey=Menu&menuSelection=asm" "Mozilla/5.0 (iPhone; CPU iPhone OS 13_4_1 like Mac OS X) AppleWebKit/605.1.15 (KHTML, like Gecko) Mobile/15E148"
117.136.46.211 - - [30/Oct/2020:14:46:27 +0800] "GET /WEI_2100/as_minute?asid=2020101238 HTTP/1.1" 200 1929 "http://merp.yudo.com.cn:8183/WEI_2100/WEI_2100?formKey=Menu&menuSelection=asm" "Mozilla/5.0 (iPhone; CPU iPhone OS 13_4_1 like Mac OS X) AppleWebKit/605.1.15 (KHTML, like Gecko) Mobile/15E148"
117.136.46.211 - - [30/Oct/2020:14:46:28 +0800] "GET /WEI_2100/as_minute_table?asid=2020101238 HTTP/1.1" 200 363 "http://merp.yudo.com.cn:8183/WEI_2100/WEI_2100?formKey=Menu&menuSelection=asm" "Mozilla/5.0 (iPhone; CPU iPhone OS 13_4_1 like Mac OS X) AppleWebKit/605.1.15 (KHTML, like Gecko) Mobile/15E148"
117.136.46.211 - - [30/Oct/2020:14:46:28 +0800] "GET /WEI_2100/systemclass_mini_prc?bigsysid=SA10350018&minisysid=supplyscope_c2 HTTP/1.1" 200 167 "http://merp.yudo.com.cn:8183/WEI_2100/WEI_2100?formKey=Menu&menuSelection=asm" "Mozilla/5.0 (iPhone; CPU iPhone OS 13_4_1 like Mac OS X) AppleWebKit/605.1.15 (KHTML, like Gecko) Mobile/15E148"
117.136.46.211 - - [30/Oct/2020:14:46:29 +0800] "GET /WEI_2100/systemclass_mini_prc?bigsysid=AS10060020&minisysid=asclass1_c HTTP/1.1" 200 2106 "http://merp.yudo.com.cn:8183/WEI_2100/WEI_2100?formKey=Menu&menuSelection=asm" "Mozilla/5.0 (iPhone; CPU iPhone OS 13_4_1 like Mac OS X) AppleWebKit/605.1.15 (KHTML, like Gecko) Mobile/15E148"
117.136.46.211 - - [30/Oct/2020:14:46:28 +0800] "GET /WEI_2100/systemclass_mini_prc?bigsysid=AS10110030&minisysid=ascause_c HTTP/1.1" 200 119 "http://merp.yudo.com.cn:8183/WEI_2100/WEI_2100?formKey=Menu&menuSelection=asm" "Mozilla/5.0 (iPhone; CPU iPhone OS 13_4_1 like Mac OS X) AppleWebKit/605.1.15 (KHTML, like Gecko) Mobile/15E148"
117.136.46.211 - - [30/Oct/2020:14:46:29 +0800] "GET /WEI_2100/systemclass_mini_prc?bigsysid=SA10360098&minisysid=supplyscope_c3 HTTP/1.1" 200 237 "http://merp.yudo.com.cn:8183/WEI_2100/WEI_2100?formKey=Menu&menuSelection=asm" "Mozilla/5.0 (iPhone; CPU iPhone OS 13_4_1 like Mac OS X) AppleWebKit/605.1.15 (KHTML, like Gecko) Mobile/15E148"
117.136.46.211 - - [30/Oct/2020:14:46:29 +0800] "GET /WEI_2100/systemclass_mini_prc?bigsysid=SA10340020&minisysid=supplyscope_c1 HTTP/1.1" 200 1094 "http://merp.yudo.com.cn:8183/WEI_2100/WEI_2100?formKey=Menu&menuSelection=asm" "Mozilla/5.0 (iPhone; CPU iPhone OS 13_4_1 like Mac OS X) AppleWebKit/605.1.15 (KHTML, like Gecko) Mobile/15E148"
117.136.46.211 - - [30/Oct/2020:14:46:30 +0800] "GET /WEI_2100/systemclass_mini_prc?bigsysid=SA10370441&minisysid=supplyscope_c4 HTTP/1.1" 200 137 "http://merp.yudo.com.cn:8183/WEI_2100/WEI_2100?formKey=Menu&menuSelection=asm" "Mozilla/5.0 (iPhone; CPU iPhone OS 13_4_1 like Mac OS X) AppleWebKit/605.1.15 (KHTML, like Gecko) Mobile/15E148"
117.136.46.211 - - [30/Oct/2020:14:46:30 +0800] "GET /WEI_2100/as_photo?asid=2020101238 HTTP/1.1" 200 69 "http://merp.yudo.com.cn:8183/WEI_2100/WEI_2100?formKey=Menu&menuSelection=asm" "Mozilla/5.0 (iPhone; CPU iPhone OS 13_4_1 like Mac OS X) AppleWebKit/605.1.15 (KHTML, like Gecko) Mobile/15E148"
117.136.46.211 - - [30/Oct/2020:14:46:30 +0800] "GET /WEI_2100/systemclass_mini_prc?bigsysid=SA10380697&minisysid=supplyscope_c5 HTTP/1.1" 200 389 "http://merp.yudo.com.cn:8183/WEI_2100/WEI_2100?formKey=Menu&menuSelection=asm" "Mozilla/5.0 (iPhone; CPU iPhone OS 13_4_1 like Mac OS X) AppleWebKit/605.1.15 (KHTML, like Gecko) Mobile/15E148"
117.136.46.211 - - [30/Oct/2020:14:46:50 +0800] "POST /WEI_2100/WEI_2100/upload_photo HTTP/1.1" 200 110 "http://merp.yudo.com.cn:8183/WEI_2100/WEI_2100?formKey=Menu&menuSelection=asm" "Mozilla/5.0 (iPhone; CPU iPhone OS 13_4_1 like Mac OS X) AppleWebKit/605.1.15 (KHTML, like Gecko) Mobile/15E148"
117.136.46.211 - - [30/Oct/2020:14:46:56 +0800] "GET /WEI_2100/as_photo?asid=2020101238 HTTP/1.1" 200 392 "http://merp.yudo.com.cn:8183/WEI_2100/WEI_2100?formKey=Menu&menuSelection=asm" "Mozilla/5.0 (iPhone; CPU iPhone OS 13_4_1 like Mac OS X) AppleWebKit/605.1.15 (KHTML, like Gecko) Mobile/15E148"
117.136.46.211 - - [30/Oct/2020:14:46:56 +0800] "GET /image/erpfile/AS/ASReceipt/2020/10/2020101238/M20201030024650239.jpg HTTP/1.1" 404 1813 "http://merp.yudo.com.cn:8183/WEI_2100/WEI_2100?formKey=Menu&menuSelection=asm" "Mozilla/5.0 (iPhone; CPU iPhone OS 13_4_1 like Mac OS X) AppleWebKit/605.1.15 (KHTML, like Gecko) Mobile/15E148"
117.136.46.211 - - [30/Oct/2020:14:46:56 +0800] "GET /image/erpfile/AS/ASReceipt/2020/10/2020101238/M20201030024650928.jpg HTTP/1.1" 404 1813 "http://merp.yudo.com.cn:8183/WEI_2100/WEI_2100?formKey=Menu&menuSelection=asm" "Mozilla/5.0 (iPhone; CPU iPhone OS 13_4_1 like Mac OS X) AppleWebKit/605.1.15 (KHTML, like Gecko) Mobile/15E148"
117.136.46.211 - - [30/Oct/2020:14:46:59 +0800] "POST /WEI_2100/save_as HTTP/1.1" 200 76 "http://merp.yudo.com.cn:8183/WEI_2100/WEI_2100?formKey=Menu&menuSelection=asm" "Mozilla/5.0 (iPhone; CPU iPhone OS 13_4_1 like Mac OS X) AppleWebKit/605.1.15 (KHTML, like Gecko) Mobile/15E148"
117.136.46.211 - - [30/Oct/2020:14:46:59 +0800] "GET /WEI_2100/as_minute?asid=2020101238 HTTP/1.1" 200 1929 "http://merp.yudo.com.cn:8183/WEI_2100/WEI_2100?formKey=Menu&menuSelection=asm" "Mozilla/5.0 (iPhone; CPU iPhone OS 13_4_1 like Mac OS X) AppleWebKit/605.1.15 (KHTML, like Gecko) Mobile/15E148"
117.136.46.211 - - [30/Oct/2020:14:46:59 +0800] "GET /WEI_2100/as_minute_table?asid=2020101238 HTTP/1.1" 200 363 "http://merp.yudo.com.cn:8183/WEI_2100/WEI_2100?formKey=Menu&menuSelection=asm" "Mozilla/5.0 (iPhone; CPU iPhone OS 13_4_1 like Mac OS X) AppleWebKit/605.1.15 (KHTML, like Gecko) Mobile/15E148"
117.136.46.211 - - [30/Oct/2020:14:47:00 +0800] "GET /WEI_2100/systemclass_mini_prc?bigsysid=AS10110030&minisysid=ascause_c HTTP/1.1" 200 119 "http://merp.yudo.com.cn:8183/WEI_2100/WEI_2100?formKey=Menu&menuSelection=asm" "Mozilla/5.0 (iPhone; CPU iPhone OS 13_4_1 like Mac OS X) AppleWebKit/605.1.15 (KHTML, like Gecko) Mobile/15E148"
117.136.46.211 - - [30/Oct/2020:14:47:00 +0800] "GET /WEI_2100/systemclass_mini_prc?bigsysid=SA10340020&minisysid=supplyscope_c1 HTTP/1.1" 200 1094 "http://merp.yudo.com.cn:8183/WEI_2100/WEI_2100?formKey=Menu&menuSelection=asm" "Mozilla/5.0 (iPhone; CPU iPhone OS 13_4_1 like Mac OS X) AppleWebKit/605.1.15 (KHTML, like Gecko) Mobile/15E148"
117.136.46.211 - - [30/Oct/2020:14:47:00 +0800] "GET /WEI_2100/systemclass_mini_prc?bigsysid=SA10350018&minisysid=supplyscope_c2 HTTP/1.1" 200 167 "http://merp.yudo.com.cn:8183/WEI_2100/WEI_2100?formKey=Menu&menuSelection=asm" "Mozilla/5.0 (iPhone; CPU iPhone OS 13_4_1 like Mac OS X) AppleWebKit/605.1.15 (KHTML, like Gecko) Mobile/15E148"
117.136.46.211 - - [30/Oct/2020:14:47:00 +0800] "GET /WEI_2100/systemclass_mini_prc?bigsysid=AS10060020&minisysid=asclass1_c HTTP/1.1" 200 2106 "http://merp.yudo.com.cn:8183/WEI_2100/WEI_2100?formKey=Menu&menuSelection=asm" "Mozilla/5.0 (iPhone; CPU iPhone OS 13_4_1 like Mac OS X) AppleWebKit/605.1.15 (KHTML, like Gecko) Mobile/15E148"
117.136.46.211 - - [30/Oct/2020:14:47:01 +0800] "GET /WEI_2100/systemclass_mini_prc?bigsysid=SA10370441&minisysid=supplyscope_c4 HTTP/1.1" 200 137 "http://merp.yudo.com.cn:8183/WEI_2100/WEI_2100?formKey=Menu&menuSelection=asm" "Mozilla/5.0 (iPhone; CPU iPhone OS 13_4_1 like Mac OS X) AppleWebKit/605.1.15 (KHTML, like Gecko) Mobile/15E148"
117.136.46.211 - - [30/Oct/2020:14:47:01 +0800] "GET /WEI_2100/systemclass_mini_prc?bigsysid=SA10360098&minisysid=supplyscope_c3 HTTP/1.1" 200 237 "http://merp.yudo.com.cn:8183/WEI_2100/WEI_2100?formKey=Menu&menuSelection=asm" "Mozilla/5.0 (iPhone; CPU iPhone OS 13_4_1 like Mac OS X) AppleWebKit/605.1.15 (KHTML, like Gecko) Mobile/15E148"
117.136.46.211 - - [30/Oct/2020:14:47:01 +0800] "GET /WEI_2100/systemclass_mini_prc?bigsysid=SA10380697&minisysid=supplyscope_c5 HTTP/1.1" 200 389 "http://merp.yudo.com.cn:8183/WEI_2100/WEI_2100?formKey=Menu&menuSelection=asm" "Mozilla/5.0 (iPhone; CPU iPhone OS 13_4_1 like Mac OS X) AppleWebKit/605.1.15 (KHTML, like Gecko) Mobile/15E148"
117.136.68.35 - - [30/Oct/2020:14:47:13 +0800] "GET /?deviceType=mobile&devicePlatform=android HTTP/1.1" 302 149 "-" "Mozilla/5.0 (Linux; Android 10; HMA-AL00 Build/HUAWEIHMA-AL00; wv) AppleWebKit/537.36 (KHTML, like Gecko) Version/4.0 Chrome/83.0.4103.106 Mobile Safari/537.36"
117.136.68.35 - - [30/Oct/2020:14:47:13 +0800] "GET /Menu HTTP/1.1" 200 12297 "-" "Mozilla/5.0 (Linux; Android 10; HMA-AL00 Build/HUAWEIHMA-AL00; wv) AppleWebKit/537.36 (KHTML, like Gecko) Version/4.0 Chrome/83.0.4103.106 Mobile Safari/537.36"
117.136.68.35 - - [30/Oct/2020:14:47:13 +0800] "GET /css/mui.min.css?v=1012 HTTP/1.1" 200 76673 "http://merp.yudo.com.cn:8183/Menu" "Mozilla/5.0 (Linux; Android 10; HMA-AL00 Build/HUAWEIHMA-AL00; wv) AppleWebKit/537.36 (KHTML, like Gecko) Version/4.0 Chrome/83.0.4103.106 Mobile Safari/537.36"
117.136.68.35 - - [30/Oct/2020:14:47:13 +0800] "GET /css/yudo-ui.css?v=2016 HTTP/1.1" 200 41489 "http://merp.yudo.com.cn:8183/Menu" "Mozilla/5.0 (Linux; Android 10; HMA-AL00 Build/HUAWEIHMA-AL00; wv) AppleWebKit/537.36 (KHTML, like Gecko) Version/4.0 Chrome/83.0.4103.106 Mobile Safari/537.36"
117.136.68.35 - - [30/Oct/2020:14:47:13 +0800] "GET /css/mui.picker.min.css?v=1000 HTTP/1.1" 200 4844 "http://merp.yudo.com.cn:8183/Menu" "Mozilla/5.0 (Linux; Android 10; HMA-AL00 Build/HUAWEIHMA-AL00; wv) AppleWebKit/537.36 (KHTML, like Gecko) Version/4.0 Chrome/83.0.4103.106 Mobile Safari/537.36"
117.136.68.35 - - [30/Oct/2020:14:47:13 +0800] "GET /js/server.js?v=1010 HTTP/1.1" 200 88 "http://merp.yudo.com.cn:8183/Menu" "Mozilla/5.0 (Linux; Android 10; HMA-AL00 Build/HUAWEIHMA-AL00; wv) AppleWebKit/537.36 (KHTML, like Gecko) Version/4.0 Chrome/83.0.4103.106 Mobile Safari/537.36"
117.136.68.35 - - [30/Oct/2020:14:47:13 +0800] "GET /css/animate.min.css?v=1003 HTTP/1.1" 200 52799 "http://merp.yudo.com.cn:8183/Menu" "Mozilla/5.0 (Linux; Android 10; HMA-AL00 Build/HUAWEIHMA-AL00; wv) AppleWebKit/537.36 (KHTML, like Gecko) Version/4.0 Chrome/83.0.4103.106 Mobile Safari/537.36"
117.136.68.35 - - [30/Oct/2020:14:47:13 +0800] "GET /js/mui.previewimage.js?v=201804261256 HTTP/1.1" 200 13324 "http://merp.yudo.com.cn:8183/Menu" "Mozilla/5.0 (Linux; Android 10; HMA-AL00 Build/HUAWEIHMA-AL00; wv) AppleWebKit/537.36 (KHTML, like Gecko) Version/4.0 Chrome/83.0.4103.106 Mobile Safari/537.36"
117.136.68.35 - - [30/Oct/2020:14:47:13 +0800] "GET /js/lang.min.js?v=1004 HTTP/1.1" 200 1138 "http://merp.yudo.com.cn:8183/Menu" "Mozilla/5.0 (Linux; Android 10; HMA-AL00 Build/HUAWEIHMA-AL00; wv) AppleWebKit/537.36 (KHTML, like Gecko) Version/4.0 Chrome/83.0.4103.106 Mobile Safari/537.36"
117.136.68.35 - - [30/Oct/2020:14:47:13 +0800] "GET /third_party/jquery-2.1.4/jquery.js HTTP/1.1" 200 247606 "http://merp.yudo.com.cn:8183/Menu" "Mozilla/5.0 (Linux; Android 10; HMA-AL00 Build/HUAWEIHMA-AL00; wv) AppleWebKit/537.36 (KHTML, like Gecko) Version/4.0 Chrome/83.0.4103.106 Mobile Safari/537.36"
117.136.68.35 - - [30/Oct/2020:14:47:13 +0800] "GET /js/multiHttp.js?v=1015 HTTP/1.1" 200 48308 "http://merp.yudo.com.cn:8183/Menu" "Mozilla/5.0 (Linux; Android 10; HMA-AL00 Build/HUAWEIHMA-AL00; wv) AppleWebKit/537.36 (KHTML, like Gecko) Version/4.0 Chrome/83.0.4103.106 Mobile Safari/537.36"
117.136.68.35 - - [30/Oct/2020:14:47:13 +0800] "GET /js/mui.zoom.js?v=201804231454 HTTP/1.1" 200 11703 "http://merp.yudo.com.cn:8183/Menu" "Mozilla/5.0 (Linux; Android 10; HMA-AL00 Build/HUAWEIHMA-AL00; wv) AppleWebKit/537.36 (KHTML, like Gecko) Version/4.0 Chrome/83.0.4103.106 Mobile Safari/537.36"
117.136.68.35 - - [30/Oct/2020:14:47:13 +0800] "GET /js/mui.min.js?v=1001 HTTP/1.1" 200 115810 "http://merp.yudo.com.cn:8183/Menu" "Mozilla/5.0 (Linux; Android 10; HMA-AL00 Build/HUAWEIHMA-AL00; wv) AppleWebKit/537.36 (KHTML, like Gecko) Version/4.0 Chrome/83.0.4103.106 Mobile Safari/537.36"
117.136.68.35 - - [30/Oct/2020:14:47:13 +0800] "GET /js/mui.picker.min.js?v=1002 HTTP/1.1" 200 18411 "http://merp.yudo.com.cn:8183/Menu" "Mozilla/5.0 (Linux; Android 10; HMA-AL00 Build/HUAWEIHMA-AL00; wv) AppleWebKit/537.36 (KHTML, like Gecko) Version/4.0 Chrome/83.0.4103.106 Mobile Safari/537.36"
117.136.68.35 - - [30/Oct/2020:14:47:13 +0800] "GET /js/JLAMP.min.js HTTP/1.1" 200 1461 "http://merp.yudo.com.cn:8183/Menu" "Mozilla/5.0 (Linux; Android 10; HMA-AL00 Build/HUAWEIHMA-AL00; wv) AppleWebKit/537.36 (KHTML, like Gecko) Version/4.0 Chrome/83.0.4103.106 Mobile Safari/537.36"
117.136.68.35 - - [30/Oct/2020:14:47:13 +0800] "GET /js/vue.js HTTP/1.1" 200 289301 "http://merp.yudo.com.cn:8183/Menu" "Mozilla/5.0 (Linux; Android 10; HMA-AL00 Build/HUAWEIHMA-AL00; wv) AppleWebKit/537.36 (KHTML, like Gecko) Version/4.0 Chrome/83.0.4103.106 Mobile Safari/537.36"
117.136.68.35 - - [30/Oct/2020:14:47:14 +0800] "GET /js/fastclick.js HTTP/1.1" 200 25966 "http://merp.yudo.com.cn:8183/Menu" "Mozilla/5.0 (Linux; Android 10; HMA-AL00 Build/HUAWEIHMA-AL00; wv) AppleWebKit/537.36 (KHTML, like Gecko) Version/4.0 Chrome/83.0.4103.106 Mobile Safari/537.36"
117.136.68.35 - - [30/Oct/2020:14:47:14 +0800] "GET /js/JLAMP.common.min.js HTTP/1.1" 200 9705 "http://merp.yudo.com.cn:8183/Menu" "Mozilla/5.0 (Linux; Android 10; HMA-AL00 Build/HUAWEIHMA-AL00; wv) AppleWebKit/537.36 (KHTML, like Gecko) Version/4.0 Chrome/83.0.4103.106 Mobile Safari/537.36"
117.136.68.35 - - [30/Oct/2020:14:47:14 +0800] "GET /js/JLAMP.lang.min.js HTTP/1.1" 200 1750 "http://merp.yudo.com.cn:8183/Menu" "Mozilla/5.0 (Linux; Android 10; HMA-AL00 Build/HUAWEIHMA-AL00; wv) AppleWebKit/537.36 (KHTML, like Gecko) Version/4.0 Chrome/83.0.4103.106 Mobile Safari/537.36"
117.136.68.35 - - [30/Oct/2020:14:47:14 +0800] "GET /js/Menu/Menu.js?v=200017 HTTP/1.1" 200 11548 "http://merp.yudo.com.cn:8183/Menu" "Mozilla/5.0 (Linux; Android 10; HMA-AL00 Build/HUAWEIHMA-AL00; wv) AppleWebKit/537.36 (KHTML, like Gecko) Version/4.0 Chrome/83.0.4103.106 Mobile Safari/537.36"
117.136.68.35 - - [30/Oct/2020:14:47:14 +0800] "GET /image/fonticon/headDefault.jpg HTTP/1.1" 200 2436 "http://merp.yudo.com.cn:8183/Menu" "Mozilla/5.0 (Linux; Android 10; HMA-AL00 Build/HUAWEIHMA-AL00; wv) AppleWebKit/537.36 (KHTML, like Gecko) Version/4.0 Chrome/83.0.4103.106 Mobile Safari/537.36"
117.136.68.35 - - [30/Oct/2020:14:47:14 +0800] "GET /image/login_logo.png HTTP/1.1" 200 3941 "http://merp.yudo.com.cn:8183/Menu" "Mozilla/5.0 (Linux; Android 10; HMA-AL00 Build/HUAWEIHMA-AL00; wv) AppleWebKit/537.36 (KHTML, like Gecko) Version/4.0 Chrome/83.0.4103.106 Mobile Safari/537.36"
117.136.68.35 - - [30/Oct/2020:14:47:13 +0800] "GET /js/echarts.min.js HTTP/1.1" 200 744675 "http://merp.yudo.com.cn:8183/Menu" "Mozilla/5.0 (Linux; Android 10; HMA-AL00 Build/HUAWEIHMA-AL00; wv) AppleWebKit/537.36 (KHTML, like Gecko) Version/4.0 Chrome/83.0.4103.106 Mobile Safari/537.36"
117.136.68.35 - - [30/Oct/2020:14:47:14 +0800] "GET /image/fonticon/refresh_icon.png HTTP/1.1" 200 2550 "http://merp.yudo.com.cn:8183/css/yudo-ui.css?v=2016" "Mozilla/5.0 (Linux; Android 10; HMA-AL00 Build/HUAWEIHMA-AL00; wv) AppleWebKit/537.36 (KHTML, like Gecko) Version/4.0 Chrome/83.0.4103.106 Mobile Safari/537.36"
117.136.68.35 - - [30/Oct/2020:14:47:14 +0800] "GET /image/fonticon/home_icon.png HTTP/1.1" 200 1180 "http://merp.yudo.com.cn:8183/css/yudo-ui.css?v=2016" "Mozilla/5.0 (Linux; Android 10; HMA-AL00 Build/HUAWEIHMA-AL00; wv) AppleWebKit/537.36 (KHTML, like Gecko) Version/4.0 Chrome/83.0.4103.106 Mobile Safari/537.36"
117.136.68.35 - - [30/Oct/2020:14:47:14 +0800] "GET /image/fonticon/switchPass_icon.png HTTP/1.1" 200 1480 "http://merp.yudo.com.cn:8183/css/yudo-ui.css?v=2016" "Mozilla/5.0 (Linux; Android 10; HMA-AL00 Build/HUAWEIHMA-AL00; wv) AppleWebKit/537.36 (KHTML, like Gecko) Version/4.0 Chrome/83.0.4103.106 Mobile Safari/537.36"
117.136.68.35 - - [30/Oct/2020:14:47:14 +0800] "GET /image/fonticon/cleanCache_icon.png HTTP/1.1" 200 951 "http://merp.yudo.com.cn:8183/css/yudo-ui.css?v=2016" "Mozilla/5.0 (Linux; Android 10; HMA-AL00 Build/HUAWEIHMA-AL00; wv) AppleWebKit/537.36 (KHTML, like Gecko) Version/4.0 Chrome/83.0.4103.106 Mobile Safari/537.36"
117.136.68.35 - - [30/Oct/2020:14:47:14 +0800] "GET /image/fonticon/connectRecord_icon.png HTTP/1.1" 200 1412 "http://merp.yudo.com.cn:8183/css/yudo-ui.css?v=2016" "Mozilla/5.0 (Linux; Android 10; HMA-AL00 Build/HUAWEIHMA-AL00; wv) AppleWebKit/537.36 (KHTML, like Gecko) Version/4.0 Chrome/83.0.4103.106 Mobile Safari/537.36"
117.136.68.35 - - [30/Oct/2020:14:47:14 +0800] "GET /image/fonticon/quit_icon.png HTTP/1.1" 200 1268 "http://merp.yudo.com.cn:8183/css/yudo-ui.css?v=2016" "Mozilla/5.0 (Linux; Android 10; HMA-AL00 Build/HUAWEIHMA-AL00; wv) AppleWebKit/537.36 (KHTML, like Gecko) Version/4.0 Chrome/83.0.4103.106 Mobile Safari/537.36"
117.136.68.35 - - [30/Oct/2020:14:47:14 +0800] "GET /fonts/mui.ttf HTTP/1.1" 200 29884 "http://merp.yudo.com.cn:8183/css/mui.min.css?v=1012" "Mozilla/5.0 (Linux; Android 10; HMA-AL00 Build/HUAWEIHMA-AL00; wv) AppleWebKit/537.36 (KHTML, like Gecko) Version/4.0 Chrome/83.0.4103.106 Mobile Safari/537.36"
117.136.68.35 - - [30/Oct/2020:14:47:14 +0800] "GET /image/fonticon/extend_icon.png HTTP/1.1" 200 731 "http://merp.yudo.com.cn:8183/css/yudo-ui.css?v=2016" "Mozilla/5.0 (Linux; Android 10; HMA-AL00 Build/HUAWEIHMA-AL00; wv) AppleWebKit/537.36 (KHTML, like Gecko) Version/4.0 Chrome/83.0.4103.106 Mobile Safari/537.36"
117.136.68.35 - - [30/Oct/2020:14:47:14 +0800] "GET /image/fonticon/userMenu_icon.png HTTP/1.1" 200 412 "http://merp.yudo.com.cn:8183/css/yudo-ui.css?v=2016" "Mozilla/5.0 (Linux; Android 10; HMA-AL00 Build/HUAWEIHMA-AL00; wv) AppleWebKit/537.36 (KHTML, like Gecko) Version/4.0 Chrome/83.0.4103.106 Mobile Safari/537.36"
117.136.68.35 - - [30/Oct/2020:14:47:14 +0800] "GET /language/LANG_CHN.json?beta=2253 HTTP/1.1" 200 32414 "http://merp.yudo.com.cn:8183/Menu" "Mozilla/5.0 (Linux; Android 10; HMA-AL00 Build/HUAWEIHMA-AL00; wv) AppleWebKit/537.36 (KHTML, like Gecko) Version/4.0 Chrome/83.0.4103.106 Mobile Safari/537.36"
117.136.68.35 - - [30/Oct/2020:14:47:14 +0800] "GET /image/fonticon/sales_icon.png HTTP/1.1" 200 5931 "http://merp.yudo.com.cn:8183/css/yudo-ui.css?v=2016" "Mozilla/5.0 (Linux; Android 10; HMA-AL00 Build/HUAWEIHMA-AL00; wv) AppleWebKit/537.36 (KHTML, like Gecko) Version/4.0 Chrome/83.0.4103.106 Mobile Safari/537.36"
117.136.68.35 - - [30/Oct/2020:14:47:14 +0800] "GET /image/fonticon/dayTotal_icon.png HTTP/1.1" 200 4233 "http://merp.yudo.com.cn:8183/css/yudo-ui.css?v=2016" "Mozilla/5.0 (Linux; Android 10; HMA-AL00 Build/HUAWEIHMA-AL00; wv) AppleWebKit/537.36 (KHTML, like Gecko) Version/4.0 Chrome/83.0.4103.106 Mobile Safari/537.36"
117.136.68.35 - - [30/Oct/2020:14:47:14 +0800] "GET /image/fonticon/salesPlan_icon.png HTTP/1.1" 200 5653 "http://merp.yudo.com.cn:8183/css/yudo-ui.css?v=2016" "Mozilla/5.0 (Linux; Android 10; HMA-AL00 Build/HUAWEIHMA-AL00; wv) AppleWebKit/537.36 (KHTML, like Gecko) Version/4.0 Chrome/83.0.4103.106 Mobile Safari/537.36"
117.136.68.35 - - [30/Oct/2020:14:47:14 +0800] "GET /image/fonticon/loading_icon6.png HTTP/1.1" 200 2555 "http://merp.yudo.com.cn:8183/css/mui.min.css?v=1012" "Mozilla/5.0 (Linux; Android 10; HMA-AL00 Build/HUAWEIHMA-AL00; wv) AppleWebKit/537.36 (KHTML, like Gecko) Version/4.0 Chrome/83.0.4103.106 Mobile Safari/537.36"
117.136.68.35 - - [30/Oct/2020:14:47:14 +0800] "GET /Menu/doMenuRows_prc?formKey=Menu HTTP/1.1" 200 826 "http://merp.yudo.com.cn:8183/Menu" "Mozilla/5.0 (Linux; Android 10; HMA-AL00 Build/HUAWEIHMA-AL00; wv) AppleWebKit/537.36 (KHTML, like Gecko) Version/4.0 Chrome/83.0.4103.106 Mobile Safari/537.36"
117.136.68.35 - - [30/Oct/2020:14:47:15 +0800] "GET /Menu/getVersionInfo HTTP/1.1" 200 394 "http://merp.yudo.com.cn:8183/Menu" "Mozilla/5.0 (Linux; Android 10; HMA-AL00 Build/HUAWEIHMA-AL00; wv) AppleWebKit/537.36 (KHTML, like Gecko) Version/4.0 Chrome/83.0.4103.106 Mobile Safari/537.36"
117.136.68.35 - - [30/Oct/2020:14:47:14 +0800] "GET /image/yudo-01.png HTTP/1.1" 200 381770 "http://merp.yudo.com.cn:8183/Menu" "Mozilla/5.0 (Linux; Android 10; HMA-AL00 Build/HUAWEIHMA-AL00; wv) AppleWebKit/537.36 (KHTML, like Gecko) Version/4.0 Chrome/83.0.4103.106 Mobile Safari/537.36"
117.136.68.35 - - [30/Oct/2020:14:47:15 +0800] "GET /Menu/getLoginInfo HTTP/1.1" 200 182 "http://merp.yudo.com.cn:8183/Menu" "Mozilla/5.0 (Linux; Android 10; HMA-AL00 Build/HUAWEIHMA-AL00; wv) AppleWebKit/537.36 (KHTML, like Gecko) Version/4.0 Chrome/83.0.4103.106 Mobile Safari/537.36"
117.136.68.35 - - [30/Oct/2020:14:47:15 +0800] "GET /favicon.ico HTTP/1.1" 404 1476 "http://merp.yudo.com.cn:8183/Menu" "Mozilla/5.0 (Linux; Android 10; HMA-AL00 Build/HUAWEIHMA-AL00; wv) AppleWebKit/537.36 (KHTML, like Gecko) Version/4.0 Chrome/83.0.4103.106 Mobile Safari/537.36"
117.136.68.35 - - [30/Oct/2020:14:47:17 +0800] "GET /WEI_2300/WEI_2300?formKey=Menu&menuSelection=asm HTTP/1.1" 200 39135 "http://merp.yudo.com.cn:8183/Menu" "Mozilla/5.0 (Linux; Android 10; HMA-AL00 Build/HUAWEIHMA-AL00; wv) AppleWebKit/537.36 (KHTML, like Gecko) Version/4.0 Chrome/83.0.4103.106 Mobile Safari/537.36"
117.136.68.35 - - [30/Oct/2020:14:47:18 +0800] "GET /image/fonticon/backMenu_icon.png HTTP/1.1" 200 1449 "http://merp.yudo.com.cn:8183/css/yudo-ui.css?v=2016" "Mozilla/5.0 (Linux; Android 10; HMA-AL00 Build/HUAWEIHMA-AL00; wv) AppleWebKit/537.36 (KHTML, like Gecko) Version/4.0 Chrome/83.0.4103.106 Mobile Safari/537.36"
117.136.68.35 - - [30/Oct/2020:14:47:18 +0800] "GET /image/fonticon/search_icon.png HTTP/1.1" 200 2335 "http://merp.yudo.com.cn:8183/css/yudo-ui.css?v=2016" "Mozilla/5.0 (Linux; Android 10; HMA-AL00 Build/HUAWEIHMA-AL00; wv) AppleWebKit/537.36 (KHTML, like Gecko) Version/4.0 Chrome/83.0.4103.106 Mobile Safari/537.36"
117.136.68.35 - - [30/Oct/2020:14:47:18 +0800] "GET /image/fonticon/write_icon.png HTTP/1.1" 200 1384 "http://merp.yudo.com.cn:8183/css/yudo-ui.css?v=2016" "Mozilla/5.0 (Linux; Android 10; HMA-AL00 Build/HUAWEIHMA-AL00; wv) AppleWebKit/537.36 (KHTML, like Gecko) Version/4.0 Chrome/83.0.4103.106 Mobile Safari/537.36"
117.136.68.35 - - [30/Oct/2020:14:47:18 +0800] "GET /image/fonticon/back_icon2.png HTTP/1.1" 200 1066 "http://merp.yudo.com.cn:8183/css/yudo-ui.css?v=2016" "Mozilla/5.0 (Linux; Android 10; HMA-AL00 Build/HUAWEIHMA-AL00; wv) AppleWebKit/537.36 (KHTML, like Gecko) Version/4.0 Chrome/83.0.4103.106 Mobile Safari/537.36"
117.136.68.35 - - [30/Oct/2020:14:47:18 +0800] "GET /image/fonticon/search_class_icon.png HTTP/1.1" 200 2455 "http://merp.yudo.com.cn:8183/css/yudo-ui.css?v=2016" "Mozilla/5.0 (Linux; Android 10; HMA-AL00 Build/HUAWEIHMA-AL00; wv) AppleWebKit/537.36 (KHTML, like Gecko) Version/4.0 Chrome/83.0.4103.106 Mobile Safari/537.36"
117.136.68.35 - - [30/Oct/2020:14:47:18 +0800] "GET /image/fonticon/search_user_icon.png HTTP/1.1" 200 1239 "http://merp.yudo.com.cn:8183/css/yudo-ui.css?v=2016" "Mozilla/5.0 (Linux; Android 10; HMA-AL00 Build/HUAWEIHMA-AL00; wv) AppleWebKit/537.36 (KHTML, like Gecko) Version/4.0 Chrome/83.0.4103.106 Mobile Safari/537.36"
117.136.68.35 - - [30/Oct/2020:14:47:18 +0800] "GET /image/fonticon/date_icon.png HTTP/1.1" 200 1883 "http://merp.yudo.com.cn:8183/css/yudo-ui.css?v=2016" "Mozilla/5.0 (Linux; Android 10; HMA-AL00 Build/HUAWEIHMA-AL00; wv) AppleWebKit/537.36 (KHTML, like Gecko) Version/4.0 Chrome/83.0.4103.106 Mobile Safari/537.36"
