49.72.251.73 - - [09/Jan/2019:10:42:46 +0800] "GET /css/yudo-ui.css?v=1063 HTTP/1.1" 200 16320 "http://merp.yudo.com.cn:8183/WEI_1410/WEI_1410?formKey=undefined&menuSelection=sm" "Mozilla/5.0 (Linux; Android 8.1.0; MI 6X Build/OPM1.171019.011; wv) AppleWebKit/537.36 (KHTML, like Gecko) Version/4.0 Chrome/62.0.3202.84 Mobile Safari/537.36"
49.72.251.73 - - [09/Jan/2019:10:42:46 +0800] "GET /js/WEI_1410/WEI_1410_Lists.js?v=1064 HTTP/1.1" 200 23974 "http://merp.yudo.com.cn:8183/WEI_1410/WEI_1410?formKey=undefined&menuSelection=sm" "Mozilla/5.0 (Linux; Android 8.1.0; MI 6X Build/OPM1.171019.011; wv) AppleWebKit/537.36 (KHTML, like Gecko) Version/4.0 Chrome/62.0.3202.84 Mobile Safari/537.36"
49.72.251.73 - - [09/Jan/2019:10:42:46 +0800] "POST /JLAMPCommon/langBatchRows_prc HTTP/1.1" 200 4792 "http://merp.yudo.com.cn:8183/WEI_1410/WEI_1410?formKey=undefined&menuSelection=sm" "Mozilla/5.0 (Linux; Android 8.1.0; MI 6X Build/OPM1.171019.011; wv) AppleWebKit/537.36 (KHTML, like Gecko) Version/4.0 Chrome/62.0.3202.84 Mobile Safari/537.36"
49.72.251.73 - - [09/Jan/2019:10:42:46 +0800] "POST /JLAMPCommon/langBatchRows_prc HTTP/1.1" 200 541 "http://merp.yudo.com.cn:8183/WEI_1410/WEI_1410?formKey=undefined&menuSelection=sm" "Mozilla/5.0 (Linux; Android 8.1.0; MI 6X Build/OPM1.171019.011; wv) AppleWebKit/537.36 (KHTML, like Gecko) Version/4.0 Chrome/62.0.3202.84 Mobile Safari/537.36"
49.72.251.73 - - [09/Jan/2019:10:42:46 +0800] "GET /JLAMPCommon/getCookieJson_prc HTTP/1.1" 200 914 "http://merp.yudo.com.cn:8183/WEI_1410/WEI_1410?formKey=undefined&menuSelection=sm" "Mozilla/5.0 (Linux; Android 8.1.0; MI 6X Build/OPM1.171019.011; wv) AppleWebKit/537.36 (KHTML, like Gecko) Version/4.0 Chrome/62.0.3202.84 Mobile Safari/537.36"
49.72.251.73 - - [09/Jan/2019:10:42:46 +0800] "GET /image/fonticon/search_class_icon.png HTTP/1.1" 200 2455 "http://merp.yudo.com.cn:8183/css/yudo-ui.css?v=1063" "Mozilla/5.0 (Linux; Android 8.1.0; MI 6X Build/OPM1.171019.011; wv) AppleWebKit/537.36 (KHTML, like Gecko) Version/4.0 Chrome/62.0.3202.84 Mobile Safari/537.36"
49.72.251.73 - - [09/Jan/2019:10:42:46 +0800] "GET /WEI_1410/getFilialeList HTTP/1.1" 200 635 "http://merp.yudo.com.cn:8183/WEI_1410/WEI_1410?formKey=undefined&menuSelection=sm" "Mozilla/5.0 (Linux; Android 8.1.0; MI 6X Build/OPM1.171019.011; wv) AppleWebKit/537.36 (KHTML, like Gecko) Version/4.0 Chrome/62.0.3202.84 Mobile Safari/537.36"
49.72.251.73 - - [09/Jan/2019:10:42:46 +0800] "GET /WEI_1410/getDeptId HTTP/1.1" 200 2736 "http://merp.yudo.com.cn:8183/WEI_1410/WEI_1410?formKey=undefined&menuSelection=sm" "Mozilla/5.0 (Linux; Android 8.1.0; MI 6X Build/OPM1.171019.011; wv) AppleWebKit/537.36 (KHTML, like Gecko) Version/4.0 Chrome/62.0.3202.84 Mobile Safari/537.36"
49.72.251.73 - - [09/Jan/2019:10:42:48 +0800] "GET /WEI_1410/queryResults?dateY=2019&deptCd=&currId=B&expClass=&deptDiv= HTTP/1.1" 200 6584 "http://merp.yudo.com.cn:8183/WEI_1410/WEI_1410?formKey=undefined&menuSelection=sm" "Mozilla/5.0 (Linux; Android 8.1.0; MI 6X Build/OPM1.171019.011; wv) AppleWebKit/537.36 (KHTML, like Gecko) Version/4.0 Chrome/62.0.3202.84 Mobile Safari/537.36"
192.168.253.2 - - [09/Jan/2019:10:42:53 +0800] "GET /?deviceType=mobile&devicePlatform=ios HTTP/1.1" 200 7938 "-" "Mozilla/5.0 (iPhone; CPU iPhone OS 11_0 like Mac OS X) AppleWebKit/604.1.38 (KHTML, like Gecko) Mobile/15A372JLAMPMode:iPhone"
192.168.253.2 - - [09/Jan/2019:10:42:54 +0800] "GET /css/JLAMP.common.min.css HTTP/1.1" 200 - "http://merp.yudo.com.cn:8183/?deviceType=mobile&devicePlatform=ios" "Mozilla/5.0 (iPhone; CPU iPhone OS 11_0 like Mac OS X) AppleWebKit/604.1.38 (KHTML, like Gecko) Mobile/15A372JLAMPMode:iPhone"
192.168.253.2 - - [09/Jan/2019:10:42:54 +0800] "GET /js/fastclick.js HTTP/1.1" 304 - "http://merp.yudo.com.cn:8183/?deviceType=mobile&devicePlatform=ios" "Mozilla/5.0 (iPhone; CPU iPhone OS 11_0 like Mac OS X) AppleWebKit/604.1.38 (KHTML, like Gecko) Mobile/15A372JLAMPMode:iPhone"
192.168.253.2 - - [09/Jan/2019:10:42:54 +0800] "GET /css/common.css?v=5007 HTTP/1.1" 304 - "http://merp.yudo.com.cn:8183/?deviceType=mobile&devicePlatform=ios" "Mozilla/5.0 (iPhone; CPU iPhone OS 11_0 like Mac OS X) AppleWebKit/604.1.38 (KHTML, like Gecko) Mobile/15A372JLAMPMode:iPhone"
192.168.253.2 - - [09/Jan/2019:10:42:54 +0800] "GET /js/JLAMP.min.js HTTP/1.1" 304 - "http://merp.yudo.com.cn:8183/?deviceType=mobile&devicePlatform=ios" "Mozilla/5.0 (iPhone; CPU iPhone OS 11_0 like Mac OS X) AppleWebKit/604.1.38 (KHTML, like Gecko) Mobile/15A372JLAMPMode:iPhone"
192.168.253.2 - - [09/Jan/2019:10:42:54 +0800] "GET /js/common.js HTTP/1.1" 304 - "http://merp.yudo.com.cn:8183/?deviceType=mobile&devicePlatform=ios" "Mozilla/5.0 (iPhone; CPU iPhone OS 11_0 like Mac OS X) AppleWebKit/604.1.38 (KHTML, like Gecko) Mobile/15A372JLAMPMode:iPhone"
192.168.253.2 - - [09/Jan/2019:10:42:54 +0800] "GET /js/GNB.js HTTP/1.1" 304 - "http://merp.yudo.com.cn:8183/?deviceType=mobile&devicePlatform=ios" "Mozilla/5.0 (iPhone; CPU iPhone OS 11_0 like Mac OS X) AppleWebKit/604.1.38 (KHTML, like Gecko) Mobile/15A372JLAMPMode:iPhone"
192.168.253.2 - - [09/Jan/2019:10:42:54 +0800] "GET /js/JLAMP.common.min.js HTTP/1.1" 304 - "http://merp.yudo.com.cn:8183/?deviceType=mobile&devicePlatform=ios" "Mozilla/5.0 (iPhone; CPU iPhone OS 11_0 like Mac OS X) AppleWebKit/604.1.38 (KHTML, like Gecko) Mobile/15A372JLAMPMode:iPhone"
192.168.253.2 - - [09/Jan/2019:10:42:54 +0800] "GET /js/JLAMP.lang.min.js HTTP/1.1" 304 - "http://merp.yudo.com.cn:8183/?deviceType=mobile&devicePlatform=ios" "Mozilla/5.0 (iPhone; CPU iPhone OS 11_0 like Mac OS X) AppleWebKit/604.1.38 (KHTML, like Gecko) Mobile/15A372JLAMPMode:iPhone"
192.168.253.2 - - [09/Jan/2019:10:42:54 +0800] "GET /js/login.js?v=7009 HTTP/1.1" 304 - "http://merp.yudo.com.cn:8183/?deviceType=mobile&devicePlatform=ios" "Mozilla/5.0 (iPhone; CPU iPhone OS 11_0 like Mac OS X) AppleWebKit/604.1.38 (KHTML, like Gecko) Mobile/15A372JLAMPMode:iPhone"
192.168.253.2 - - [09/Jan/2019:10:42:54 +0800] "GET /js/version.js?v=20180920001 HTTP/1.1" 304 - "http://merp.yudo.com.cn:8183/?deviceType=mobile&devicePlatform=ios" "Mozilla/5.0 (iPhone; CPU iPhone OS 11_0 like Mac OS X) AppleWebKit/604.1.38 (KHTML, like Gecko) Mobile/15A372JLAMPMode:iPhone"
192.168.253.2 - - [09/Jan/2019:10:42:54 +0800] "GET /JLAMPCommon/getCookieJson_prc HTTP/1.1" 200 62 "http://merp.yudo.com.cn:8183/?deviceType=mobile&devicePlatform=ios" "Mozilla/5.0 (iPhone; CPU iPhone OS 11_0 like Mac OS X) AppleWebKit/604.1.38 (KHTML, like Gecko) Mobile/15A372JLAMPMode:iPhone"
::1 - - [09/Jan/2019:10:42:59 +0800] "OPTIONS * HTTP/1.0" 200 - "-" "Apache/2.4.6 (CentOS) PHP/5.6.32 (internal dummy connection)"
::1 - - [09/Jan/2019:10:43:00 +0800] "OPTIONS * HTTP/1.0" 200 - "-" "Apache/2.4.6 (CentOS) PHP/5.6.32 (internal dummy connection)"
::1 - - [09/Jan/2019:10:43:01 +0800] "OPTIONS * HTTP/1.0" 200 - "-" "Apache/2.4.6 (CentOS) PHP/5.6.32 (internal dummy connection)"
49.72.251.73 - - [09/Jan/2019:10:43:11 +0800] "GET /Menu/Menu/menuLists?formKey=undefined&menuSelection=undefined HTTP/1.1" 200 5838 "http://merp.yudo.com.cn:8183/WEI_1410/WEI_1410?formKey=undefined&menuSelection=sm" "Mozilla/5.0 (Linux; Android 8.1.0; MI 6X Build/OPM1.171019.011; wv) AppleWebKit/537.36 (KHTML, like Gecko) Version/4.0 Chrome/62.0.3202.84 Mobile Safari/537.36"
49.72.251.73 - - [09/Jan/2019:10:43:12 +0800] "POST /JLAMPCommon/langBatchRows_prc HTTP/1.1" 200 595 "http://merp.yudo.com.cn:8183/Menu/Menu/menuLists?formKey=undefined&menuSelection=undefined" "Mozilla/5.0 (Linux; Android 8.1.0; MI 6X Build/OPM1.171019.011; wv) AppleWebKit/537.36 (KHTML, like Gecko) Version/4.0 Chrome/62.0.3202.84 Mobile Safari/537.36"
49.72.251.73 - - [09/Jan/2019:10:43:12 +0800] "GET /JLAMPCommon/getCookieJson_prc HTTP/1.1" 200 914 "http://merp.yudo.com.cn:8183/Menu/Menu/menuLists?formKey=undefined&menuSelection=undefined" "Mozilla/5.0 (Linux; Android 8.1.0; MI 6X Build/OPM1.171019.011; wv) AppleWebKit/537.36 (KHTML, like Gecko) Version/4.0 Chrome/62.0.3202.84 Mobile Safari/537.36"
49.72.251.73 - - [09/Jan/2019:10:43:12 +0800] "GET /Menu/doMenuRows_prc?formKey=undefined HTTP/1.1" 200 1906 "http://merp.yudo.com.cn:8183/Menu/Menu/menuLists?formKey=undefined&menuSelection=undefined" "Mozilla/5.0 (Linux; Android 8.1.0; MI 6X Build/OPM1.171019.011; wv) AppleWebKit/537.36 (KHTML, like Gecko) Version/4.0 Chrome/62.0.3202.84 Mobile Safari/537.36"
49.72.251.73 - - [09/Jan/2019:10:43:14 +0800] "GET /WEI_1420/WEI_1420?formKey=undefined&menuSelection=sm HTTP/1.1" 200 10017 "http://merp.yudo.com.cn:8183/Menu/Menu/menuLists?formKey=undefined&menuSelection=undefined" "Mozilla/5.0 (Linux; Android 8.1.0; MI 6X Build/OPM1.171019.011; wv) AppleWebKit/537.36 (KHTML, like Gecko) Version/4.0 Chrome/62.0.3202.84 Mobile Safari/537.36"
49.72.251.73 - - [09/Jan/2019:10:43:14 +0800] "GET /js/WEI_1420/WEI_1420_Lists.js?v=1063 HTTP/1.1" 200 19780 "http://merp.yudo.com.cn:8183/WEI_1420/WEI_1420?formKey=undefined&menuSelection=sm" "Mozilla/5.0 (Linux; Android 8.1.0; MI 6X Build/OPM1.171019.011; wv) AppleWebKit/537.36 (KHTML, like Gecko) Version/4.0 Chrome/62.0.3202.84 Mobile Safari/537.36"
49.72.251.73 - - [09/Jan/2019:10:43:15 +0800] "POST /JLAMPCommon/langBatchRows_prc HTTP/1.1" 200 3479 "http://merp.yudo.com.cn:8183/WEI_1420/WEI_1420?formKey=undefined&menuSelection=sm" "Mozilla/5.0 (Linux; Android 8.1.0; MI 6X Build/OPM1.171019.011; wv) AppleWebKit/537.36 (KHTML, like Gecko) Version/4.0 Chrome/62.0.3202.84 Mobile Safari/537.36"
49.72.251.73 - - [09/Jan/2019:10:43:15 +0800] "POST /JLAMPCommon/langBatchRows_prc HTTP/1.1" 200 541 "http://merp.yudo.com.cn:8183/WEI_1420/WEI_1420?formKey=undefined&menuSelection=sm" "Mozilla/5.0 (Linux; Android 8.1.0; MI 6X Build/OPM1.171019.011; wv) AppleWebKit/537.36 (KHTML, like Gecko) Version/4.0 Chrome/62.0.3202.84 Mobile Safari/537.36"
49.72.251.73 - - [09/Jan/2019:10:43:15 +0800] "GET /JLAMPCommon/getCookieJson_prc HTTP/1.1" 200 914 "http://merp.yudo.com.cn:8183/WEI_1420/WEI_1420?formKey=undefined&menuSelection=sm" "Mozilla/5.0 (Linux; Android 8.1.0; MI 6X Build/OPM1.171019.011; wv) AppleWebKit/537.36 (KHTML, like Gecko) Version/4.0 Chrome/62.0.3202.84 Mobile Safari/537.36"
49.72.251.73 - - [09/Jan/2019:10:43:15 +0800] "GET /WEI_1420/getFilialeList HTTP/1.1" 200 635 "http://merp.yudo.com.cn:8183/WEI_1420/WEI_1420?formKey=undefined&menuSelection=sm" "Mozilla/5.0 (Linux; Android 8.1.0; MI 6X Build/OPM1.171019.011; wv) AppleWebKit/537.36 (KHTML, like Gecko) Version/4.0 Chrome/62.0.3202.84 Mobile Safari/537.36"
49.72.251.73 - - [09/Jan/2019:10:43:16 +0800] "GET /WEI_1420/queryResults?date=20190109&deptDiv= HTTP/1.1" 200 12982 "http://merp.yudo.com.cn:8183/WEI_1420/WEI_1420?formKey=undefined&menuSelection=sm" "Mozilla/5.0 (Linux; Android 8.1.0; MI 6X Build/OPM1.171019.011; wv) AppleWebKit/537.36 (KHTML, like Gecko) Version/4.0 Chrome/62.0.3202.84 Mobile Safari/537.36"
192.168.253.2 - - [09/Jan/2019:10:43:24 +0800] "POST /main/login_prc HTTP/1.1" 200 74 "http://merp.yudo.com.cn:8183/?deviceType=mobile&devicePlatform=ios" "Mozilla/5.0 (iPhone; CPU iPhone OS 11_0 like Mac OS X) AppleWebKit/604.1.38 (KHTML, like Gecko) Mobile/15A372JLAMPMode:iPhone"
192.168.253.2 - - [09/Jan/2019:10:43:33 +0800] "POST /main/login_prc HTTP/1.1" 200 44 "http://merp.yudo.com.cn:8183/?deviceType=mobile&devicePlatform=ios" "Mozilla/5.0 (iPhone; CPU iPhone OS 11_0 like Mac OS X) AppleWebKit/604.1.38 (KHTML, like Gecko) Mobile/15A372JLAMPMode:iPhone"
192.168.253.2 - - [09/Jan/2019:10:43:33 +0800] "POST /main/checkMenuAuth_prc HTTP/1.1" 200 44 "http://merp.yudo.com.cn:8183/?deviceType=mobile&devicePlatform=ios" "Mozilla/5.0 (iPhone; CPU iPhone OS 11_0 like Mac OS X) AppleWebKit/604.1.38 (KHTML, like Gecko) Mobile/15A372JLAMPMode:iPhone"
192.168.253.2 - - [09/Jan/2019:10:43:33 +0800] "POST / HTTP/1.1" 302 149 "http://merp.yudo.com.cn:8183/?deviceType=mobile&devicePlatform=ios" "Mozilla/5.0 (iPhone; CPU iPhone OS 11_0 like Mac OS X) AppleWebKit/604.1.38 (KHTML, like Gecko) Mobile/15A372JLAMPMode:iPhone"
192.168.253.2 - - [09/Jan/2019:10:43:34 +0800] "GET /Menu/Menu?formKey=M20190109T104200163 HTTP/1.1" 200 5839 "http://merp.yudo.com.cn:8183/?deviceType=mobile&devicePlatform=ios" "Mozilla/5.0 (iPhone; CPU iPhone OS 11_0 like Mac OS X) AppleWebKit/604.1.38 (KHTML, like Gecko) Mobile/15A372JLAMPMode:iPhone"
192.168.253.2 - - [09/Jan/2019:10:43:34 +0800] "GET /css/WEI_2000/mui.min.css?v=1001 HTTP/1.1" 304 - "http://merp.yudo.com.cn:8183/Menu/Menu?formKey=M20190109T104200163" "Mozilla/5.0 (iPhone; CPU iPhone OS 11_0 like Mac OS X) AppleWebKit/604.1.38 (KHTML, like Gecko) Mobile/15A372JLAMPMode:iPhone"
192.168.253.2 - - [09/Jan/2019:10:43:34 +0800] "GET /js/Menu/Menu.js?v=1005 HTTP/1.1" 304 - "http://merp.yudo.com.cn:8183/Menu/Menu?formKey=M20190109T104200163" "Mozilla/5.0 (iPhone; CPU iPhone OS 11_0 like Mac OS X) AppleWebKit/604.1.38 (KHTML, like Gecko) Mobile/15A372JLAMPMode:iPhone"
192.168.253.2 - - [09/Jan/2019:10:43:34 +0800] "POST /JLAMPCommon/langBatchRows_prc HTTP/1.1" 200 595 "http://merp.yudo.com.cn:8183/Menu/Menu?formKey=M20190109T104200163" "Mozilla/5.0 (iPhone; CPU iPhone OS 11_0 like Mac OS X) AppleWebKit/604.1.38 (KHTML, like Gecko) Mobile/15A372JLAMPMode:iPhone"
192.168.253.2 - - [09/Jan/2019:10:43:34 +0800] "GET /JLAMPCommon/getCookieJson_prc HTTP/1.1" 200 913 "http://merp.yudo.com.cn:8183/Menu/Menu?formKey=M20190109T104200163" "Mozilla/5.0 (iPhone; CPU iPhone OS 11_0 like Mac OS X) AppleWebKit/604.1.38 (KHTML, like Gecko) Mobile/15A372JLAMPMode:iPhone"
192.168.253.2 - - [09/Jan/2019:10:43:34 +0800] "GET /Menu/doMenuRows_prc?formKey=M20190109T104200163 HTTP/1.1" 200 1996 "http://merp.yudo.com.cn:8183/Menu/Menu?formKey=M20190109T104200163" "Mozilla/5.0 (iPhone; CPU iPhone OS 11_0 like Mac OS X) AppleWebKit/604.1.38 (KHTML, like Gecko) Mobile/15A372JLAMPMode:iPhone"
192.168.253.2 - - [09/Jan/2019:10:43:37 +0800] "GET /WEI_0100/WEI_0100?formKey=M20190109T104200163&menuSelection=mi HTTP/1.1" 200 14724 "http://merp.yudo.com.cn:8183/Menu/Menu?formKey=M20190109T104200163" "Mozilla/5.0 (iPhone; CPU iPhone OS 11_0 like Mac OS X) AppleWebKit/604.1.38 (KHTML, like Gecko) Mobile/15A372JLAMPMode:iPhone"
192.168.253.2 - - [09/Jan/2019:10:43:37 +0800] "GET /css/yudo-ui.css?v=1071 HTTP/1.1" 304 - "http://merp.yudo.com.cn:8183/WEI_0100/WEI_0100?formKey=M20190109T104200163&menuSelection=mi" "Mozilla/5.0 (iPhone; CPU iPhone OS 11_0 like Mac OS X) AppleWebKit/604.1.38 (KHTML, like Gecko) Mobile/15A372JLAMPMode:iPhone"
192.168.253.2 - - [09/Jan/2019:10:43:37 +0800] "GET /js/multiHttp.js?v=1002 HTTP/1.1" 304 - "http://merp.yudo.com.cn:8183/WEI_0100/WEI_0100?formKey=M20190109T104200163&menuSelection=mi" "Mozilla/5.0 (iPhone; CPU iPhone OS 11_0 like Mac OS X) AppleWebKit/604.1.38 (KHTML, like Gecko) Mobile/15A372JLAMPMode:iPhone"
192.168.253.2 - - [09/Jan/2019:10:43:37 +0800] "GET /css/mui.min.css?v=1008 HTTP/1.1" 304 - "http://merp.yudo.com.cn:8183/WEI_0100/WEI_0100?formKey=M20190109T104200163&menuSelection=mi" "Mozilla/5.0 (iPhone; CPU iPhone OS 11_0 like Mac OS X) AppleWebKit/604.1.38 (KHTML, like Gecko) Mobile/15A372JLAMPMode:iPhone"
192.168.253.2 - - [09/Jan/2019:10:43:37 +0800] "GET /css/mui.picker.min.css HTTP/1.1" 304 - "http://merp.yudo.com.cn:8183/WEI_0100/WEI_0100?formKey=M20190109T104200163&menuSelection=mi" "Mozilla/5.0 (iPhone; CPU iPhone OS 11_0 like Mac OS X) AppleWebKit/604.1.38 (KHTML, like Gecko) Mobile/15A372JLAMPMode:iPhone"
192.168.253.2 - - [09/Jan/2019:10:43:37 +0800] "GET /js/vue.js HTTP/1.1" 304 - "http://merp.yudo.com.cn:8183/WEI_0100/WEI_0100?formKey=M20190109T104200163&menuSelection=mi" "Mozilla/5.0 (iPhone; CPU iPhone OS 11_0 like Mac OS X) AppleWebKit/604.1.38 (KHTML, like Gecko) Mobile/15A372JLAMPMode:iPhone"
192.168.253.2 - - [09/Jan/2019:10:43:37 +0800] "GET /css/animate.min.css HTTP/1.1" 304 - "http://merp.yudo.com.cn:8183/WEI_0100/WEI_0100?formKey=M20190109T104200163&menuSelection=mi" "Mozilla/5.0 (iPhone; CPU iPhone OS 11_0 like Mac OS X) AppleWebKit/604.1.38 (KHTML, like Gecko) Mobile/15A372JLAMPMode:iPhone"
192.168.253.2 - - [09/Jan/2019:10:43:37 +0800] "GET /js/lang.min.js?v=1001 HTTP/1.1" 304 - "http://merp.yudo.com.cn:8183/WEI_0100/WEI_0100?formKey=M20190109T104200163&menuSelection=mi" "Mozilla/5.0 (iPhone; CPU iPhone OS 11_0 like Mac OS X) AppleWebKit/604.1.38 (KHTML, like Gecko) Mobile/15A372JLAMPMode:iPhone"
192.168.253.2 - - [09/Jan/2019:10:43:37 +0800] "GET /js/mui.picker.min.js?v=1001 HTTP/1.1" 304 - "http://merp.yudo.com.cn:8183/WEI_0100/WEI_0100?formKey=M20190109T104200163&menuSelection=mi" "Mozilla/5.0 (iPhone; CPU iPhone OS 11_0 like Mac OS X) AppleWebKit/604.1.38 (KHTML, like Gecko) Mobile/15A372JLAMPMode:iPhone"
192.168.253.2 - - [09/Jan/2019:10:43:37 +0800] "GET /js/WEI_0100/WEI_0100_Lists.js?v=1075 HTTP/1.1" 304 - "http://merp.yudo.com.cn:8183/WEI_0100/WEI_0100?formKey=M20190109T104200163&menuSelection=mi" "Mozilla/5.0 (iPhone; CPU iPhone OS 11_0 like Mac OS X) AppleWebKit/604.1.38 (KHTML, like Gecko) Mobile/15A372JLAMPMode:iPhone"
192.168.253.2 - - [09/Jan/2019:10:43:37 +0800] "GET /js/echarts.min.js HTTP/1.1" 200 744675 "http://merp.yudo.com.cn:8183/WEI_0100/WEI_0100?formKey=M20190109T104200163&menuSelection=mi" "Mozilla/5.0 (iPhone; CPU iPhone OS 11_0 like Mac OS X) AppleWebKit/604.1.38 (KHTML, like Gecko) Mobile/15A372JLAMPMode:iPhone"
192.168.253.2 - - [09/Jan/2019:10:43:37 +0800] "POST /JLAMPCommon/langBatchRows_prc HTTP/1.1" 200 393 "http://merp.yudo.com.cn:8183/WEI_0100/WEI_0100?formKey=M20190109T104200163&menuSelection=mi" "Mozilla/5.0 (iPhone; CPU iPhone OS 11_0 like Mac OS X) AppleWebKit/604.1.38 (KHTML, like Gecko) Mobile/15A372JLAMPMode:iPhone"
192.168.253.2 - - [09/Jan/2019:10:43:37 +0800] "POST /JLAMPCommon/langBatchRows_prc HTTP/1.1" 200 11247 "http://merp.yudo.com.cn:8183/WEI_0100/WEI_0100?formKey=M20190109T104200163&menuSelection=mi" "Mozilla/5.0 (iPhone; CPU iPhone OS 11_0 like Mac OS X) AppleWebKit/604.1.38 (KHTML, like Gecko) Mobile/15A372JLAMPMode:iPhone"
192.168.253.2 - - [09/Jan/2019:10:43:37 +0800] "GET /JLAMPCommon/getCookieJson_prc HTTP/1.1" 200 913 "http://merp.yudo.com.cn:8183/WEI_0100/WEI_0100?formKey=M20190109T104200163&menuSelection=mi" "Mozilla/5.0 (iPhone; CPU iPhone OS 11_0 like Mac OS X) AppleWebKit/604.1.38 (KHTML, like Gecko) Mobile/15A372JLAMPMode:iPhone"
192.168.253.2 - - [09/Jan/2019:10:43:38 +0800] "GET /image/fonticon/backMenu_icon.png HTTP/1.1" 304 - "http://merp.yudo.com.cn:8183/WEI_0100/WEI_0100?formKey=M20190109T104200163&menuSelection=mi" "Mozilla/5.0 (iPhone; CPU iPhone OS 11_0 like Mac OS X) AppleWebKit/604.1.38 (KHTML, like Gecko) Mobile/15A372JLAMPMode:iPhone"
192.168.253.2 - - [09/Jan/2019:10:43:38 +0800] "GET /image/fonticon/extend_icon.png HTTP/1.1" 304 - "http://merp.yudo.com.cn:8183/WEI_0100/WEI_0100?formKey=M20190109T104200163&menuSelection=mi" "Mozilla/5.0 (iPhone; CPU iPhone OS 11_0 like Mac OS X) AppleWebKit/604.1.38 (KHTML, like Gecko) Mobile/15A372JLAMPMode:iPhone"
192.168.253.2 - - [09/Jan/2019:10:43:38 +0800] "GET /image/fonticon/date_icon.png HTTP/1.1" 304 - "http://merp.yudo.com.cn:8183/WEI_0100/WEI_0100?formKey=M20190109T104200163&menuSelection=mi" "Mozilla/5.0 (iPhone; CPU iPhone OS 11_0 like Mac OS X) AppleWebKit/604.1.38 (KHTML, like Gecko) Mobile/15A372JLAMPMode:iPhone"
192.168.253.2 - - [09/Jan/2019:10:43:38 +0800] "GET /image/fonticon/expclass_icon.png HTTP/1.1" 304 - "http://merp.yudo.com.cn:8183/WEI_0100/WEI_0100?formKey=M20190109T104200163&menuSelection=mi" "Mozilla/5.0 (iPhone; CPU iPhone OS 11_0 like Mac OS X) AppleWebKit/604.1.38 (KHTML, like Gecko) Mobile/15A372JLAMPMode:iPhone"
49.72.251.73 - - [09/Jan/2019:10:43:39 +0800] "GET /Menu/Menu/menuLists?formKey=undefined&menuSelection=undefined HTTP/1.1" 200 5838 "http://merp.yudo.com.cn:8183/WEI_1420/WEI_1420?formKey=undefined&menuSelection=sm" "Mozilla/5.0 (Linux; Android 8.1.0; MI 6X Build/OPM1.171019.011; wv) AppleWebKit/537.36 (KHTML, like Gecko) Version/4.0 Chrome/62.0.3202.84 Mobile Safari/537.36"
49.72.251.73 - - [09/Jan/2019:10:43:40 +0800] "POST /JLAMPCommon/langBatchRows_prc HTTP/1.1" 200 595 "http://merp.yudo.com.cn:8183/Menu/Menu/menuLists?formKey=undefined&menuSelection=undefined" "Mozilla/5.0 (Linux; Android 8.1.0; MI 6X Build/OPM1.171019.011; wv) AppleWebKit/537.36 (KHTML, like Gecko) Version/4.0 Chrome/62.0.3202.84 Mobile Safari/537.36"
49.72.251.73 - - [09/Jan/2019:10:43:40 +0800] "GET /JLAMPCommon/getCookieJson_prc HTTP/1.1" 200 914 "http://merp.yudo.com.cn:8183/Menu/Menu/menuLists?formKey=undefined&menuSelection=undefined" "Mozilla/5.0 (Linux; Android 8.1.0; MI 6X Build/OPM1.171019.011; wv) AppleWebKit/537.36 (KHTML, like Gecko) Version/4.0 Chrome/62.0.3202.84 Mobile Safari/537.36"
49.72.251.73 - - [09/Jan/2019:10:43:40 +0800] "GET /Menu/doMenuRows_prc?formKey=undefined HTTP/1.1" 200 1906 "http://merp.yudo.com.cn:8183/Menu/Menu/menuLists?formKey=undefined&menuSelection=undefined" "Mozilla/5.0 (Linux; Android 8.1.0; MI 6X Build/OPM1.171019.011; wv) AppleWebKit/537.36 (KHTML, like Gecko) Version/4.0 Chrome/62.0.3202.84 Mobile Safari/537.36"
192.168.253.2 - - [09/Jan/2019:10:43:43 +0800] "GET /image/fonticon/loading_icon2.png HTTP/1.1" 304 - "http://merp.yudo.com.cn:8183/WEI_0100/WEI_0100?formKey=M20190109T104200163&menuSelection=mi" "Mozilla/5.0 (iPhone; CPU iPhone OS 11_0 like Mac OS X) AppleWebKit/604.1.38 (KHTML, like Gecko) Mobile/15A372JLAMPMode:iPhone"
192.168.253.2 - - [09/Jan/2019:10:43:43 +0800] "GET /WEI_1400/lists_prc?baseDate=2019-01-09&gubun=y&dbChoose=QD HTTP/1.1" 500 1191 "http://merp.yudo.com.cn:8183/WEI_0100/WEI_0100?formKey=M20190109T104200163&menuSelection=mi" "Mozilla/5.0 (iPhone; CPU iPhone OS 11_0 like Mac OS X) AppleWebKit/604.1.38 (KHTML, like Gecko) Mobile/15A372JLAMPMode:iPhone"
::1 - - [09/Jan/2019:10:43:43 +0800] "OPTIONS * HTTP/1.0" 200 - "-" "Apache/2.4.6 (CentOS) PHP/5.6.32 (internal dummy connection)"
49.72.251.73 - - [09/Jan/2019:10:43:43 +0800] "GET /WEI_1300/WEI_1300?formKey=undefined&menuSelection=sm HTTP/1.1" 200 9067 "http://merp.yudo.com.cn:8183/Menu/Menu/menuLists?formKey=undefined&menuSelection=undefined" "Mozilla/5.0 (Linux; Android 8.1.0; MI 6X Build/OPM1.171019.011; wv) AppleWebKit/537.36 (KHTML, like Gecko) Version/4.0 Chrome/62.0.3202.84 Mobile Safari/537.36"
49.72.251.73 - - [09/Jan/2019:10:43:44 +0800] "GET /css/yudo-ui.css?v=1065 HTTP/1.1" 200 16320 "http://merp.yudo.com.cn:8183/WEI_1300/WEI_1300?formKey=undefined&menuSelection=sm" "Mozilla/5.0 (Linux; Android 8.1.0; MI 6X Build/OPM1.171019.011; wv) AppleWebKit/537.36 (KHTML, like Gecko) Version/4.0 Chrome/62.0.3202.84 Mobile Safari/537.36"
49.72.251.73 - - [09/Jan/2019:10:43:44 +0800] "GET /js/WEI_1300/WEI_1300_Lists.js?v=1063 HTTP/1.1" 200 22474 "http://merp.yudo.com.cn:8183/WEI_1300/WEI_1300?formKey=undefined&menuSelection=sm" "Mozilla/5.0 (Linux; Android 8.1.0; MI 6X Build/OPM1.171019.011; wv) AppleWebKit/537.36 (KHTML, like Gecko) Version/4.0 Chrome/62.0.3202.84 Mobile Safari/537.36"
49.72.251.73 - - [09/Jan/2019:10:43:44 +0800] "GET /js/multiHttp.js?v=1001 HTTP/1.1" 304 - "http://merp.yudo.com.cn:8183/WEI_1300/WEI_1300?formKey=undefined&menuSelection=sm" "Mozilla/5.0 (Linux; Android 8.1.0; MI 6X Build/OPM1.171019.011; wv) AppleWebKit/537.36 (KHTML, like Gecko) Version/4.0 Chrome/62.0.3202.84 Mobile Safari/537.36"
49.72.251.73 - - [09/Jan/2019:10:43:44 +0800] "GET /js/echarts.min.js HTTP/1.1" 304 - "http://merp.yudo.com.cn:8183/WEI_1300/WEI_1300?formKey=undefined&menuSelection=sm" "Mozilla/5.0 (Linux; Android 8.1.0; MI 6X Build/OPM1.171019.011; wv) AppleWebKit/537.36 (KHTML, like Gecko) Version/4.0 Chrome/62.0.3202.84 Mobile Safari/537.36"
49.72.251.73 - - [09/Jan/2019:10:43:44 +0800] "GET /js/lang.min.js?v=1001 HTTP/1.1" 304 - "http://merp.yudo.com.cn:8183/WEI_1300/WEI_1300?formKey=undefined&menuSelection=sm" "Mozilla/5.0 (Linux; Android 8.1.0; MI 6X Build/OPM1.171019.011; wv) AppleWebKit/537.36 (KHTML, like Gecko) Version/4.0 Chrome/62.0.3202.84 Mobile Safari/537.36"
49.72.251.73 - - [09/Jan/2019:10:43:44 +0800] "GET /js/mui.picker.min.js?v=1001 HTTP/1.1" 304 - "http://merp.yudo.com.cn:8183/WEI_1300/WEI_1300?formKey=undefined&menuSelection=sm" "Mozilla/5.0 (Linux; Android 8.1.0; MI 6X Build/OPM1.171019.011; wv) AppleWebKit/537.36 (KHTML, like Gecko) Version/4.0 Chrome/62.0.3202.84 Mobile Safari/537.36"
49.72.251.73 - - [09/Jan/2019:10:43:44 +0800] "POST /JLAMPCommon/langBatchRows_prc HTTP/1.1" 200 11543 "http://merp.yudo.com.cn:8183/WEI_1300/WEI_1300?formKey=undefined&menuSelection=sm" "Mozilla/5.0 (Linux; Android 8.1.0; MI 6X Build/OPM1.171019.011; wv) AppleWebKit/537.36 (KHTML, like Gecko) Version/4.0 Chrome/62.0.3202.84 Mobile Safari/537.36"
49.72.251.73 - - [09/Jan/2019:10:43:44 +0800] "POST /JLAMPCommon/langBatchRows_prc HTTP/1.1" 200 541 "http://merp.yudo.com.cn:8183/WEI_1300/WEI_1300?formKey=undefined&menuSelection=sm" "Mozilla/5.0 (Linux; Android 8.1.0; MI 6X Build/OPM1.171019.011; wv) AppleWebKit/537.36 (KHTML, like Gecko) Version/4.0 Chrome/62.0.3202.84 Mobile Safari/537.36"
49.72.251.73 - - [09/Jan/2019:10:43:45 +0800] "GET /JLAMPCommon/getCookieJson_prc HTTP/1.1" 200 914 "http://merp.yudo.com.cn:8183/WEI_1300/WEI_1300?formKey=undefined&menuSelection=sm" "Mozilla/5.0 (Linux; Android 8.1.0; MI 6X Build/OPM1.171019.011; wv) AppleWebKit/537.36 (KHTML, like Gecko) Version/4.0 Chrome/62.0.3202.84 Mobile Safari/537.36"
49.72.251.73 - - [09/Jan/2019:10:43:45 +0800] "GET /image/fonticon/backMenu_icon.png HTTP/1.1" 304 - "http://merp.yudo.com.cn:8183/css/yudo-ui.css?v=1065" "Mozilla/5.0 (Linux; Android 8.1.0; MI 6X Build/OPM1.171019.011; wv) AppleWebKit/537.36 (KHTML, like Gecko) Version/4.0 Chrome/62.0.3202.84 Mobile Safari/537.36"
49.72.251.73 - - [09/Jan/2019:10:43:45 +0800] "GET /image/fonticon/extend_icon.png HTTP/1.1" 304 - "http://merp.yudo.com.cn:8183/css/yudo-ui.css?v=1065" "Mozilla/5.0 (Linux; Android 8.1.0; MI 6X Build/OPM1.171019.011; wv) AppleWebKit/537.36 (KHTML, like Gecko) Version/4.0 Chrome/62.0.3202.84 Mobile Safari/537.36"
49.72.251.73 - - [09/Jan/2019:10:43:45 +0800] "GET /image/fonticon/date_icon.png HTTP/1.1" 304 - "http://merp.yudo.com.cn:8183/css/yudo-ui.css?v=1065" "Mozilla/5.0 (Linux; Android 8.1.0; MI 6X Build/OPM1.171019.011; wv) AppleWebKit/537.36 (KHTML, like Gecko) Version/4.0 Chrome/62.0.3202.84 Mobile Safari/537.36"
192.168.253.2 - - [09/Jan/2019:10:43:46 +0800] "GET /WEI_1400/lists_prc?baseDate=2019-01-09&gubun=y&dbChoose=QD HTTP/1.1" 500 1191 "http://merp.yudo.com.cn:8183/WEI_0100/WEI_0100?formKey=M20190109T104200163&menuSelection=mi" "Mozilla/5.0 (iPhone; CPU iPhone OS 11_0 like Mac OS X) AppleWebKit/604.1.38 (KHTML, like Gecko) Mobile/15A372JLAMPMode:iPhone"
192.168.253.2 - - [09/Jan/2019:10:43:48 +0800] "GET /WEI_1400/lists_prc?baseDate=2019-01-09&gubun=y&dbChoose=QD HTTP/1.1" 500 1191 "http://merp.yudo.com.cn:8183/WEI_0100/WEI_0100?formKey=M20190109T104200163&menuSelection=mi" "Mozilla/5.0 (iPhone; CPU iPhone OS 11_0 like Mac OS X) AppleWebKit/604.1.38 (KHTML, like Gecko) Mobile/15A372JLAMPMode:iPhone"
192.168.253.2 - - [09/Jan/2019:10:43:48 +0800] "GET /WEI_1400/lists_prc?baseDate=2019-01-09&gubun=y&dbChoose=QD HTTP/1.1" 500 1191 "http://merp.yudo.com.cn:8183/WEI_0100/WEI_0100?formKey=M20190109T104200163&menuSelection=mi" "Mozilla/5.0 (iPhone; CPU iPhone OS 11_0 like Mac OS X) AppleWebKit/604.1.38 (KHTML, like Gecko) Mobile/15A372JLAMPMode:iPhone"
49.72.251.73 - - [09/Jan/2019:10:43:46 +0800] "GET /WEI_1300/lists_prc?baseDate=2019-01-09&workType=P HTTP/1.1" 200 3450 "http://merp.yudo.com.cn:8183/WEI_1300/WEI_1300?formKey=undefined&menuSelection=sm" "Mozilla/5.0 (Linux; Android 8.1.0; MI 6X Build/OPM1.171019.011; wv) AppleWebKit/537.36 (KHTML, like Gecko) Version/4.0 Chrome/62.0.3202.84 Mobile Safari/537.36"
192.168.253.2 - - [09/Jan/2019:10:43:52 +0800] "GET /WEI_1400/lists_prc?baseDate=2019-01-09&gubun=y&dbChoose=GD HTTP/1.1" 200 15341 "http://merp.yudo.com.cn:8183/WEI_0100/WEI_0100?formKey=M20190109T104200163&menuSelection=mi" "Mozilla/5.0 (iPhone; CPU iPhone OS 11_0 like Mac OS X) AppleWebKit/604.1.38 (KHTML, like Gecko) Mobile/15A372JLAMPMode:iPhone"
192.168.253.2 - - [09/Jan/2019:10:43:55 +0800] "GET /fonts/mui.ttf HTTP/1.1" 304 - "http://merp.yudo.com.cn:8183/WEI_0100/WEI_0100?formKey=M20190109T104200163&menuSelection=mi" "Mozilla/5.0 (iPhone; CPU iPhone OS 11_0 like Mac OS X) AppleWebKit/604.1.38 (KHTML, like Gecko) Mobile/15A372JLAMPMode:iPhone"
::1 - - [09/Jan/2019:10:44:00 +0800] "OPTIONS * HTTP/1.0" 200 - "-" "Apache/2.4.6 (CentOS) PHP/5.6.32 (internal dummy connection)"
::1 - - [09/Jan/2019:10:44:01 +0800] "OPTIONS * HTTP/1.0" 200 - "-" "Apache/2.4.6 (CentOS) PHP/5.6.32 (internal dummy connection)"
49.72.251.73 - - [09/Jan/2019:10:44:07 +0800] "GET /Menu/Menu/menuLists?formKey=undefined&menuSelection=undefined HTTP/1.1" 200 5838 "http://merp.yudo.com.cn:8183/WEI_1300/WEI_1300?formKey=undefined&menuSelection=sm" "Mozilla/5.0 (Linux; Android 8.1.0; MI 6X Build/OPM1.171019.011; wv) AppleWebKit/537.36 (KHTML, like Gecko) Version/4.0 Chrome/62.0.3202.84 Mobile Safari/537.36"
49.72.251.73 - - [09/Jan/2019:10:44:08 +0800] "POST /JLAMPCommon/langBatchRows_prc HTTP/1.1" 200 595 "http://merp.yudo.com.cn:8183/Menu/Menu/menuLists?formKey=undefined&menuSelection=undefined" "Mozilla/5.0 (Linux; Android 8.1.0; MI 6X Build/OPM1.171019.011; wv) AppleWebKit/537.36 (KHTML, like Gecko) Version/4.0 Chrome/62.0.3202.84 Mobile Safari/537.36"
49.72.251.73 - - [09/Jan/2019:10:44:08 +0800] "GET /JLAMPCommon/getCookieJson_prc HTTP/1.1" 200 914 "http://merp.yudo.com.cn:8183/Menu/Menu/menuLists?formKey=undefined&menuSelection=undefined" "Mozilla/5.0 (Linux; Android 8.1.0; MI 6X Build/OPM1.171019.011; wv) AppleWebKit/537.36 (KHTML, like Gecko) Version/4.0 Chrome/62.0.3202.84 Mobile Safari/537.36"
49.72.251.73 - - [09/Jan/2019:10:44:08 +0800] "GET /Menu/doMenuRows_prc?formKey=undefined HTTP/1.1" 200 1906 "http://merp.yudo.com.cn:8183/Menu/Menu/menuLists?formKey=undefined&menuSelection=undefined" "Mozilla/5.0 (Linux; Android 8.1.0; MI 6X Build/OPM1.171019.011; wv) AppleWebKit/537.36 (KHTML, like Gecko) Version/4.0 Chrome/62.0.3202.84 Mobile Safari/537.36"
192.168.253.2 - - [09/Jan/2019:10:44:09 +0800] "GET /WEI_1400/lists_prc?baseDate=2019-01-09&gubun=y&dbChoose=SZ HTTP/1.1" 200 35023 "http://merp.yudo.com.cn:8183/WEI_0100/WEI_0100?formKey=M20190109T104200163&menuSelection=mi" "Mozilla/5.0 (iPhone; CPU iPhone OS 11_0 like Mac OS X) AppleWebKit/604.1.38 (KHTML, like Gecko) Mobile/15A372JLAMPMode:iPhone"
49.72.251.73 - - [09/Jan/2019:10:44:13 +0800] "GET /WEI_2000/WEI_2000?formKey=undefined&menuSelection=asm HTTP/1.1" 200 36025 "http://merp.yudo.com.cn:8183/Menu/Menu/menuLists?formKey=undefined&menuSelection=undefined" "Mozilla/5.0 (Linux; Android 8.1.0; MI 6X Build/OPM1.171019.011; wv) AppleWebKit/537.36 (KHTML, like Gecko) Version/4.0 Chrome/62.0.3202.84 Mobile Safari/537.36"
49.72.251.73 - - [09/Jan/2019:10:44:13 +0800] "GET /css/WEI_2000/WEI_2000_Lists.css?v=201807080921 HTTP/1.1" 200 6029 "http://merp.yudo.com.cn:8183/WEI_2000/WEI_2000?formKey=undefined&menuSelection=asm" "Mozilla/5.0 (Linux; Android 8.1.0; MI 6X Build/OPM1.171019.011; wv) AppleWebKit/537.36 (KHTML, like Gecko) Version/4.0 Chrome/62.0.3202.84 Mobile Safari/537.36"
49.72.251.73 - - [09/Jan/2019:10:44:13 +0800] "GET /js/WEI_2000/mui.previewimage.js?v=201804261256 HTTP/1.1" 200 13324 "http://merp.yudo.com.cn:8183/WEI_2000/WEI_2000?formKey=undefined&menuSelection=asm" "Mozilla/5.0 (Linux; Android 8.1.0; MI 6X Build/OPM1.171019.011; wv) AppleWebKit/537.36 (KHTML, like Gecko) Version/4.0 Chrome/62.0.3202.84 Mobile Safari/537.36"
49.72.251.73 - - [09/Jan/2019:10:44:13 +0800] "GET /js/WEI_2000/mui.zoom.js?v=201804231454 HTTP/1.1" 200 11703 "http://merp.yudo.com.cn:8183/WEI_2000/WEI_2000?formKey=undefined&menuSelection=asm" "Mozilla/5.0 (Linux; Android 8.1.0; MI 6X Build/OPM1.171019.011; wv) AppleWebKit/537.36 (KHTML, like Gecko) Version/4.0 Chrome/62.0.3202.84 Mobile Safari/537.36"
49.72.251.73 - - [09/Jan/2019:10:44:13 +0800] "GET /js/WEI_2000/WEI_2000_Lists.js?v=201807370936 HTTP/1.1" 200 58186 "http://merp.yudo.com.cn:8183/WEI_2000/WEI_2000?formKey=undefined&menuSelection=asm" "Mozilla/5.0 (Linux; Android 8.1.0; MI 6X Build/OPM1.171019.011; wv) AppleWebKit/537.36 (KHTML, like Gecko) Version/4.0 Chrome/62.0.3202.84 Mobile Safari/537.36"
49.72.251.73 - - [09/Jan/2019:10:44:13 +0800] "GET /image/qrcode.png HTTP/1.1" 200 5736 "http://merp.yudo.com.cn:8183/WEI_2000/WEI_2000?formKey=undefined&menuSelection=asm" "Mozilla/5.0 (Linux; Android 8.1.0; MI 6X Build/OPM1.171019.011; wv) AppleWebKit/537.36 (KHTML, like Gecko) Version/4.0 Chrome/62.0.3202.84 Mobile Safari/537.36"
49.72.251.73 - - [09/Jan/2019:10:44:13 +0800] "POST /JLAMPCommon/langBatchRows_prc HTTP/1.1" 200 1974 "http://merp.yudo.com.cn:8183/WEI_2000/WEI_2000?formKey=undefined&menuSelection=asm" "Mozilla/5.0 (Linux; Android 8.1.0; MI 6X Build/OPM1.171019.011; wv) AppleWebKit/537.36 (KHTML, like Gecko) Version/4.0 Chrome/62.0.3202.84 Mobile Safari/537.36"
49.72.251.73 - - [09/Jan/2019:10:44:14 +0800] "GET /JLAMPCommon/getCookieJson_prc HTTP/1.1" 200 914 "http://merp.yudo.com.cn:8183/WEI_2000/WEI_2000?formKey=undefined&menuSelection=asm" "Mozilla/5.0 (Linux; Android 8.1.0; MI 6X Build/OPM1.171019.011; wv) AppleWebKit/537.36 (KHTML, like Gecko) Version/4.0 Chrome/62.0.3202.84 Mobile Safari/537.36"
49.72.251.73 - - [09/Jan/2019:10:44:14 +0800] "POST /JLAMPCommon/langRow_prc HTTP/1.1" 200 337 "http://merp.yudo.com.cn:8183/WEI_2000/WEI_2000?formKey=undefined&menuSelection=asm" "Mozilla/5.0 (Linux; Android 8.1.0; MI 6X Build/OPM1.171019.011; wv) AppleWebKit/537.36 (KHTML, like Gecko) Version/4.0 Chrome/62.0.3202.84 Mobile Safari/537.36"
49.72.251.73 - - [09/Jan/2019:10:44:14 +0800] "POST /JLAMPCommon/langRow_prc HTTP/1.1" 200 299 "http://merp.yudo.com.cn:8183/WEI_2000/WEI_2000?formKey=undefined&menuSelection=asm" "Mozilla/5.0 (Linux; Android 8.1.0; MI 6X Build/OPM1.171019.011; wv) AppleWebKit/537.36 (KHTML, like Gecko) Version/4.0 Chrome/62.0.3202.84 Mobile Safari/537.36"
49.72.251.73 - - [09/Jan/2019:10:44:14 +0800] "POST /JLAMPCommon/langRow_prc HTTP/1.1" 200 299 "http://merp.yudo.com.cn:8183/WEI_2000/WEI_2000?formKey=undefined&menuSelection=asm" "Mozilla/5.0 (Linux; Android 8.1.0; MI 6X Build/OPM1.171019.011; wv) AppleWebKit/537.36 (KHTML, like Gecko) Version/4.0 Chrome/62.0.3202.84 Mobile Safari/537.36"
49.72.251.73 - - [09/Jan/2019:10:44:15 +0800] "POST /JLAMPCommon/langRow_prc HTTP/1.1" 200 245 "http://merp.yudo.com.cn:8183/WEI_2000/WEI_2000?formKey=undefined&menuSelection=asm" "Mozilla/5.0 (Linux; Android 8.1.0; MI 6X Build/OPM1.171019.011; wv) AppleWebKit/537.36 (KHTML, like Gecko) Version/4.0 Chrome/62.0.3202.84 Mobile Safari/537.36"
49.72.251.73 - - [09/Jan/2019:10:44:15 +0800] "GET /WEI_2000/WEI_2000/user_prc HTTP/1.1" 200 88748 "http://merp.yudo.com.cn:8183/WEI_2000/WEI_2000?formKey=undefined&menuSelection=asm" "Mozilla/5.0 (Linux; Android 8.1.0; MI 6X Build/OPM1.171019.011; wv) AppleWebKit/537.36 (KHTML, like Gecko) Version/4.0 Chrome/62.0.3202.84 Mobile Safari/537.36"
49.72.251.73 - - [09/Jan/2019:10:44:15 +0800] "GET /WEI_2000/WEI_2000/login_user HTTP/1.1" 200 153 "http://merp.yudo.com.cn:8183/WEI_2000/WEI_2000?formKey=undefined&menuSelection=asm" "Mozilla/5.0 (Linux; Android 8.1.0; MI 6X Build/OPM1.171019.011; wv) AppleWebKit/537.36 (KHTML, like Gecko) Version/4.0 Chrome/62.0.3202.84 Mobile Safari/537.36"
49.72.251.73 - - [09/Jan/2019:10:44:15 +0800] "POST /JLAMPCommon/langRow_prc HTTP/1.1" 200 191 "http://merp.yudo.com.cn:8183/WEI_2000/WEI_2000?formKey=undefined&menuSelection=asm" "Mozilla/5.0 (Linux; Android 8.1.0; MI 6X Build/OPM1.171019.011; wv) AppleWebKit/537.36 (KHTML, like Gecko) Version/4.0 Chrome/62.0.3202.84 Mobile Safari/537.36"
49.72.251.73 - - [09/Jan/2019:10:44:15 +0800] "POST /JLAMPCommon/langRow_prc HTTP/1.1" 200 203 "http://merp.yudo.com.cn:8183/WEI_2000/WEI_2000?formKey=undefined&menuSelection=asm" "Mozilla/5.0 (Linux; Android 8.1.0; MI 6X Build/OPM1.171019.011; wv) AppleWebKit/537.36 (KHTML, like Gecko) Version/4.0 Chrome/62.0.3202.84 Mobile Safari/537.36"
49.72.251.73 - - [09/Jan/2019:10:44:17 +0800] "GET /css/fonts/mui.ttf HTTP/1.1" 200 29884 "http://merp.yudo.com.cn:8183/css/WEI_2000/mui.min.css?v=1001" "Mozilla/5.0 (Linux; Android 8.1.0; MI 6X Build/OPM1.171019.011; wv) AppleWebKit/537.36 (KHTML, like Gecko) Version/4.0 Chrome/62.0.3202.84 Mobile Safari/537.36"
49.72.251.73 - - [09/Jan/2019:10:44:18 +0800] "GET /WEI_2000/WEI_2000/mt_list?orderid=&custnm=&count=0 HTTP/1.1" 200 13270 "http://merp.yudo.com.cn:8183/WEI_2000/WEI_2000?formKey=undefined&menuSelection=asm" "Mozilla/5.0 (Linux; Android 8.1.0; MI 6X Build/OPM1.171019.011; wv) AppleWebKit/537.36 (KHTML, like Gecko) Version/4.0 Chrome/62.0.3202.84 Mobile Safari/537.36"
49.72.251.73 - - [09/Jan/2019:10:44:20 +0800] "GET /WEI_2000/WEI_2000/order_prc?orderid=2018080289&orderby= HTTP/1.1" 200 405 "http://merp.yudo.com.cn:8183/WEI_2000/WEI_2000?formKey=undefined&menuSelection=asm" "Mozilla/5.0 (Linux; Android 8.1.0; MI 6X Build/OPM1.171019.011; wv) AppleWebKit/537.36 (KHTML, like Gecko) Version/4.0 Chrome/62.0.3202.84 Mobile Safari/537.36"
49.72.251.73 - - [09/Jan/2019:10:44:21 +0800] "GET /WEI_2000/WEI_2000/mt_prc?orderid=2018080289 HTTP/1.1" 200 404 "http://merp.yudo.com.cn:8183/WEI_2000/WEI_2000?formKey=undefined&menuSelection=asm" "Mozilla/5.0 (Linux; Android 8.1.0; MI 6X Build/OPM1.171019.011; wv) AppleWebKit/537.36 (KHTML, like Gecko) Version/4.0 Chrome/62.0.3202.84 Mobile Safari/537.36"
192.168.253.2 - - [09/Jan/2019:10:44:21 +0800] "GET /WEI_1400/lists_prc?baseDate=2019-01-09&gubun=y&dbChoose=QD HTTP/1.1" 500 1191 "http://merp.yudo.com.cn:8183/WEI_0100/WEI_0100?formKey=M20190109T104200163&menuSelection=mi" "Mozilla/5.0 (iPhone; CPU iPhone OS 11_0 like Mac OS X) AppleWebKit/604.1.38 (KHTML, like Gecko) Mobile/15A372JLAMPMode:iPhone"
192.168.253.2 - - [09/Jan/2019:10:44:23 +0800] "GET /WEI_1400/lists_prc?baseDate=2019-01-09&gubun=y&dbChoose=QD HTTP/1.1" 500 1191 "http://merp.yudo.com.cn:8183/WEI_0100/WEI_0100?formKey=M20190109T104200163&menuSelection=mi" "Mozilla/5.0 (iPhone; CPU iPhone OS 11_0 like Mac OS X) AppleWebKit/604.1.38 (KHTML, like Gecko) Mobile/15A372JLAMPMode:iPhone"
192.168.253.2 - - [09/Jan/2019:10:44:25 +0800] "GET /WEI_1400/lists_prc?baseDate=2019-01-09&gubun=y&dbChoose=QD HTTP/1.1" 500 1191 "http://merp.yudo.com.cn:8183/WEI_0100/WEI_0100?formKey=M20190109T104200163&menuSelection=mi" "Mozilla/5.0 (iPhone; CPU iPhone OS 11_0 like Mac OS X) AppleWebKit/604.1.38 (KHTML, like Gecko) Mobile/15A372JLAMPMode:iPhone"
192.168.253.2 - - [09/Jan/2019:10:44:26 +0800] "GET /WEI_1400/lists_prc?baseDate=2019-01-09&gubun=y&dbChoose=QD HTTP/1.1" 500 1191 "http://merp.yudo.com.cn:8183/WEI_0100/WEI_0100?formKey=M20190109T104200163&menuSelection=mi" "Mozilla/5.0 (iPhone; CPU iPhone OS 11_0 like Mac OS X) AppleWebKit/604.1.38 (KHTML, like Gecko) Mobile/15A372JLAMPMode:iPhone"
192.168.253.2 - - [09/Jan/2019:10:44:27 +0800] "GET /WEI_1400/lists_prc?baseDate=2019-01-09&gubun=y&dbChoose=QD HTTP/1.1" 500 1191 "http://merp.yudo.com.cn:8183/WEI_0100/WEI_0100?formKey=M20190109T104200163&menuSelection=mi" "Mozilla/5.0 (iPhone; CPU iPhone OS 11_0 like Mac OS X) AppleWebKit/604.1.38 (KHTML, like Gecko) Mobile/15A372JLAMPMode:iPhone"
192.168.253.2 - - [09/Jan/2019:10:44:28 +0800] "GET /WEI_1400/lists_prc?baseDate=2019-01-09&gubun=y&dbChoose=QD HTTP/1.1" 500 1191 "http://merp.yudo.com.cn:8183/WEI_0100/WEI_0100?formKey=M20190109T104200163&menuSelection=mi" "Mozilla/5.0 (iPhone; CPU iPhone OS 11_0 like Mac OS X) AppleWebKit/604.1.38 (KHTML, like Gecko) Mobile/15A372JLAMPMode:iPhone"
192.168.253.2 - - [09/Jan/2019:10:44:29 +0800] "GET /WEI_1400/lists_prc?baseDate=2019-01-09&gubun=y&dbChoose=QD HTTP/1.1" 500 1191 "http://merp.yudo.com.cn:8183/WEI_0100/WEI_0100?formKey=M20190109T104200163&menuSelection=mi" "Mozilla/5.0 (iPhone; CPU iPhone OS 11_0 like Mac OS X) AppleWebKit/604.1.38 (KHTML, like Gecko) Mobile/15A372JLAMPMode:iPhone"
49.72.251.73 - - [09/Jan/2019:10:44:30 +0800] "GET /Menu/Menu/menuLists?formKey=undefined&menuSelection=asm HTTP/1.1" 200 5832 "http://merp.yudo.com.cn:8183/WEI_2000/WEI_2000?formKey=undefined&menuSelection=asm" "Mozilla/5.0 (Linux; Android 8.1.0; MI 6X Build/OPM1.171019.011; wv) AppleWebKit/537.36 (KHTML, like Gecko) Version/4.0 Chrome/62.0.3202.84 Mobile Safari/537.36"
49.72.251.73 - - [09/Jan/2019:10:44:30 +0800] "POST /JLAMPCommon/langBatchRows_prc HTTP/1.1" 200 595 "http://merp.yudo.com.cn:8183/Menu/Menu/menuLists?formKey=undefined&menuSelection=asm" "Mozilla/5.0 (Linux; Android 8.1.0; MI 6X Build/OPM1.171019.011; wv) AppleWebKit/537.36 (KHTML, like Gecko) Version/4.0 Chrome/62.0.3202.84 Mobile Safari/537.36"
49.72.251.73 - - [09/Jan/2019:10:44:30 +0800] "GET /JLAMPCommon/getCookieJson_prc HTTP/1.1" 200 914 "http://merp.yudo.com.cn:8183/Menu/Menu/menuLists?formKey=undefined&menuSelection=asm" "Mozilla/5.0 (Linux; Android 8.1.0; MI 6X Build/OPM1.171019.011; wv) AppleWebKit/537.36 (KHTML, like Gecko) Version/4.0 Chrome/62.0.3202.84 Mobile Safari/537.36"
49.72.251.73 - - [09/Jan/2019:10:44:30 +0800] "GET /Menu/doMenuRows_prc?formKey=undefined HTTP/1.1" 200 1906 "http://merp.yudo.com.cn:8183/Menu/Menu/menuLists?formKey=undefined&menuSelection=asm" "Mozilla/5.0 (Linux; Android 8.1.0; MI 6X Build/OPM1.171019.011; wv) AppleWebKit/537.36 (KHTML, like Gecko) Version/4.0 Chrome/62.0.3202.84 Mobile Safari/537.36"
192.168.253.2 - - [09/Jan/2019:10:44:32 +0800] "GET /WEI_1400/lists_prc?baseDate=2019-01-09&gubun=y&dbChoose=QD HTTP/1.1" 500 1191 "http://merp.yudo.com.cn:8183/WEI_0100/WEI_0100?formKey=M20190109T104200163&menuSelection=mi" "Mozilla/5.0 (iPhone; CPU iPhone OS 11_0 like Mac OS X) AppleWebKit/604.1.38 (KHTML, like Gecko) Mobile/15A372JLAMPMode:iPhone"
192.168.253.2 - - [09/Jan/2019:10:44:32 +0800] "GET /WEI_1400/lists_prc?baseDate=2019-01-09&gubun=y&dbChoose=QD HTTP/1.1" 500 1191 "http://merp.yudo.com.cn:8183/WEI_0100/WEI_0100?formKey=M20190109T104200163&menuSelection=mi" "Mozilla/5.0 (iPhone; CPU iPhone OS 11_0 like Mac OS X) AppleWebKit/604.1.38 (KHTML, like Gecko) Mobile/15A372JLAMPMode:iPhone"
192.168.253.2 - - [09/Jan/2019:10:44:41 +0800] "GET /Menu/Menu/menuLists?formKey=undefined&menuSelection=undefined HTTP/1.1" 200 5838 "http://merp.yudo.com.cn:8183/WEI_0100/WEI_0100?formKey=M20190109T104200163&menuSelection=mi" "Mozilla/5.0 (iPhone; CPU iPhone OS 11_0 like Mac OS X) AppleWebKit/604.1.38 (KHTML, like Gecko) Mobile/15A372JLAMPMode:iPhone"
192.168.253.2 - - [09/Jan/2019:10:44:41 +0800] "POST /JLAMPCommon/langBatchRows_prc HTTP/1.1" 200 595 "http://merp.yudo.com.cn:8183/Menu/Menu/menuLists?formKey=undefined&menuSelection=undefined" "Mozilla/5.0 (iPhone; CPU iPhone OS 11_0 like Mac OS X) AppleWebKit/604.1.38 (KHTML, like Gecko) Mobile/15A372JLAMPMode:iPhone"
192.168.253.2 - - [09/Jan/2019:10:44:41 +0800] "GET /JLAMPCommon/getCookieJson_prc HTTP/1.1" 200 913 "http://merp.yudo.com.cn:8183/Menu/Menu/menuLists?formKey=undefined&menuSelection=undefined" "Mozilla/5.0 (iPhone; CPU iPhone OS 11_0 like Mac OS X) AppleWebKit/604.1.38 (KHTML, like Gecko) Mobile/15A372JLAMPMode:iPhone"
192.168.253.2 - - [09/Jan/2019:10:44:41 +0800] "GET /Menu/doMenuRows_prc?formKey=undefined HTTP/1.1" 200 1906 "http://merp.yudo.com.cn:8183/Menu/Menu/menuLists?formKey=undefined&menuSelection=undefined" "Mozilla/5.0 (iPhone; CPU iPhone OS 11_0 like Mac OS X) AppleWebKit/604.1.38 (KHTML, like Gecko) Mobile/15A372JLAMPMode:iPhone"
192.168.253.2 - - [09/Jan/2019:10:44:44 +0800] "GET /WEI_1410/WEI_1410?formKey=undefined&menuSelection=sm HTTP/1.1" 200 8630 "http://merp.yudo.com.cn:8183/Menu/Menu/menuLists?formKey=undefined&menuSelection=undefined" "Mozilla/5.0 (iPhone; CPU iPhone OS 11_0 like Mac OS X) AppleWebKit/604.1.38 (KHTML, like Gecko) Mobile/15A372JLAMPMode:iPhone"
192.168.253.2 - - [09/Jan/2019:10:44:44 +0800] "GET /css/yudo-ui.css?v=1063 HTTP/1.1" 200 16320 "http://merp.yudo.com.cn:8183/WEI_1410/WEI_1410?formKey=undefined&menuSelection=sm" "Mozilla/5.0 (iPhone; CPU iPhone OS 11_0 like Mac OS X) AppleWebKit/604.1.38 (KHTML, like Gecko) Mobile/15A372JLAMPMode:iPhone"
192.168.253.2 - - [09/Jan/2019:10:44:44 +0800] "GET /js/multiHttp.js?v=1001 HTTP/1.1" 304 - "http://merp.yudo.com.cn:8183/WEI_1410/WEI_1410?formKey=undefined&menuSelection=sm" "Mozilla/5.0 (iPhone; CPU iPhone OS 11_0 like Mac OS X) AppleWebKit/604.1.38 (KHTML, like Gecko) Mobile/15A372JLAMPMode:iPhone"
192.168.253.2 - - [09/Jan/2019:10:44:44 +0800] "GET /js/WEI_1410/WEI_1410_Lists.js?v=1064 HTTP/1.1" 200 23974 "http://merp.yudo.com.cn:8183/WEI_1410/WEI_1410?formKey=undefined&menuSelection=sm" "Mozilla/5.0 (iPhone; CPU iPhone OS 11_0 like Mac OS X) AppleWebKit/604.1.38 (KHTML, like Gecko) Mobile/15A372JLAMPMode:iPhone"
192.168.253.2 - - [09/Jan/2019:10:44:44 +0800] "POST /JLAMPCommon/langBatchRows_prc HTTP/1.1" 200 4792 "http://merp.yudo.com.cn:8183/WEI_1410/WEI_1410?formKey=undefined&menuSelection=sm" "Mozilla/5.0 (iPhone; CPU iPhone OS 11_0 like Mac OS X) AppleWebKit/604.1.38 (KHTML, like Gecko) Mobile/15A372JLAMPMode:iPhone"
192.168.253.2 - - [09/Jan/2019:10:44:44 +0800] "POST /JLAMPCommon/langBatchRows_prc HTTP/1.1" 200 541 "http://merp.yudo.com.cn:8183/WEI_1410/WEI_1410?formKey=undefined&menuSelection=sm" "Mozilla/5.0 (iPhone; CPU iPhone OS 11_0 like Mac OS X) AppleWebKit/604.1.38 (KHTML, like Gecko) Mobile/15A372JLAMPMode:iPhone"
192.168.253.2 - - [09/Jan/2019:10:44:44 +0800] "GET /JLAMPCommon/getCookieJson_prc HTTP/1.1" 200 913 "http://merp.yudo.com.cn:8183/WEI_1410/WEI_1410?formKey=undefined&menuSelection=sm" "Mozilla/5.0 (iPhone; CPU iPhone OS 11_0 like Mac OS X) AppleWebKit/604.1.38 (KHTML, like Gecko) Mobile/15A372JLAMPMode:iPhone"
192.168.253.2 - - [09/Jan/2019:10:44:44 +0800] "GET /image/fonticon/search_class_icon.png HTTP/1.1" 304 - "http://merp.yudo.com.cn:8183/WEI_1410/WEI_1410?formKey=undefined&menuSelection=sm" "Mozilla/5.0 (iPhone; CPU iPhone OS 11_0 like Mac OS X) AppleWebKit/604.1.38 (KHTML, like Gecko) Mobile/15A372JLAMPMode:iPhone"
192.168.253.2 - - [09/Jan/2019:10:44:44 +0800] "GET /WEI_1410/getDeptId HTTP/1.1" 200 2736 "http://merp.yudo.com.cn:8183/WEI_1410/WEI_1410?formKey=undefined&menuSelection=sm" "Mozilla/5.0 (iPhone; CPU iPhone OS 11_0 like Mac OS X) AppleWebKit/604.1.38 (KHTML, like Gecko) Mobile/15A372JLAMPMode:iPhone"
192.168.253.2 - - [09/Jan/2019:10:44:44 +0800] "GET /WEI_1410/getFilialeList HTTP/1.1" 200 635 "http://merp.yudo.com.cn:8183/WEI_1410/WEI_1410?formKey=undefined&menuSelection=sm" "Mozilla/5.0 (iPhone; CPU iPhone OS 11_0 like Mac OS X) AppleWebKit/604.1.38 (KHTML, like Gecko) Mobile/15A372JLAMPMode:iPhone"
192.168.253.2 - - [09/Jan/2019:10:44:47 +0800] "GET /Menu/Menu/menuLists?formKey=undefined&menuSelection=undefined HTTP/1.1" 200 5838 "http://merp.yudo.com.cn:8183/WEI_1410/WEI_1410?formKey=undefined&menuSelection=sm" "Mozilla/5.0 (iPhone; CPU iPhone OS 11_0 like Mac OS X) AppleWebKit/604.1.38 (KHTML, like Gecko) Mobile/15A372JLAMPMode:iPhone"
192.168.253.2 - - [09/Jan/2019:10:44:47 +0800] "POST /JLAMPCommon/langBatchRows_prc HTTP/1.1" 200 595 "http://merp.yudo.com.cn:8183/Menu/Menu/menuLists?formKey=undefined&menuSelection=undefined" "Mozilla/5.0 (iPhone; CPU iPhone OS 11_0 like Mac OS X) AppleWebKit/604.1.38 (KHTML, like Gecko) Mobile/15A372JLAMPMode:iPhone"
192.168.253.2 - - [09/Jan/2019:10:44:47 +0800] "GET /JLAMPCommon/getCookieJson_prc HTTP/1.1" 200 913 "http://merp.yudo.com.cn:8183/Menu/Menu/menuLists?formKey=undefined&menuSelection=undefined" "Mozilla/5.0 (iPhone; CPU iPhone OS 11_0 like Mac OS X) AppleWebKit/604.1.38 (KHTML, like Gecko) Mobile/15A372JLAMPMode:iPhone"
192.168.253.2 - - [09/Jan/2019:10:44:47 +0800] "GET /Menu/doMenuRows_prc?formKey=undefined HTTP/1.1" 200 1906 "http://merp.yudo.com.cn:8183/Menu/Menu/menuLists?formKey=undefined&menuSelection=undefined" "Mozilla/5.0 (iPhone; CPU iPhone OS 11_0 like Mac OS X) AppleWebKit/604.1.38 (KHTML, like Gecko) Mobile/15A372JLAMPMode:iPhone"
192.168.253.2 - - [09/Jan/2019:10:44:49 +0800] "GET /WEI_1420/WEI_1420?formKey=undefined&menuSelection=sm HTTP/1.1" 200 10017 "http://merp.yudo.com.cn:8183/Menu/Menu/menuLists?formKey=undefined&menuSelection=undefined" "Mozilla/5.0 (iPhone; CPU iPhone OS 11_0 like Mac OS X) AppleWebKit/604.1.38 (KHTML, like Gecko) Mobile/15A372JLAMPMode:iPhone"
192.168.253.2 - - [09/Jan/2019:10:44:49 +0800] "GET /js/WEI_1420/WEI_1420_Lists.js?v=1063 HTTP/1.1" 200 19780 "http://merp.yudo.com.cn:8183/WEI_1420/WEI_1420?formKey=undefined&menuSelection=sm" "Mozilla/5.0 (iPhone; CPU iPhone OS 11_0 like Mac OS X) AppleWebKit/604.1.38 (KHTML, like Gecko) Mobile/15A372JLAMPMode:iPhone"
192.168.253.2 - - [09/Jan/2019:10:44:49 +0800] "POST /JLAMPCommon/langBatchRows_prc HTTP/1.1" 200 3479 "http://merp.yudo.com.cn:8183/WEI_1420/WEI_1420?formKey=undefined&menuSelection=sm" "Mozilla/5.0 (iPhone; CPU iPhone OS 11_0 like Mac OS X) AppleWebKit/604.1.38 (KHTML, like Gecko) Mobile/15A372JLAMPMode:iPhone"
192.168.253.2 - - [09/Jan/2019:10:44:49 +0800] "POST /JLAMPCommon/langBatchRows_prc HTTP/1.1" 200 541 "http://merp.yudo.com.cn:8183/WEI_1420/WEI_1420?formKey=undefined&menuSelection=sm" "Mozilla/5.0 (iPhone; CPU iPhone OS 11_0 like Mac OS X) AppleWebKit/604.1.38 (KHTML, like Gecko) Mobile/15A372JLAMPMode:iPhone"
192.168.253.2 - - [09/Jan/2019:10:44:49 +0800] "GET /JLAMPCommon/getCookieJson_prc HTTP/1.1" 200 913 "http://merp.yudo.com.cn:8183/WEI_1420/WEI_1420?formKey=undefined&menuSelection=sm" "Mozilla/5.0 (iPhone; CPU iPhone OS 11_0 like Mac OS X) AppleWebKit/604.1.38 (KHTML, like Gecko) Mobile/15A372JLAMPMode:iPhone"
192.168.253.2 - - [09/Jan/2019:10:44:50 +0800] "GET /WEI_1420/getFilialeList HTTP/1.1" 200 635 "http://merp.yudo.com.cn:8183/WEI_1420/WEI_1420?formKey=undefined&menuSelection=sm" "Mozilla/5.0 (iPhone; CPU iPhone OS 11_0 like Mac OS X) AppleWebKit/604.1.38 (KHTML, like Gecko) Mobile/15A372JLAMPMode:iPhone"
