223.104.146.75 - - [14/Aug/2018:09:07:42 +0800] "GET /WEI_2100/systemclass_big_prc?bigsysid=ascause HTTP/1.1" 200 209 "http://merp.yudo.com.cn:8183/WEI_2100/WEI_2100?formKey=M20180814T090354453&menuSelection=asm" "Mozilla/5.0 (Linux; Android 8.0.0; ALP-AL00 Build/HUAWEIALP-AL00; wv) AppleWebKit/537.36 (KHTML, like Gecko) Version/4.0 Chrome/65.0.3325.109 Mobile Safari/537.36"
223.104.146.75 - - [14/Aug/2018:09:07:42 +0800] "GET /WEI_2100/systemclass_big_prc?bigsysid=markets HTTP/1.1" 200 512 "http://merp.yudo.com.cn:8183/WEI_2100/WEI_2100?formKey=M20180814T090354453&menuSelection=asm" "Mozilla/5.0 (Linux; Android 8.0.0; ALP-AL00 Build/HUAWEIALP-AL00; wv) AppleWebKit/537.36 (KHTML, like Gecko) Version/4.0 Chrome/65.0.3325.109 Mobile Safari/537.36"
223.104.146.75 - - [14/Aug/2018:09:07:43 +0800] "GET /WEI_2100/as_unit HTTP/1.1" 200 1002 "http://merp.yudo.com.cn:8183/WEI_2100/WEI_2100?formKey=M20180814T090354453&menuSelection=asm" "Mozilla/5.0 (Linux; Android 8.0.0; ALP-AL00 Build/HUAWEIALP-AL00; wv) AppleWebKit/537.36 (KHTML, like Gecko) Version/4.0 Chrome/65.0.3325.109 Mobile Safari/537.36"
223.104.146.75 - - [14/Aug/2018:09:07:42 +0800] "GET /WEI_2100/systemclass_big_prc?bigsysid=asbadtype HTTP/1.1" 200 152 "http://merp.yudo.com.cn:8183/WEI_2100/WEI_2100?formKey=M20180814T090354453&menuSelection=asm" "Mozilla/5.0 (Linux; Android 8.0.0; ALP-AL00 Build/HUAWEIALP-AL00; wv) AppleWebKit/537.36 (KHTML, like Gecko) Version/4.0 Chrome/65.0.3325.109 Mobile Safari/537.36"
223.104.146.75 - - [14/Aug/2018:09:07:43 +0800] "GET /WEI_2100/user_prc HTTP/1.1" 200 93019 "http://merp.yudo.com.cn:8183/WEI_2100/WEI_2100?formKey=M20180814T090354453&menuSelection=asm" "Mozilla/5.0 (Linux; Android 8.0.0; ALP-AL00 Build/HUAWEIALP-AL00; wv) AppleWebKit/537.36 (KHTML, like Gecko) Version/4.0 Chrome/65.0.3325.109 Mobile Safari/537.36"
223.104.146.75 - - [14/Aug/2018:09:07:43 +0800] "GET /WEI_2100/systemclass_big_prc?bigsysid=asclass HTTP/1.1" 200 264 "http://merp.yudo.com.cn:8183/WEI_2100/WEI_2100?formKey=M20180814T090354453&menuSelection=asm" "Mozilla/5.0 (Linux; Android 8.0.0; ALP-AL00 Build/HUAWEIALP-AL00; wv) AppleWebKit/537.36 (KHTML, like Gecko) Version/4.0 Chrome/65.0.3325.109 Mobile Safari/537.36"
::1 - - [14/Aug/2018:09:07:52 +0800] "OPTIONS * HTTP/1.0" 200 - "-" "Apache/2.4.6 (CentOS) PHP/5.6.32 (internal dummy connection)"
223.104.146.75 - - [14/Aug/2018:09:08:22 +0800] "GET /WEI_2100/order_prc?orderid=2018073146&orderby=&ordercount=0 HTTP/1.1" 200 66 "http://merp.yudo.com.cn:8183/WEI_2100/WEI_2100?formKey=M20180814T090354453&menuSelection=asm" "Mozilla/5.0 (Linux; Android 8.0.0; ALP-AL00 Build/HUAWEIALP-AL00; wv) AppleWebKit/537.36 (KHTML, like Gecko) Version/4.0 Chrome/65.0.3325.109 Mobile Safari/537.36"
223.104.146.75 - - [14/Aug/2018:09:08:25 +0800] "GET /WEI_2100/order_prc?orderid=2018073146&orderby=&ordercount=0 HTTP/1.1" 200 66 "http://merp.yudo.com.cn:8183/WEI_2100/WEI_2100?formKey=M20180814T090354453&menuSelection=asm" "Mozilla/5.0 (Linux; Android 8.0.0; ALP-AL00 Build/HUAWEIALP-AL00; wv) AppleWebKit/537.36 (KHTML, like Gecko) Version/4.0 Chrome/65.0.3325.109 Mobile Safari/537.36"
192.168.253.2 - - [14/Aug/2018:09:08:35 +0800] "GET /WEI_2100/login_user HTTP/1.1" 200 155 "http://merp.yudo.com.cn:8183/WEI_2100/WEI_2100?formKey=M20180814T085303487&menuSelection=asm" "Mozilla/5.0 (iPhone; CPU iPhone OS 11_0 like Mac OS X) AppleWebKit/604.1.38 (KHTML, like Gecko) Mobile/15A372JLAMPMode:iPhone"
192.168.253.2 - - [14/Aug/2018:09:08:44 +0800] "GET /?deviceType=mobile&devicePlatform=ios HTTP/1.1" 302 149 "-" "Mozilla/5.0 (iPhone; CPU iPhone OS 11_0 like Mac OS X) AppleWebKit/604.1.38 (KHTML, like Gecko) Mobile/15A372JLAMPMode:iPhone"
192.168.253.2 - - [14/Aug/2018:09:08:45 +0800] "GET /Menu/Menu?formKey=M20180814T090504743 HTTP/1.1" 200 6080 "-" "Mozilla/5.0 (iPhone; CPU iPhone OS 11_0 like Mac OS X) AppleWebKit/604.1.38 (KHTML, like Gecko) Mobile/15A372JLAMPMode:iPhone"
192.168.253.2 - - [14/Aug/2018:09:08:45 +0800] "GET /third_party/bootstrap-3.3.5/css/bootstrap.css HTTP/1.1" 304 - "http://merp.yudo.com.cn:8183/Menu/Menu?formKey=M20180814T090504743" "Mozilla/5.0 (iPhone; CPU iPhone OS 11_0 like Mac OS X) AppleWebKit/604.1.38 (KHTML, like Gecko) Mobile/15A372JLAMPMode:iPhone"
192.168.253.2 - - [14/Aug/2018:09:08:45 +0800] "GET /third_party/slideout-1.0.1/index.css HTTP/1.1" 304 - "http://merp.yudo.com.cn:8183/Menu/Menu?formKey=M20180814T090504743" "Mozilla/5.0 (iPhone; CPU iPhone OS 11_0 like Mac OS X) AppleWebKit/604.1.38 (KHTML, like Gecko) Mobile/15A372JLAMPMode:iPhone"
192.168.253.2 - - [14/Aug/2018:09:08:45 +0800] "GET /third_party/bootstrap-3.3.5/css/bootstrap-theme.css HTTP/1.1" 304 - "http://merp.yudo.com.cn:8183/Menu/Menu?formKey=M20180814T090504743" "Mozilla/5.0 (iPhone; CPU iPhone OS 11_0 like Mac OS X) AppleWebKit/604.1.38 (KHTML, like Gecko) Mobile/15A372JLAMPMode:iPhone"
192.168.253.2 - - [14/Aug/2018:09:08:45 +0800] "GET /third_party/bootstrap-datetimepicker/css/bootstrap-datetimepicker.css HTTP/1.1" 304 - "http://merp.yudo.com.cn:8183/Menu/Menu?formKey=M20180814T090504743" "Mozilla/5.0 (iPhone; CPU iPhone OS 11_0 like Mac OS X) AppleWebKit/604.1.38 (KHTML, like Gecko) Mobile/15A372JLAMPMode:iPhone"
192.168.253.2 - - [14/Aug/2018:09:08:45 +0800] "GET /third_party/loading-overlay/waitMe.css HTTP/1.1" 304 - "http://merp.yudo.com.cn:8183/Menu/Menu?formKey=M20180814T090504743" "Mozilla/5.0 (iPhone; CPU iPhone OS 11_0 like Mac OS X) AppleWebKit/604.1.38 (KHTML, like Gecko) Mobile/15A372JLAMPMode:iPhone"
192.168.253.2 - - [14/Aug/2018:09:08:45 +0800] "GET /css/bootstrap_modify.css HTTP/1.1" 304 - "http://merp.yudo.com.cn:8183/Menu/Menu?formKey=M20180814T090504743" "Mozilla/5.0 (iPhone; CPU iPhone OS 11_0 like Mac OS X) AppleWebKit/604.1.38 (KHTML, like Gecko) Mobile/15A372JLAMPMode:iPhone"
192.168.253.2 - - [14/Aug/2018:09:08:45 +0800] "GET /css/JLAMP.common.min.css HTTP/1.1" 200 - "http://merp.yudo.com.cn:8183/Menu/Menu?formKey=M20180814T090504743" "Mozilla/5.0 (iPhone; CPU iPhone OS 11_0 like Mac OS X) AppleWebKit/604.1.38 (KHTML, like Gecko) Mobile/15A372JLAMPMode:iPhone"
192.168.253.2 - - [14/Aug/2018:09:08:45 +0800] "GET /css/slide_menu.css HTTP/1.1" 304 - "http://merp.yudo.com.cn:8183/Menu/Menu?formKey=M20180814T090504743" "Mozilla/5.0 (iPhone; CPU iPhone OS 11_0 like Mac OS X) AppleWebKit/604.1.38 (KHTML, like Gecko) Mobile/15A372JLAMPMode:iPhone"
192.168.253.2 - - [14/Aug/2018:09:08:45 +0800] "GET /css/JLAMP.modal.min.css HTTP/1.1" 304 - "http://merp.yudo.com.cn:8183/Menu/Menu?formKey=M20180814T090504743" "Mozilla/5.0 (iPhone; CPU iPhone OS 11_0 like Mac OS X) AppleWebKit/604.1.38 (KHTML, like Gecko) Mobile/15A372JLAMPMode:iPhone"
192.168.253.2 - - [14/Aug/2018:09:08:45 +0800] "GET /css/JLAMP.autobinding.min.css HTTP/1.1" 304 - "http://merp.yudo.com.cn:8183/Menu/Menu?formKey=M20180814T090504743" "Mozilla/5.0 (iPhone; CPU iPhone OS 11_0 like Mac OS X) AppleWebKit/604.1.38 (KHTML, like Gecko) Mobile/15A372JLAMPMode:iPhone"
192.168.253.2 - - [14/Aug/2018:09:08:45 +0800] "GET /third_party/KendoUI/styles/kendo.common.min.css HTTP/1.1" 304 - "http://merp.yudo.com.cn:8183/Menu/Menu?formKey=M20180814T090504743" "Mozilla/5.0 (iPhone; CPU iPhone OS 11_0 like Mac OS X) AppleWebKit/604.1.38 (KHTML, like Gecko) Mobile/15A372JLAMPMode:iPhone"
192.168.253.2 - - [14/Aug/2018:09:08:45 +0800] "GET /third_party/KendoUI/styles/kendo.bootstrap.min.css HTTP/1.1" 304 - "http://merp.yudo.com.cn:8183/Menu/Menu?formKey=M20180814T090504743" "Mozilla/5.0 (iPhone; CPU iPhone OS 11_0 like Mac OS X) AppleWebKit/604.1.38 (KHTML, like Gecko) Mobile/15A372JLAMPMode:iPhone"
192.168.253.2 - - [14/Aug/2018:09:08:45 +0800] "GET /third_party/KendoUI/styles/kendo.bootstrap.mobile.min.css HTTP/1.1" 304 - "http://merp.yudo.com.cn:8183/Menu/Menu?formKey=M20180814T090504743" "Mozilla/5.0 (iPhone; CPU iPhone OS 11_0 like Mac OS X) AppleWebKit/604.1.38 (KHTML, like Gecko) Mobile/15A372JLAMPMode:iPhone"
192.168.253.2 - - [14/Aug/2018:09:08:45 +0800] "GET /css/WEI_2000/mui.min.css?v=1001 HTTP/1.1" 304 - "http://merp.yudo.com.cn:8183/Menu/Menu?formKey=M20180814T090504743" "Mozilla/5.0 (iPhone; CPU iPhone OS 11_0 like Mac OS X) AppleWebKit/604.1.38 (KHTML, like Gecko) Mobile/15A372JLAMPMode:iPhone"
192.168.253.2 - - [14/Aug/2018:09:08:45 +0800] "GET /css/Menu/Menu.css?v=1002 HTTP/1.1" 304 - "http://merp.yudo.com.cn:8183/Menu/Menu?formKey=M20180814T090504743" "Mozilla/5.0 (iPhone; CPU iPhone OS 11_0 like Mac OS X) AppleWebKit/604.1.38 (KHTML, like Gecko) Mobile/15A372JLAMPMode:iPhone"
192.168.253.2 - - [14/Aug/2018:09:08:45 +0800] "GET /css/common.css?v=5007 HTTP/1.1" 304 - "http://merp.yudo.com.cn:8183/Menu/Menu?formKey=M20180814T090504743" "Mozilla/5.0 (iPhone; CPU iPhone OS 11_0 like Mac OS X) AppleWebKit/604.1.38 (KHTML, like Gecko) Mobile/15A372JLAMPMode:iPhone"
192.168.253.2 - - [14/Aug/2018:09:08:45 +0800] "GET /third_party/jquery-2.1.4/jquery.js HTTP/1.1" 304 - "http://merp.yudo.com.cn:8183/Menu/Menu?formKey=M20180814T090504743" "Mozilla/5.0 (iPhone; CPU iPhone OS 11_0 like Mac OS X) AppleWebKit/604.1.38 (KHTML, like Gecko) Mobile/15A372JLAMPMode:iPhone"
192.168.253.2 - - [14/Aug/2018:09:08:45 +0800] "GET /third_party/bootstrap-3.3.5/js/bootstrap.min.js HTTP/1.1" 304 - "http://merp.yudo.com.cn:8183/Menu/Menu?formKey=M20180814T090504743" "Mozilla/5.0 (iPhone; CPU iPhone OS 11_0 like Mac OS X) AppleWebKit/604.1.38 (KHTML, like Gecko) Mobile/15A372JLAMPMode:iPhone"
192.168.253.2 - - [14/Aug/2018:09:08:45 +0800] "GET /third_party/bootstrap-datetimepicker/js/bootstrap-datetimepicker.js HTTP/1.1" 304 - "http://merp.yudo.com.cn:8183/Menu/Menu?formKey=M20180814T090504743" "Mozilla/5.0 (iPhone; CPU iPhone OS 11_0 like Mac OS X) AppleWebKit/604.1.38 (KHTML, like Gecko) Mobile/15A372JLAMPMode:iPhone"
192.168.253.2 - - [14/Aug/2018:09:08:45 +0800] "GET /third_party/loading-overlay/waitMe.js HTTP/1.1" 304 - "http://merp.yudo.com.cn:8183/Menu/Menu?formKey=M20180814T090504743" "Mozilla/5.0 (iPhone; CPU iPhone OS 11_0 like Mac OS X) AppleWebKit/604.1.38 (KHTML, like Gecko) Mobile/15A372JLAMPMode:iPhone"
192.168.253.2 - - [14/Aug/2018:09:08:45 +0800] "GET /third_party/bootstrap-datetimepicker/js/locales/bootstrap-datetimepicker.zh-CN.js HTTP/1.1" 304 - "http://merp.yudo.com.cn:8183/Menu/Menu?formKey=M20180814T090504743" "Mozilla/5.0 (iPhone; CPU iPhone OS 11_0 like Mac OS X) AppleWebKit/604.1.38 (KHTML, like Gecko) Mobile/15A372JLAMPMode:iPhone"
192.168.253.2 - - [14/Aug/2018:09:08:45 +0800] "GET /third_party/slideout-1.0.1/slideout.js HTTP/1.1" 304 - "http://merp.yudo.com.cn:8183/Menu/Menu?formKey=M20180814T090504743" "Mozilla/5.0 (iPhone; CPU iPhone OS 11_0 like Mac OS X) AppleWebKit/604.1.38 (KHTML, like Gecko) Mobile/15A372JLAMPMode:iPhone"
192.168.253.2 - - [14/Aug/2018:09:08:45 +0800] "GET /js/fastclick.js HTTP/1.1" 304 - "http://merp.yudo.com.cn:8183/Menu/Menu?formKey=M20180814T090504743" "Mozilla/5.0 (iPhone; CPU iPhone OS 11_0 like Mac OS X) AppleWebKit/604.1.38 (KHTML, like Gecko) Mobile/15A372JLAMPMode:iPhone"
192.168.253.2 - - [14/Aug/2018:09:08:45 +0800] "GET /js/JLAMP.polyfill.min.js HTTP/1.1" 304 - "http://merp.yudo.com.cn:8183/Menu/Menu?formKey=M20180814T090504743" "Mozilla/5.0 (iPhone; CPU iPhone OS 11_0 like Mac OS X) AppleWebKit/604.1.38 (KHTML, like Gecko) Mobile/15A372JLAMPMode:iPhone"
192.168.253.2 - - [14/Aug/2018:09:08:45 +0800] "GET /js/JLAMP.min.js HTTP/1.1" 304 - "http://merp.yudo.com.cn:8183/Menu/Menu?formKey=M20180814T090504743" "Mozilla/5.0 (iPhone; CPU iPhone OS 11_0 like Mac OS X) AppleWebKit/604.1.38 (KHTML, like Gecko) Mobile/15A372JLAMPMode:iPhone"
192.168.253.2 - - [14/Aug/2018:09:08:45 +0800] "GET /js/JLAMP.common.min.js HTTP/1.1" 304 - "http://merp.yudo.com.cn:8183/Menu/Menu?formKey=M20180814T090504743" "Mozilla/5.0 (iPhone; CPU iPhone OS 11_0 like Mac OS X) AppleWebKit/604.1.38 (KHTML, like Gecko) Mobile/15A372JLAMPMode:iPhone"
192.168.253.2 - - [14/Aug/2018:09:08:45 +0800] "GET /js/JLAMP.menu.min.js HTTP/1.1" 304 - "http://merp.yudo.com.cn:8183/Menu/Menu?formKey=M20180814T090504743" "Mozilla/5.0 (iPhone; CPU iPhone OS 11_0 like Mac OS X) AppleWebKit/604.1.38 (KHTML, like Gecko) Mobile/15A372JLAMPMode:iPhone"
192.168.253.2 - - [14/Aug/2018:09:08:45 +0800] "GET /js/JLAMP.autobinding.min.js HTTP/1.1" 304 - "http://merp.yudo.com.cn:8183/Menu/Menu?formKey=M20180814T090504743" "Mozilla/5.0 (iPhone; CPU iPhone OS 11_0 like Mac OS X) AppleWebKit/604.1.38 (KHTML, like Gecko) Mobile/15A372JLAMPMode:iPhone"
192.168.253.2 - - [14/Aug/2018:09:08:45 +0800] "GET /js/JLAMP.modal.min.js HTTP/1.1" 304 - "http://merp.yudo.com.cn:8183/Menu/Menu?formKey=M20180814T090504743" "Mozilla/5.0 (iPhone; CPU iPhone OS 11_0 like Mac OS X) AppleWebKit/604.1.38 (KHTML, like Gecko) Mobile/15A372JLAMPMode:iPhone"
192.168.253.2 - - [14/Aug/2018:09:08:45 +0800] "GET /js/JLAMP.lang.min.js HTTP/1.1" 304 - "http://merp.yudo.com.cn:8183/Menu/Menu?formKey=M20180814T090504743" "Mozilla/5.0 (iPhone; CPU iPhone OS 11_0 like Mac OS X) AppleWebKit/604.1.38 (KHTML, like Gecko) Mobile/15A372JLAMPMode:iPhone"
192.168.253.2 - - [14/Aug/2018:09:08:45 +0800] "GET /js/session.js HTTP/1.1" 304 - "http://merp.yudo.com.cn:8183/Menu/Menu?formKey=M20180814T090504743" "Mozilla/5.0 (iPhone; CPU iPhone OS 11_0 like Mac OS X) AppleWebKit/604.1.38 (KHTML, like Gecko) Mobile/15A372JLAMPMode:iPhone"
192.168.253.2 - - [14/Aug/2018:09:08:45 +0800] "GET /js/version.js HTTP/1.1" 304 - "http://merp.yudo.com.cn:8183/Menu/Menu?formKey=M20180814T090504743" "Mozilla/5.0 (iPhone; CPU iPhone OS 11_0 like Mac OS X) AppleWebKit/604.1.38 (KHTML, like Gecko) Mobile/15A372JLAMPMode:iPhone"
192.168.253.2 - - [14/Aug/2018:09:08:45 +0800] "GET /js/GNB.js HTTP/1.1" 304 - "http://merp.yudo.com.cn:8183/Menu/Menu?formKey=M20180814T090504743" "Mozilla/5.0 (iPhone; CPU iPhone OS 11_0 like Mac OS X) AppleWebKit/604.1.38 (KHTML, like Gecko) Mobile/15A372JLAMPMode:iPhone"
192.168.253.2 - - [14/Aug/2018:09:08:45 +0800] "GET /js/common.js HTTP/1.1" 304 - "http://merp.yudo.com.cn:8183/Menu/Menu?formKey=M20180814T090504743" "Mozilla/5.0 (iPhone; CPU iPhone OS 11_0 like Mac OS X) AppleWebKit/604.1.38 (KHTML, like Gecko) Mobile/15A372JLAMPMode:iPhone"
192.168.253.2 - - [14/Aug/2018:09:08:45 +0800] "GET /js/Menu/Menu.js?v=1005 HTTP/1.1" 304 - "http://merp.yudo.com.cn:8183/Menu/Menu?formKey=M20180814T090504743" "Mozilla/5.0 (iPhone; CPU iPhone OS 11_0 like Mac OS X) AppleWebKit/604.1.38 (KHTML, like Gecko) Mobile/15A372JLAMPMode:iPhone"
192.168.253.2 - - [14/Aug/2018:09:08:45 +0800] "GET /js/WEI_2000/mui.min.js HTTP/1.1" 304 - "http://merp.yudo.com.cn:8183/Menu/Menu?formKey=M20180814T090504743" "Mozilla/5.0 (iPhone; CPU iPhone OS 11_0 like Mac OS X) AppleWebKit/604.1.38 (KHTML, like Gecko) Mobile/15A372JLAMPMode:iPhone"
192.168.253.2 - - [14/Aug/2018:09:08:45 +0800] "GET /image/login_logo.png HTTP/1.1" 304 - "http://merp.yudo.com.cn:8183/Menu/Menu?formKey=M20180814T090504743" "Mozilla/5.0 (iPhone; CPU iPhone OS 11_0 like Mac OS X) AppleWebKit/604.1.38 (KHTML, like Gecko) Mobile/15A372JLAMPMode:iPhone"
192.168.253.2 - - [14/Aug/2018:09:08:45 +0800] "GET /image/icon_logout.png HTTP/1.1" 304 - "http://merp.yudo.com.cn:8183/Menu/Menu?formKey=M20180814T090504743" "Mozilla/5.0 (iPhone; CPU iPhone OS 11_0 like Mac OS X) AppleWebKit/604.1.38 (KHTML, like Gecko) Mobile/15A372JLAMPMode:iPhone"
192.168.253.2 - - [14/Aug/2018:09:08:45 +0800] "GET /image/MI.png HTTP/1.1" 304 - "http://merp.yudo.com.cn:8183/Menu/Menu?formKey=M20180814T090504743" "Mozilla/5.0 (iPhone; CPU iPhone OS 11_0 like Mac OS X) AppleWebKit/604.1.38 (KHTML, like Gecko) Mobile/15A372JLAMPMode:iPhone"
192.168.253.2 - - [14/Aug/2018:09:08:45 +0800] "GET /image/SM.png HTTP/1.1" 304 - "http://merp.yudo.com.cn:8183/Menu/Menu?formKey=M20180814T090504743" "Mozilla/5.0 (iPhone; CPU iPhone OS 11_0 like Mac OS X) AppleWebKit/604.1.38 (KHTML, like Gecko) Mobile/15A372JLAMPMode:iPhone"
192.168.253.2 - - [14/Aug/2018:09:08:45 +0800] "GET /image/ASM.png HTTP/1.1" 304 - "http://merp.yudo.com.cn:8183/Menu/Menu?formKey=M20180814T090504743" "Mozilla/5.0 (iPhone; CPU iPhone OS 11_0 like Mac OS X) AppleWebKit/604.1.38 (KHTML, like Gecko) Mobile/15A372JLAMPMode:iPhone"
192.168.253.2 - - [14/Aug/2018:09:08:45 +0800] "POST /JLAMPCommon/langBatchRows_prc HTTP/1.1" 200 595 "http://merp.yudo.com.cn:8183/Menu/Menu?formKey=M20180814T090504743" "Mozilla/5.0 (iPhone; CPU iPhone OS 11_0 like Mac OS X) AppleWebKit/604.1.38 (KHTML, like Gecko) Mobile/15A372JLAMPMode:iPhone"
192.168.253.2 - - [14/Aug/2018:09:08:45 +0800] "GET /JLAMPCommon/getCookieJson_prc HTTP/1.1" 200 913 "http://merp.yudo.com.cn:8183/Menu/Menu?formKey=M20180814T090504743" "Mozilla/5.0 (iPhone; CPU iPhone OS 11_0 like Mac OS X) AppleWebKit/604.1.38 (KHTML, like Gecko) Mobile/15A372JLAMPMode:iPhone"
192.168.253.2 - - [14/Aug/2018:09:08:45 +0800] "GET /Menu/doMenuRows_prc?formKey=M20180814T090504743 HTTP/1.1" 200 1622 "http://merp.yudo.com.cn:8183/Menu/Menu?formKey=M20180814T090504743" "Mozilla/5.0 (iPhone; CPU iPhone OS 11_0 like Mac OS X) AppleWebKit/604.1.38 (KHTML, like Gecko) Mobile/15A372JLAMPMode:iPhone"
192.168.253.2 - - [14/Aug/2018:09:08:46 +0800] "GET /image/menu_allow.png HTTP/1.1" 304 - "http://merp.yudo.com.cn:8183/Menu/Menu?formKey=M20180814T090504743" "Mozilla/5.0 (iPhone; CPU iPhone OS 11_0 like Mac OS X) AppleWebKit/604.1.38 (KHTML, like Gecko) Mobile/15A372JLAMPMode:iPhone"
192.168.253.2 - - [14/Aug/2018:09:08:46 +0800] "GET /third_party/KendoUI/styles/images/kendoui.woff?v=1.1 HTTP/1.1" 304 - "http://merp.yudo.com.cn:8183/Menu/Menu?formKey=M20180814T090504743" "Mozilla/5.0 (iPhone; CPU iPhone OS 11_0 like Mac OS X) AppleWebKit/604.1.38 (KHTML, like Gecko) Mobile/15A372JLAMPMode:iPhone"
192.168.253.2 - - [14/Aug/2018:09:08:48 +0800] "GET /WEI_2100/WEI_2100?formKey=M20180814T090504743&menuSelection=asm HTTP/1.1" 200 87187 "http://merp.yudo.com.cn:8183/Menu/Menu?formKey=M20180814T090504743" "Mozilla/5.0 (iPhone; CPU iPhone OS 11_0 like Mac OS X) AppleWebKit/604.1.38 (KHTML, like Gecko) Mobile/15A372JLAMPMode:iPhone"
192.168.253.2 - - [14/Aug/2018:09:08:48 +0800] "GET /css/WEI_2100/WEI_2100_Lists.css?v=201806080934 HTTP/1.1" 304 - "http://merp.yudo.com.cn:8183/WEI_2100/WEI_2100?formKey=M20180814T090504743&menuSelection=asm" "Mozilla/5.0 (iPhone; CPU iPhone OS 11_0 like Mac OS X) AppleWebKit/604.1.38 (KHTML, like Gecko) Mobile/15A372JLAMPMode:iPhone"
192.168.253.2 - - [14/Aug/2018:09:08:48 +0800] "GET /js/WEI_2100/css/layui.css HTTP/1.1" 304 - "http://merp.yudo.com.cn:8183/WEI_2100/WEI_2100?formKey=M20180814T090504743&menuSelection=asm" "Mozilla/5.0 (iPhone; CPU iPhone OS 11_0 like Mac OS X) AppleWebKit/604.1.38 (KHTML, like Gecko) Mobile/15A372JLAMPMode:iPhone"
192.168.253.2 - - [14/Aug/2018:09:08:48 +0800] "GET /css/WEI_2000/mui.min.css HTTP/1.1" 304 - "http://merp.yudo.com.cn:8183/WEI_2100/WEI_2100?formKey=M20180814T090504743&menuSelection=asm" "Mozilla/5.0 (iPhone; CPU iPhone OS 11_0 like Mac OS X) AppleWebKit/604.1.38 (KHTML, like Gecko) Mobile/15A372JLAMPMode:iPhone"
192.168.253.2 - - [14/Aug/2018:09:08:48 +0800] "GET /js/WEI_2100/vue/vue.js HTTP/1.1" 304 - "http://merp.yudo.com.cn:8183/WEI_2100/WEI_2100?formKey=M20180814T090504743&menuSelection=asm" "Mozilla/5.0 (iPhone; CPU iPhone OS 11_0 like Mac OS X) AppleWebKit/604.1.38 (KHTML, like Gecko) Mobile/15A372JLAMPMode:iPhone"
192.168.253.2 - - [14/Aug/2018:09:08:48 +0800] "GET /js/WEI_2000/mui.min.js?v=1001 HTTP/1.1" 304 - "http://merp.yudo.com.cn:8183/WEI_2100/WEI_2100?formKey=M20180814T090504743&menuSelection=asm" "Mozilla/5.0 (iPhone; CPU iPhone OS 11_0 like Mac OS X) AppleWebKit/604.1.38 (KHTML, like Gecko) Mobile/15A372JLAMPMode:iPhone"
192.168.253.2 - - [14/Aug/2018:09:08:48 +0800] "GET /js/WEI_2100/multiSelect.js?v=1004 HTTP/1.1" 304 - "http://merp.yudo.com.cn:8183/WEI_2100/WEI_2100?formKey=M20180814T090504743&menuSelection=asm" "Mozilla/5.0 (iPhone; CPU iPhone OS 11_0 like Mac OS X) AppleWebKit/604.1.38 (KHTML, like Gecko) Mobile/15A372JLAMPMode:iPhone"
192.168.253.2 - - [14/Aug/2018:09:08:48 +0800] "GET /js/WEI_2100/WEI_2100_Lang.js?v=1001 HTTP/1.1" 304 - "http://merp.yudo.com.cn:8183/WEI_2100/WEI_2100?formKey=M20180814T090504743&menuSelection=asm" "Mozilla/5.0 (iPhone; CPU iPhone OS 11_0 like Mac OS X) AppleWebKit/604.1.38 (KHTML, like Gecko) Mobile/15A372JLAMPMode:iPhone"
192.168.253.2 - - [14/Aug/2018:09:08:48 +0800] "GET /js/WEI_2000/mui.previewimage.js?v=201804261256 HTTP/1.1" 304 - "http://merp.yudo.com.cn:8183/WEI_2100/WEI_2100?formKey=M20180814T090504743&menuSelection=asm" "Mozilla/5.0 (iPhone; CPU iPhone OS 11_0 like Mac OS X) AppleWebKit/604.1.38 (KHTML, like Gecko) Mobile/15A372JLAMPMode:iPhone"
192.168.253.2 - - [14/Aug/2018:09:08:48 +0800] "GET /js/WEI_2000/mui.zoom.js?v=201804231454 HTTP/1.1" 304 - "http://merp.yudo.com.cn:8183/WEI_2100/WEI_2100?formKey=M20180814T090504743&menuSelection=asm" "Mozilla/5.0 (iPhone; CPU iPhone OS 11_0 like Mac OS X) AppleWebKit/604.1.38 (KHTML, like Gecko) Mobile/15A372JLAMPMode:iPhone"
192.168.253.2 - - [14/Aug/2018:09:08:48 +0800] "GET /image/qrcode.png HTTP/1.1" 304 - "http://merp.yudo.com.cn:8183/WEI_2100/WEI_2100?formKey=M20180814T090504743&menuSelection=asm" "Mozilla/5.0 (iPhone; CPU iPhone OS 11_0 like Mac OS X) AppleWebKit/604.1.38 (KHTML, like Gecko) Mobile/15A372JLAMPMode:iPhone"
192.168.253.2 - - [14/Aug/2018:09:08:48 +0800] "GET /js/WEI_2100/layui.all.js HTTP/1.1" 304 - "http://merp.yudo.com.cn:8183/WEI_2100/WEI_2100?formKey=M20180814T090504743&menuSelection=asm" "Mozilla/5.0 (iPhone; CPU iPhone OS 11_0 like Mac OS X) AppleWebKit/604.1.38 (KHTML, like Gecko) Mobile/15A372JLAMPMode:iPhone"
192.168.253.2 - - [14/Aug/2018:09:08:48 +0800] "GET /js/WEI_2100/css/modules/laydate/default/laydate.css?v=5.0.9 HTTP/1.1" 304 - "http://merp.yudo.com.cn:8183/WEI_2100/WEI_2100?formKey=M20180814T090504743&menuSelection=asm" "Mozilla/5.0 (iPhone; CPU iPhone OS 11_0 like Mac OS X) AppleWebKit/604.1.38 (KHTML, like Gecko) Mobile/15A372JLAMPMode:iPhone"
192.168.253.2 - - [14/Aug/2018:09:08:48 +0800] "GET /js/WEI_2100/css/modules/layer/default/layer.css?v=3.1.1 HTTP/1.1" 304 - "http://merp.yudo.com.cn:8183/WEI_2100/WEI_2100?formKey=M20180814T090504743&menuSelection=asm" "Mozilla/5.0 (iPhone; CPU iPhone OS 11_0 like Mac OS X) AppleWebKit/604.1.38 (KHTML, like Gecko) Mobile/15A372JLAMPMode:iPhone"
192.168.253.2 - - [14/Aug/2018:09:08:48 +0800] "GET /js/WEI_2100/css/modules/code.css HTTP/1.1" 304 - "http://merp.yudo.com.cn:8183/WEI_2100/WEI_2100?formKey=M20180814T090504743&menuSelection=asm" "Mozilla/5.0 (iPhone; CPU iPhone OS 11_0 like Mac OS X) AppleWebKit/604.1.38 (KHTML, like Gecko) Mobile/15A372JLAMPMode:iPhone"
192.168.253.2 - - [14/Aug/2018:09:08:48 +0800] "GET /js/WEI_2100/font/iconfont.svg?v=230-rc1 HTTP/1.1" 304 - "http://merp.yudo.com.cn:8183/WEI_2100/WEI_2100?formKey=M20180814T090504743&menuSelection=asm" "Mozilla/5.0 (iPhone; CPU iPhone OS 11_0 like Mac OS X) AppleWebKit/604.1.38 (KHTML, like Gecko) Mobile/15A372JLAMPMode:iPhone"
192.168.253.2 - - [14/Aug/2018:09:08:48 +0800] "GET /css/fonts/mui.ttf HTTP/1.1" 304 - "http://merp.yudo.com.cn:8183/Menu/Menu?formKey=M20180814T090504743" "Mozilla/5.0 (iPhone; CPU iPhone OS 11_0 like Mac OS X) AppleWebKit/604.1.38 (KHTML, like Gecko) Mobile/15A372JLAMPMode:iPhone"
192.168.253.2 - - [14/Aug/2018:09:08:53 +0800] "POST /JLAMPCommon/langBatchRows_prc HTTP/1.1" 200 12695 "http://merp.yudo.com.cn:8183/WEI_2100/WEI_2100?formKey=M20180814T090504743&menuSelection=asm" "Mozilla/5.0 (iPhone; CPU iPhone OS 11_0 like Mac OS X) AppleWebKit/604.1.38 (KHTML, like Gecko) Mobile/15A372JLAMPMode:iPhone"
192.168.253.2 - - [14/Aug/2018:09:08:53 +0800] "POST /JLAMPCommon/langBatchRows_prc HTTP/1.1" 200 13022 "http://merp.yudo.com.cn:8183/WEI_2100/WEI_2100?formKey=M20180814T090504743&menuSelection=asm" "Mozilla/5.0 (iPhone; CPU iPhone OS 11_0 like Mac OS X) AppleWebKit/604.1.38 (KHTML, like Gecko) Mobile/15A372JLAMPMode:iPhone"
192.168.253.2 - - [14/Aug/2018:09:08:54 +0800] "GET /JLAMPCommon/getCookieJson_prc HTTP/1.1" 200 913 "http://merp.yudo.com.cn:8183/WEI_2100/WEI_2100?formKey=M20180814T090504743&menuSelection=asm" "Mozilla/5.0 (iPhone; CPU iPhone OS 11_0 like Mac OS X) AppleWebKit/604.1.38 (KHTML, like Gecko) Mobile/15A372JLAMPMode:iPhone"
223.104.146.75 - - [14/Aug/2018:09:08:54 +0800] "GET /WEI_2100/order_prc?orderid=2018073029&orderby=&ordercount=0 HTTP/1.1" 200 66 "http://merp.yudo.com.cn:8183/WEI_2100/WEI_2100?formKey=M20180814T090354453&menuSelection=asm" "Mozilla/5.0 (Linux; Android 8.0.0; ALP-AL00 Build/HUAWEIALP-AL00; wv) AppleWebKit/537.36 (KHTML, like Gecko) Version/4.0 Chrome/65.0.3325.109 Mobile Safari/537.36"
192.168.253.2 - - [14/Aug/2018:09:08:56 +0800] "GET /js/WEI_2100/css/modules/layer/default/loading-2.gif HTTP/1.1" 304 - "http://merp.yudo.com.cn:8183/WEI_2100/WEI_2100?formKey=M20180814T090504743&menuSelection=asm" "Mozilla/5.0 (iPhone; CPU iPhone OS 11_0 like Mac OS X) AppleWebKit/604.1.38 (KHTML, like Gecko) Mobile/15A372JLAMPMode:iPhone"
192.168.253.2 - - [14/Aug/2018:09:08:55 +0800] "GET /WEI_2100/login_user HTTP/1.1" 200 155 "http://merp.yudo.com.cn:8183/WEI_2100/WEI_2100?formKey=M20180814T090504743&menuSelection=asm" "Mozilla/5.0 (iPhone; CPU iPhone OS 11_0 like Mac OS X) AppleWebKit/604.1.38 (KHTML, like Gecko) Mobile/15A372JLAMPMode:iPhone"
192.168.253.2 - - [14/Aug/2018:09:08:56 +0800] "GET /WEI_2100/systemclass_big_prc?bigsysid=asclass1 HTTP/1.1" 200 475 "http://merp.yudo.com.cn:8183/WEI_2100/WEI_2100?formKey=M20180814T090504743&menuSelection=asm" "Mozilla/5.0 (iPhone; CPU iPhone OS 11_0 like Mac OS X) AppleWebKit/604.1.38 (KHTML, like Gecko) Mobile/15A372JLAMPMode:iPhone"
192.168.253.2 - - [14/Aug/2018:09:08:56 +0800] "GET /WEI_2100/systemclass_big_prc?bigsysid=startpoint HTTP/1.1" 200 317 "http://merp.yudo.com.cn:8183/WEI_2100/WEI_2100?formKey=M20180814T090504743&menuSelection=asm" "Mozilla/5.0 (iPhone; CPU iPhone OS 11_0 like Mac OS X) AppleWebKit/604.1.38 (KHTML, like Gecko) Mobile/15A372JLAMPMode:iPhone"
192.168.253.2 - - [14/Aug/2018:09:08:56 +0800] "GET /WEI_2100/systemclass_big_prc?bigsysid=asbadtype HTTP/1.1" 200 152 "http://merp.yudo.com.cn:8183/WEI_2100/WEI_2100?formKey=M20180814T090504743&menuSelection=asm" "Mozilla/5.0 (iPhone; CPU iPhone OS 11_0 like Mac OS X) AppleWebKit/604.1.38 (KHTML, like Gecko) Mobile/15A372JLAMPMode:iPhone"
192.168.253.2 - - [14/Aug/2018:09:08:56 +0800] "GET /WEI_2100/systemclass_big_prc?bigsysid=markets HTTP/1.1" 200 512 "http://merp.yudo.com.cn:8183/WEI_2100/WEI_2100?formKey=M20180814T090504743&menuSelection=asm" "Mozilla/5.0 (iPhone; CPU iPhone OS 11_0 like Mac OS X) AppleWebKit/604.1.38 (KHTML, like Gecko) Mobile/15A372JLAMPMode:iPhone"
192.168.253.2 - - [14/Aug/2018:09:08:57 +0800] "GET /WEI_2100/systemclass_big_prc?bigsysid=asclass HTTP/1.1" 200 264 "http://merp.yudo.com.cn:8183/WEI_2100/WEI_2100?formKey=M20180814T090504743&menuSelection=asm" "Mozilla/5.0 (iPhone; CPU iPhone OS 11_0 like Mac OS X) AppleWebKit/604.1.38 (KHTML, like Gecko) Mobile/15A372JLAMPMode:iPhone"
192.168.253.2 - - [14/Aug/2018:09:08:57 +0800] "GET /js/WEI_2100/font/iconfont.woff?v=230-rc1 HTTP/1.1" 304 - "http://merp.yudo.com.cn:8183/WEI_2100/WEI_2100?formKey=M20180814T090504743&menuSelection=asm" "Mozilla/5.0 (iPhone; CPU iPhone OS 11_0 like Mac OS X) AppleWebKit/604.1.38 (KHTML, like Gecko) Mobile/15A372JLAMPMode:iPhone"
192.168.253.2 - - [14/Aug/2018:09:08:56 +0800] "GET /WEI_2100/systemclass_big_prc?bigsysid=ascause HTTP/1.1" 200 209 "http://merp.yudo.com.cn:8183/WEI_2100/WEI_2100?formKey=M20180814T090504743&menuSelection=asm" "Mozilla/5.0 (iPhone; CPU iPhone OS 11_0 like Mac OS X) AppleWebKit/604.1.38 (KHTML, like Gecko) Mobile/15A372JLAMPMode:iPhone"
192.168.253.2 - - [14/Aug/2018:09:08:57 +0800] "GET /WEI_2100/user_prc HTTP/1.1" 200 93019 "http://merp.yudo.com.cn:8183/WEI_2100/WEI_2100?formKey=M20180814T090504743&menuSelection=asm" "Mozilla/5.0 (iPhone; CPU iPhone OS 11_0 like Mac OS X) AppleWebKit/604.1.38 (KHTML, like Gecko) Mobile/15A372JLAMPMode:iPhone"
192.168.253.2 - - [14/Aug/2018:09:08:57 +0800] "GET /WEI_2100/systemclass_big_prc?bigsysid=supplyscope HTTP/1.1" 200 302 "http://merp.yudo.com.cn:8183/WEI_2100/WEI_2100?formKey=M20180814T090504743&menuSelection=asm" "Mozilla/5.0 (iPhone; CPU iPhone OS 11_0 like Mac OS X) AppleWebKit/604.1.38 (KHTML, like Gecko) Mobile/15A372JLAMPMode:iPhone"
192.168.253.2 - - [14/Aug/2018:09:08:56 +0800] "GET /WEI_2100/systemclass_big_prc?bigsysid=area HTTP/1.1" 200 751 "http://merp.yudo.com.cn:8183/WEI_2100/WEI_2100?formKey=M20180814T090504743&menuSelection=asm" "Mozilla/5.0 (iPhone; CPU iPhone OS 11_0 like Mac OS X) AppleWebKit/604.1.38 (KHTML, like Gecko) Mobile/15A372JLAMPMode:iPhone"
192.168.253.2 - - [14/Aug/2018:09:08:57 +0800] "GET /WEI_2100/as_unit HTTP/1.1" 200 1002 "http://merp.yudo.com.cn:8183/WEI_2100/WEI_2100?formKey=M20180814T090504743&menuSelection=asm" "Mozilla/5.0 (iPhone; CPU iPhone OS 11_0 like Mac OS X) AppleWebKit/604.1.38 (KHTML, like Gecko) Mobile/15A372JLAMPMode:iPhone"
::1 - - [14/Aug/2018:09:09:03 +0800] "OPTIONS * HTTP/1.0" 200 - "-" "Apache/2.4.6 (CentOS) PHP/5.6.32 (internal dummy connection)"
::1 - - [14/Aug/2018:09:09:04 +0800] "OPTIONS * HTTP/1.0" 200 - "-" "Apache/2.4.6 (CentOS) PHP/5.6.32 (internal dummy connection)"
::1 - - [14/Aug/2018:09:09:05 +0800] "OPTIONS * HTTP/1.0" 200 - "-" "Apache/2.4.6 (CentOS) PHP/5.6.32 (internal dummy connection)"
192.168.253.2 - - [14/Aug/2018:09:09:12 +0800] "GET /WEI_2100/order_prc?orderid=2018073029&orderby=&ordercount=0 HTTP/1.1" 200 466 "http://merp.yudo.com.cn:8183/WEI_2100/WEI_2100?formKey=M20180814T090504743&menuSelection=asm" "Mozilla/5.0 (iPhone; CPU iPhone OS 11_0 like Mac OS X) AppleWebKit/604.1.38 (KHTML, like Gecko) Mobile/15A372JLAMPMode:iPhone"
223.104.146.15 - - [14/Aug/2018:09:09:34 +0800] "GET /?deviceType=mobile&devicePlatform=android HTTP/1.1" 302 149 "-" "Mozilla/5.0 (Linux; Android 8.1.0; COL-AL10 Build/HUAWEICOL-AL10; wv) AppleWebKit/537.36 (KHTML, like Gecko) Version/4.0 Chrome/66.0.3359.126 Mobile Safari/537.36"
223.104.146.15 - - [14/Aug/2018:09:09:35 +0800] "GET /Menu/Menu?formKey=M20180814T090554773 HTTP/1.1" 200 6080 "-" "Mozilla/5.0 (Linux; Android 8.1.0; COL-AL10 Build/HUAWEICOL-AL10; wv) AppleWebKit/537.36 (KHTML, like Gecko) Version/4.0 Chrome/66.0.3359.126 Mobile Safari/537.36"
223.104.146.15 - - [14/Aug/2018:09:09:35 +0800] "GET /third_party/bootstrap-3.3.5/css/bootstrap.css HTTP/1.1" 200 147430 "http://merp.yudo.com.cn:8183/Menu/Menu?formKey=M20180814T090554773" "Mozilla/5.0 (Linux; Android 8.1.0; COL-AL10 Build/HUAWEICOL-AL10; wv) AppleWebKit/537.36 (KHTML, like Gecko) Version/4.0 Chrome/66.0.3359.126 Mobile Safari/537.36"
223.104.146.15 - - [14/Aug/2018:09:09:35 +0800] "GET /third_party/bootstrap-3.3.5/css/bootstrap-theme.css HTTP/1.1" 200 26132 "http://merp.yudo.com.cn:8183/Menu/Menu?formKey=M20180814T090554773" "Mozilla/5.0 (Linux; Android 8.1.0; COL-AL10 Build/HUAWEICOL-AL10; wv) AppleWebKit/537.36 (KHTML, like Gecko) Version/4.0 Chrome/66.0.3359.126 Mobile Safari/537.36"
223.104.146.15 - - [14/Aug/2018:09:09:35 +0800] "GET /third_party/loading-overlay/waitMe.css HTTP/1.1" 200 14541 "http://merp.yudo.com.cn:8183/Menu/Menu?formKey=M20180814T090554773" "Mozilla/5.0 (Linux; Android 8.1.0; COL-AL10 Build/HUAWEICOL-AL10; wv) AppleWebKit/537.36 (KHTML, like Gecko) Version/4.0 Chrome/66.0.3359.126 Mobile Safari/537.36"
223.104.146.15 - - [14/Aug/2018:09:09:35 +0800] "GET /third_party/bootstrap-datetimepicker/css/bootstrap-datetimepicker.css HTTP/1.1" 200 12289 "http://merp.yudo.com.cn:8183/Menu/Menu?formKey=M20180814T090554773" "Mozilla/5.0 (Linux; Android 8.1.0; COL-AL10 Build/HUAWEICOL-AL10; wv) AppleWebKit/537.36 (KHTML, like Gecko) Version/4.0 Chrome/66.0.3359.126 Mobile Safari/537.36"
223.104.146.15 - - [14/Aug/2018:09:09:35 +0800] "GET /css/bootstrap_modify.css HTTP/1.1" 200 265 "http://merp.yudo.com.cn:8183/Menu/Menu?formKey=M20180814T090554773" "Mozilla/5.0 (Linux; Android 8.1.0; COL-AL10 Build/HUAWEICOL-AL10; wv) AppleWebKit/537.36 (KHTML, like Gecko) Version/4.0 Chrome/66.0.3359.126 Mobile Safari/537.36"
223.104.146.15 - - [14/Aug/2018:09:09:35 +0800] "GET /third_party/slideout-1.0.1/index.css HTTP/1.1" 200 491 "http://merp.yudo.com.cn:8183/Menu/Menu?formKey=M20180814T090554773" "Mozilla/5.0 (Linux; Android 8.1.0; COL-AL10 Build/HUAWEICOL-AL10; wv) AppleWebKit/537.36 (KHTML, like Gecko) Version/4.0 Chrome/66.0.3359.126 Mobile Safari/537.36"
223.104.146.15 - - [14/Aug/2018:09:09:35 +0800] "GET /css/slide_menu.css HTTP/1.1" 200 2705 "http://merp.yudo.com.cn:8183/Menu/Menu?formKey=M20180814T090554773" "Mozilla/5.0 (Linux; Android 8.1.0; COL-AL10 Build/HUAWEICOL-AL10; wv) AppleWebKit/537.36 (KHTML, like Gecko) Version/4.0 Chrome/66.0.3359.126 Mobile Safari/537.36"
192.168.253.2 - - [14/Aug/2018:09:09:31 +0800] "GET /WEI_2100/order_minute?orderid=2018073029 HTTP/1.1" 200 907 "http://merp.yudo.com.cn:8183/WEI_2100/WEI_2100?formKey=M20180814T090504743&menuSelection=asm" "Mozilla/5.0 (iPhone; CPU iPhone OS 11_0 like Mac OS X) AppleWebKit/604.1.38 (KHTML, like Gecko) Mobile/15A372JLAMPMode:iPhone"
223.104.146.15 - - [14/Aug/2018:09:09:35 +0800] "GET /css/JLAMP.common.min.css HTTP/1.1" 200 - "http://merp.yudo.com.cn:8183/Menu/Menu?formKey=M20180814T090554773" "Mozilla/5.0 (Linux; Android 8.1.0; COL-AL10 Build/HUAWEICOL-AL10; wv) AppleWebKit/537.36 (KHTML, like Gecko) Version/4.0 Chrome/66.0.3359.126 Mobile Safari/537.36"
223.104.146.15 - - [14/Aug/2018:09:09:35 +0800] "GET /css/JLAMP.modal.min.css HTTP/1.1" 200 920 "http://merp.yudo.com.cn:8183/Menu/Menu?formKey=M20180814T090554773" "Mozilla/5.0 (Linux; Android 8.1.0; COL-AL10 Build/HUAWEICOL-AL10; wv) AppleWebKit/537.36 (KHTML, like Gecko) Version/4.0 Chrome/66.0.3359.126 Mobile Safari/537.36"
223.104.146.15 - - [14/Aug/2018:09:09:35 +0800] "GET /css/JLAMP.autobinding.min.css HTTP/1.1" 200 852 "http://merp.yudo.com.cn:8183/Menu/Menu?formKey=M20180814T090554773" "Mozilla/5.0 (Linux; Android 8.1.0; COL-AL10 Build/HUAWEICOL-AL10; wv) AppleWebKit/537.36 (KHTML, like Gecko) Version/4.0 Chrome/66.0.3359.126 Mobile Safari/537.36"
192.168.253.2 - - [14/Aug/2018:09:09:31 +0800] "GET /WEI_2100/login_user HTTP/1.1" 200 155 "http://merp.yudo.com.cn:8183/WEI_2100/WEI_2100?formKey=M20180814T090504743&menuSelection=asm" "Mozilla/5.0 (iPhone; CPU iPhone OS 11_0 like Mac OS X) AppleWebKit/604.1.38 (KHTML, like Gecko) Mobile/15A372JLAMPMode:iPhone"
223.104.146.15 - - [14/Aug/2018:09:09:36 +0800] "GET /third_party/KendoUI/styles/kendo.bootstrap.min.css HTTP/1.1" 200 83074 "http://merp.yudo.com.cn:8183/Menu/Menu?formKey=M20180814T090554773" "Mozilla/5.0 (Linux; Android 8.1.0; COL-AL10 Build/HUAWEICOL-AL10; wv) AppleWebKit/537.36 (KHTML, like Gecko) Version/4.0 Chrome/66.0.3359.126 Mobile Safari/537.36"
192.168.253.2 - - [14/Aug/2018:09:09:35 +0800] "GET /WEI_2100/systemclass_mini_prc?bigsysid=SA10360100&minisysid=supplyscope_c3 HTTP/1.1" 200 202 "http://merp.yudo.com.cn:8183/WEI_2100/WEI_2100?formKey=M20180814T090504743&menuSelection=asm" "Mozilla/5.0 (iPhone; CPU iPhone OS 11_0 like Mac OS X) AppleWebKit/604.1.38 (KHTML, like Gecko) Mobile/15A372JLAMPMode:iPhone"
223.104.146.15 - - [14/Aug/2018:09:09:36 +0800] "GET /css/Menu/Menu.css?v=1002 HTTP/1.1" 200 1901 "http://merp.yudo.com.cn:8183/Menu/Menu?formKey=M20180814T090554773" "Mozilla/5.0 (Linux; Android 8.1.0; COL-AL10 Build/HUAWEICOL-AL10; wv) AppleWebKit/537.36 (KHTML, like Gecko) Version/4.0 Chrome/66.0.3359.126 Mobile Safari/537.36"
223.104.146.15 - - [14/Aug/2018:09:09:36 +0800] "GET /third_party/KendoUI/styles/kendo.bootstrap.mobile.min.css HTTP/1.1" 200 112483 "http://merp.yudo.com.cn:8183/Menu/Menu?formKey=M20180814T090554773" "Mozilla/5.0 (Linux; Android 8.1.0; COL-AL10 Build/HUAWEICOL-AL10; wv) AppleWebKit/537.36 (KHTML, like Gecko) Version/4.0 Chrome/66.0.3359.126 Mobile Safari/537.36"
223.104.146.15 - - [14/Aug/2018:09:09:36 +0800] "GET /third_party/KendoUI/styles/kendo.common.min.css HTTP/1.1" 200 231115 "http://merp.yudo.com.cn:8183/Menu/Menu?formKey=M20180814T090554773" "Mozilla/5.0 (Linux; Android 8.1.0; COL-AL10 Build/HUAWEICOL-AL10; wv) AppleWebKit/537.36 (KHTML, like Gecko) Version/4.0 Chrome/66.0.3359.126 Mobile Safari/537.36"
223.104.146.15 - - [14/Aug/2018:09:09:36 +0800] "GET /css/common.css?v=5007 HTTP/1.1" 200 14033 "http://merp.yudo.com.cn:8183/Menu/Menu?formKey=M20180814T090554773" "Mozilla/5.0 (Linux; Android 8.1.0; COL-AL10 Build/HUAWEICOL-AL10; wv) AppleWebKit/537.36 (KHTML, like Gecko) Version/4.0 Chrome/66.0.3359.126 Mobile Safari/537.36"
192.168.253.2 - - [14/Aug/2018:09:09:36 +0800] "GET /WEI_2100/as_count?orderid=2018073029 HTTP/1.1" 200 74 "http://merp.yudo.com.cn:8183/WEI_2100/WEI_2100?formKey=M20180814T090504743&menuSelection=asm" "Mozilla/5.0 (iPhone; CPU iPhone OS 11_0 like Mac OS X) AppleWebKit/604.1.38 (KHTML, like Gecko) Mobile/15A372JLAMPMode:iPhone"
223.104.146.15 - - [14/Aug/2018:09:09:36 +0800] "GET /third_party/bootstrap-3.3.5/js/bootstrap.min.js HTTP/1.1" 200 36816 "http://merp.yudo.com.cn:8183/Menu/Menu?formKey=M20180814T090554773" "Mozilla/5.0 (Linux; Android 8.1.0; COL-AL10 Build/HUAWEICOL-AL10; wv) AppleWebKit/537.36 (KHTML, like Gecko) Version/4.0 Chrome/66.0.3359.126 Mobile Safari/537.36"
223.104.146.15 - - [14/Aug/2018:09:09:36 +0800] "GET /css/WEI_2000/mui.min.css?v=1001 HTTP/1.1" 200 74864 "http://merp.yudo.com.cn:8183/Menu/Menu?formKey=M20180814T090554773" "Mozilla/5.0 (Linux; Android 8.1.0; COL-AL10 Build/HUAWEICOL-AL10; wv) AppleWebKit/537.36 (KHTML, like Gecko) Version/4.0 Chrome/66.0.3359.126 Mobile Safari/537.36"
223.104.146.15 - - [14/Aug/2018:09:09:36 +0800] "GET /third_party/bootstrap-datetimepicker/js/bootstrap-datetimepicker.js HTTP/1.1" 200 67526 "http://merp.yudo.com.cn:8183/Menu/Menu?formKey=M20180814T090554773" "Mozilla/5.0 (Linux; Android 8.1.0; COL-AL10 Build/HUAWEICOL-AL10; wv) AppleWebKit/537.36 (KHTML, like Gecko) Version/4.0 Chrome/66.0.3359.126 Mobile Safari/537.36"
223.104.146.15 - - [14/Aug/2018:09:09:37 +0800] "GET /third_party/bootstrap-datetimepicker/js/locales/bootstrap-datetimepicker.zh-CN.js HTTP/1.1" 200 813 "http://merp.yudo.com.cn:8183/Menu/Menu?formKey=M20180814T090554773" "Mozilla/5.0 (Linux; Android 8.1.0; COL-AL10 Build/HUAWEICOL-AL10; wv) AppleWebKit/537.36 (KHTML, like Gecko) Version/4.0 Chrome/66.0.3359.126 Mobile Safari/537.36"
223.104.146.15 - - [14/Aug/2018:09:09:37 +0800] "GET /third_party/loading-overlay/waitMe.js HTTP/1.1" 200 8583 "http://merp.yudo.com.cn:8183/Menu/Menu?formKey=M20180814T090554773" "Mozilla/5.0 (Linux; Android 8.1.0; COL-AL10 Build/HUAWEICOL-AL10; wv) AppleWebKit/537.36 (KHTML, like Gecko) Version/4.0 Chrome/66.0.3359.126 Mobile Safari/537.36"
223.104.146.15 - - [14/Aug/2018:09:09:37 +0800] "GET /third_party/slideout-1.0.1/slideout.js HTTP/1.1" 200 37980 "http://merp.yudo.com.cn:8183/Menu/Menu?formKey=M20180814T090554773" "Mozilla/5.0 (Linux; Android 8.1.0; COL-AL10 Build/HUAWEICOL-AL10; wv) AppleWebKit/537.36 (KHTML, like Gecko) Version/4.0 Chrome/66.0.3359.126 Mobile Safari/537.36"
223.104.146.15 - - [14/Aug/2018:09:09:37 +0800] "GET /js/fastclick.js HTTP/1.1" 200 25966 "http://merp.yudo.com.cn:8183/Menu/Menu?formKey=M20180814T090554773" "Mozilla/5.0 (Linux; Android 8.1.0; COL-AL10 Build/HUAWEICOL-AL10; wv) AppleWebKit/537.36 (KHTML, like Gecko) Version/4.0 Chrome/66.0.3359.126 Mobile Safari/537.36"
192.168.253.2 - - [14/Aug/2018:09:09:35 +0800] "GET /WEI_2100/systemclass_mini_prc?bigsysid=SA10340020&minisysid=supplyscope_c1 HTTP/1.1" 200 1053 "http://merp.yudo.com.cn:8183/WEI_2100/WEI_2100?formKey=M20180814T090504743&menuSelection=asm" "Mozilla/5.0 (iPhone; CPU iPhone OS 11_0 like Mac OS X) AppleWebKit/604.1.38 (KHTML, like Gecko) Mobile/15A372JLAMPMode:iPhone"
223.104.146.15 - - [14/Aug/2018:09:09:37 +0800] "GET /js/JLAMP.polyfill.min.js HTTP/1.1" 200 361 "http://merp.yudo.com.cn:8183/Menu/Menu?formKey=M20180814T090554773" "Mozilla/5.0 (Linux; Android 8.1.0; COL-AL10 Build/HUAWEICOL-AL10; wv) AppleWebKit/537.36 (KHTML, like Gecko) Version/4.0 Chrome/66.0.3359.126 Mobile Safari/537.36"
223.104.146.15 - - [14/Aug/2018:09:09:37 +0800] "GET /js/JLAMP.min.js HTTP/1.1" 200 1461 "http://merp.yudo.com.cn:8183/Menu/Menu?formKey=M20180814T090554773" "Mozilla/5.0 (Linux; Android 8.1.0; COL-AL10 Build/HUAWEICOL-AL10; wv) AppleWebKit/537.36 (KHTML, like Gecko) Version/4.0 Chrome/66.0.3359.126 Mobile Safari/537.36"
223.104.146.15 - - [14/Aug/2018:09:09:37 +0800] "GET /js/JLAMP.common.min.js HTTP/1.1" 200 9705 "http://merp.yudo.com.cn:8183/Menu/Menu?formKey=M20180814T090554773" "Mozilla/5.0 (Linux; Android 8.1.0; COL-AL10 Build/HUAWEICOL-AL10; wv) AppleWebKit/537.36 (KHTML, like Gecko) Version/4.0 Chrome/66.0.3359.126 Mobile Safari/537.36"
223.104.146.15 - - [14/Aug/2018:09:09:37 +0800] "GET /js/JLAMP.menu.min.js HTTP/1.1" 200 6519 "http://merp.yudo.com.cn:8183/Menu/Menu?formKey=M20180814T090554773" "Mozilla/5.0 (Linux; Android 8.1.0; COL-AL10 Build/HUAWEICOL-AL10; wv) AppleWebKit/537.36 (KHTML, like Gecko) Version/4.0 Chrome/66.0.3359.126 Mobile Safari/537.36"
223.104.146.15 - - [14/Aug/2018:09:09:37 +0800] "GET /js/JLAMP.autobinding.min.js HTTP/1.1" 200 8816 "http://merp.yudo.com.cn:8183/Menu/Menu?formKey=M20180814T090554773" "Mozilla/5.0 (Linux; Android 8.1.0; COL-AL10 Build/HUAWEICOL-AL10; wv) AppleWebKit/537.36 (KHTML, like Gecko) Version/4.0 Chrome/66.0.3359.126 Mobile Safari/537.36"
223.104.146.15 - - [14/Aug/2018:09:09:38 +0800] "GET /js/JLAMP.modal.min.js HTTP/1.1" 200 16516 "http://merp.yudo.com.cn:8183/Menu/Menu?formKey=M20180814T090554773" "Mozilla/5.0 (Linux; Android 8.1.0; COL-AL10 Build/HUAWEICOL-AL10; wv) AppleWebKit/537.36 (KHTML, like Gecko) Version/4.0 Chrome/66.0.3359.126 Mobile Safari/537.36"
223.104.146.15 - - [14/Aug/2018:09:09:38 +0800] "GET /js/JLAMP.lang.min.js HTTP/1.1" 200 1750 "http://merp.yudo.com.cn:8183/Menu/Menu?formKey=M20180814T090554773" "Mozilla/5.0 (Linux; Android 8.1.0; COL-AL10 Build/HUAWEICOL-AL10; wv) AppleWebKit/537.36 (KHTML, like Gecko) Version/4.0 Chrome/66.0.3359.126 Mobile Safari/537.36"
223.104.146.15 - - [14/Aug/2018:09:09:38 +0800] "GET /js/session.js HTTP/1.1" 200 638 "http://merp.yudo.com.cn:8183/Menu/Menu?formKey=M20180814T090554773" "Mozilla/5.0 (Linux; Android 8.1.0; COL-AL10 Build/HUAWEICOL-AL10; wv) AppleWebKit/537.36 (KHTML, like Gecko) Version/4.0 Chrome/66.0.3359.126 Mobile Safari/537.36"
192.168.253.2 - - [14/Aug/2018:09:09:36 +0800] "GET /WEI_2100/systemclass_mini_prc?bigsysid=SA10380473&minisysid=supplyscope_c5 HTTP/1.1" 200 616 "http://merp.yudo.com.cn:8183/WEI_2100/WEI_2100?formKey=M20180814T090504743&menuSelection=asm" "Mozilla/5.0 (iPhone; CPU iPhone OS 11_0 like Mac OS X) AppleWebKit/604.1.38 (KHTML, like Gecko) Mobile/15A372JLAMPMode:iPhone"
223.104.146.15 - - [14/Aug/2018:09:09:38 +0800] "GET /js/version.js HTTP/1.1" 200 1046 "http://merp.yudo.com.cn:8183/Menu/Menu?formKey=M20180814T090554773" "Mozilla/5.0 (Linux; Android 8.1.0; COL-AL10 Build/HUAWEICOL-AL10; wv) AppleWebKit/537.36 (KHTML, like Gecko) Version/4.0 Chrome/66.0.3359.126 Mobile Safari/537.36"
223.104.146.15 - - [14/Aug/2018:09:09:38 +0800] "GET /js/common.js HTTP/1.1" 200 11633 "http://merp.yudo.com.cn:8183/Menu/Menu?formKey=M20180814T090554773" "Mozilla/5.0 (Linux; Android 8.1.0; COL-AL10 Build/HUAWEICOL-AL10; wv) AppleWebKit/537.36 (KHTML, like Gecko) Version/4.0 Chrome/66.0.3359.126 Mobile Safari/537.36"
223.104.146.15 - - [14/Aug/2018:09:09:36 +0800] "GET /third_party/jquery-2.1.4/jquery.js HTTP/1.1" 200 247606 "http://merp.yudo.com.cn:8183/Menu/Menu?formKey=M20180814T090554773" "Mozilla/5.0 (Linux; Android 8.1.0; COL-AL10 Build/HUAWEICOL-AL10; wv) AppleWebKit/537.36 (KHTML, like Gecko) Version/4.0 Chrome/66.0.3359.126 Mobile Safari/537.36"
223.104.146.15 - - [14/Aug/2018:09:09:38 +0800] "GET /js/GNB.js HTTP/1.1" 200 2176 "http://merp.yudo.com.cn:8183/Menu/Menu?formKey=M20180814T090554773" "Mozilla/5.0 (Linux; Android 8.1.0; COL-AL10 Build/HUAWEICOL-AL10; wv) AppleWebKit/537.36 (KHTML, like Gecko) Version/4.0 Chrome/66.0.3359.126 Mobile Safari/537.36"
192.168.253.2 - - [14/Aug/2018:09:09:35 +0800] "GET /WEI_2100/systemclass_mini_prc?bigsysid=SA10370308&minisysid=supplyscope_c4 HTTP/1.1" 200 137 "http://merp.yudo.com.cn:8183/WEI_2100/WEI_2100?formKey=M20180814T090504743&menuSelection=asm" "Mozilla/5.0 (iPhone; CPU iPhone OS 11_0 like Mac OS X) AppleWebKit/604.1.38 (KHTML, like Gecko) Mobile/15A372JLAMPMode:iPhone"
223.104.146.15 - - [14/Aug/2018:09:09:38 +0800] "GET /js/Menu/Menu.js?v=1005 HTTP/1.1" 200 2291 "http://merp.yudo.com.cn:8183/Menu/Menu?formKey=M20180814T090554773" "Mozilla/5.0 (Linux; Android 8.1.0; COL-AL10 Build/HUAWEICOL-AL10; wv) AppleWebKit/537.36 (KHTML, like Gecko) Version/4.0 Chrome/66.0.3359.126 Mobile Safari/537.36"
223.104.146.15 - - [14/Aug/2018:09:09:38 +0800] "GET /js/WEI_2000/mui.min.js HTTP/1.1" 200 115810 "http://merp.yudo.com.cn:8183/Menu/Menu?formKey=M20180814T090554773" "Mozilla/5.0 (Linux; Android 8.1.0; COL-AL10 Build/HUAWEICOL-AL10; wv) AppleWebKit/537.36 (KHTML, like Gecko) Version/4.0 Chrome/66.0.3359.126 Mobile Safari/537.36"
192.168.253.2 - - [14/Aug/2018:09:09:35 +0800] "GET /WEI_2100/systemclass_mini_prc?bigsysid=SA10350021&minisysid=supplyscope_c2 HTTP/1.1" 200 167 "http://merp.yudo.com.cn:8183/WEI_2100/WEI_2100?formKey=M20180814T090504743&menuSelection=asm" "Mozilla/5.0 (iPhone; CPU iPhone OS 11_0 like Mac OS X) AppleWebKit/604.1.38 (KHTML, like Gecko) Mobile/15A372JLAMPMode:iPhone"
223.104.146.15 - - [14/Aug/2018:09:09:38 +0800] "GET /image/login_logo.png HTTP/1.1" 200 3941 "http://merp.yudo.com.cn:8183/Menu/Menu?formKey=M20180814T090554773" "Mozilla/5.0 (Linux; Android 8.1.0; COL-AL10 Build/HUAWEICOL-AL10; wv) AppleWebKit/537.36 (KHTML, like Gecko) Version/4.0 Chrome/66.0.3359.126 Mobile Safari/537.36"
223.104.146.15 - - [14/Aug/2018:09:09:39 +0800] "GET /image/icon_logout.png HTTP/1.1" 200 1682 "http://merp.yudo.com.cn:8183/Menu/Menu?formKey=M20180814T090554773" "Mozilla/5.0 (Linux; Android 8.1.0; COL-AL10 Build/HUAWEICOL-AL10; wv) AppleWebKit/537.36 (KHTML, like Gecko) Version/4.0 Chrome/66.0.3359.126 Mobile Safari/537.36"
223.104.146.15 - - [14/Aug/2018:09:09:39 +0800] "GET /image/MI.png HTTP/1.1" 200 3083 "http://merp.yudo.com.cn:8183/Menu/Menu?formKey=M20180814T090554773" "Mozilla/5.0 (Linux; Android 8.1.0; COL-AL10 Build/HUAWEICOL-AL10; wv) AppleWebKit/537.36 (KHTML, like Gecko) Version/4.0 Chrome/66.0.3359.126 Mobile Safari/537.36"
223.104.146.15 - - [14/Aug/2018:09:09:39 +0800] "GET /image/SM.png HTTP/1.1" 200 3070 "http://merp.yudo.com.cn:8183/Menu/Menu?formKey=M20180814T090554773" "Mozilla/5.0 (Linux; Android 8.1.0; COL-AL10 Build/HUAWEICOL-AL10; wv) AppleWebKit/537.36 (KHTML, like Gecko) Version/4.0 Chrome/66.0.3359.126 Mobile Safari/537.36"
223.104.146.15 - - [14/Aug/2018:09:09:39 +0800] "GET /image/ASM.png HTTP/1.1" 200 21273 "http://merp.yudo.com.cn:8183/Menu/Menu?formKey=M20180814T090554773" "Mozilla/5.0 (Linux; Android 8.1.0; COL-AL10 Build/HUAWEICOL-AL10; wv) AppleWebKit/537.36 (KHTML, like Gecko) Version/4.0 Chrome/66.0.3359.126 Mobile Safari/537.36"
223.104.146.15 - - [14/Aug/2018:09:09:39 +0800] "POST /JLAMPCommon/langBatchRows_prc HTTP/1.1" 200 595 "http://merp.yudo.com.cn:8183/Menu/Menu?formKey=M20180814T090554773" "Mozilla/5.0 (Linux; Android 8.1.0; COL-AL10 Build/HUAWEICOL-AL10; wv) AppleWebKit/537.36 (KHTML, like Gecko) Version/4.0 Chrome/66.0.3359.126 Mobile Safari/537.36"
223.104.146.15 - - [14/Aug/2018:09:09:39 +0800] "GET /JLAMPCommon/getCookieJson_prc HTTP/1.1" 200 841 "http://merp.yudo.com.cn:8183/Menu/Menu?formKey=M20180814T090554773" "Mozilla/5.0 (Linux; Android 8.1.0; COL-AL10 Build/HUAWEICOL-AL10; wv) AppleWebKit/537.36 (KHTML, like Gecko) Version/4.0 Chrome/66.0.3359.126 Mobile Safari/537.36"
223.104.146.15 - - [14/Aug/2018:09:09:40 +0800] "GET /third_party/KendoUI/styles/images/kendoui.woff?v=1.1 HTTP/1.1" 200 64184 "http://merp.yudo.com.cn:8183/third_party/KendoUI/styles/kendo.bootstrap.mobile.min.css" "Mozilla/5.0 (Linux; Android 8.1.0; COL-AL10 Build/HUAWEICOL-AL10; wv) AppleWebKit/537.36 (KHTML, like Gecko) Version/4.0 Chrome/66.0.3359.126 Mobile Safari/537.36"
223.104.146.15 - - [14/Aug/2018:09:09:40 +0800] "GET /Menu/doMenuRows_prc?formKey=M20180814T090554773 HTTP/1.1" 200 1622 "http://merp.yudo.com.cn:8183/Menu/Menu?formKey=M20180814T090554773" "Mozilla/5.0 (Linux; Android 8.1.0; COL-AL10 Build/HUAWEICOL-AL10; wv) AppleWebKit/537.36 (KHTML, like Gecko) Version/4.0 Chrome/66.0.3359.126 Mobile Safari/537.36"
223.104.146.15 - - [14/Aug/2018:09:09:40 +0800] "GET /image/menu_allow.png HTTP/1.1" 200 2728 "http://merp.yudo.com.cn:8183/Menu/Menu?formKey=M20180814T090554773" "Mozilla/5.0 (Linux; Android 8.1.0; COL-AL10 Build/HUAWEICOL-AL10; wv) AppleWebKit/537.36 (KHTML, like Gecko) Version/4.0 Chrome/66.0.3359.126 Mobile Safari/537.36"
223.104.146.15 - - [14/Aug/2018:09:09:40 +0800] "GET /image/favicon.ico HTTP/1.1" 404 1506 "http://merp.yudo.com.cn:8183/Menu/Menu?formKey=M20180814T090554773" "Mozilla/5.0 (Linux; Android 8.1.0; COL-AL10 Build/HUAWEICOL-AL10; wv) AppleWebKit/537.36 (KHTML, like Gecko) Version/4.0 Chrome/66.0.3359.126 Mobile Safari/537.36"
::1 - - [14/Aug/2018:09:09:43 +0800] "OPTIONS * HTTP/1.0" 200 - "-" "Apache/2.4.6 (CentOS) PHP/5.6.32 (internal dummy connection)"
223.104.146.15 - - [14/Aug/2018:09:09:44 +0800] "GET /WEI_2100/WEI_2100?formKey=M20180814T090554773&menuSelection=asm HTTP/1.1" 200 87187 "http://merp.yudo.com.cn:8183/Menu/Menu?formKey=M20180814T090554773" "Mozilla/5.0 (Linux; Android 8.1.0; COL-AL10 Build/HUAWEICOL-AL10; wv) AppleWebKit/537.36 (KHTML, like Gecko) Version/4.0 Chrome/66.0.3359.126 Mobile Safari/537.36"
223.104.146.15 - - [14/Aug/2018:09:09:44 +0800] "GET /css/WEI_2100/WEI_2100_Lists.css?v=201806080934 HTTP/1.1" 200 10369 "http://merp.yudo.com.cn:8183/WEI_2100/WEI_2100?formKey=M20180814T090554773&menuSelection=asm" "Mozilla/5.0 (Linux; Android 8.1.0; COL-AL10 Build/HUAWEICOL-AL10; wv) AppleWebKit/537.36 (KHTML, like Gecko) Version/4.0 Chrome/66.0.3359.126 Mobile Safari/537.36"
