180.107.214.142 - - [22/Feb/2018:14:11:08 +0800] "GET /image/favicon.ico HTTP/1.1" 404 1133 "-" "Mozilla/5.0 (Windows NT 6.0; WOW64) AppleWebKit/537.36 (KHTML, like Gecko) Chrome/49.0.2623.221 Safari/537.36 SE 2.X MetaSr 1.0"
180.107.214.142 - - [22/Feb/2018:14:11:09 +0800] "POST /JLAMPCommon/langBatchRows_prc HTTP/1.1" 200 1268 "http://merp.yudo.com.cn:8183/WEI_1400/WEI_1400?formKey=M20180222T140827867&menuSelection=sm" "Mozilla/5.0 (Windows NT 6.0; WOW64) AppleWebKit/537.36 (KHTML, like Gecko) Chrome/49.0.2623.221 Safari/537.36 SE 2.X MetaSr 1.0"
180.107.214.142 - - [22/Feb/2018:14:11:09 +0800] "GET /JLAMPCommon/getCookieJson_prc HTTP/1.1" 200 842 "http://merp.yudo.com.cn:8183/WEI_1400/WEI_1400?formKey=M20180222T140827867&menuSelection=sm" "Mozilla/5.0 (Windows NT 6.0; WOW64) AppleWebKit/537.36 (KHTML, like Gecko) Chrome/49.0.2623.221 Safari/537.36 SE 2.X MetaSr 1.0"
180.107.214.142 - - [22/Feb/2018:14:11:10 +0800] "POST /JLAMPCommon/langRow_prc HTTP/1.1" 200 191 "http://merp.yudo.com.cn:8183/WEI_1400/WEI_1400?formKey=M20180222T140827867&menuSelection=sm" "Mozilla/5.0 (Windows NT 6.0; WOW64) AppleWebKit/537.36 (KHTML, like Gecko) Chrome/49.0.2623.221 Safari/537.36 SE 2.X MetaSr 1.0"
180.107.214.142 - - [22/Feb/2018:14:11:10 +0800] "POST /JLAMPCommon/langRow_prc HTTP/1.1" 200 215 "http://merp.yudo.com.cn:8183/WEI_1400/WEI_1400?formKey=M20180222T140827867&menuSelection=sm" "Mozilla/5.0 (Windows NT 6.0; WOW64) AppleWebKit/537.36 (KHTML, like Gecko) Chrome/49.0.2623.221 Safari/537.36 SE 2.X MetaSr 1.0"
::1 - - [22/Feb/2018:14:11:17 +0800] "OPTIONS * HTTP/1.0" 200 - "-" "Apache/2.4.6 (CentOS) PHP/5.6.32 (internal dummy connection)"
180.107.214.142 - - [22/Feb/2018:14:11:38 +0800] "POST /JLAMPCommon/langRow_prc HTTP/1.1" 200 191 "http://merp.yudo.com.cn:8183/WEI_1400/WEI_1400?formKey=M20180222T140827867&menuSelection=sm" "Mozilla/5.0 (Windows NT 6.0; WOW64) AppleWebKit/537.36 (KHTML, like Gecko) Chrome/49.0.2623.221 Safari/537.36 SE 2.X MetaSr 1.0"
180.107.214.142 - - [22/Feb/2018:14:11:38 +0800] "POST /JLAMPCommon/langRow_prc HTTP/1.1" 200 191 "http://merp.yudo.com.cn:8183/WEI_1400/WEI_1400?formKey=M20180222T140827867&menuSelection=sm" "Mozilla/5.0 (Windows NT 6.0; WOW64) AppleWebKit/537.36 (KHTML, like Gecko) Chrome/49.0.2623.221 Safari/537.36 SE 2.X MetaSr 1.0"
180.107.214.142 - - [22/Feb/2018:14:11:38 +0800] "POST /JLAMPCommon/langRow_prc HTTP/1.1" 200 209 "http://merp.yudo.com.cn:8183/WEI_1400/WEI_1400?formKey=M20180222T140827867&menuSelection=sm" "Mozilla/5.0 (Windows NT 6.0; WOW64) AppleWebKit/537.36 (KHTML, like Gecko) Chrome/49.0.2623.221 Safari/537.36 SE 2.X MetaSr 1.0"
180.107.214.142 - - [22/Feb/2018:14:11:38 +0800] "POST /JLAMPCommon/langRow_prc HTTP/1.1" 200 191 "http://merp.yudo.com.cn:8183/WEI_1400/WEI_1400?formKey=M20180222T140827867&menuSelection=sm" "Mozilla/5.0 (Windows NT 6.0; WOW64) AppleWebKit/537.36 (KHTML, like Gecko) Chrome/49.0.2623.221 Safari/537.36 SE 2.X MetaSr 1.0"
180.107.214.142 - - [22/Feb/2018:14:11:38 +0800] "POST /JLAMPCommon/langRow_prc HTTP/1.1" 200 227 "http://merp.yudo.com.cn:8183/WEI_1400/WEI_1400?formKey=M20180222T140827867&menuSelection=sm" "Mozilla/5.0 (Windows NT 6.0; WOW64) AppleWebKit/537.36 (KHTML, like Gecko) Chrome/49.0.2623.221 Safari/537.36 SE 2.X MetaSr 1.0"
180.107.214.142 - - [22/Feb/2018:14:11:39 +0800] "GET /WEI_1400/WEI_1400/lists_prc?gubun=Y&baseDate=2018-02-22 HTTP/1.1" 200 2090 "http://merp.yudo.com.cn:8183/WEI_1400/WEI_1400?formKey=M20180222T140827867&menuSelection=sm" "Mozilla/5.0 (Windows NT 6.0; WOW64) AppleWebKit/537.36 (KHTML, like Gecko) Chrome/49.0.2623.221 Safari/537.36 SE 2.X MetaSr 1.0"
180.107.214.142 - - [22/Feb/2018:14:11:43 +0800] "POST /JLAMPCommon/langRow_prc HTTP/1.1" 200 191 "http://merp.yudo.com.cn:8183/WEI_1400/WEI_1400?formKey=M20180222T140827867&menuSelection=sm" "Mozilla/5.0 (Windows NT 6.0; WOW64) AppleWebKit/537.36 (KHTML, like Gecko) Chrome/49.0.2623.221 Safari/537.36 SE 2.X MetaSr 1.0"
180.107.214.142 - - [22/Feb/2018:14:11:43 +0800] "POST /JLAMPCommon/langRow_prc HTTP/1.1" 200 209 "http://merp.yudo.com.cn:8183/WEI_1400/WEI_1400?formKey=M20180222T140827867&menuSelection=sm" "Mozilla/5.0 (Windows NT 6.0; WOW64) AppleWebKit/537.36 (KHTML, like Gecko) Chrome/49.0.2623.221 Safari/537.36 SE 2.X MetaSr 1.0"
180.107.214.142 - - [22/Feb/2018:14:11:43 +0800] "POST /JLAMPCommon/langRow_prc HTTP/1.1" 200 254 "http://merp.yudo.com.cn:8183/WEI_1400/WEI_1400?formKey=M20180222T140827867&menuSelection=sm" "Mozilla/5.0 (Windows NT 6.0; WOW64) AppleWebKit/537.36 (KHTML, like Gecko) Chrome/49.0.2623.221 Safari/537.36 SE 2.X MetaSr 1.0"
101.226.33.204 - - [22/Feb/2018:14:11:53 +0800] "GET /?deviceType=mobile&devicePlatform=ios HTTP/1.1" 200 6704 "-" "Mozilla/5.0 (Macintosh; Intel Mac OS X 10_12_4) AppleWebKit/537.36 (KHTML, like Gecko) \t\t\tChrome/55.0.2883.95 Safari/537.36"
101.226.33.204 - - [22/Feb/2018:14:11:53 +0800] "GET /third_party/jquery-2.1.4/jquery.js HTTP/1.1" 200 247606 "http://merp.yudo.com.cn:8183/?deviceType=mobile&devicePlatform=ios" "Mozilla/5.0 (Macintosh; Intel Mac OS X 10_12_4) AppleWebKit/537.36 (KHTML, like Gecko) \t\t\tChrome/55.0.2883.95 Safari/537.36"
101.226.33.204 - - [22/Feb/2018:14:11:53 +0800] "GET /third_party/jquery-ui-1.11.4/jquery-ui.js HTTP/1.1" 200 470596 "http://merp.yudo.com.cn:8183/?deviceType=mobile&devicePlatform=ios" "Mozilla/5.0 (Macintosh; Intel Mac OS X 10_12_4) AppleWebKit/537.36 (KHTML, like Gecko) \t\t\tChrome/55.0.2883.95 Safari/537.36"
61.129.6.151 - - [22/Feb/2018:14:11:54 +0800] "GET /third_party/KendoUI/styles/images/kendoui.woff?v=1.1 HTTP/1.1" 200 64184 "http://merp.yudo.com.cn:8183/third_party/KendoUI/styles/kendo.bootstrap.mobile.min.css" "Mozilla/5.0 (Windows NT 6.1; WOW64; rv:50.0) Gecko/20100101 Firefox/50.0"
101.226.33.204 - - [22/Feb/2018:14:11:54 +0800] "GET /third_party/bootstrap-3.3.5/js/bootstrap.min.js HTTP/1.1" 200 36816 "http://merp.yudo.com.cn:8183/?deviceType=mobile&devicePlatform=ios" "Mozilla/5.0 (Windows NT 6.1; WOW64; rv:50.0) Gecko/20100101 Firefox/50.0"
101.226.33.204 - - [22/Feb/2018:14:11:54 +0800] "GET /third_party/bootstrap-datetimepicker/js/bootstrap-datetimepicker.js HTTP/1.1" 200 67526 "http://merp.yudo.com.cn:8183/?deviceType=mobile&devicePlatform=ios" "Mozilla/5.0 (Windows NT 6.1; WOW64; rv:50.0) Gecko/20100101 Firefox/50.0"
101.226.33.204 - - [22/Feb/2018:14:11:54 +0800] "GET /third_party/bootstrap-datetimepicker/js/locales/bootstrap-datetimepicker.ko.js HTTP/1.1" 200 765 "http://merp.yudo.com.cn:8183/?deviceType=mobile&devicePlatform=ios" "Mozilla/5.0 (Windows NT 6.1; WOW64; rv:50.0) Gecko/20100101 Firefox/50.0"
180.107.214.142 - - [22/Feb/2018:14:11:54 +0800] "POST /JLAMPCommon/setFormAccessLog_prc HTTP/1.1" 200 75 "http://merp.yudo.com.cn:8183/WEI_1400/WEI_1400?formKey=M20180222T140827867&menuSelection=sm" "Mozilla/5.0 (Windows NT 6.0; WOW64) AppleWebKit/537.36 (KHTML, like Gecko) Chrome/49.0.2623.221 Safari/537.36 SE 2.X MetaSr 1.0"
101.226.33.204 - - [22/Feb/2018:14:11:54 +0800] "GET /third_party/KendoUI/js/kendo.all.min.js HTTP/1.1" 200 3038548 "http://merp.yudo.com.cn:8183/?deviceType=mobile&devicePlatform=ios" "Mozilla/5.0 (Windows NT 6.1; WOW64; Trident/7.0; SLCC2; .NET CLR 2.0.50727; .NET CLR 3.5.30729; .NET CLR 3.0.30729; Media Center PC 6.0; .NET4.0C; .NET4.0E; InfoPath.3; rv:11.0) like Gecko"
101.226.33.204 - - [22/Feb/2018:14:11:54 +0800] "GET /third_party/loading-overlay/waitMe.js HTTP/1.1" 200 8583 "http://merp.yudo.com.cn:8183/?deviceType=mobile&devicePlatform=ios" "Mozilla/5.0 (Windows NT 6.1; WOW64) AppleWebKit/537.36 (KHTML, like Gecko) Chrome/45.0.2454.101 Safari/537.36"
101.226.33.204 - - [22/Feb/2018:14:11:54 +0800] "GET /third_party/slideout-1.0.1/slideout.js HTTP/1.1" 200 37980 "http://merp.yudo.com.cn:8183/?deviceType=mobile&devicePlatform=ios" "Mozilla/5.0 (Windows NT 6.1; WOW64) AppleWebKit/537.36 (KHTML, like Gecko) Chrome/45.0.2454.101 Safari/537.36"
180.107.214.142 - - [22/Feb/2018:14:11:54 +0800] "POST /main/logout_prc HTTP/1.1" 200 44 "http://merp.yudo.com.cn:8183/WEI_1400/WEI_1400?formKey=M20180222T140827867&menuSelection=sm" "Mozilla/5.0 (Windows NT 6.0; WOW64) AppleWebKit/537.36 (KHTML, like Gecko) Chrome/49.0.2623.221 Safari/537.36 SE 2.X MetaSr 1.0"
101.226.33.204 - - [22/Feb/2018:14:11:55 +0800] "GET /js/JLAMP.polyfill.min.js HTTP/1.1" 200 361 "http://merp.yudo.com.cn:8183/?deviceType=mobile&devicePlatform=ios" "Mozilla/5.0 (Windows NT 6.1; WOW64) AppleWebKit/537.36 (KHTML, like Gecko) Chrome/45.0.2454.101 Safari/537.36"
101.226.33.203 - - [22/Feb/2018:14:11:55 +0800] "GET /JLAMPCommon/getCookieJson_prc HTTP/1.1" 200 62 "http://merp.yudo.com.cn:8183/?deviceType=mobile&devicePlatform=ios" "Mozilla/5.0 (Windows NT 6.1; WOW64) AppleWebKit/537.36 (KHTML, like Gecko) Chrome/56.0.2924.87 Safari/537.36"
101.226.33.204 - - [22/Feb/2018:14:11:55 +0800] "GET /js/JLAMP.min.js HTTP/1.1" 200 1461 "http://merp.yudo.com.cn:8183/?deviceType=mobile&devicePlatform=ios" "Mozilla/5.0 (Windows NT 6.1; WOW64) AppleWebKit/537.36 (KHTML, like Gecko) Chrome/53.0.2785.104 Safari/537.36 Core/1.53.2141.400 QQBrowser/9.5.10219.400"
180.107.214.142 - - [22/Feb/2018:14:11:55 +0800] "GET /?deviceType=mobile&devicePlatform=ios HTTP/1.1" 200 6721 "http://merp.yudo.com.cn:8183/WEI_1400/WEI_1400?formKey=M20180222T140827867&menuSelection=sm" "Mozilla/5.0 (Windows NT 6.0; WOW64) AppleWebKit/537.36 (KHTML, like Gecko) Chrome/49.0.2623.221 Safari/537.36 SE 2.X MetaSr 1.0"
101.226.33.204 - - [22/Feb/2018:14:11:55 +0800] "GET /js/JLAMP.common.min.js HTTP/1.1" 200 9705 "http://merp.yudo.com.cn:8183/?deviceType=mobile&devicePlatform=ios" "Mozilla/5.0 (Windows NT 6.1; WOW64) AppleWebKit/537.36 (KHTML, like Gecko) Chrome/43.0.2357.124 Safari/537.36"
180.107.214.142 - - [22/Feb/2018:14:11:55 +0800] "GET /image/favicon.ico HTTP/1.1" 404 1133 "-" "Mozilla/5.0 (Windows NT 6.0; WOW64) AppleWebKit/537.36 (KHTML, like Gecko) Chrome/49.0.2623.221 Safari/537.36 SE 2.X MetaSr 1.0"
101.226.33.204 - - [22/Feb/2018:14:11:55 +0800] "GET /js/JLAMP.menu.min.js HTTP/1.1" 200 6519 "http://merp.yudo.com.cn:8183/?deviceType=mobile&devicePlatform=ios" "Mozilla/5.0 (Windows NT 6.1; WOW64) AppleWebKit/537.36 (KHTML, like Gecko) Chrome/53.0.2785.104 Safari/537.36 Core/1.53.2141.400 QQBrowser/9.5.10219.400"
101.226.33.204 - - [22/Feb/2018:14:11:55 +0800] "GET /js/JLAMP.autobinding.min.js HTTP/1.1" 200 8816 "http://merp.yudo.com.cn:8183/?deviceType=mobile&devicePlatform=ios" "Mozilla/5.0 (Windows NT 6.1; WOW64) AppleWebKit/537.36 (KHTML, like Gecko) Chrome/56.0.2924.87 Safari/537.36"
101.226.33.204 - - [22/Feb/2018:14:11:55 +0800] "GET /js/JLAMP.modal.min.js HTTP/1.1" 200 16516 "http://merp.yudo.com.cn:8183/?deviceType=mobile&devicePlatform=ios" "Mozilla/5.0 (Windows NT 6.1; WOW64) AppleWebKit/537.36 (KHTML, like Gecko) Chrome/53.0.2785.104 Safari/537.36 Core/1.53.2141.400 QQBrowser/9.5.10219.400"
101.226.33.204 - - [22/Feb/2018:14:11:55 +0800] "GET /js/JLAMP.lang.min.js HTTP/1.1" 200 1750 "http://merp.yudo.com.cn:8183/?deviceType=mobile&devicePlatform=ios" "Mozilla/5.0 (Windows NT 6.1; WOW64) AppleWebKit/537.36 (KHTML, like Gecko) Chrome/43.0.2357.124 Safari/537.36"
101.226.33.204 - - [22/Feb/2018:14:11:55 +0800] "GET /js/session.js HTTP/1.1" 200 638 "http://merp.yudo.com.cn:8183/?deviceType=mobile&devicePlatform=ios" "Mozilla/5.0 (Windows NT 6.1; WOW64) AppleWebKit/537.36 (KHTML, like Gecko) Chrome/45.0.2454.101 Safari/537.36"
101.226.33.204 - - [22/Feb/2018:14:11:55 +0800] "GET /js/version.js HTTP/1.1" 200 1044 "http://merp.yudo.com.cn:8183/?deviceType=mobile&devicePlatform=ios" "Mozilla/5.0 (Windows NT 6.1; WOW64) AppleWebKit/537.36 (KHTML, like Gecko) Chrome/43.0.2357.124 Safari/537.36"
101.226.33.204 - - [22/Feb/2018:14:11:55 +0800] "GET /js/common.js HTTP/1.1" 200 11633 "http://merp.yudo.com.cn:8183/?deviceType=mobile&devicePlatform=ios" "Mozilla/5.0 (Macintosh; Intel Mac OS X 10_12_4) AppleWebKit/537.36 (KHTML, like Gecko) \t\t\tChrome/55.0.2883.95 Safari/537.36"
101.226.33.204 - - [22/Feb/2018:14:11:56 +0800] "GET /js/GNB.js HTTP/1.1" 200 2176 "http://merp.yudo.com.cn:8183/?deviceType=mobile&devicePlatform=ios" "Mozilla/5.0 (Macintosh; Intel Mac OS X 10_12_4) AppleWebKit/537.36 (KHTML, like Gecko) \t\t\tChrome/55.0.2883.95 Safari/537.36"
61.151.178.177 - - [22/Feb/2018:14:11:56 +0800] "GET /third_party/KendoUI/styles/fonts/glyphs/WebComponentsIcons.ttf?gedxeo HTTP/1.1" 200 96108 "http://merp.yudo.com.cn:8183/third_party/KendoUI/styles/kendo.common.min.css" "Mozilla/5.0 (Windows NT 6.1; WOW64; rv:50.0) Gecko/20100101 Firefox/50.0"
101.226.33.204 - - [22/Feb/2018:14:11:56 +0800] "GET /js/login.js HTTP/1.1" 200 7593 "http://merp.yudo.com.cn:8183/?deviceType=mobile&devicePlatform=ios" "Mozilla/5.0 (Windows NT 6.1; WOW64; Trident/7.0; SLCC2; .NET CLR 2.0.50727; .NET CLR 3.5.30729; .NET CLR 3.0.30729; Media Center PC 6.0; .NET4.0C; .NET4.0E; InfoPath.3; rv:11.0) like Gecko"
180.107.214.142 - - [22/Feb/2018:14:11:56 +0800] "GET /JLAMPCommon/getCookieJson_prc HTTP/1.1" 200 62 "http://merp.yudo.com.cn:8183/?deviceType=mobile&devicePlatform=ios" "Mozilla/5.0 (Windows NT 6.0; WOW64) AppleWebKit/537.36 (KHTML, like Gecko) Chrome/49.0.2623.221 Safari/537.36 SE 2.X MetaSr 1.0"
121.51.32.144 - - [22/Feb/2018:14:12:00 +0800] "GET / HTTP/1.1" 200 41 "70BCD0E5135E103323180.107.214.142" "Mozilla/5.0 (Windows NT 6.1; WOW64) AppleWebKit/537.36 (KHTML, like Gecko) Chrome/56.0.2924.87 Safari/537.36"
180.107.214.142 - - [22/Feb/2018:14:12:02 +0800] "POST /main/login_prc HTTP/1.1" 200 44 "http://merp.yudo.com.cn:8183/?deviceType=mobile&devicePlatform=ios" "Mozilla/5.0 (Windows NT 6.0; WOW64) AppleWebKit/537.36 (KHTML, like Gecko) Chrome/49.0.2623.221 Safari/537.36 SE 2.X MetaSr 1.0"
180.107.214.142 - - [22/Feb/2018:14:12:02 +0800] "POST /main/checkMenuAuth_prc HTTP/1.1" 200 44 "http://merp.yudo.com.cn:8183/?deviceType=mobile&devicePlatform=ios" "Mozilla/5.0 (Windows NT 6.0; WOW64) AppleWebKit/537.36 (KHTML, like Gecko) Chrome/49.0.2623.221 Safari/537.36 SE 2.X MetaSr 1.0"
180.107.214.142 - - [22/Feb/2018:14:12:02 +0800] "POST / HTTP/1.1" 302 149 "http://merp.yudo.com.cn:8183/?deviceType=mobile&devicePlatform=ios" "Mozilla/5.0 (Windows NT 6.0; WOW64) AppleWebKit/537.36 (KHTML, like Gecko) Chrome/49.0.2623.221 Safari/537.36 SE 2.X MetaSr 1.0"
180.107.214.142 - - [22/Feb/2018:14:12:02 +0800] "POST / HTTP/1.1" 302 149 "http://merp.yudo.com.cn:8183/?deviceType=mobile&devicePlatform=ios" "Mozilla/5.0 (Windows NT 6.0; WOW64) AppleWebKit/537.36 (KHTML, like Gecko) Chrome/49.0.2623.221 Safari/537.36 SE 2.X MetaSr 1.0"
180.107.214.142 - - [22/Feb/2018:14:12:02 +0800] "GET /Menu/Menu?formKey=M20180222T140927757 HTTP/1.1" 200 5247 "http://merp.yudo.com.cn:8183/?deviceType=mobile&devicePlatform=ios" "Mozilla/5.0 (Windows NT 6.0; WOW64) AppleWebKit/537.36 (KHTML, like Gecko) Chrome/49.0.2623.221 Safari/537.36 SE 2.X MetaSr 1.0"
180.107.214.142 - - [22/Feb/2018:14:12:03 +0800] "GET /third_party/bootstrap-datetimepicker/js/locales/bootstrap-datetimepicker.zh-CN.js HTTP/1.1" 200 813 "http://merp.yudo.com.cn:8183/Menu/Menu?formKey=M20180222T140927757" "Mozilla/5.0 (Windows NT 6.0; WOW64) AppleWebKit/537.36 (KHTML, like Gecko) Chrome/49.0.2623.221 Safari/537.36 SE 2.X MetaSr 1.0"
180.107.214.142 - - [22/Feb/2018:14:12:03 +0800] "GET /image/favicon.ico HTTP/1.1" 404 1133 "-" "Mozilla/5.0 (Windows NT 6.0; WOW64) AppleWebKit/537.36 (KHTML, like Gecko) Chrome/49.0.2623.221 Safari/537.36 SE 2.X MetaSr 1.0"
120.204.17.68 - - [22/Feb/2018:14:12:03 +0800] "GET /menu/menu HTTP/1.1" 404 1133 "70BCD0E5135E103323180.107.214.142" "Mozilla/5.0 (Windows NT 6.1; WOW64) AppleWebKit/537.36 (KHTML, like Gecko) Chrome/45.0.2454.101 Safari/537.36"
61.129.6.69 - - [22/Feb/2018:14:12:03 +0800] "GET /Menu/Menu?formKey=M20180222T140827867 HTTP/1.1" 200 5244 "http://merp.yudo.com.cn:8183/?deviceType=mobile&devicePlatform=ios" "Mozilla/5.0 (Windows NT 6.1; WOW64; rv:50.0) Gecko/20100101 Firefox/50.0"
61.129.6.69 - - [22/Feb/2018:14:12:03 +0800] "GET /third_party/jquery-2.1.4/jquery.js HTTP/1.1" 200 247606 "http://merp.yudo.com.cn:8183/Menu/Menu?formKey=M20180222T140827867" "Mozilla/5.0 (Windows NT 6.1; WOW64; rv:50.0) Gecko/20100101 Firefox/50.0"
61.129.10.43 - - [22/Feb/2018:14:12:04 +0800] "GET /Menu/doMenuRows_prc?formKey=M20180222T140827867 HTTP/1.1" 200 44 "http://merp.yudo.com.cn:8183/Menu/Menu?formKey=M20180222T140827867" "Mozilla/5.0 (Windows NT 6.1; WOW64) AppleWebKit/537.36 (KHTML, like Gecko) Chrome/56.0.2924.87 Safari/537.36"
180.107.214.142 - - [22/Feb/2018:14:12:04 +0800] "POST /JLAMPCommon/langBatchRows_prc HTTP/1.1" 200 571 "http://merp.yudo.com.cn:8183/Menu/Menu?formKey=M20180222T140927757" "Mozilla/5.0 (Windows NT 6.0; WOW64) AppleWebKit/537.36 (KHTML, like Gecko) Chrome/49.0.2623.221 Safari/537.36 SE 2.X MetaSr 1.0"
180.107.214.142 - - [22/Feb/2018:14:12:04 +0800] "GET /JLAMPCommon/getCookieJson_prc HTTP/1.1" 200 842 "http://merp.yudo.com.cn:8183/Menu/Menu?formKey=M20180222T140927757" "Mozilla/5.0 (Windows NT 6.0; WOW64) AppleWebKit/537.36 (KHTML, like Gecko) Chrome/49.0.2623.221 Safari/537.36 SE 2.X MetaSr 1.0"
61.129.6.69 - - [22/Feb/2018:14:12:04 +0800] "GET /third_party/jquery-ui-1.11.4/jquery-ui.js HTTP/1.1" 200 470596 "http://merp.yudo.com.cn:8183/Menu/Menu?formKey=M20180222T140827867" "Mozilla/5.0 (Windows NT 6.1; WOW64; rv:50.0) Gecko/20100101 Firefox/50.0"
180.107.214.142 - - [22/Feb/2018:14:12:04 +0800] "GET /Menu/doMenuRows_prc?formKey=M20180222T140927757 HTTP/1.1" 200 1226 "http://merp.yudo.com.cn:8183/Menu/Menu?formKey=M20180222T140927757" "Mozilla/5.0 (Windows NT 6.0; WOW64) AppleWebKit/537.36 (KHTML, like Gecko) Chrome/49.0.2623.221 Safari/537.36 SE 2.X MetaSr 1.0"
61.129.6.69 - - [22/Feb/2018:14:12:04 +0800] "GET /third_party/bootstrap-3.3.5/js/bootstrap.min.js HTTP/1.1" 200 36816 "http://merp.yudo.com.cn:8183/Menu/Menu?formKey=M20180222T140827867" "Mozilla/5.0 (Windows NT 6.1; WOW64) AppleWebKit/537.36 (KHTML, like Gecko) Chrome/53.0.2785.104 Safari/537.36 Core/1.53.2141.400 QQBrowser/9.5.10219.400"
61.129.6.69 - - [22/Feb/2018:14:12:04 +0800] "GET /third_party/bootstrap-datetimepicker/js/bootstrap-datetimepicker.js HTTP/1.1" 200 67526 "http://merp.yudo.com.cn:8183/Menu/Menu?formKey=M20180222T140827867" "Mozilla/5.0 (Windows NT 6.1; WOW64) AppleWebKit/537.36 (KHTML, like Gecko) Chrome/45.0.2454.101 Safari/537.36"
61.129.6.69 - - [22/Feb/2018:14:12:05 +0800] "GET /third_party/bootstrap-datetimepicker/js/locales/bootstrap-datetimepicker.ko.js HTTP/1.1" 200 765 "http://merp.yudo.com.cn:8183/Menu/Menu?formKey=M20180222T140827867" "Mozilla/5.0 (Windows NT 6.1; WOW64; rv:50.0) Gecko/20100101 Firefox/50.0"
61.129.6.69 - - [22/Feb/2018:14:12:05 +0800] "GET /third_party/KendoUI/js/kendo.all.min.js HTTP/1.1" 200 3038548 "http://merp.yudo.com.cn:8183/Menu/Menu?formKey=M20180222T140827867" "Mozilla/5.0 (Windows NT 6.1; WOW64; rv:50.0) Gecko/20100101 Firefox/50.0"
61.129.6.69 - - [22/Feb/2018:14:12:05 +0800] "GET /third_party/loading-overlay/waitMe.js HTTP/1.1" 200 8583 "http://merp.yudo.com.cn:8183/Menu/Menu?formKey=M20180222T140827867" "Mozilla/5.0 (Windows NT 6.1; WOW64) AppleWebKit/537.36 (KHTML, like Gecko) Chrome/45.0.2454.101 Safari/537.36"
61.129.6.69 - - [22/Feb/2018:14:12:05 +0800] "GET /third_party/slideout-1.0.1/slideout.js HTTP/1.1" 200 37980 "http://merp.yudo.com.cn:8183/Menu/Menu?formKey=M20180222T140827867" "Mozilla/5.0 (Windows NT 6.1; WOW64) AppleWebKit/537.36 (KHTML, like Gecko) Chrome/45.0.2454.101 Safari/537.36"
61.129.6.69 - - [22/Feb/2018:14:12:06 +0800] "GET /js/JLAMP.polyfill.min.js HTTP/1.1" 200 361 "http://merp.yudo.com.cn:8183/Menu/Menu?formKey=M20180222T140827867" "Mozilla/5.0 (Windows NT 6.1; WOW64; rv:50.0) Gecko/20100101 Firefox/50.0"
61.129.6.69 - - [22/Feb/2018:14:12:06 +0800] "GET /js/JLAMP.min.js HTTP/1.1" 200 1461 "http://merp.yudo.com.cn:8183/Menu/Menu?formKey=M20180222T140827867" "Mozilla/5.0 (Windows NT 6.1; WOW64) AppleWebKit/537.36 (KHTML, like Gecko) Chrome/43.0.2357.124 Safari/537.36"
61.129.6.69 - - [22/Feb/2018:14:12:06 +0800] "GET /js/JLAMP.common.min.js HTTP/1.1" 200 9705 "http://merp.yudo.com.cn:8183/Menu/Menu?formKey=M20180222T140827867" "Mozilla/5.0 (Windows NT 6.1; WOW64) AppleWebKit/537.36 (KHTML, like Gecko) Chrome/56.0.2924.87 Safari/537.36"
61.129.6.69 - - [22/Feb/2018:14:12:06 +0800] "GET /js/JLAMP.menu.min.js HTTP/1.1" 200 6519 "http://merp.yudo.com.cn:8183/Menu/Menu?formKey=M20180222T140827867" "Mozilla/5.0 (Windows NT 6.1; WOW64; Trident/7.0; SLCC2; .NET CLR 2.0.50727; .NET CLR 3.5.30729; .NET CLR 3.0.30729; Media Center PC 6.0; .NET4.0C; .NET4.0E; InfoPath.3; rv:11.0) like Gecko"
61.129.6.69 - - [22/Feb/2018:14:12:06 +0800] "GET /js/JLAMP.autobinding.min.js HTTP/1.1" 200 8816 "http://merp.yudo.com.cn:8183/Menu/Menu?formKey=M20180222T140827867" "Mozilla/5.0 (Windows NT 6.1; WOW64) AppleWebKit/537.36 (KHTML, like Gecko) Chrome/43.0.2357.124 Safari/537.36"
61.129.6.69 - - [22/Feb/2018:14:12:06 +0800] "GET /js/JLAMP.modal.min.js HTTP/1.1" 200 16516 "http://merp.yudo.com.cn:8183/Menu/Menu?formKey=M20180222T140827867" "Mozilla/5.0 (Windows NT 6.1; WOW64) AppleWebKit/537.36 (KHTML, like Gecko) Chrome/43.0.2357.124 Safari/537.36"
61.129.6.69 - - [22/Feb/2018:14:12:06 +0800] "GET /js/JLAMP.lang.min.js HTTP/1.1" 200 1750 "http://merp.yudo.com.cn:8183/Menu/Menu?formKey=M20180222T140827867" "Mozilla/5.0 (Windows NT 6.1; WOW64; Trident/7.0; SLCC2; .NET CLR 2.0.50727; .NET CLR 3.5.30729; .NET CLR 3.0.30729; Media Center PC 6.0; .NET4.0C; .NET4.0E; InfoPath.3; rv:11.0) like Gecko"
61.129.6.69 - - [22/Feb/2018:14:12:07 +0800] "GET /js/session.js HTTP/1.1" 200 638 "http://merp.yudo.com.cn:8183/Menu/Menu?formKey=M20180222T140827867" "Mozilla/5.0 (Windows NT 6.1; WOW64; Trident/7.0; SLCC2; .NET CLR 2.0.50727; .NET CLR 3.5.30729; .NET CLR 3.0.30729; Media Center PC 6.0; .NET4.0C; .NET4.0E; InfoPath.3; rv:11.0) like Gecko"
180.107.214.142 - - [22/Feb/2018:14:12:07 +0800] "GET /WEI_1400/WEI_1400?formKey=M20180222T140927757&menuSelection=sm HTTP/1.1" 200 7200 "http://merp.yudo.com.cn:8183/Menu/Menu?formKey=M20180222T140927757" "Mozilla/5.0 (Windows NT 6.0; WOW64) AppleWebKit/537.36 (KHTML, like Gecko) Chrome/49.0.2623.221 Safari/537.36 SE 2.X MetaSr 1.0"
180.107.214.142 - - [22/Feb/2018:14:12:07 +0800] "GET /image/favicon.ico HTTP/1.1" 404 1133 "-" "Mozilla/5.0 (Windows NT 6.0; WOW64) AppleWebKit/537.36 (KHTML, like Gecko) Chrome/49.0.2623.221 Safari/537.36 SE 2.X MetaSr 1.0"
61.129.6.69 - - [22/Feb/2018:14:12:07 +0800] "GET /js/version.js HTTP/1.1" 200 1044 "http://merp.yudo.com.cn:8183/Menu/Menu?formKey=M20180222T140827867" "Mozilla/5.0 (Windows NT 6.1; WOW64) AppleWebKit/537.36 (KHTML, like Gecko) Chrome/56.0.2924.87 Safari/537.36"
61.129.6.69 - - [22/Feb/2018:14:12:07 +0800] "GET /js/common.js HTTP/1.1" 200 11633 "http://merp.yudo.com.cn:8183/Menu/Menu?formKey=M20180222T140827867" "Mozilla/5.0 (Windows NT 6.1; WOW64) AppleWebKit/537.36 (KHTML, like Gecko) Chrome/43.0.2357.124 Safari/537.36"
61.129.6.69 - - [22/Feb/2018:14:12:07 +0800] "GET /js/GNB.js HTTP/1.1" 200 2176 "http://merp.yudo.com.cn:8183/Menu/Menu?formKey=M20180222T140827867" "Mozilla/5.0 (Windows NT 6.1; WOW64; rv:50.0) Gecko/20100101 Firefox/50.0"
61.129.6.69 - - [22/Feb/2018:14:12:07 +0800] "GET /js/Menu/Menu.js HTTP/1.1" 200 1627 "http://merp.yudo.com.cn:8183/Menu/Menu?formKey=M20180222T140827867" "Mozilla/5.0 (Windows NT 6.1; WOW64) AppleWebKit/537.36 (KHTML, like Gecko) Chrome/45.0.2454.101 Safari/537.36"
61.151.218.119 - - [22/Feb/2018:14:12:08 +0800] "GET /WEI_1400/WEI_1400?formKey=M20180222T140827867&menuSelection=sm HTTP/1.1" 200 7197 "http://merp.yudo.com.cn:8183/Menu/Menu?formKey=M20180222T140827867" "Mozilla/5.0 (Windows NT 6.1; WOW64; Trident/7.0; SLCC2; .NET CLR 2.0.50727; .NET CLR 3.5.30729; .NET CLR 3.0.30729; Media Center PC 6.0; .NET4.0C; .NET4.0E; InfoPath.3; rv:11.0) like Gecko"
180.107.214.142 - - [22/Feb/2018:14:12:08 +0800] "POST /JLAMPCommon/langBatchRows_prc HTTP/1.1" 200 1280 "http://merp.yudo.com.cn:8183/WEI_1400/WEI_1400?formKey=M20180222T140927757&menuSelection=sm" "Mozilla/5.0 (Windows NT 6.0; WOW64) AppleWebKit/537.36 (KHTML, like Gecko) Chrome/49.0.2623.221 Safari/537.36 SE 2.X MetaSr 1.0"
180.107.214.142 - - [22/Feb/2018:14:12:08 +0800] "GET /JLAMPCommon/getCookieJson_prc HTTP/1.1" 200 842 "http://merp.yudo.com.cn:8183/WEI_1400/WEI_1400?formKey=M20180222T140927757&menuSelection=sm" "Mozilla/5.0 (Windows NT 6.0; WOW64) AppleWebKit/537.36 (KHTML, like Gecko) Chrome/49.0.2623.221 Safari/537.36 SE 2.X MetaSr 1.0"
61.151.218.119 - - [22/Feb/2018:14:12:08 +0800] "GET /third_party/jquery-2.1.4/jquery.js HTTP/1.1" 200 247606 "http://merp.yudo.com.cn:8183/WEI_1400/WEI_1400?formKey=M20180222T140827867&menuSelection=sm" "Mozilla/5.0 (Windows NT 6.1; WOW64) AppleWebKit/537.36 (KHTML, like Gecko) Chrome/56.0.2924.87 Safari/537.36"
180.107.214.142 - - [22/Feb/2018:14:12:08 +0800] "POST /JLAMPCommon/langRow_prc HTTP/1.1" 200 191 "http://merp.yudo.com.cn:8183/WEI_1400/WEI_1400?formKey=M20180222T140927757&menuSelection=sm" "Mozilla/5.0 (Windows NT 6.0; WOW64) AppleWebKit/537.36 (KHTML, like Gecko) Chrome/49.0.2623.221 Safari/537.36 SE 2.X MetaSr 1.0"
180.107.214.142 - - [22/Feb/2018:14:12:08 +0800] "POST /JLAMPCommon/langRow_prc HTTP/1.1" 200 203 "http://merp.yudo.com.cn:8183/WEI_1400/WEI_1400?formKey=M20180222T140927757&menuSelection=sm" "Mozilla/5.0 (Windows NT 6.0; WOW64) AppleWebKit/537.36 (KHTML, like Gecko) Chrome/49.0.2623.221 Safari/537.36 SE 2.X MetaSr 1.0"
61.151.218.119 - - [22/Feb/2018:14:12:09 +0800] "GET /third_party/jquery-ui-1.11.4/jquery-ui.js HTTP/1.1" 200 470596 "http://merp.yudo.com.cn:8183/WEI_1400/WEI_1400?formKey=M20180222T140827867&menuSelection=sm" "Mozilla/5.0 (Windows NT 6.1; WOW64) AppleWebKit/537.36 (KHTML, like Gecko) Chrome/43.0.2357.124 Safari/537.36"
61.151.218.119 - - [22/Feb/2018:14:12:09 +0800] "GET /third_party/bootstrap-3.3.5/js/bootstrap.min.js HTTP/1.1" 200 36816 "http://merp.yudo.com.cn:8183/WEI_1400/WEI_1400?formKey=M20180222T140827867&menuSelection=sm" "Mozilla/5.0 (Windows NT 6.1; WOW64) AppleWebKit/537.36 (KHTML, like Gecko) Chrome/56.0.2924.87 Safari/537.36"
61.151.218.119 - - [22/Feb/2018:14:12:09 +0800] "GET /third_party/bootstrap-datetimepicker/js/bootstrap-datetimepicker.js HTTP/1.1" 200 67526 "http://merp.yudo.com.cn:8183/WEI_1400/WEI_1400?formKey=M20180222T140827867&menuSelection=sm" "Mozilla/5.0 (Windows NT 6.1; WOW64; Trident/7.0; SLCC2; .NET CLR 2.0.50727; .NET CLR 3.5.30729; .NET CLR 3.0.30729; Media Center PC 6.0; .NET4.0C; .NET4.0E; InfoPath.3; rv:11.0) like Gecko"
61.151.218.119 - - [22/Feb/2018:14:12:10 +0800] "GET /third_party/bootstrap-datetimepicker/js/locales/bootstrap-datetimepicker.ko.js HTTP/1.1" 200 765 "http://merp.yudo.com.cn:8183/WEI_1400/WEI_1400?formKey=M20180222T140827867&menuSelection=sm" "Mozilla/5.0 (Windows NT 6.1; WOW64) AppleWebKit/537.36 (KHTML, like Gecko) Chrome/53.0.2785.104 Safari/537.36 Core/1.53.2141.400 QQBrowser/9.5.10219.400"
61.151.218.119 - - [22/Feb/2018:14:12:10 +0800] "GET /third_party/KendoUI/js/kendo.all.min.js HTTP/1.1" 200 3038548 "http://merp.yudo.com.cn:8183/WEI_1400/WEI_1400?formKey=M20180222T140827867&menuSelection=sm" "Mozilla/5.0 (Macintosh; Intel Mac OS X 10_12_4) AppleWebKit/537.36 (KHTML, like Gecko) \t\t\tChrome/55.0.2883.95 Safari/537.36"
61.151.218.119 - - [22/Feb/2018:14:12:10 +0800] "GET /third_party/loading-overlay/waitMe.js HTTP/1.1" 200 8583 "http://merp.yudo.com.cn:8183/WEI_1400/WEI_1400?formKey=M20180222T140827867&menuSelection=sm" "Mozilla/5.0 (Macintosh; Intel Mac OS X 10_12_4) AppleWebKit/537.36 (KHTML, like Gecko) \t\t\tChrome/55.0.2883.95 Safari/537.36"
61.151.218.119 - - [22/Feb/2018:14:12:10 +0800] "GET /third_party/slideout-1.0.1/slideout.js HTTP/1.1" 200 37980 "http://merp.yudo.com.cn:8183/WEI_1400/WEI_1400?formKey=M20180222T140827867&menuSelection=sm" "Mozilla/5.0 (Windows NT 6.1; WOW64) AppleWebKit/537.36 (KHTML, like Gecko) Chrome/45.0.2454.101 Safari/537.36"
61.151.218.119 - - [22/Feb/2018:14:12:10 +0800] "GET /js/JLAMP.polyfill.min.js HTTP/1.1" 200 361 "http://merp.yudo.com.cn:8183/WEI_1400/WEI_1400?formKey=M20180222T140827867&menuSelection=sm" "Mozilla/5.0 (Windows NT 6.1; WOW64) AppleWebKit/537.36 (KHTML, like Gecko) Chrome/53.0.2785.104 Safari/537.36 Core/1.53.2141.400 QQBrowser/9.5.10219.400"
61.151.218.119 - - [22/Feb/2018:14:12:10 +0800] "GET /js/JLAMP.min.js HTTP/1.1" 200 1461 "http://merp.yudo.com.cn:8183/WEI_1400/WEI_1400?formKey=M20180222T140827867&menuSelection=sm" "Mozilla/5.0 (Windows NT 6.1; WOW64) AppleWebKit/537.36 (KHTML, like Gecko) Chrome/45.0.2454.101 Safari/537.36"
61.151.218.119 - - [22/Feb/2018:14:12:11 +0800] "GET /js/JLAMP.common.min.js HTTP/1.1" 200 9705 "http://merp.yudo.com.cn:8183/WEI_1400/WEI_1400?formKey=M20180222T140827867&menuSelection=sm" "Mozilla/5.0 (Macintosh; Intel Mac OS X 10_12_4) AppleWebKit/537.36 (KHTML, like Gecko) \t\t\tChrome/55.0.2883.95 Safari/537.36"
61.151.218.119 - - [22/Feb/2018:14:12:11 +0800] "GET /js/JLAMP.menu.min.js HTTP/1.1" 200 6519 "http://merp.yudo.com.cn:8183/WEI_1400/WEI_1400?formKey=M20180222T140827867&menuSelection=sm" "Mozilla/5.0 (Windows NT 6.1; WOW64) AppleWebKit/537.36 (KHTML, like Gecko) Chrome/45.0.2454.101 Safari/537.36"
61.151.218.119 - - [22/Feb/2018:14:12:11 +0800] "GET /js/JLAMP.autobinding.min.js HTTP/1.1" 200 8816 "http://merp.yudo.com.cn:8183/WEI_1400/WEI_1400?formKey=M20180222T140827867&menuSelection=sm" "Mozilla/5.0 (Windows NT 6.1; WOW64; rv:50.0) Gecko/20100101 Firefox/50.0"
61.151.218.119 - - [22/Feb/2018:14:12:11 +0800] "GET /js/JLAMP.modal.min.js HTTP/1.1" 200 16516 "http://merp.yudo.com.cn:8183/WEI_1400/WEI_1400?formKey=M20180222T140827867&menuSelection=sm" "Mozilla/5.0 (Windows NT 6.1; WOW64) AppleWebKit/537.36 (KHTML, like Gecko) Chrome/43.0.2357.124 Safari/537.36"
61.151.218.119 - - [22/Feb/2018:14:12:11 +0800] "GET /js/JLAMP.lang.min.js HTTP/1.1" 200 1750 "http://merp.yudo.com.cn:8183/WEI_1400/WEI_1400?formKey=M20180222T140827867&menuSelection=sm" "Mozilla/5.0 (Windows NT 6.1; WOW64) AppleWebKit/537.36 (KHTML, like Gecko) Chrome/43.0.2357.124 Safari/537.36"
61.151.218.119 - - [22/Feb/2018:14:12:11 +0800] "GET /js/session.js HTTP/1.1" 200 638 "http://merp.yudo.com.cn:8183/WEI_1400/WEI_1400?formKey=M20180222T140827867&menuSelection=sm" "Mozilla/5.0 (Windows NT 6.1; WOW64; Trident/7.0; SLCC2; .NET CLR 2.0.50727; .NET CLR 3.5.30729; .NET CLR 3.0.30729; Media Center PC 6.0; .NET4.0C; .NET4.0E; InfoPath.3; rv:11.0) like Gecko"
61.151.218.119 - - [22/Feb/2018:14:12:11 +0800] "GET /js/version.js HTTP/1.1" 200 1044 "http://merp.yudo.com.cn:8183/WEI_1400/WEI_1400?formKey=M20180222T140827867&menuSelection=sm" "Mozilla/5.0 (Windows NT 6.1; WOW64) AppleWebKit/537.36 (KHTML, like Gecko) Chrome/43.0.2357.124 Safari/537.36"
61.151.218.119 - - [22/Feb/2018:14:12:11 +0800] "GET /js/common.js HTTP/1.1" 200 11633 "http://merp.yudo.com.cn:8183/WEI_1400/WEI_1400?formKey=M20180222T140827867&menuSelection=sm" "Mozilla/5.0 (Windows NT 6.1; WOW64; rv:50.0) Gecko/20100101 Firefox/50.0"
61.151.218.119 - - [22/Feb/2018:14:12:11 +0800] "GET /js/GNB.js HTTP/1.1" 200 2176 "http://merp.yudo.com.cn:8183/WEI_1400/WEI_1400?formKey=M20180222T140827867&menuSelection=sm" "Mozilla/5.0 (Windows NT 6.1; WOW64) AppleWebKit/537.36 (KHTML, like Gecko) Chrome/43.0.2357.124 Safari/537.36"
61.151.218.119 - - [22/Feb/2018:14:12:11 +0800] "GET /js/WEI_1400/WEI_1400_Lists.js?v=20180205001 HTTP/1.1" 200 10172 "http://merp.yudo.com.cn:8183/WEI_1400/WEI_1400?formKey=M20180222T140827867&menuSelection=sm" "Mozilla/5.0 (Windows NT 6.1; WOW64) AppleWebKit/537.36 (KHTML, like Gecko) Chrome/56.0.2924.87 Safari/537.36"
180.107.214.142 - - [22/Feb/2018:14:12:14 +0800] "POST /JLAMPCommon/langRow_prc HTTP/1.1" 200 191 "http://merp.yudo.com.cn:8183/WEI_1400/WEI_1400?formKey=M20180222T140927757&menuSelection=sm" "Mozilla/5.0 (Windows NT 6.0; WOW64) AppleWebKit/537.36 (KHTML, like Gecko) Chrome/49.0.2623.221 Safari/537.36 SE 2.X MetaSr 1.0"
180.107.214.142 - - [22/Feb/2018:14:12:14 +0800] "POST /JLAMPCommon/langRow_prc HTTP/1.1" 200 191 "http://merp.yudo.com.cn:8183/WEI_1400/WEI_1400?formKey=M20180222T140927757&menuSelection=sm" "Mozilla/5.0 (Windows NT 6.0; WOW64) AppleWebKit/537.36 (KHTML, like Gecko) Chrome/49.0.2623.221 Safari/537.36 SE 2.X MetaSr 1.0"
180.107.214.142 - - [22/Feb/2018:14:12:14 +0800] "POST /JLAMPCommon/langRow_prc HTTP/1.1" 200 191 "http://merp.yudo.com.cn:8183/WEI_1400/WEI_1400?formKey=M20180222T140927757&menuSelection=sm" "Mozilla/5.0 (Windows NT 6.0; WOW64) AppleWebKit/537.36 (KHTML, like Gecko) Chrome/49.0.2623.221 Safari/537.36 SE 2.X MetaSr 1.0"
180.107.214.142 - - [22/Feb/2018:14:12:15 +0800] "POST /JLAMPCommon/langRow_prc HTTP/1.1" 200 191 "http://merp.yudo.com.cn:8183/WEI_1400/WEI_1400?formKey=M20180222T140927757&menuSelection=sm" "Mozilla/5.0 (Windows NT 6.0; WOW64) AppleWebKit/537.36 (KHTML, like Gecko) Chrome/49.0.2623.221 Safari/537.36 SE 2.X MetaSr 1.0"
180.107.214.142 - - [22/Feb/2018:14:12:15 +0800] "POST /JLAMPCommon/langRow_prc HTTP/1.1" 200 227 "http://merp.yudo.com.cn:8183/WEI_1400/WEI_1400?formKey=M20180222T140927757&menuSelection=sm" "Mozilla/5.0 (Windows NT 6.0; WOW64) AppleWebKit/537.36 (KHTML, like Gecko) Chrome/49.0.2623.221 Safari/537.36 SE 2.X MetaSr 1.0"
180.107.214.142 - - [22/Feb/2018:14:12:15 +0800] "GET /WEI_1400/WEI_1400/lists_prc?gubun=M&baseDate=2018-02-22 HTTP/1.1" 200 2069 "http://merp.yudo.com.cn:8183/WEI_1400/WEI_1400?formKey=M20180222T140927757&menuSelection=sm" "Mozilla/5.0 (Windows NT 6.0; WOW64) AppleWebKit/537.36 (KHTML, like Gecko) Chrome/49.0.2623.221 Safari/537.36 SE 2.X MetaSr 1.0"
180.107.214.142 - - [22/Feb/2018:14:12:19 +0800] "POST /JLAMPCommon/langRow_prc HTTP/1.1" 200 191 "http://merp.yudo.com.cn:8183/WEI_1400/WEI_1400?formKey=M20180222T140927757&menuSelection=sm" "Mozilla/5.0 (Windows NT 6.0; WOW64) AppleWebKit/537.36 (KHTML, like Gecko) Chrome/49.0.2623.221 Safari/537.36 SE 2.X MetaSr 1.0"
180.107.214.142 - - [22/Feb/2018:14:12:19 +0800] "POST /JLAMPCommon/langRow_prc HTTP/1.1" 200 209 "http://merp.yudo.com.cn:8183/WEI_1400/WEI_1400?formKey=M20180222T140927757&menuSelection=sm" "Mozilla/5.0 (Windows NT 6.0; WOW64) AppleWebKit/537.36 (KHTML, like Gecko) Chrome/49.0.2623.221 Safari/537.36 SE 2.X MetaSr 1.0"
180.107.214.142 - - [22/Feb/2018:14:12:19 +0800] "POST /JLAMPCommon/langRow_prc HTTP/1.1" 200 254 "http://merp.yudo.com.cn:8183/WEI_1400/WEI_1400?formKey=M20180222T140927757&menuSelection=sm" "Mozilla/5.0 (Windows NT 6.0; WOW64) AppleWebKit/537.36 (KHTML, like Gecko) Chrome/49.0.2623.221 Safari/537.36 SE 2.X MetaSr 1.0"
180.107.214.142 - - [22/Feb/2018:14:12:25 +0800] "GET /third_party/bootstrap-3.3.5/fonts/glyphicons-halflings-regular.woff2 HTTP/1.1" 200 18028 "http://merp.yudo.com.cn:8183/third_party/bootstrap-3.3.5/css/bootstrap.css" "Mozilla/5.0 (Windows NT 6.0; WOW64) AppleWebKit/537.36 (KHTML, like Gecko) Chrome/49.0.2623.221 Safari/537.36 SE 2.X MetaSr 1.0"
180.107.214.142 - - [22/Feb/2018:14:12:29 +0800] "POST /JLAMPCommon/langRow_prc HTTP/1.1" 200 191 "http://merp.yudo.com.cn:8183/WEI_1400/WEI_1400?formKey=M20180222T140927757&menuSelection=sm" "Mozilla/5.0 (Windows NT 6.0; WOW64) AppleWebKit/537.36 (KHTML, like Gecko) Chrome/49.0.2623.221 Safari/537.36 SE 2.X MetaSr 1.0"
180.107.214.142 - - [22/Feb/2018:14:12:29 +0800] "POST /JLAMPCommon/langRow_prc HTTP/1.1" 200 191 "http://merp.yudo.com.cn:8183/WEI_1400/WEI_1400?formKey=M20180222T140927757&menuSelection=sm" "Mozilla/5.0 (Windows NT 6.0; WOW64) AppleWebKit/537.36 (KHTML, like Gecko) Chrome/49.0.2623.221 Safari/537.36 SE 2.X MetaSr 1.0"
180.107.214.142 - - [22/Feb/2018:14:12:29 +0800] "POST /JLAMPCommon/langRow_prc HTTP/1.1" 200 191 "http://merp.yudo.com.cn:8183/WEI_1400/WEI_1400?formKey=M20180222T140927757&menuSelection=sm" "Mozilla/5.0 (Windows NT 6.0; WOW64) AppleWebKit/537.36 (KHTML, like Gecko) Chrome/49.0.2623.221 Safari/537.36 SE 2.X MetaSr 1.0"
180.107.214.142 - - [22/Feb/2018:14:12:29 +0800] "POST /JLAMPCommon/langRow_prc HTTP/1.1" 200 191 "http://merp.yudo.com.cn:8183/WEI_1400/WEI_1400?formKey=M20180222T140927757&menuSelection=sm" "Mozilla/5.0 (Windows NT 6.0; WOW64) AppleWebKit/537.36 (KHTML, like Gecko) Chrome/49.0.2623.221 Safari/537.36 SE 2.X MetaSr 1.0"
180.107.214.142 - - [22/Feb/2018:14:12:29 +0800] "POST /JLAMPCommon/langRow_prc HTTP/1.1" 200 227 "http://merp.yudo.com.cn:8183/WEI_1400/WEI_1400?formKey=M20180222T140927757&menuSelection=sm" "Mozilla/5.0 (Windows NT 6.0; WOW64) AppleWebKit/537.36 (KHTML, like Gecko) Chrome/49.0.2623.221 Safari/537.36 SE 2.X MetaSr 1.0"
180.107.214.142 - - [22/Feb/2018:14:12:29 +0800] "GET /WEI_1400/WEI_1400/lists_prc?gubun=M&baseDate=2018-01-31 HTTP/1.1" 200 2071 "http://merp.yudo.com.cn:8183/WEI_1400/WEI_1400?formKey=M20180222T140927757&menuSelection=sm" "Mozilla/5.0 (Windows NT 6.0; WOW64) AppleWebKit/537.36 (KHTML, like Gecko) Chrome/49.0.2623.221 Safari/537.36 SE 2.X MetaSr 1.0"
180.107.214.142 - - [22/Feb/2018:14:12:31 +0800] "POST /JLAMPCommon/langRow_prc HTTP/1.1" 200 191 "http://merp.yudo.com.cn:8183/WEI_1400/WEI_1400?formKey=M20180222T140927757&menuSelection=sm" "Mozilla/5.0 (Windows NT 6.0; WOW64) AppleWebKit/537.36 (KHTML, like Gecko) Chrome/49.0.2623.221 Safari/537.36 SE 2.X MetaSr 1.0"
180.107.214.142 - - [22/Feb/2018:14:12:31 +0800] "POST /JLAMPCommon/langRow_prc HTTP/1.1" 200 209 "http://merp.yudo.com.cn:8183/WEI_1400/WEI_1400?formKey=M20180222T140927757&menuSelection=sm" "Mozilla/5.0 (Windows NT 6.0; WOW64) AppleWebKit/537.36 (KHTML, like Gecko) Chrome/49.0.2623.221 Safari/537.36 SE 2.X MetaSr 1.0"
180.107.214.142 - - [22/Feb/2018:14:12:31 +0800] "POST /JLAMPCommon/langRow_prc HTTP/1.1" 200 254 "http://merp.yudo.com.cn:8183/WEI_1400/WEI_1400?formKey=M20180222T140927757&menuSelection=sm" "Mozilla/5.0 (Windows NT 6.0; WOW64) AppleWebKit/537.36 (KHTML, like Gecko) Chrome/49.0.2623.221 Safari/537.36 SE 2.X MetaSr 1.0"
61.151.178.171 - - [22/Feb/2018:14:12:39 +0800] "GET /WEI_1400/WEI_1400/lists_prc?gubun=Y&baseDate=2018-02-22 HTTP/1.1" 200 2090 "http://merp.yudo.com.cn:8183/WEI_1400/WEI_1400?formKey=M20180222T140827867&menuSelection=sm" "Mozilla/5.0 (Windows NT 6.1; WOW64; rv:50.0) Gecko/20100101 Firefox/50.0"
::1 - - [22/Feb/2018:14:12:48 +0800] "OPTIONS * HTTP/1.0" 200 - "-" "Apache/2.4.6 (CentOS) PHP/5.6.32 (internal dummy connection)"
101.226.225.86 - - [22/Feb/2018:14:13:02 +0800] "GET /Menu/Menu?formKey=M20180222T140927757 HTTP/1.1" 200 5244 "http://merp.yudo.com.cn:8183/?deviceType=mobile&devicePlatform=ios" "Mozilla/5.0 (Windows NT 6.1; WOW64; rv:50.0) Gecko/20100101 Firefox/50.0"
101.226.225.86 - - [22/Feb/2018:14:13:02 +0800] "GET /third_party/jquery-2.1.4/jquery.js HTTP/1.1" 200 247606 "http://merp.yudo.com.cn:8183/Menu/Menu?formKey=M20180222T140927757" "Mozilla/5.0 (Windows NT 6.1; WOW64) AppleWebKit/537.36 (KHTML, like Gecko) Chrome/43.0.2357.124 Safari/537.36"
101.226.225.86 - - [22/Feb/2018:14:13:02 +0800] "GET /third_party/jquery-ui-1.11.4/jquery-ui.js HTTP/1.1" 200 470596 "http://merp.yudo.com.cn:8183/Menu/Menu?formKey=M20180222T140927757" "Mozilla/5.0 (Macintosh; Intel Mac OS X 10_12_4) AppleWebKit/537.36 (KHTML, like Gecko) \t\t\tChrome/55.0.2883.95 Safari/537.36"
101.226.225.86 - - [22/Feb/2018:14:13:03 +0800] "GET /third_party/bootstrap-3.3.5/js/bootstrap.min.js HTTP/1.1" 200 36816 "http://merp.yudo.com.cn:8183/Menu/Menu?formKey=M20180222T140927757" "Mozilla/5.0 (Windows NT 6.1; WOW64) AppleWebKit/537.36 (KHTML, like Gecko) Chrome/45.0.2454.101 Safari/537.36"
61.151.178.167 - - [22/Feb/2018:14:13:04 +0800] "GET /Menu/doMenuRows_prc?formKey=M20180222T140927757 HTTP/1.1" 200 44 "http://merp.yudo.com.cn:8183/Menu/Menu?formKey=M20180222T140927757" "Mozilla/5.0 (Windows NT 6.1; WOW64; Trident/7.0; SLCC2; .NET CLR 2.0.50727; .NET CLR 3.5.30729; .NET CLR 3.0.30729; Media Center PC 6.0; .NET4.0C; .NET4.0E; InfoPath.3; rv:11.0) like Gecko"
101.226.225.86 - - [22/Feb/2018:14:13:04 +0800] "GET /third_party/bootstrap-datetimepicker/js/bootstrap-datetimepicker.js HTTP/1.1" 200 67526 "http://merp.yudo.com.cn:8183/Menu/Menu?formKey=M20180222T140927757" "Mozilla/5.0 (Windows NT 6.1; WOW64) AppleWebKit/537.36 (KHTML, like Gecko) Chrome/45.0.2454.101 Safari/537.36"
101.226.225.86 - - [22/Feb/2018:14:13:04 +0800] "GET /third_party/bootstrap-datetimepicker/js/locales/bootstrap-datetimepicker.ko.js HTTP/1.1" 200 765 "http://merp.yudo.com.cn:8183/Menu/Menu?formKey=M20180222T140927757" "Mozilla/5.0 (Windows NT 6.1; WOW64; Trident/7.0; SLCC2; .NET CLR 2.0.50727; .NET CLR 3.5.30729; .NET CLR 3.0.30729; Media Center PC 6.0; .NET4.0C; .NET4.0E; InfoPath.3; rv:11.0) like Gecko"
101.226.225.86 - - [22/Feb/2018:14:13:05 +0800] "GET /third_party/KendoUI/js/kendo.all.min.js HTTP/1.1" 200 3038548 "http://merp.yudo.com.cn:8183/Menu/Menu?formKey=M20180222T140927757" "Mozilla/5.0 (Windows NT 6.1; WOW64; Trident/7.0; SLCC2; .NET CLR 2.0.50727; .NET CLR 3.5.30729; .NET CLR 3.0.30729; Media Center PC 6.0; .NET4.0C; .NET4.0E; InfoPath.3; rv:11.0) like Gecko"
101.226.225.86 - - [22/Feb/2018:14:13:05 +0800] "GET /third_party/loading-overlay/waitMe.js HTTP/1.1" 200 8583 "http://merp.yudo.com.cn:8183/Menu/Menu?formKey=M20180222T140927757" "Mozilla/5.0 (Windows NT 6.1; WOW64) AppleWebKit/537.36 (KHTML, like Gecko) Chrome/56.0.2924.87 Safari/537.36"
101.226.225.86 - - [22/Feb/2018:14:13:05 +0800] "GET /third_party/slideout-1.0.1/slideout.js HTTP/1.1" 200 37980 "http://merp.yudo.com.cn:8183/Menu/Menu?formKey=M20180222T140927757" "Mozilla/5.0 (Macintosh; Intel Mac OS X 10_12_4) AppleWebKit/537.36 (KHTML, like Gecko) \t\t\tChrome/55.0.2883.95 Safari/537.36"
101.226.225.86 - - [22/Feb/2018:14:13:05 +0800] "GET /js/JLAMP.polyfill.min.js HTTP/1.1" 200 361 "http://merp.yudo.com.cn:8183/Menu/Menu?formKey=M20180222T140927757" "Mozilla/5.0 (Windows NT 6.1; WOW64) AppleWebKit/537.36 (KHTML, like Gecko) Chrome/53.0.2785.104 Safari/537.36 Core/1.53.2141.400 QQBrowser/9.5.10219.400"
101.226.225.86 - - [22/Feb/2018:14:13:06 +0800] "GET /js/JLAMP.min.js HTTP/1.1" 200 1461 "http://merp.yudo.com.cn:8183/Menu/Menu?formKey=M20180222T140927757" "Mozilla/5.0 (Windows NT 6.1; WOW64) AppleWebKit/537.36 (KHTML, like Gecko) Chrome/45.0.2454.101 Safari/537.36"
101.226.225.86 - - [22/Feb/2018:14:13:06 +0800] "GET /js/JLAMP.common.min.js HTTP/1.1" 200 9705 "http://merp.yudo.com.cn:8183/Menu/Menu?formKey=M20180222T140927757" "Mozilla/5.0 (Windows NT 6.1; WOW64) AppleWebKit/537.36 (KHTML, like Gecko) Chrome/43.0.2357.124 Safari/537.36"
101.226.225.86 - - [22/Feb/2018:14:13:06 +0800] "GET /js/JLAMP.menu.min.js HTTP/1.1" 200 6519 "http://merp.yudo.com.cn:8183/Menu/Menu?formKey=M20180222T140927757" "Mozilla/5.0 (Windows NT 6.1; WOW64) AppleWebKit/537.36 (KHTML, like Gecko) Chrome/53.0.2785.104 Safari/537.36 Core/1.53.2141.400 QQBrowser/9.5.10219.400"
101.226.225.86 - - [22/Feb/2018:14:13:06 +0800] "GET /js/JLAMP.autobinding.min.js HTTP/1.1" 200 8816 "http://merp.yudo.com.cn:8183/Menu/Menu?formKey=M20180222T140927757" "Mozilla/5.0 (Windows NT 6.1; WOW64) AppleWebKit/537.36 (KHTML, like Gecko) Chrome/53.0.2785.104 Safari/537.36 Core/1.53.2141.400 QQBrowser/9.5.10219.400"
101.226.225.86 - - [22/Feb/2018:14:13:06 +0800] "GET /js/JLAMP.modal.min.js HTTP/1.1" 200 16516 "http://merp.yudo.com.cn:8183/Menu/Menu?formKey=M20180222T140927757" "Mozilla/5.0 (Windows NT 6.1; WOW64) AppleWebKit/537.36 (KHTML, like Gecko) Chrome/53.0.2785.104 Safari/537.36 Core/1.53.2141.400 QQBrowser/9.5.10219.400"
101.226.225.86 - - [22/Feb/2018:14:13:06 +0800] "GET /js/JLAMP.lang.min.js HTTP/1.1" 200 1750 "http://merp.yudo.com.cn:8183/Menu/Menu?formKey=M20180222T140927757" "Mozilla/5.0 (Windows NT 6.1; WOW64; Trident/7.0; SLCC2; .NET CLR 2.0.50727; .NET CLR 3.5.30729; .NET CLR 3.0.30729; Media Center PC 6.0; .NET4.0C; .NET4.0E; InfoPath.3; rv:11.0) like Gecko"
101.226.225.86 - - [22/Feb/2018:14:13:06 +0800] "GET /js/session.js HTTP/1.1" 200 638 "http://merp.yudo.com.cn:8183/Menu/Menu?formKey=M20180222T140927757" "Mozilla/5.0 (Macintosh; Intel Mac OS X 10_12_4) AppleWebKit/537.36 (KHTML, like Gecko) \t\t\tChrome/55.0.2883.95 Safari/537.36"
101.226.225.86 - - [22/Feb/2018:14:13:06 +0800] "GET /js/version.js HTTP/1.1" 200 1044 "http://merp.yudo.com.cn:8183/Menu/Menu?formKey=M20180222T140927757" "Mozilla/5.0 (Windows NT 6.1; WOW64) AppleWebKit/537.36 (KHTML, like Gecko) Chrome/43.0.2357.124 Safari/537.36"
101.226.225.86 - - [22/Feb/2018:14:13:07 +0800] "GET /js/common.js HTTP/1.1" 200 11633 "http://merp.yudo.com.cn:8183/Menu/Menu?formKey=M20180222T140927757" "Mozilla/5.0 (Windows NT 6.1; WOW64) AppleWebKit/537.36 (KHTML, like Gecko) Chrome/53.0.2785.104 Safari/537.36 Core/1.53.2141.400 QQBrowser/9.5.10219.400"
101.226.225.86 - - [22/Feb/2018:14:13:08 +0800] "GET /js/GNB.js HTTP/1.1" 200 2176 "http://merp.yudo.com.cn:8183/Menu/Menu?formKey=M20180222T140927757" "Mozilla/5.0 (Windows NT 6.1; WOW64) AppleWebKit/537.36 (KHTML, like Gecko) Chrome/53.0.2785.104 Safari/537.36 Core/1.53.2141.400 QQBrowser/9.5.10219.400"
101.226.225.86 - - [22/Feb/2018:14:13:08 +0800] "GET /js/Menu/Menu.js HTTP/1.1" 200 1627 "http://merp.yudo.com.cn:8183/Menu/Menu?formKey=M20180222T140927757" "Mozilla/5.0 (Windows NT 6.1; WOW64; rv:50.0) Gecko/20100101 Firefox/50.0"
61.151.180.39 - - [22/Feb/2018:14:13:15 +0800] "GET /WEI_1400/WEI_1400/lists_prc?gubun=M&baseDate=2018-02-22 HTTP/1.1" 200 2069 "http://merp.yudo.com.cn:8183/WEI_1400/WEI_1400?formKey=M20180222T140927757&menuSelection=sm" "Mozilla/5.0 (Windows NT 6.1; WOW64; Trident/7.0; SLCC2; .NET CLR 2.0.50727; .NET CLR 3.5.30729; .NET CLR 3.0.30729; Media Center PC 6.0; .NET4.0C; .NET4.0E; InfoPath.3; rv:11.0) like Gecko"
61.129.8.199 - - [22/Feb/2018:14:13:25 +0800] "GET /third_party/bootstrap-3.3.5/fonts/glyphicons-halflings-regular.woff2 HTTP/1.1" 200 18028 "http://merp.yudo.com.cn:8183/third_party/bootstrap-3.3.5/css/bootstrap.css" "Mozilla/5.0 (Windows NT 6.1; WOW64) AppleWebKit/537.36 (KHTML, like Gecko) Chrome/56.0.2924.87 Safari/537.36"
61.129.8.199 - - [22/Feb/2018:14:13:29 +0800] "GET /WEI_1400/WEI_1400/lists_prc?gubun=M&baseDate=2018-01-31 HTTP/1.1" 200 2071 "http://merp.yudo.com.cn:8183/WEI_1400/WEI_1400?formKey=M20180222T140927757&menuSelection=sm" "Mozilla/5.0 (Windows NT 6.1; WOW64) AppleWebKit/537.36 (KHTML, like Gecko) Chrome/45.0.2454.101 Safari/537.36"
101.226.65.107 - - [22/Feb/2018:14:15:03 +0800] "GET /menu/menu HTTP/1.1" 404 1133 "70BCD0E5135E103323180.107.214.142" "Mozilla/5.0 (Windows NT 6.1; WOW64) AppleWebKit/537.36 (KHTML, like Gecko) Chrome/56.0.2924.87 Safari/537.36"
66.102.7.245 - - [22/Feb/2018:15:15:21 +0800] "GET /?deviceType=mobile&devicePlatform=ios HTTP/1.1" 200 6704 "http://www.google.com/search" "Mozilla/5.0 (X11; Linux x86_64) AppleWebKit/537.36 (KHTML, like Gecko; Google Web Preview) Chrome/41.0.2272.118 Safari/537.36"
66.102.7.245 - - [22/Feb/2018:15:15:24 +0800] "GET /JLAMPCommon/getCookieJson_prc HTTP/1.1" 200 62 "http://merp.yudo.com.cn:8183/?deviceType=mobile&devicePlatform=ios" "Mozilla/5.0 (X11; Linux x86_64) AppleWebKit/537.36 (KHTML, like Gecko; Google Web Preview) Chrome/41.0.2272.118 Safari/537.36"
66.102.7.245 - - [22/Feb/2018:16:50:33 +0800] "GET /?deviceType=mobile&devicePlatform=ios HTTP/1.1" 200 6704 "http://www.google.com/search" "Mozilla/5.0 (X11; Linux x86_64) AppleWebKit/537.36 (KHTML, like Gecko; Google Web Preview) Chrome/41.0.2272.118 Safari/537.36"
66.102.7.245 - - [22/Feb/2018:16:50:35 +0800] "GET /JLAMPCommon/getCookieJson_prc HTTP/1.1" 200 62 "http://merp.yudo.com.cn:8183/?deviceType=mobile&devicePlatform=ios" "Mozilla/5.0 (X11; Linux x86_64) AppleWebKit/537.36 (KHTML, like Gecko; Google Web Preview) Chrome/41.0.2272.118 Safari/537.36"
66.102.7.241 - - [22/Feb/2018:18:21:06 +0800] "GET /?deviceType=mobile&devicePlatform=ios HTTP/1.1" 200 6704 "http://www.google.com/search" "Mozilla/5.0 (X11; Linux x86_64) AppleWebKit/537.36 (KHTML, like Gecko; Google Web Preview) Chrome/41.0.2272.118 Safari/537.36"
66.102.7.241 - - [22/Feb/2018:18:21:08 +0800] "GET /JLAMPCommon/getCookieJson_prc HTTP/1.1" 200 62 "http://merp.yudo.com.cn:8183/?deviceType=mobile&devicePlatform=ios" "Mozilla/5.0 (X11; Linux x86_64) AppleWebKit/537.36 (KHTML, like Gecko; Google Web Preview) Chrome/41.0.2272.118 Safari/537.36"
64.233.172.145 - - [23/Feb/2018:07:48:13 +0800] "GET /?deviceType=mobile HTTP/1.1" 200 6704 "-" "Mozilla/5.0 (X11; Linux x86_64) AppleWebKit/537.36 (KHTML, like Gecko) Chrome/49.0.2623.75 Safari/537.36 Google Favicon"
64.233.172.145 - - [23/Feb/2018:07:48:13 +0800] "GET /image/favicon.ico HTTP/1.1" 404 1133 "-" "Mozilla/5.0 (X11; Linux x86_64) AppleWebKit/537.36 (KHTML, like Gecko) Chrome/49.0.2623.75 Safari/537.36 Google Favicon"
64.233.172.143 - - [23/Feb/2018:07:48:14 +0800] "GET /?deviceType=mobile&devicePlatform=ios HTTP/1.1" 200 6704 "http://www.google.com/search" "Mozilla/5.0 (X11; Linux x86_64) AppleWebKit/537.36 (KHTML, like Gecko; Google Web Preview) Chrome/41.0.2272.118 Safari/537.36"
64.233.172.145 - - [23/Feb/2018:07:48:15 +0800] "GET /css/slide_menu.css HTTP/1.1" 200 2705 "http://merp.yudo.com.cn:8183/?deviceType=mobile&devicePlatform=ios" "Mozilla/5.0 (X11; Linux x86_64) AppleWebKit/537.36 (KHTML, like Gecko; Google Web Preview) Chrome/41.0.2272.118 Safari/537.36"
64.233.172.143 - - [23/Feb/2018:07:48:15 +0800] "GET /third_party/bootstrap-datetimepicker/css/bootstrap-datetimepicker.css HTTP/1.1" 200 12289 "http://merp.yudo.com.cn:8183/?deviceType=mobile&devicePlatform=ios" "Mozilla/5.0 (X11; Linux x86_64) AppleWebKit/537.36 (KHTML, like Gecko; Google Web Preview) Chrome/41.0.2272.118 Safari/537.36"
64.233.172.145 - - [23/Feb/2018:07:48:15 +0800] "GET /third_party/bootstrap-datetimepicker/js/locales/bootstrap-datetimepicker.ko.js HTTP/1.1" 200 765 "http://merp.yudo.com.cn:8183/?deviceType=mobile&devicePlatform=ios" "Mozilla/5.0 (X11; Linux x86_64) AppleWebKit/537.36 (KHTML, like Gecko; Google Web Preview) Chrome/41.0.2272.118 Safari/537.36"
64.233.172.147 - - [23/Feb/2018:07:48:15 +0800] "GET /css/common.css HTTP/1.1" 200 10900 "http://merp.yudo.com.cn:8183/?deviceType=mobile&devicePlatform=ios" "Mozilla/5.0 (X11; Linux x86_64) AppleWebKit/537.36 (KHTML, like Gecko; Google Web Preview) Chrome/41.0.2272.118 Safari/537.36"
