49.64.173.190 - - [21/Feb/2019:12:53:29 +0800] "GET /js/WEI_2100/WEI_2100_Lists.js?v=3200 HTTP/1.1" 200 139256 "http://merp.yudo.com.cn:8183/WEI_2100/WEI_2100?formKey=Menu&menuSelection=asm" "Mozilla/5.0 (iPhone; CPU iPhone OS 12_1_2 like Mac OS X) AppleWebKit/605.1.15 (KHTML, like Gecko) Mobile/16C101JLAMPMode:iPhone"
49.64.173.190 - - [21/Feb/2019:12:53:29 +0800] "GET /js/WEI_2100/vue/vue.js HTTP/1.1" 200 289303 "http://merp.yudo.com.cn:8183/WEI_2100/WEI_2100?formKey=Menu&menuSelection=asm" "Mozilla/5.0 (iPhone; CPU iPhone OS 12_1_2 like Mac OS X) AppleWebKit/605.1.15 (KHTML, like Gecko) Mobile/16C101JLAMPMode:iPhone"
49.64.173.190 - - [21/Feb/2019:12:53:30 +0800] "GET /js/WEI_2100/css/modules/laydate/default/laydate.css?v=5.0.9 HTTP/1.1" 200 7541 "http://merp.yudo.com.cn:8183/WEI_2100/WEI_2100?formKey=Menu&menuSelection=asm" "Mozilla/5.0 (iPhone; CPU iPhone OS 12_1_2 like Mac OS X) AppleWebKit/605.1.15 (KHTML, like Gecko) Mobile/16C101JLAMPMode:iPhone"
49.64.173.190 - - [21/Feb/2019:12:53:30 +0800] "GET /js/WEI_2100/css/modules/layer/default/layer.css?v=3.1.1 HTTP/1.1" 200 14429 "http://merp.yudo.com.cn:8183/WEI_2100/WEI_2100?formKey=Menu&menuSelection=asm" "Mozilla/5.0 (iPhone; CPU iPhone OS 12_1_2 like Mac OS X) AppleWebKit/605.1.15 (KHTML, like Gecko) Mobile/16C101JLAMPMode:iPhone"
49.64.173.190 - - [21/Feb/2019:12:53:30 +0800] "GET /js/WEI_2100/css/modules/code.css HTTP/1.1" 200 1067 "http://merp.yudo.com.cn:8183/WEI_2100/WEI_2100?formKey=Menu&menuSelection=asm" "Mozilla/5.0 (iPhone; CPU iPhone OS 12_1_2 like Mac OS X) AppleWebKit/605.1.15 (KHTML, like Gecko) Mobile/16C101JLAMPMode:iPhone"
49.64.173.190 - - [21/Feb/2019:12:53:31 +0800] "GET /WEI_2200/getPlanOrReptCount?startDate=2018-02-21&endDate=2019-02-21 HTTP/1.1" 200 535 "http://merp.yudo.com.cn:8183/WEI_2200/WEI_2200?formKey=Menu&menuSelection=asm" "Mozilla/5.0 (Linux; Android 8.1.0; MI 6X Build/OPM1.171019.011; wv) AppleWebKit/537.36 (KHTML, like Gecko) Version/4.0 Chrome/62.0.3202.84 Mobile Safari/537.36"
::1 - - [21/Feb/2019:12:53:35 +0800] "OPTIONS * HTTP/1.0" 200 - "-" "Apache/2.4.6 (CentOS) PHP/5.6.32 (internal dummy connection)"
223.104.146.49 - - [21/Feb/2019:12:53:35 +0800] "GET /?deviceType=mobile&devicePlatform=ios HTTP/1.1" 302 149 "-" "Mozilla/5.0 (iPhone; CPU iPhone OS 12_1_2 like Mac OS X) AppleWebKit/605.1.15 (KHTML, like Gecko) Mobile/16C101JLAMPMode:iPhone"
223.104.146.49 - - [21/Feb/2019:12:53:36 +0800] "GET /Menu/Menu?formKey=M20190221T125142750 HTTP/1.1" 200 11925 "-" "Mozilla/5.0 (iPhone; CPU iPhone OS 12_1_2 like Mac OS X) AppleWebKit/605.1.15 (KHTML, like Gecko) Mobile/16C101JLAMPMode:iPhone"
223.104.146.49 - - [21/Feb/2019:12:53:36 +0800] "GET /css/yudo-ui.css?v=1082 HTTP/1.1" 200 23578 "http://merp.yudo.com.cn:8183/Menu/Menu?formKey=M20190221T125142750" "Mozilla/5.0 (iPhone; CPU iPhone OS 12_1_2 like Mac OS X) AppleWebKit/605.1.15 (KHTML, like Gecko) Mobile/16C101JLAMPMode:iPhone"
223.104.146.49 - - [21/Feb/2019:12:53:36 +0800] "GET /css/mui.min.css?v=1008 HTTP/1.1" 200 76587 "http://merp.yudo.com.cn:8183/Menu/Menu?formKey=M20190221T125142750" "Mozilla/5.0 (iPhone; CPU iPhone OS 12_1_2 like Mac OS X) AppleWebKit/605.1.15 (KHTML, like Gecko) Mobile/16C101JLAMPMode:iPhone"
223.104.146.49 - - [21/Feb/2019:12:53:36 +0800] "GET /css/animate.min.css HTTP/1.1" 200 52799 "http://merp.yudo.com.cn:8183/Menu/Menu?formKey=M20190221T125142750" "Mozilla/5.0 (iPhone; CPU iPhone OS 12_1_2 like Mac OS X) AppleWebKit/605.1.15 (KHTML, like Gecko) Mobile/16C101JLAMPMode:iPhone"
223.104.146.49 - - [21/Feb/2019:12:53:36 +0800] "GET /css/mui.picker.min.css HTTP/1.1" 200 4843 "http://merp.yudo.com.cn:8183/Menu/Menu?formKey=M20190221T125142750" "Mozilla/5.0 (iPhone; CPU iPhone OS 12_1_2 like Mac OS X) AppleWebKit/605.1.15 (KHTML, like Gecko) Mobile/16C101JLAMPMode:iPhone"
223.104.146.49 - - [21/Feb/2019:12:53:36 +0800] "GET /js/multiHttp.js?v=1002 HTTP/1.1" 200 7163 "http://merp.yudo.com.cn:8183/Menu/Menu?formKey=M20190221T125142750" "Mozilla/5.0 (iPhone; CPU iPhone OS 12_1_2 like Mac OS X) AppleWebKit/605.1.15 (KHTML, like Gecko) Mobile/16C101JLAMPMode:iPhone"
223.104.146.49 - - [21/Feb/2019:12:53:36 +0800] "GET /js/mui.min.js?v=1001 HTTP/1.1" 200 115810 "http://merp.yudo.com.cn:8183/Menu/Menu?formKey=M20190221T125142750" "Mozilla/5.0 (iPhone; CPU iPhone OS 12_1_2 like Mac OS X) AppleWebKit/605.1.15 (KHTML, like Gecko) Mobile/16C101JLAMPMode:iPhone"
223.104.146.49 - - [21/Feb/2019:12:53:36 +0800] "GET /js/lang.min.js?v=1001 HTTP/1.1" 200 904 "http://merp.yudo.com.cn:8183/Menu/Menu?formKey=M20190221T125142750" "Mozilla/5.0 (iPhone; CPU iPhone OS 12_1_2 like Mac OS X) AppleWebKit/605.1.15 (KHTML, like Gecko) Mobile/16C101JLAMPMode:iPhone"
223.104.146.49 - - [21/Feb/2019:12:53:36 +0800] "GET /js/mui.previewimage.js?v=201804261256 HTTP/1.1" 200 13324 "http://merp.yudo.com.cn:8183/Menu/Menu?formKey=M20190221T125142750" "Mozilla/5.0 (iPhone; CPU iPhone OS 12_1_2 like Mac OS X) AppleWebKit/605.1.15 (KHTML, like Gecko) Mobile/16C101JLAMPMode:iPhone"
223.104.146.49 - - [21/Feb/2019:12:53:36 +0800] "GET /third_party/jquery-2.1.4/jquery.js HTTP/1.1" 200 247606 "http://merp.yudo.com.cn:8183/Menu/Menu?formKey=M20190221T125142750" "Mozilla/5.0 (iPhone; CPU iPhone OS 12_1_2 like Mac OS X) AppleWebKit/605.1.15 (KHTML, like Gecko) Mobile/16C101JLAMPMode:iPhone"
223.104.146.49 - - [21/Feb/2019:12:53:36 +0800] "GET /js/mui.zoom.js?v=201804231454 HTTP/1.1" 200 11703 "http://merp.yudo.com.cn:8183/Menu/Menu?formKey=M20190221T125142750" "Mozilla/5.0 (iPhone; CPU iPhone OS 12_1_2 like Mac OS X) AppleWebKit/605.1.15 (KHTML, like Gecko) Mobile/16C101JLAMPMode:iPhone"
223.104.146.49 - - [21/Feb/2019:12:53:36 +0800] "GET /js/mui.picker.min.js?v=1001 HTTP/1.1" 200 18411 "http://merp.yudo.com.cn:8183/Menu/Menu?formKey=M20190221T125142750" "Mozilla/5.0 (iPhone; CPU iPhone OS 12_1_2 like Mac OS X) AppleWebKit/605.1.15 (KHTML, like Gecko) Mobile/16C101JLAMPMode:iPhone"
223.104.146.49 - - [21/Feb/2019:12:53:36 +0800] "GET /js/vue.js HTTP/1.1" 200 289301 "http://merp.yudo.com.cn:8183/Menu/Menu?formKey=M20190221T125142750" "Mozilla/5.0 (iPhone; CPU iPhone OS 12_1_2 like Mac OS X) AppleWebKit/605.1.15 (KHTML, like Gecko) Mobile/16C101JLAMPMode:iPhone"
223.104.146.49 - - [21/Feb/2019:12:53:36 +0800] "GET /js/fastclick.js HTTP/1.1" 200 25966 "http://merp.yudo.com.cn:8183/Menu/Menu?formKey=M20190221T125142750" "Mozilla/5.0 (iPhone; CPU iPhone OS 12_1_2 like Mac OS X) AppleWebKit/605.1.15 (KHTML, like Gecko) Mobile/16C101JLAMPMode:iPhone"
223.104.146.49 - - [21/Feb/2019:12:53:37 +0800] "GET /js/JLAMP.min.js HTTP/1.1" 200 1461 "http://merp.yudo.com.cn:8183/Menu/Menu?formKey=M20190221T125142750" "Mozilla/5.0 (iPhone; CPU iPhone OS 12_1_2 like Mac OS X) AppleWebKit/605.1.15 (KHTML, like Gecko) Mobile/16C101JLAMPMode:iPhone"
223.104.146.49 - - [21/Feb/2019:12:53:37 +0800] "GET /js/JLAMP.polyfill.min.js HTTP/1.1" 200 361 "http://merp.yudo.com.cn:8183/Menu/Menu?formKey=M20190221T125142750" "Mozilla/5.0 (iPhone; CPU iPhone OS 12_1_2 like Mac OS X) AppleWebKit/605.1.15 (KHTML, like Gecko) Mobile/16C101JLAMPMode:iPhone"
223.104.146.49 - - [21/Feb/2019:12:53:37 +0800] "GET /js/JLAMP.common.min.js HTTP/1.1" 200 9705 "http://merp.yudo.com.cn:8183/Menu/Menu?formKey=M20190221T125142750" "Mozilla/5.0 (iPhone; CPU iPhone OS 12_1_2 like Mac OS X) AppleWebKit/605.1.15 (KHTML, like Gecko) Mobile/16C101JLAMPMode:iPhone"
223.104.146.49 - - [21/Feb/2019:12:53:37 +0800] "GET /js/JLAMP.menu.min.js HTTP/1.1" 200 6519 "http://merp.yudo.com.cn:8183/Menu/Menu?formKey=M20190221T125142750" "Mozilla/5.0 (iPhone; CPU iPhone OS 12_1_2 like Mac OS X) AppleWebKit/605.1.15 (KHTML, like Gecko) Mobile/16C101JLAMPMode:iPhone"
223.104.146.49 - - [21/Feb/2019:12:53:37 +0800] "GET /js/JLAMP.lang.min.js HTTP/1.1" 200 1750 "http://merp.yudo.com.cn:8183/Menu/Menu?formKey=M20190221T125142750" "Mozilla/5.0 (iPhone; CPU iPhone OS 12_1_2 like Mac OS X) AppleWebKit/605.1.15 (KHTML, like Gecko) Mobile/16C101JLAMPMode:iPhone"
223.104.146.49 - - [21/Feb/2019:12:53:37 +0800] "GET /js/JLAMP.autobinding.min.js HTTP/1.1" 200 8816 "http://merp.yudo.com.cn:8183/Menu/Menu?formKey=M20190221T125142750" "Mozilla/5.0 (iPhone; CPU iPhone OS 12_1_2 like Mac OS X) AppleWebKit/605.1.15 (KHTML, like Gecko) Mobile/16C101JLAMPMode:iPhone"
223.104.146.49 - - [21/Feb/2019:12:53:37 +0800] "GET /js/JLAMP.modal.min.js HTTP/1.1" 200 16516 "http://merp.yudo.com.cn:8183/Menu/Menu?formKey=M20190221T125142750" "Mozilla/5.0 (iPhone; CPU iPhone OS 12_1_2 like Mac OS X) AppleWebKit/605.1.15 (KHTML, like Gecko) Mobile/16C101JLAMPMode:iPhone"
223.104.146.49 - - [21/Feb/2019:12:53:37 +0800] "GET /js/session.js HTTP/1.1" 200 638 "http://merp.yudo.com.cn:8183/Menu/Menu?formKey=M20190221T125142750" "Mozilla/5.0 (iPhone; CPU iPhone OS 12_1_2 like Mac OS X) AppleWebKit/605.1.15 (KHTML, like Gecko) Mobile/16C101JLAMPMode:iPhone"
223.104.146.49 - - [21/Feb/2019:12:53:37 +0800] "GET /js/version.js?v=20180920001 HTTP/1.1" 200 2302 "http://merp.yudo.com.cn:8183/Menu/Menu?formKey=M20190221T125142750" "Mozilla/5.0 (iPhone; CPU iPhone OS 12_1_2 like Mac OS X) AppleWebKit/605.1.15 (KHTML, like Gecko) Mobile/16C101JLAMPMode:iPhone"
223.104.146.49 - - [21/Feb/2019:12:53:37 +0800] "GET /js/common.js HTTP/1.1" 200 11633 "http://merp.yudo.com.cn:8183/Menu/Menu?formKey=M20190221T125142750" "Mozilla/5.0 (iPhone; CPU iPhone OS 12_1_2 like Mac OS X) AppleWebKit/605.1.15 (KHTML, like Gecko) Mobile/16C101JLAMPMode:iPhone"
223.104.146.49 - - [21/Feb/2019:12:53:37 +0800] "GET /js/GNB.js HTTP/1.1" 200 2176 "http://merp.yudo.com.cn:8183/Menu/Menu?formKey=M20190221T125142750" "Mozilla/5.0 (iPhone; CPU iPhone OS 12_1_2 like Mac OS X) AppleWebKit/605.1.15 (KHTML, like Gecko) Mobile/16C101JLAMPMode:iPhone"
223.104.146.49 - - [21/Feb/2019:12:53:37 +0800] "GET /image/fonticon/headDefault.jpg HTTP/1.1" 200 2436 "http://merp.yudo.com.cn:8183/Menu/Menu?formKey=M20190221T125142750" "Mozilla/5.0 (iPhone; CPU iPhone OS 12_1_2 like Mac OS X) AppleWebKit/605.1.15 (KHTML, like Gecko) Mobile/16C101JLAMPMode:iPhone"
223.104.146.49 - - [21/Feb/2019:12:53:37 +0800] "GET /js/Menu/Menu.js?v=2003 HTTP/1.1" 200 4729 "http://merp.yudo.com.cn:8183/Menu/Menu?formKey=M20190221T125142750" "Mozilla/5.0 (iPhone; CPU iPhone OS 12_1_2 like Mac OS X) AppleWebKit/605.1.15 (KHTML, like Gecko) Mobile/16C101JLAMPMode:iPhone"
223.104.146.49 - - [21/Feb/2019:12:53:36 +0800] "GET /js/echarts.min.js HTTP/1.1" 200 744675 "http://merp.yudo.com.cn:8183/Menu/Menu?formKey=M20190221T125142750" "Mozilla/5.0 (iPhone; CPU iPhone OS 12_1_2 like Mac OS X) AppleWebKit/605.1.15 (KHTML, like Gecko) Mobile/16C101JLAMPMode:iPhone"
223.104.146.49 - - [21/Feb/2019:12:53:37 +0800] "GET /image/yudo-03.png HTTP/1.1" 200 288963 "http://merp.yudo.com.cn:8183/Menu/Menu?formKey=M20190221T125142750" "Mozilla/5.0 (iPhone; CPU iPhone OS 12_1_2 like Mac OS X) AppleWebKit/605.1.15 (KHTML, like Gecko) Mobile/16C101JLAMPMode:iPhone"
223.104.146.49 - - [21/Feb/2019:12:53:37 +0800] "GET /image/login_logo.png HTTP/1.1" 200 3941 "http://merp.yudo.com.cn:8183/Menu/Menu?formKey=M20190221T125142750" "Mozilla/5.0 (iPhone; CPU iPhone OS 12_1_2 like Mac OS X) AppleWebKit/605.1.15 (KHTML, like Gecko) Mobile/16C101JLAMPMode:iPhone"
223.104.146.49 - - [21/Feb/2019:12:53:37 +0800] "GET /image/yudo-01.png HTTP/1.1" 200 381770 "http://merp.yudo.com.cn:8183/Menu/Menu?formKey=M20190221T125142750" "Mozilla/5.0 (iPhone; CPU iPhone OS 12_1_2 like Mac OS X) AppleWebKit/605.1.15 (KHTML, like Gecko) Mobile/16C101JLAMPMode:iPhone"
223.104.146.49 - - [21/Feb/2019:12:53:37 +0800] "GET /Menu/doMenuRows_prc?formKey=Menu HTTP/1.1" 200 1211 "http://merp.yudo.com.cn:8183/Menu/Menu?formKey=M20190221T125142750" "Mozilla/5.0 (iPhone; CPU iPhone OS 12_1_2 like Mac OS X) AppleWebKit/605.1.15 (KHTML, like Gecko) Mobile/16C101JLAMPMode:iPhone"
223.104.146.49 - - [21/Feb/2019:12:53:37 +0800] "GET /JLAMPCommon/getCookieJson_prc HTTP/1.1" 200 914 "http://merp.yudo.com.cn:8183/Menu/Menu?formKey=M20190221T125142750" "Mozilla/5.0 (iPhone; CPU iPhone OS 12_1_2 like Mac OS X) AppleWebKit/605.1.15 (KHTML, like Gecko) Mobile/16C101JLAMPMode:iPhone"
223.104.146.49 - - [21/Feb/2019:12:53:37 +0800] "GET /image/yudo-02.png HTTP/1.1" 200 358241 "http://merp.yudo.com.cn:8183/Menu/Menu?formKey=M20190221T125142750" "Mozilla/5.0 (iPhone; CPU iPhone OS 12_1_2 like Mac OS X) AppleWebKit/605.1.15 (KHTML, like Gecko) Mobile/16C101JLAMPMode:iPhone"
49.64.173.190 - - [21/Feb/2019:12:53:37 +0800] "POST /JLAMPCommon/langBatchRows_prc HTTP/1.1" 200 14644 "http://merp.yudo.com.cn:8183/WEI_2100/WEI_2100?formKey=Menu&menuSelection=asm" "Mozilla/5.0 (iPhone; CPU iPhone OS 12_1_2 like Mac OS X) AppleWebKit/605.1.15 (KHTML, like Gecko) Mobile/16C101JLAMPMode:iPhone"
223.104.146.49 - - [21/Feb/2019:12:53:38 +0800] "GET /image/fonticon/refresh_icon.png HTTP/1.1" 200 2550 "http://merp.yudo.com.cn:8183/Menu/Menu?formKey=M20190221T125142750" "Mozilla/5.0 (iPhone; CPU iPhone OS 12_1_2 like Mac OS X) AppleWebKit/605.1.15 (KHTML, like Gecko) Mobile/16C101JLAMPMode:iPhone"
49.64.173.190 - - [21/Feb/2019:12:53:37 +0800] "POST /JLAMPCommon/langBatchRows_prc HTTP/1.1" 200 14653 "http://merp.yudo.com.cn:8183/WEI_2100/WEI_2100?formKey=Menu&menuSelection=asm" "Mozilla/5.0 (iPhone; CPU iPhone OS 12_1_2 like Mac OS X) AppleWebKit/605.1.15 (KHTML, like Gecko) Mobile/16C101JLAMPMode:iPhone"
223.104.146.49 - - [21/Feb/2019:12:53:38 +0800] "GET /image/fonticon/home_icon.png HTTP/1.1" 200 1180 "http://merp.yudo.com.cn:8183/Menu/Menu?formKey=M20190221T125142750" "Mozilla/5.0 (iPhone; CPU iPhone OS 12_1_2 like Mac OS X) AppleWebKit/605.1.15 (KHTML, like Gecko) Mobile/16C101JLAMPMode:iPhone"
223.104.146.49 - - [21/Feb/2019:12:53:38 +0800] "GET /image/fonticon/switchPass_icon.png HTTP/1.1" 200 1480 "http://merp.yudo.com.cn:8183/Menu/Menu?formKey=M20190221T125142750" "Mozilla/5.0 (iPhone; CPU iPhone OS 12_1_2 like Mac OS X) AppleWebKit/605.1.15 (KHTML, like Gecko) Mobile/16C101JLAMPMode:iPhone"
223.104.146.49 - - [21/Feb/2019:12:53:38 +0800] "GET /image/fonticon/quit_icon.png HTTP/1.1" 200 1268 "http://merp.yudo.com.cn:8183/Menu/Menu?formKey=M20190221T125142750" "Mozilla/5.0 (iPhone; CPU iPhone OS 12_1_2 like Mac OS X) AppleWebKit/605.1.15 (KHTML, like Gecko) Mobile/16C101JLAMPMode:iPhone"
223.104.146.49 - - [21/Feb/2019:12:53:38 +0800] "GET /image/fonticon/userMenu_icon.png HTTP/1.1" 200 412 "http://merp.yudo.com.cn:8183/Menu/Menu?formKey=M20190221T125142750" "Mozilla/5.0 (iPhone; CPU iPhone OS 12_1_2 like Mac OS X) AppleWebKit/605.1.15 (KHTML, like Gecko) Mobile/16C101JLAMPMode:iPhone"
223.104.146.49 - - [21/Feb/2019:12:53:38 +0800] "GET /image/fonticon/loading_icon2.png HTTP/1.1" 200 808 "http://merp.yudo.com.cn:8183/Menu/Menu?formKey=M20190221T125142750" "Mozilla/5.0 (iPhone; CPU iPhone OS 12_1_2 like Mac OS X) AppleWebKit/605.1.15 (KHTML, like Gecko) Mobile/16C101JLAMPMode:iPhone"
49.64.173.190 - - [21/Feb/2019:12:53:38 +0800] "GET /JLAMPCommon/getCookieJson_prc HTTP/1.1" 200 899 "http://merp.yudo.com.cn:8183/WEI_2100/WEI_2100?formKey=Menu&menuSelection=asm" "Mozilla/5.0 (iPhone; CPU iPhone OS 12_1_2 like Mac OS X) AppleWebKit/605.1.15 (KHTML, like Gecko) Mobile/16C101JLAMPMode:iPhone"
223.104.146.49 - - [21/Feb/2019:12:53:38 +0800] "GET /fonts/mui.ttf HTTP/1.1" 200 29884 "http://merp.yudo.com.cn:8183/Menu/Menu?formKey=M20190221T125142750" "Mozilla/5.0 (iPhone; CPU iPhone OS 12_1_2 like Mac OS X) AppleWebKit/605.1.15 (KHTML, like Gecko) Mobile/16C101JLAMPMode:iPhone"
223.104.146.49 - - [21/Feb/2019:12:53:38 +0800] "GET /Menu/getLoginInfo HTTP/1.1" 200 172 "http://merp.yudo.com.cn:8183/Menu/Menu?formKey=M20190221T125142750" "Mozilla/5.0 (iPhone; CPU iPhone OS 12_1_2 like Mac OS X) AppleWebKit/605.1.15 (KHTML, like Gecko) Mobile/16C101JLAMPMode:iPhone"
::1 - - [21/Feb/2019:12:53:40 +0800] "OPTIONS * HTTP/1.0" 200 - "-" "Apache/2.4.6 (CentOS) PHP/5.6.32 (internal dummy connection)"
49.64.173.190 - - [21/Feb/2019:12:53:40 +0800] "GET /Menu/Menu/menuLists?formKey=Menu&menuSelection=asm HTTP/1.1" 200 11925 "http://merp.yudo.com.cn:8183/WEI_2100/WEI_2100?formKey=Menu&menuSelection=asm" "Mozilla/5.0 (iPhone; CPU iPhone OS 12_1_2 like Mac OS X) AppleWebKit/605.1.15 (KHTML, like Gecko) Mobile/16C101JLAMPMode:iPhone"
223.104.146.49 - - [21/Feb/2019:12:53:41 +0800] "GET /image/fonticon/sales_icon.png HTTP/1.1" 200 5931 "http://merp.yudo.com.cn:8183/Menu/Menu?formKey=M20190221T125142750" "Mozilla/5.0 (iPhone; CPU iPhone OS 12_1_2 like Mac OS X) AppleWebKit/605.1.15 (KHTML, like Gecko) Mobile/16C101JLAMPMode:iPhone"
223.104.146.49 - - [21/Feb/2019:12:53:41 +0800] "GET /image/fonticon/noCompelet_icon.png HTTP/1.1" 200 6474 "http://merp.yudo.com.cn:8183/Menu/Menu?formKey=M20190221T125142750" "Mozilla/5.0 (iPhone; CPU iPhone OS 12_1_2 like Mac OS X) AppleWebKit/605.1.15 (KHTML, like Gecko) Mobile/16C101JLAMPMode:iPhone"
223.104.146.49 - - [21/Feb/2019:12:53:41 +0800] "GET /image/fonticon/lastYear_icon.png HTTP/1.1" 200 3739 "http://merp.yudo.com.cn:8183/Menu/Menu?formKey=M20190221T125142750" "Mozilla/5.0 (iPhone; CPU iPhone OS 12_1_2 like Mac OS X) AppleWebKit/605.1.15 (KHTML, like Gecko) Mobile/16C101JLAMPMode:iPhone"
223.104.146.49 - - [21/Feb/2019:12:53:41 +0800] "GET /image/fonticon/markets_icon.png HTTP/1.1" 200 5705 "http://merp.yudo.com.cn:8183/Menu/Menu?formKey=M20190221T125142750" "Mozilla/5.0 (iPhone; CPU iPhone OS 12_1_2 like Mac OS X) AppleWebKit/605.1.15 (KHTML, like Gecko) Mobile/16C101JLAMPMode:iPhone"
49.64.173.190 - - [21/Feb/2019:12:53:41 +0800] "GET /image/yudo-02.png HTTP/1.1" 200 358241 "http://merp.yudo.com.cn:8183/Menu/Menu/menuLists?formKey=Menu&menuSelection=asm" "Mozilla/5.0 (iPhone; CPU iPhone OS 12_1_2 like Mac OS X) AppleWebKit/605.1.15 (KHTML, like Gecko) Mobile/16C101JLAMPMode:iPhone"
49.64.173.190 - - [21/Feb/2019:12:53:41 +0800] "GET /JLAMPCommon/getCookieJson_prc HTTP/1.1" 200 899 "http://merp.yudo.com.cn:8183/Menu/Menu/menuLists?formKey=Menu&menuSelection=asm" "Mozilla/5.0 (iPhone; CPU iPhone OS 12_1_2 like Mac OS X) AppleWebKit/605.1.15 (KHTML, like Gecko) Mobile/16C101JLAMPMode:iPhone"
49.64.173.190 - - [21/Feb/2019:12:53:41 +0800] "GET /Menu/doMenuRows_prc?formKey=Menu HTTP/1.1" 200 1217 "http://merp.yudo.com.cn:8183/Menu/Menu/menuLists?formKey=Menu&menuSelection=asm" "Mozilla/5.0 (iPhone; CPU iPhone OS 12_1_2 like Mac OS X) AppleWebKit/605.1.15 (KHTML, like Gecko) Mobile/16C101JLAMPMode:iPhone"
49.64.173.190 - - [21/Feb/2019:12:53:41 +0800] "GET /Menu/getLoginInfo HTTP/1.1" 200 81 "http://merp.yudo.com.cn:8183/Menu/Menu/menuLists?formKey=Menu&menuSelection=asm" "Mozilla/5.0 (iPhone; CPU iPhone OS 12_1_2 like Mac OS X) AppleWebKit/605.1.15 (KHTML, like Gecko) Mobile/16C101JLAMPMode:iPhone"
223.104.146.49 - - [21/Feb/2019:12:53:43 +0800] "GET /image/fonticon/zuzhuang_icon.png HTTP/1.1" 200 3939 "http://merp.yudo.com.cn:8183/Menu/Menu?formKey=M20190221T125142750" "Mozilla/5.0 (iPhone; CPU iPhone OS 12_1_2 like Mac OS X) AppleWebKit/605.1.15 (KHTML, like Gecko) Mobile/16C101JLAMPMode:iPhone"
223.104.146.49 - - [21/Feb/2019:12:53:43 +0800] "GET /image/fonticon/as_icon.png HTTP/1.1" 200 5008 "http://merp.yudo.com.cn:8183/Menu/Menu?formKey=M20190221T125142750" "Mozilla/5.0 (iPhone; CPU iPhone OS 12_1_2 like Mac OS X) AppleWebKit/605.1.15 (KHTML, like Gecko) Mobile/16C101JLAMPMode:iPhone"
223.104.146.49 - - [21/Feb/2019:12:53:43 +0800] "GET /image/fonticon/salesPlan_icon.png HTTP/1.1" 200 5653 "http://merp.yudo.com.cn:8183/Menu/Menu?formKey=M20190221T125142750" "Mozilla/5.0 (iPhone; CPU iPhone OS 12_1_2 like Mac OS X) AppleWebKit/605.1.15 (KHTML, like Gecko) Mobile/16C101JLAMPMode:iPhone"
223.104.146.49 - - [21/Feb/2019:12:53:43 +0800] "GET /image/fonticon/workPlan_icon.png HTTP/1.1" 200 4535 "http://merp.yudo.com.cn:8183/Menu/Menu?formKey=M20190221T125142750" "Mozilla/5.0 (iPhone; CPU iPhone OS 12_1_2 like Mac OS X) AppleWebKit/605.1.15 (KHTML, like Gecko) Mobile/16C101JLAMPMode:iPhone"
49.64.173.190 - - [21/Feb/2019:12:53:43 +0800] "GET /WEI_2200/WEI_2200?formKey=Menu&menuSelection=asm HTTP/1.1" 200 56919 "http://merp.yudo.com.cn:8183/Menu/Menu/menuLists?formKey=Menu&menuSelection=asm" "Mozilla/5.0 (iPhone; CPU iPhone OS 12_1_2 like Mac OS X) AppleWebKit/605.1.15 (KHTML, like Gecko) Mobile/16C101JLAMPMode:iPhone"
49.64.173.190 - - [21/Feb/2019:12:53:43 +0800] "GET /css/yudo-ui.css?v=1052 HTTP/1.1" 200 23578 "http://merp.yudo.com.cn:8183/WEI_2200/WEI_2200?formKey=Menu&menuSelection=asm" "Mozilla/5.0 (iPhone; CPU iPhone OS 12_1_2 like Mac OS X) AppleWebKit/605.1.15 (KHTML, like Gecko) Mobile/16C101JLAMPMode:iPhone"
49.64.173.190 - - [21/Feb/2019:12:53:43 +0800] "GET /css/common.css HTTP/1.1" 200 14033 "http://merp.yudo.com.cn:8183/WEI_2200/WEI_2200?formKey=Menu&menuSelection=asm" "Mozilla/5.0 (iPhone; CPU iPhone OS 12_1_2 like Mac OS X) AppleWebKit/605.1.15 (KHTML, like Gecko) Mobile/16C101JLAMPMode:iPhone"
49.64.173.190 - - [21/Feb/2019:12:53:43 +0800] "GET /css/WEI_2200/WEI_2200_Lists.css?v=201806080936 HTTP/1.1" 200 10572 "http://merp.yudo.com.cn:8183/WEI_2200/WEI_2200?formKey=Menu&menuSelection=asm" "Mozilla/5.0 (iPhone; CPU iPhone OS 12_1_2 like Mac OS X) AppleWebKit/605.1.15 (KHTML, like Gecko) Mobile/16C101JLAMPMode:iPhone"
49.64.173.190 - - [21/Feb/2019:12:53:43 +0800] "GET /js/WEI_2100/css/layui.css HTTP/1.1" 200 62448 "http://merp.yudo.com.cn:8183/WEI_2200/WEI_2200?formKey=Menu&menuSelection=asm" "Mozilla/5.0 (iPhone; CPU iPhone OS 12_1_2 like Mac OS X) AppleWebKit/605.1.15 (KHTML, like Gecko) Mobile/16C101JLAMPMode:iPhone"
49.64.173.190 - - [21/Feb/2019:12:53:43 +0800] "GET /js/multiHttp.js?v=1001 HTTP/1.1" 200 7163 "http://merp.yudo.com.cn:8183/WEI_2200/WEI_2200?formKey=Menu&menuSelection=asm" "Mozilla/5.0 (iPhone; CPU iPhone OS 12_1_2 like Mac OS X) AppleWebKit/605.1.15 (KHTML, like Gecko) Mobile/16C101JLAMPMode:iPhone"
223.104.146.49 - - [21/Feb/2019:12:53:46 +0800] "GET /WEI_2200/WEI_2200?formKey=Menu&menuSelection=asm HTTP/1.1" 200 56919 "http://merp.yudo.com.cn:8183/Menu/Menu?formKey=M20190221T125142750" "Mozilla/5.0 (iPhone; CPU iPhone OS 12_1_2 like Mac OS X) AppleWebKit/605.1.15 (KHTML, like Gecko) Mobile/16C101JLAMPMode:iPhone"
223.104.146.49 - - [21/Feb/2019:12:53:46 +0800] "GET /css/yudo-ui.css?v=1052 HTTP/1.1" 200 23578 "http://merp.yudo.com.cn:8183/WEI_2200/WEI_2200?formKey=Menu&menuSelection=asm" "Mozilla/5.0 (iPhone; CPU iPhone OS 12_1_2 like Mac OS X) AppleWebKit/605.1.15 (KHTML, like Gecko) Mobile/16C101JLAMPMode:iPhone"
223.104.146.49 - - [21/Feb/2019:12:53:46 +0800] "GET /css/common.css HTTP/1.1" 200 14033 "http://merp.yudo.com.cn:8183/WEI_2200/WEI_2200?formKey=Menu&menuSelection=asm" "Mozilla/5.0 (iPhone; CPU iPhone OS 12_1_2 like Mac OS X) AppleWebKit/605.1.15 (KHTML, like Gecko) Mobile/16C101JLAMPMode:iPhone"
223.104.146.49 - - [21/Feb/2019:12:53:46 +0800] "GET /js/WEI_2100/css/layui.css HTTP/1.1" 200 62448 "http://merp.yudo.com.cn:8183/WEI_2200/WEI_2200?formKey=Menu&menuSelection=asm" "Mozilla/5.0 (iPhone; CPU iPhone OS 12_1_2 like Mac OS X) AppleWebKit/605.1.15 (KHTML, like Gecko) Mobile/16C101JLAMPMode:iPhone"
223.104.146.49 - - [21/Feb/2019:12:53:46 +0800] "GET /css/WEI_2200/WEI_2200_Lists.css?v=201806080936 HTTP/1.1" 200 10572 "http://merp.yudo.com.cn:8183/WEI_2200/WEI_2200?formKey=Menu&menuSelection=asm" "Mozilla/5.0 (iPhone; CPU iPhone OS 12_1_2 like Mac OS X) AppleWebKit/605.1.15 (KHTML, like Gecko) Mobile/16C101JLAMPMode:iPhone"
223.104.146.49 - - [21/Feb/2019:12:53:46 +0800] "GET /js/multiHttp.js?v=1001 HTTP/1.1" 200 7163 "http://merp.yudo.com.cn:8183/WEI_2200/WEI_2200?formKey=Menu&menuSelection=asm" "Mozilla/5.0 (iPhone; CPU iPhone OS 12_1_2 like Mac OS X) AppleWebKit/605.1.15 (KHTML, like Gecko) Mobile/16C101JLAMPMode:iPhone"
223.104.146.49 - - [21/Feb/2019:12:53:46 +0800] "GET /js/multiSelect.js?v=2009 HTTP/1.1" 200 7376 "http://merp.yudo.com.cn:8183/WEI_2200/WEI_2200?formKey=Menu&menuSelection=asm" "Mozilla/5.0 (iPhone; CPU iPhone OS 12_1_2 like Mac OS X) AppleWebKit/605.1.15 (KHTML, like Gecko) Mobile/16C101JLAMPMode:iPhone"
223.104.146.49 - - [21/Feb/2019:12:53:46 +0800] "GET /js/lang.js?v=1001 HTTP/1.1" 200 930 "http://merp.yudo.com.cn:8183/WEI_2200/WEI_2200?formKey=Menu&menuSelection=asm" "Mozilla/5.0 (iPhone; CPU iPhone OS 12_1_2 like Mac OS X) AppleWebKit/605.1.15 (KHTML, like Gecko) Mobile/16C101JLAMPMode:iPhone"
223.104.146.49 - - [21/Feb/2019:12:53:46 +0800] "GET /js/WEI_2200/WEI_2200_Lists.js?v=7512 HTTP/1.1" 200 75431 "http://merp.yudo.com.cn:8183/WEI_2200/WEI_2200?formKey=Menu&menuSelection=asm" "Mozilla/5.0 (iPhone; CPU iPhone OS 12_1_2 like Mac OS X) AppleWebKit/605.1.15 (KHTML, like Gecko) Mobile/16C101JLAMPMode:iPhone"
223.104.146.49 - - [21/Feb/2019:12:53:46 +0800] "GET /js/WEI_2100/layui.all.js HTTP/1.1" 200 228080 "http://merp.yudo.com.cn:8183/WEI_2200/WEI_2200?formKey=Menu&menuSelection=asm" "Mozilla/5.0 (iPhone; CPU iPhone OS 12_1_2 like Mac OS X) AppleWebKit/605.1.15 (KHTML, like Gecko) Mobile/16C101JLAMPMode:iPhone"
49.64.173.190 - - [21/Feb/2019:12:53:47 +0800] "GET /image/fonticon/backMenu_icon.png HTTP/1.1" 200 1449 "http://merp.yudo.com.cn:8183/WEI_2200/WEI_2200?formKey=Menu&menuSelection=asm" "Mozilla/5.0 (iPhone; CPU iPhone OS 12_1_2 like Mac OS X) AppleWebKit/605.1.15 (KHTML, like Gecko) Mobile/16C101JLAMPMode:iPhone"
223.104.146.49 - - [21/Feb/2019:12:53:47 +0800] "GET /js/WEI_2100/css/modules/layer/default/layer.css?v=3.1.1 HTTP/1.1" 200 14429 "http://merp.yudo.com.cn:8183/WEI_2200/WEI_2200?formKey=Menu&menuSelection=asm" "Mozilla/5.0 (iPhone; CPU iPhone OS 12_1_2 like Mac OS X) AppleWebKit/605.1.15 (KHTML, like Gecko) Mobile/16C101JLAMPMode:iPhone"
223.104.146.49 - - [21/Feb/2019:12:53:47 +0800] "GET /js/WEI_2100/css/modules/laydate/default/laydate.css?v=5.0.9 HTTP/1.1" 200 7541 "http://merp.yudo.com.cn:8183/WEI_2200/WEI_2200?formKey=Menu&menuSelection=asm" "Mozilla/5.0 (iPhone; CPU iPhone OS 12_1_2 like Mac OS X) AppleWebKit/605.1.15 (KHTML, like Gecko) Mobile/16C101JLAMPMode:iPhone"
223.104.146.49 - - [21/Feb/2019:12:53:47 +0800] "GET /js/WEI_2100/css/modules/code.css HTTP/1.1" 200 1067 "http://merp.yudo.com.cn:8183/WEI_2200/WEI_2200?formKey=Menu&menuSelection=asm" "Mozilla/5.0 (iPhone; CPU iPhone OS 12_1_2 like Mac OS X) AppleWebKit/605.1.15 (KHTML, like Gecko) Mobile/16C101JLAMPMode:iPhone"
49.64.173.190 - - [21/Feb/2019:12:53:47 +0800] "GET /WEI_2200/systemclass_big_prc?bigsysid=actGubun HTTP/1.1" 200 152 "http://merp.yudo.com.cn:8183/WEI_2200/WEI_2200?formKey=Menu&menuSelection=asm" "Mozilla/5.0 (iPhone; CPU iPhone OS 12_1_2 like Mac OS X) AppleWebKit/605.1.15 (KHTML, like Gecko) Mobile/16C101JLAMPMode:iPhone"
49.64.173.190 - - [21/Feb/2019:12:53:47 +0800] "POST /JLAMPCommon/langBatchRows_prc HTTP/1.1" 200 15659 "http://merp.yudo.com.cn:8183/WEI_2200/WEI_2200?formKey=Menu&menuSelection=asm" "Mozilla/5.0 (iPhone; CPU iPhone OS 12_1_2 like Mac OS X) AppleWebKit/605.1.15 (KHTML, like Gecko) Mobile/16C101JLAMPMode:iPhone"
49.64.173.190 - - [21/Feb/2019:12:53:47 +0800] "POST /JLAMPCommon/langBatchRows_prc HTTP/1.1" 200 8276 "http://merp.yudo.com.cn:8183/WEI_2200/WEI_2200?formKey=Menu&menuSelection=asm" "Mozilla/5.0 (iPhone; CPU iPhone OS 12_1_2 like Mac OS X) AppleWebKit/605.1.15 (KHTML, like Gecko) Mobile/16C101JLAMPMode:iPhone"
49.64.173.190 - - [21/Feb/2019:12:53:47 +0800] "GET /JLAMPCommon/getCookieJson_prc HTTP/1.1" 200 899 "http://merp.yudo.com.cn:8183/WEI_2200/WEI_2200?formKey=Menu&menuSelection=asm" "Mozilla/5.0 (iPhone; CPU iPhone OS 12_1_2 like Mac OS X) AppleWebKit/605.1.15 (KHTML, like Gecko) Mobile/16C101JLAMPMode:iPhone"
49.64.173.190 - - [21/Feb/2019:12:53:47 +0800] "GET /image/fonticon/extend_icon.png HTTP/1.1" 200 731 "http://merp.yudo.com.cn:8183/WEI_2200/WEI_2200?formKey=Menu&menuSelection=asm" "Mozilla/5.0 (iPhone; CPU iPhone OS 12_1_2 like Mac OS X) AppleWebKit/605.1.15 (KHTML, like Gecko) Mobile/16C101JLAMPMode:iPhone"
49.64.173.190 - - [21/Feb/2019:12:53:47 +0800] "GET /image/fonticon/search_icon.png HTTP/1.1" 200 2335 "http://merp.yudo.com.cn:8183/WEI_2200/WEI_2200?formKey=Menu&menuSelection=asm" "Mozilla/5.0 (iPhone; CPU iPhone OS 12_1_2 like Mac OS X) AppleWebKit/605.1.15 (KHTML, like Gecko) Mobile/16C101JLAMPMode:iPhone"
49.64.173.190 - - [21/Feb/2019:12:53:47 +0800] "GET /image/fonticon/write_icon.png HTTP/1.1" 200 1384 "http://merp.yudo.com.cn:8183/WEI_2200/WEI_2200?formKey=Menu&menuSelection=asm" "Mozilla/5.0 (iPhone; CPU iPhone OS 12_1_2 like Mac OS X) AppleWebKit/605.1.15 (KHTML, like Gecko) Mobile/16C101JLAMPMode:iPhone"
223.104.146.49 - - [21/Feb/2019:12:53:49 +0800] "GET /image/fonticon/backMenu_icon.png HTTP/1.1" 200 1449 "http://merp.yudo.com.cn:8183/WEI_2200/WEI_2200?formKey=Menu&menuSelection=asm" "Mozilla/5.0 (iPhone; CPU iPhone OS 12_1_2 like Mac OS X) AppleWebKit/605.1.15 (KHTML, like Gecko) Mobile/16C101JLAMPMode:iPhone"
223.104.146.49 - - [21/Feb/2019:12:53:49 +0800] "GET /WEI_2200/systemclass_big_prc?bigsysid=actGubun HTTP/1.1" 200 182 "http://merp.yudo.com.cn:8183/WEI_2200/WEI_2200?formKey=Menu&menuSelection=asm" "Mozilla/5.0 (iPhone; CPU iPhone OS 12_1_2 like Mac OS X) AppleWebKit/605.1.15 (KHTML, like Gecko) Mobile/16C101JLAMPMode:iPhone"
223.104.146.49 - - [21/Feb/2019:12:53:49 +0800] "POST /JLAMPCommon/langBatchRows_prc HTTP/1.1" 200 13704 "http://merp.yudo.com.cn:8183/WEI_2200/WEI_2200?formKey=Menu&menuSelection=asm" "Mozilla/5.0 (iPhone; CPU iPhone OS 12_1_2 like Mac OS X) AppleWebKit/605.1.15 (KHTML, like Gecko) Mobile/16C101JLAMPMode:iPhone"
223.104.146.49 - - [21/Feb/2019:12:53:49 +0800] "POST /JLAMPCommon/langBatchRows_prc HTTP/1.1" 200 7809 "http://merp.yudo.com.cn:8183/WEI_2200/WEI_2200?formKey=Menu&menuSelection=asm" "Mozilla/5.0 (iPhone; CPU iPhone OS 12_1_2 like Mac OS X) AppleWebKit/605.1.15 (KHTML, like Gecko) Mobile/16C101JLAMPMode:iPhone"
223.104.146.49 - - [21/Feb/2019:12:53:49 +0800] "GET /JLAMPCommon/getCookieJson_prc HTTP/1.1" 200 914 "http://merp.yudo.com.cn:8183/WEI_2200/WEI_2200?formKey=Menu&menuSelection=asm" "Mozilla/5.0 (iPhone; CPU iPhone OS 12_1_2 like Mac OS X) AppleWebKit/605.1.15 (KHTML, like Gecko) Mobile/16C101JLAMPMode:iPhone"
223.104.146.49 - - [21/Feb/2019:12:53:50 +0800] "GET /image/fonticon/extend_icon.png HTTP/1.1" 200 731 "http://merp.yudo.com.cn:8183/WEI_2200/WEI_2200?formKey=Menu&menuSelection=asm" "Mozilla/5.0 (iPhone; CPU iPhone OS 12_1_2 like Mac OS X) AppleWebKit/605.1.15 (KHTML, like Gecko) Mobile/16C101JLAMPMode:iPhone"
223.104.146.49 - - [21/Feb/2019:12:53:50 +0800] "GET /image/fonticon/search_icon.png HTTP/1.1" 200 2335 "http://merp.yudo.com.cn:8183/WEI_2200/WEI_2200?formKey=Menu&menuSelection=asm" "Mozilla/5.0 (iPhone; CPU iPhone OS 12_1_2 like Mac OS X) AppleWebKit/605.1.15 (KHTML, like Gecko) Mobile/16C101JLAMPMode:iPhone"
223.104.146.49 - - [21/Feb/2019:12:53:50 +0800] "GET /image/fonticon/write_icon.png HTTP/1.1" 200 1384 "http://merp.yudo.com.cn:8183/WEI_2200/WEI_2200?formKey=Menu&menuSelection=asm" "Mozilla/5.0 (iPhone; CPU iPhone OS 12_1_2 like Mac OS X) AppleWebKit/605.1.15 (KHTML, like Gecko) Mobile/16C101JLAMPMode:iPhone"
49.64.173.190 - - [21/Feb/2019:12:53:53 +0800] "GET /Menu/Menu/menuLists?formKey=undefined&menuSelection=undefined HTTP/1.1" 200 11925 "http://merp.yudo.com.cn:8183/WEI_2200/WEI_2200?formKey=Menu&menuSelection=asm" "Mozilla/5.0 (iPhone; CPU iPhone OS 12_1_2 like Mac OS X) AppleWebKit/605.1.15 (KHTML, like Gecko) Mobile/16C101JLAMPMode:iPhone"
::1 - - [21/Feb/2019:12:53:53 +0800] "OPTIONS * HTTP/1.0" 200 - "-" "Apache/2.4.6 (CentOS) PHP/5.6.32 (internal dummy connection)"
49.64.173.190 - - [21/Feb/2019:12:53:53 +0800] "GET /Menu/doMenuRows_prc?formKey=Menu HTTP/1.1" 200 1217 "http://merp.yudo.com.cn:8183/Menu/Menu/menuLists?formKey=undefined&menuSelection=undefined" "Mozilla/5.0 (iPhone; CPU iPhone OS 12_1_2 like Mac OS X) AppleWebKit/605.1.15 (KHTML, like Gecko) Mobile/16C101JLAMPMode:iPhone"
49.64.173.190 - - [21/Feb/2019:12:53:53 +0800] "GET /JLAMPCommon/getCookieJson_prc HTTP/1.1" 200 899 "http://merp.yudo.com.cn:8183/Menu/Menu/menuLists?formKey=undefined&menuSelection=undefined" "Mozilla/5.0 (iPhone; CPU iPhone OS 12_1_2 like Mac OS X) AppleWebKit/605.1.15 (KHTML, like Gecko) Mobile/16C101JLAMPMode:iPhone"
49.64.173.190 - - [21/Feb/2019:12:53:53 +0800] "GET /Menu/getLoginInfo HTTP/1.1" 200 81 "http://merp.yudo.com.cn:8183/Menu/Menu/menuLists?formKey=undefined&menuSelection=undefined" "Mozilla/5.0 (iPhone; CPU iPhone OS 12_1_2 like Mac OS X) AppleWebKit/605.1.15 (KHTML, like Gecko) Mobile/16C101JLAMPMode:iPhone"
::1 - - [21/Feb/2019:12:53:54 +0800] "OPTIONS * HTTP/1.0" 200 - "-" "Apache/2.4.6 (CentOS) PHP/5.6.32 (internal dummy connection)"
49.64.173.190 - - [21/Feb/2019:12:53:58 +0800] "GET /Menu/Menu/menuLists?formKey=undefined&menuSelection=undefined HTTP/1.1" 200 11925 "http://merp.yudo.com.cn:8183/WEI_2200/WEI_2200?formKey=Menu&menuSelection=asm" "Mozilla/5.0 (Linux; Android 8.1.0; MI 6X Build/OPM1.171019.011; wv) AppleWebKit/537.36 (KHTML, like Gecko) Version/4.0 Chrome/62.0.3202.84 Mobile Safari/537.36"
49.64.173.190 - - [21/Feb/2019:12:53:58 +0800] "GET /Menu/doMenuRows_prc?formKey=Menu HTTP/1.1" 200 1211 "http://merp.yudo.com.cn:8183/Menu/Menu/menuLists?formKey=undefined&menuSelection=undefined" "Mozilla/5.0 (Linux; Android 8.1.0; MI 6X Build/OPM1.171019.011; wv) AppleWebKit/537.36 (KHTML, like Gecko) Version/4.0 Chrome/62.0.3202.84 Mobile Safari/537.36"
49.64.173.190 - - [21/Feb/2019:12:53:58 +0800] "GET /JLAMPCommon/getCookieJson_prc HTTP/1.1" 200 914 "http://merp.yudo.com.cn:8183/Menu/Menu/menuLists?formKey=undefined&menuSelection=undefined" "Mozilla/5.0 (Linux; Android 8.1.0; MI 6X Build/OPM1.171019.011; wv) AppleWebKit/537.36 (KHTML, like Gecko) Version/4.0 Chrome/62.0.3202.84 Mobile Safari/537.36"
49.64.173.190 - - [21/Feb/2019:12:53:58 +0800] "GET /Menu/getLoginInfo HTTP/1.1" 200 172 "http://merp.yudo.com.cn:8183/Menu/Menu/menuLists?formKey=undefined&menuSelection=undefined" "Mozilla/5.0 (Linux; Android 8.1.0; MI 6X Build/OPM1.171019.011; wv) AppleWebKit/537.36 (KHTML, like Gecko) Version/4.0 Chrome/62.0.3202.84 Mobile Safari/537.36"
::1 - - [21/Feb/2019:12:54:05 +0800] "OPTIONS * HTTP/1.0" 200 - "-" "Apache/2.4.6 (CentOS) PHP/5.6.32 (internal dummy connection)"
::1 - - [21/Feb/2019:12:54:06 +0800] "OPTIONS * HTTP/1.0" 200 - "-" "Apache/2.4.6 (CentOS) PHP/5.6.32 (internal dummy connection)"
49.64.173.190 - - [21/Feb/2019:12:55:02 +0800] "GET /WEI_2200/WEI_2200?formKey=Menu&menuSelection=asm HTTP/1.1" 200 56919 "http://merp.yudo.com.cn:8183/Menu/Menu/menuLists?formKey=undefined&menuSelection=undefined" "Mozilla/5.0 (Linux; Android 8.1.0; MI 6X Build/OPM1.171019.011; wv) AppleWebKit/537.36 (KHTML, like Gecko) Version/4.0 Chrome/62.0.3202.84 Mobile Safari/537.36"
49.64.173.190 - - [21/Feb/2019:12:55:03 +0800] "POST /JLAMPCommon/langBatchRows_prc HTTP/1.1" 200 13704 "http://merp.yudo.com.cn:8183/WEI_2200/WEI_2200?formKey=Menu&menuSelection=asm" "Mozilla/5.0 (Linux; Android 8.1.0; MI 6X Build/OPM1.171019.011; wv) AppleWebKit/537.36 (KHTML, like Gecko) Version/4.0 Chrome/62.0.3202.84 Mobile Safari/537.36"
49.64.173.190 - - [21/Feb/2019:12:55:03 +0800] "GET /WEI_2200/systemclass_big_prc?bigsysid=actGubun HTTP/1.1" 200 182 "http://merp.yudo.com.cn:8183/WEI_2200/WEI_2200?formKey=Menu&menuSelection=asm" "Mozilla/5.0 (Linux; Android 8.1.0; MI 6X Build/OPM1.171019.011; wv) AppleWebKit/537.36 (KHTML, like Gecko) Version/4.0 Chrome/62.0.3202.84 Mobile Safari/537.36"
49.64.173.190 - - [21/Feb/2019:12:55:03 +0800] "POST /JLAMPCommon/langBatchRows_prc HTTP/1.1" 200 7809 "http://merp.yudo.com.cn:8183/WEI_2200/WEI_2200?formKey=Menu&menuSelection=asm" "Mozilla/5.0 (Linux; Android 8.1.0; MI 6X Build/OPM1.171019.011; wv) AppleWebKit/537.36 (KHTML, like Gecko) Version/4.0 Chrome/62.0.3202.84 Mobile Safari/537.36"
49.64.173.190 - - [21/Feb/2019:12:55:05 +0800] "GET /JLAMPCommon/getCookieJson_prc HTTP/1.1" 200 914 "http://merp.yudo.com.cn:8183/WEI_2200/WEI_2200?formKey=Menu&menuSelection=asm" "Mozilla/5.0 (Linux; Android 8.1.0; MI 6X Build/OPM1.171019.011; wv) AppleWebKit/537.36 (KHTML, like Gecko) Version/4.0 Chrome/62.0.3202.84 Mobile Safari/537.36"
49.64.173.190 - - [21/Feb/2019:12:55:20 +0800] "GET /image/fonticon/sales_icon.png HTTP/1.1" 200 5931 "http://merp.yudo.com.cn:8183/Menu/Menu/menuLists?formKey=undefined&menuSelection=undefined" "Mozilla/5.0 (iPhone; CPU iPhone OS 12_1_2 like Mac OS X) AppleWebKit/605.1.15 (KHTML, like Gecko) Mobile/16C101JLAMPMode:iPhone"
49.64.173.190 - - [21/Feb/2019:12:55:20 +0800] "GET /image/fonticon/noCompelet_icon.png HTTP/1.1" 200 6474 "http://merp.yudo.com.cn:8183/Menu/Menu/menuLists?formKey=undefined&menuSelection=undefined" "Mozilla/5.0 (iPhone; CPU iPhone OS 12_1_2 like Mac OS X) AppleWebKit/605.1.15 (KHTML, like Gecko) Mobile/16C101JLAMPMode:iPhone"
49.64.173.190 - - [21/Feb/2019:12:55:20 +0800] "GET /image/fonticon/markets_icon.png HTTP/1.1" 200 5705 "http://merp.yudo.com.cn:8183/Menu/Menu/menuLists?formKey=undefined&menuSelection=undefined" "Mozilla/5.0 (iPhone; CPU iPhone OS 12_1_2 like Mac OS X) AppleWebKit/605.1.15 (KHTML, like Gecko) Mobile/16C101JLAMPMode:iPhone"
49.64.173.190 - - [21/Feb/2019:12:55:20 +0800] "GET /image/fonticon/lastYear_icon.png HTTP/1.1" 200 3739 "http://merp.yudo.com.cn:8183/Menu/Menu/menuLists?formKey=undefined&menuSelection=undefined" "Mozilla/5.0 (iPhone; CPU iPhone OS 12_1_2 like Mac OS X) AppleWebKit/605.1.15 (KHTML, like Gecko) Mobile/16C101JLAMPMode:iPhone"
49.64.173.190 - - [21/Feb/2019:12:55:25 +0800] "GET /WEI_0100/WEI_0100?formKey=Menu&menuSelection=mi HTTP/1.1" 200 15277 "http://merp.yudo.com.cn:8183/Menu/Menu/menuLists?formKey=undefined&menuSelection=undefined" "Mozilla/5.0 (iPhone; CPU iPhone OS 12_1_2 like Mac OS X) AppleWebKit/605.1.15 (KHTML, like Gecko) Mobile/16C101JLAMPMode:iPhone"
49.64.173.190 - - [21/Feb/2019:12:55:25 +0800] "GET /css/yudo-ui.css?v=1071 HTTP/1.1" 200 23578 "http://merp.yudo.com.cn:8183/WEI_0100/WEI_0100?formKey=Menu&menuSelection=mi" "Mozilla/5.0 (iPhone; CPU iPhone OS 12_1_2 like Mac OS X) AppleWebKit/605.1.15 (KHTML, like Gecko) Mobile/16C101JLAMPMode:iPhone"
49.64.173.190 - - [21/Feb/2019:12:55:25 +0800] "GET /js/WEI_0100/WEI_0100_Lists.js?v=1076 HTTP/1.1" 200 36918 "http://merp.yudo.com.cn:8183/WEI_0100/WEI_0100?formKey=Menu&menuSelection=mi" "Mozilla/5.0 (iPhone; CPU iPhone OS 12_1_2 like Mac OS X) AppleWebKit/605.1.15 (KHTML, like Gecko) Mobile/16C101JLAMPMode:iPhone"
49.64.173.190 - - [21/Feb/2019:12:55:25 +0800] "POST /JLAMPCommon/langBatchRows_prc HTTP/1.1" 200 11967 "http://merp.yudo.com.cn:8183/WEI_0100/WEI_0100?formKey=Menu&menuSelection=mi" "Mozilla/5.0 (iPhone; CPU iPhone OS 12_1_2 like Mac OS X) AppleWebKit/605.1.15 (KHTML, like Gecko) Mobile/16C101JLAMPMode:iPhone"
49.64.173.190 - - [21/Feb/2019:12:55:25 +0800] "POST /JLAMPCommon/langBatchRows_prc HTTP/1.1" 200 843 "http://merp.yudo.com.cn:8183/WEI_0100/WEI_0100?formKey=Menu&menuSelection=mi" "Mozilla/5.0 (iPhone; CPU iPhone OS 12_1_2 like Mac OS X) AppleWebKit/605.1.15 (KHTML, like Gecko) Mobile/16C101JLAMPMode:iPhone"
49.64.173.190 - - [21/Feb/2019:12:55:25 +0800] "GET /JLAMPCommon/getCookieJson_prc HTTP/1.1" 200 899 "http://merp.yudo.com.cn:8183/WEI_0100/WEI_0100?formKey=Menu&menuSelection=mi" "Mozilla/5.0 (iPhone; CPU iPhone OS 12_1_2 like Mac OS X) AppleWebKit/605.1.15 (KHTML, like Gecko) Mobile/16C101JLAMPMode:iPhone"
49.64.173.190 - - [21/Feb/2019:12:55:26 +0800] "GET /image/fonticon/date_icon.png HTTP/1.1" 200 1883 "http://merp.yudo.com.cn:8183/WEI_0100/WEI_0100?formKey=Menu&menuSelection=mi" "Mozilla/5.0 (iPhone; CPU iPhone OS 12_1_2 like Mac OS X) AppleWebKit/605.1.15 (KHTML, like Gecko) Mobile/16C101JLAMPMode:iPhone"
49.64.173.190 - - [21/Feb/2019:12:55:26 +0800] "GET /image/fonticon/expclass_icon.png HTTP/1.1" 200 3405 "http://merp.yudo.com.cn:8183/WEI_0100/WEI_0100?formKey=Menu&menuSelection=mi" "Mozilla/5.0 (iPhone; CPU iPhone OS 12_1_2 like Mac OS X) AppleWebKit/605.1.15 (KHTML, like Gecko) Mobile/16C101JLAMPMode:iPhone"
49.64.173.190 - - [21/Feb/2019:12:55:27 +0800] "GET /Menu/Menu/menuLists?formKey=undefined&menuSelection=undefined HTTP/1.1" 200 11925 "http://merp.yudo.com.cn:8183/WEI_0100/WEI_0100?formKey=Menu&menuSelection=mi" "Mozilla/5.0 (iPhone; CPU iPhone OS 12_1_2 like Mac OS X) AppleWebKit/605.1.15 (KHTML, like Gecko) Mobile/16C101JLAMPMode:iPhone"
49.64.173.190 - - [21/Feb/2019:12:55:27 +0800] "GET /image/yudo-02.png HTTP/1.1" 200 358241 "http://merp.yudo.com.cn:8183/Menu/Menu/menuLists?formKey=undefined&menuSelection=undefined" "Mozilla/5.0 (iPhone; CPU iPhone OS 12_1_2 like Mac OS X) AppleWebKit/605.1.15 (KHTML, like Gecko) Mobile/16C101JLAMPMode:iPhone"
49.64.173.190 - - [21/Feb/2019:12:55:27 +0800] "GET /Menu/doMenuRows_prc?formKey=Menu HTTP/1.1" 200 1217 "http://merp.yudo.com.cn:8183/Menu/Menu/menuLists?formKey=undefined&menuSelection=undefined" "Mozilla/5.0 (iPhone; CPU iPhone OS 12_1_2 like Mac OS X) AppleWebKit/605.1.15 (KHTML, like Gecko) Mobile/16C101JLAMPMode:iPhone"
49.64.173.190 - - [21/Feb/2019:12:55:28 +0800] "GET /JLAMPCommon/getCookieJson_prc HTTP/1.1" 200 899 "http://merp.yudo.com.cn:8183/Menu/Menu/menuLists?formKey=undefined&menuSelection=undefined" "Mozilla/5.0 (iPhone; CPU iPhone OS 12_1_2 like Mac OS X) AppleWebKit/605.1.15 (KHTML, like Gecko) Mobile/16C101JLAMPMode:iPhone"
49.64.173.190 - - [21/Feb/2019:12:55:28 +0800] "GET /Menu/getLoginInfo HTTP/1.1" 200 81 "http://merp.yudo.com.cn:8183/Menu/Menu/menuLists?formKey=undefined&menuSelection=undefined" "Mozilla/5.0 (iPhone; CPU iPhone OS 12_1_2 like Mac OS X) AppleWebKit/605.1.15 (KHTML, like Gecko) Mobile/16C101JLAMPMode:iPhone"
49.64.173.190 - - [21/Feb/2019:12:55:32 +0800] "GET /WEI_2200/WEI_2200?formKey=Menu&menuSelection=asm HTTP/1.1" 200 56919 "http://merp.yudo.com.cn:8183/Menu/Menu/menuLists?formKey=undefined&menuSelection=undefined" "Mozilla/5.0 (iPhone; CPU iPhone OS 12_1_2 like Mac OS X) AppleWebKit/605.1.15 (KHTML, like Gecko) Mobile/16C101JLAMPMode:iPhone"
49.64.173.190 - - [21/Feb/2019:12:55:32 +0800] "GET /js/WEI_2100/css/layui.css HTTP/1.1" 200 62448 "http://merp.yudo.com.cn:8183/WEI_2200/WEI_2200?formKey=Menu&menuSelection=asm" "Mozilla/5.0 (iPhone; CPU iPhone OS 12_1_2 like Mac OS X) AppleWebKit/605.1.15 (KHTML, like Gecko) Mobile/16C101JLAMPMode:iPhone"
49.64.173.190 - - [21/Feb/2019:12:55:36 +0800] "GET /WEI_2200/systemclass_big_prc?bigsysid=actGubun HTTP/1.1" 200 152 "http://merp.yudo.com.cn:8183/WEI_2200/WEI_2200?formKey=Menu&menuSelection=asm" "Mozilla/5.0 (iPhone; CPU iPhone OS 12_1_2 like Mac OS X) AppleWebKit/605.1.15 (KHTML, like Gecko) Mobile/16C101JLAMPMode:iPhone"
49.64.173.190 - - [21/Feb/2019:12:55:35 +0800] "POST /JLAMPCommon/langBatchRows_prc HTTP/1.1" 200 15659 "http://merp.yudo.com.cn:8183/WEI_2200/WEI_2200?formKey=Menu&menuSelection=asm" "Mozilla/5.0 (iPhone; CPU iPhone OS 12_1_2 like Mac OS X) AppleWebKit/605.1.15 (KHTML, like Gecko) Mobile/16C101JLAMPMode:iPhone"
49.64.173.190 - - [21/Feb/2019:12:55:36 +0800] "POST /JLAMPCommon/langBatchRows_prc HTTP/1.1" 200 8276 "http://merp.yudo.com.cn:8183/WEI_2200/WEI_2200?formKey=Menu&menuSelection=asm" "Mozilla/5.0 (iPhone; CPU iPhone OS 12_1_2 like Mac OS X) AppleWebKit/605.1.15 (KHTML, like Gecko) Mobile/16C101JLAMPMode:iPhone"
49.64.173.190 - - [21/Feb/2019:12:55:36 +0800] "GET /JLAMPCommon/getCookieJson_prc HTTP/1.1" 200 899 "http://merp.yudo.com.cn:8183/WEI_2200/WEI_2200?formKey=Menu&menuSelection=asm" "Mozilla/5.0 (iPhone; CPU iPhone OS 12_1_2 like Mac OS X) AppleWebKit/605.1.15 (KHTML, like Gecko) Mobile/16C101JLAMPMode:iPhone"
49.64.173.190 - - [21/Feb/2019:12:55:42 +0800] "GET /Menu/Menu/menuLists?formKey=undefined&menuSelection=undefined HTTP/1.1" 200 11925 "http://merp.yudo.com.cn:8183/WEI_2200/WEI_2200?formKey=Menu&menuSelection=asm" "Mozilla/5.0 (Linux; Android 8.1.0; MI 6X Build/OPM1.171019.011; wv) AppleWebKit/537.36 (KHTML, like Gecko) Version/4.0 Chrome/62.0.3202.84 Mobile Safari/537.36"
49.64.173.190 - - [21/Feb/2019:12:55:42 +0800] "GET /Menu/doMenuRows_prc?formKey=Menu HTTP/1.1" 200 1211 "http://merp.yudo.com.cn:8183/Menu/Menu/menuLists?formKey=undefined&menuSelection=undefined" "Mozilla/5.0 (Linux; Android 8.1.0; MI 6X Build/OPM1.171019.011; wv) AppleWebKit/537.36 (KHTML, like Gecko) Version/4.0 Chrome/62.0.3202.84 Mobile Safari/537.36"
49.64.173.190 - - [21/Feb/2019:12:55:42 +0800] "GET /JLAMPCommon/getCookieJson_prc HTTP/1.1" 200 914 "http://merp.yudo.com.cn:8183/Menu/Menu/menuLists?formKey=undefined&menuSelection=undefined" "Mozilla/5.0 (Linux; Android 8.1.0; MI 6X Build/OPM1.171019.011; wv) AppleWebKit/537.36 (KHTML, like Gecko) Version/4.0 Chrome/62.0.3202.84 Mobile Safari/537.36"
49.64.173.190 - - [21/Feb/2019:12:55:42 +0800] "GET /Menu/getLoginInfo HTTP/1.1" 200 172 "http://merp.yudo.com.cn:8183/Menu/Menu/menuLists?formKey=undefined&menuSelection=undefined" "Mozilla/5.0 (Linux; Android 8.1.0; MI 6X Build/OPM1.171019.011; wv) AppleWebKit/537.36 (KHTML, like Gecko) Version/4.0 Chrome/62.0.3202.84 Mobile Safari/537.36"
49.64.173.190 - - [21/Feb/2019:12:55:44 +0800] "GET /WEI_2200/WEI_2200?formKey=Menu&menuSelection=asm HTTP/1.1" 200 56920 "http://merp.yudo.com.cn:8183/Menu/Menu/menuLists?formKey=undefined&menuSelection=undefined" "Mozilla/5.0 (Linux; Android 8.1.0; MI 6X Build/OPM1.171019.011; wv) AppleWebKit/537.36 (KHTML, like Gecko) Version/4.0 Chrome/62.0.3202.84 Mobile Safari/537.36"
49.64.173.190 - - [21/Feb/2019:12:55:45 +0800] "POST /JLAMPCommon/langBatchRows_prc HTTP/1.1" 200 13704 "http://merp.yudo.com.cn:8183/WEI_2200/WEI_2200?formKey=Menu&menuSelection=asm" "Mozilla/5.0 (Linux; Android 8.1.0; MI 6X Build/OPM1.171019.011; wv) AppleWebKit/537.36 (KHTML, like Gecko) Version/4.0 Chrome/62.0.3202.84 Mobile Safari/537.36"
49.64.173.190 - - [21/Feb/2019:12:55:45 +0800] "POST /JLAMPCommon/langBatchRows_prc HTTP/1.1" 200 7809 "http://merp.yudo.com.cn:8183/WEI_2200/WEI_2200?formKey=Menu&menuSelection=asm" "Mozilla/5.0 (Linux; Android 8.1.0; MI 6X Build/OPM1.171019.011; wv) AppleWebKit/537.36 (KHTML, like Gecko) Version/4.0 Chrome/62.0.3202.84 Mobile Safari/537.36"
49.64.173.190 - - [21/Feb/2019:12:55:45 +0800] "GET /WEI_2200/systemclass_big_prc?bigsysid=actGubun HTTP/1.1" 200 182 "http://merp.yudo.com.cn:8183/WEI_2200/WEI_2200?formKey=Menu&menuSelection=asm" "Mozilla/5.0 (Linux; Android 8.1.0; MI 6X Build/OPM1.171019.011; wv) AppleWebKit/537.36 (KHTML, like Gecko) Version/4.0 Chrome/62.0.3202.84 Mobile Safari/537.36"
49.64.173.190 - - [21/Feb/2019:12:55:45 +0800] "GET /JLAMPCommon/getCookieJson_prc HTTP/1.1" 200 914 "http://merp.yudo.com.cn:8183/WEI_2200/WEI_2200?formKey=Menu&menuSelection=asm" "Mozilla/5.0 (Linux; Android 8.1.0; MI 6X Build/OPM1.171019.011; wv) AppleWebKit/537.36 (KHTML, like Gecko) Version/4.0 Chrome/62.0.3202.84 Mobile Safari/537.36"
49.64.173.190 - - [21/Feb/2019:12:55:45 +0800] "GET /image/fonticon/back_icon2.png HTTP/1.1" 200 1066 "http://merp.yudo.com.cn:8183/WEI_2200/WEI_2200?formKey=Menu&menuSelection=asm" "Mozilla/5.0 (iPhone; CPU iPhone OS 12_1_2 like Mac OS X) AppleWebKit/605.1.15 (KHTML, like Gecko) Mobile/16C101JLAMPMode:iPhone"
49.64.173.190 - - [21/Feb/2019:12:55:47 +0800] "GET /WEI_2200/getPlanOrReptCount?startDate=2019-02-21&endDate=2019-02-21 HTTP/1.1" 200 66 "http://merp.yudo.com.cn:8183/WEI_2200/WEI_2200?formKey=Menu&menuSelection=asm" "Mozilla/5.0 (Linux; Android 8.1.0; MI 6X Build/OPM1.171019.011; wv) AppleWebKit/537.36 (KHTML, like Gecko) Version/4.0 Chrome/62.0.3202.84 Mobile Safari/537.36"
49.64.173.190 - - [21/Feb/2019:12:55:52 +0800] "GET /WEI_2200/getPlanOrReptCount?startDate=2019-01-21&endDate=2019-02-21 HTTP/1.1" 200 66 "http://merp.yudo.com.cn:8183/WEI_2200/WEI_2200?formKey=Menu&menuSelection=asm" "Mozilla/5.0 (Linux; Android 8.1.0; MI 6X Build/OPM1.171019.011; wv) AppleWebKit/537.36 (KHTML, like Gecko) Version/4.0 Chrome/62.0.3202.84 Mobile Safari/537.36"
49.64.173.190 - - [21/Feb/2019:12:55:53 +0800] "GET /WEI_2200/getPlanOrReptCount?startDate=2019-01-21&endDate=2019-02-21 HTTP/1.1" 200 66 "http://merp.yudo.com.cn:8183/WEI_2200/WEI_2200?formKey=Menu&menuSelection=asm" "Mozilla/5.0 (Linux; Android 8.1.0; MI 6X Build/OPM1.171019.011; wv) AppleWebKit/537.36 (KHTML, like Gecko) Version/4.0 Chrome/62.0.3202.84 Mobile Safari/537.36"
49.64.173.190 - - [21/Feb/2019:12:55:57 +0800] "GET /WEI_2200/getPlanOrReptCount?startDate=2018-01-21&endDate=2019-02-21 HTTP/1.1" 200 535 "http://merp.yudo.com.cn:8183/WEI_2200/WEI_2200?formKey=Menu&menuSelection=asm" "Mozilla/5.0 (iPhone; CPU iPhone OS 12_1_2 like Mac OS X) AppleWebKit/605.1.15 (KHTML, like Gecko) Mobile/16C101JLAMPMode:iPhone"
49.64.173.190 - - [21/Feb/2019:12:55:57 +0800] "GET /WEI_2200/getPlanOrReptCount?startDate=2018-02-21&endDate=2019-02-21 HTTP/1.1" 200 535 "http://merp.yudo.com.cn:8183/WEI_2200/WEI_2200?formKey=Menu&menuSelection=asm" "Mozilla/5.0 (Linux; Android 8.1.0; MI 6X Build/OPM1.171019.011; wv) AppleWebKit/537.36 (KHTML, like Gecko) Version/4.0 Chrome/62.0.3202.84 Mobile Safari/537.36"
49.64.173.190 - - [21/Feb/2019:12:56:10 +0800] "GET /Menu/Menu/menuLists?formKey=undefined&menuSelection=undefined HTTP/1.1" 200 11925 "http://merp.yudo.com.cn:8183/WEI_2200/WEI_2200?formKey=Menu&menuSelection=asm" "Mozilla/5.0 (iPhone; CPU iPhone OS 12_1_2 like Mac OS X) AppleWebKit/605.1.15 (KHTML, like Gecko) Mobile/16C101JLAMPMode:iPhone"
49.64.173.190 - - [21/Feb/2019:12:56:10 +0800] "GET /Menu/doMenuRows_prc?formKey=Menu HTTP/1.1" 200 1217 "http://merp.yudo.com.cn:8183/Menu/Menu/menuLists?formKey=undefined&menuSelection=undefined" "Mozilla/5.0 (iPhone; CPU iPhone OS 12_1_2 like Mac OS X) AppleWebKit/605.1.15 (KHTML, like Gecko) Mobile/16C101JLAMPMode:iPhone"
49.64.173.190 - - [21/Feb/2019:12:56:10 +0800] "GET /JLAMPCommon/getCookieJson_prc HTTP/1.1" 200 899 "http://merp.yudo.com.cn:8183/Menu/Menu/menuLists?formKey=undefined&menuSelection=undefined" "Mozilla/5.0 (iPhone; CPU iPhone OS 12_1_2 like Mac OS X) AppleWebKit/605.1.15 (KHTML, like Gecko) Mobile/16C101JLAMPMode:iPhone"
49.64.173.190 - - [21/Feb/2019:12:56:10 +0800] "GET /image/yudo-02.png HTTP/1.1" 200 358241 "http://merp.yudo.com.cn:8183/Menu/Menu/menuLists?formKey=undefined&menuSelection=undefined" "Mozilla/5.0 (iPhone; CPU iPhone OS 12_1_2 like Mac OS X) AppleWebKit/605.1.15 (KHTML, like Gecko) Mobile/16C101JLAMPMode:iPhone"
