223.104.146.47 - - [29/Jun/2018:09:40:21 +0800] "GET /WEI_2100/systemclass_big_prc?bigsysid=supplyscope HTTP/1.1" 200 376 "http://merp.yudo.com.cn:8183/WEI_2100/WEI_2100?formKey=M20180629T093730400&menuSelection=asm" "Mozilla/5.0 (Linux; Android 8.1.0; MI 6X Build/OPM1.171019.011; wv) AppleWebKit/537.36 (KHTML, like Gecko) Version/4.0 Chrome/62.0.3202.84 Mobile Safari/537.36"
223.104.146.47 - - [29/Jun/2018:09:40:21 +0800] "GET /WEI_2100/systemclass_big_prc?bigsysid=area HTTP/1.1" 200 209 "http://merp.yudo.com.cn:8183/WEI_2100/WEI_2100?formKey=M20180629T093730400&menuSelection=asm" "Mozilla/5.0 (Linux; Android 8.1.0; MI 6X Build/OPM1.171019.011; wv) AppleWebKit/537.36 (KHTML, like Gecko) Version/4.0 Chrome/62.0.3202.84 Mobile Safari/537.36"
223.104.146.47 - - [29/Jun/2018:09:40:21 +0800] "GET /WEI_2100/systemclass_big_prc?bigsysid=asbadtype HTTP/1.1" 200 152 "http://merp.yudo.com.cn:8183/WEI_2100/WEI_2100?formKey=M20180629T093730400&menuSelection=asm" "Mozilla/5.0 (Linux; Android 8.1.0; MI 6X Build/OPM1.171019.011; wv) AppleWebKit/537.36 (KHTML, like Gecko) Version/4.0 Chrome/62.0.3202.84 Mobile Safari/537.36"
223.104.146.47 - - [29/Jun/2018:09:40:21 +0800] "GET /WEI_2100/user_prc HTTP/1.1" 200 224216 "http://merp.yudo.com.cn:8183/WEI_2100/WEI_2100?formKey=M20180629T093730400&menuSelection=asm" "Mozilla/5.0 (Linux; Android 8.1.0; MI 6X Build/OPM1.171019.011; wv) AppleWebKit/537.36 (KHTML, like Gecko) Version/4.0 Chrome/62.0.3202.84 Mobile Safari/537.36"
223.104.146.47 - - [29/Jun/2018:09:40:21 +0800] "GET /WEI_2100/systemclass_big_prc?bigsysid=asclass HTTP/1.1" 200 264 "http://merp.yudo.com.cn:8183/WEI_2100/WEI_2100?formKey=M20180629T093730400&menuSelection=asm" "Mozilla/5.0 (Linux; Android 8.1.0; MI 6X Build/OPM1.171019.011; wv) AppleWebKit/537.36 (KHTML, like Gecko) Version/4.0 Chrome/62.0.3202.84 Mobile Safari/537.36"
223.104.146.47 - - [29/Jun/2018:09:40:21 +0800] "GET /WEI_2100/systemclass_big_prc?bigsysid=ascause HTTP/1.1" 200 209 "http://merp.yudo.com.cn:8183/WEI_2100/WEI_2100?formKey=M20180629T093730400&menuSelection=asm" "Mozilla/5.0 (Linux; Android 8.1.0; MI 6X Build/OPM1.171019.011; wv) AppleWebKit/537.36 (KHTML, like Gecko) Version/4.0 Chrome/62.0.3202.84 Mobile Safari/537.36"
223.104.146.47 - - [29/Jun/2018:09:40:21 +0800] "GET /WEI_2100/as_unit HTTP/1.1" 200 1002 "http://merp.yudo.com.cn:8183/WEI_2100/WEI_2100?formKey=M20180629T093730400&menuSelection=asm" "Mozilla/5.0 (Linux; Android 8.1.0; MI 6X Build/OPM1.171019.011; wv) AppleWebKit/537.36 (KHTML, like Gecko) Version/4.0 Chrome/62.0.3202.84 Mobile Safari/537.36"
223.104.146.47 - - [29/Jun/2018:09:40:26 +0800] "GET /Menu/Menu/menuLists?formKey=M20180629T093730400&menuSelection=asm HTTP/1.1" 200 5926 "http://merp.yudo.com.cn:8183/WEI_2100/WEI_2100?formKey=M20180629T093730400&menuSelection=asm" "Mozilla/5.0 (Linux; Android 8.1.0; MI 6X Build/OPM1.171019.011; wv) AppleWebKit/537.36 (KHTML, like Gecko) Version/4.0 Chrome/62.0.3202.84 Mobile Safari/537.36"
223.104.146.47 - - [29/Jun/2018:09:40:26 +0800] "POST /JLAMPCommon/langBatchRows_prc HTTP/1.1" 200 595 "http://merp.yudo.com.cn:8183/Menu/Menu/menuLists?formKey=M20180629T093730400&menuSelection=asm" "Mozilla/5.0 (Linux; Android 8.1.0; MI 6X Build/OPM1.171019.011; wv) AppleWebKit/537.36 (KHTML, like Gecko) Version/4.0 Chrome/62.0.3202.84 Mobile Safari/537.36"
223.104.146.47 - - [29/Jun/2018:09:40:27 +0800] "GET /JLAMPCommon/getCookieJson_prc HTTP/1.1" 200 970 "http://merp.yudo.com.cn:8183/Menu/Menu/menuLists?formKey=M20180629T093730400&menuSelection=asm" "Mozilla/5.0 (Linux; Android 8.1.0; MI 6X Build/OPM1.171019.011; wv) AppleWebKit/537.36 (KHTML, like Gecko) Version/4.0 Chrome/62.0.3202.84 Mobile Safari/537.36"
223.104.146.47 - - [29/Jun/2018:09:40:27 +0800] "GET /Menu/doMenuRows_prc?formKey=M20180629T093730400 HTTP/1.1" 200 1645 "http://merp.yudo.com.cn:8183/Menu/Menu/menuLists?formKey=M20180629T093730400&menuSelection=asm" "Mozilla/5.0 (Linux; Android 8.1.0; MI 6X Build/OPM1.171019.011; wv) AppleWebKit/537.36 (KHTML, like Gecko) Version/4.0 Chrome/62.0.3202.84 Mobile Safari/537.36"
::1 - - [29/Jun/2018:09:40:35 +0800] "OPTIONS * HTTP/1.0" 200 - "-" "Apache/2.4.6 (CentOS) PHP/5.6.32 (internal dummy connection)"
49.73.86.81 - - [29/Jun/2018:09:40:38 +0800] "GET /?deviceType=mobile&devicePlatform=ios HTTP/1.1" 302 149 "-" "Mozilla/5.0 (iPhone; CPU iPhone OS 11_3 like Mac OS X) AppleWebKit/605.1.15 (KHTML, like Gecko) Mobile/15E216JLAMPMode:iPhone"
49.73.86.81 - - [29/Jun/2018:09:40:38 +0800] "GET /Menu/Menu?formKey=M20180629T093759153 HTTP/1.1" 200 5923 "-" "Mozilla/5.0 (iPhone; CPU iPhone OS 11_3 like Mac OS X) AppleWebKit/605.1.15 (KHTML, like Gecko) Mobile/15E216JLAMPMode:iPhone"
49.73.86.81 - - [29/Jun/2018:09:40:38 +0800] "GET /css/JLAMP.common.min.css HTTP/1.1" 200 - "http://merp.yudo.com.cn:8183/Menu/Menu?formKey=M20180629T093759153" "Mozilla/5.0 (iPhone; CPU iPhone OS 11_3 like Mac OS X) AppleWebKit/605.1.15 (KHTML, like Gecko) Mobile/15E216JLAMPMode:iPhone"
49.73.86.81 - - [29/Jun/2018:09:40:38 +0800] "GET /css/Menu/Menu.css?v=1002 HTTP/1.1" 304 - "http://merp.yudo.com.cn:8183/Menu/Menu?formKey=M20180629T093759153" "Mozilla/5.0 (iPhone; CPU iPhone OS 11_3 like Mac OS X) AppleWebKit/605.1.15 (KHTML, like Gecko) Mobile/15E216JLAMPMode:iPhone"
49.73.86.81 - - [29/Jun/2018:09:40:38 +0800] "GET /css/common.css?v=2002 HTTP/1.1" 304 - "http://merp.yudo.com.cn:8183/Menu/Menu?formKey=M20180629T093759153" "Mozilla/5.0 (iPhone; CPU iPhone OS 11_3 like Mac OS X) AppleWebKit/605.1.15 (KHTML, like Gecko) Mobile/15E216JLAMPMode:iPhone"
49.73.86.81 - - [29/Jun/2018:09:40:38 +0800] "GET /js/common.js HTTP/1.1" 304 - "http://merp.yudo.com.cn:8183/Menu/Menu?formKey=M20180629T093759153" "Mozilla/5.0 (iPhone; CPU iPhone OS 11_3 like Mac OS X) AppleWebKit/605.1.15 (KHTML, like Gecko) Mobile/15E216JLAMPMode:iPhone"
49.73.86.81 - - [29/Jun/2018:09:40:38 +0800] "GET /js/version.js HTTP/1.1" 304 - "http://merp.yudo.com.cn:8183/Menu/Menu?formKey=M20180629T093759153" "Mozilla/5.0 (iPhone; CPU iPhone OS 11_3 like Mac OS X) AppleWebKit/605.1.15 (KHTML, like Gecko) Mobile/15E216JLAMPMode:iPhone"
49.73.86.81 - - [29/Jun/2018:09:40:38 +0800] "GET /js/JLAMP.common.min.js HTTP/1.1" 304 - "http://merp.yudo.com.cn:8183/Menu/Menu?formKey=M20180629T093759153" "Mozilla/5.0 (iPhone; CPU iPhone OS 11_3 like Mac OS X) AppleWebKit/605.1.15 (KHTML, like Gecko) Mobile/15E216JLAMPMode:iPhone"
49.73.86.81 - - [29/Jun/2018:09:40:38 +0800] "GET /js/JLAMP.min.js HTTP/1.1" 304 - "http://merp.yudo.com.cn:8183/Menu/Menu?formKey=M20180629T093759153" "Mozilla/5.0 (iPhone; CPU iPhone OS 11_3 like Mac OS X) AppleWebKit/605.1.15 (KHTML, like Gecko) Mobile/15E216JLAMPMode:iPhone"
49.73.86.81 - - [29/Jun/2018:09:40:38 +0800] "GET /js/JLAMP.lang.min.js HTTP/1.1" 304 - "http://merp.yudo.com.cn:8183/Menu/Menu?formKey=M20180629T093759153" "Mozilla/5.0 (iPhone; CPU iPhone OS 11_3 like Mac OS X) AppleWebKit/605.1.15 (KHTML, like Gecko) Mobile/15E216JLAMPMode:iPhone"
49.73.86.81 - - [29/Jun/2018:09:40:38 +0800] "GET /js/GNB.js HTTP/1.1" 304 - "http://merp.yudo.com.cn:8183/Menu/Menu?formKey=M20180629T093759153" "Mozilla/5.0 (iPhone; CPU iPhone OS 11_3 like Mac OS X) AppleWebKit/605.1.15 (KHTML, like Gecko) Mobile/15E216JLAMPMode:iPhone"
49.73.86.81 - - [29/Jun/2018:09:40:38 +0800] "GET /image/MI.png HTTP/1.1" 304 - "http://merp.yudo.com.cn:8183/Menu/Menu?formKey=M20180629T093759153" "Mozilla/5.0 (iPhone; CPU iPhone OS 11_3 like Mac OS X) AppleWebKit/605.1.15 (KHTML, like Gecko) Mobile/15E216JLAMPMode:iPhone"
49.73.86.81 - - [29/Jun/2018:09:40:38 +0800] "GET /image/SM.png HTTP/1.1" 304 - "http://merp.yudo.com.cn:8183/Menu/Menu?formKey=M20180629T093759153" "Mozilla/5.0 (iPhone; CPU iPhone OS 11_3 like Mac OS X) AppleWebKit/605.1.15 (KHTML, like Gecko) Mobile/15E216JLAMPMode:iPhone"
49.73.86.81 - - [29/Jun/2018:09:40:38 +0800] "GET /image/ASM.png HTTP/1.1" 304 - "http://merp.yudo.com.cn:8183/Menu/Menu?formKey=M20180629T093759153" "Mozilla/5.0 (iPhone; CPU iPhone OS 11_3 like Mac OS X) AppleWebKit/605.1.15 (KHTML, like Gecko) Mobile/15E216JLAMPMode:iPhone"
49.73.86.81 - - [29/Jun/2018:09:40:38 +0800] "GET /js/fastclick.js HTTP/1.1" 304 - "http://merp.yudo.com.cn:8183/Menu/Menu?formKey=M20180629T093759153" "Mozilla/5.0 (iPhone; CPU iPhone OS 11_3 like Mac OS X) AppleWebKit/605.1.15 (KHTML, like Gecko) Mobile/15E216JLAMPMode:iPhone"
49.73.86.81 - - [29/Jun/2018:09:40:38 +0800] "POST /JLAMPCommon/langBatchRows_prc HTTP/1.1" 200 595 "http://merp.yudo.com.cn:8183/Menu/Menu?formKey=M20180629T093759153" "Mozilla/5.0 (iPhone; CPU iPhone OS 11_3 like Mac OS X) AppleWebKit/605.1.15 (KHTML, like Gecko) Mobile/15E216JLAMPMode:iPhone"
49.73.86.81 - - [29/Jun/2018:09:40:38 +0800] "GET /JLAMPCommon/getCookieJson_prc HTTP/1.1" 200 970 "http://merp.yudo.com.cn:8183/Menu/Menu?formKey=M20180629T093759153" "Mozilla/5.0 (iPhone; CPU iPhone OS 11_3 like Mac OS X) AppleWebKit/605.1.15 (KHTML, like Gecko) Mobile/15E216JLAMPMode:iPhone"
49.73.86.81 - - [29/Jun/2018:09:40:39 +0800] "GET /Menu/doMenuRows_prc?formKey=M20180629T093759153 HTTP/1.1" 200 1645 "http://merp.yudo.com.cn:8183/Menu/Menu?formKey=M20180629T093759153" "Mozilla/5.0 (iPhone; CPU iPhone OS 11_3 like Mac OS X) AppleWebKit/605.1.15 (KHTML, like Gecko) Mobile/15E216JLAMPMode:iPhone"
49.73.86.81 - - [29/Jun/2018:09:40:39 +0800] "GET /image/menu_allow.png HTTP/1.1" 304 - "http://merp.yudo.com.cn:8183/Menu/Menu?formKey=M20180629T093759153" "Mozilla/5.0 (iPhone; CPU iPhone OS 11_3 like Mac OS X) AppleWebKit/605.1.15 (KHTML, like Gecko) Mobile/15E216JLAMPMode:iPhone"
49.73.86.81 - - [29/Jun/2018:09:40:42 +0800] "GET /WEI_2100/WEI_2100?formKey=M20180629T093759153&menuSelection=asm HTTP/1.1" 200 86043 "http://merp.yudo.com.cn:8183/Menu/Menu?formKey=M20180629T093759153" "Mozilla/5.0 (iPhone; CPU iPhone OS 11_3 like Mac OS X) AppleWebKit/605.1.15 (KHTML, like Gecko) Mobile/15E216JLAMPMode:iPhone"
49.73.86.81 - - [29/Jun/2018:09:40:42 +0800] "GET /css/WEI_2100/WEI_2100_Lists.css?v=201806080922 HTTP/1.1" 200 10371 "http://merp.yudo.com.cn:8183/WEI_2100/WEI_2100?formKey=M20180629T093759153&menuSelection=asm" "Mozilla/5.0 (iPhone; CPU iPhone OS 11_3 like Mac OS X) AppleWebKit/605.1.15 (KHTML, like Gecko) Mobile/15E216JLAMPMode:iPhone"
49.73.86.81 - - [29/Jun/2018:09:40:42 +0800] "GET /js/WEI_2100/css/layui.css HTTP/1.1" 200 62448 "http://merp.yudo.com.cn:8183/WEI_2100/WEI_2100?formKey=M20180629T093759153&menuSelection=asm" "Mozilla/5.0 (iPhone; CPU iPhone OS 11_3 like Mac OS X) AppleWebKit/605.1.15 (KHTML, like Gecko) Mobile/15E216JLAMPMode:iPhone"
49.73.86.81 - - [29/Jun/2018:09:40:42 +0800] "GET /css/WEI_2000/mui.min.css HTTP/1.1" 304 - "http://merp.yudo.com.cn:8183/WEI_2100/WEI_2100?formKey=M20180629T093759153&menuSelection=asm" "Mozilla/5.0 (iPhone; CPU iPhone OS 11_3 like Mac OS X) AppleWebKit/605.1.15 (KHTML, like Gecko) Mobile/15E216JLAMPMode:iPhone"
49.73.86.81 - - [29/Jun/2018:09:40:42 +0800] "GET /js/WEI_2000/mui.min.js?v=1001 HTTP/1.1" 200 115810 "http://merp.yudo.com.cn:8183/WEI_2100/WEI_2100?formKey=M20180629T093759153&menuSelection=asm" "Mozilla/5.0 (iPhone; CPU iPhone OS 11_3 like Mac OS X) AppleWebKit/605.1.15 (KHTML, like Gecko) Mobile/15E216JLAMPMode:iPhone"
49.73.86.81 - - [29/Jun/2018:09:40:42 +0800] "GET /js/WEI_2100/multiSelect.js?v=1001 HTTP/1.1" 200 4937 "http://merp.yudo.com.cn:8183/WEI_2100/WEI_2100?formKey=M20180629T093759153&menuSelection=asm" "Mozilla/5.0 (iPhone; CPU iPhone OS 11_3 like Mac OS X) AppleWebKit/605.1.15 (KHTML, like Gecko) Mobile/15E216JLAMPMode:iPhone"
49.73.86.81 - - [29/Jun/2018:09:40:42 +0800] "GET /js/WEI_2000/mui.previewimage.js?v=201804261256 HTTP/1.1" 304 - "http://merp.yudo.com.cn:8183/WEI_2100/WEI_2100?formKey=M20180629T093759153&menuSelection=asm" "Mozilla/5.0 (iPhone; CPU iPhone OS 11_3 like Mac OS X) AppleWebKit/605.1.15 (KHTML, like Gecko) Mobile/15E216JLAMPMode:iPhone"
49.73.86.81 - - [29/Jun/2018:09:40:42 +0800] "GET /js/WEI_2000/mui.zoom.js?v=201804231454 HTTP/1.1" 304 - "http://merp.yudo.com.cn:8183/WEI_2100/WEI_2100?formKey=M20180629T093759153&menuSelection=asm" "Mozilla/5.0 (iPhone; CPU iPhone OS 11_3 like Mac OS X) AppleWebKit/605.1.15 (KHTML, like Gecko) Mobile/15E216JLAMPMode:iPhone"
223.104.146.47 - - [29/Jun/2018:09:40:42 +0800] "GET /WEI_2100/WEI_2100?formKey=M20180629T093730400&menuSelection=asm HTTP/1.1" 200 86043 "http://merp.yudo.com.cn:8183/Menu/Menu/menuLists?formKey=M20180629T093730400&menuSelection=asm" "Mozilla/5.0 (Linux; Android 8.1.0; MI 6X Build/OPM1.171019.011; wv) AppleWebKit/537.36 (KHTML, like Gecko) Version/4.0 Chrome/62.0.3202.84 Mobile Safari/537.36"
49.73.86.81 - - [29/Jun/2018:09:40:42 +0800] "GET /image/qrcode.png HTTP/1.1" 304 - "http://merp.yudo.com.cn:8183/WEI_2100/WEI_2100?formKey=M20180629T093759153&menuSelection=asm" "Mozilla/5.0 (iPhone; CPU iPhone OS 11_3 like Mac OS X) AppleWebKit/605.1.15 (KHTML, like Gecko) Mobile/15E216JLAMPMode:iPhone"
223.104.146.47 - - [29/Jun/2018:09:40:42 +0800] "GET /js/WEI_2100/css/layui.css HTTP/1.1" 304 - "http://merp.yudo.com.cn:8183/WEI_2100/WEI_2100?formKey=M20180629T093730400&menuSelection=asm" "Mozilla/5.0 (Linux; Android 8.1.0; MI 6X Build/OPM1.171019.011; wv) AppleWebKit/537.36 (KHTML, like Gecko) Version/4.0 Chrome/62.0.3202.84 Mobile Safari/537.36"
223.104.146.47 - - [29/Jun/2018:09:40:42 +0800] "GET /js/WEI_2100/vue/vue.js HTTP/1.1" 304 - "http://merp.yudo.com.cn:8183/WEI_2100/WEI_2100?formKey=M20180629T093730400&menuSelection=asm" "Mozilla/5.0 (Linux; Android 8.1.0; MI 6X Build/OPM1.171019.011; wv) AppleWebKit/537.36 (KHTML, like Gecko) Version/4.0 Chrome/62.0.3202.84 Mobile Safari/537.36"
223.104.146.47 - - [29/Jun/2018:09:40:42 +0800] "GET /js/WEI_2100/multiSelect.js?v=1001 HTTP/1.1" 304 - "http://merp.yudo.com.cn:8183/WEI_2100/WEI_2100?formKey=M20180629T093730400&menuSelection=asm" "Mozilla/5.0 (Linux; Android 8.1.0; MI 6X Build/OPM1.171019.011; wv) AppleWebKit/537.36 (KHTML, like Gecko) Version/4.0 Chrome/62.0.3202.84 Mobile Safari/537.36"
49.73.86.81 - - [29/Jun/2018:09:40:42 +0800] "GET /js/WEI_2100/WEI_2100_Lists.js?v=2018 HTTP/1.1" 200 116086 "http://merp.yudo.com.cn:8183/WEI_2100/WEI_2100?formKey=M20180629T093759153&menuSelection=asm" "Mozilla/5.0 (iPhone; CPU iPhone OS 11_3 like Mac OS X) AppleWebKit/605.1.15 (KHTML, like Gecko) Mobile/15E216JLAMPMode:iPhone"
49.73.86.81 - - [29/Jun/2018:09:40:42 +0800] "GET /js/WEI_2100/layui.all.js HTTP/1.1" 200 228080 "http://merp.yudo.com.cn:8183/WEI_2100/WEI_2100?formKey=M20180629T093759153&menuSelection=asm" "Mozilla/5.0 (iPhone; CPU iPhone OS 11_3 like Mac OS X) AppleWebKit/605.1.15 (KHTML, like Gecko) Mobile/15E216JLAMPMode:iPhone"
49.73.86.81 - - [29/Jun/2018:09:40:42 +0800] "GET /js/WEI_2100/vue/vue.js HTTP/1.1" 200 289303 "http://merp.yudo.com.cn:8183/WEI_2100/WEI_2100?formKey=M20180629T093759153&menuSelection=asm" "Mozilla/5.0 (iPhone; CPU iPhone OS 11_3 like Mac OS X) AppleWebKit/605.1.15 (KHTML, like Gecko) Mobile/15E216JLAMPMode:iPhone"
223.104.146.47 - - [29/Jun/2018:09:40:42 +0800] "GET /js/WEI_2100/layui.all.js HTTP/1.1" 304 - "http://merp.yudo.com.cn:8183/WEI_2100/WEI_2100?formKey=M20180629T093730400&menuSelection=asm" "Mozilla/5.0 (Linux; Android 8.1.0; MI 6X Build/OPM1.171019.011; wv) AppleWebKit/537.36 (KHTML, like Gecko) Version/4.0 Chrome/62.0.3202.84 Mobile Safari/537.36"
223.104.146.47 - - [29/Jun/2018:09:40:42 +0800] "GET /js/WEI_2100/WEI_2100_Lists.js?v=2018 HTTP/1.1" 304 - "http://merp.yudo.com.cn:8183/WEI_2100/WEI_2100?formKey=M20180629T093730400&menuSelection=asm" "Mozilla/5.0 (Linux; Android 8.1.0; MI 6X Build/OPM1.171019.011; wv) AppleWebKit/537.36 (KHTML, like Gecko) Version/4.0 Chrome/62.0.3202.84 Mobile Safari/537.36"
223.104.146.47 - - [29/Jun/2018:09:40:42 +0800] "GET /js/WEI_2100/css/modules/laydate/default/laydate.css?v=5.0.9 HTTP/1.1" 304 - "http://merp.yudo.com.cn:8183/WEI_2100/WEI_2100?formKey=M20180629T093730400&menuSelection=asm" "Mozilla/5.0 (Linux; Android 8.1.0; MI 6X Build/OPM1.171019.011; wv) AppleWebKit/537.36 (KHTML, like Gecko) Version/4.0 Chrome/62.0.3202.84 Mobile Safari/537.36"
223.104.146.47 - - [29/Jun/2018:09:40:42 +0800] "GET /js/WEI_2100/css/modules/layer/default/layer.css?v=3.1.1 HTTP/1.1" 304 - "http://merp.yudo.com.cn:8183/WEI_2100/WEI_2100?formKey=M20180629T093730400&menuSelection=asm" "Mozilla/5.0 (Linux; Android 8.1.0; MI 6X Build/OPM1.171019.011; wv) AppleWebKit/537.36 (KHTML, like Gecko) Version/4.0 Chrome/62.0.3202.84 Mobile Safari/537.36"
223.104.146.47 - - [29/Jun/2018:09:40:42 +0800] "GET /js/WEI_2100/css/modules/code.css HTTP/1.1" 304 - "http://merp.yudo.com.cn:8183/WEI_2100/WEI_2100?formKey=M20180629T093730400&menuSelection=asm" "Mozilla/5.0 (Linux; Android 8.1.0; MI 6X Build/OPM1.171019.011; wv) AppleWebKit/537.36 (KHTML, like Gecko) Version/4.0 Chrome/62.0.3202.84 Mobile Safari/537.36"
49.73.86.81 - - [29/Jun/2018:09:40:42 +0800] "GET /js/WEI_2100/css/modules/laydate/default/laydate.css?v=5.0.9 HTTP/1.1" 200 7541 "http://merp.yudo.com.cn:8183/WEI_2100/WEI_2100?formKey=M20180629T093759153&menuSelection=asm" "Mozilla/5.0 (iPhone; CPU iPhone OS 11_3 like Mac OS X) AppleWebKit/605.1.15 (KHTML, like Gecko) Mobile/15E216JLAMPMode:iPhone"
49.73.86.81 - - [29/Jun/2018:09:40:42 +0800] "GET /js/WEI_2100/css/modules/layer/default/layer.css?v=3.1.1 HTTP/1.1" 200 14429 "http://merp.yudo.com.cn:8183/WEI_2100/WEI_2100?formKey=M20180629T093759153&menuSelection=asm" "Mozilla/5.0 (iPhone; CPU iPhone OS 11_3 like Mac OS X) AppleWebKit/605.1.15 (KHTML, like Gecko) Mobile/15E216JLAMPMode:iPhone"
49.73.86.81 - - [29/Jun/2018:09:40:43 +0800] "GET /js/WEI_2100/css/modules/code.css HTTP/1.1" 200 1067 "http://merp.yudo.com.cn:8183/WEI_2100/WEI_2100?formKey=M20180629T093759153&menuSelection=asm" "Mozilla/5.0 (iPhone; CPU iPhone OS 11_3 like Mac OS X) AppleWebKit/605.1.15 (KHTML, like Gecko) Mobile/15E216JLAMPMode:iPhone"
49.73.86.81 - - [29/Jun/2018:09:40:43 +0800] "GET /css/fonts/mui.ttf HTTP/1.1" 304 - "http://merp.yudo.com.cn:8183/WEI_2100/WEI_2100?formKey=M20180629T093759153&menuSelection=asm" "Mozilla/5.0 (iPhone; CPU iPhone OS 11_3 like Mac OS X) AppleWebKit/605.1.15 (KHTML, like Gecko) Mobile/15E216JLAMPMode:iPhone"
223.104.146.47 - - [29/Jun/2018:09:40:43 +0800] "POST /JLAMPCommon/langBatchRows_prc HTTP/1.1" 200 191 "http://merp.yudo.com.cn:8183/WEI_2100/WEI_2100?formKey=M20180629T093730400&menuSelection=asm" "Mozilla/5.0 (Linux; Android 8.1.0; MI 6X Build/OPM1.171019.011; wv) AppleWebKit/537.36 (KHTML, like Gecko) Version/4.0 Chrome/62.0.3202.84 Mobile Safari/537.36"
49.73.86.81 - - [29/Jun/2018:09:40:43 +0800] "GET /js/WEI_2100/font/iconfont.svg?v=230-rc1 HTTP/1.1" 200 273664 "http://merp.yudo.com.cn:8183/WEI_2100/WEI_2100?formKey=M20180629T093759153&menuSelection=asm" "Mozilla/5.0 (iPhone; CPU iPhone OS 11_3 like Mac OS X) AppleWebKit/605.1.15 (KHTML, like Gecko) Mobile/15E216JLAMPMode:iPhone"
223.104.146.47 - - [29/Jun/2018:09:40:43 +0800] "GET /JLAMPCommon/getCookieJson_prc HTTP/1.1" 200 970 "http://merp.yudo.com.cn:8183/WEI_2100/WEI_2100?formKey=M20180629T093730400&menuSelection=asm" "Mozilla/5.0 (Linux; Android 8.1.0; MI 6X Build/OPM1.171019.011; wv) AppleWebKit/537.36 (KHTML, like Gecko) Version/4.0 Chrome/62.0.3202.84 Mobile Safari/537.36"
::1 - - [29/Jun/2018:09:40:49 +0800] "OPTIONS * HTTP/1.0" 200 - "-" "Apache/2.4.6 (CentOS) PHP/5.6.32 (internal dummy connection)"
::1 - - [29/Jun/2018:09:40:50 +0800] "OPTIONS * HTTP/1.0" 200 - "-" "Apache/2.4.6 (CentOS) PHP/5.6.32 (internal dummy connection)"
::1 - - [29/Jun/2018:09:40:51 +0800] "OPTIONS * HTTP/1.0" 200 - "-" "Apache/2.4.6 (CentOS) PHP/5.6.32 (internal dummy connection)"
::1 - - [29/Jun/2018:09:40:52 +0800] "OPTIONS * HTTP/1.0" 200 - "-" "Apache/2.4.6 (CentOS) PHP/5.6.32 (internal dummy connection)"
::1 - - [29/Jun/2018:09:40:53 +0800] "OPTIONS * HTTP/1.0" 200 - "-" "Apache/2.4.6 (CentOS) PHP/5.6.32 (internal dummy connection)"
::1 - - [29/Jun/2018:09:40:54 +0800] "OPTIONS * HTTP/1.0" 200 - "-" "Apache/2.4.6 (CentOS) PHP/5.6.32 (internal dummy connection)"
49.73.86.81 - - [29/Jun/2018:09:40:55 +0800] "GET /js/WEI_2100/font/iconfont.woff?v=230-rc1 HTTP/1.1" 200 25996 "http://merp.yudo.com.cn:8183/WEI_2100/WEI_2100?formKey=M20180629T093759153&menuSelection=asm" "Mozilla/5.0 (iPhone; CPU iPhone OS 11_3 like Mac OS X) AppleWebKit/605.1.15 (KHTML, like Gecko) Mobile/15E216JLAMPMode:iPhone"
49.73.86.81 - - [29/Jun/2018:09:40:55 +0800] "POST /JLAMPCommon/langBatchRows_prc HTTP/1.1" 200 191 "http://merp.yudo.com.cn:8183/WEI_2100/WEI_2100?formKey=M20180629T093759153&menuSelection=asm" "Mozilla/5.0 (iPhone; CPU iPhone OS 11_3 like Mac OS X) AppleWebKit/605.1.15 (KHTML, like Gecko) Mobile/15E216JLAMPMode:iPhone"
49.73.86.81 - - [29/Jun/2018:09:40:55 +0800] "GET /JLAMPCommon/getCookieJson_prc HTTP/1.1" 200 970 "http://merp.yudo.com.cn:8183/WEI_2100/WEI_2100?formKey=M20180629T093759153&menuSelection=asm" "Mozilla/5.0 (iPhone; CPU iPhone OS 11_3 like Mac OS X) AppleWebKit/605.1.15 (KHTML, like Gecko) Mobile/15E216JLAMPMode:iPhone"
223.104.146.47 - - [29/Jun/2018:09:41:00 +0800] "GET /Menu/Menu/menuLists?formKey=M20180629T093730400&menuSelection=asm HTTP/1.1" 200 5926 "http://merp.yudo.com.cn:8183/WEI_2100/WEI_2100?formKey=M20180629T093730400&menuSelection=asm" "Mozilla/5.0 (Linux; Android 8.1.0; MI 6X Build/OPM1.171019.011; wv) AppleWebKit/537.36 (KHTML, like Gecko) Version/4.0 Chrome/62.0.3202.84 Mobile Safari/537.36"
49.73.86.81 - - [29/Jun/2018:09:41:00 +0800] "GET /Menu/Menu/menuLists?formKey=M20180629T093759153&menuSelection=asm HTTP/1.1" 200 5926 "http://merp.yudo.com.cn:8183/WEI_2100/WEI_2100?formKey=M20180629T093759153&menuSelection=asm" "Mozilla/5.0 (iPhone; CPU iPhone OS 11_3 like Mac OS X) AppleWebKit/605.1.15 (KHTML, like Gecko) Mobile/15E216JLAMPMode:iPhone"
223.104.146.47 - - [29/Jun/2018:09:41:00 +0800] "POST /JLAMPCommon/langBatchRows_prc HTTP/1.1" 200 595 "http://merp.yudo.com.cn:8183/Menu/Menu/menuLists?formKey=M20180629T093730400&menuSelection=asm" "Mozilla/5.0 (Linux; Android 8.1.0; MI 6X Build/OPM1.171019.011; wv) AppleWebKit/537.36 (KHTML, like Gecko) Version/4.0 Chrome/62.0.3202.84 Mobile Safari/537.36"
223.104.146.47 - - [29/Jun/2018:09:41:01 +0800] "GET /JLAMPCommon/getCookieJson_prc HTTP/1.1" 200 970 "http://merp.yudo.com.cn:8183/Menu/Menu/menuLists?formKey=M20180629T093730400&menuSelection=asm" "Mozilla/5.0 (Linux; Android 8.1.0; MI 6X Build/OPM1.171019.011; wv) AppleWebKit/537.36 (KHTML, like Gecko) Version/4.0 Chrome/62.0.3202.84 Mobile Safari/537.36"
49.73.86.81 - - [29/Jun/2018:09:41:01 +0800] "POST /JLAMPCommon/langBatchRows_prc HTTP/1.1" 200 595 "http://merp.yudo.com.cn:8183/Menu/Menu/menuLists?formKey=M20180629T093759153&menuSelection=asm" "Mozilla/5.0 (iPhone; CPU iPhone OS 11_3 like Mac OS X) AppleWebKit/605.1.15 (KHTML, like Gecko) Mobile/15E216JLAMPMode:iPhone"
49.73.86.81 - - [29/Jun/2018:09:41:01 +0800] "GET /JLAMPCommon/getCookieJson_prc HTTP/1.1" 200 970 "http://merp.yudo.com.cn:8183/Menu/Menu/menuLists?formKey=M20180629T093759153&menuSelection=asm" "Mozilla/5.0 (iPhone; CPU iPhone OS 11_3 like Mac OS X) AppleWebKit/605.1.15 (KHTML, like Gecko) Mobile/15E216JLAMPMode:iPhone"
223.104.146.47 - - [29/Jun/2018:09:41:01 +0800] "GET /Menu/doMenuRows_prc?formKey=M20180629T093730400 HTTP/1.1" 200 1645 "http://merp.yudo.com.cn:8183/Menu/Menu/menuLists?formKey=M20180629T093730400&menuSelection=asm" "Mozilla/5.0 (Linux; Android 8.1.0; MI 6X Build/OPM1.171019.011; wv) AppleWebKit/537.36 (KHTML, like Gecko) Version/4.0 Chrome/62.0.3202.84 Mobile Safari/537.36"
49.73.86.81 - - [29/Jun/2018:09:41:01 +0800] "GET /Menu/doMenuRows_prc?formKey=M20180629T093759153 HTTP/1.1" 200 1645 "http://merp.yudo.com.cn:8183/Menu/Menu/menuLists?formKey=M20180629T093759153&menuSelection=asm" "Mozilla/5.0 (iPhone; CPU iPhone OS 11_3 like Mac OS X) AppleWebKit/605.1.15 (KHTML, like Gecko) Mobile/15E216JLAMPMode:iPhone"
49.73.86.81 - - [29/Jun/2018:09:41:11 +0800] "GET /WEI_2100/WEI_2100?formKey=M20180629T093759153&menuSelection=asm HTTP/1.1" 200 86043 "http://merp.yudo.com.cn:8183/Menu/Menu/menuLists?formKey=M20180629T093759153&menuSelection=asm" "Mozilla/5.0 (iPhone; CPU iPhone OS 11_3 like Mac OS X) AppleWebKit/605.1.15 (KHTML, like Gecko) Mobile/15E216JLAMPMode:iPhone"
49.73.86.81 - - [29/Jun/2018:09:41:11 +0800] "GET /js/WEI_2100/css/layui.css HTTP/1.1" 304 - "http://merp.yudo.com.cn:8183/WEI_2100/WEI_2100?formKey=M20180629T093759153&menuSelection=asm" "Mozilla/5.0 (iPhone; CPU iPhone OS 11_3 like Mac OS X) AppleWebKit/605.1.15 (KHTML, like Gecko) Mobile/15E216JLAMPMode:iPhone"
49.73.86.81 - - [29/Jun/2018:09:41:11 +0800] "GET /js/WEI_2100/multiSelect.js?v=1001 HTTP/1.1" 304 - "http://merp.yudo.com.cn:8183/WEI_2100/WEI_2100?formKey=M20180629T093759153&menuSelection=asm" "Mozilla/5.0 (iPhone; CPU iPhone OS 11_3 like Mac OS X) AppleWebKit/605.1.15 (KHTML, like Gecko) Mobile/15E216JLAMPMode:iPhone"
49.73.86.81 - - [29/Jun/2018:09:41:11 +0800] "GET /js/WEI_2100/vue/vue.js HTTP/1.1" 304 - "http://merp.yudo.com.cn:8183/WEI_2100/WEI_2100?formKey=M20180629T093759153&menuSelection=asm" "Mozilla/5.0 (iPhone; CPU iPhone OS 11_3 like Mac OS X) AppleWebKit/605.1.15 (KHTML, like Gecko) Mobile/15E216JLAMPMode:iPhone"
49.73.86.81 - - [29/Jun/2018:09:41:11 +0800] "GET /js/WEI_2100/layui.all.js HTTP/1.1" 304 - "http://merp.yudo.com.cn:8183/WEI_2100/WEI_2100?formKey=M20180629T093759153&menuSelection=asm" "Mozilla/5.0 (iPhone; CPU iPhone OS 11_3 like Mac OS X) AppleWebKit/605.1.15 (KHTML, like Gecko) Mobile/15E216JLAMPMode:iPhone"
49.73.86.81 - - [29/Jun/2018:09:41:11 +0800] "GET /js/WEI_2100/WEI_2100_Lists.js?v=2018 HTTP/1.1" 304 - "http://merp.yudo.com.cn:8183/WEI_2100/WEI_2100?formKey=M20180629T093759153&menuSelection=asm" "Mozilla/5.0 (iPhone; CPU iPhone OS 11_3 like Mac OS X) AppleWebKit/605.1.15 (KHTML, like Gecko) Mobile/15E216JLAMPMode:iPhone"
223.104.146.47 - - [29/Jun/2018:09:41:11 +0800] "GET /WEI_2100/WEI_2100?formKey=M20180629T093730400&menuSelection=asm HTTP/1.1" 200 86043 "http://merp.yudo.com.cn:8183/Menu/Menu/menuLists?formKey=M20180629T093730400&menuSelection=asm" "Mozilla/5.0 (Linux; Android 8.1.0; MI 6X Build/OPM1.171019.011; wv) AppleWebKit/537.36 (KHTML, like Gecko) Version/4.0 Chrome/62.0.3202.84 Mobile Safari/537.36"
49.73.86.81 - - [29/Jun/2018:09:41:11 +0800] "GET /js/WEI_2100/css/modules/laydate/default/laydate.css?v=5.0.9 HTTP/1.1" 304 - "http://merp.yudo.com.cn:8183/WEI_2100/WEI_2100?formKey=M20180629T093759153&menuSelection=asm" "Mozilla/5.0 (iPhone; CPU iPhone OS 11_3 like Mac OS X) AppleWebKit/605.1.15 (KHTML, like Gecko) Mobile/15E216JLAMPMode:iPhone"
49.73.86.81 - - [29/Jun/2018:09:41:11 +0800] "GET /js/WEI_2100/css/modules/layer/default/layer.css?v=3.1.1 HTTP/1.1" 304 - "http://merp.yudo.com.cn:8183/WEI_2100/WEI_2100?formKey=M20180629T093759153&menuSelection=asm" "Mozilla/5.0 (iPhone; CPU iPhone OS 11_3 like Mac OS X) AppleWebKit/605.1.15 (KHTML, like Gecko) Mobile/15E216JLAMPMode:iPhone"
49.73.86.81 - - [29/Jun/2018:09:41:11 +0800] "GET /js/WEI_2100/css/modules/code.css HTTP/1.1" 304 - "http://merp.yudo.com.cn:8183/WEI_2100/WEI_2100?formKey=M20180629T093759153&menuSelection=asm" "Mozilla/5.0 (iPhone; CPU iPhone OS 11_3 like Mac OS X) AppleWebKit/605.1.15 (KHTML, like Gecko) Mobile/15E216JLAMPMode:iPhone"
223.104.146.47 - - [29/Jun/2018:09:41:11 +0800] "GET /css/WEI_2100/WEI_2100_Lists.css?v=201806080922 HTTP/1.1" 304 - "http://merp.yudo.com.cn:8183/WEI_2100/WEI_2100?formKey=M20180629T093730400&menuSelection=asm" "Mozilla/5.0 (Linux; Android 8.1.0; MI 6X Build/OPM1.171019.011; wv) AppleWebKit/537.36 (KHTML, like Gecko) Version/4.0 Chrome/62.0.3202.84 Mobile Safari/537.36"
223.104.146.47 - - [29/Jun/2018:09:41:11 +0800] "GET /js/WEI_2100/css/layui.css HTTP/1.1" 304 - "http://merp.yudo.com.cn:8183/WEI_2100/WEI_2100?formKey=M20180629T093730400&menuSelection=asm" "Mozilla/5.0 (Linux; Android 8.1.0; MI 6X Build/OPM1.171019.011; wv) AppleWebKit/537.36 (KHTML, like Gecko) Version/4.0 Chrome/62.0.3202.84 Mobile Safari/537.36"
223.104.146.47 - - [29/Jun/2018:09:41:11 +0800] "GET /js/WEI_2100/vue/vue.js HTTP/1.1" 304 - "http://merp.yudo.com.cn:8183/WEI_2100/WEI_2100?formKey=M20180629T093730400&menuSelection=asm" "Mozilla/5.0 (Linux; Android 8.1.0; MI 6X Build/OPM1.171019.011; wv) AppleWebKit/537.36 (KHTML, like Gecko) Version/4.0 Chrome/62.0.3202.84 Mobile Safari/537.36"
223.104.146.47 - - [29/Jun/2018:09:41:11 +0800] "GET /js/WEI_2100/multiSelect.js?v=1001 HTTP/1.1" 304 - "http://merp.yudo.com.cn:8183/WEI_2100/WEI_2100?formKey=M20180629T093730400&menuSelection=asm" "Mozilla/5.0 (Linux; Android 8.1.0; MI 6X Build/OPM1.171019.011; wv) AppleWebKit/537.36 (KHTML, like Gecko) Version/4.0 Chrome/62.0.3202.84 Mobile Safari/537.36"
223.104.146.47 - - [29/Jun/2018:09:41:12 +0800] "GET /js/WEI_2100/layui.all.js HTTP/1.1" 304 - "http://merp.yudo.com.cn:8183/WEI_2100/WEI_2100?formKey=M20180629T093730400&menuSelection=asm" "Mozilla/5.0 (Linux; Android 8.1.0; MI 6X Build/OPM1.171019.011; wv) AppleWebKit/537.36 (KHTML, like Gecko) Version/4.0 Chrome/62.0.3202.84 Mobile Safari/537.36"
223.104.146.47 - - [29/Jun/2018:09:41:12 +0800] "GET /js/WEI_2100/WEI_2100_Lists.js?v=2018 HTTP/1.1" 304 - "http://merp.yudo.com.cn:8183/WEI_2100/WEI_2100?formKey=M20180629T093730400&menuSelection=asm" "Mozilla/5.0 (Linux; Android 8.1.0; MI 6X Build/OPM1.171019.011; wv) AppleWebKit/537.36 (KHTML, like Gecko) Version/4.0 Chrome/62.0.3202.84 Mobile Safari/537.36"
223.104.146.47 - - [29/Jun/2018:09:41:12 +0800] "GET /js/WEI_2100/font/iconfont.woff?v=230-rc1 HTTP/1.1" 304 - "http://merp.yudo.com.cn:8183/js/WEI_2100/css/layui.css" "Mozilla/5.0 (Linux; Android 8.1.0; MI 6X Build/OPM1.171019.011; wv) AppleWebKit/537.36 (KHTML, like Gecko) Version/4.0 Chrome/62.0.3202.84 Mobile Safari/537.36"
223.104.146.47 - - [29/Jun/2018:09:41:12 +0800] "GET /js/WEI_2100/css/modules/laydate/default/laydate.css?v=5.0.9 HTTP/1.1" 304 - "http://merp.yudo.com.cn:8183/WEI_2100/WEI_2100?formKey=M20180629T093730400&menuSelection=asm" "Mozilla/5.0 (Linux; Android 8.1.0; MI 6X Build/OPM1.171019.011; wv) AppleWebKit/537.36 (KHTML, like Gecko) Version/4.0 Chrome/62.0.3202.84 Mobile Safari/537.36"
223.104.146.47 - - [29/Jun/2018:09:41:12 +0800] "GET /js/WEI_2100/css/modules/layer/default/layer.css?v=3.1.1 HTTP/1.1" 304 - "http://merp.yudo.com.cn:8183/WEI_2100/WEI_2100?formKey=M20180629T093730400&menuSelection=asm" "Mozilla/5.0 (Linux; Android 8.1.0; MI 6X Build/OPM1.171019.011; wv) AppleWebKit/537.36 (KHTML, like Gecko) Version/4.0 Chrome/62.0.3202.84 Mobile Safari/537.36"
223.104.146.47 - - [29/Jun/2018:09:41:12 +0800] "GET /js/WEI_2100/css/modules/code.css HTTP/1.1" 304 - "http://merp.yudo.com.cn:8183/WEI_2100/WEI_2100?formKey=M20180629T093730400&menuSelection=asm" "Mozilla/5.0 (Linux; Android 8.1.0; MI 6X Build/OPM1.171019.011; wv) AppleWebKit/537.36 (KHTML, like Gecko) Version/4.0 Chrome/62.0.3202.84 Mobile Safari/537.36"
223.104.146.47 - - [29/Jun/2018:09:41:12 +0800] "POST /JLAMPCommon/langBatchRows_prc HTTP/1.1" 200 191 "http://merp.yudo.com.cn:8183/WEI_2100/WEI_2100?formKey=M20180629T093730400&menuSelection=asm" "Mozilla/5.0 (Linux; Android 8.1.0; MI 6X Build/OPM1.171019.011; wv) AppleWebKit/537.36 (KHTML, like Gecko) Version/4.0 Chrome/62.0.3202.84 Mobile Safari/537.36"
223.104.146.47 - - [29/Jun/2018:09:41:12 +0800] "GET /JLAMPCommon/getCookieJson_prc HTTP/1.1" 200 970 "http://merp.yudo.com.cn:8183/WEI_2100/WEI_2100?formKey=M20180629T093730400&menuSelection=asm" "Mozilla/5.0 (Linux; Android 8.1.0; MI 6X Build/OPM1.171019.011; wv) AppleWebKit/537.36 (KHTML, like Gecko) Version/4.0 Chrome/62.0.3202.84 Mobile Safari/537.36"
::1 - - [29/Jun/2018:09:41:17 +0800] "OPTIONS * HTTP/1.0" 200 - "-" "Apache/2.4.6 (CentOS) PHP/5.6.32 (internal dummy connection)"
::1 - - [29/Jun/2018:09:41:18 +0800] "OPTIONS * HTTP/1.0" 200 - "-" "Apache/2.4.6 (CentOS) PHP/5.6.32 (internal dummy connection)"
::1 - - [29/Jun/2018:09:41:19 +0800] "OPTIONS * HTTP/1.0" 200 - "-" "Apache/2.4.6 (CentOS) PHP/5.6.32 (internal dummy connection)"
::1 - - [29/Jun/2018:09:41:20 +0800] "OPTIONS * HTTP/1.0" 200 - "-" "Apache/2.4.6 (CentOS) PHP/5.6.32 (internal dummy connection)"
::1 - - [29/Jun/2018:09:41:21 +0800] "OPTIONS * HTTP/1.0" 200 - "-" "Apache/2.4.6 (CentOS) PHP/5.6.32 (internal dummy connection)"
::1 - - [29/Jun/2018:09:41:22 +0800] "OPTIONS * HTTP/1.0" 200 - "-" "Apache/2.4.6 (CentOS) PHP/5.6.32 (internal dummy connection)"
49.73.86.81 - - [29/Jun/2018:09:41:22 +0800] "POST /JLAMPCommon/langBatchRows_prc HTTP/1.1" 200 191 "http://merp.yudo.com.cn:8183/WEI_2100/WEI_2100?formKey=M20180629T093759153&menuSelection=asm" "Mozilla/5.0 (iPhone; CPU iPhone OS 11_3 like Mac OS X) AppleWebKit/605.1.15 (KHTML, like Gecko) Mobile/15E216JLAMPMode:iPhone"
49.73.86.81 - - [29/Jun/2018:09:41:23 +0800] "GET /JLAMPCommon/getCookieJson_prc HTTP/1.1" 200 970 "http://merp.yudo.com.cn:8183/WEI_2100/WEI_2100?formKey=M20180629T093759153&menuSelection=asm" "Mozilla/5.0 (iPhone; CPU iPhone OS 11_3 like Mac OS X) AppleWebKit/605.1.15 (KHTML, like Gecko) Mobile/15E216JLAMPMode:iPhone"
::1 - - [29/Jun/2018:09:41:28 +0800] "OPTIONS * HTTP/1.0" 200 - "-" "Apache/2.4.6 (CentOS) PHP/5.6.32 (internal dummy connection)"
49.73.86.81 - - [29/Jun/2018:09:41:30 +0800] "GET /Menu/Menu/menuLists?formKey=M20180629T093759153&menuSelection=asm HTTP/1.1" 200 5926 "http://merp.yudo.com.cn:8183/WEI_2100/WEI_2100?formKey=M20180629T093759153&menuSelection=asm" "Mozilla/5.0 (iPhone; CPU iPhone OS 11_3 like Mac OS X) AppleWebKit/605.1.15 (KHTML, like Gecko) Mobile/15E216JLAMPMode:iPhone"
49.73.86.81 - - [29/Jun/2018:09:41:30 +0800] "POST /JLAMPCommon/langBatchRows_prc HTTP/1.1" 200 595 "http://merp.yudo.com.cn:8183/Menu/Menu/menuLists?formKey=M20180629T093759153&menuSelection=asm" "Mozilla/5.0 (iPhone; CPU iPhone OS 11_3 like Mac OS X) AppleWebKit/605.1.15 (KHTML, like Gecko) Mobile/15E216JLAMPMode:iPhone"
49.73.86.81 - - [29/Jun/2018:09:41:30 +0800] "GET /JLAMPCommon/getCookieJson_prc HTTP/1.1" 200 970 "http://merp.yudo.com.cn:8183/Menu/Menu/menuLists?formKey=M20180629T093759153&menuSelection=asm" "Mozilla/5.0 (iPhone; CPU iPhone OS 11_3 like Mac OS X) AppleWebKit/605.1.15 (KHTML, like Gecko) Mobile/15E216JLAMPMode:iPhone"
49.73.86.81 - - [29/Jun/2018:09:41:30 +0800] "GET /Menu/doMenuRows_prc?formKey=M20180629T093759153 HTTP/1.1" 200 1645 "http://merp.yudo.com.cn:8183/Menu/Menu/menuLists?formKey=M20180629T093759153&menuSelection=asm" "Mozilla/5.0 (iPhone; CPU iPhone OS 11_3 like Mac OS X) AppleWebKit/605.1.15 (KHTML, like Gecko) Mobile/15E216JLAMPMode:iPhone"
49.73.86.81 - - [29/Jun/2018:09:41:32 +0800] "GET /WEI_2100/WEI_2100?formKey=M20180629T093759153&menuSelection=asm HTTP/1.1" 200 86043 "http://merp.yudo.com.cn:8183/Menu/Menu/menuLists?formKey=M20180629T093759153&menuSelection=asm" "Mozilla/5.0 (iPhone; CPU iPhone OS 11_3 like Mac OS X) AppleWebKit/605.1.15 (KHTML, like Gecko) Mobile/15E216JLAMPMode:iPhone"
49.73.86.81 - - [29/Jun/2018:09:41:32 +0800] "GET /css/WEI_2100/WEI_2100_Lists.css?v=201806080922 HTTP/1.1" 304 - "http://merp.yudo.com.cn:8183/WEI_2100/WEI_2100?formKey=M20180629T093759153&menuSelection=asm" "Mozilla/5.0 (iPhone; CPU iPhone OS 11_3 like Mac OS X) AppleWebKit/605.1.15 (KHTML, like Gecko) Mobile/15E216JLAMPMode:iPhone"
223.104.146.47 - - [29/Jun/2018:09:41:40 +0800] "POST /JLAMPCommon/setFormAccessLog_prc HTTP/1.1" 200 75 "http://merp.yudo.com.cn:8183/WEI_2100/WEI_2100?formKey=M20180629T093730400&menuSelection=asm" "Mozilla/5.0 (Linux; Android 8.1.0; MI 6X Build/OPM1.171019.011; wv) AppleWebKit/537.36 (KHTML, like Gecko) Version/4.0 Chrome/62.0.3202.84 Mobile Safari/537.36"
223.104.146.47 - - [29/Jun/2018:09:41:40 +0800] "POST /main/logout_prc HTTP/1.1" 200 44 "http://merp.yudo.com.cn:8183/WEI_2100/WEI_2100?formKey=M20180629T093730400&menuSelection=asm" "Mozilla/5.0 (Linux; Android 8.1.0; MI 6X Build/OPM1.171019.011; wv) AppleWebKit/537.36 (KHTML, like Gecko) Version/4.0 Chrome/62.0.3202.84 Mobile Safari/537.36"
223.104.146.47 - - [29/Jun/2018:09:41:41 +0800] "GET /?deviceType=mobile&devicePlatform=android HTTP/1.1" 200 7830 "http://merp.yudo.com.cn:8183/WEI_2100/WEI_2100?formKey=M20180629T093730400&menuSelection=asm" "Mozilla/5.0 (Linux; Android 8.1.0; MI 6X Build/OPM1.171019.011; wv) AppleWebKit/537.36 (KHTML, like Gecko) Version/4.0 Chrome/62.0.3202.84 Mobile Safari/537.36"
49.73.86.81 - - [29/Jun/2018:09:41:43 +0800] "POST /JLAMPCommon/langBatchRows_prc HTTP/1.1" 200 191 "http://merp.yudo.com.cn:8183/WEI_2100/WEI_2100?formKey=M20180629T093759153&menuSelection=asm" "Mozilla/5.0 (iPhone; CPU iPhone OS 11_3 like Mac OS X) AppleWebKit/605.1.15 (KHTML, like Gecko) Mobile/15E216JLAMPMode:iPhone"
49.73.86.81 - - [29/Jun/2018:09:41:43 +0800] "GET /JLAMPCommon/getCookieJson_prc HTTP/1.1" 200 970 "http://merp.yudo.com.cn:8183/WEI_2100/WEI_2100?formKey=M20180629T093759153&menuSelection=asm" "Mozilla/5.0 (iPhone; CPU iPhone OS 11_3 like Mac OS X) AppleWebKit/605.1.15 (KHTML, like Gecko) Mobile/15E216JLAMPMode:iPhone"
223.104.146.47 - - [29/Jun/2018:09:41:41 +0800] "GET /third_party/KendoUI/js/kendo.all.min.js HTTP/1.1" 200 3038548 "http://merp.yudo.com.cn:8183/?deviceType=mobile&devicePlatform=android" "Mozilla/5.0 (Linux; Android 8.1.0; MI 6X Build/OPM1.171019.011; wv) AppleWebKit/537.36 (KHTML, like Gecko) Version/4.0 Chrome/62.0.3202.84 Mobile Safari/537.36"
223.104.146.47 - - [29/Jun/2018:09:41:44 +0800] "GET /JLAMPCommon/getCookieJson_prc HTTP/1.1" 200 62 "http://merp.yudo.com.cn:8183/?deviceType=mobile&devicePlatform=android" "Mozilla/5.0 (Linux; Android 8.1.0; MI 6X Build/OPM1.171019.011; wv) AppleWebKit/537.36 (KHTML, like Gecko) Version/4.0 Chrome/62.0.3202.84 Mobile Safari/537.36"
49.73.86.81 - - [29/Jun/2018:09:41:45 +0800] "GET /Menu/Menu/menuLists?formKey=M20180629T093759153&menuSelection=asm HTTP/1.1" 200 5926 "http://merp.yudo.com.cn:8183/WEI_2100/WEI_2100?formKey=M20180629T093759153&menuSelection=asm" "Mozilla/5.0 (iPhone; CPU iPhone OS 11_3 like Mac OS X) AppleWebKit/605.1.15 (KHTML, like Gecko) Mobile/15E216JLAMPMode:iPhone"
49.73.86.81 - - [29/Jun/2018:09:41:45 +0800] "POST /JLAMPCommon/langBatchRows_prc HTTP/1.1" 200 595 "http://merp.yudo.com.cn:8183/Menu/Menu/menuLists?formKey=M20180629T093759153&menuSelection=asm" "Mozilla/5.0 (iPhone; CPU iPhone OS 11_3 like Mac OS X) AppleWebKit/605.1.15 (KHTML, like Gecko) Mobile/15E216JLAMPMode:iPhone"
49.73.86.81 - - [29/Jun/2018:09:41:45 +0800] "GET /JLAMPCommon/getCookieJson_prc HTTP/1.1" 200 970 "http://merp.yudo.com.cn:8183/Menu/Menu/menuLists?formKey=M20180629T093759153&menuSelection=asm" "Mozilla/5.0 (iPhone; CPU iPhone OS 11_3 like Mac OS X) AppleWebKit/605.1.15 (KHTML, like Gecko) Mobile/15E216JLAMPMode:iPhone"
49.73.86.81 - - [29/Jun/2018:09:41:45 +0800] "GET /Menu/doMenuRows_prc?formKey=M20180629T093759153 HTTP/1.1" 200 1645 "http://merp.yudo.com.cn:8183/Menu/Menu/menuLists?formKey=M20180629T093759153&menuSelection=asm" "Mozilla/5.0 (iPhone; CPU iPhone OS 11_3 like Mac OS X) AppleWebKit/605.1.15 (KHTML, like Gecko) Mobile/15E216JLAMPMode:iPhone"
49.73.86.81 - - [29/Jun/2018:09:41:51 +0800] "GET /WEI_2100/WEI_2100?formKey=M20180629T093759153&menuSelection=asm HTTP/1.1" 200 86043 "http://merp.yudo.com.cn:8183/Menu/Menu/menuLists?formKey=M20180629T093759153&menuSelection=asm" "Mozilla/5.0 (iPhone; CPU iPhone OS 11_3 like Mac OS X) AppleWebKit/605.1.15 (KHTML, like Gecko) Mobile/15E216JLAMPMode:iPhone"
49.73.86.81 - - [29/Jun/2018:09:41:51 +0800] "GET /js/WEI_2100/css/layui.css HTTP/1.1" 304 - "http://merp.yudo.com.cn:8183/WEI_2100/WEI_2100?formKey=M20180629T093759153&menuSelection=asm" "Mozilla/5.0 (iPhone; CPU iPhone OS 11_3 like Mac OS X) AppleWebKit/605.1.15 (KHTML, like Gecko) Mobile/15E216JLAMPMode:iPhone"
49.73.86.81 - - [29/Jun/2018:09:41:51 +0800] "GET /js/WEI_2100/vue/vue.js HTTP/1.1" 304 - "http://merp.yudo.com.cn:8183/WEI_2100/WEI_2100?formKey=M20180629T093759153&menuSelection=asm" "Mozilla/5.0 (iPhone; CPU iPhone OS 11_3 like Mac OS X) AppleWebKit/605.1.15 (KHTML, like Gecko) Mobile/15E216JLAMPMode:iPhone"
49.73.86.81 - - [29/Jun/2018:09:41:51 +0800] "GET /js/WEI_2100/multiSelect.js?v=1001 HTTP/1.1" 304 - "http://merp.yudo.com.cn:8183/WEI_2100/WEI_2100?formKey=M20180629T093759153&menuSelection=asm" "Mozilla/5.0 (iPhone; CPU iPhone OS 11_3 like Mac OS X) AppleWebKit/605.1.15 (KHTML, like Gecko) Mobile/15E216JLAMPMode:iPhone"
49.73.86.81 - - [29/Jun/2018:09:41:51 +0800] "GET /js/WEI_2100/layui.all.js HTTP/1.1" 304 - "http://merp.yudo.com.cn:8183/WEI_2100/WEI_2100?formKey=M20180629T093759153&menuSelection=asm" "Mozilla/5.0 (iPhone; CPU iPhone OS 11_3 like Mac OS X) AppleWebKit/605.1.15 (KHTML, like Gecko) Mobile/15E216JLAMPMode:iPhone"
49.73.86.81 - - [29/Jun/2018:09:41:51 +0800] "GET /js/WEI_2100/WEI_2100_Lists.js?v=2018 HTTP/1.1" 304 - "http://merp.yudo.com.cn:8183/WEI_2100/WEI_2100?formKey=M20180629T093759153&menuSelection=asm" "Mozilla/5.0 (iPhone; CPU iPhone OS 11_3 like Mac OS X) AppleWebKit/605.1.15 (KHTML, like Gecko) Mobile/15E216JLAMPMode:iPhone"
49.73.86.81 - - [29/Jun/2018:09:41:51 +0800] "GET /js/WEI_2100/css/modules/laydate/default/laydate.css?v=5.0.9 HTTP/1.1" 304 - "http://merp.yudo.com.cn:8183/WEI_2100/WEI_2100?formKey=M20180629T093759153&menuSelection=asm" "Mozilla/5.0 (iPhone; CPU iPhone OS 11_3 like Mac OS X) AppleWebKit/605.1.15 (KHTML, like Gecko) Mobile/15E216JLAMPMode:iPhone"
49.73.86.81 - - [29/Jun/2018:09:41:51 +0800] "GET /js/WEI_2100/css/modules/layer/default/layer.css?v=3.1.1 HTTP/1.1" 304 - "http://merp.yudo.com.cn:8183/WEI_2100/WEI_2100?formKey=M20180629T093759153&menuSelection=asm" "Mozilla/5.0 (iPhone; CPU iPhone OS 11_3 like Mac OS X) AppleWebKit/605.1.15 (KHTML, like Gecko) Mobile/15E216JLAMPMode:iPhone"
49.73.86.81 - - [29/Jun/2018:09:41:51 +0800] "GET /js/WEI_2100/css/modules/code.css HTTP/1.1" 304 - "http://merp.yudo.com.cn:8183/WEI_2100/WEI_2100?formKey=M20180629T093759153&menuSelection=asm" "Mozilla/5.0 (iPhone; CPU iPhone OS 11_3 like Mac OS X) AppleWebKit/605.1.15 (KHTML, like Gecko) Mobile/15E216JLAMPMode:iPhone"
223.104.146.47 - - [29/Jun/2018:09:42:02 +0800] "POST /main/login_prc HTTP/1.1" 200 44 "http://merp.yudo.com.cn:8183/?deviceType=mobile&devicePlatform=android" "Mozilla/5.0 (Linux; Android 8.1.0; MI 6X Build/OPM1.171019.011; wv) AppleWebKit/537.36 (KHTML, like Gecko) Version/4.0 Chrome/62.0.3202.84 Mobile Safari/537.36"
223.104.146.47 - - [29/Jun/2018:09:42:02 +0800] "POST /main/checkMenuAuth_prc HTTP/1.1" 200 44 "http://merp.yudo.com.cn:8183/?deviceType=mobile&devicePlatform=android" "Mozilla/5.0 (Linux; Android 8.1.0; MI 6X Build/OPM1.171019.011; wv) AppleWebKit/537.36 (KHTML, like Gecko) Version/4.0 Chrome/62.0.3202.84 Mobile Safari/537.36"
223.104.146.47 - - [29/Jun/2018:09:42:02 +0800] "POST / HTTP/1.1" 302 149 "http://merp.yudo.com.cn:8183/?deviceType=mobile&devicePlatform=android" "Mozilla/5.0 (Linux; Android 8.1.0; MI 6X Build/OPM1.171019.011; wv) AppleWebKit/537.36 (KHTML, like Gecko) Version/4.0 Chrome/62.0.3202.84 Mobile Safari/537.36"
223.104.146.47 - - [29/Jun/2018:09:42:04 +0800] "GET /Menu/Menu?formKey=M20180629T093644803 HTTP/1.1" 200 5923 "http://merp.yudo.com.cn:8183/?deviceType=mobile&devicePlatform=android" "Mozilla/5.0 (Linux; Android 8.1.0; MI 6X Build/OPM1.171019.011; wv) AppleWebKit/537.36 (KHTML, like Gecko) Version/4.0 Chrome/62.0.3202.84 Mobile Safari/537.36"
223.104.146.47 - - [29/Jun/2018:09:42:04 +0800] "POST / HTTP/1.1" 302 149 "http://merp.yudo.com.cn:8183/?deviceType=mobile&devicePlatform=android" "Mozilla/5.0 (Linux; Android 8.1.0; MI 6X Build/OPM1.171019.011; wv) AppleWebKit/537.36 (KHTML, like Gecko) Version/4.0 Chrome/62.0.3202.84 Mobile Safari/537.36"
223.104.146.47 - - [29/Jun/2018:09:42:04 +0800] "GET /Menu/Menu?formKey=M20180629T093646157 HTTP/1.1" 200 5923 "http://merp.yudo.com.cn:8183/?deviceType=mobile&devicePlatform=android" "Mozilla/5.0 (Linux; Android 8.1.0; MI 6X Build/OPM1.171019.011; wv) AppleWebKit/537.36 (KHTML, like Gecko) Version/4.0 Chrome/62.0.3202.84 Mobile Safari/537.36"
223.104.146.47 - - [29/Jun/2018:09:42:04 +0800] "POST /JLAMPCommon/langBatchRows_prc HTTP/1.1" 200 595 "http://merp.yudo.com.cn:8183/Menu/Menu?formKey=M20180629T093646157" "Mozilla/5.0 (Linux; Android 8.1.0; MI 6X Build/OPM1.171019.011; wv) AppleWebKit/537.36 (KHTML, like Gecko) Version/4.0 Chrome/62.0.3202.84 Mobile Safari/537.36"
223.104.146.47 - - [29/Jun/2018:09:42:05 +0800] "GET /JLAMPCommon/getCookieJson_prc HTTP/1.1" 200 970 "http://merp.yudo.com.cn:8183/Menu/Menu?formKey=M20180629T093646157" "Mozilla/5.0 (Linux; Android 8.1.0; MI 6X Build/OPM1.171019.011; wv) AppleWebKit/537.36 (KHTML, like Gecko) Version/4.0 Chrome/62.0.3202.84 Mobile Safari/537.36"
223.104.146.47 - - [29/Jun/2018:09:42:05 +0800] "GET /Menu/doMenuRows_prc?formKey=M20180629T093646157 HTTP/1.1" 200 1645 "http://merp.yudo.com.cn:8183/Menu/Menu?formKey=M20180629T093646157" "Mozilla/5.0 (Linux; Android 8.1.0; MI 6X Build/OPM1.171019.011; wv) AppleWebKit/537.36 (KHTML, like Gecko) Version/4.0 Chrome/62.0.3202.84 Mobile Safari/537.36"
223.104.146.47 - - [29/Jun/2018:09:42:12 +0800] "GET /WEI_2100/WEI_2100?formKey=M20180629T093646157&menuSelection=asm HTTP/1.1" 200 86043 "http://merp.yudo.com.cn:8183/Menu/Menu?formKey=M20180629T093646157" "Mozilla/5.0 (Linux; Android 8.1.0; MI 6X Build/OPM1.171019.011; wv) AppleWebKit/537.36 (KHTML, like Gecko) Version/4.0 Chrome/62.0.3202.84 Mobile Safari/537.36"
223.104.146.47 - - [29/Jun/2018:09:42:12 +0800] "GET /css/WEI_2100/WEI_2100_Lists.css?v=201806080922 HTTP/1.1" 304 - "http://merp.yudo.com.cn:8183/WEI_2100/WEI_2100?formKey=M20180629T093646157&menuSelection=asm" "Mozilla/5.0 (Linux; Android 8.1.0; MI 6X Build/OPM1.171019.011; wv) AppleWebKit/537.36 (KHTML, like Gecko) Version/4.0 Chrome/62.0.3202.84 Mobile Safari/537.36"
223.104.146.47 - - [29/Jun/2018:09:42:12 +0800] "GET /js/WEI_2100/css/layui.css HTTP/1.1" 304 - "http://merp.yudo.com.cn:8183/WEI_2100/WEI_2100?formKey=M20180629T093646157&menuSelection=asm" "Mozilla/5.0 (Linux; Android 8.1.0; MI 6X Build/OPM1.171019.011; wv) AppleWebKit/537.36 (KHTML, like Gecko) Version/4.0 Chrome/62.0.3202.84 Mobile Safari/537.36"
223.104.146.47 - - [29/Jun/2018:09:42:12 +0800] "GET /js/WEI_2100/vue/vue.js HTTP/1.1" 304 - "http://merp.yudo.com.cn:8183/WEI_2100/WEI_2100?formKey=M20180629T093646157&menuSelection=asm" "Mozilla/5.0 (Linux; Android 8.1.0; MI 6X Build/OPM1.171019.011; wv) AppleWebKit/537.36 (KHTML, like Gecko) Version/4.0 Chrome/62.0.3202.84 Mobile Safari/537.36"
223.104.146.47 - - [29/Jun/2018:09:42:12 +0800] "GET /js/WEI_2100/multiSelect.js?v=1001 HTTP/1.1" 304 - "http://merp.yudo.com.cn:8183/WEI_2100/WEI_2100?formKey=M20180629T093646157&menuSelection=asm" "Mozilla/5.0 (Linux; Android 8.1.0; MI 6X Build/OPM1.171019.011; wv) AppleWebKit/537.36 (KHTML, like Gecko) Version/4.0 Chrome/62.0.3202.84 Mobile Safari/537.36"
223.104.146.47 - - [29/Jun/2018:09:42:13 +0800] "GET /js/WEI_2100/layui.all.js HTTP/1.1" 304 - "http://merp.yudo.com.cn:8183/WEI_2100/WEI_2100?formKey=M20180629T093646157&menuSelection=asm" "Mozilla/5.0 (Linux; Android 8.1.0; MI 6X Build/OPM1.171019.011; wv) AppleWebKit/537.36 (KHTML, like Gecko) Version/4.0 Chrome/62.0.3202.84 Mobile Safari/537.36"
223.104.146.47 - - [29/Jun/2018:09:42:13 +0800] "GET /js/WEI_2100/WEI_2100_Lists.js?v=2018 HTTP/1.1" 304 - "http://merp.yudo.com.cn:8183/WEI_2100/WEI_2100?formKey=M20180629T093646157&menuSelection=asm" "Mozilla/5.0 (Linux; Android 8.1.0; MI 6X Build/OPM1.171019.011; wv) AppleWebKit/537.36 (KHTML, like Gecko) Version/4.0 Chrome/62.0.3202.84 Mobile Safari/537.36"
223.104.146.47 - - [29/Jun/2018:09:42:13 +0800] "GET /js/WEI_2100/font/iconfont.woff?v=230-rc1 HTTP/1.1" 304 - "http://merp.yudo.com.cn:8183/js/WEI_2100/css/layui.css" "Mozilla/5.0 (Linux; Android 8.1.0; MI 6X Build/OPM1.171019.011; wv) AppleWebKit/537.36 (KHTML, like Gecko) Version/4.0 Chrome/62.0.3202.84 Mobile Safari/537.36"
223.104.146.47 - - [29/Jun/2018:09:42:13 +0800] "GET /js/WEI_2100/css/modules/laydate/default/laydate.css?v=5.0.9 HTTP/1.1" 304 - "http://merp.yudo.com.cn:8183/WEI_2100/WEI_2100?formKey=M20180629T093646157&menuSelection=asm" "Mozilla/5.0 (Linux; Android 8.1.0; MI 6X Build/OPM1.171019.011; wv) AppleWebKit/537.36 (KHTML, like Gecko) Version/4.0 Chrome/62.0.3202.84 Mobile Safari/537.36"
223.104.146.47 - - [29/Jun/2018:09:42:13 +0800] "GET /js/WEI_2100/css/modules/layer/default/layer.css?v=3.1.1 HTTP/1.1" 304 - "http://merp.yudo.com.cn:8183/WEI_2100/WEI_2100?formKey=M20180629T093646157&menuSelection=asm" "Mozilla/5.0 (Linux; Android 8.1.0; MI 6X Build/OPM1.171019.011; wv) AppleWebKit/537.36 (KHTML, like Gecko) Version/4.0 Chrome/62.0.3202.84 Mobile Safari/537.36"
223.104.146.47 - - [29/Jun/2018:09:42:13 +0800] "GET /js/WEI_2100/css/modules/code.css HTTP/1.1" 304 - "http://merp.yudo.com.cn:8183/WEI_2100/WEI_2100?formKey=M20180629T093646157&menuSelection=asm" "Mozilla/5.0 (Linux; Android 8.1.0; MI 6X Build/OPM1.171019.011; wv) AppleWebKit/537.36 (KHTML, like Gecko) Version/4.0 Chrome/62.0.3202.84 Mobile Safari/537.36"
223.104.146.47 - - [29/Jun/2018:09:42:13 +0800] "POST /JLAMPCommon/langBatchRows_prc HTTP/1.1" 200 191 "http://merp.yudo.com.cn:8183/WEI_2100/WEI_2100?formKey=M20180629T093646157&menuSelection=asm" "Mozilla/5.0 (Linux; Android 8.1.0; MI 6X Build/OPM1.171019.011; wv) AppleWebKit/537.36 (KHTML, like Gecko) Version/4.0 Chrome/62.0.3202.84 Mobile Safari/537.36"
223.104.146.47 - - [29/Jun/2018:09:42:14 +0800] "GET /JLAMPCommon/getCookieJson_prc HTTP/1.1" 200 970 "http://merp.yudo.com.cn:8183/WEI_2100/WEI_2100?formKey=M20180629T093646157&menuSelection=asm" "Mozilla/5.0 (Linux; Android 8.1.0; MI 6X Build/OPM1.171019.011; wv) AppleWebKit/537.36 (KHTML, like Gecko) Version/4.0 Chrome/62.0.3202.84 Mobile Safari/537.36"
49.73.86.81 - - [29/Jun/2018:09:46:49 +0800] "POST /JLAMPCommon/langBatchRows_prc HTTP/1.1" 200 191 "http://merp.yudo.com.cn:8183/WEI_2100/WEI_2100?formKey=M20180629T093759153&menuSelection=asm" "Mozilla/5.0 (iPhone; CPU iPhone OS 11_3 like Mac OS X) AppleWebKit/605.1.15 (KHTML, like Gecko) Mobile/15E216JLAMPMode:iPhone"
