223.104.4.23 - - [10/Jan/2019:08:16:55 +0800] "GET /css/JLAMP.autobinding.min.css HTTP/1.1" 200 852 "http://merp.yudo.com.cn:8183/?deviceType=mobile&devicePlatform=android" "Mozilla/5.0 (Linux; Android 8.0.0; MHA-AL00 Build/HUAWEIMHA-AL00; wv) AppleWebKit/537.36 (KHTML, like Gecko) Version/4.0 Chrome/68.0.3440.91 Mobile Safari/537.36"
223.104.4.23 - - [10/Jan/2019:08:16:55 +0800] "GET /css/common.css?v=5007 HTTP/1.1" 200 14033 "http://merp.yudo.com.cn:8183/?deviceType=mobile&devicePlatform=android" "Mozilla/5.0 (Linux; Android 8.0.0; MHA-AL00 Build/HUAWEIMHA-AL00; wv) AppleWebKit/537.36 (KHTML, like Gecko) Version/4.0 Chrome/68.0.3440.91 Mobile Safari/537.36"
223.104.4.23 - - [10/Jan/2019:08:16:55 +0800] "GET /third_party/bootstrap-3.3.5/js/bootstrap.min.js HTTP/1.1" 200 36816 "http://merp.yudo.com.cn:8183/?deviceType=mobile&devicePlatform=android" "Mozilla/5.0 (Linux; Android 8.0.0; MHA-AL00 Build/HUAWEIMHA-AL00; wv) AppleWebKit/537.36 (KHTML, like Gecko) Version/4.0 Chrome/68.0.3440.91 Mobile Safari/537.36"
223.104.4.23 - - [10/Jan/2019:08:16:55 +0800] "GET /third_party/bootstrap-datetimepicker/js/bootstrap-datetimepicker.js HTTP/1.1" 200 67526 "http://merp.yudo.com.cn:8183/?deviceType=mobile&devicePlatform=android" "Mozilla/5.0 (Linux; Android 8.0.0; MHA-AL00 Build/HUAWEIMHA-AL00; wv) AppleWebKit/537.36 (KHTML, like Gecko) Version/4.0 Chrome/68.0.3440.91 Mobile Safari/537.36"
223.104.4.23 - - [10/Jan/2019:08:16:55 +0800] "GET /third_party/loading-overlay/waitMe.js HTTP/1.1" 200 8583 "http://merp.yudo.com.cn:8183/?deviceType=mobile&devicePlatform=android" "Mozilla/5.0 (Linux; Android 8.0.0; MHA-AL00 Build/HUAWEIMHA-AL00; wv) AppleWebKit/537.36 (KHTML, like Gecko) Version/4.0 Chrome/68.0.3440.91 Mobile Safari/537.36"
223.104.4.23 - - [10/Jan/2019:08:16:55 +0800] "GET /third_party/slideout-1.0.1/slideout.js HTTP/1.1" 200 37980 "http://merp.yudo.com.cn:8183/?deviceType=mobile&devicePlatform=android" "Mozilla/5.0 (Linux; Android 8.0.0; MHA-AL00 Build/HUAWEIMHA-AL00; wv) AppleWebKit/537.36 (KHTML, like Gecko) Version/4.0 Chrome/68.0.3440.91 Mobile Safari/537.36"
223.104.145.129 - - [10/Jan/2019:08:16:55 +0800] "GET /WEI_2100/systemclass_big_prc?bigsysid=asclass HTTP/1.1" 200 264 "http://merp.yudo.com.cn:8183/WEI_2100/WEI_2100?formKey=M20190110T081503047&menuSelection=asm" "Mozilla/5.0 (Linux; Android 7.0; FRD-AL10 Build/HUAWEIFRD-AL10; wv) AppleWebKit/537.36 (KHTML, like Gecko) Version/4.0 Chrome/62.0.3202.84 Mobile Safari/537.36"
223.104.4.23 - - [10/Jan/2019:08:16:55 +0800] "GET /js/fastclick.js HTTP/1.1" 200 25966 "http://merp.yudo.com.cn:8183/?deviceType=mobile&devicePlatform=android" "Mozilla/5.0 (Linux; Android 8.0.0; MHA-AL00 Build/HUAWEIMHA-AL00; wv) AppleWebKit/537.36 (KHTML, like Gecko) Version/4.0 Chrome/68.0.3440.91 Mobile Safari/537.36"
223.104.4.23 - - [10/Jan/2019:08:16:55 +0800] "GET /js/JLAMP.min.js HTTP/1.1" 200 1461 "http://merp.yudo.com.cn:8183/?deviceType=mobile&devicePlatform=android" "Mozilla/5.0 (Linux; Android 8.0.0; MHA-AL00 Build/HUAWEIMHA-AL00; wv) AppleWebKit/537.36 (KHTML, like Gecko) Version/4.0 Chrome/68.0.3440.91 Mobile Safari/537.36"
223.104.4.23 - - [10/Jan/2019:08:16:55 +0800] "GET /js/JLAMP.polyfill.min.js HTTP/1.1" 200 361 "http://merp.yudo.com.cn:8183/?deviceType=mobile&devicePlatform=android" "Mozilla/5.0 (Linux; Android 8.0.0; MHA-AL00 Build/HUAWEIMHA-AL00; wv) AppleWebKit/537.36 (KHTML, like Gecko) Version/4.0 Chrome/68.0.3440.91 Mobile Safari/537.36"
223.104.145.129 - - [10/Jan/2019:08:16:55 +0800] "GET /WEI_2100/systemclass_big_prc?bigsysid=startpoint HTTP/1.1" 200 317 "http://merp.yudo.com.cn:8183/WEI_2100/WEI_2100?formKey=M20190110T081503047&menuSelection=asm" "Mozilla/5.0 (Linux; Android 7.0; FRD-AL10 Build/HUAWEIFRD-AL10; wv) AppleWebKit/537.36 (KHTML, like Gecko) Version/4.0 Chrome/62.0.3202.84 Mobile Safari/537.36"
223.104.4.23 - - [10/Jan/2019:08:16:56 +0800] "GET /js/JLAMP.common.min.js HTTP/1.1" 200 9705 "http://merp.yudo.com.cn:8183/?deviceType=mobile&devicePlatform=android" "Mozilla/5.0 (Linux; Android 8.0.0; MHA-AL00 Build/HUAWEIMHA-AL00; wv) AppleWebKit/537.36 (KHTML, like Gecko) Version/4.0 Chrome/68.0.3440.91 Mobile Safari/537.36"
223.104.4.23 - - [10/Jan/2019:08:16:55 +0800] "GET /third_party/jquery-2.1.4/jquery.js HTTP/1.1" 200 247606 "http://merp.yudo.com.cn:8183/?deviceType=mobile&devicePlatform=android" "Mozilla/5.0 (Linux; Android 8.0.0; MHA-AL00 Build/HUAWEIMHA-AL00; wv) AppleWebKit/537.36 (KHTML, like Gecko) Version/4.0 Chrome/68.0.3440.91 Mobile Safari/537.36"
223.104.4.23 - - [10/Jan/2019:08:16:56 +0800] "GET /js/JLAMP.menu.min.js HTTP/1.1" 200 6519 "http://merp.yudo.com.cn:8183/?deviceType=mobile&devicePlatform=android" "Mozilla/5.0 (Linux; Android 8.0.0; MHA-AL00 Build/HUAWEIMHA-AL00; wv) AppleWebKit/537.36 (KHTML, like Gecko) Version/4.0 Chrome/68.0.3440.91 Mobile Safari/537.36"
223.104.4.23 - - [10/Jan/2019:08:16:56 +0800] "GET /js/JLAMP.autobinding.min.js HTTP/1.1" 200 8816 "http://merp.yudo.com.cn:8183/?deviceType=mobile&devicePlatform=android" "Mozilla/5.0 (Linux; Android 8.0.0; MHA-AL00 Build/HUAWEIMHA-AL00; wv) AppleWebKit/537.36 (KHTML, like Gecko) Version/4.0 Chrome/68.0.3440.91 Mobile Safari/537.36"
223.104.4.23 - - [10/Jan/2019:08:16:56 +0800] "GET /js/JLAMP.modal.min.js HTTP/1.1" 200 16516 "http://merp.yudo.com.cn:8183/?deviceType=mobile&devicePlatform=android" "Mozilla/5.0 (Linux; Android 8.0.0; MHA-AL00 Build/HUAWEIMHA-AL00; wv) AppleWebKit/537.36 (KHTML, like Gecko) Version/4.0 Chrome/68.0.3440.91 Mobile Safari/537.36"
223.104.4.23 - - [10/Jan/2019:08:16:56 +0800] "GET /js/JLAMP.lang.min.js HTTP/1.1" 200 1750 "http://merp.yudo.com.cn:8183/?deviceType=mobile&devicePlatform=android" "Mozilla/5.0 (Linux; Android 8.0.0; MHA-AL00 Build/HUAWEIMHA-AL00; wv) AppleWebKit/537.36 (KHTML, like Gecko) Version/4.0 Chrome/68.0.3440.91 Mobile Safari/537.36"
223.104.145.129 - - [10/Jan/2019:08:16:55 +0800] "GET /WEI_2100/systemclass_big_prc?bigsysid=supplyscope HTTP/1.1" 200 302 "http://merp.yudo.com.cn:8183/WEI_2100/WEI_2100?formKey=M20190110T081503047&menuSelection=asm" "Mozilla/5.0 (Linux; Android 7.0; FRD-AL10 Build/HUAWEIFRD-AL10; wv) AppleWebKit/537.36 (KHTML, like Gecko) Version/4.0 Chrome/62.0.3202.84 Mobile Safari/537.36"
223.104.4.23 - - [10/Jan/2019:08:16:56 +0800] "GET /js/version.js?v=20180920001 HTTP/1.1" 200 1046 "http://merp.yudo.com.cn:8183/?deviceType=mobile&devicePlatform=android" "Mozilla/5.0 (Linux; Android 8.0.0; MHA-AL00 Build/HUAWEIMHA-AL00; wv) AppleWebKit/537.36 (KHTML, like Gecko) Version/4.0 Chrome/68.0.3440.91 Mobile Safari/537.36"
223.104.4.23 - - [10/Jan/2019:08:16:56 +0800] "GET /js/session.js HTTP/1.1" 200 638 "http://merp.yudo.com.cn:8183/?deviceType=mobile&devicePlatform=android" "Mozilla/5.0 (Linux; Android 8.0.0; MHA-AL00 Build/HUAWEIMHA-AL00; wv) AppleWebKit/537.36 (KHTML, like Gecko) Version/4.0 Chrome/68.0.3440.91 Mobile Safari/537.36"
223.104.4.23 - - [10/Jan/2019:08:16:56 +0800] "GET /js/GNB.js HTTP/1.1" 200 2176 "http://merp.yudo.com.cn:8183/?deviceType=mobile&devicePlatform=android" "Mozilla/5.0 (Linux; Android 8.0.0; MHA-AL00 Build/HUAWEIMHA-AL00; wv) AppleWebKit/537.36 (KHTML, like Gecko) Version/4.0 Chrome/68.0.3440.91 Mobile Safari/537.36"
223.104.4.23 - - [10/Jan/2019:08:16:56 +0800] "GET /js/login.js?v=7009 HTTP/1.1" 200 8229 "http://merp.yudo.com.cn:8183/?deviceType=mobile&devicePlatform=android" "Mozilla/5.0 (Linux; Android 8.0.0; MHA-AL00 Build/HUAWEIMHA-AL00; wv) AppleWebKit/537.36 (KHTML, like Gecko) Version/4.0 Chrome/68.0.3440.91 Mobile Safari/537.36"
223.104.4.23 - - [10/Jan/2019:08:16:56 +0800] "GET /js/common.js?v=1001 HTTP/1.1" 200 11633 "http://merp.yudo.com.cn:8183/?deviceType=mobile&devicePlatform=android" "Mozilla/5.0 (Linux; Android 8.0.0; MHA-AL00 Build/HUAWEIMHA-AL00; wv) AppleWebKit/537.36 (KHTML, like Gecko) Version/4.0 Chrome/68.0.3440.91 Mobile Safari/537.36"
223.104.145.129 - - [10/Jan/2019:08:16:55 +0800] "GET /WEI_2100/systemclass_big_prc?bigsysid=asbadtype HTTP/1.1" 200 152 "http://merp.yudo.com.cn:8183/WEI_2100/WEI_2100?formKey=M20190110T081503047&menuSelection=asm" "Mozilla/5.0 (Linux; Android 7.0; FRD-AL10 Build/HUAWEIFRD-AL10; wv) AppleWebKit/537.36 (KHTML, like Gecko) Version/4.0 Chrome/62.0.3202.84 Mobile Safari/537.36"
223.104.4.23 - - [10/Jan/2019:08:16:56 +0800] "GET /image/login_logo.png HTTP/1.1" 200 3941 "http://merp.yudo.com.cn:8183/?deviceType=mobile&devicePlatform=android" "Mozilla/5.0 (Linux; Android 8.0.0; MHA-AL00 Build/HUAWEIMHA-AL00; wv) AppleWebKit/537.36 (KHTML, like Gecko) Version/4.0 Chrome/68.0.3440.91 Mobile Safari/537.36"
223.104.4.23 - - [10/Jan/2019:08:16:56 +0800] "GET /image/icon_logout.png HTTP/1.1" 200 1682 "http://merp.yudo.com.cn:8183/?deviceType=mobile&devicePlatform=android" "Mozilla/5.0 (Linux; Android 8.0.0; MHA-AL00 Build/HUAWEIMHA-AL00; wv) AppleWebKit/537.36 (KHTML, like Gecko) Version/4.0 Chrome/68.0.3440.91 Mobile Safari/537.36"
223.104.145.129 - - [10/Jan/2019:08:16:55 +0800] "GET /WEI_2100/user_prc HTTP/1.1" 200 88734 "http://merp.yudo.com.cn:8183/WEI_2100/WEI_2100?formKey=M20190110T081503047&menuSelection=asm" "Mozilla/5.0 (Linux; Android 7.0; FRD-AL10 Build/HUAWEIFRD-AL10; wv) AppleWebKit/537.36 (KHTML, like Gecko) Version/4.0 Chrome/62.0.3202.84 Mobile Safari/537.36"
223.104.145.129 - - [10/Jan/2019:08:16:55 +0800] "GET /WEI_2100/as_unit HTTP/1.1" 200 1002 "http://merp.yudo.com.cn:8183/WEI_2100/WEI_2100?formKey=M20190110T081503047&menuSelection=asm" "Mozilla/5.0 (Linux; Android 7.0; FRD-AL10 Build/HUAWEIFRD-AL10; wv) AppleWebKit/537.36 (KHTML, like Gecko) Version/4.0 Chrome/62.0.3202.84 Mobile Safari/537.36"
223.104.4.23 - - [10/Jan/2019:08:16:56 +0800] "GET /JLAMPCommon/getCookieJson_prc HTTP/1.1" 200 62 "http://merp.yudo.com.cn:8183/?deviceType=mobile&devicePlatform=android" "Mozilla/5.0 (Linux; Android 8.0.0; MHA-AL00 Build/HUAWEIMHA-AL00; wv) AppleWebKit/537.36 (KHTML, like Gecko) Version/4.0 Chrome/68.0.3440.91 Mobile Safari/537.36"
223.104.4.23 - - [10/Jan/2019:08:16:56 +0800] "GET /image/favicon.ico HTTP/1.1" 404 1506 "http://merp.yudo.com.cn:8183/?deviceType=mobile&devicePlatform=android" "Mozilla/5.0 (Linux; Android 8.0.0; MHA-AL00 Build/HUAWEIMHA-AL00; wv) AppleWebKit/537.36 (KHTML, like Gecko) Version/4.0 Chrome/68.0.3440.91 Mobile Safari/537.36"
::1 - - [10/Jan/2019:08:17:04 +0800] "OPTIONS * HTTP/1.0" 200 - "-" "Apache/2.4.6 (CentOS) PHP/5.6.32 (internal dummy connection)"
117.136.46.47 - - [10/Jan/2019:08:17:03 +0800] "GET /WEI_2100/as_prc?asid=&custnm=&ascount=50&startDate=2019-01-01&endDate=2019-01-10 HTTP/1.1" 200 66 "http://merp.yudo.com.cn:8183/WEI_2100/WEI_2100?formKey=M20190110T081324613&menuSelection=asm" "Mozilla/5.0 (Linux; Android 8.1.0; EML-AL00 Build/HUAWEIEML-AL00; wv) AppleWebKit/537.36 (KHTML, like Gecko) Version/4.0 Chrome/68.0.3440.91 Mobile Safari/537.36"
::1 - - [10/Jan/2019:08:17:05 +0800] "OPTIONS * HTTP/1.0" 200 - "-" "Apache/2.4.6 (CentOS) PHP/5.6.32 (internal dummy connection)"
::1 - - [10/Jan/2019:08:17:06 +0800] "OPTIONS * HTTP/1.0" 200 - "-" "Apache/2.4.6 (CentOS) PHP/5.6.32 (internal dummy connection)"
::1 - - [10/Jan/2019:08:17:07 +0800] "OPTIONS * HTTP/1.0" 200 - "-" "Apache/2.4.6 (CentOS) PHP/5.6.32 (internal dummy connection)"
::1 - - [10/Jan/2019:08:17:08 +0800] "OPTIONS * HTTP/1.0" 200 - "-" "Apache/2.4.6 (CentOS) PHP/5.6.32 (internal dummy connection)"
::1 - - [10/Jan/2019:08:17:09 +0800] "OPTIONS * HTTP/1.0" 200 - "-" "Apache/2.4.6 (CentOS) PHP/5.6.32 (internal dummy connection)"
::1 - - [10/Jan/2019:08:17:10 +0800] "OPTIONS * HTTP/1.0" 200 - "-" "Apache/2.4.6 (CentOS) PHP/5.6.32 (internal dummy connection)"
::1 - - [10/Jan/2019:08:17:12 +0800] "OPTIONS * HTTP/1.0" 200 - "-" "Apache/2.4.6 (CentOS) PHP/5.6.32 (internal dummy connection)"
223.104.4.23 - - [10/Jan/2019:08:17:46 +0800] "POST /main/login_prc HTTP/1.1" 200 74 "http://merp.yudo.com.cn:8183/?deviceType=mobile&devicePlatform=android" "Mozilla/5.0 (Linux; Android 8.0.0; MHA-AL00 Build/HUAWEIMHA-AL00; wv) AppleWebKit/537.36 (KHTML, like Gecko) Version/4.0 Chrome/68.0.3440.91 Mobile Safari/537.36"
117.136.46.47 - - [10/Jan/2019:08:17:55 +0800] "GET /WEI_2100/as_prc?asid=2019010167&custnm=&startDate=2019-01-01&endDate=2019-01-10&ascount=0 HTTP/1.1" 200 66 "http://merp.yudo.com.cn:8183/WEI_2100/WEI_2100?formKey=M20190110T081324613&menuSelection=asm" "Mozilla/5.0 (Linux; Android 8.1.0; EML-AL00 Build/HUAWEIEML-AL00; wv) AppleWebKit/537.36 (KHTML, like Gecko) Version/4.0 Chrome/68.0.3440.91 Mobile Safari/537.36"
117.136.46.47 - - [10/Jan/2019:08:17:55 +0800] "GET /WEI_2100/as_prc?asid=2019010167&custnm=&ascount=50&startDate=2019-01-01&endDate=2019-01-10 HTTP/1.1" 200 66 "http://merp.yudo.com.cn:8183/WEI_2100/WEI_2100?formKey=M20190110T081324613&menuSelection=asm" "Mozilla/5.0 (Linux; Android 8.1.0; EML-AL00 Build/HUAWEIEML-AL00; wv) AppleWebKit/537.36 (KHTML, like Gecko) Version/4.0 Chrome/68.0.3440.91 Mobile Safari/537.36"
223.104.4.23 - - [10/Jan/2019:08:18:02 +0800] "GET /JLAMPCommon/getCookieJson_prc HTTP/1.1" 200 62 "http://merp.yudo.com.cn:8183/?deviceType=mobile&devicePlatform=android" "Mozilla/5.0 (Linux; Android 8.0.0; MHA-AL00 Build/HUAWEIMHA-AL00; wv) AppleWebKit/537.36 (KHTML, like Gecko) Version/4.0 Chrome/68.0.3440.91 Mobile Safari/537.36"
117.136.46.47 - - [10/Jan/2019:08:18:14 +0800] "GET /WEI_2100/as_prc?asid=2019010167&custnm=%E5%8F%8C%E8%8D%A3&startDate=2019-01-01&endDate=2019-01-10&ascount=0 HTTP/1.1" 200 66 "http://merp.yudo.com.cn:8183/WEI_2100/WEI_2100?formKey=M20190110T081324613&menuSelection=asm" "Mozilla/5.0 (Linux; Android 8.1.0; EML-AL00 Build/HUAWEIEML-AL00; wv) AppleWebKit/537.36 (KHTML, like Gecko) Version/4.0 Chrome/68.0.3440.91 Mobile Safari/537.36"
223.104.146.41 - - [10/Jan/2019:08:18:15 +0800] "GET /?deviceType=mobile&devicePlatform=android HTTP/1.1" 302 149 "-" "Mozilla/5.0 (Linux; Android 7.0; RNE-AL00 Build/HUAWEIRNE-AL00; wv) AppleWebKit/537.36 (KHTML, like Gecko) Version/4.0 Chrome/59.0.3071.125 Mobile Safari/537.36"
223.104.146.41 - - [10/Jan/2019:08:18:15 +0800] "GET /Menu/Menu?formKey=M20190110T081640377 HTTP/1.1" 200 5925 "-" "Mozilla/5.0 (Linux; Android 7.0; RNE-AL00 Build/HUAWEIRNE-AL00; wv) AppleWebKit/537.36 (KHTML, like Gecko) Version/4.0 Chrome/59.0.3071.125 Mobile Safari/537.36"
223.104.146.41 - - [10/Jan/2019:08:18:16 +0800] "GET /third_party/bootstrap-3.3.5/css/bootstrap-theme.css HTTP/1.1" 200 26132 "http://merp.yudo.com.cn:8183/Menu/Menu?formKey=M20190110T081640377" "Mozilla/5.0 (Linux; Android 7.0; RNE-AL00 Build/HUAWEIRNE-AL00; wv) AppleWebKit/537.36 (KHTML, like Gecko) Version/4.0 Chrome/59.0.3071.125 Mobile Safari/537.36"
223.104.146.41 - - [10/Jan/2019:08:18:16 +0800] "GET /third_party/loading-overlay/waitMe.css HTTP/1.1" 200 14541 "http://merp.yudo.com.cn:8183/Menu/Menu?formKey=M20190110T081640377" "Mozilla/5.0 (Linux; Android 7.0; RNE-AL00 Build/HUAWEIRNE-AL00; wv) AppleWebKit/537.36 (KHTML, like Gecko) Version/4.0 Chrome/59.0.3071.125 Mobile Safari/537.36"
223.104.146.41 - - [10/Jan/2019:08:18:16 +0800] "GET /third_party/bootstrap-datetimepicker/css/bootstrap-datetimepicker.css HTTP/1.1" 200 12289 "http://merp.yudo.com.cn:8183/Menu/Menu?formKey=M20190110T081640377" "Mozilla/5.0 (Linux; Android 7.0; RNE-AL00 Build/HUAWEIRNE-AL00; wv) AppleWebKit/537.36 (KHTML, like Gecko) Version/4.0 Chrome/59.0.3071.125 Mobile Safari/537.36"
223.104.146.41 - - [10/Jan/2019:08:18:16 +0800] "GET /css/bootstrap_modify.css HTTP/1.1" 200 265 "http://merp.yudo.com.cn:8183/Menu/Menu?formKey=M20190110T081640377" "Mozilla/5.0 (Linux; Android 7.0; RNE-AL00 Build/HUAWEIRNE-AL00; wv) AppleWebKit/537.36 (KHTML, like Gecko) Version/4.0 Chrome/59.0.3071.125 Mobile Safari/537.36"
223.104.146.41 - - [10/Jan/2019:08:18:16 +0800] "GET /third_party/slideout-1.0.1/index.css HTTP/1.1" 200 491 "http://merp.yudo.com.cn:8183/Menu/Menu?formKey=M20190110T081640377" "Mozilla/5.0 (Linux; Android 7.0; RNE-AL00 Build/HUAWEIRNE-AL00; wv) AppleWebKit/537.36 (KHTML, like Gecko) Version/4.0 Chrome/59.0.3071.125 Mobile Safari/537.36"
223.104.146.41 - - [10/Jan/2019:08:18:15 +0800] "GET /third_party/bootstrap-3.3.5/css/bootstrap.css HTTP/1.1" 200 147430 "http://merp.yudo.com.cn:8183/Menu/Menu?formKey=M20190110T081640377" "Mozilla/5.0 (Linux; Android 7.0; RNE-AL00 Build/HUAWEIRNE-AL00; wv) AppleWebKit/537.36 (KHTML, like Gecko) Version/4.0 Chrome/59.0.3071.125 Mobile Safari/537.36"
223.104.146.41 - - [10/Jan/2019:08:18:16 +0800] "GET /css/slide_menu.css HTTP/1.1" 200 2705 "http://merp.yudo.com.cn:8183/Menu/Menu?formKey=M20190110T081640377" "Mozilla/5.0 (Linux; Android 7.0; RNE-AL00 Build/HUAWEIRNE-AL00; wv) AppleWebKit/537.36 (KHTML, like Gecko) Version/4.0 Chrome/59.0.3071.125 Mobile Safari/537.36"
223.104.146.41 - - [10/Jan/2019:08:18:16 +0800] "GET /css/JLAMP.common.min.css HTTP/1.1" 200 - "http://merp.yudo.com.cn:8183/Menu/Menu?formKey=M20190110T081640377" "Mozilla/5.0 (Linux; Android 7.0; RNE-AL00 Build/HUAWEIRNE-AL00; wv) AppleWebKit/537.36 (KHTML, like Gecko) Version/4.0 Chrome/59.0.3071.125 Mobile Safari/537.36"
223.104.146.41 - - [10/Jan/2019:08:18:16 +0800] "GET /css/JLAMP.modal.min.css HTTP/1.1" 200 920 "http://merp.yudo.com.cn:8183/Menu/Menu?formKey=M20190110T081640377" "Mozilla/5.0 (Linux; Android 7.0; RNE-AL00 Build/HUAWEIRNE-AL00; wv) AppleWebKit/537.36 (KHTML, like Gecko) Version/4.0 Chrome/59.0.3071.125 Mobile Safari/537.36"
223.104.146.41 - - [10/Jan/2019:08:18:16 +0800] "GET /css/JLAMP.autobinding.min.css HTTP/1.1" 200 852 "http://merp.yudo.com.cn:8183/Menu/Menu?formKey=M20190110T081640377" "Mozilla/5.0 (Linux; Android 7.0; RNE-AL00 Build/HUAWEIRNE-AL00; wv) AppleWebKit/537.36 (KHTML, like Gecko) Version/4.0 Chrome/59.0.3071.125 Mobile Safari/537.36"
223.104.146.41 - - [10/Jan/2019:08:18:16 +0800] "GET /css/Menu/Menu.css?v=1002 HTTP/1.1" 200 1901 "http://merp.yudo.com.cn:8183/Menu/Menu?formKey=M20190110T081640377" "Mozilla/5.0 (Linux; Android 7.0; RNE-AL00 Build/HUAWEIRNE-AL00; wv) AppleWebKit/537.36 (KHTML, like Gecko) Version/4.0 Chrome/59.0.3071.125 Mobile Safari/537.36"
223.104.146.41 - - [10/Jan/2019:08:18:16 +0800] "GET /css/common.css?v=5007 HTTP/1.1" 200 14033 "http://merp.yudo.com.cn:8183/Menu/Menu?formKey=M20190110T081640377" "Mozilla/5.0 (Linux; Android 7.0; RNE-AL00 Build/HUAWEIRNE-AL00; wv) AppleWebKit/537.36 (KHTML, like Gecko) Version/4.0 Chrome/59.0.3071.125 Mobile Safari/537.36"
223.104.146.41 - - [10/Jan/2019:08:18:16 +0800] "GET /third_party/bootstrap-3.3.5/js/bootstrap.min.js HTTP/1.1" 200 36816 "http://merp.yudo.com.cn:8183/Menu/Menu?formKey=M20190110T081640377" "Mozilla/5.0 (Linux; Android 7.0; RNE-AL00 Build/HUAWEIRNE-AL00; wv) AppleWebKit/537.36 (KHTML, like Gecko) Version/4.0 Chrome/59.0.3071.125 Mobile Safari/537.36"
223.104.146.41 - - [10/Jan/2019:08:18:16 +0800] "GET /css/WEI_2000/mui.min.css?v=1001 HTTP/1.1" 200 74864 "http://merp.yudo.com.cn:8183/Menu/Menu?formKey=M20190110T081640377" "Mozilla/5.0 (Linux; Android 7.0; RNE-AL00 Build/HUAWEIRNE-AL00; wv) AppleWebKit/537.36 (KHTML, like Gecko) Version/4.0 Chrome/59.0.3071.125 Mobile Safari/537.36"
223.104.146.41 - - [10/Jan/2019:08:18:16 +0800] "GET /third_party/bootstrap-datetimepicker/js/bootstrap-datetimepicker.js HTTP/1.1" 200 67526 "http://merp.yudo.com.cn:8183/Menu/Menu?formKey=M20190110T081640377" "Mozilla/5.0 (Linux; Android 7.0; RNE-AL00 Build/HUAWEIRNE-AL00; wv) AppleWebKit/537.36 (KHTML, like Gecko) Version/4.0 Chrome/59.0.3071.125 Mobile Safari/537.36"
223.104.146.41 - - [10/Jan/2019:08:18:16 +0800] "GET /third_party/loading-overlay/waitMe.js HTTP/1.1" 200 8583 "http://merp.yudo.com.cn:8183/Menu/Menu?formKey=M20190110T081640377" "Mozilla/5.0 (Linux; Android 7.0; RNE-AL00 Build/HUAWEIRNE-AL00; wv) AppleWebKit/537.36 (KHTML, like Gecko) Version/4.0 Chrome/59.0.3071.125 Mobile Safari/537.36"
223.104.146.41 - - [10/Jan/2019:08:18:16 +0800] "GET /third_party/slideout-1.0.1/slideout.js HTTP/1.1" 200 37980 "http://merp.yudo.com.cn:8183/Menu/Menu?formKey=M20190110T081640377" "Mozilla/5.0 (Linux; Android 7.0; RNE-AL00 Build/HUAWEIRNE-AL00; wv) AppleWebKit/537.36 (KHTML, like Gecko) Version/4.0 Chrome/59.0.3071.125 Mobile Safari/537.36"
223.104.146.41 - - [10/Jan/2019:08:18:16 +0800] "GET /js/fastclick.js HTTP/1.1" 200 25966 "http://merp.yudo.com.cn:8183/Menu/Menu?formKey=M20190110T081640377" "Mozilla/5.0 (Linux; Android 7.0; RNE-AL00 Build/HUAWEIRNE-AL00; wv) AppleWebKit/537.36 (KHTML, like Gecko) Version/4.0 Chrome/59.0.3071.125 Mobile Safari/537.36"
223.104.146.41 - - [10/Jan/2019:08:18:16 +0800] "GET /js/JLAMP.polyfill.min.js HTTP/1.1" 200 361 "http://merp.yudo.com.cn:8183/Menu/Menu?formKey=M20190110T081640377" "Mozilla/5.0 (Linux; Android 7.0; RNE-AL00 Build/HUAWEIRNE-AL00; wv) AppleWebKit/537.36 (KHTML, like Gecko) Version/4.0 Chrome/59.0.3071.125 Mobile Safari/537.36"
223.104.146.41 - - [10/Jan/2019:08:18:16 +0800] "GET /js/JLAMP.min.js HTTP/1.1" 200 1461 "http://merp.yudo.com.cn:8183/Menu/Menu?formKey=M20190110T081640377" "Mozilla/5.0 (Linux; Android 7.0; RNE-AL00 Build/HUAWEIRNE-AL00; wv) AppleWebKit/537.36 (KHTML, like Gecko) Version/4.0 Chrome/59.0.3071.125 Mobile Safari/537.36"
223.104.146.41 - - [10/Jan/2019:08:18:16 +0800] "GET /third_party/jquery-2.1.4/jquery.js HTTP/1.1" 200 247606 "http://merp.yudo.com.cn:8183/Menu/Menu?formKey=M20190110T081640377" "Mozilla/5.0 (Linux; Android 7.0; RNE-AL00 Build/HUAWEIRNE-AL00; wv) AppleWebKit/537.36 (KHTML, like Gecko) Version/4.0 Chrome/59.0.3071.125 Mobile Safari/537.36"
223.104.146.41 - - [10/Jan/2019:08:18:16 +0800] "GET /js/JLAMP.common.min.js HTTP/1.1" 200 9705 "http://merp.yudo.com.cn:8183/Menu/Menu?formKey=M20190110T081640377" "Mozilla/5.0 (Linux; Android 7.0; RNE-AL00 Build/HUAWEIRNE-AL00; wv) AppleWebKit/537.36 (KHTML, like Gecko) Version/4.0 Chrome/59.0.3071.125 Mobile Safari/537.36"
223.104.146.41 - - [10/Jan/2019:08:18:16 +0800] "GET /js/JLAMP.menu.min.js HTTP/1.1" 200 6519 "http://merp.yudo.com.cn:8183/Menu/Menu?formKey=M20190110T081640377" "Mozilla/5.0 (Linux; Android 7.0; RNE-AL00 Build/HUAWEIRNE-AL00; wv) AppleWebKit/537.36 (KHTML, like Gecko) Version/4.0 Chrome/59.0.3071.125 Mobile Safari/537.36"
223.104.146.41 - - [10/Jan/2019:08:18:16 +0800] "GET /js/JLAMP.modal.min.js HTTP/1.1" 200 16516 "http://merp.yudo.com.cn:8183/Menu/Menu?formKey=M20190110T081640377" "Mozilla/5.0 (Linux; Android 7.0; RNE-AL00 Build/HUAWEIRNE-AL00; wv) AppleWebKit/537.36 (KHTML, like Gecko) Version/4.0 Chrome/59.0.3071.125 Mobile Safari/537.36"
223.104.146.41 - - [10/Jan/2019:08:18:16 +0800] "GET /js/JLAMP.autobinding.min.js HTTP/1.1" 200 8816 "http://merp.yudo.com.cn:8183/Menu/Menu?formKey=M20190110T081640377" "Mozilla/5.0 (Linux; Android 7.0; RNE-AL00 Build/HUAWEIRNE-AL00; wv) AppleWebKit/537.36 (KHTML, like Gecko) Version/4.0 Chrome/59.0.3071.125 Mobile Safari/537.36"
223.104.146.41 - - [10/Jan/2019:08:18:16 +0800] "GET /js/JLAMP.lang.min.js HTTP/1.1" 200 1750 "http://merp.yudo.com.cn:8183/Menu/Menu?formKey=M20190110T081640377" "Mozilla/5.0 (Linux; Android 7.0; RNE-AL00 Build/HUAWEIRNE-AL00; wv) AppleWebKit/537.36 (KHTML, like Gecko) Version/4.0 Chrome/59.0.3071.125 Mobile Safari/537.36"
223.104.146.41 - - [10/Jan/2019:08:18:16 +0800] "GET /js/session.js HTTP/1.1" 200 638 "http://merp.yudo.com.cn:8183/Menu/Menu?formKey=M20190110T081640377" "Mozilla/5.0 (Linux; Android 7.0; RNE-AL00 Build/HUAWEIRNE-AL00; wv) AppleWebKit/537.36 (KHTML, like Gecko) Version/4.0 Chrome/59.0.3071.125 Mobile Safari/537.36"
223.104.146.41 - - [10/Jan/2019:08:18:16 +0800] "GET /js/version.js?v=20180920001 HTTP/1.1" 200 1046 "http://merp.yudo.com.cn:8183/Menu/Menu?formKey=M20190110T081640377" "Mozilla/5.0 (Linux; Android 7.0; RNE-AL00 Build/HUAWEIRNE-AL00; wv) AppleWebKit/537.36 (KHTML, like Gecko) Version/4.0 Chrome/59.0.3071.125 Mobile Safari/537.36"
223.104.146.41 - - [10/Jan/2019:08:18:16 +0800] "GET /js/common.js?v=1001 HTTP/1.1" 200 11633 "http://merp.yudo.com.cn:8183/Menu/Menu?formKey=M20190110T081640377" "Mozilla/5.0 (Linux; Android 7.0; RNE-AL00 Build/HUAWEIRNE-AL00; wv) AppleWebKit/537.36 (KHTML, like Gecko) Version/4.0 Chrome/59.0.3071.125 Mobile Safari/537.36"
223.104.146.41 - - [10/Jan/2019:08:18:16 +0800] "GET /js/GNB.js HTTP/1.1" 200 2176 "http://merp.yudo.com.cn:8183/Menu/Menu?formKey=M20190110T081640377" "Mozilla/5.0 (Linux; Android 7.0; RNE-AL00 Build/HUAWEIRNE-AL00; wv) AppleWebKit/537.36 (KHTML, like Gecko) Version/4.0 Chrome/59.0.3071.125 Mobile Safari/537.36"
223.104.146.41 - - [10/Jan/2019:08:18:16 +0800] "GET /js/Menu/Menu.js?v=1005 HTTP/1.1" 200 2291 "http://merp.yudo.com.cn:8183/Menu/Menu?formKey=M20190110T081640377" "Mozilla/5.0 (Linux; Android 7.0; RNE-AL00 Build/HUAWEIRNE-AL00; wv) AppleWebKit/537.36 (KHTML, like Gecko) Version/4.0 Chrome/59.0.3071.125 Mobile Safari/537.36"
223.104.146.41 - - [10/Jan/2019:08:18:16 +0800] "GET /js/WEI_2000/mui.min.js HTTP/1.1" 200 115810 "http://merp.yudo.com.cn:8183/Menu/Menu?formKey=M20190110T081640377" "Mozilla/5.0 (Linux; Android 7.0; RNE-AL00 Build/HUAWEIRNE-AL00; wv) AppleWebKit/537.36 (KHTML, like Gecko) Version/4.0 Chrome/59.0.3071.125 Mobile Safari/537.36"
223.104.146.41 - - [10/Jan/2019:08:18:16 +0800] "GET /image/login_logo.png HTTP/1.1" 200 3941 "http://merp.yudo.com.cn:8183/Menu/Menu?formKey=M20190110T081640377" "Mozilla/5.0 (Linux; Android 7.0; RNE-AL00 Build/HUAWEIRNE-AL00; wv) AppleWebKit/537.36 (KHTML, like Gecko) Version/4.0 Chrome/59.0.3071.125 Mobile Safari/537.36"
223.104.146.41 - - [10/Jan/2019:08:18:16 +0800] "GET /image/icon_logout.png HTTP/1.1" 200 1682 "http://merp.yudo.com.cn:8183/Menu/Menu?formKey=M20190110T081640377" "Mozilla/5.0 (Linux; Android 7.0; RNE-AL00 Build/HUAWEIRNE-AL00; wv) AppleWebKit/537.36 (KHTML, like Gecko) Version/4.0 Chrome/59.0.3071.125 Mobile Safari/537.36"
223.104.146.41 - - [10/Jan/2019:08:18:16 +0800] "GET /image/MI.png HTTP/1.1" 200 3083 "http://merp.yudo.com.cn:8183/Menu/Menu?formKey=M20190110T081640377" "Mozilla/5.0 (Linux; Android 7.0; RNE-AL00 Build/HUAWEIRNE-AL00; wv) AppleWebKit/537.36 (KHTML, like Gecko) Version/4.0 Chrome/59.0.3071.125 Mobile Safari/537.36"
223.104.146.41 - - [10/Jan/2019:08:18:16 +0800] "GET /image/SM.png HTTP/1.1" 200 3070 "http://merp.yudo.com.cn:8183/Menu/Menu?formKey=M20190110T081640377" "Mozilla/5.0 (Linux; Android 7.0; RNE-AL00 Build/HUAWEIRNE-AL00; wv) AppleWebKit/537.36 (KHTML, like Gecko) Version/4.0 Chrome/59.0.3071.125 Mobile Safari/537.36"
223.104.146.41 - - [10/Jan/2019:08:18:16 +0800] "GET /image/ASM.png HTTP/1.1" 200 21273 "http://merp.yudo.com.cn:8183/Menu/Menu?formKey=M20190110T081640377" "Mozilla/5.0 (Linux; Android 7.0; RNE-AL00 Build/HUAWEIRNE-AL00; wv) AppleWebKit/537.36 (KHTML, like Gecko) Version/4.0 Chrome/59.0.3071.125 Mobile Safari/537.36"
223.104.146.41 - - [10/Jan/2019:08:18:16 +0800] "POST /JLAMPCommon/langBatchRows_prc HTTP/1.1" 200 595 "http://merp.yudo.com.cn:8183/Menu/Menu?formKey=M20190110T081640377" "Mozilla/5.0 (Linux; Android 7.0; RNE-AL00 Build/HUAWEIRNE-AL00; wv) AppleWebKit/537.36 (KHTML, like Gecko) Version/4.0 Chrome/59.0.3071.125 Mobile Safari/537.36"
223.104.146.41 - - [10/Jan/2019:08:18:17 +0800] "GET /JLAMPCommon/getCookieJson_prc HTTP/1.1" 200 924 "http://merp.yudo.com.cn:8183/Menu/Menu?formKey=M20190110T081640377" "Mozilla/5.0 (Linux; Android 7.0; RNE-AL00 Build/HUAWEIRNE-AL00; wv) AppleWebKit/537.36 (KHTML, like Gecko) Version/4.0 Chrome/59.0.3071.125 Mobile Safari/537.36"
223.104.146.41 - - [10/Jan/2019:08:18:17 +0800] "GET /Menu/doMenuRows_prc?formKey=M20190110T081640377 HTTP/1.1" 200 530 "http://merp.yudo.com.cn:8183/Menu/Menu?formKey=M20190110T081640377" "Mozilla/5.0 (Linux; Android 7.0; RNE-AL00 Build/HUAWEIRNE-AL00; wv) AppleWebKit/537.36 (KHTML, like Gecko) Version/4.0 Chrome/59.0.3071.125 Mobile Safari/537.36"
223.104.146.41 - - [10/Jan/2019:08:18:17 +0800] "GET /image/menu_allow.png HTTP/1.1" 200 2728 "http://merp.yudo.com.cn:8183/Menu/Menu?formKey=M20190110T081640377" "Mozilla/5.0 (Linux; Android 7.0; RNE-AL00 Build/HUAWEIRNE-AL00; wv) AppleWebKit/537.36 (KHTML, like Gecko) Version/4.0 Chrome/59.0.3071.125 Mobile Safari/537.36"
223.104.146.41 - - [10/Jan/2019:08:18:17 +0800] "GET /image/favicon.ico HTTP/1.1" 404 1506 "http://merp.yudo.com.cn:8183/Menu/Menu?formKey=M20190110T081640377" "Mozilla/5.0 (Linux; Android 7.0; RNE-AL00 Build/HUAWEIRNE-AL00; wv) AppleWebKit/537.36 (KHTML, like Gecko) Version/4.0 Chrome/59.0.3071.125 Mobile Safari/537.36"
223.104.145.129 - - [10/Jan/2019:08:18:21 +0800] "GET /WEI_2100/order_prc?orderid=2017041746&orderby=&ordercount=0 HTTP/1.1" 200 479 "http://merp.yudo.com.cn:8183/WEI_2100/WEI_2100?formKey=M20190110T081503047&menuSelection=asm" "Mozilla/5.0 (Linux; Android 7.0; FRD-AL10 Build/HUAWEIFRD-AL10; wv) AppleWebKit/537.36 (KHTML, like Gecko) Version/4.0 Chrome/62.0.3202.84 Mobile Safari/537.36"
223.104.4.23 - - [10/Jan/2019:08:18:22 +0800] "POST /main/login_prc HTTP/1.1" 200 74 "http://merp.yudo.com.cn:8183/?deviceType=mobile&devicePlatform=android" "Mozilla/5.0 (Linux; Android 8.0.0; MHA-AL00 Build/HUAWEIMHA-AL00; wv) AppleWebKit/537.36 (KHTML, like Gecko) Version/4.0 Chrome/68.0.3440.91 Mobile Safari/537.36"
223.104.145.129 - - [10/Jan/2019:08:18:24 +0800] "GET /WEI_2100/login_user HTTP/1.1" 200 150 "http://merp.yudo.com.cn:8183/WEI_2100/WEI_2100?formKey=M20190110T081503047&menuSelection=asm" "Mozilla/5.0 (Linux; Android 7.0; FRD-AL10 Build/HUAWEIFRD-AL10; wv) AppleWebKit/537.36 (KHTML, like Gecko) Version/4.0 Chrome/62.0.3202.84 Mobile Safari/537.36"
117.136.46.47 - - [10/Jan/2019:08:18:26 +0800] "GET /WEI_2100/as_prc?asid=2018032884&custnm=%E5%8F%8C%E8%8D%A3&startDate=2019-01-01&endDate=2019-01-10&ascount=0 HTTP/1.1" 200 66 "http://merp.yudo.com.cn:8183/WEI_2100/WEI_2100?formKey=M20190110T081324613&menuSelection=asm" "Mozilla/5.0 (Linux; Android 8.1.0; EML-AL00 Build/HUAWEIEML-AL00; wv) AppleWebKit/537.36 (KHTML, like Gecko) Version/4.0 Chrome/68.0.3440.91 Mobile Safari/537.36"
223.104.145.129 - - [10/Jan/2019:08:18:24 +0800] "GET /WEI_2100/order_minute?orderid=2017041746 HTTP/1.1" 200 995 "http://merp.yudo.com.cn:8183/WEI_2100/WEI_2100?formKey=M20190110T081503047&menuSelection=asm" "Mozilla/5.0 (Linux; Android 7.0; FRD-AL10 Build/HUAWEIFRD-AL10; wv) AppleWebKit/537.36 (KHTML, like Gecko) Version/4.0 Chrome/62.0.3202.84 Mobile Safari/537.36"
223.104.145.129 - - [10/Jan/2019:08:18:29 +0800] "GET /WEI_2100/login_user HTTP/1.1" 200 150 "http://merp.yudo.com.cn:8183/WEI_2100/WEI_2100?formKey=M20190110T081503047&menuSelection=asm" "Mozilla/5.0 (Linux; Android 7.0; FRD-AL10 Build/HUAWEIFRD-AL10; wv) AppleWebKit/537.36 (KHTML, like Gecko) Version/4.0 Chrome/62.0.3202.84 Mobile Safari/537.36"
223.104.145.129 - - [10/Jan/2019:08:18:31 +0800] "GET /WEI_2100/order_minute?orderid=2017041746 HTTP/1.1" 200 995 "http://merp.yudo.com.cn:8183/WEI_2100/WEI_2100?formKey=M20190110T081503047&menuSelection=asm" "Mozilla/5.0 (Linux; Android 7.0; FRD-AL10 Build/HUAWEIFRD-AL10; wv) AppleWebKit/537.36 (KHTML, like Gecko) Version/4.0 Chrome/62.0.3202.84 Mobile Safari/537.36"
223.104.4.23 - - [10/Jan/2019:08:18:38 +0800] "POST /main/login_prc HTTP/1.1" 200 74 "http://merp.yudo.com.cn:8183/?deviceType=mobile&devicePlatform=android" "Mozilla/5.0 (Linux; Android 8.0.0; MHA-AL00 Build/HUAWEIMHA-AL00; wv) AppleWebKit/537.36 (KHTML, like Gecko) Version/4.0 Chrome/68.0.3440.91 Mobile Safari/537.36"
117.136.46.47 - - [10/Jan/2019:08:18:36 +0800] "GET /WEI_2100/as_prc?asid=2018032884&custnm=&startDate=2019-01-01&endDate=2019-01-10&ascount=0 HTTP/1.1" 200 66 "http://merp.yudo.com.cn:8183/WEI_2100/WEI_2100?formKey=M20190110T081324613&menuSelection=asm" "Mozilla/5.0 (Linux; Android 8.1.0; EML-AL00 Build/HUAWEIEML-AL00; wv) AppleWebKit/537.36 (KHTML, like Gecko) Version/4.0 Chrome/68.0.3440.91 Mobile Safari/537.36"
223.104.145.129 - - [10/Jan/2019:08:18:31 +0800] "GET /WEI_2100/systemclass_mini_prc?bigsysid=SA10340020&minisysid=supplyscope_c1 HTTP/1.1" 200 1053 "http://merp.yudo.com.cn:8183/WEI_2100/WEI_2100?formKey=M20190110T081503047&menuSelection=asm" "Mozilla/5.0 (Linux; Android 7.0; FRD-AL10 Build/HUAWEIFRD-AL10; wv) AppleWebKit/537.36 (KHTML, like Gecko) Version/4.0 Chrome/62.0.3202.84 Mobile Safari/537.36"
223.104.145.129 - - [10/Jan/2019:08:18:31 +0800] "GET /WEI_2100/systemclass_mini_prc?bigsysid=SA10380461&minisysid=supplyscope_c5 HTTP/1.1" 200 241 "http://merp.yudo.com.cn:8183/WEI_2100/WEI_2100?formKey=M20190110T081503047&menuSelection=asm" "Mozilla/5.0 (Linux; Android 7.0; FRD-AL10 Build/HUAWEIFRD-AL10; wv) AppleWebKit/537.36 (KHTML, like Gecko) Version/4.0 Chrome/62.0.3202.84 Mobile Safari/537.36"
223.104.145.129 - - [10/Jan/2019:08:18:31 +0800] "GET /WEI_2100/systemclass_mini_prc?bigsysid=SA10370301&minisysid=supplyscope_c4 HTTP/1.1" 200 137 "http://merp.yudo.com.cn:8183/WEI_2100/WEI_2100?formKey=M20190110T081503047&menuSelection=asm" "Mozilla/5.0 (Linux; Android 7.0; FRD-AL10 Build/HUAWEIFRD-AL10; wv) AppleWebKit/537.36 (KHTML, like Gecko) Version/4.0 Chrome/62.0.3202.84 Mobile Safari/537.36"
223.104.145.129 - - [10/Jan/2019:08:18:38 +0800] "GET /WEI_2100/systemclass_mini_prc?bigsysid=SA10340020&minisysid=supplyscope_c1 HTTP/1.1" 200 1053 "http://merp.yudo.com.cn:8183/WEI_2100/WEI_2100?formKey=M20190110T081503047&menuSelection=asm" "Mozilla/5.0 (Linux; Android 7.0; FRD-AL10 Build/HUAWEIFRD-AL10; wv) AppleWebKit/537.36 (KHTML, like Gecko) Version/4.0 Chrome/62.0.3202.84 Mobile Safari/537.36"
223.104.145.129 - - [10/Jan/2019:08:18:38 +0800] "GET /WEI_2100/as_count?orderid=2017041746 HTTP/1.1" 200 75 "http://merp.yudo.com.cn:8183/WEI_2100/WEI_2100?formKey=M20190110T081503047&menuSelection=asm" "Mozilla/5.0 (Linux; Android 7.0; FRD-AL10 Build/HUAWEIFRD-AL10; wv) AppleWebKit/537.36 (KHTML, like Gecko) Version/4.0 Chrome/62.0.3202.84 Mobile Safari/537.36"
223.104.145.129 - - [10/Jan/2019:08:18:31 +0800] "GET /WEI_2100/systemclass_mini_prc?bigsysid=SA10350018&minisysid=supplyscope_c2 HTTP/1.1" 200 167 "http://merp.yudo.com.cn:8183/WEI_2100/WEI_2100?formKey=M20190110T081503047&menuSelection=asm" "Mozilla/5.0 (Linux; Android 7.0; FRD-AL10 Build/HUAWEIFRD-AL10; wv) AppleWebKit/537.36 (KHTML, like Gecko) Version/4.0 Chrome/62.0.3202.84 Mobile Safari/537.36"
223.104.145.129 - - [10/Jan/2019:08:18:31 +0800] "GET /WEI_2100/systemclass_mini_prc?bigsysid=SA10360098&minisysid=supplyscope_c3 HTTP/1.1" 200 237 "http://merp.yudo.com.cn:8183/WEI_2100/WEI_2100?formKey=M20190110T081503047&menuSelection=asm" "Mozilla/5.0 (Linux; Android 7.0; FRD-AL10 Build/HUAWEIFRD-AL10; wv) AppleWebKit/537.36 (KHTML, like Gecko) Version/4.0 Chrome/62.0.3202.84 Mobile Safari/537.36"
223.104.145.129 - - [10/Jan/2019:08:18:40 +0800] "GET /WEI_2100/as_count?orderid=2017041746 HTTP/1.1" 200 75 "http://merp.yudo.com.cn:8183/WEI_2100/WEI_2100?formKey=M20190110T081503047&menuSelection=asm" "Mozilla/5.0 (Linux; Android 7.0; FRD-AL10 Build/HUAWEIFRD-AL10; wv) AppleWebKit/537.36 (KHTML, like Gecko) Version/4.0 Chrome/62.0.3202.84 Mobile Safari/537.36"
223.104.145.129 - - [10/Jan/2019:08:18:39 +0800] "GET /WEI_2100/systemclass_mini_prc?bigsysid=SA10370301&minisysid=supplyscope_c4 HTTP/1.1" 200 137 "http://merp.yudo.com.cn:8183/WEI_2100/WEI_2100?formKey=M20190110T081503047&menuSelection=asm" "Mozilla/5.0 (Linux; Android 7.0; FRD-AL10 Build/HUAWEIFRD-AL10; wv) AppleWebKit/537.36 (KHTML, like Gecko) Version/4.0 Chrome/62.0.3202.84 Mobile Safari/537.36"
223.104.145.129 - - [10/Jan/2019:08:18:41 +0800] "GET /WEI_2100/systemclass_mini_prc?bigsysid=SA10360098&minisysid=supplyscope_c3 HTTP/1.1" 200 237 "http://merp.yudo.com.cn:8183/WEI_2100/WEI_2100?formKey=M20190110T081503047&menuSelection=asm" "Mozilla/5.0 (Linux; Android 7.0; FRD-AL10 Build/HUAWEIFRD-AL10; wv) AppleWebKit/537.36 (KHTML, like Gecko) Version/4.0 Chrome/62.0.3202.84 Mobile Safari/537.36"
223.104.145.129 - - [10/Jan/2019:08:18:40 +0800] "GET /WEI_2100/systemclass_mini_prc?bigsysid=SA10350018&minisysid=supplyscope_c2 HTTP/1.1" 200 167 "http://merp.yudo.com.cn:8183/WEI_2100/WEI_2100?formKey=M20190110T081503047&menuSelection=asm" "Mozilla/5.0 (Linux; Android 7.0; FRD-AL10 Build/HUAWEIFRD-AL10; wv) AppleWebKit/537.36 (KHTML, like Gecko) Version/4.0 Chrome/62.0.3202.84 Mobile Safari/537.36"
223.104.145.129 - - [10/Jan/2019:08:18:39 +0800] "GET /WEI_2100/systemclass_mini_prc?bigsysid=SA10380461&minisysid=supplyscope_c5 HTTP/1.1" 200 241 "http://merp.yudo.com.cn:8183/WEI_2100/WEI_2100?formKey=M20190110T081503047&menuSelection=asm" "Mozilla/5.0 (Linux; Android 7.0; FRD-AL10 Build/HUAWEIFRD-AL10; wv) AppleWebKit/537.36 (KHTML, like Gecko) Version/4.0 Chrome/62.0.3202.84 Mobile Safari/537.36"
223.104.4.23 - - [10/Jan/2019:08:18:49 +0800] "POST /main/login_prc HTTP/1.1" 200 74 "http://merp.yudo.com.cn:8183/?deviceType=mobile&devicePlatform=android" "Mozilla/5.0 (Linux; Android 8.0.0; MHA-AL00 Build/HUAWEIMHA-AL00; wv) AppleWebKit/537.36 (KHTML, like Gecko) Version/4.0 Chrome/68.0.3440.91 Mobile Safari/537.36"
::1 - - [10/Jan/2019:08:18:50 +0800] "OPTIONS * HTTP/1.0" 200 - "-" "Apache/2.4.6 (CentOS) PHP/5.6.32 (internal dummy connection)"
::1 - - [10/Jan/2019:08:18:51 +0800] "OPTIONS * HTTP/1.0" 200 - "-" "Apache/2.4.6 (CentOS) PHP/5.6.32 (internal dummy connection)"
::1 - - [10/Jan/2019:08:18:57 +0800] "OPTIONS * HTTP/1.0" 200 - "-" "Apache/2.4.6 (CentOS) PHP/5.6.32 (internal dummy connection)"
221.2.170.155 - - [10/Jan/2019:08:18:59 +0800] "GET /?deviceType=mobile&devicePlatform=ios HTTP/1.1" 302 149 "-" "Mozilla/5.0 (iPhone; CPU iPhone OS 12_1_2 like Mac OS X) AppleWebKit/605.1.15 (KHTML, like Gecko) Mobile/16C101JLAMPMode:iPhone"
221.2.170.155 - - [10/Jan/2019:08:18:59 +0800] "GET /Menu/Menu?formKey=M20190110T081724510 HTTP/1.1" 200 5922 "-" "Mozilla/5.0 (iPhone; CPU iPhone OS 12_1_2 like Mac OS X) AppleWebKit/605.1.15 (KHTML, like Gecko) Mobile/16C101JLAMPMode:iPhone"
117.136.46.47 - - [10/Jan/2019:08:18:59 +0800] "GET /WEI_2100/as_prc?asid=2018032884&custnm=&startDate=2019-01-01&endDate=2019-01-10&ascount=0 HTTP/1.1" 200 66 "http://merp.yudo.com.cn:8183/WEI_2100/WEI_2100?formKey=M20190110T081324613&menuSelection=asm" "Mozilla/5.0 (Linux; Android 8.1.0; EML-AL00 Build/HUAWEIEML-AL00; wv) AppleWebKit/537.36 (KHTML, like Gecko) Version/4.0 Chrome/68.0.3440.91 Mobile Safari/537.36"
221.2.170.155 - - [10/Jan/2019:08:19:00 +0800] "GET /css/bootstrap_modify.css HTTP/1.1" 200 265 "http://merp.yudo.com.cn:8183/Menu/Menu?formKey=M20190110T081724510" "Mozilla/5.0 (iPhone; CPU iPhone OS 12_1_2 like Mac OS X) AppleWebKit/605.1.15 (KHTML, like Gecko) Mobile/16C101JLAMPMode:iPhone"
221.2.170.155 - - [10/Jan/2019:08:19:00 +0800] "GET /third_party/bootstrap-datetimepicker/css/bootstrap-datetimepicker.css HTTP/1.1" 200 12289 "http://merp.yudo.com.cn:8183/Menu/Menu?formKey=M20190110T081724510" "Mozilla/5.0 (iPhone; CPU iPhone OS 12_1_2 like Mac OS X) AppleWebKit/605.1.15 (KHTML, like Gecko) Mobile/16C101JLAMPMode:iPhone"
221.2.170.155 - - [10/Jan/2019:08:19:00 +0800] "GET /third_party/bootstrap-3.3.5/css/bootstrap-theme.css HTTP/1.1" 200 26132 "http://merp.yudo.com.cn:8183/Menu/Menu?formKey=M20190110T081724510" "Mozilla/5.0 (iPhone; CPU iPhone OS 12_1_2 like Mac OS X) AppleWebKit/605.1.15 (KHTML, like Gecko) Mobile/16C101JLAMPMode:iPhone"
221.2.170.155 - - [10/Jan/2019:08:19:00 +0800] "GET /third_party/loading-overlay/waitMe.css HTTP/1.1" 200 14541 "http://merp.yudo.com.cn:8183/Menu/Menu?formKey=M20190110T081724510" "Mozilla/5.0 (iPhone; CPU iPhone OS 12_1_2 like Mac OS X) AppleWebKit/605.1.15 (KHTML, like Gecko) Mobile/16C101JLAMPMode:iPhone"
221.2.170.155 - - [10/Jan/2019:08:19:00 +0800] "GET /third_party/bootstrap-3.3.5/css/bootstrap.css HTTP/1.1" 200 147430 "http://merp.yudo.com.cn:8183/Menu/Menu?formKey=M20190110T081724510" "Mozilla/5.0 (iPhone; CPU iPhone OS 12_1_2 like Mac OS X) AppleWebKit/605.1.15 (KHTML, like Gecko) Mobile/16C101JLAMPMode:iPhone"
221.2.170.155 - - [10/Jan/2019:08:19:00 +0800] "GET /css/JLAMP.common.min.css HTTP/1.1" 200 - "http://merp.yudo.com.cn:8183/Menu/Menu?formKey=M20190110T081724510" "Mozilla/5.0 (iPhone; CPU iPhone OS 12_1_2 like Mac OS X) AppleWebKit/605.1.15 (KHTML, like Gecko) Mobile/16C101JLAMPMode:iPhone"
221.2.170.155 - - [10/Jan/2019:08:19:00 +0800] "GET /third_party/slideout-1.0.1/index.css HTTP/1.1" 200 491 "http://merp.yudo.com.cn:8183/Menu/Menu?formKey=M20190110T081724510" "Mozilla/5.0 (iPhone; CPU iPhone OS 12_1_2 like Mac OS X) AppleWebKit/605.1.15 (KHTML, like Gecko) Mobile/16C101JLAMPMode:iPhone"
221.2.170.155 - - [10/Jan/2019:08:19:00 +0800] "GET /css/Menu/Menu.css?v=1002 HTTP/1.1" 200 1901 "http://merp.yudo.com.cn:8183/Menu/Menu?formKey=M20190110T081724510" "Mozilla/5.0 (iPhone; CPU iPhone OS 12_1_2 like Mac OS X) AppleWebKit/605.1.15 (KHTML, like Gecko) Mobile/16C101JLAMPMode:iPhone"
221.2.170.155 - - [10/Jan/2019:08:19:00 +0800] "GET /css/JLAMP.autobinding.min.css HTTP/1.1" 200 852 "http://merp.yudo.com.cn:8183/Menu/Menu?formKey=M20190110T081724510" "Mozilla/5.0 (iPhone; CPU iPhone OS 12_1_2 like Mac OS X) AppleWebKit/605.1.15 (KHTML, like Gecko) Mobile/16C101JLAMPMode:iPhone"
221.2.170.155 - - [10/Jan/2019:08:19:00 +0800] "GET /css/JLAMP.modal.min.css HTTP/1.1" 200 920 "http://merp.yudo.com.cn:8183/Menu/Menu?formKey=M20190110T081724510" "Mozilla/5.0 (iPhone; CPU iPhone OS 12_1_2 like Mac OS X) AppleWebKit/605.1.15 (KHTML, like Gecko) Mobile/16C101JLAMPMode:iPhone"
221.2.170.155 - - [10/Jan/2019:08:19:00 +0800] "GET /css/slide_menu.css HTTP/1.1" 200 2705 "http://merp.yudo.com.cn:8183/Menu/Menu?formKey=M20190110T081724510" "Mozilla/5.0 (iPhone; CPU iPhone OS 12_1_2 like Mac OS X) AppleWebKit/605.1.15 (KHTML, like Gecko) Mobile/16C101JLAMPMode:iPhone"
221.2.170.155 - - [10/Jan/2019:08:19:00 +0800] "GET /third_party/bootstrap-3.3.5/js/bootstrap.min.js HTTP/1.1" 200 36816 "http://merp.yudo.com.cn:8183/Menu/Menu?formKey=M20190110T081724510" "Mozilla/5.0 (iPhone; CPU iPhone OS 12_1_2 like Mac OS X) AppleWebKit/605.1.15 (KHTML, like Gecko) Mobile/16C101JLAMPMode:iPhone"
221.2.170.155 - - [10/Jan/2019:08:19:00 +0800] "GET /third_party/loading-overlay/waitMe.js HTTP/1.1" 200 8583 "http://merp.yudo.com.cn:8183/Menu/Menu?formKey=M20190110T081724510" "Mozilla/5.0 (iPhone; CPU iPhone OS 12_1_2 like Mac OS X) AppleWebKit/605.1.15 (KHTML, like Gecko) Mobile/16C101JLAMPMode:iPhone"
221.2.170.155 - - [10/Jan/2019:08:19:00 +0800] "GET /third_party/bootstrap-datetimepicker/js/bootstrap-datetimepicker.js HTTP/1.1" 200 67526 "http://merp.yudo.com.cn:8183/Menu/Menu?formKey=M20190110T081724510" "Mozilla/5.0 (iPhone; CPU iPhone OS 12_1_2 like Mac OS X) AppleWebKit/605.1.15 (KHTML, like Gecko) Mobile/16C101JLAMPMode:iPhone"
221.2.170.155 - - [10/Jan/2019:08:19:00 +0800] "GET /css/WEI_2000/mui.min.css?v=1001 HTTP/1.1" 200 74864 "http://merp.yudo.com.cn:8183/Menu/Menu?formKey=M20190110T081724510" "Mozilla/5.0 (iPhone; CPU iPhone OS 12_1_2 like Mac OS X) AppleWebKit/605.1.15 (KHTML, like Gecko) Mobile/16C101JLAMPMode:iPhone"
221.2.170.155 - - [10/Jan/2019:08:19:00 +0800] "GET /third_party/slideout-1.0.1/slideout.js HTTP/1.1" 200 37980 "http://merp.yudo.com.cn:8183/Menu/Menu?formKey=M20190110T081724510" "Mozilla/5.0 (iPhone; CPU iPhone OS 12_1_2 like Mac OS X) AppleWebKit/605.1.15 (KHTML, like Gecko) Mobile/16C101JLAMPMode:iPhone"
221.2.170.155 - - [10/Jan/2019:08:19:00 +0800] "GET /js/fastclick.js HTTP/1.1" 200 25966 "http://merp.yudo.com.cn:8183/Menu/Menu?formKey=M20190110T081724510" "Mozilla/5.0 (iPhone; CPU iPhone OS 12_1_2 like Mac OS X) AppleWebKit/605.1.15 (KHTML, like Gecko) Mobile/16C101JLAMPMode:iPhone"
221.2.170.155 - - [10/Jan/2019:08:19:00 +0800] "GET /css/common.css?v=5007 HTTP/1.1" 200 14033 "http://merp.yudo.com.cn:8183/Menu/Menu?formKey=M20190110T081724510" "Mozilla/5.0 (iPhone; CPU iPhone OS 12_1_2 like Mac OS X) AppleWebKit/605.1.15 (KHTML, like Gecko) Mobile/16C101JLAMPMode:iPhone"
221.2.170.155 - - [10/Jan/2019:08:19:00 +0800] "GET /js/JLAMP.polyfill.min.js HTTP/1.1" 200 361 "http://merp.yudo.com.cn:8183/Menu/Menu?formKey=M20190110T081724510" "Mozilla/5.0 (iPhone; CPU iPhone OS 12_1_2 like Mac OS X) AppleWebKit/605.1.15 (KHTML, like Gecko) Mobile/16C101JLAMPMode:iPhone"
221.2.170.155 - - [10/Jan/2019:08:19:00 +0800] "GET /js/JLAMP.min.js HTTP/1.1" 200 1461 "http://merp.yudo.com.cn:8183/Menu/Menu?formKey=M20190110T081724510" "Mozilla/5.0 (iPhone; CPU iPhone OS 12_1_2 like Mac OS X) AppleWebKit/605.1.15 (KHTML, like Gecko) Mobile/16C101JLAMPMode:iPhone"
221.2.170.155 - - [10/Jan/2019:08:19:00 +0800] "GET /js/JLAMP.common.min.js HTTP/1.1" 200 9705 "http://merp.yudo.com.cn:8183/Menu/Menu?formKey=M20190110T081724510" "Mozilla/5.0 (iPhone; CPU iPhone OS 12_1_2 like Mac OS X) AppleWebKit/605.1.15 (KHTML, like Gecko) Mobile/16C101JLAMPMode:iPhone"
221.2.170.155 - - [10/Jan/2019:08:19:00 +0800] "GET /js/JLAMP.autobinding.min.js HTTP/1.1" 200 8816 "http://merp.yudo.com.cn:8183/Menu/Menu?formKey=M20190110T081724510" "Mozilla/5.0 (iPhone; CPU iPhone OS 12_1_2 like Mac OS X) AppleWebKit/605.1.15 (KHTML, like Gecko) Mobile/16C101JLAMPMode:iPhone"
221.2.170.155 - - [10/Jan/2019:08:19:00 +0800] "GET /js/JLAMP.menu.min.js HTTP/1.1" 200 6519 "http://merp.yudo.com.cn:8183/Menu/Menu?formKey=M20190110T081724510" "Mozilla/5.0 (iPhone; CPU iPhone OS 12_1_2 like Mac OS X) AppleWebKit/605.1.15 (KHTML, like Gecko) Mobile/16C101JLAMPMode:iPhone"
221.2.170.155 - - [10/Jan/2019:08:19:00 +0800] "GET /js/JLAMP.modal.min.js HTTP/1.1" 200 16516 "http://merp.yudo.com.cn:8183/Menu/Menu?formKey=M20190110T081724510" "Mozilla/5.0 (iPhone; CPU iPhone OS 12_1_2 like Mac OS X) AppleWebKit/605.1.15 (KHTML, like Gecko) Mobile/16C101JLAMPMode:iPhone"
221.2.170.155 - - [10/Jan/2019:08:19:00 +0800] "GET /js/JLAMP.lang.min.js HTTP/1.1" 200 1750 "http://merp.yudo.com.cn:8183/Menu/Menu?formKey=M20190110T081724510" "Mozilla/5.0 (iPhone; CPU iPhone OS 12_1_2 like Mac OS X) AppleWebKit/605.1.15 (KHTML, like Gecko) Mobile/16C101JLAMPMode:iPhone"
221.2.170.155 - - [10/Jan/2019:08:19:00 +0800] "GET /js/session.js HTTP/1.1" 200 638 "http://merp.yudo.com.cn:8183/Menu/Menu?formKey=M20190110T081724510" "Mozilla/5.0 (iPhone; CPU iPhone OS 12_1_2 like Mac OS X) AppleWebKit/605.1.15 (KHTML, like Gecko) Mobile/16C101JLAMPMode:iPhone"
221.2.170.155 - - [10/Jan/2019:08:19:00 +0800] "GET /js/version.js?v=20180920001 HTTP/1.1" 200 1046 "http://merp.yudo.com.cn:8183/Menu/Menu?formKey=M20190110T081724510" "Mozilla/5.0 (iPhone; CPU iPhone OS 12_1_2 like Mac OS X) AppleWebKit/605.1.15 (KHTML, like Gecko) Mobile/16C101JLAMPMode:iPhone"
221.2.170.155 - - [10/Jan/2019:08:19:00 +0800] "GET /js/common.js?v=1001 HTTP/1.1" 200 11633 "http://merp.yudo.com.cn:8183/Menu/Menu?formKey=M20190110T081724510" "Mozilla/5.0 (iPhone; CPU iPhone OS 12_1_2 like Mac OS X) AppleWebKit/605.1.15 (KHTML, like Gecko) Mobile/16C101JLAMPMode:iPhone"
221.2.170.155 - - [10/Jan/2019:08:19:00 +0800] "GET /js/GNB.js HTTP/1.1" 200 2176 "http://merp.yudo.com.cn:8183/Menu/Menu?formKey=M20190110T081724510" "Mozilla/5.0 (iPhone; CPU iPhone OS 12_1_2 like Mac OS X) AppleWebKit/605.1.15 (KHTML, like Gecko) Mobile/16C101JLAMPMode:iPhone"
221.2.170.155 - - [10/Jan/2019:08:19:00 +0800] "GET /js/Menu/Menu.js?v=1005 HTTP/1.1" 200 2291 "http://merp.yudo.com.cn:8183/Menu/Menu?formKey=M20190110T081724510" "Mozilla/5.0 (iPhone; CPU iPhone OS 12_1_2 like Mac OS X) AppleWebKit/605.1.15 (KHTML, like Gecko) Mobile/16C101JLAMPMode:iPhone"
221.2.170.155 - - [10/Jan/2019:08:19:00 +0800] "GET /image/icon_logout.png HTTP/1.1" 200 1682 "http://merp.yudo.com.cn:8183/Menu/Menu?formKey=M20190110T081724510" "Mozilla/5.0 (iPhone; CPU iPhone OS 12_1_2 like Mac OS X) AppleWebKit/605.1.15 (KHTML, like Gecko) Mobile/16C101JLAMPMode:iPhone"
221.2.170.155 - - [10/Jan/2019:08:19:00 +0800] "GET /image/login_logo.png HTTP/1.1" 200 3941 "http://merp.yudo.com.cn:8183/Menu/Menu?formKey=M20190110T081724510" "Mozilla/5.0 (iPhone; CPU iPhone OS 12_1_2 like Mac OS X) AppleWebKit/605.1.15 (KHTML, like Gecko) Mobile/16C101JLAMPMode:iPhone"
221.2.170.155 - - [10/Jan/2019:08:19:00 +0800] "GET /image/MI.png HTTP/1.1" 200 3083 "http://merp.yudo.com.cn:8183/Menu/Menu?formKey=M20190110T081724510" "Mozilla/5.0 (iPhone; CPU iPhone OS 12_1_2 like Mac OS X) AppleWebKit/605.1.15 (KHTML, like Gecko) Mobile/16C101JLAMPMode:iPhone"
221.2.170.155 - - [10/Jan/2019:08:19:00 +0800] "GET /image/SM.png HTTP/1.1" 200 3070 "http://merp.yudo.com.cn:8183/Menu/Menu?formKey=M20190110T081724510" "Mozilla/5.0 (iPhone; CPU iPhone OS 12_1_2 like Mac OS X) AppleWebKit/605.1.15 (KHTML, like Gecko) Mobile/16C101JLAMPMode:iPhone"
221.2.170.155 - - [10/Jan/2019:08:19:00 +0800] "GET /image/ASM.png HTTP/1.1" 200 21273 "http://merp.yudo.com.cn:8183/Menu/Menu?formKey=M20190110T081724510" "Mozilla/5.0 (iPhone; CPU iPhone OS 12_1_2 like Mac OS X) AppleWebKit/605.1.15 (KHTML, like Gecko) Mobile/16C101JLAMPMode:iPhone"
221.2.170.155 - - [10/Jan/2019:08:19:00 +0800] "GET /third_party/jquery-2.1.4/jquery.js HTTP/1.1" 200 247606 "http://merp.yudo.com.cn:8183/Menu/Menu?formKey=M20190110T081724510" "Mozilla/5.0 (iPhone; CPU iPhone OS 12_1_2 like Mac OS X) AppleWebKit/605.1.15 (KHTML, like Gecko) Mobile/16C101JLAMPMode:iPhone"
221.2.170.155 - - [10/Jan/2019:08:19:00 +0800] "GET /js/WEI_2000/mui.min.js HTTP/1.1" 200 115810 "http://merp.yudo.com.cn:8183/Menu/Menu?formKey=M20190110T081724510" "Mozilla/5.0 (iPhone; CPU iPhone OS 12_1_2 like Mac OS X) AppleWebKit/605.1.15 (KHTML, like Gecko) Mobile/16C101JLAMPMode:iPhone"
221.2.170.155 - - [10/Jan/2019:08:19:01 +0800] "POST /JLAMPCommon/langBatchRows_prc HTTP/1.1" 200 227 "http://merp.yudo.com.cn:8183/Menu/Menu?formKey=M20190110T081724510" "Mozilla/5.0 (iPhone; CPU iPhone OS 12_1_2 like Mac OS X) AppleWebKit/605.1.15 (KHTML, like Gecko) Mobile/16C101JLAMPMode:iPhone"
221.2.170.155 - - [10/Jan/2019:08:19:01 +0800] "GET /JLAMPCommon/getCookieJson_prc HTTP/1.1" 200 899 "http://merp.yudo.com.cn:8183/Menu/Menu?formKey=M20190110T081724510" "Mozilla/5.0 (iPhone; CPU iPhone OS 12_1_2 like Mac OS X) AppleWebKit/605.1.15 (KHTML, like Gecko) Mobile/16C101JLAMPMode:iPhone"
221.2.170.155 - - [10/Jan/2019:08:19:01 +0800] "GET /Menu/doMenuRows_prc?formKey=M20190110T081724510 HTTP/1.1" 200 2002 "http://merp.yudo.com.cn:8183/Menu/Menu?formKey=M20190110T081724510" "Mozilla/5.0 (iPhone; CPU iPhone OS 12_1_2 like Mac OS X) AppleWebKit/605.1.15 (KHTML, like Gecko) Mobile/16C101JLAMPMode:iPhone"
