192.168.253.2 - - [21/Aug/2018:12:09:26 +0800] "GET /WEI_2100/systemclass_mini_prc?bigsysid=SA10360097&minisysid=supplyscope_c3 HTTP/1.1" 200 271 "http://merp.yudo.com.cn:8183/WEI_2100/WEI_2100?formKey=M20180821T120348010&menuSelection=asm" "Mozilla/5.0 (iPhone; CPU iPhone OS 11_0 like Mac OS X) AppleWebKit/604.1.38 (KHTML, like Gecko) Mobile/15A372JLAMPMode:iPhone"
192.168.253.2 - - [21/Aug/2018:12:09:26 +0800] "GET /WEI_2100/as_count?orderid=2018081608 HTTP/1.1" 200 74 "http://merp.yudo.com.cn:8183/WEI_2100/WEI_2100?formKey=M20180821T120348010&menuSelection=asm" "Mozilla/5.0 (iPhone; CPU iPhone OS 11_0 like Mac OS X) AppleWebKit/604.1.38 (KHTML, like Gecko) Mobile/15A372JLAMPMode:iPhone"
::1 - - [21/Aug/2018:12:09:33 +0800] "OPTIONS * HTTP/1.0" 200 - "-" "Apache/2.4.6 (CentOS) PHP/5.6.32 (internal dummy connection)"
192.168.253.2 - - [21/Aug/2018:12:09:38 +0800] "GET /WEI_2100/order_prc?orderid=&orderby=%E8%8B%8F%E5%B7%9E&ordercount=0 HTTP/1.1" 200 20868 "http://merp.yudo.com.cn:8183/WEI_2100/WEI_2100?formKey=M20180821T120348010&menuSelection=asm" "Mozilla/5.0 (iPhone; CPU iPhone OS 11_0 like Mac OS X) AppleWebKit/604.1.38 (KHTML, like Gecko) Mobile/15A372JLAMPMode:iPhone"
192.168.253.2 - - [21/Aug/2018:12:09:47 +0800] "GET /WEI_2100/order_prc?orderid=&orderby=%E8%8B%8F%E5%B7%9E&ordercount=50 HTTP/1.1" 200 20641 "http://merp.yudo.com.cn:8183/WEI_2100/WEI_2100?formKey=M20180821T120348010&menuSelection=asm" "Mozilla/5.0 (iPhone; CPU iPhone OS 11_0 like Mac OS X) AppleWebKit/604.1.38 (KHTML, like Gecko) Mobile/15A372JLAMPMode:iPhone"
192.168.253.2 - - [21/Aug/2018:12:10:04 +0800] "GET /WEI_2100/order_minute?orderid=2018082053 HTTP/1.1" 200 904 "http://merp.yudo.com.cn:8183/WEI_2100/WEI_2100?formKey=M20180821T120348010&menuSelection=asm" "Mozilla/5.0 (iPhone; CPU iPhone OS 11_0 like Mac OS X) AppleWebKit/604.1.38 (KHTML, like Gecko) Mobile/15A372JLAMPMode:iPhone"
192.168.253.2 - - [21/Aug/2018:12:10:04 +0800] "GET /WEI_2100/login_user HTTP/1.1" 200 155 "http://merp.yudo.com.cn:8183/WEI_2100/WEI_2100?formKey=M20180821T120348010&menuSelection=asm" "Mozilla/5.0 (iPhone; CPU iPhone OS 11_0 like Mac OS X) AppleWebKit/604.1.38 (KHTML, like Gecko) Mobile/15A372JLAMPMode:iPhone"
192.168.253.2 - - [21/Aug/2018:12:10:06 +0800] "GET /WEI_2100/systemclass_mini_prc?bigsysid=SA10340020&minisysid=supplyscope_c1 HTTP/1.1" 200 1053 "http://merp.yudo.com.cn:8183/WEI_2100/WEI_2100?formKey=M20180821T120348010&menuSelection=asm" "Mozilla/5.0 (iPhone; CPU iPhone OS 11_0 like Mac OS X) AppleWebKit/604.1.38 (KHTML, like Gecko) Mobile/15A372JLAMPMode:iPhone"
192.168.253.2 - - [21/Aug/2018:12:10:06 +0800] "GET /WEI_2100/systemclass_mini_prc?bigsysid=SA10370295&minisysid=supplyscope_c4 HTTP/1.1" 200 137 "http://merp.yudo.com.cn:8183/WEI_2100/WEI_2100?formKey=M20180821T120348010&menuSelection=asm" "Mozilla/5.0 (iPhone; CPU iPhone OS 11_0 like Mac OS X) AppleWebKit/604.1.38 (KHTML, like Gecko) Mobile/15A372JLAMPMode:iPhone"
192.168.253.2 - - [21/Aug/2018:12:10:06 +0800] "GET /WEI_2100/as_count?orderid=2018082053 HTTP/1.1" 200 74 "http://merp.yudo.com.cn:8183/WEI_2100/WEI_2100?formKey=M20180821T120348010&menuSelection=asm" "Mozilla/5.0 (iPhone; CPU iPhone OS 11_0 like Mac OS X) AppleWebKit/604.1.38 (KHTML, like Gecko) Mobile/15A372JLAMPMode:iPhone"
192.168.253.2 - - [21/Aug/2018:12:10:06 +0800] "GET /WEI_2100/systemclass_mini_prc?bigsysid=SA10350017&minisysid=supplyscope_c2 HTTP/1.1" 200 133 "http://merp.yudo.com.cn:8183/WEI_2100/WEI_2100?formKey=M20180821T120348010&menuSelection=asm" "Mozilla/5.0 (iPhone; CPU iPhone OS 11_0 like Mac OS X) AppleWebKit/604.1.38 (KHTML, like Gecko) Mobile/15A372JLAMPMode:iPhone"
192.168.253.2 - - [21/Aug/2018:12:10:06 +0800] "GET /WEI_2100/systemclass_mini_prc?bigsysid=SA10360097&minisysid=supplyscope_c3 HTTP/1.1" 200 271 "http://merp.yudo.com.cn:8183/WEI_2100/WEI_2100?formKey=M20180821T120348010&menuSelection=asm" "Mozilla/5.0 (iPhone; CPU iPhone OS 11_0 like Mac OS X) AppleWebKit/604.1.38 (KHTML, like Gecko) Mobile/15A372JLAMPMode:iPhone"
192.168.253.2 - - [21/Aug/2018:12:10:06 +0800] "GET /WEI_2100/systemclass_mini_prc?bigsysid=SA10380448&minisysid=supplyscope_c5 HTTP/1.1" 200 492 "http://merp.yudo.com.cn:8183/WEI_2100/WEI_2100?formKey=M20180821T120348010&menuSelection=asm" "Mozilla/5.0 (iPhone; CPU iPhone OS 11_0 like Mac OS X) AppleWebKit/604.1.38 (KHTML, like Gecko) Mobile/15A372JLAMPMode:iPhone"
::1 - - [21/Aug/2018:12:10:13 +0800] "OPTIONS * HTTP/1.0" 200 - "-" "Apache/2.4.6 (CentOS) PHP/5.6.32 (internal dummy connection)"
192.168.253.2 - - [21/Aug/2018:12:10:57 +0800] "GET /WEI_2100/spec_prc?specid=&custnm=&speccount=0 HTTP/1.1" 200 11230 "http://merp.yudo.com.cn:8183/WEI_2100/WEI_2100?formKey=M20180821T120348010&menuSelection=asm" "Mozilla/5.0 (iPhone; CPU iPhone OS 11_0 like Mac OS X) AppleWebKit/604.1.38 (KHTML, like Gecko) Mobile/15A372JLAMPMode:iPhone"
192.168.253.2 - - [21/Aug/2018:12:10:59 +0800] "GET /WEI_2100/spec_minute?specid=2018081847 HTTP/1.1" 200 655 "http://merp.yudo.com.cn:8183/WEI_2100/WEI_2100?formKey=M20180821T120348010&menuSelection=asm" "Mozilla/5.0 (iPhone; CPU iPhone OS 11_0 like Mac OS X) AppleWebKit/604.1.38 (KHTML, like Gecko) Mobile/15A372JLAMPMode:iPhone"
192.168.253.2 - - [21/Aug/2018:12:11:00 +0800] "GET /WEI_2100/systemclass_mini_prc?bigsysid=SA10340020&minisysid=supplyscope_c1 HTTP/1.1" 200 1053 "http://merp.yudo.com.cn:8183/WEI_2100/WEI_2100?formKey=M20180821T120348010&menuSelection=asm" "Mozilla/5.0 (iPhone; CPU iPhone OS 11_0 like Mac OS X) AppleWebKit/604.1.38 (KHTML, like Gecko) Mobile/15A372JLAMPMode:iPhone"
192.168.253.2 - - [21/Aug/2018:12:11:00 +0800] "GET /WEI_2100/systemclass_mini_prc?bigsysid=SA10350022&minisysid=supplyscope_c2 HTTP/1.1" 200 99 "http://merp.yudo.com.cn:8183/WEI_2100/WEI_2100?formKey=M20180821T120348010&menuSelection=asm" "Mozilla/5.0 (iPhone; CPU iPhone OS 11_0 like Mac OS X) AppleWebKit/604.1.38 (KHTML, like Gecko) Mobile/15A372JLAMPMode:iPhone"
192.168.253.2 - - [21/Aug/2018:12:11:00 +0800] "GET /WEI_2100/systemclass_mini_prc?bigsysid=SA10360033&minisysid=supplyscope_c3 HTTP/1.1" 200 202 "http://merp.yudo.com.cn:8183/WEI_2100/WEI_2100?formKey=M20180821T120348010&menuSelection=asm" "Mozilla/5.0 (iPhone; CPU iPhone OS 11_0 like Mac OS X) AppleWebKit/604.1.38 (KHTML, like Gecko) Mobile/15A372JLAMPMode:iPhone"
192.168.253.2 - - [21/Aug/2018:12:11:00 +0800] "GET /WEI_2100/systemclass_mini_prc?bigsysid=SA10380159&minisysid=supplyscope_c5 HTTP/1.1" 200 492 "http://merp.yudo.com.cn:8183/WEI_2100/WEI_2100?formKey=M20180821T120348010&menuSelection=asm" "Mozilla/5.0 (iPhone; CPU iPhone OS 11_0 like Mac OS X) AppleWebKit/604.1.38 (KHTML, like Gecko) Mobile/15A372JLAMPMode:iPhone"
192.168.253.2 - - [21/Aug/2018:12:11:00 +0800] "GET /WEI_2100/systemclass_mini_prc?bigsysid=SA10370098&minisysid=supplyscope_c4 HTTP/1.1" 200 99 "http://merp.yudo.com.cn:8183/WEI_2100/WEI_2100?formKey=M20180821T120348010&menuSelection=asm" "Mozilla/5.0 (iPhone; CPU iPhone OS 11_0 like Mac OS X) AppleWebKit/604.1.38 (KHTML, like Gecko) Mobile/15A372JLAMPMode:iPhone"
192.168.253.2 - - [21/Aug/2018:13:33:32 +0800] "GET /WEI_2100/order_prc?orderid=2018082053&orderby=%E8%8B%8F%E5%B7%9E&ordercount=0 HTTP/1.1" 200 460 "http://merp.yudo.com.cn:8183/WEI_2100/WEI_2100?formKey=M20180821T120348010&menuSelection=asm" "Mozilla/5.0 (iPhone; CPU iPhone OS 11_0 like Mac OS X) AppleWebKit/604.1.38 (KHTML, like Gecko) Mobile/15A372JLAMPMode:iPhone"
192.168.253.2 - - [21/Aug/2018:13:33:34 +0800] "GET /WEI_2100/login_user HTTP/1.1" 200 155 "http://merp.yudo.com.cn:8183/WEI_2100/WEI_2100?formKey=M20180821T120348010&menuSelection=asm" "Mozilla/5.0 (iPhone; CPU iPhone OS 11_0 like Mac OS X) AppleWebKit/604.1.38 (KHTML, like Gecko) Mobile/15A372JLAMPMode:iPhone"
192.168.253.2 - - [21/Aug/2018:13:33:34 +0800] "GET /WEI_2100/order_minute?orderid=2018082053 HTTP/1.1" 200 904 "http://merp.yudo.com.cn:8183/WEI_2100/WEI_2100?formKey=M20180821T120348010&menuSelection=asm" "Mozilla/5.0 (iPhone; CPU iPhone OS 11_0 like Mac OS X) AppleWebKit/604.1.38 (KHTML, like Gecko) Mobile/15A372JLAMPMode:iPhone"
192.168.253.2 - - [21/Aug/2018:13:33:35 +0800] "GET /WEI_2100/systemclass_mini_prc?bigsysid=SA10360097&minisysid=supplyscope_c3 HTTP/1.1" 200 271 "http://merp.yudo.com.cn:8183/WEI_2100/WEI_2100?formKey=M20180821T120348010&menuSelection=asm" "Mozilla/5.0 (iPhone; CPU iPhone OS 11_0 like Mac OS X) AppleWebKit/604.1.38 (KHTML, like Gecko) Mobile/15A372JLAMPMode:iPhone"
192.168.253.2 - - [21/Aug/2018:13:33:35 +0800] "GET /WEI_2100/systemclass_mini_prc?bigsysid=SA10350017&minisysid=supplyscope_c2 HTTP/1.1" 200 133 "http://merp.yudo.com.cn:8183/WEI_2100/WEI_2100?formKey=M20180821T120348010&menuSelection=asm" "Mozilla/5.0 (iPhone; CPU iPhone OS 11_0 like Mac OS X) AppleWebKit/604.1.38 (KHTML, like Gecko) Mobile/15A372JLAMPMode:iPhone"
192.168.253.2 - - [21/Aug/2018:13:33:35 +0800] "GET /WEI_2100/systemclass_mini_prc?bigsysid=SA10380448&minisysid=supplyscope_c5 HTTP/1.1" 200 492 "http://merp.yudo.com.cn:8183/WEI_2100/WEI_2100?formKey=M20180821T120348010&menuSelection=asm" "Mozilla/5.0 (iPhone; CPU iPhone OS 11_0 like Mac OS X) AppleWebKit/604.1.38 (KHTML, like Gecko) Mobile/15A372JLAMPMode:iPhone"
192.168.253.2 - - [21/Aug/2018:13:33:35 +0800] "GET /WEI_2100/systemclass_mini_prc?bigsysid=SA10340020&minisysid=supplyscope_c1 HTTP/1.1" 200 1053 "http://merp.yudo.com.cn:8183/WEI_2100/WEI_2100?formKey=M20180821T120348010&menuSelection=asm" "Mozilla/5.0 (iPhone; CPU iPhone OS 11_0 like Mac OS X) AppleWebKit/604.1.38 (KHTML, like Gecko) Mobile/15A372JLAMPMode:iPhone"
192.168.253.2 - - [21/Aug/2018:13:33:35 +0800] "GET /WEI_2100/as_count?orderid=2018082053 HTTP/1.1" 200 74 "http://merp.yudo.com.cn:8183/WEI_2100/WEI_2100?formKey=M20180821T120348010&menuSelection=asm" "Mozilla/5.0 (iPhone; CPU iPhone OS 11_0 like Mac OS X) AppleWebKit/604.1.38 (KHTML, like Gecko) Mobile/15A372JLAMPMode:iPhone"
192.168.253.2 - - [21/Aug/2018:13:33:35 +0800] "GET /WEI_2100/systemclass_mini_prc?bigsysid=SA10370295&minisysid=supplyscope_c4 HTTP/1.1" 200 137 "http://merp.yudo.com.cn:8183/WEI_2100/WEI_2100?formKey=M20180821T120348010&menuSelection=asm" "Mozilla/5.0 (iPhone; CPU iPhone OS 11_0 like Mac OS X) AppleWebKit/604.1.38 (KHTML, like Gecko) Mobile/15A372JLAMPMode:iPhone"
::1 - - [21/Aug/2018:13:33:42 +0800] "OPTIONS * HTTP/1.0" 200 - "-" "Apache/2.4.6 (CentOS) PHP/5.6.32 (internal dummy connection)"
192.168.253.2 - - [21/Aug/2018:13:34:18 +0800] "GET /WEI_2100/systemclass_mini_prc?bigsysid=AS10110010&minisysid=ascause_c HTTP/1.1" 200 869 "http://merp.yudo.com.cn:8183/WEI_2100/WEI_2100?formKey=M20180821T120348010&menuSelection=asm" "Mozilla/5.0 (iPhone; CPU iPhone OS 11_0 like Mac OS X) AppleWebKit/604.1.38 (KHTML, like Gecko) Mobile/15A372JLAMPMode:iPhone"
192.168.253.2 - - [21/Aug/2018:13:34:24 +0800] "GET /WEI_2100/systemclass_mini_prc?bigsysid=AS10060040&minisysid=asclass1_c HTTP/1.1" 200 2730 "http://merp.yudo.com.cn:8183/WEI_2100/WEI_2100?formKey=M20180821T120348010&menuSelection=asm" "Mozilla/5.0 (iPhone; CPU iPhone OS 11_0 like Mac OS X) AppleWebKit/604.1.38 (KHTML, like Gecko) Mobile/15A372JLAMPMode:iPhone"
192.168.253.2 - - [21/Aug/2018:13:40:05 +0800] "POST /WEI_2100/save_as HTTP/1.1" 200 74 "http://merp.yudo.com.cn:8183/WEI_2100/WEI_2100?formKey=M20180821T120348010&menuSelection=asm" "Mozilla/5.0 (iPhone; CPU iPhone OS 11_0 like Mac OS X) AppleWebKit/604.1.38 (KHTML, like Gecko) Mobile/15A372JLAMPMode:iPhone"
192.168.253.2 - - [21/Aug/2018:13:40:05 +0800] "GET /WEI_2100/as_minute?asid=2018080827 HTTP/1.1" 200 1763 "http://merp.yudo.com.cn:8183/WEI_2100/WEI_2100?formKey=M20180821T120348010&menuSelection=asm" "Mozilla/5.0 (iPhone; CPU iPhone OS 11_0 like Mac OS X) AppleWebKit/604.1.38 (KHTML, like Gecko) Mobile/15A372JLAMPMode:iPhone"
192.168.253.2 - - [21/Aug/2018:13:40:05 +0800] "GET /WEI_2100/as_minute_table?asid=2018080827 HTTP/1.1" 200 63 "http://merp.yudo.com.cn:8183/WEI_2100/WEI_2100?formKey=M20180821T120348010&menuSelection=asm" "Mozilla/5.0 (iPhone; CPU iPhone OS 11_0 like Mac OS X) AppleWebKit/604.1.38 (KHTML, like Gecko) Mobile/15A372JLAMPMode:iPhone"
192.168.253.2 - - [21/Aug/2018:13:40:07 +0800] "GET /WEI_2100/systemclass_mini_prc?bigsysid=AS10060040&minisysid=asclass1_c HTTP/1.1" 200 2730 "http://merp.yudo.com.cn:8183/WEI_2100/WEI_2100?formKey=M20180821T120348010&menuSelection=asm" "Mozilla/5.0 (iPhone; CPU iPhone OS 11_0 like Mac OS X) AppleWebKit/604.1.38 (KHTML, like Gecko) Mobile/15A372JLAMPMode:iPhone"
192.168.253.2 - - [21/Aug/2018:13:40:07 +0800] "GET /WEI_2100/systemclass_mini_prc?bigsysid=SA10370295&minisysid=supplyscope_c4 HTTP/1.1" 200 137 "http://merp.yudo.com.cn:8183/WEI_2100/WEI_2100?formKey=M20180821T120348010&menuSelection=asm" "Mozilla/5.0 (iPhone; CPU iPhone OS 11_0 like Mac OS X) AppleWebKit/604.1.38 (KHTML, like Gecko) Mobile/15A372JLAMPMode:iPhone"
192.168.253.2 - - [21/Aug/2018:13:40:07 +0800] "GET /WEI_2100/systemclass_mini_prc?bigsysid=SA10350017&minisysid=supplyscope_c2 HTTP/1.1" 200 133 "http://merp.yudo.com.cn:8183/WEI_2100/WEI_2100?formKey=M20180821T120348010&menuSelection=asm" "Mozilla/5.0 (iPhone; CPU iPhone OS 11_0 like Mac OS X) AppleWebKit/604.1.38 (KHTML, like Gecko) Mobile/15A372JLAMPMode:iPhone"
192.168.253.2 - - [21/Aug/2018:13:40:08 +0800] "GET /WEI_2100/systemclass_mini_prc?bigsysid=SA10380448&minisysid=supplyscope_c5 HTTP/1.1" 200 492 "http://merp.yudo.com.cn:8183/WEI_2100/WEI_2100?formKey=M20180821T120348010&menuSelection=asm" "Mozilla/5.0 (iPhone; CPU iPhone OS 11_0 like Mac OS X) AppleWebKit/604.1.38 (KHTML, like Gecko) Mobile/15A372JLAMPMode:iPhone"
192.168.253.2 - - [21/Aug/2018:13:40:07 +0800] "GET /WEI_2100/systemclass_mini_prc?bigsysid=SA10340020&minisysid=supplyscope_c1 HTTP/1.1" 200 1053 "http://merp.yudo.com.cn:8183/WEI_2100/WEI_2100?formKey=M20180821T120348010&menuSelection=asm" "Mozilla/5.0 (iPhone; CPU iPhone OS 11_0 like Mac OS X) AppleWebKit/604.1.38 (KHTML, like Gecko) Mobile/15A372JLAMPMode:iPhone"
192.168.253.2 - - [21/Aug/2018:13:40:07 +0800] "GET /WEI_2100/systemclass_mini_prc?bigsysid=AS10110010&minisysid=ascause_c HTTP/1.1" 200 869 "http://merp.yudo.com.cn:8183/WEI_2100/WEI_2100?formKey=M20180821T120348010&menuSelection=asm" "Mozilla/5.0 (iPhone; CPU iPhone OS 11_0 like Mac OS X) AppleWebKit/604.1.38 (KHTML, like Gecko) Mobile/15A372JLAMPMode:iPhone"
192.168.253.2 - - [21/Aug/2018:13:40:07 +0800] "GET /WEI_2100/systemclass_mini_prc?bigsysid=SA10360097&minisysid=supplyscope_c3 HTTP/1.1" 200 271 "http://merp.yudo.com.cn:8183/WEI_2100/WEI_2100?formKey=M20180821T120348010&menuSelection=asm" "Mozilla/5.0 (iPhone; CPU iPhone OS 11_0 like Mac OS X) AppleWebKit/604.1.38 (KHTML, like Gecko) Mobile/15A372JLAMPMode:iPhone"
192.168.253.2 - - [21/Aug/2018:13:40:10 +0800] "GET /WEI_2100/as_sales?asid=2018080827 HTTP/1.1" 200 63 "http://merp.yudo.com.cn:8183/WEI_2100/WEI_2100?formKey=M20180821T120348010&menuSelection=asm" "Mozilla/5.0 (iPhone; CPU iPhone OS 11_0 like Mac OS X) AppleWebKit/604.1.38 (KHTML, like Gecko) Mobile/15A372JLAMPMode:iPhone"
192.168.253.2 - - [21/Aug/2018:13:40:15 +0800] "GET /WEI_2100/user_prc?username=%E8%B0%A2%E7%B4%A0%E6%96%87&userid=&groupname= HTTP/1.1" 200 151 "http://merp.yudo.com.cn:8183/WEI_2100/WEI_2100?formKey=M20180821T120348010&menuSelection=asm" "Mozilla/5.0 (iPhone; CPU iPhone OS 11_0 like Mac OS X) AppleWebKit/604.1.38 (KHTML, like Gecko) Mobile/15A372JLAMPMode:iPhone"
::1 - - [21/Aug/2018:13:40:21 +0800] "OPTIONS * HTTP/1.0" 200 - "-" "Apache/2.4.6 (CentOS) PHP/5.6.32 (internal dummy connection)"
192.168.253.2 - - [21/Aug/2018:13:40:25 +0800] "POST /WEI_2100/save_sales HTTP/1.1" 200 61 "http://merp.yudo.com.cn:8183/WEI_2100/WEI_2100?formKey=M20180821T120348010&menuSelection=asm" "Mozilla/5.0 (iPhone; CPU iPhone OS 11_0 like Mac OS X) AppleWebKit/604.1.38 (KHTML, like Gecko) Mobile/15A372JLAMPMode:iPhone"
192.168.253.2 - - [21/Aug/2018:13:40:25 +0800] "GET /WEI_2100/as_sales?asid=2018080827 HTTP/1.1" 200 149 "http://merp.yudo.com.cn:8183/WEI_2100/WEI_2100?formKey=M20180821T120348010&menuSelection=asm" "Mozilla/5.0 (iPhone; CPU iPhone OS 11_0 like Mac OS X) AppleWebKit/604.1.38 (KHTML, like Gecko) Mobile/15A372JLAMPMode:iPhone"
192.168.253.2 - - [21/Aug/2018:13:42:21 +0800] "GET /WEI_2100/as_sales?asid=2018080827 HTTP/1.1" 200 149 "http://merp.yudo.com.cn:8183/WEI_2100/WEI_2100?formKey=M20180821T120348010&menuSelection=asm" "Mozilla/5.0 (iPhone; CPU iPhone OS 11_0 like Mac OS X) AppleWebKit/604.1.38 (KHTML, like Gecko) Mobile/15A372JLAMPMode:iPhone"
192.168.253.2 - - [21/Aug/2018:13:42:24 +0800] "GET /WEI_2100/as_sales?asid=2018080827 HTTP/1.1" 200 149 "http://merp.yudo.com.cn:8183/WEI_2100/WEI_2100?formKey=M20180821T120348010&menuSelection=asm" "Mozilla/5.0 (iPhone; CPU iPhone OS 11_0 like Mac OS X) AppleWebKit/604.1.38 (KHTML, like Gecko) Mobile/15A372JLAMPMode:iPhone"
192.168.253.2 - - [21/Aug/2018:13:42:29 +0800] "GET /WEI_2100/as_photo?asid=2018080827 HTTP/1.1" 200 67 "http://merp.yudo.com.cn:8183/WEI_2100/WEI_2100?formKey=M20180821T120348010&menuSelection=asm" "Mozilla/5.0 (iPhone; CPU iPhone OS 11_0 like Mac OS X) AppleWebKit/604.1.38 (KHTML, like Gecko) Mobile/15A372JLAMPMode:iPhone"
192.168.253.2 - - [21/Aug/2018:13:43:07 +0800] "GET /WEI_2100/as_item?asitemid=bsn&asitemnm=&asitempage=0 HTTP/1.1" 200 63 "http://merp.yudo.com.cn:8183/WEI_2100/WEI_2100?formKey=M20180821T120348010&menuSelection=asm" "Mozilla/5.0 (iPhone; CPU iPhone OS 11_0 like Mac OS X) AppleWebKit/604.1.38 (KHTML, like Gecko) Mobile/15A372JLAMPMode:iPhone"
192.168.253.2 - - [21/Aug/2018:13:43:13 +0800] "GET /WEI_2100/as_item?asitemid=bas&asitemnm=&asitempage=0 HTTP/1.1" 200 10318 "http://merp.yudo.com.cn:8183/WEI_2100/WEI_2100?formKey=M20180821T120348010&menuSelection=asm" "Mozilla/5.0 (iPhone; CPU iPhone OS 11_0 like Mac OS X) AppleWebKit/604.1.38 (KHTML, like Gecko) Mobile/15A372JLAMPMode:iPhone"
192.168.253.2 - - [21/Aug/2018:13:43:38 +0800] "GET /WEI_2100/as_item?asitemid=&asitemnm=%E6%9C%AC%E4%BD%93&asitempage=0 HTTP/1.1" 200 10403 "http://merp.yudo.com.cn:8183/WEI_2100/WEI_2100?formKey=M20180821T120348010&menuSelection=asm" "Mozilla/5.0 (iPhone; CPU iPhone OS 11_0 like Mac OS X) AppleWebKit/604.1.38 (KHTML, like Gecko) Mobile/15A372JLAMPMode:iPhone"
192.168.253.2 - - [21/Aug/2018:13:44:18 +0800] "GET /WEI_2100/as_item?asitemid=&asitemnm=%E6%9C%AC%E4%BD%93&asitempage=0 HTTP/1.1" 200 10403 "http://merp.yudo.com.cn:8183/WEI_2100/WEI_2100?formKey=M20180821T120348010&menuSelection=asm" "Mozilla/5.0 (iPhone; CPU iPhone OS 11_0 like Mac OS X) AppleWebKit/604.1.38 (KHTML, like Gecko) Mobile/15A372JLAMPMode:iPhone"
192.168.253.2 - - [21/Aug/2018:13:44:51 +0800] "POST /WEI_2100/save_astable HTTP/1.1" 200 204 "http://merp.yudo.com.cn:8183/WEI_2100/WEI_2100?formKey=M20180821T120348010&menuSelection=asm" "Mozilla/5.0 (iPhone; CPU iPhone OS 11_0 like Mac OS X) AppleWebKit/604.1.38 (KHTML, like Gecko) Mobile/15A372JLAMPMode:iPhone"
192.168.253.2 - - [21/Aug/2018:13:44:51 +0800] "GET /WEI_2100/as_minute_table?asid=2018080827 HTTP/1.1" 200 711 "http://merp.yudo.com.cn:8183/WEI_2100/WEI_2100?formKey=M20180821T120348010&menuSelection=asm" "Mozilla/5.0 (iPhone; CPU iPhone OS 11_0 like Mac OS X) AppleWebKit/604.1.38 (KHTML, like Gecko) Mobile/15A372JLAMPMode:iPhone"
192.168.253.2 - - [21/Aug/2018:13:48:26 +0800] "POST /WEI_2100/save_as HTTP/1.1" 200 76 "http://merp.yudo.com.cn:8183/WEI_2100/WEI_2100?formKey=M20180821T120348010&menuSelection=asm" "Mozilla/5.0 (iPhone; CPU iPhone OS 11_0 like Mac OS X) AppleWebKit/604.1.38 (KHTML, like Gecko) Mobile/15A372JLAMPMode:iPhone"
192.168.253.2 - - [21/Aug/2018:13:48:26 +0800] "GET /WEI_2100/as_minute?asid=2018080827 HTTP/1.1" 200 1815 "http://merp.yudo.com.cn:8183/WEI_2100/WEI_2100?formKey=M20180821T120348010&menuSelection=asm" "Mozilla/5.0 (iPhone; CPU iPhone OS 11_0 like Mac OS X) AppleWebKit/604.1.38 (KHTML, like Gecko) Mobile/15A372JLAMPMode:iPhone"
192.168.253.2 - - [21/Aug/2018:13:48:26 +0800] "GET /WEI_2100/as_minute_table?asid=2018080827 HTTP/1.1" 200 711 "http://merp.yudo.com.cn:8183/WEI_2100/WEI_2100?formKey=M20180821T120348010&menuSelection=asm" "Mozilla/5.0 (iPhone; CPU iPhone OS 11_0 like Mac OS X) AppleWebKit/604.1.38 (KHTML, like Gecko) Mobile/15A372JLAMPMode:iPhone"
192.168.253.2 - - [21/Aug/2018:13:48:27 +0800] "GET /WEI_2100/systemclass_mini_prc?bigsysid=AS10110010&minisysid=ascause_c HTTP/1.1" 200 869 "http://merp.yudo.com.cn:8183/WEI_2100/WEI_2100?formKey=M20180821T120348010&menuSelection=asm" "Mozilla/5.0 (iPhone; CPU iPhone OS 11_0 like Mac OS X) AppleWebKit/604.1.38 (KHTML, like Gecko) Mobile/15A372JLAMPMode:iPhone"
192.168.253.2 - - [21/Aug/2018:13:48:27 +0800] "GET /WEI_2100/systemclass_mini_prc?bigsysid=SA10350017&minisysid=supplyscope_c2 HTTP/1.1" 200 133 "http://merp.yudo.com.cn:8183/WEI_2100/WEI_2100?formKey=M20180821T120348010&menuSelection=asm" "Mozilla/5.0 (iPhone; CPU iPhone OS 11_0 like Mac OS X) AppleWebKit/604.1.38 (KHTML, like Gecko) Mobile/15A372JLAMPMode:iPhone"
192.168.253.2 - - [21/Aug/2018:13:48:27 +0800] "GET /WEI_2100/systemclass_mini_prc?bigsysid=SA10340020&minisysid=supplyscope_c1 HTTP/1.1" 200 1053 "http://merp.yudo.com.cn:8183/WEI_2100/WEI_2100?formKey=M20180821T120348010&menuSelection=asm" "Mozilla/5.0 (iPhone; CPU iPhone OS 11_0 like Mac OS X) AppleWebKit/604.1.38 (KHTML, like Gecko) Mobile/15A372JLAMPMode:iPhone"
192.168.253.2 - - [21/Aug/2018:13:48:27 +0800] "GET /WEI_2100/systemclass_mini_prc?bigsysid=AS10060040&minisysid=asclass1_c HTTP/1.1" 200 2730 "http://merp.yudo.com.cn:8183/WEI_2100/WEI_2100?formKey=M20180821T120348010&menuSelection=asm" "Mozilla/5.0 (iPhone; CPU iPhone OS 11_0 like Mac OS X) AppleWebKit/604.1.38 (KHTML, like Gecko) Mobile/15A372JLAMPMode:iPhone"
192.168.253.2 - - [21/Aug/2018:13:48:27 +0800] "GET /WEI_2100/systemclass_mini_prc?bigsysid=SA10360097&minisysid=supplyscope_c3 HTTP/1.1" 200 271 "http://merp.yudo.com.cn:8183/WEI_2100/WEI_2100?formKey=M20180821T120348010&menuSelection=asm" "Mozilla/5.0 (iPhone; CPU iPhone OS 11_0 like Mac OS X) AppleWebKit/604.1.38 (KHTML, like Gecko) Mobile/15A372JLAMPMode:iPhone"
192.168.253.2 - - [21/Aug/2018:13:48:27 +0800] "GET /WEI_2100/systemclass_mini_prc?bigsysid=SA10370295&minisysid=supplyscope_c4 HTTP/1.1" 200 137 "http://merp.yudo.com.cn:8183/WEI_2100/WEI_2100?formKey=M20180821T120348010&menuSelection=asm" "Mozilla/5.0 (iPhone; CPU iPhone OS 11_0 like Mac OS X) AppleWebKit/604.1.38 (KHTML, like Gecko) Mobile/15A372JLAMPMode:iPhone"
192.168.253.2 - - [21/Aug/2018:13:48:27 +0800] "GET /WEI_2100/systemclass_mini_prc?bigsysid=SA10380448&minisysid=supplyscope_c5 HTTP/1.1" 200 492 "http://merp.yudo.com.cn:8183/WEI_2100/WEI_2100?formKey=M20180821T120348010&menuSelection=asm" "Mozilla/5.0 (iPhone; CPU iPhone OS 11_0 like Mac OS X) AppleWebKit/604.1.38 (KHTML, like Gecko) Mobile/15A372JLAMPMode:iPhone"
::1 - - [21/Aug/2018:13:48:35 +0800] "OPTIONS * HTTP/1.0" 200 - "-" "Apache/2.4.6 (CentOS) PHP/5.6.32 (internal dummy connection)"
192.168.253.2 - - [21/Aug/2018:13:49:48 +0800] "GET /WEI_2100/as_prc?asid=2018082053&custnm=&startDate=2018-08-21&endDate=2018-08-21&ascount=0 HTTP/1.1" 200 342 "http://merp.yudo.com.cn:8183/WEI_2100/WEI_2100?formKey=M20180821T120348010&menuSelection=asm" "Mozilla/5.0 (iPhone; CPU iPhone OS 11_0 like Mac OS X) AppleWebKit/604.1.38 (KHTML, like Gecko) Mobile/15A372JLAMPMode:iPhone"
192.168.253.2 - - [21/Aug/2018:13:49:54 +0800] "GET /WEI_2100/as_minute?asid=2018080827 HTTP/1.1" 200 1815 "http://merp.yudo.com.cn:8183/WEI_2100/WEI_2100?formKey=M20180821T120348010&menuSelection=asm" "Mozilla/5.0 (iPhone; CPU iPhone OS 11_0 like Mac OS X) AppleWebKit/604.1.38 (KHTML, like Gecko) Mobile/15A372JLAMPMode:iPhone"
192.168.253.2 - - [21/Aug/2018:13:49:54 +0800] "GET /WEI_2100/as_minute_table?asid=2018080827 HTTP/1.1" 200 711 "http://merp.yudo.com.cn:8183/WEI_2100/WEI_2100?formKey=M20180821T120348010&menuSelection=asm" "Mozilla/5.0 (iPhone; CPU iPhone OS 11_0 like Mac OS X) AppleWebKit/604.1.38 (KHTML, like Gecko) Mobile/15A372JLAMPMode:iPhone"
192.168.253.2 - - [21/Aug/2018:13:49:55 +0800] "GET /WEI_2100/systemclass_mini_prc?bigsysid=AS10110010&minisysid=ascause_c HTTP/1.1" 200 869 "http://merp.yudo.com.cn:8183/WEI_2100/WEI_2100?formKey=M20180821T120348010&menuSelection=asm" "Mozilla/5.0 (iPhone; CPU iPhone OS 11_0 like Mac OS X) AppleWebKit/604.1.38 (KHTML, like Gecko) Mobile/15A372JLAMPMode:iPhone"
192.168.253.2 - - [21/Aug/2018:13:49:55 +0800] "GET /WEI_2100/systemclass_mini_prc?bigsysid=SA10340020&minisysid=supplyscope_c1 HTTP/1.1" 200 1053 "http://merp.yudo.com.cn:8183/WEI_2100/WEI_2100?formKey=M20180821T120348010&menuSelection=asm" "Mozilla/5.0 (iPhone; CPU iPhone OS 11_0 like Mac OS X) AppleWebKit/604.1.38 (KHTML, like Gecko) Mobile/15A372JLAMPMode:iPhone"
192.168.253.2 - - [21/Aug/2018:13:49:55 +0800] "GET /WEI_2100/systemclass_mini_prc?bigsysid=SA10360097&minisysid=supplyscope_c3 HTTP/1.1" 200 271 "http://merp.yudo.com.cn:8183/WEI_2100/WEI_2100?formKey=M20180821T120348010&menuSelection=asm" "Mozilla/5.0 (iPhone; CPU iPhone OS 11_0 like Mac OS X) AppleWebKit/604.1.38 (KHTML, like Gecko) Mobile/15A372JLAMPMode:iPhone"
192.168.253.2 - - [21/Aug/2018:13:49:55 +0800] "GET /WEI_2100/systemclass_mini_prc?bigsysid=SA10350017&minisysid=supplyscope_c2 HTTP/1.1" 200 133 "http://merp.yudo.com.cn:8183/WEI_2100/WEI_2100?formKey=M20180821T120348010&menuSelection=asm" "Mozilla/5.0 (iPhone; CPU iPhone OS 11_0 like Mac OS X) AppleWebKit/604.1.38 (KHTML, like Gecko) Mobile/15A372JLAMPMode:iPhone"
192.168.253.2 - - [21/Aug/2018:13:49:55 +0800] "GET /WEI_2100/systemclass_mini_prc?bigsysid=SA10380448&minisysid=supplyscope_c5 HTTP/1.1" 200 492 "http://merp.yudo.com.cn:8183/WEI_2100/WEI_2100?formKey=M20180821T120348010&menuSelection=asm" "Mozilla/5.0 (iPhone; CPU iPhone OS 11_0 like Mac OS X) AppleWebKit/604.1.38 (KHTML, like Gecko) Mobile/15A372JLAMPMode:iPhone"
192.168.253.2 - - [21/Aug/2018:13:49:55 +0800] "GET /WEI_2100/systemclass_mini_prc?bigsysid=AS10060040&minisysid=asclass1_c HTTP/1.1" 200 2730 "http://merp.yudo.com.cn:8183/WEI_2100/WEI_2100?formKey=M20180821T120348010&menuSelection=asm" "Mozilla/5.0 (iPhone; CPU iPhone OS 11_0 like Mac OS X) AppleWebKit/604.1.38 (KHTML, like Gecko) Mobile/15A372JLAMPMode:iPhone"
192.168.253.2 - - [21/Aug/2018:13:49:55 +0800] "GET /WEI_2100/systemclass_mini_prc?bigsysid=SA10370295&minisysid=supplyscope_c4 HTTP/1.1" 200 137 "http://merp.yudo.com.cn:8183/WEI_2100/WEI_2100?formKey=M20180821T120348010&menuSelection=asm" "Mozilla/5.0 (iPhone; CPU iPhone OS 11_0 like Mac OS X) AppleWebKit/604.1.38 (KHTML, like Gecko) Mobile/15A372JLAMPMode:iPhone"
::1 - - [21/Aug/2018:13:50:03 +0800] "OPTIONS * HTTP/1.0" 200 - "-" "Apache/2.4.6 (CentOS) PHP/5.6.32 (internal dummy connection)"
192.168.253.2 - - [21/Aug/2018:13:52:12 +0800] "GET /Menu/Menu/menuLists?formKey=M20180821T120348010&menuSelection=asm HTTP/1.1" 200 6083 "http://merp.yudo.com.cn:8183/WEI_2100/WEI_2100?formKey=M20180821T120348010&menuSelection=asm" "Mozilla/5.0 (iPhone; CPU iPhone OS 11_0 like Mac OS X) AppleWebKit/604.1.38 (KHTML, like Gecko) Mobile/15A372JLAMPMode:iPhone"
192.168.253.2 - - [21/Aug/2018:13:52:12 +0800] "POST /JLAMPCommon/langBatchRows_prc HTTP/1.1" 200 595 "http://merp.yudo.com.cn:8183/Menu/Menu/menuLists?formKey=M20180821T120348010&menuSelection=asm" "Mozilla/5.0 (iPhone; CPU iPhone OS 11_0 like Mac OS X) AppleWebKit/604.1.38 (KHTML, like Gecko) Mobile/15A372JLAMPMode:iPhone"
192.168.253.2 - - [21/Aug/2018:13:52:13 +0800] "GET /JLAMPCommon/getCookieJson_prc HTTP/1.1" 200 913 "http://merp.yudo.com.cn:8183/Menu/Menu/menuLists?formKey=M20180821T120348010&menuSelection=asm" "Mozilla/5.0 (iPhone; CPU iPhone OS 11_0 like Mac OS X) AppleWebKit/604.1.38 (KHTML, like Gecko) Mobile/15A372JLAMPMode:iPhone"
192.168.253.2 - - [21/Aug/2018:13:52:13 +0800] "GET /Menu/doMenuRows_prc?formKey=M20180821T120348010 HTTP/1.1" 200 1622 "http://merp.yudo.com.cn:8183/Menu/Menu/menuLists?formKey=M20180821T120348010&menuSelection=asm" "Mozilla/5.0 (iPhone; CPU iPhone OS 11_0 like Mac OS X) AppleWebKit/604.1.38 (KHTML, like Gecko) Mobile/15A372JLAMPMode:iPhone"
192.168.253.2 - - [21/Aug/2018:13:52:16 +0800] "GET /WEI_2100/WEI_2100?formKey=M20180821T120348010&menuSelection=asm HTTP/1.1" 200 87787 "http://merp.yudo.com.cn:8183/Menu/Menu/menuLists?formKey=M20180821T120348010&menuSelection=asm" "Mozilla/5.0 (iPhone; CPU iPhone OS 11_0 like Mac OS X) AppleWebKit/604.1.38 (KHTML, like Gecko) Mobile/15A372JLAMPMode:iPhone"
192.168.253.2 - - [21/Aug/2018:13:52:21 +0800] "POST /JLAMPCommon/langBatchRows_prc HTTP/1.1" 200 12947 "http://merp.yudo.com.cn:8183/WEI_2100/WEI_2100?formKey=M20180821T120348010&menuSelection=asm" "Mozilla/5.0 (iPhone; CPU iPhone OS 11_0 like Mac OS X) AppleWebKit/604.1.38 (KHTML, like Gecko) Mobile/15A372JLAMPMode:iPhone"
192.168.253.2 - - [21/Aug/2018:13:52:21 +0800] "GET /JLAMPCommon/getCookieJson_prc HTTP/1.1" 200 913 "http://merp.yudo.com.cn:8183/WEI_2100/WEI_2100?formKey=M20180821T120348010&menuSelection=asm" "Mozilla/5.0 (iPhone; CPU iPhone OS 11_0 like Mac OS X) AppleWebKit/604.1.38 (KHTML, like Gecko) Mobile/15A372JLAMPMode:iPhone"
192.168.253.2 - - [21/Aug/2018:13:52:22 +0800] "GET /WEI_2100/login_user HTTP/1.1" 200 155 "http://merp.yudo.com.cn:8183/WEI_2100/WEI_2100?formKey=M20180821T120348010&menuSelection=asm" "Mozilla/5.0 (iPhone; CPU iPhone OS 11_0 like Mac OS X) AppleWebKit/604.1.38 (KHTML, like Gecko) Mobile/15A372JLAMPMode:iPhone"
192.168.253.2 - - [21/Aug/2018:13:52:22 +0800] "GET /WEI_2100/systemclass_big_prc?bigsysid=startpoint HTTP/1.1" 200 317 "http://merp.yudo.com.cn:8183/WEI_2100/WEI_2100?formKey=M20180821T120348010&menuSelection=asm" "Mozilla/5.0 (iPhone; CPU iPhone OS 11_0 like Mac OS X) AppleWebKit/604.1.38 (KHTML, like Gecko) Mobile/15A372JLAMPMode:iPhone"
192.168.253.2 - - [21/Aug/2018:13:52:22 +0800] "GET /WEI_2100/systemclass_big_prc?bigsysid=asclass1 HTTP/1.1" 200 475 "http://merp.yudo.com.cn:8183/WEI_2100/WEI_2100?formKey=M20180821T120348010&menuSelection=asm" "Mozilla/5.0 (iPhone; CPU iPhone OS 11_0 like Mac OS X) AppleWebKit/604.1.38 (KHTML, like Gecko) Mobile/15A372JLAMPMode:iPhone"
192.168.253.2 - - [21/Aug/2018:13:52:23 +0800] "GET /WEI_2100/systemclass_big_prc?bigsysid=asbadtype HTTP/1.1" 200 152 "http://merp.yudo.com.cn:8183/WEI_2100/WEI_2100?formKey=M20180821T120348010&menuSelection=asm" "Mozilla/5.0 (iPhone; CPU iPhone OS 11_0 like Mac OS X) AppleWebKit/604.1.38 (KHTML, like Gecko) Mobile/15A372JLAMPMode:iPhone"
192.168.253.2 - - [21/Aug/2018:13:52:22 +0800] "GET /WEI_2100/systemclass_big_prc?bigsysid=markets HTTP/1.1" 200 512 "http://merp.yudo.com.cn:8183/WEI_2100/WEI_2100?formKey=M20180821T120348010&menuSelection=asm" "Mozilla/5.0 (iPhone; CPU iPhone OS 11_0 like Mac OS X) AppleWebKit/604.1.38 (KHTML, like Gecko) Mobile/15A372JLAMPMode:iPhone"
192.168.253.2 - - [21/Aug/2018:13:52:22 +0800] "GET /WEI_2100/systemclass_big_prc?bigsysid=ascause HTTP/1.1" 200 209 "http://merp.yudo.com.cn:8183/WEI_2100/WEI_2100?formKey=M20180821T120348010&menuSelection=asm" "Mozilla/5.0 (iPhone; CPU iPhone OS 11_0 like Mac OS X) AppleWebKit/604.1.38 (KHTML, like Gecko) Mobile/15A372JLAMPMode:iPhone"
192.168.253.2 - - [21/Aug/2018:13:52:22 +0800] "GET /WEI_2100/systemclass_big_prc?bigsysid=area HTTP/1.1" 200 751 "http://merp.yudo.com.cn:8183/WEI_2100/WEI_2100?formKey=M20180821T120348010&menuSelection=asm" "Mozilla/5.0 (iPhone; CPU iPhone OS 11_0 like Mac OS X) AppleWebKit/604.1.38 (KHTML, like Gecko) Mobile/15A372JLAMPMode:iPhone"
192.168.253.2 - - [21/Aug/2018:13:52:24 +0800] "GET /WEI_2100/systemclass_big_prc?bigsysid=asclass HTTP/1.1" 200 264 "http://merp.yudo.com.cn:8183/WEI_2100/WEI_2100?formKey=M20180821T120348010&menuSelection=asm" "Mozilla/5.0 (iPhone; CPU iPhone OS 11_0 like Mac OS X) AppleWebKit/604.1.38 (KHTML, like Gecko) Mobile/15A372JLAMPMode:iPhone"
192.168.253.2 - - [21/Aug/2018:13:52:24 +0800] "GET /WEI_2100/as_unit HTTP/1.1" 200 1002 "http://merp.yudo.com.cn:8183/WEI_2100/WEI_2100?formKey=M20180821T120348010&menuSelection=asm" "Mozilla/5.0 (iPhone; CPU iPhone OS 11_0 like Mac OS X) AppleWebKit/604.1.38 (KHTML, like Gecko) Mobile/15A372JLAMPMode:iPhone"
192.168.253.2 - - [21/Aug/2018:13:52:23 +0800] "GET /WEI_2100/systemclass_big_prc?bigsysid=supplyscope HTTP/1.1" 200 302 "http://merp.yudo.com.cn:8183/WEI_2100/WEI_2100?formKey=M20180821T120348010&menuSelection=asm" "Mozilla/5.0 (iPhone; CPU iPhone OS 11_0 like Mac OS X) AppleWebKit/604.1.38 (KHTML, like Gecko) Mobile/15A372JLAMPMode:iPhone"
192.168.253.2 - - [21/Aug/2018:13:52:24 +0800] "GET /WEI_2100/user_prc HTTP/1.1" 200 93474 "http://merp.yudo.com.cn:8183/WEI_2100/WEI_2100?formKey=M20180821T120348010&menuSelection=asm" "Mozilla/5.0 (iPhone; CPU iPhone OS 11_0 like Mac OS X) AppleWebKit/604.1.38 (KHTML, like Gecko) Mobile/15A372JLAMPMode:iPhone"
192.168.253.2 - - [21/Aug/2018:13:52:30 +0800] "GET /Menu/Menu/menuLists?formKey=M20180821T120348010&menuSelection=asm HTTP/1.1" 200 6083 "http://merp.yudo.com.cn:8183/WEI_2100/WEI_2100?formKey=M20180821T120348010&menuSelection=asm" "Mozilla/5.0 (iPhone; CPU iPhone OS 11_0 like Mac OS X) AppleWebKit/604.1.38 (KHTML, like Gecko) Mobile/15A372JLAMPMode:iPhone"
192.168.253.2 - - [21/Aug/2018:13:52:30 +0800] "POST /JLAMPCommon/langBatchRows_prc HTTP/1.1" 200 595 "http://merp.yudo.com.cn:8183/Menu/Menu/menuLists?formKey=M20180821T120348010&menuSelection=asm" "Mozilla/5.0 (iPhone; CPU iPhone OS 11_0 like Mac OS X) AppleWebKit/604.1.38 (KHTML, like Gecko) Mobile/15A372JLAMPMode:iPhone"
192.168.253.2 - - [21/Aug/2018:13:52:30 +0800] "GET /JLAMPCommon/getCookieJson_prc HTTP/1.1" 200 913 "http://merp.yudo.com.cn:8183/Menu/Menu/menuLists?formKey=M20180821T120348010&menuSelection=asm" "Mozilla/5.0 (iPhone; CPU iPhone OS 11_0 like Mac OS X) AppleWebKit/604.1.38 (KHTML, like Gecko) Mobile/15A372JLAMPMode:iPhone"
192.168.253.2 - - [21/Aug/2018:13:52:30 +0800] "GET /Menu/doMenuRows_prc?formKey=M20180821T120348010 HTTP/1.1" 200 1622 "http://merp.yudo.com.cn:8183/Menu/Menu/menuLists?formKey=M20180821T120348010&menuSelection=asm" "Mozilla/5.0 (iPhone; CPU iPhone OS 11_0 like Mac OS X) AppleWebKit/604.1.38 (KHTML, like Gecko) Mobile/15A372JLAMPMode:iPhone"
::1 - - [21/Aug/2018:13:52:31 +0800] "OPTIONS * HTTP/1.0" 200 - "-" "Apache/2.4.6 (CentOS) PHP/5.6.32 (internal dummy connection)"
192.168.253.2 - - [21/Aug/2018:13:52:32 +0800] "GET /WEI_2100/WEI_2100?formKey=M20180821T120348010&menuSelection=asm HTTP/1.1" 200 87787 "http://merp.yudo.com.cn:8183/Menu/Menu/menuLists?formKey=M20180821T120348010&menuSelection=asm" "Mozilla/5.0 (iPhone; CPU iPhone OS 11_0 like Mac OS X) AppleWebKit/604.1.38 (KHTML, like Gecko) Mobile/15A372JLAMPMode:iPhone"
::1 - - [21/Aug/2018:13:52:36 +0800] "OPTIONS * HTTP/1.0" 200 - "-" "Apache/2.4.6 (CentOS) PHP/5.6.32 (internal dummy connection)"
192.168.253.2 - - [21/Aug/2018:13:52:37 +0800] "POST /JLAMPCommon/langBatchRows_prc HTTP/1.1" 200 12947 "http://merp.yudo.com.cn:8183/WEI_2100/WEI_2100?formKey=M20180821T120348010&menuSelection=asm" "Mozilla/5.0 (iPhone; CPU iPhone OS 11_0 like Mac OS X) AppleWebKit/604.1.38 (KHTML, like Gecko) Mobile/15A372JLAMPMode:iPhone"
192.168.253.2 - - [21/Aug/2018:13:52:37 +0800] "GET /JLAMPCommon/getCookieJson_prc HTTP/1.1" 200 913 "http://merp.yudo.com.cn:8183/WEI_2100/WEI_2100?formKey=M20180821T120348010&menuSelection=asm" "Mozilla/5.0 (iPhone; CPU iPhone OS 11_0 like Mac OS X) AppleWebKit/604.1.38 (KHTML, like Gecko) Mobile/15A372JLAMPMode:iPhone"
::1 - - [21/Aug/2018:13:52:42 +0800] "OPTIONS * HTTP/1.0" 200 - "-" "Apache/2.4.6 (CentOS) PHP/5.6.32 (internal dummy connection)"
192.168.253.2 - - [21/Aug/2018:13:52:56 +0800] "GET /Menu/Menu/menuLists?formKey=M20180821T120348010&menuSelection=asm HTTP/1.1" 200 6083 "http://merp.yudo.com.cn:8183/WEI_2100/WEI_2100?formKey=M20180821T120348010&menuSelection=asm" "Mozilla/5.0 (iPhone; CPU iPhone OS 11_0 like Mac OS X) AppleWebKit/604.1.38 (KHTML, like Gecko) Mobile/15A372JLAMPMode:iPhone"
192.168.253.2 - - [21/Aug/2018:13:52:56 +0800] "POST /JLAMPCommon/langBatchRows_prc HTTP/1.1" 200 595 "http://merp.yudo.com.cn:8183/Menu/Menu/menuLists?formKey=M20180821T120348010&menuSelection=asm" "Mozilla/5.0 (iPhone; CPU iPhone OS 11_0 like Mac OS X) AppleWebKit/604.1.38 (KHTML, like Gecko) Mobile/15A372JLAMPMode:iPhone"
192.168.253.2 - - [21/Aug/2018:13:52:56 +0800] "GET /JLAMPCommon/getCookieJson_prc HTTP/1.1" 200 913 "http://merp.yudo.com.cn:8183/Menu/Menu/menuLists?formKey=M20180821T120348010&menuSelection=asm" "Mozilla/5.0 (iPhone; CPU iPhone OS 11_0 like Mac OS X) AppleWebKit/604.1.38 (KHTML, like Gecko) Mobile/15A372JLAMPMode:iPhone"
192.168.253.2 - - [21/Aug/2018:13:52:56 +0800] "GET /Menu/doMenuRows_prc?formKey=M20180821T120348010 HTTP/1.1" 200 1622 "http://merp.yudo.com.cn:8183/Menu/Menu/menuLists?formKey=M20180821T120348010&menuSelection=asm" "Mozilla/5.0 (iPhone; CPU iPhone OS 11_0 like Mac OS X) AppleWebKit/604.1.38 (KHTML, like Gecko) Mobile/15A372JLAMPMode:iPhone"
192.168.253.2 - - [21/Aug/2018:13:52:59 +0800] "GET /WEI_2100/WEI_2100?formKey=M20180821T120348010&menuSelection=asm HTTP/1.1" 200 87787 "http://merp.yudo.com.cn:8183/Menu/Menu/menuLists?formKey=M20180821T120348010&menuSelection=asm" "Mozilla/5.0 (iPhone; CPU iPhone OS 11_0 like Mac OS X) AppleWebKit/604.1.38 (KHTML, like Gecko) Mobile/15A372JLAMPMode:iPhone"
192.168.253.2 - - [21/Aug/2018:13:53:05 +0800] "POST /JLAMPCommon/langBatchRows_prc HTTP/1.1" 200 12695 "http://merp.yudo.com.cn:8183/WEI_2100/WEI_2100?formKey=M20180821T120348010&menuSelection=asm" "Mozilla/5.0 (iPhone; CPU iPhone OS 11_0 like Mac OS X) AppleWebKit/604.1.38 (KHTML, like Gecko) Mobile/15A372JLAMPMode:iPhone"
192.168.253.2 - - [21/Aug/2018:13:53:05 +0800] "POST /JLAMPCommon/langBatchRows_prc HTTP/1.1" 200 12947 "http://merp.yudo.com.cn:8183/WEI_2100/WEI_2100?formKey=M20180821T120348010&menuSelection=asm" "Mozilla/5.0 (iPhone; CPU iPhone OS 11_0 like Mac OS X) AppleWebKit/604.1.38 (KHTML, like Gecko) Mobile/15A372JLAMPMode:iPhone"
192.168.253.2 - - [21/Aug/2018:13:53:06 +0800] "GET /JLAMPCommon/getCookieJson_prc HTTP/1.1" 200 913 "http://merp.yudo.com.cn:8183/WEI_2100/WEI_2100?formKey=M20180821T120348010&menuSelection=asm" "Mozilla/5.0 (iPhone; CPU iPhone OS 11_0 like Mac OS X) AppleWebKit/604.1.38 (KHTML, like Gecko) Mobile/15A372JLAMPMode:iPhone"
192.168.253.2 - - [21/Aug/2018:13:53:57 +0800] "GET /WEI_2100/systemclass_big_prc?bigsysid=ascause HTTP/1.1" 200 209 "http://merp.yudo.com.cn:8183/WEI_2100/WEI_2100?formKey=M20180821T120348010&menuSelection=asm" "Mozilla/5.0 (iPhone; CPU iPhone OS 11_0 like Mac OS X) AppleWebKit/604.1.38 (KHTML, like Gecko) Mobile/15A372JLAMPMode:iPhone"
192.168.253.2 - - [21/Aug/2018:13:53:57 +0800] "GET /WEI_2100/systemclass_big_prc?bigsysid=asbadtype HTTP/1.1" 200 152 "http://merp.yudo.com.cn:8183/WEI_2100/WEI_2100?formKey=M20180821T120348010&menuSelection=asm" "Mozilla/5.0 (iPhone; CPU iPhone OS 11_0 like Mac OS X) AppleWebKit/604.1.38 (KHTML, like Gecko) Mobile/15A372JLAMPMode:iPhone"
192.168.253.2 - - [21/Aug/2018:13:53:57 +0800] "GET /WEI_2100/systemclass_big_prc?bigsysid=area HTTP/1.1" 200 751 "http://merp.yudo.com.cn:8183/WEI_2100/WEI_2100?formKey=M20180821T120348010&menuSelection=asm" "Mozilla/5.0 (iPhone; CPU iPhone OS 11_0 like Mac OS X) AppleWebKit/604.1.38 (KHTML, like Gecko) Mobile/15A372JLAMPMode:iPhone"
192.168.253.2 - - [21/Aug/2018:13:53:57 +0800] "GET /WEI_2100/systemclass_big_prc?bigsysid=markets HTTP/1.1" 200 512 "http://merp.yudo.com.cn:8183/WEI_2100/WEI_2100?formKey=M20180821T120348010&menuSelection=asm" "Mozilla/5.0 (iPhone; CPU iPhone OS 11_0 like Mac OS X) AppleWebKit/604.1.38 (KHTML, like Gecko) Mobile/15A372JLAMPMode:iPhone"
192.168.253.2 - - [21/Aug/2018:13:53:57 +0800] "GET /WEI_2100/systemclass_big_prc?bigsysid=asclass HTTP/1.1" 200 264 "http://merp.yudo.com.cn:8183/WEI_2100/WEI_2100?formKey=M20180821T120348010&menuSelection=asm" "Mozilla/5.0 (iPhone; CPU iPhone OS 11_0 like Mac OS X) AppleWebKit/604.1.38 (KHTML, like Gecko) Mobile/15A372JLAMPMode:iPhone"
192.168.253.2 - - [21/Aug/2018:13:53:57 +0800] "GET /WEI_2100/systemclass_big_prc?bigsysid=supplyscope HTTP/1.1" 200 302 "http://merp.yudo.com.cn:8183/WEI_2100/WEI_2100?formKey=M20180821T120348010&menuSelection=asm" "Mozilla/5.0 (iPhone; CPU iPhone OS 11_0 like Mac OS X) AppleWebKit/604.1.38 (KHTML, like Gecko) Mobile/15A372JLAMPMode:iPhone"
192.168.253.2 - - [21/Aug/2018:13:53:57 +0800] "GET /WEI_2100/systemclass_big_prc?bigsysid=asclass1 HTTP/1.1" 200 475 "http://merp.yudo.com.cn:8183/WEI_2100/WEI_2100?formKey=M20180821T120348010&menuSelection=asm" "Mozilla/5.0 (iPhone; CPU iPhone OS 11_0 like Mac OS X) AppleWebKit/604.1.38 (KHTML, like Gecko) Mobile/15A372JLAMPMode:iPhone"
192.168.253.2 - - [21/Aug/2018:13:53:57 +0800] "GET /WEI_2100/systemclass_big_prc?bigsysid=startpoint HTTP/1.1" 200 317 "http://merp.yudo.com.cn:8183/WEI_2100/WEI_2100?formKey=M20180821T120348010&menuSelection=asm" "Mozilla/5.0 (iPhone; CPU iPhone OS 11_0 like Mac OS X) AppleWebKit/604.1.38 (KHTML, like Gecko) Mobile/15A372JLAMPMode:iPhone"
192.168.253.2 - - [21/Aug/2018:13:53:58 +0800] "GET /WEI_2100/as_unit HTTP/1.1" 200 1002 "http://merp.yudo.com.cn:8183/WEI_2100/WEI_2100?formKey=M20180821T120348010&menuSelection=asm" "Mozilla/5.0 (iPhone; CPU iPhone OS 11_0 like Mac OS X) AppleWebKit/604.1.38 (KHTML, like Gecko) Mobile/15A372JLAMPMode:iPhone"
192.168.253.2 - - [21/Aug/2018:13:53:58 +0800] "GET /WEI_2100/user_prc HTTP/1.1" 200 93474 "http://merp.yudo.com.cn:8183/WEI_2100/WEI_2100?formKey=M20180821T120348010&menuSelection=asm" "Mozilla/5.0 (iPhone; CPU iPhone OS 11_0 like Mac OS X) AppleWebKit/604.1.38 (KHTML, like Gecko) Mobile/15A372JLAMPMode:iPhone"
192.168.253.2 - - [21/Aug/2018:13:53:59 +0800] "GET /WEI_2100/as_prc?asid=&custnm=&startDate=2018-08-21&endDate=2018-08-21&ascount=0 HTTP/1.1" 200 13399 "http://merp.yudo.com.cn:8183/WEI_2100/WEI_2100?formKey=M20180821T120348010&menuSelection=asm" "Mozilla/5.0 (iPhone; CPU iPhone OS 11_0 like Mac OS X) AppleWebKit/604.1.38 (KHTML, like Gecko) Mobile/15A372JLAMPMode:iPhone"
::1 - - [21/Aug/2018:13:54:05 +0800] "OPTIONS * HTTP/1.0" 200 - "-" "Apache/2.4.6 (CentOS) PHP/5.6.32 (internal dummy connection)"
192.168.253.2 - - [21/Aug/2018:13:54:17 +0800] "GET /WEI_2100/as_minute?asid=2018080828 HTTP/1.1" 200 2289 "http://merp.yudo.com.cn:8183/WEI_2100/WEI_2100?formKey=M20180821T120348010&menuSelection=asm" "Mozilla/5.0 (iPhone; CPU iPhone OS 11_0 like Mac OS X) AppleWebKit/604.1.38 (KHTML, like Gecko) Mobile/15A372JLAMPMode:iPhone"
192.168.253.2 - - [21/Aug/2018:13:54:17 +0800] "GET /WEI_2100/as_minute_table?asid=2018080828 HTTP/1.1" 200 950 "http://merp.yudo.com.cn:8183/WEI_2100/WEI_2100?formKey=M20180821T120348010&menuSelection=asm" "Mozilla/5.0 (iPhone; CPU iPhone OS 11_0 like Mac OS X) AppleWebKit/604.1.38 (KHTML, like Gecko) Mobile/15A372JLAMPMode:iPhone"
192.168.253.2 - - [21/Aug/2018:13:54:19 +0800] "GET /WEI_2100/systemclass_mini_prc?bigsysid=AS10060030&minisysid=asclass1_c HTTP/1.1" 200 803 "http://merp.yudo.com.cn:8183/WEI_2100/WEI_2100?formKey=M20180821T120348010&menuSelection=asm" "Mozilla/5.0 (iPhone; CPU iPhone OS 11_0 like Mac OS X) AppleWebKit/604.1.38 (KHTML, like Gecko) Mobile/15A372JLAMPMode:iPhone"
192.168.253.2 - - [21/Aug/2018:13:54:19 +0800] "GET /WEI_2100/systemclass_mini_prc?bigsysid=SA10360097&minisysid=supplyscope_c3 HTTP/1.1" 200 271 "http://merp.yudo.com.cn:8183/WEI_2100/WEI_2100?formKey=M20180821T120348010&menuSelection=asm" "Mozilla/5.0 (iPhone; CPU iPhone OS 11_0 like Mac OS X) AppleWebKit/604.1.38 (KHTML, like Gecko) Mobile/15A372JLAMPMode:iPhone"
192.168.253.2 - - [21/Aug/2018:13:54:19 +0800] "GET /WEI_2100/systemclass_mini_prc?bigsysid=SA10370296&minisysid=supplyscope_c4 HTTP/1.1" 200 137 "http://merp.yudo.com.cn:8183/WEI_2100/WEI_2100?formKey=M20180821T120348010&menuSelection=asm" "Mozilla/5.0 (iPhone; CPU iPhone OS 11_0 like Mac OS X) AppleWebKit/604.1.38 (KHTML, like Gecko) Mobile/15A372JLAMPMode:iPhone"
192.168.253.2 - - [21/Aug/2018:13:54:19 +0800] "GET /WEI_2100/systemclass_mini_prc?bigsysid=SA10340020&minisysid=supplyscope_c1 HTTP/1.1" 200 1053 "http://merp.yudo.com.cn:8183/WEI_2100/WEI_2100?formKey=M20180821T120348010&menuSelection=asm" "Mozilla/5.0 (iPhone; CPU iPhone OS 11_0 like Mac OS X) AppleWebKit/604.1.38 (KHTML, like Gecko) Mobile/15A372JLAMPMode:iPhone"
192.168.253.2 - - [21/Aug/2018:13:54:19 +0800] "GET /WEI_2100/systemclass_mini_prc?bigsysid=AS10110030&minisysid=ascause_c HTTP/1.1" 200 119 "http://merp.yudo.com.cn:8183/WEI_2100/WEI_2100?formKey=M20180821T120348010&menuSelection=asm" "Mozilla/5.0 (iPhone; CPU iPhone OS 11_0 like Mac OS X) AppleWebKit/604.1.38 (KHTML, like Gecko) Mobile/15A372JLAMPMode:iPhone"
192.168.253.2 - - [21/Aug/2018:13:54:19 +0800] "GET /WEI_2100/systemclass_mini_prc?bigsysid=SA10350017&minisysid=supplyscope_c2 HTTP/1.1" 200 133 "http://merp.yudo.com.cn:8183/WEI_2100/WEI_2100?formKey=M20180821T120348010&menuSelection=asm" "Mozilla/5.0 (iPhone; CPU iPhone OS 11_0 like Mac OS X) AppleWebKit/604.1.38 (KHTML, like Gecko) Mobile/15A372JLAMPMode:iPhone"
192.168.253.2 - - [21/Aug/2018:13:54:19 +0800] "GET /WEI_2100/systemclass_mini_prc?bigsysid=SA10380451&minisysid=supplyscope_c5 HTTP/1.1" 200 616 "http://merp.yudo.com.cn:8183/WEI_2100/WEI_2100?formKey=M20180821T120348010&menuSelection=asm" "Mozilla/5.0 (iPhone; CPU iPhone OS 11_0 like Mac OS X) AppleWebKit/604.1.38 (KHTML, like Gecko) Mobile/15A372JLAMPMode:iPhone"
::1 - - [21/Aug/2018:13:54:26 +0800] "OPTIONS * HTTP/1.0" 200 - "-" "Apache/2.4.6 (CentOS) PHP/5.6.32 (internal dummy connection)"
192.168.253.2 - - [21/Aug/2018:13:54:50 +0800] "GET /WEI_2100/login_user HTTP/1.1" 200 155 "http://merp.yudo.com.cn:8183/WEI_2100/WEI_2100?formKey=M20180821T120348010&menuSelection=asm" "Mozilla/5.0 (iPhone; CPU iPhone OS 11_0 like Mac OS X) AppleWebKit/604.1.38 (KHTML, like Gecko) Mobile/15A372JLAMPMode:iPhone"
192.168.253.2 - - [21/Aug/2018:13:58:17 +0800] "GET /Menu/Menu/menuLists?formKey=M20180821T120348010&menuSelection=asm HTTP/1.1" 200 6083 "http://merp.yudo.com.cn:8183/WEI_2100/WEI_2100?formKey=M20180821T120348010&menuSelection=asm" "Mozilla/5.0 (iPhone; CPU iPhone OS 11_0 like Mac OS X) AppleWebKit/604.1.38 (KHTML, like Gecko) Mobile/15A372JLAMPMode:iPhone"
192.168.253.2 - - [21/Aug/2018:13:58:17 +0800] "GET /?deviceType=mobile&devicePlatform=android HTTP/1.1" 302 149 "-" "Mozilla/5.0 (Linux; Android 8.1.0; COL-AL10 Build/HUAWEICOL-AL10; wv) AppleWebKit/537.36 (KHTML, like Gecko) Version/4.0 Chrome/66.0.3359.126 Mobile Safari/537.36"
192.168.253.2 - - [21/Aug/2018:13:58:17 +0800] "GET /Menu/Menu?formKey=M20180821T135427570 HTTP/1.1" 200 6080 "-" "Mozilla/5.0 (Linux; Android 8.1.0; COL-AL10 Build/HUAWEICOL-AL10; wv) AppleWebKit/537.36 (KHTML, like Gecko) Version/4.0 Chrome/66.0.3359.126 Mobile Safari/537.36"
192.168.253.2 - - [21/Aug/2018:13:58:17 +0800] "POST /JLAMPCommon/langBatchRows_prc HTTP/1.1" 200 595 "http://merp.yudo.com.cn:8183/Menu/Menu/menuLists?formKey=M20180821T120348010&menuSelection=asm" "Mozilla/5.0 (iPhone; CPU iPhone OS 11_0 like Mac OS X) AppleWebKit/604.1.38 (KHTML, like Gecko) Mobile/15A372JLAMPMode:iPhone"
192.168.253.2 - - [21/Aug/2018:13:58:17 +0800] "GET /JLAMPCommon/getCookieJson_prc HTTP/1.1" 200 913 "http://merp.yudo.com.cn:8183/Menu/Menu/menuLists?formKey=M20180821T120348010&menuSelection=asm" "Mozilla/5.0 (iPhone; CPU iPhone OS 11_0 like Mac OS X) AppleWebKit/604.1.38 (KHTML, like Gecko) Mobile/15A372JLAMPMode:iPhone"
192.168.253.2 - - [21/Aug/2018:13:58:17 +0800] "POST /JLAMPCommon/langBatchRows_prc HTTP/1.1" 200 595 "http://merp.yudo.com.cn:8183/Menu/Menu?formKey=M20180821T135427570" "Mozilla/5.0 (Linux; Android 8.1.0; COL-AL10 Build/HUAWEICOL-AL10; wv) AppleWebKit/537.36 (KHTML, like Gecko) Version/4.0 Chrome/66.0.3359.126 Mobile Safari/537.36"
192.168.253.2 - - [21/Aug/2018:13:58:17 +0800] "GET /Menu/doMenuRows_prc?formKey=M20180821T120348010 HTTP/1.1" 200 1622 "http://merp.yudo.com.cn:8183/Menu/Menu/menuLists?formKey=M20180821T120348010&menuSelection=asm" "Mozilla/5.0 (iPhone; CPU iPhone OS 11_0 like Mac OS X) AppleWebKit/604.1.38 (KHTML, like Gecko) Mobile/15A372JLAMPMode:iPhone"
192.168.253.2 - - [21/Aug/2018:13:58:17 +0800] "GET /JLAMPCommon/getCookieJson_prc HTTP/1.1" 200 841 "http://merp.yudo.com.cn:8183/Menu/Menu?formKey=M20180821T135427570" "Mozilla/5.0 (Linux; Android 8.1.0; COL-AL10 Build/HUAWEICOL-AL10; wv) AppleWebKit/537.36 (KHTML, like Gecko) Version/4.0 Chrome/66.0.3359.126 Mobile Safari/537.36"
192.168.253.2 - - [21/Aug/2018:13:58:18 +0800] "GET /Menu/doMenuRows_prc?formKey=M20180821T135427570 HTTP/1.1" 200 530 "http://merp.yudo.com.cn:8183/Menu/Menu?formKey=M20180821T135427570" "Mozilla/5.0 (Linux; Android 8.1.0; COL-AL10 Build/HUAWEICOL-AL10; wv) AppleWebKit/537.36 (KHTML, like Gecko) Version/4.0 Chrome/66.0.3359.126 Mobile Safari/537.36"
192.168.253.2 - - [21/Aug/2018:13:58:18 +0800] "GET /image/favicon.ico HTTP/1.1" 404 1506 "http://merp.yudo.com.cn:8183/Menu/Menu?formKey=M20180821T135427570" "Mozilla/5.0 (Linux; Android 8.1.0; COL-AL10 Build/HUAWEICOL-AL10; wv) AppleWebKit/537.36 (KHTML, like Gecko) Version/4.0 Chrome/66.0.3359.126 Mobile Safari/537.36"
192.168.253.2 - - [21/Aug/2018:13:58:19 +0800] "GET /WEI_2000/WEI_2000?formKey=M20180821T120348010&menuSelection=asm HTTP/1.1" 200 36033 "http://merp.yudo.com.cn:8183/Menu/Menu/menuLists?formKey=M20180821T120348010&menuSelection=asm" "Mozilla/5.0 (iPhone; CPU iPhone OS 11_0 like Mac OS X) AppleWebKit/604.1.38 (KHTML, like Gecko) Mobile/15A372JLAMPMode:iPhone"
192.168.253.2 - - [21/Aug/2018:13:58:19 +0800] "GET /css/WEI_2000/WEI_2000_Lists.css?v=201807080921 HTTP/1.1" 304 - "http://merp.yudo.com.cn:8183/WEI_2000/WEI_2000?formKey=M20180821T120348010&menuSelection=asm" "Mozilla/5.0 (iPhone; CPU iPhone OS 11_0 like Mac OS X) AppleWebKit/604.1.38 (KHTML, like Gecko) Mobile/15A372JLAMPMode:iPhone"
192.168.253.2 - - [21/Aug/2018:13:58:19 +0800] "GET /js/WEI_2000/WEI_2000_Lists.js?v=201807370935 HTTP/1.1" 304 - "http://merp.yudo.com.cn:8183/WEI_2000/WEI_2000?formKey=M20180821T120348010&menuSelection=asm" "Mozilla/5.0 (iPhone; CPU iPhone OS 11_0 like Mac OS X) AppleWebKit/604.1.38 (KHTML, like Gecko) Mobile/15A372JLAMPMode:iPhone"
