192.168.253.2 - - [09/Mar/2020:16:11:39 +0800] "GET /css/mui.min.css?v=1008 HTTP/1.1" 200 76673 "http://merp.yudo.com.cn:8183/WEI_1410/WEI_1410?formKey=Menu&menuSelection=sm" "Mozilla/5.0 (iPhone; CPU iPhone OS 13_3_1 like Mac OS X) AppleWebKit/605.1.15 (KHTML, like Gecko) Mobile/15E148"
192.168.253.2 - - [09/Mar/2020:16:11:39 +0800] "GET /css/mui.picker.min.css HTTP/1.1" 200 4844 "http://merp.yudo.com.cn:8183/WEI_1410/WEI_1410?formKey=Menu&menuSelection=sm" "Mozilla/5.0 (iPhone; CPU iPhone OS 13_3_1 like Mac OS X) AppleWebKit/605.1.15 (KHTML, like Gecko) Mobile/15E148"
192.168.253.2 - - [09/Mar/2020:16:11:39 +0800] "GET /css/yudo-ui.css?v=1063 HTTP/1.1" 200 41489 "http://merp.yudo.com.cn:8183/WEI_1410/WEI_1410?formKey=Menu&menuSelection=sm" "Mozilla/5.0 (iPhone; CPU iPhone OS 13_3_1 like Mac OS X) AppleWebKit/605.1.15 (KHTML, like Gecko) Mobile/15E148"
192.168.253.2 - - [09/Mar/2020:16:11:39 +0800] "GET /js/lang.min.js?v=1001 HTTP/1.1" 200 1138 "http://merp.yudo.com.cn:8183/WEI_1410/WEI_1410?formKey=Menu&menuSelection=sm" "Mozilla/5.0 (iPhone; CPU iPhone OS 13_3_1 like Mac OS X) AppleWebKit/605.1.15 (KHTML, like Gecko) Mobile/15E148"
192.168.253.2 - - [09/Mar/2020:16:11:39 +0800] "GET /js/mui.picker.min.js?v=1001 HTTP/1.1" 200 18411 "http://merp.yudo.com.cn:8183/WEI_1410/WEI_1410?formKey=Menu&menuSelection=sm" "Mozilla/5.0 (iPhone; CPU iPhone OS 13_3_1 like Mac OS X) AppleWebKit/605.1.15 (KHTML, like Gecko) Mobile/15E148"
192.168.253.2 - - [09/Mar/2020:16:11:39 +0800] "GET /js/WEI_1410/WEI_1410_Lists.js?v=1064 HTTP/1.1" 200 23974 "http://merp.yudo.com.cn:8183/WEI_1410/WEI_1410?formKey=Menu&menuSelection=sm" "Mozilla/5.0 (iPhone; CPU iPhone OS 13_3_1 like Mac OS X) AppleWebKit/605.1.15 (KHTML, like Gecko) Mobile/15E148"
192.168.253.2 - - [09/Mar/2020:16:11:39 +0800] "POST /JLAMPCommon/langBatchRows_prc HTTP/1.1" 200 4792 "http://merp.yudo.com.cn:8183/WEI_1410/WEI_1410?formKey=Menu&menuSelection=sm" "Mozilla/5.0 (iPhone; CPU iPhone OS 13_3_1 like Mac OS X) AppleWebKit/605.1.15 (KHTML, like Gecko) Mobile/15E148"
192.168.253.2 - - [09/Mar/2020:16:11:39 +0800] "POST /JLAMPCommon/langBatchRows_prc HTTP/1.1" 200 541 "http://merp.yudo.com.cn:8183/WEI_1410/WEI_1410?formKey=Menu&menuSelection=sm" "Mozilla/5.0 (iPhone; CPU iPhone OS 13_3_1 like Mac OS X) AppleWebKit/605.1.15 (KHTML, like Gecko) Mobile/15E148"
192.168.253.2 - - [09/Mar/2020:16:11:39 +0800] "GET /JLAMPCommon/getCookieJson_prc HTTP/1.1" 200 1095 "http://merp.yudo.com.cn:8183/WEI_1410/WEI_1410?formKey=Menu&menuSelection=sm" "Mozilla/5.0 (iPhone; CPU iPhone OS 13_3_1 like Mac OS X) AppleWebKit/605.1.15 (KHTML, like Gecko) Mobile/15E148"
192.168.253.2 - - [09/Mar/2020:16:11:39 +0800] "GET /image/fonticon/expclass_icon.png HTTP/1.1" 200 3405 "http://merp.yudo.com.cn:8183/WEI_1410/WEI_1410?formKey=Menu&menuSelection=sm" "Mozilla/5.0 (iPhone; CPU iPhone OS 13_3_1 like Mac OS X) AppleWebKit/605.1.15 (KHTML, like Gecko) Mobile/15E148"
192.168.253.2 - - [09/Mar/2020:16:11:39 +0800] "GET /image/fonticon/search_class_icon.png HTTP/1.1" 200 2455 "http://merp.yudo.com.cn:8183/WEI_1410/WEI_1410?formKey=Menu&menuSelection=sm" "Mozilla/5.0 (iPhone; CPU iPhone OS 13_3_1 like Mac OS X) AppleWebKit/605.1.15 (KHTML, like Gecko) Mobile/15E148"
192.168.253.2 - - [09/Mar/2020:16:11:39 +0800] "GET /WEI_1410/getDeptId HTTP/1.1" 200 2810 "http://merp.yudo.com.cn:8183/WEI_1410/WEI_1410?formKey=Menu&menuSelection=sm" "Mozilla/5.0 (iPhone; CPU iPhone OS 13_3_1 like Mac OS X) AppleWebKit/605.1.15 (KHTML, like Gecko) Mobile/15E148"
192.168.253.2 - - [09/Mar/2020:16:11:39 +0800] "GET /WEI_1410/getFilialeList HTTP/1.1" 200 635 "http://merp.yudo.com.cn:8183/WEI_1410/WEI_1410?formKey=Menu&menuSelection=sm" "Mozilla/5.0 (iPhone; CPU iPhone OS 13_3_1 like Mac OS X) AppleWebKit/605.1.15 (KHTML, like Gecko) Mobile/15E148"
192.168.253.2 - - [09/Mar/2020:16:11:52 +0800] "GET /Menu/Menu/menuLists?formKey=undefined&menuSelection=undefined HTTP/1.1" 200 12297 "http://merp.yudo.com.cn:8183/WEI_1410/WEI_1410?formKey=Menu&menuSelection=sm" "Mozilla/5.0 (iPhone; CPU iPhone OS 13_3_1 like Mac OS X) AppleWebKit/605.1.15 (KHTML, like Gecko) Mobile/15E148"
192.168.253.2 - - [09/Mar/2020:16:11:53 +0800] "GET /language/LANG_CHN.json?beta=2698 HTTP/1.1" 200 32370 "http://merp.yudo.com.cn:8183/Menu/Menu/menuLists?formKey=undefined&menuSelection=undefined" "Mozilla/5.0 (iPhone; CPU iPhone OS 13_3_1 like Mac OS X) AppleWebKit/605.1.15 (KHTML, like Gecko) Mobile/15E148"
192.168.253.2 - - [09/Mar/2020:16:11:53 +0800] "GET /Menu/doMenuRows_prc?formKey=Menu HTTP/1.1" 200 853 "http://merp.yudo.com.cn:8183/Menu/Menu/menuLists?formKey=undefined&menuSelection=undefined" "Mozilla/5.0 (iPhone; CPU iPhone OS 13_3_1 like Mac OS X) AppleWebKit/605.1.15 (KHTML, like Gecko) Mobile/15E148"
192.168.253.2 - - [09/Mar/2020:16:11:53 +0800] "GET /Menu/getVersionInfo HTTP/1.1" 200 394 "http://merp.yudo.com.cn:8183/Menu/Menu/menuLists?formKey=undefined&menuSelection=undefined" "Mozilla/5.0 (iPhone; CPU iPhone OS 13_3_1 like Mac OS X) AppleWebKit/605.1.15 (KHTML, like Gecko) Mobile/15E148"
192.168.253.2 - - [09/Mar/2020:16:11:53 +0800] "GET /Menu/getLoginInfo HTTP/1.1" 200 182 "http://merp.yudo.com.cn:8183/Menu/Menu/menuLists?formKey=undefined&menuSelection=undefined" "Mozilla/5.0 (iPhone; CPU iPhone OS 13_3_1 like Mac OS X) AppleWebKit/605.1.15 (KHTML, like Gecko) Mobile/15E148"
117.136.67.83 - - [09/Mar/2020:16:12:01 +0800] "GET /Menu/Menu/menuLists?formKey=undefined&menuSelection=undefined HTTP/1.1" 200 12297 "http://merp.yudo.com.cn:8183/WEI_2300/WEI_2300?formKey=Menu&menuSelection=asm" "Mozilla/5.0 (iPhone; CPU iPhone OS 11_4_1 like Mac OS X) AppleWebKit/605.1.15 (KHTML, like Gecko) Mobile/15G77"
117.136.67.83 - - [09/Mar/2020:16:12:02 +0800] "GET /language/LANG_CHN.json?beta=6330 HTTP/1.1" 200 32370 "http://merp.yudo.com.cn:8183/Menu/Menu/menuLists?formKey=undefined&menuSelection=undefined" "Mozilla/5.0 (iPhone; CPU iPhone OS 11_4_1 like Mac OS X) AppleWebKit/605.1.15 (KHTML, like Gecko) Mobile/15G77"
117.136.67.83 - - [09/Mar/2020:16:12:02 +0800] "GET /Menu/doMenuRows_prc?formKey=Menu HTTP/1.1" 200 826 "http://merp.yudo.com.cn:8183/Menu/Menu/menuLists?formKey=undefined&menuSelection=undefined" "Mozilla/5.0 (iPhone; CPU iPhone OS 11_4_1 like Mac OS X) AppleWebKit/605.1.15 (KHTML, like Gecko) Mobile/15G77"
117.136.67.83 - - [09/Mar/2020:16:12:02 +0800] "GET /Menu/getVersionInfo HTTP/1.1" 200 394 "http://merp.yudo.com.cn:8183/Menu/Menu/menuLists?formKey=undefined&menuSelection=undefined" "Mozilla/5.0 (iPhone; CPU iPhone OS 11_4_1 like Mac OS X) AppleWebKit/605.1.15 (KHTML, like Gecko) Mobile/15G77"
117.136.67.83 - - [09/Mar/2020:16:12:02 +0800] "GET /Menu/getLoginInfo HTTP/1.1" 200 182 "http://merp.yudo.com.cn:8183/Menu/Menu/menuLists?formKey=undefined&menuSelection=undefined" "Mozilla/5.0 (iPhone; CPU iPhone OS 11_4_1 like Mac OS X) AppleWebKit/605.1.15 (KHTML, like Gecko) Mobile/15G77"
117.136.67.83 - - [09/Mar/2020:16:12:04 +0800] "GET /WEI_0100/WEI_0100?formKey=Menu&menuSelection=mi HTTP/1.1" 200 14759 "http://merp.yudo.com.cn:8183/Menu/Menu/menuLists?formKey=undefined&menuSelection=undefined" "Mozilla/5.0 (iPhone; CPU iPhone OS 11_4_1 like Mac OS X) AppleWebKit/605.1.15 (KHTML, like Gecko) Mobile/15G77"
117.136.67.83 - - [09/Mar/2020:16:12:07 +0800] "GET /WEI_1400/lists_prc?gubun=D&baseDate=2020-03-09&dbChoose=SZ HTTP/1.1" 200 28001 "http://merp.yudo.com.cn:8183/WEI_0100/WEI_0100?formKey=Menu&menuSelection=mi" "Mozilla/5.0 (iPhone; CPU iPhone OS 11_4_1 like Mac OS X) AppleWebKit/605.1.15 (KHTML, like Gecko) Mobile/15G77"
117.136.67.83 - - [09/Mar/2020:16:12:19 +0800] "GET /WEI_1400/lists_prc?gubun=M&baseDate=2020-03-09&dbChoose=SZ HTTP/1.1" 200 35677 "http://merp.yudo.com.cn:8183/WEI_0100/WEI_0100?formKey=Menu&menuSelection=mi" "Mozilla/5.0 (iPhone; CPU iPhone OS 11_4_1 like Mac OS X) AppleWebKit/605.1.15 (KHTML, like Gecko) Mobile/15G77"
192.168.253.2 - - [09/Mar/2020:16:12:26 +0800] "GET /WEI_1420/WEI_1420?formKey=Menu&menuSelection=sm HTTP/1.1" 200 10017 "http://merp.yudo.com.cn:8183/Menu/Menu/menuLists?formKey=undefined&menuSelection=undefined" "Mozilla/5.0 (iPhone; CPU iPhone OS 13_3_1 like Mac OS X) AppleWebKit/605.1.15 (KHTML, like Gecko) Mobile/15E148"
192.168.253.2 - - [09/Mar/2020:16:12:27 +0800] "GET /js/WEI_1420/WEI_1420_Lists.js?v=1063 HTTP/1.1" 200 19780 "http://merp.yudo.com.cn:8183/WEI_1420/WEI_1420?formKey=Menu&menuSelection=sm" "Mozilla/5.0 (iPhone; CPU iPhone OS 13_3_1 like Mac OS X) AppleWebKit/605.1.15 (KHTML, like Gecko) Mobile/15E148"
192.168.253.2 - - [09/Mar/2020:16:12:27 +0800] "POST /JLAMPCommon/langBatchRows_prc HTTP/1.1" 200 3479 "http://merp.yudo.com.cn:8183/WEI_1420/WEI_1420?formKey=Menu&menuSelection=sm" "Mozilla/5.0 (iPhone; CPU iPhone OS 13_3_1 like Mac OS X) AppleWebKit/605.1.15 (KHTML, like Gecko) Mobile/15E148"
192.168.253.2 - - [09/Mar/2020:16:12:27 +0800] "POST /JLAMPCommon/langBatchRows_prc HTTP/1.1" 200 541 "http://merp.yudo.com.cn:8183/WEI_1420/WEI_1420?formKey=Menu&menuSelection=sm" "Mozilla/5.0 (iPhone; CPU iPhone OS 13_3_1 like Mac OS X) AppleWebKit/605.1.15 (KHTML, like Gecko) Mobile/15E148"
192.168.253.2 - - [09/Mar/2020:16:12:28 +0800] "GET /JLAMPCommon/getCookieJson_prc HTTP/1.1" 200 1095 "http://merp.yudo.com.cn:8183/WEI_1420/WEI_1420?formKey=Menu&menuSelection=sm" "Mozilla/5.0 (iPhone; CPU iPhone OS 13_3_1 like Mac OS X) AppleWebKit/605.1.15 (KHTML, like Gecko) Mobile/15E148"
192.168.253.2 - - [09/Mar/2020:16:12:28 +0800] "GET /WEI_1420/getFilialeList HTTP/1.1" 200 635 "http://merp.yudo.com.cn:8183/WEI_1420/WEI_1420?formKey=Menu&menuSelection=sm" "Mozilla/5.0 (iPhone; CPU iPhone OS 13_3_1 like Mac OS X) AppleWebKit/605.1.15 (KHTML, like Gecko) Mobile/15E148"
117.136.67.83 - - [09/Mar/2020:16:12:34 +0800] "GET /WEI_1400/lists_prc?gubun=M&baseDate=2020-03-09&dbChoose=GD HTTP/1.1" 200 15405 "http://merp.yudo.com.cn:8183/WEI_0100/WEI_0100?formKey=Menu&menuSelection=mi" "Mozilla/5.0 (iPhone; CPU iPhone OS 11_4_1 like Mac OS X) AppleWebKit/605.1.15 (KHTML, like Gecko) Mobile/15G77"
192.168.253.2 - - [09/Mar/2020:16:12:32 +0800] "GET /WEI_1420/queryResults?date=20200309&deptDiv= HTTP/1.1" 200 14324 "http://merp.yudo.com.cn:8183/WEI_1420/WEI_1420?formKey=Menu&menuSelection=sm" "Mozilla/5.0 (iPhone; CPU iPhone OS 13_3_1 like Mac OS X) AppleWebKit/605.1.15 (KHTML, like Gecko) Mobile/15E148"
192.168.253.2 - - [09/Mar/2020:16:12:46 +0800] "GET /Menu/Menu/menuLists?formKey=undefined&menuSelection=undefined HTTP/1.1" 200 12297 "http://merp.yudo.com.cn:8183/WEI_1420/WEI_1420?formKey=Menu&menuSelection=sm" "Mozilla/5.0 (iPhone; CPU iPhone OS 13_3_1 like Mac OS X) AppleWebKit/605.1.15 (KHTML, like Gecko) Mobile/15E148"
192.168.253.2 - - [09/Mar/2020:16:12:46 +0800] "GET /language/LANG_CHN.json?beta=9101 HTTP/1.1" 200 32370 "http://merp.yudo.com.cn:8183/Menu/Menu/menuLists?formKey=undefined&menuSelection=undefined" "Mozilla/5.0 (iPhone; CPU iPhone OS 13_3_1 like Mac OS X) AppleWebKit/605.1.15 (KHTML, like Gecko) Mobile/15E148"
192.168.253.2 - - [09/Mar/2020:16:12:46 +0800] "GET /Menu/doMenuRows_prc?formKey=Menu HTTP/1.1" 200 853 "http://merp.yudo.com.cn:8183/Menu/Menu/menuLists?formKey=undefined&menuSelection=undefined" "Mozilla/5.0 (iPhone; CPU iPhone OS 13_3_1 like Mac OS X) AppleWebKit/605.1.15 (KHTML, like Gecko) Mobile/15E148"
192.168.253.2 - - [09/Mar/2020:16:12:46 +0800] "GET /Menu/getVersionInfo HTTP/1.1" 200 394 "http://merp.yudo.com.cn:8183/Menu/Menu/menuLists?formKey=undefined&menuSelection=undefined" "Mozilla/5.0 (iPhone; CPU iPhone OS 13_3_1 like Mac OS X) AppleWebKit/605.1.15 (KHTML, like Gecko) Mobile/15E148"
192.168.253.2 - - [09/Mar/2020:16:12:46 +0800] "GET /Menu/getLoginInfo HTTP/1.1" 200 182 "http://merp.yudo.com.cn:8183/Menu/Menu/menuLists?formKey=undefined&menuSelection=undefined" "Mozilla/5.0 (iPhone; CPU iPhone OS 13_3_1 like Mac OS X) AppleWebKit/605.1.15 (KHTML, like Gecko) Mobile/15E148"
117.136.67.83 - - [09/Mar/2020:16:12:46 +0800] "GET /WEI_1400/lists_prc?gubun=M&baseDate=2020-03-09&dbChoose=SZ HTTP/1.1" 200 35677 "http://merp.yudo.com.cn:8183/WEI_0100/WEI_0100?formKey=Menu&menuSelection=mi" "Mozilla/5.0 (iPhone; CPU iPhone OS 11_4_1 like Mac OS X) AppleWebKit/605.1.15 (KHTML, like Gecko) Mobile/15G77"
117.136.67.83 - - [09/Mar/2020:16:12:55 +0800] "GET /Menu/Menu/menuLists?formKey=undefined&menuSelection=undefined HTTP/1.1" 200 12297 "http://merp.yudo.com.cn:8183/WEI_0100/WEI_0100?formKey=Menu&menuSelection=mi" "Mozilla/5.0 (iPhone; CPU iPhone OS 11_4_1 like Mac OS X) AppleWebKit/605.1.15 (KHTML, like Gecko) Mobile/15G77"
117.136.67.83 - - [09/Mar/2020:16:12:55 +0800] "GET /language/LANG_CHN.json?beta=4565 HTTP/1.1" 200 32370 "http://merp.yudo.com.cn:8183/Menu/Menu/menuLists?formKey=undefined&menuSelection=undefined" "Mozilla/5.0 (iPhone; CPU iPhone OS 11_4_1 like Mac OS X) AppleWebKit/605.1.15 (KHTML, like Gecko) Mobile/15G77"
117.136.67.83 - - [09/Mar/2020:16:12:55 +0800] "GET /Menu/doMenuRows_prc?formKey=Menu HTTP/1.1" 200 826 "http://merp.yudo.com.cn:8183/Menu/Menu/menuLists?formKey=undefined&menuSelection=undefined" "Mozilla/5.0 (iPhone; CPU iPhone OS 11_4_1 like Mac OS X) AppleWebKit/605.1.15 (KHTML, like Gecko) Mobile/15G77"
117.136.67.83 - - [09/Mar/2020:16:12:56 +0800] "GET /Menu/getVersionInfo HTTP/1.1" 200 394 "http://merp.yudo.com.cn:8183/Menu/Menu/menuLists?formKey=undefined&menuSelection=undefined" "Mozilla/5.0 (iPhone; CPU iPhone OS 11_4_1 like Mac OS X) AppleWebKit/605.1.15 (KHTML, like Gecko) Mobile/15G77"
117.136.67.83 - - [09/Mar/2020:16:12:56 +0800] "GET /Menu/getLoginInfo HTTP/1.1" 200 182 "http://merp.yudo.com.cn:8183/Menu/Menu/menuLists?formKey=undefined&menuSelection=undefined" "Mozilla/5.0 (iPhone; CPU iPhone OS 11_4_1 like Mac OS X) AppleWebKit/605.1.15 (KHTML, like Gecko) Mobile/15G77"
192.168.253.2 - - [09/Mar/2020:16:14:20 +0800] "GET /WEI_1420/WEI_1420?formKey=Menu&menuSelection=sm HTTP/1.1" 200 10017 "http://merp.yudo.com.cn:8183/Menu/Menu/menuLists?formKey=undefined&menuSelection=undefined" "Mozilla/5.0 (iPhone; CPU iPhone OS 13_3_1 like Mac OS X) AppleWebKit/605.1.15 (KHTML, like Gecko) Mobile/15E148"
192.168.253.2 - - [09/Mar/2020:16:14:20 +0800] "POST /JLAMPCommon/langBatchRows_prc HTTP/1.1" 200 3479 "http://merp.yudo.com.cn:8183/WEI_1420/WEI_1420?formKey=Menu&menuSelection=sm" "Mozilla/5.0 (iPhone; CPU iPhone OS 13_3_1 like Mac OS X) AppleWebKit/605.1.15 (KHTML, like Gecko) Mobile/15E148"
192.168.253.2 - - [09/Mar/2020:16:14:20 +0800] "POST /JLAMPCommon/langBatchRows_prc HTTP/1.1" 200 541 "http://merp.yudo.com.cn:8183/WEI_1420/WEI_1420?formKey=Menu&menuSelection=sm" "Mozilla/5.0 (iPhone; CPU iPhone OS 13_3_1 like Mac OS X) AppleWebKit/605.1.15 (KHTML, like Gecko) Mobile/15E148"
192.168.253.2 - - [09/Mar/2020:16:14:20 +0800] "GET /JLAMPCommon/getCookieJson_prc HTTP/1.1" 200 1095 "http://merp.yudo.com.cn:8183/WEI_1420/WEI_1420?formKey=Menu&menuSelection=sm" "Mozilla/5.0 (iPhone; CPU iPhone OS 13_3_1 like Mac OS X) AppleWebKit/605.1.15 (KHTML, like Gecko) Mobile/15E148"
192.168.253.2 - - [09/Mar/2020:16:14:21 +0800] "GET /WEI_1420/getFilialeList HTTP/1.1" 200 635 "http://merp.yudo.com.cn:8183/WEI_1420/WEI_1420?formKey=Menu&menuSelection=sm" "Mozilla/5.0 (iPhone; CPU iPhone OS 13_3_1 like Mac OS X) AppleWebKit/605.1.15 (KHTML, like Gecko) Mobile/15E148"
192.168.253.2 - - [09/Mar/2020:16:14:29 +0800] "GET /WEI_1420/queryResults?date=20200309&deptDiv=MA10030100 HTTP/1.1" 200 14320 "http://merp.yudo.com.cn:8183/WEI_1420/WEI_1420?formKey=Menu&menuSelection=sm" "Mozilla/5.0 (iPhone; CPU iPhone OS 13_3_1 like Mac OS X) AppleWebKit/605.1.15 (KHTML, like Gecko) Mobile/15E148"
117.136.67.83 - - [09/Mar/2020:16:14:44 +0800] "GET /WEI_0100/WEI_0100?formKey=Menu&menuSelection=mi HTTP/1.1" 200 14759 "http://merp.yudo.com.cn:8183/Menu/Menu/menuLists?formKey=undefined&menuSelection=undefined" "Mozilla/5.0 (iPhone; CPU iPhone OS 11_4_1 like Mac OS X) AppleWebKit/605.1.15 (KHTML, like Gecko) Mobile/15G77"
117.136.67.83 - - [09/Mar/2020:16:14:46 +0800] "GET /WEI_1400/lists_prc?gubun=D&baseDate=2020-03-09&dbChoose=SZ HTTP/1.1" 200 28001 "http://merp.yudo.com.cn:8183/WEI_0100/WEI_0100?formKey=Menu&menuSelection=mi" "Mozilla/5.0 (iPhone; CPU iPhone OS 11_4_1 like Mac OS X) AppleWebKit/605.1.15 (KHTML, like Gecko) Mobile/15G77"
192.168.253.2 - - [09/Mar/2020:16:15:13 +0800] "GET /Menu/Menu/menuLists?formKey=undefined&menuSelection=undefined HTTP/1.1" 200 12297 "http://merp.yudo.com.cn:8183/WEI_1420/WEI_1420?formKey=Menu&menuSelection=sm" "Mozilla/5.0 (iPhone; CPU iPhone OS 13_3_1 like Mac OS X) AppleWebKit/605.1.15 (KHTML, like Gecko) Mobile/15E148"
192.168.253.2 - - [09/Mar/2020:16:15:13 +0800] "GET /language/LANG_CHN.json?beta=6740 HTTP/1.1" 200 32370 "http://merp.yudo.com.cn:8183/Menu/Menu/menuLists?formKey=undefined&menuSelection=undefined" "Mozilla/5.0 (iPhone; CPU iPhone OS 13_3_1 like Mac OS X) AppleWebKit/605.1.15 (KHTML, like Gecko) Mobile/15E148"
192.168.253.2 - - [09/Mar/2020:16:15:13 +0800] "GET /Menu/doMenuRows_prc?formKey=Menu HTTP/1.1" 200 853 "http://merp.yudo.com.cn:8183/Menu/Menu/menuLists?formKey=undefined&menuSelection=undefined" "Mozilla/5.0 (iPhone; CPU iPhone OS 13_3_1 like Mac OS X) AppleWebKit/605.1.15 (KHTML, like Gecko) Mobile/15E148"
192.168.253.2 - - [09/Mar/2020:16:15:13 +0800] "GET /Menu/getVersionInfo HTTP/1.1" 200 394 "http://merp.yudo.com.cn:8183/Menu/Menu/menuLists?formKey=undefined&menuSelection=undefined" "Mozilla/5.0 (iPhone; CPU iPhone OS 13_3_1 like Mac OS X) AppleWebKit/605.1.15 (KHTML, like Gecko) Mobile/15E148"
192.168.253.2 - - [09/Mar/2020:16:15:14 +0800] "GET /Menu/getLoginInfo HTTP/1.1" 200 182 "http://merp.yudo.com.cn:8183/Menu/Menu/menuLists?formKey=undefined&menuSelection=undefined" "Mozilla/5.0 (iPhone; CPU iPhone OS 13_3_1 like Mac OS X) AppleWebKit/605.1.15 (KHTML, like Gecko) Mobile/15E148"
192.168.253.2 - - [09/Mar/2020:16:15:18 +0800] "GET /WEI_0100/WEI_0100?formKey=Menu&menuSelection=mi HTTP/1.1" 200 14759 "http://merp.yudo.com.cn:8183/Menu/Menu/menuLists?formKey=undefined&menuSelection=undefined" "Mozilla/5.0 (iPhone; CPU iPhone OS 13_3_1 like Mac OS X) AppleWebKit/605.1.15 (KHTML, like Gecko) Mobile/15E148"
192.168.253.2 - - [09/Mar/2020:16:15:18 +0800] "GET /js/WEI_0100/WEI_0100_Lists.js?v=200012 HTTP/1.1" 200 37539 "http://merp.yudo.com.cn:8183/WEI_0100/WEI_0100?formKey=Menu&menuSelection=mi" "Mozilla/5.0 (iPhone; CPU iPhone OS 13_3_1 like Mac OS X) AppleWebKit/605.1.15 (KHTML, like Gecko) Mobile/15E148"
192.168.253.2 - - [09/Mar/2020:16:15:18 +0800] "GET /image/fonticon/back_icon2.png HTTP/1.1" 200 1066 "http://merp.yudo.com.cn:8183/WEI_0100/WEI_0100?formKey=Menu&menuSelection=mi" "Mozilla/5.0 (iPhone; CPU iPhone OS 13_3_1 like Mac OS X) AppleWebKit/605.1.15 (KHTML, like Gecko) Mobile/15E148"
192.168.253.2 - - [09/Mar/2020:16:15:20 +0800] "GET /WEI_1400/lists_prc?gubun=Y&baseDate=2020-03-09&dbChoose=SZ HTTP/1.1" 200 37533 "http://merp.yudo.com.cn:8183/WEI_0100/WEI_0100?formKey=Menu&menuSelection=mi" "Mozilla/5.0 (iPhone; CPU iPhone OS 13_3_1 like Mac OS X) AppleWebKit/605.1.15 (KHTML, like Gecko) Mobile/15E148"
192.168.253.2 - - [09/Mar/2020:16:15:31 +0800] "GET /Menu/Menu/menuLists?formKey=undefined&menuSelection=undefined HTTP/1.1" 200 12297 "http://merp.yudo.com.cn:8183/WEI_0100/WEI_0100?formKey=Menu&menuSelection=mi" "Mozilla/5.0 (iPhone; CPU iPhone OS 13_3_1 like Mac OS X) AppleWebKit/605.1.15 (KHTML, like Gecko) Mobile/15E148"
192.168.253.2 - - [09/Mar/2020:16:15:31 +0800] "GET /language/LANG_CHN.json?beta=9366 HTTP/1.1" 200 32370 "http://merp.yudo.com.cn:8183/Menu/Menu/menuLists?formKey=undefined&menuSelection=undefined" "Mozilla/5.0 (iPhone; CPU iPhone OS 13_3_1 like Mac OS X) AppleWebKit/605.1.15 (KHTML, like Gecko) Mobile/15E148"
192.168.253.2 - - [09/Mar/2020:16:15:31 +0800] "GET /Menu/doMenuRows_prc?formKey=Menu HTTP/1.1" 200 853 "http://merp.yudo.com.cn:8183/Menu/Menu/menuLists?formKey=undefined&menuSelection=undefined" "Mozilla/5.0 (iPhone; CPU iPhone OS 13_3_1 like Mac OS X) AppleWebKit/605.1.15 (KHTML, like Gecko) Mobile/15E148"
192.168.253.2 - - [09/Mar/2020:16:15:31 +0800] "GET /Menu/getVersionInfo HTTP/1.1" 200 394 "http://merp.yudo.com.cn:8183/Menu/Menu/menuLists?formKey=undefined&menuSelection=undefined" "Mozilla/5.0 (iPhone; CPU iPhone OS 13_3_1 like Mac OS X) AppleWebKit/605.1.15 (KHTML, like Gecko) Mobile/15E148"
192.168.253.2 - - [09/Mar/2020:16:15:31 +0800] "GET /Menu/getLoginInfo HTTP/1.1" 200 182 "http://merp.yudo.com.cn:8183/Menu/Menu/menuLists?formKey=undefined&menuSelection=undefined" "Mozilla/5.0 (iPhone; CPU iPhone OS 13_3_1 like Mac OS X) AppleWebKit/605.1.15 (KHTML, like Gecko) Mobile/15E148"
192.168.253.2 - - [09/Mar/2020:16:15:50 +0800] "GET /Menu/ChangePassWd HTTP/1.1" 200 4663 "http://merp.yudo.com.cn:8183/Menu/Menu/menuLists?formKey=undefined&menuSelection=undefined" "Mozilla/5.0 (iPhone; CPU iPhone OS 13_3_1 like Mac OS X) AppleWebKit/605.1.15 (KHTML, like Gecko) Mobile/15E148"
192.168.253.2 - - [09/Mar/2020:16:15:50 +0800] "GET /css/yudo-ui.css?v=1050 HTTP/1.1" 200 41489 "http://merp.yudo.com.cn:8183/Menu/ChangePassWd" "Mozilla/5.0 (iPhone; CPU iPhone OS 13_3_1 like Mac OS X) AppleWebKit/605.1.15 (KHTML, like Gecko) Mobile/15E148"
192.168.253.2 - - [09/Mar/2020:16:15:51 +0800] "GET /js/Menu/ChangePassWd.js?v=1002 HTTP/1.1" 200 2292 "http://merp.yudo.com.cn:8183/Menu/ChangePassWd" "Mozilla/5.0 (iPhone; CPU iPhone OS 13_3_1 like Mac OS X) AppleWebKit/605.1.15 (KHTML, like Gecko) Mobile/15E148"
192.168.253.2 - - [09/Mar/2020:16:15:51 +0800] "POST /JLAMPCommon/langBatchRows_prc HTTP/1.1" 200 739 "http://merp.yudo.com.cn:8183/Menu/ChangePassWd" "Mozilla/5.0 (iPhone; CPU iPhone OS 13_3_1 like Mac OS X) AppleWebKit/605.1.15 (KHTML, like Gecko) Mobile/15E148"
192.168.253.2 - - [09/Mar/2020:16:15:51 +0800] "POST /JLAMPCommon/langBatchRows_prc HTTP/1.1" 200 191 "http://merp.yudo.com.cn:8183/Menu/ChangePassWd" "Mozilla/5.0 (iPhone; CPU iPhone OS 13_3_1 like Mac OS X) AppleWebKit/605.1.15 (KHTML, like Gecko) Mobile/15E148"
192.168.253.2 - - [09/Mar/2020:16:15:51 +0800] "GET /JLAMPCommon/getCookieJson_prc HTTP/1.1" 200 1095 "http://merp.yudo.com.cn:8183/Menu/ChangePassWd" "Mozilla/5.0 (iPhone; CPU iPhone OS 13_3_1 like Mac OS X) AppleWebKit/605.1.15 (KHTML, like Gecko) Mobile/15E148"
192.168.253.2 - - [09/Mar/2020:16:16:06 +0800] "POST /Menu/ChangePassWd/savePassWd HTTP/1.1" 200 61 "http://merp.yudo.com.cn:8183/Menu/ChangePassWd" "Mozilla/5.0 (iPhone; CPU iPhone OS 13_3_1 like Mac OS X) AppleWebKit/605.1.15 (KHTML, like Gecko) Mobile/15E148"
192.168.253.2 - - [09/Mar/2020:16:16:09 +0800] "GET /Menu/Menu/menuLists?formKey=undefined&menuSelection=undefined HTTP/1.1" 200 12297 "http://merp.yudo.com.cn:8183/Menu/ChangePassWd" "Mozilla/5.0 (iPhone; CPU iPhone OS 13_3_1 like Mac OS X) AppleWebKit/605.1.15 (KHTML, like Gecko) Mobile/15E148"
192.168.253.2 - - [09/Mar/2020:16:16:09 +0800] "GET /language/LANG_CHN.json?beta=7049 HTTP/1.1" 200 32370 "http://merp.yudo.com.cn:8183/Menu/Menu/menuLists?formKey=undefined&menuSelection=undefined" "Mozilla/5.0 (iPhone; CPU iPhone OS 13_3_1 like Mac OS X) AppleWebKit/605.1.15 (KHTML, like Gecko) Mobile/15E148"
192.168.253.2 - - [09/Mar/2020:16:16:09 +0800] "GET /Menu/doMenuRows_prc?formKey=Menu HTTP/1.1" 200 853 "http://merp.yudo.com.cn:8183/Menu/Menu/menuLists?formKey=undefined&menuSelection=undefined" "Mozilla/5.0 (iPhone; CPU iPhone OS 13_3_1 like Mac OS X) AppleWebKit/605.1.15 (KHTML, like Gecko) Mobile/15E148"
192.168.253.2 - - [09/Mar/2020:16:16:09 +0800] "GET /Menu/getVersionInfo HTTP/1.1" 200 394 "http://merp.yudo.com.cn:8183/Menu/Menu/menuLists?formKey=undefined&menuSelection=undefined" "Mozilla/5.0 (iPhone; CPU iPhone OS 13_3_1 like Mac OS X) AppleWebKit/605.1.15 (KHTML, like Gecko) Mobile/15E148"
192.168.253.2 - - [09/Mar/2020:16:16:09 +0800] "GET /Menu/getLoginInfo HTTP/1.1" 200 182 "http://merp.yudo.com.cn:8183/Menu/Menu/menuLists?formKey=undefined&menuSelection=undefined" "Mozilla/5.0 (iPhone; CPU iPhone OS 13_3_1 like Mac OS X) AppleWebKit/605.1.15 (KHTML, like Gecko) Mobile/15E148"
192.168.253.2 - - [09/Mar/2020:16:24:56 +0800] "GET /WEI_0100/WEI_0100?formKey=Menu&menuSelection=mi HTTP/1.1" 200 14759 "http://merp.yudo.com.cn:8183/Menu/Menu/menuLists?formKey=undefined&menuSelection=undefined" "Mozilla/5.0 (iPhone; CPU iPhone OS 13_3_1 like Mac OS X) AppleWebKit/605.1.15 (KHTML, like Gecko) Mobile/15E148"
192.168.253.2 - - [09/Mar/2020:16:24:58 +0800] "GET /WEI_1400/lists_prc?gubun=Y&baseDate=2020-03-09&dbChoose=SZ HTTP/1.1" 200 37533 "http://merp.yudo.com.cn:8183/WEI_0100/WEI_0100?formKey=Menu&menuSelection=mi" "Mozilla/5.0 (iPhone; CPU iPhone OS 13_3_1 like Mac OS X) AppleWebKit/605.1.15 (KHTML, like Gecko) Mobile/15E148"
192.168.253.2 - - [09/Mar/2020:16:25:11 +0800] "GET /WEI_1400/lists_prc?gubun=Y&baseDate=2020-03-09&dbChoose=GD HTTP/1.1" 200 17070 "http://merp.yudo.com.cn:8183/WEI_0100/WEI_0100?formKey=Menu&menuSelection=mi" "Mozilla/5.0 (iPhone; CPU iPhone OS 13_3_1 like Mac OS X) AppleWebKit/605.1.15 (KHTML, like Gecko) Mobile/15E148"
192.168.253.2 - - [09/Mar/2020:16:25:23 +0800] "GET /WEI_1400/lists_prc?gubun=Y&baseDate=2020-03-09&dbChoose=QD HTTP/1.1" 200 10605 "http://merp.yudo.com.cn:8183/WEI_0100/WEI_0100?formKey=Menu&menuSelection=mi" "Mozilla/5.0 (iPhone; CPU iPhone OS 13_3_1 like Mac OS X) AppleWebKit/605.1.15 (KHTML, like Gecko) Mobile/15E148"
192.168.253.2 - - [09/Mar/2020:16:25:31 +0800] "GET /WEI_1400/lists_prc?gubun=Y&baseDate=2020-03-09&dbChoose=XR HTTP/1.1" 500 1238 "http://merp.yudo.com.cn:8183/WEI_0100/WEI_0100?formKey=Menu&menuSelection=mi" "Mozilla/5.0 (iPhone; CPU iPhone OS 13_3_1 like Mac OS X) AppleWebKit/605.1.15 (KHTML, like Gecko) Mobile/15E148"
192.168.253.2 - - [09/Mar/2020:16:25:35 +0800] "GET /WEI_1400/lists_prc?gubun=Y&baseDate=2020-03-09&dbChoose=HS HTTP/1.1" 200 34509 "http://merp.yudo.com.cn:8183/WEI_0100/WEI_0100?formKey=Menu&menuSelection=mi" "Mozilla/5.0 (iPhone; CPU iPhone OS 13_3_1 like Mac OS X) AppleWebKit/605.1.15 (KHTML, like Gecko) Mobile/15E148"
192.168.253.2 - - [09/Mar/2020:16:25:42 +0800] "GET /WEI_1400/lists_prc?gubun=Y&baseDate=2020-03-09&dbChoose=SZ HTTP/1.1" 200 37533 "http://merp.yudo.com.cn:8183/WEI_0100/WEI_0100?formKey=Menu&menuSelection=mi" "Mozilla/5.0 (iPhone; CPU iPhone OS 13_3_1 like Mac OS X) AppleWebKit/605.1.15 (KHTML, like Gecko) Mobile/15E148"
223.104.2.247 - - [09/Mar/2020:16:29:01 +0800] "GET /WEI_1400/lists_prc?gubun=D&baseDate=2020-03-09&dbChoose=GD HTTP/1.1" 200 12423 "http://merp.yudo.com.cn:8183/WEI_0100/WEI_0100?formKey=Menu&menuSelection=mi" "Mozilla/5.0 (iPhone; CPU iPhone OS 11_4_1 like Mac OS X) AppleWebKit/605.1.15 (KHTML, like Gecko) Mobile/15G77"
223.104.2.247 - - [09/Mar/2020:16:29:10 +0800] "GET /WEI_1400/lists_prc?gubun=D&baseDate=2020-03-09&dbChoose=SZ HTTP/1.1" 200 28644 "http://merp.yudo.com.cn:8183/WEI_0100/WEI_0100?formKey=Menu&menuSelection=mi" "Mozilla/5.0 (iPhone; CPU iPhone OS 11_4_1 like Mac OS X) AppleWebKit/605.1.15 (KHTML, like Gecko) Mobile/15G77"
223.104.2.247 - - [09/Mar/2020:16:29:19 +0800] "GET /WEI_1400/lists_prc?gubun=D&baseDate=2020-03-09&dbChoose=QD HTTP/1.1" 200 3610 "http://merp.yudo.com.cn:8183/WEI_0100/WEI_0100?formKey=Menu&menuSelection=mi" "Mozilla/5.0 (iPhone; CPU iPhone OS 11_4_1 like Mac OS X) AppleWebKit/605.1.15 (KHTML, like Gecko) Mobile/15G77"
223.104.2.247 - - [09/Mar/2020:16:29:25 +0800] "GET /WEI_1400/lists_prc?gubun=M&baseDate=2020-03-09&dbChoose=SZ HTTP/1.1" 200 35680 "http://merp.yudo.com.cn:8183/WEI_0100/WEI_0100?formKey=Menu&menuSelection=mi" "Mozilla/5.0 (iPhone; CPU iPhone OS 11_4_1 like Mac OS X) AppleWebKit/605.1.15 (KHTML, like Gecko) Mobile/15G77"
223.104.2.247 - - [09/Mar/2020:16:29:36 +0800] "GET /WEI_1400/lists_prc?gubun=M&baseDate=2020-03-09&dbChoose=GD HTTP/1.1" 200 15406 "http://merp.yudo.com.cn:8183/WEI_0100/WEI_0100?formKey=Menu&menuSelection=mi" "Mozilla/5.0 (iPhone; CPU iPhone OS 11_4_1 like Mac OS X) AppleWebKit/605.1.15 (KHTML, like Gecko) Mobile/15G77"
192.168.253.2 - - [09/Mar/2020:16:29:38 +0800] "GET /WEI_1400/lists_prc?gubun=Y&baseDate=2020-03-09&dbChoose=GD HTTP/1.1" 200 17070 "http://merp.yudo.com.cn:8183/WEI_0100/WEI_0100?formKey=Menu&menuSelection=mi" "Mozilla/5.0 (iPhone; CPU iPhone OS 13_3_1 like Mac OS X) AppleWebKit/605.1.15 (KHTML, like Gecko) Mobile/15E148"
223.104.2.247 - - [09/Mar/2020:16:29:45 +0800] "GET /WEI_1400/lists_prc?gubun=M&baseDate=2020-03-09&dbChoose=QD HTTP/1.1" 200 7853 "http://merp.yudo.com.cn:8183/WEI_0100/WEI_0100?formKey=Menu&menuSelection=mi" "Mozilla/5.0 (iPhone; CPU iPhone OS 11_4_1 like Mac OS X) AppleWebKit/605.1.15 (KHTML, like Gecko) Mobile/15G77"
192.168.253.2 - - [09/Mar/2020:16:29:50 +0800] "GET /WEI_1400/lists_prc?gubun=Y&baseDate=2020-03-09&dbChoose=QD HTTP/1.1" 200 10605 "http://merp.yudo.com.cn:8183/WEI_0100/WEI_0100?formKey=Menu&menuSelection=mi" "Mozilla/5.0 (iPhone; CPU iPhone OS 13_3_1 like Mac OS X) AppleWebKit/605.1.15 (KHTML, like Gecko) Mobile/15E148"
223.104.2.247 - - [09/Mar/2020:16:29:50 +0800] "GET /WEI_1400/lists_prc?gubun=M&baseDate=2020-03-09&dbChoose=GD HTTP/1.1" 200 15406 "http://merp.yudo.com.cn:8183/WEI_0100/WEI_0100?formKey=Menu&menuSelection=mi" "Mozilla/5.0 (iPhone; CPU iPhone OS 11_4_1 like Mac OS X) AppleWebKit/605.1.15 (KHTML, like Gecko) Mobile/15G77"
192.168.253.2 - - [09/Mar/2020:16:29:59 +0800] "GET /WEI_1400/lists_prc?gubun=Y&baseDate=2020-03-09&dbChoose=GD HTTP/1.1" 200 17070 "http://merp.yudo.com.cn:8183/WEI_0100/WEI_0100?formKey=Menu&menuSelection=mi" "Mozilla/5.0 (iPhone; CPU iPhone OS 13_3_1 like Mac OS X) AppleWebKit/605.1.15 (KHTML, like Gecko) Mobile/15E148"
223.104.2.247 - - [09/Mar/2020:16:30:02 +0800] "GET /WEI_1400/lists_prc?gubun=M&baseDate=2020-03-09&dbChoose=SZ HTTP/1.1" 200 35680 "http://merp.yudo.com.cn:8183/WEI_0100/WEI_0100?formKey=Menu&menuSelection=mi" "Mozilla/5.0 (iPhone; CPU iPhone OS 11_4_1 like Mac OS X) AppleWebKit/605.1.15 (KHTML, like Gecko) Mobile/15G77"
192.168.253.2 - - [09/Mar/2020:16:30:32 +0800] "GET /WEI_1400/lists_prc?gubun=Y&baseDate=2020-03-09&dbChoose=SZ HTTP/1.1" 200 37533 "http://merp.yudo.com.cn:8183/WEI_0100/WEI_0100?formKey=Menu&menuSelection=mi" "Mozilla/5.0 (iPhone; CPU iPhone OS 13_3_1 like Mac OS X) AppleWebKit/605.1.15 (KHTML, like Gecko) Mobile/15E148"
117.136.67.83 - - [09/Mar/2020:16:45:31 +0800] "GET /Menu/Menu/menuLists?formKey=undefined&menuSelection=undefined HTTP/1.1" 200 12297 "http://merp.yudo.com.cn:8183/WEI_0100/WEI_0100?formKey=Menu&menuSelection=mi" "Mozilla/5.0 (iPhone; CPU iPhone OS 11_4_1 like Mac OS X) AppleWebKit/605.1.15 (KHTML, like Gecko) Mobile/15G77"
117.136.67.83 - - [09/Mar/2020:16:45:31 +0800] "GET /language/LANG_CHN.json?beta=9102 HTTP/1.1" 200 32370 "http://merp.yudo.com.cn:8183/Menu/Menu/menuLists?formKey=undefined&menuSelection=undefined" "Mozilla/5.0 (iPhone; CPU iPhone OS 11_4_1 like Mac OS X) AppleWebKit/605.1.15 (KHTML, like Gecko) Mobile/15G77"
117.136.67.83 - - [09/Mar/2020:16:45:31 +0800] "GET /Menu/doMenuRows_prc?formKey=Menu HTTP/1.1" 200 826 "http://merp.yudo.com.cn:8183/Menu/Menu/menuLists?formKey=undefined&menuSelection=undefined" "Mozilla/5.0 (iPhone; CPU iPhone OS 11_4_1 like Mac OS X) AppleWebKit/605.1.15 (KHTML, like Gecko) Mobile/15G77"
117.136.67.83 - - [09/Mar/2020:16:45:32 +0800] "GET /Menu/getVersionInfo HTTP/1.1" 200 394 "http://merp.yudo.com.cn:8183/Menu/Menu/menuLists?formKey=undefined&menuSelection=undefined" "Mozilla/5.0 (iPhone; CPU iPhone OS 11_4_1 like Mac OS X) AppleWebKit/605.1.15 (KHTML, like Gecko) Mobile/15G77"
117.136.67.83 - - [09/Mar/2020:16:45:32 +0800] "GET /Menu/getLoginInfo HTTP/1.1" 200 182 "http://merp.yudo.com.cn:8183/Menu/Menu/menuLists?formKey=undefined&menuSelection=undefined" "Mozilla/5.0 (iPhone; CPU iPhone OS 11_4_1 like Mac OS X) AppleWebKit/605.1.15 (KHTML, like Gecko) Mobile/15G77"
117.136.67.83 - - [09/Mar/2020:16:45:34 +0800] "GET /WEI_0100/WEI_0100?formKey=Menu&menuSelection=mi HTTP/1.1" 200 14759 "http://merp.yudo.com.cn:8183/Menu/Menu/menuLists?formKey=undefined&menuSelection=undefined" "Mozilla/5.0 (iPhone; CPU iPhone OS 11_4_1 like Mac OS X) AppleWebKit/605.1.15 (KHTML, like Gecko) Mobile/15G77"
117.136.67.83 - - [09/Mar/2020:16:45:35 +0800] "GET /Menu/Menu/menuLists?formKey=undefined&menuSelection=undefined HTTP/1.1" 200 12297 "http://merp.yudo.com.cn:8183/WEI_0100/WEI_0100?formKey=Menu&menuSelection=mi" "Mozilla/5.0 (iPhone; CPU iPhone OS 11_4_1 like Mac OS X) AppleWebKit/605.1.15 (KHTML, like Gecko) Mobile/15G77"
117.136.67.83 - - [09/Mar/2020:16:45:35 +0800] "GET /language/LANG_CHN.json?beta=9816 HTTP/1.1" 200 32370 "http://merp.yudo.com.cn:8183/Menu/Menu/menuLists?formKey=undefined&menuSelection=undefined" "Mozilla/5.0 (iPhone; CPU iPhone OS 11_4_1 like Mac OS X) AppleWebKit/605.1.15 (KHTML, like Gecko) Mobile/15G77"
117.136.67.83 - - [09/Mar/2020:16:45:35 +0800] "GET /Menu/doMenuRows_prc?formKey=Menu HTTP/1.1" 200 826 "http://merp.yudo.com.cn:8183/Menu/Menu/menuLists?formKey=undefined&menuSelection=undefined" "Mozilla/5.0 (iPhone; CPU iPhone OS 11_4_1 like Mac OS X) AppleWebKit/605.1.15 (KHTML, like Gecko) Mobile/15G77"
117.136.67.83 - - [09/Mar/2020:16:45:36 +0800] "GET /Menu/getVersionInfo HTTP/1.1" 200 394 "http://merp.yudo.com.cn:8183/Menu/Menu/menuLists?formKey=undefined&menuSelection=undefined" "Mozilla/5.0 (iPhone; CPU iPhone OS 11_4_1 like Mac OS X) AppleWebKit/605.1.15 (KHTML, like Gecko) Mobile/15G77"
117.136.67.83 - - [09/Mar/2020:16:45:36 +0800] "GET /Menu/getLoginInfo HTTP/1.1" 200 182 "http://merp.yudo.com.cn:8183/Menu/Menu/menuLists?formKey=undefined&menuSelection=undefined" "Mozilla/5.0 (iPhone; CPU iPhone OS 11_4_1 like Mac OS X) AppleWebKit/605.1.15 (KHTML, like Gecko) Mobile/15G77"
117.136.67.83 - - [09/Mar/2020:16:45:37 +0800] "GET /WEI_2300/WEI_2300?formKey=Menu&menuSelection=asm HTTP/1.1" 200 39135 "http://merp.yudo.com.cn:8183/Menu/Menu/menuLists?formKey=undefined&menuSelection=undefined" "Mozilla/5.0 (iPhone; CPU iPhone OS 11_4_1 like Mac OS X) AppleWebKit/605.1.15 (KHTML, like Gecko) Mobile/15G77"
117.136.67.83 - - [09/Mar/2020:16:45:37 +0800] "GET /WEI_2300/getLoginInfo HTTP/1.1" 200 157 "http://merp.yudo.com.cn:8183/WEI_2300/WEI_2300?formKey=Menu&menuSelection=asm" "Mozilla/5.0 (iPhone; CPU iPhone OS 11_4_1 like Mac OS X) AppleWebKit/605.1.15 (KHTML, like Gecko) Mobile/15G77"
117.136.67.83 - - [09/Mar/2020:16:45:38 +0800] "GET /WEI_2300/getPermission HTTP/1.1" 200 72 "http://merp.yudo.com.cn:8183/WEI_2300/WEI_2300?formKey=Menu&menuSelection=asm" "Mozilla/5.0 (iPhone; CPU iPhone OS 11_4_1 like Mac OS X) AppleWebKit/605.1.15 (KHTML, like Gecko) Mobile/15G77"
117.136.67.83 - - [09/Mar/2020:16:45:38 +0800] "GET /WEI_2300/getMempId HTTP/1.1" 200 248 "http://merp.yudo.com.cn:8183/WEI_2300/WEI_2300?formKey=Menu&menuSelection=asm" "Mozilla/5.0 (iPhone; CPU iPhone OS 11_4_1 like Mac OS X) AppleWebKit/605.1.15 (KHTML, like Gecko) Mobile/15G77"
117.136.67.83 - - [09/Mar/2020:16:45:39 +0800] "POST /WEI_2300/getMempIdTarget HTTP/1.1" 200 2124 "http://merp.yudo.com.cn:8183/WEI_2300/WEI_2300?formKey=Menu&menuSelection=asm" "Mozilla/5.0 (iPhone; CPU iPhone OS 11_4_1 like Mac OS X) AppleWebKit/605.1.15 (KHTML, like Gecko) Mobile/15G77"
117.136.67.83 - - [09/Mar/2020:16:46:06 +0800] "POST /WEI_2300/getMempIdTarget HTTP/1.1" 200 2124 "http://merp.yudo.com.cn:8183/WEI_2300/WEI_2300?formKey=Menu&menuSelection=asm" "Mozilla/5.0 (iPhone; CPU iPhone OS 11_4_1 like Mac OS X) AppleWebKit/605.1.15 (KHTML, like Gecko) Mobile/15G77"
117.136.67.83 - - [09/Mar/2020:16:46:20 +0800] "GET /Menu/Menu/menuLists?formKey=undefined&menuSelection=undefined HTTP/1.1" 200 12297 "http://merp.yudo.com.cn:8183/WEI_2300/WEI_2300?formKey=Menu&menuSelection=asm" "Mozilla/5.0 (iPhone; CPU iPhone OS 11_4_1 like Mac OS X) AppleWebKit/605.1.15 (KHTML, like Gecko) Mobile/15G77"
117.136.67.83 - - [09/Mar/2020:16:46:20 +0800] "GET /language/LANG_CHN.json?beta=8073 HTTP/1.1" 200 32370 "http://merp.yudo.com.cn:8183/Menu/Menu/menuLists?formKey=undefined&menuSelection=undefined" "Mozilla/5.0 (iPhone; CPU iPhone OS 11_4_1 like Mac OS X) AppleWebKit/605.1.15 (KHTML, like Gecko) Mobile/15G77"
117.136.67.83 - - [09/Mar/2020:16:46:20 +0800] "GET /Menu/doMenuRows_prc?formKey=Menu HTTP/1.1" 200 826 "http://merp.yudo.com.cn:8183/Menu/Menu/menuLists?formKey=undefined&menuSelection=undefined" "Mozilla/5.0 (iPhone; CPU iPhone OS 11_4_1 like Mac OS X) AppleWebKit/605.1.15 (KHTML, like Gecko) Mobile/15G77"
117.136.67.83 - - [09/Mar/2020:16:46:20 +0800] "GET /Menu/getVersionInfo HTTP/1.1" 200 394 "http://merp.yudo.com.cn:8183/Menu/Menu/menuLists?formKey=undefined&menuSelection=undefined" "Mozilla/5.0 (iPhone; CPU iPhone OS 11_4_1 like Mac OS X) AppleWebKit/605.1.15 (KHTML, like Gecko) Mobile/15G77"
117.136.67.83 - - [09/Mar/2020:16:46:20 +0800] "GET /Menu/getLoginInfo HTTP/1.1" 200 182 "http://merp.yudo.com.cn:8183/Menu/Menu/menuLists?formKey=undefined&menuSelection=undefined" "Mozilla/5.0 (iPhone; CPU iPhone OS 11_4_1 like Mac OS X) AppleWebKit/605.1.15 (KHTML, like Gecko) Mobile/15G77"
117.136.67.83 - - [09/Mar/2020:16:46:22 +0800] "GET /WEI_2300/WEI_2300?formKey=Menu&menuSelection=asm HTTP/1.1" 200 39135 "http://merp.yudo.com.cn:8183/Menu/Menu/menuLists?formKey=undefined&menuSelection=undefined" "Mozilla/5.0 (iPhone; CPU iPhone OS 11_4_1 like Mac OS X) AppleWebKit/605.1.15 (KHTML, like Gecko) Mobile/15G77"
117.136.67.83 - - [09/Mar/2020:16:46:22 +0800] "GET /WEI_2300/getLoginInfo HTTP/1.1" 200 157 "http://merp.yudo.com.cn:8183/WEI_2300/WEI_2300?formKey=Menu&menuSelection=asm" "Mozilla/5.0 (iPhone; CPU iPhone OS 11_4_1 like Mac OS X) AppleWebKit/605.1.15 (KHTML, like Gecko) Mobile/15G77"
117.136.67.83 - - [09/Mar/2020:16:46:23 +0800] "GET /WEI_2300/getPermission HTTP/1.1" 200 72 "http://merp.yudo.com.cn:8183/WEI_2300/WEI_2300?formKey=Menu&menuSelection=asm" "Mozilla/5.0 (iPhone; CPU iPhone OS 11_4_1 like Mac OS X) AppleWebKit/605.1.15 (KHTML, like Gecko) Mobile/15G77"
117.136.67.83 - - [09/Mar/2020:16:46:23 +0800] "GET /WEI_2300/getMempId HTTP/1.1" 200 248 "http://merp.yudo.com.cn:8183/WEI_2300/WEI_2300?formKey=Menu&menuSelection=asm" "Mozilla/5.0 (iPhone; CPU iPhone OS 11_4_1 like Mac OS X) AppleWebKit/605.1.15 (KHTML, like Gecko) Mobile/15G77"
117.136.67.83 - - [09/Mar/2020:16:46:26 +0800] "GET /Menu/Menu/menuLists?formKey=undefined&menuSelection=undefined HTTP/1.1" 200 12297 "http://merp.yudo.com.cn:8183/WEI_2300/WEI_2300?formKey=Menu&menuSelection=asm" "Mozilla/5.0 (iPhone; CPU iPhone OS 11_4_1 like Mac OS X) AppleWebKit/605.1.15 (KHTML, like Gecko) Mobile/15G77"
117.136.67.83 - - [09/Mar/2020:16:46:27 +0800] "GET /language/LANG_CHN.json?beta=1366 HTTP/1.1" 200 32370 "http://merp.yudo.com.cn:8183/Menu/Menu/menuLists?formKey=undefined&menuSelection=undefined" "Mozilla/5.0 (iPhone; CPU iPhone OS 11_4_1 like Mac OS X) AppleWebKit/605.1.15 (KHTML, like Gecko) Mobile/15G77"
117.136.67.83 - - [09/Mar/2020:16:46:27 +0800] "GET /Menu/doMenuRows_prc?formKey=Menu HTTP/1.1" 200 826 "http://merp.yudo.com.cn:8183/Menu/Menu/menuLists?formKey=undefined&menuSelection=undefined" "Mozilla/5.0 (iPhone; CPU iPhone OS 11_4_1 like Mac OS X) AppleWebKit/605.1.15 (KHTML, like Gecko) Mobile/15G77"
117.136.67.83 - - [09/Mar/2020:16:46:27 +0800] "GET /Menu/getVersionInfo HTTP/1.1" 200 394 "http://merp.yudo.com.cn:8183/Menu/Menu/menuLists?formKey=undefined&menuSelection=undefined" "Mozilla/5.0 (iPhone; CPU iPhone OS 11_4_1 like Mac OS X) AppleWebKit/605.1.15 (KHTML, like Gecko) Mobile/15G77"
117.136.67.83 - - [09/Mar/2020:16:46:27 +0800] "GET /Menu/getLoginInfo HTTP/1.1" 200 182 "http://merp.yudo.com.cn:8183/Menu/Menu/menuLists?formKey=undefined&menuSelection=undefined" "Mozilla/5.0 (iPhone; CPU iPhone OS 11_4_1 like Mac OS X) AppleWebKit/605.1.15 (KHTML, like Gecko) Mobile/15G77"
117.136.67.83 - - [09/Mar/2020:16:46:28 +0800] "GET /WEI_0100/WEI_0100?formKey=Menu&menuSelection=mi HTTP/1.1" 200 14759 "http://merp.yudo.com.cn:8183/Menu/Menu/menuLists?formKey=undefined&menuSelection=undefined" "Mozilla/5.0 (iPhone; CPU iPhone OS 11_4_1 like Mac OS X) AppleWebKit/605.1.15 (KHTML, like Gecko) Mobile/15G77"
117.136.67.83 - - [09/Mar/2020:16:46:31 +0800] "GET /WEI_1400/lists_prc?gubun=D&baseDate=2020-03-09&dbChoose=SZ HTTP/1.1" 200 28653 "http://merp.yudo.com.cn:8183/WEI_0100/WEI_0100?formKey=Menu&menuSelection=mi" "Mozilla/5.0 (iPhone; CPU iPhone OS 11_4_1 like Mac OS X) AppleWebKit/605.1.15 (KHTML, like Gecko) Mobile/15G77"
117.136.67.83 - - [09/Mar/2020:16:51:22 +0800] "GET /WEI_1400/lists_prc?gubun=D&baseDate=2020-03-09&dbChoose=SZ HTTP/1.1" 200 28654 "http://merp.yudo.com.cn:8183/WEI_0100/WEI_0100?formKey=Menu&menuSelection=mi" "Mozilla/5.0 (iPhone; CPU iPhone OS 11_4_1 like Mac OS X) AppleWebKit/605.1.15 (KHTML, like Gecko) Mobile/15G77"
117.136.67.83 - - [09/Mar/2020:16:51:26 +0800] "GET /Menu/Menu/menuLists?formKey=undefined&menuSelection=undefined HTTP/1.1" 200 12297 "http://merp.yudo.com.cn:8183/WEI_0100/WEI_0100?formKey=Menu&menuSelection=mi" "Mozilla/5.0 (iPhone; CPU iPhone OS 11_4_1 like Mac OS X) AppleWebKit/605.1.15 (KHTML, like Gecko) Mobile/15G77"
117.136.67.83 - - [09/Mar/2020:16:51:26 +0800] "GET /language/LANG_CHN.json?beta=6669 HTTP/1.1" 200 32370 "http://merp.yudo.com.cn:8183/Menu/Menu/menuLists?formKey=undefined&menuSelection=undefined" "Mozilla/5.0 (iPhone; CPU iPhone OS 11_4_1 like Mac OS X) AppleWebKit/605.1.15 (KHTML, like Gecko) Mobile/15G77"
117.136.67.83 - - [09/Mar/2020:16:51:26 +0800] "GET /Menu/doMenuRows_prc?formKey=Menu HTTP/1.1" 200 826 "http://merp.yudo.com.cn:8183/Menu/Menu/menuLists?formKey=undefined&menuSelection=undefined" "Mozilla/5.0 (iPhone; CPU iPhone OS 11_4_1 like Mac OS X) AppleWebKit/605.1.15 (KHTML, like Gecko) Mobile/15G77"
117.136.67.83 - - [09/Mar/2020:16:51:27 +0800] "GET /Menu/getVersionInfo HTTP/1.1" 200 394 "http://merp.yudo.com.cn:8183/Menu/Menu/menuLists?formKey=undefined&menuSelection=undefined" "Mozilla/5.0 (iPhone; CPU iPhone OS 11_4_1 like Mac OS X) AppleWebKit/605.1.15 (KHTML, like Gecko) Mobile/15G77"
117.136.67.83 - - [09/Mar/2020:16:51:27 +0800] "GET /Menu/getLoginInfo HTTP/1.1" 200 182 "http://merp.yudo.com.cn:8183/Menu/Menu/menuLists?formKey=undefined&menuSelection=undefined" "Mozilla/5.0 (iPhone; CPU iPhone OS 11_4_1 like Mac OS X) AppleWebKit/605.1.15 (KHTML, like Gecko) Mobile/15G77"
117.136.67.83 - - [09/Mar/2020:16:51:29 +0800] "GET /WEI_2300/WEI_2300?formKey=Menu&menuSelection=asm HTTP/1.1" 200 39135 "http://merp.yudo.com.cn:8183/Menu/Menu/menuLists?formKey=undefined&menuSelection=undefined" "Mozilla/5.0 (iPhone; CPU iPhone OS 11_4_1 like Mac OS X) AppleWebKit/605.1.15 (KHTML, like Gecko) Mobile/15G77"
117.136.67.83 - - [09/Mar/2020:16:51:29 +0800] "GET /WEI_2300/getLoginInfo HTTP/1.1" 200 157 "http://merp.yudo.com.cn:8183/WEI_2300/WEI_2300?formKey=Menu&menuSelection=asm" "Mozilla/5.0 (iPhone; CPU iPhone OS 11_4_1 like Mac OS X) AppleWebKit/605.1.15 (KHTML, like Gecko) Mobile/15G77"
117.136.67.83 - - [09/Mar/2020:16:51:30 +0800] "GET /WEI_2300/getPermission HTTP/1.1" 200 72 "http://merp.yudo.com.cn:8183/WEI_2300/WEI_2300?formKey=Menu&menuSelection=asm" "Mozilla/5.0 (iPhone; CPU iPhone OS 11_4_1 like Mac OS X) AppleWebKit/605.1.15 (KHTML, like Gecko) Mobile/15G77"
117.136.67.83 - - [09/Mar/2020:16:51:30 +0800] "GET /WEI_2300/getMempId HTTP/1.1" 200 248 "http://merp.yudo.com.cn:8183/WEI_2300/WEI_2300?formKey=Menu&menuSelection=asm" "Mozilla/5.0 (iPhone; CPU iPhone OS 11_4_1 like Mac OS X) AppleWebKit/605.1.15 (KHTML, like Gecko) Mobile/15G77"
117.136.67.83 - - [09/Mar/2020:16:51:31 +0800] "POST /WEI_2300/getMempIdTarget HTTP/1.1" 200 2124 "http://merp.yudo.com.cn:8183/WEI_2300/WEI_2300?formKey=Menu&menuSelection=asm" "Mozilla/5.0 (iPhone; CPU iPhone OS 11_4_1 like Mac OS X) AppleWebKit/605.1.15 (KHTML, like Gecko) Mobile/15G77"
192.168.253.2 - - [09/Mar/2020:16:52:14 +0800] "GET /WEI_1400/lists_prc?gubun=Y&baseDate=2020-03-09&dbChoose=GD HTTP/1.1" 200 17070 "http://merp.yudo.com.cn:8183/WEI_0100/WEI_0100?formKey=Menu&menuSelection=mi" "Mozilla/5.0 (iPhone; CPU iPhone OS 13_3_1 like Mac OS X) AppleWebKit/605.1.15 (KHTML, like Gecko) Mobile/15E148"
223.104.2.228 - - [09/Mar/2020:17:00:07 +0800] "GET /?deviceType=mobile&devicePlatform=android HTTP/1.1" 302 149 "-" "Mozilla/5.0 (Linux; Android 9; VTR-TL00 Build/HUAWEIVTR-TL00; wv) AppleWebKit/537.36 (KHTML, like Gecko) Version/4.0 Chrome/74.0.3729.136 Mobile Safari/537.36"
223.104.2.228 - - [09/Mar/2020:17:00:08 +0800] "GET /Menu HTTP/1.1" 200 12297 "-" "Mozilla/5.0 (Linux; Android 9; VTR-TL00 Build/HUAWEIVTR-TL00; wv) AppleWebKit/537.36 (KHTML, like Gecko) Version/4.0 Chrome/74.0.3729.136 Mobile Safari/537.36"
223.104.2.228 - - [09/Mar/2020:17:00:09 +0800] "GET /language/LANG_CHN.json?beta=8327 HTTP/1.1" 200 32370 "http://merp.yudo.com.cn:8183/Menu" "Mozilla/5.0 (Linux; Android 9; VTR-TL00 Build/HUAWEIVTR-TL00; wv) AppleWebKit/537.36 (KHTML, like Gecko) Version/4.0 Chrome/74.0.3729.136 Mobile Safari/537.36"
223.104.2.228 - - [09/Mar/2020:17:00:09 +0800] "GET /Menu/doMenuRows_prc?formKey=Menu HTTP/1.1" 200 1582 "http://merp.yudo.com.cn:8183/Menu" "Mozilla/5.0 (Linux; Android 9; VTR-TL00 Build/HUAWEIVTR-TL00; wv) AppleWebKit/537.36 (KHTML, like Gecko) Version/4.0 Chrome/74.0.3729.136 Mobile Safari/537.36"
223.104.2.228 - - [09/Mar/2020:17:00:10 +0800] "GET /favicon.ico HTTP/1.1" 404 1476 "http://merp.yudo.com.cn:8183/Menu" "Mozilla/5.0 (Linux; Android 9; VTR-TL00 Build/HUAWEIVTR-TL00; wv) AppleWebKit/537.36 (KHTML, like Gecko) Version/4.0 Chrome/74.0.3729.136 Mobile Safari/537.36"
223.104.2.228 - - [09/Mar/2020:17:00:10 +0800] "GET /Menu/getVersionInfo HTTP/1.1" 200 394 "http://merp.yudo.com.cn:8183/Menu" "Mozilla/5.0 (Linux; Android 9; VTR-TL00 Build/HUAWEIVTR-TL00; wv) AppleWebKit/537.36 (KHTML, like Gecko) Version/4.0 Chrome/74.0.3729.136 Mobile Safari/537.36"
223.104.2.228 - - [09/Mar/2020:17:00:10 +0800] "GET /Menu/getLoginInfo HTTP/1.1" 200 188 "http://merp.yudo.com.cn:8183/Menu" "Mozilla/5.0 (Linux; Android 9; VTR-TL00 Build/HUAWEIVTR-TL00; wv) AppleWebKit/537.36 (KHTML, like Gecko) Version/4.0 Chrome/74.0.3729.136 Mobile Safari/537.36"
223.104.2.228 - - [09/Mar/2020:17:00:11 +0800] "GET /WEI_0100/WEI_0100?formKey=Menu&menuSelection=mi HTTP/1.1" 200 14759 "http://merp.yudo.com.cn:8183/Menu" "Mozilla/5.0 (Linux; Android 9; VTR-TL00 Build/HUAWEIVTR-TL00; wv) AppleWebKit/537.36 (KHTML, like Gecko) Version/4.0 Chrome/74.0.3729.136 Mobile Safari/537.36"
223.104.2.228 - - [09/Mar/2020:17:00:14 +0800] "GET /WEI_1400/lists_prc?gubun=D&baseDate=2020-03-09&dbChoose=SZ HTTP/1.1" 200 29369 "http://merp.yudo.com.cn:8183/WEI_0100/WEI_0100?formKey=Menu&menuSelection=mi" "Mozilla/5.0 (Linux; Android 9; VTR-TL00 Build/HUAWEIVTR-TL00; wv) AppleWebKit/537.36 (KHTML, like Gecko) Version/4.0 Chrome/74.0.3729.136 Mobile Safari/537.36"
223.104.2.228 - - [09/Mar/2020:17:00:21 +0800] "GET /WEI_1400/lists_prc?gubun=D&baseDate=2020-03-09&dbChoose=GD HTTP/1.1" 200 12424 "http://merp.yudo.com.cn:8183/WEI_0100/WEI_0100?formKey=Menu&menuSelection=mi" "Mozilla/5.0 (Linux; Android 9; VTR-TL00 Build/HUAWEIVTR-TL00; wv) AppleWebKit/537.36 (KHTML, like Gecko) Version/4.0 Chrome/74.0.3729.136 Mobile Safari/537.36"
223.104.2.228 - - [09/Mar/2020:17:00:29 +0800] "GET /WEI_1400/lists_prc?gubun=D&baseDate=2020-03-09&dbChoose=QD HTTP/1.1" 200 4297 "http://merp.yudo.com.cn:8183/WEI_0100/WEI_0100?formKey=Menu&menuSelection=mi" "Mozilla/5.0 (Linux; Android 9; VTR-TL00 Build/HUAWEIVTR-TL00; wv) AppleWebKit/537.36 (KHTML, like Gecko) Version/4.0 Chrome/74.0.3729.136 Mobile Safari/537.36"
223.104.2.228 - - [09/Mar/2020:17:00:37 +0800] "GET /WEI_1400/lists_prc?gubun=M&baseDate=2020-03-09&dbChoose=QD HTTP/1.1" 200 7853 "http://merp.yudo.com.cn:8183/WEI_0100/WEI_0100?formKey=Menu&menuSelection=mi" "Mozilla/5.0 (Linux; Android 9; VTR-TL00 Build/HUAWEIVTR-TL00; wv) AppleWebKit/537.36 (KHTML, like Gecko) Version/4.0 Chrome/74.0.3729.136 Mobile Safari/537.36"
223.104.2.228 - - [09/Mar/2020:17:00:46 +0800] "GET /WEI_1400/lists_prc?gubun=M&baseDate=2020-03-09&dbChoose=GD HTTP/1.1" 200 15406 "http://merp.yudo.com.cn:8183/WEI_0100/WEI_0100?formKey=Menu&menuSelection=mi" "Mozilla/5.0 (Linux; Android 9; VTR-TL00 Build/HUAWEIVTR-TL00; wv) AppleWebKit/537.36 (KHTML, like Gecko) Version/4.0 Chrome/74.0.3729.136 Mobile Safari/537.36"
223.104.2.228 - - [09/Mar/2020:17:00:53 +0800] "GET /WEI_1400/lists_prc?gubun=M&baseDate=2020-03-09&dbChoose=GD HTTP/1.1" 200 15406 "http://merp.yudo.com.cn:8183/WEI_0100/WEI_0100?formKey=Menu&menuSelection=mi" "Mozilla/5.0 (Linux; Android 9; VTR-TL00 Build/HUAWEIVTR-TL00; wv) AppleWebKit/537.36 (KHTML, like Gecko) Version/4.0 Chrome/74.0.3729.136 Mobile Safari/537.36"
223.104.2.228 - - [09/Mar/2020:17:00:59 +0800] "GET /WEI_1400/lists_prc?gubun=M&baseDate=2020-03-09&dbChoose=SZ HTTP/1.1" 200 35682 "http://merp.yudo.com.cn:8183/WEI_0100/WEI_0100?formKey=Menu&menuSelection=mi" "Mozilla/5.0 (Linux; Android 9; VTR-TL00 Build/HUAWEIVTR-TL00; wv) AppleWebKit/537.36 (KHTML, like Gecko) Version/4.0 Chrome/74.0.3729.136 Mobile Safari/537.36"
223.104.2.228 - - [09/Mar/2020:17:01:07 +0800] "GET /WEI_1400/lists_prc?gubun=M&baseDate=2020-03-09&dbChoose=QD HTTP/1.1" 200 7853 "http://merp.yudo.com.cn:8183/WEI_0100/WEI_0100?formKey=Menu&menuSelection=mi" "Mozilla/5.0 (Linux; Android 9; VTR-TL00 Build/HUAWEIVTR-TL00; wv) AppleWebKit/537.36 (KHTML, like Gecko) Version/4.0 Chrome/74.0.3729.136 Mobile Safari/537.36"
223.104.2.228 - - [09/Mar/2020:17:01:10 +0800] "GET /WEI_1400/lists_prc?gubun=D&baseDate=2020-03-09&dbChoose=QD HTTP/1.1" 200 4297 "http://merp.yudo.com.cn:8183/WEI_0100/WEI_0100?formKey=Menu&menuSelection=mi" "Mozilla/5.0 (Linux; Android 9; VTR-TL00 Build/HUAWEIVTR-TL00; wv) AppleWebKit/537.36 (KHTML, like Gecko) Version/4.0 Chrome/74.0.3729.136 Mobile Safari/537.36"
117.136.67.83 - - [09/Mar/2020:17:05:31 +0800] "POST /WEI_2300/getMempIdTarget HTTP/1.1" 200 2124 "http://merp.yudo.com.cn:8183/WEI_2300/WEI_2300?formKey=Menu&menuSelection=asm" "Mozilla/5.0 (iPhone; CPU iPhone OS 11_4_1 like Mac OS X) AppleWebKit/605.1.15 (KHTML, like Gecko) Mobile/15G77"
