223.104.146.41 - - [10/Jan/2019:08:21:43 +0800] "GET /Menu/Menu?formKey=M20190110T081640377 HTTP/1.1" 200 154 "http://merp.yudo.com.cn:8183/Menu/Menu?formKey=M20190110T081640377" "Mozilla/5.0 (Linux; Android 7.0; RNE-AL00 Build/HUAWEIRNE-AL00; wv) AppleWebKit/537.36 (KHTML, like Gecko) Version/4.0 Chrome/59.0.3071.125 Mobile Safari/537.36"
223.104.146.41 - - [10/Jan/2019:08:21:43 +0800] "GET /Menu/Menu?formKey=M20190110T081640377 HTTP/1.1" 200 154 "http://merp.yudo.com.cn:8183/Menu/Menu?formKey=M20190110T081640377" "Mozilla/5.0 (Linux; Android 7.0; RNE-AL00 Build/HUAWEIRNE-AL00; wv) AppleWebKit/537.36 (KHTML, like Gecko) Version/4.0 Chrome/59.0.3071.125 Mobile Safari/537.36"
223.104.146.41 - - [10/Jan/2019:08:21:43 +0800] "GET /Menu/Menu?formKey=M20190110T081640377 HTTP/1.1" 200 154 "http://merp.yudo.com.cn:8183/Menu/Menu?formKey=M20190110T081640377" "Mozilla/5.0 (Linux; Android 7.0; RNE-AL00 Build/HUAWEIRNE-AL00; wv) AppleWebKit/537.36 (KHTML, like Gecko) Version/4.0 Chrome/59.0.3071.125 Mobile Safari/537.36"
223.104.146.41 - - [10/Jan/2019:08:21:43 +0800] "GET /Menu/Menu?formKey=M20190110T081640377 HTTP/1.1" 200 154 "http://merp.yudo.com.cn:8183/Menu/Menu?formKey=M20190110T081640377" "Mozilla/5.0 (Linux; Android 7.0; RNE-AL00 Build/HUAWEIRNE-AL00; wv) AppleWebKit/537.36 (KHTML, like Gecko) Version/4.0 Chrome/59.0.3071.125 Mobile Safari/537.36"
223.104.146.41 - - [10/Jan/2019:08:21:43 +0800] "GET /Menu/Menu?formKey=M20190110T081640377 HTTP/1.1" 200 154 "http://merp.yudo.com.cn:8183/Menu/Menu?formKey=M20190110T081640377" "Mozilla/5.0 (Linux; Android 7.0; RNE-AL00 Build/HUAWEIRNE-AL00; wv) AppleWebKit/537.36 (KHTML, like Gecko) Version/4.0 Chrome/59.0.3071.125 Mobile Safari/537.36"
223.104.146.41 - - [10/Jan/2019:08:21:44 +0800] "GET /Menu/Menu?formKey=M20190110T081640377 HTTP/1.1" 200 154 "http://merp.yudo.com.cn:8183/Menu/Menu?formKey=M20190110T081640377" "Mozilla/5.0 (Linux; Android 7.0; RNE-AL00 Build/HUAWEIRNE-AL00; wv) AppleWebKit/537.36 (KHTML, like Gecko) Version/4.0 Chrome/59.0.3071.125 Mobile Safari/537.36"
223.104.146.41 - - [10/Jan/2019:08:21:44 +0800] "GET /Menu/Menu?formKey=M20190110T081640377 HTTP/1.1" 200 154 "http://merp.yudo.com.cn:8183/Menu/Menu?formKey=M20190110T081640377" "Mozilla/5.0 (Linux; Android 7.0; RNE-AL00 Build/HUAWEIRNE-AL00; wv) AppleWebKit/537.36 (KHTML, like Gecko) Version/4.0 Chrome/59.0.3071.125 Mobile Safari/537.36"
223.104.146.41 - - [10/Jan/2019:08:21:45 +0800] "GET /Menu/Menu?formKey=M20190110T081640377 HTTP/1.1" 200 154 "http://merp.yudo.com.cn:8183/Menu/Menu?formKey=M20190110T081640377" "Mozilla/5.0 (Linux; Android 7.0; RNE-AL00 Build/HUAWEIRNE-AL00; wv) AppleWebKit/537.36 (KHTML, like Gecko) Version/4.0 Chrome/59.0.3071.125 Mobile Safari/537.36"
223.104.146.41 - - [10/Jan/2019:08:21:45 +0800] "GET /Menu/Menu?formKey=M20190110T081640377 HTTP/1.1" 200 154 "http://merp.yudo.com.cn:8183/Menu/Menu?formKey=M20190110T081640377" "Mozilla/5.0 (Linux; Android 7.0; RNE-AL00 Build/HUAWEIRNE-AL00; wv) AppleWebKit/537.36 (KHTML, like Gecko) Version/4.0 Chrome/59.0.3071.125 Mobile Safari/537.36"
223.104.146.41 - - [10/Jan/2019:08:21:45 +0800] "GET /Menu/Menu?formKey=M20190110T081640377 HTTP/1.1" 200 154 "http://merp.yudo.com.cn:8183/Menu/Menu?formKey=M20190110T081640377" "Mozilla/5.0 (Linux; Android 7.0; RNE-AL00 Build/HUAWEIRNE-AL00; wv) AppleWebKit/537.36 (KHTML, like Gecko) Version/4.0 Chrome/59.0.3071.125 Mobile Safari/537.36"
223.104.146.41 - - [10/Jan/2019:08:21:45 +0800] "GET /Menu/Menu?formKey=M20190110T081640377 HTTP/1.1" 200 154 "http://merp.yudo.com.cn:8183/Menu/Menu?formKey=M20190110T081640377" "Mozilla/5.0 (Linux; Android 7.0; RNE-AL00 Build/HUAWEIRNE-AL00; wv) AppleWebKit/537.36 (KHTML, like Gecko) Version/4.0 Chrome/59.0.3071.125 Mobile Safari/537.36"
223.104.146.41 - - [10/Jan/2019:08:21:46 +0800] "GET /Menu/Menu?formKey=M20190110T081640377 HTTP/1.1" 200 154 "http://merp.yudo.com.cn:8183/Menu/Menu?formKey=M20190110T081640377" "Mozilla/5.0 (Linux; Android 7.0; RNE-AL00 Build/HUAWEIRNE-AL00; wv) AppleWebKit/537.36 (KHTML, like Gecko) Version/4.0 Chrome/59.0.3071.125 Mobile Safari/537.36"
223.104.146.41 - - [10/Jan/2019:08:21:46 +0800] "GET /Menu/Menu?formKey=M20190110T081640377 HTTP/1.1" 200 154 "http://merp.yudo.com.cn:8183/Menu/Menu?formKey=M20190110T081640377" "Mozilla/5.0 (Linux; Android 7.0; RNE-AL00 Build/HUAWEIRNE-AL00; wv) AppleWebKit/537.36 (KHTML, like Gecko) Version/4.0 Chrome/59.0.3071.125 Mobile Safari/537.36"
223.104.146.41 - - [10/Jan/2019:08:21:46 +0800] "GET /Menu/Menu?formKey=M20190110T081640377 HTTP/1.1" 200 154 "http://merp.yudo.com.cn:8183/Menu/Menu?formKey=M20190110T081640377" "Mozilla/5.0 (Linux; Android 7.0; RNE-AL00 Build/HUAWEIRNE-AL00; wv) AppleWebKit/537.36 (KHTML, like Gecko) Version/4.0 Chrome/59.0.3071.125 Mobile Safari/537.36"
223.104.146.41 - - [10/Jan/2019:08:21:46 +0800] "GET /Menu/Menu?formKey=M20190110T081640377 HTTP/1.1" 200 154 "http://merp.yudo.com.cn:8183/Menu/Menu?formKey=M20190110T081640377" "Mozilla/5.0 (Linux; Android 7.0; RNE-AL00 Build/HUAWEIRNE-AL00; wv) AppleWebKit/537.36 (KHTML, like Gecko) Version/4.0 Chrome/59.0.3071.125 Mobile Safari/537.36"
223.104.146.41 - - [10/Jan/2019:08:21:46 +0800] "GET /Menu/Menu?formKey=M20190110T081640377 HTTP/1.1" 200 154 "http://merp.yudo.com.cn:8183/Menu/Menu?formKey=M20190110T081640377" "Mozilla/5.0 (Linux; Android 7.0; RNE-AL00 Build/HUAWEIRNE-AL00; wv) AppleWebKit/537.36 (KHTML, like Gecko) Version/4.0 Chrome/59.0.3071.125 Mobile Safari/537.36"
223.104.146.41 - - [10/Jan/2019:08:21:47 +0800] "GET /Menu/Menu?formKey=M20190110T081640377 HTTP/1.1" 200 154 "http://merp.yudo.com.cn:8183/Menu/Menu?formKey=M20190110T081640377" "Mozilla/5.0 (Linux; Android 7.0; RNE-AL00 Build/HUAWEIRNE-AL00; wv) AppleWebKit/537.36 (KHTML, like Gecko) Version/4.0 Chrome/59.0.3071.125 Mobile Safari/537.36"
223.104.146.41 - - [10/Jan/2019:08:21:47 +0800] "GET /Menu/Menu?formKey=M20190110T081640377 HTTP/1.1" 200 154 "http://merp.yudo.com.cn:8183/Menu/Menu?formKey=M20190110T081640377" "Mozilla/5.0 (Linux; Android 7.0; RNE-AL00 Build/HUAWEIRNE-AL00; wv) AppleWebKit/537.36 (KHTML, like Gecko) Version/4.0 Chrome/59.0.3071.125 Mobile Safari/537.36"
223.104.146.41 - - [10/Jan/2019:08:21:47 +0800] "GET /Menu/Menu?formKey=M20190110T081640377 HTTP/1.1" 200 154 "http://merp.yudo.com.cn:8183/Menu/Menu?formKey=M20190110T081640377" "Mozilla/5.0 (Linux; Android 7.0; RNE-AL00 Build/HUAWEIRNE-AL00; wv) AppleWebKit/537.36 (KHTML, like Gecko) Version/4.0 Chrome/59.0.3071.125 Mobile Safari/537.36"
223.104.146.41 - - [10/Jan/2019:08:21:47 +0800] "GET /Menu/Menu?formKey=M20190110T081640377 HTTP/1.1" 200 154 "http://merp.yudo.com.cn:8183/Menu/Menu?formKey=M20190110T081640377" "Mozilla/5.0 (Linux; Android 7.0; RNE-AL00 Build/HUAWEIRNE-AL00; wv) AppleWebKit/537.36 (KHTML, like Gecko) Version/4.0 Chrome/59.0.3071.125 Mobile Safari/537.36"
223.104.146.41 - - [10/Jan/2019:08:21:48 +0800] "GET /Menu/Menu?formKey=M20190110T081640377 HTTP/1.1" 200 154 "http://merp.yudo.com.cn:8183/Menu/Menu?formKey=M20190110T081640377" "Mozilla/5.0 (Linux; Android 7.0; RNE-AL00 Build/HUAWEIRNE-AL00; wv) AppleWebKit/537.36 (KHTML, like Gecko) Version/4.0 Chrome/59.0.3071.125 Mobile Safari/537.36"
223.104.146.41 - - [10/Jan/2019:08:21:48 +0800] "GET /Menu/Menu?formKey=M20190110T081640377 HTTP/1.1" 200 154 "http://merp.yudo.com.cn:8183/Menu/Menu?formKey=M20190110T081640377" "Mozilla/5.0 (Linux; Android 7.0; RNE-AL00 Build/HUAWEIRNE-AL00; wv) AppleWebKit/537.36 (KHTML, like Gecko) Version/4.0 Chrome/59.0.3071.125 Mobile Safari/537.36"
223.104.146.41 - - [10/Jan/2019:08:21:48 +0800] "GET /Menu/Menu?formKey=M20190110T081640377 HTTP/1.1" 200 154 "http://merp.yudo.com.cn:8183/Menu/Menu?formKey=M20190110T081640377" "Mozilla/5.0 (Linux; Android 7.0; RNE-AL00 Build/HUAWEIRNE-AL00; wv) AppleWebKit/537.36 (KHTML, like Gecko) Version/4.0 Chrome/59.0.3071.125 Mobile Safari/537.36"
223.104.146.41 - - [10/Jan/2019:08:21:48 +0800] "GET /Menu/Menu?formKey=M20190110T081640377 HTTP/1.1" 200 154 "http://merp.yudo.com.cn:8183/Menu/Menu?formKey=M20190110T081640377" "Mozilla/5.0 (Linux; Android 7.0; RNE-AL00 Build/HUAWEIRNE-AL00; wv) AppleWebKit/537.36 (KHTML, like Gecko) Version/4.0 Chrome/59.0.3071.125 Mobile Safari/537.36"
223.104.146.41 - - [10/Jan/2019:08:21:48 +0800] "GET /Menu/Menu?formKey=M20190110T081640377 HTTP/1.1" 200 154 "http://merp.yudo.com.cn:8183/Menu/Menu?formKey=M20190110T081640377" "Mozilla/5.0 (Linux; Android 7.0; RNE-AL00 Build/HUAWEIRNE-AL00; wv) AppleWebKit/537.36 (KHTML, like Gecko) Version/4.0 Chrome/59.0.3071.125 Mobile Safari/537.36"
223.104.146.41 - - [10/Jan/2019:08:21:48 +0800] "GET /Menu/Menu?formKey=M20190110T081640377 HTTP/1.1" 200 154 "http://merp.yudo.com.cn:8183/Menu/Menu?formKey=M20190110T081640377" "Mozilla/5.0 (Linux; Android 7.0; RNE-AL00 Build/HUAWEIRNE-AL00; wv) AppleWebKit/537.36 (KHTML, like Gecko) Version/4.0 Chrome/59.0.3071.125 Mobile Safari/537.36"
223.104.146.41 - - [10/Jan/2019:08:21:48 +0800] "GET /Menu/Menu?formKey=M20190110T081640377 HTTP/1.1" 200 154 "http://merp.yudo.com.cn:8183/Menu/Menu?formKey=M20190110T081640377" "Mozilla/5.0 (Linux; Android 7.0; RNE-AL00 Build/HUAWEIRNE-AL00; wv) AppleWebKit/537.36 (KHTML, like Gecko) Version/4.0 Chrome/59.0.3071.125 Mobile Safari/537.36"
223.104.146.41 - - [10/Jan/2019:08:21:49 +0800] "GET /Menu/Menu?formKey=M20190110T081640377 HTTP/1.1" 200 154 "http://merp.yudo.com.cn:8183/Menu/Menu?formKey=M20190110T081640377" "Mozilla/5.0 (Linux; Android 7.0; RNE-AL00 Build/HUAWEIRNE-AL00; wv) AppleWebKit/537.36 (KHTML, like Gecko) Version/4.0 Chrome/59.0.3071.125 Mobile Safari/537.36"
223.104.146.41 - - [10/Jan/2019:08:21:53 +0800] "GET /Menu/Menu?formKey=M20190110T081640377 HTTP/1.1" 200 154 "-" "Mozilla/5.0 (Linux; Android 7.0; RNE-AL00 Build/HUAWEIRNE-AL00; wv) AppleWebKit/537.36 (KHTML, like Gecko) Version/4.0 Chrome/59.0.3071.125 Mobile Safari/537.36"
223.104.146.41 - - [10/Jan/2019:08:21:54 +0800] "GET /favicon.ico HTTP/1.1" 404 1476 "http://merp.yudo.com.cn:8183/Menu/Menu?formKey=M20190110T081640377" "Mozilla/5.0 (Linux; Android 7.0; RNE-AL00 Build/HUAWEIRNE-AL00; wv) AppleWebKit/537.36 (KHTML, like Gecko) Version/4.0 Chrome/59.0.3071.125 Mobile Safari/537.36"
223.104.146.41 - - [10/Jan/2019:08:21:54 +0800] "GET /Menu/Menu?formKey=M20190110T081640377 HTTP/1.1" 200 154 "http://merp.yudo.com.cn:8183/Menu/Menu?formKey=M20190110T081640377" "Mozilla/5.0 (Linux; Android 7.0; RNE-AL00 Build/HUAWEIRNE-AL00; wv) AppleWebKit/537.36 (KHTML, like Gecko) Version/4.0 Chrome/59.0.3071.125 Mobile Safari/537.36"
223.104.146.41 - - [10/Jan/2019:08:21:54 +0800] "GET /Menu/Menu?formKey=M20190110T081640377 HTTP/1.1" 200 154 "http://merp.yudo.com.cn:8183/Menu/Menu?formKey=M20190110T081640377" "Mozilla/5.0 (Linux; Android 7.0; RNE-AL00 Build/HUAWEIRNE-AL00; wv) AppleWebKit/537.36 (KHTML, like Gecko) Version/4.0 Chrome/59.0.3071.125 Mobile Safari/537.36"
223.104.146.41 - - [10/Jan/2019:08:21:54 +0800] "GET /Menu/Menu?formKey=M20190110T081640377 HTTP/1.1" 200 154 "http://merp.yudo.com.cn:8183/Menu/Menu?formKey=M20190110T081640377" "Mozilla/5.0 (Linux; Android 7.0; RNE-AL00 Build/HUAWEIRNE-AL00; wv) AppleWebKit/537.36 (KHTML, like Gecko) Version/4.0 Chrome/59.0.3071.125 Mobile Safari/537.36"
223.104.146.41 - - [10/Jan/2019:08:21:54 +0800] "GET /Menu/Menu?formKey=M20190110T081640377 HTTP/1.1" 200 154 "http://merp.yudo.com.cn:8183/Menu/Menu?formKey=M20190110T081640377" "Mozilla/5.0 (Linux; Android 7.0; RNE-AL00 Build/HUAWEIRNE-AL00; wv) AppleWebKit/537.36 (KHTML, like Gecko) Version/4.0 Chrome/59.0.3071.125 Mobile Safari/537.36"
223.104.146.41 - - [10/Jan/2019:08:21:54 +0800] "GET /Menu/Menu?formKey=M20190110T081640377 HTTP/1.1" 200 154 "http://merp.yudo.com.cn:8183/Menu/Menu?formKey=M20190110T081640377" "Mozilla/5.0 (Linux; Android 7.0; RNE-AL00 Build/HUAWEIRNE-AL00; wv) AppleWebKit/537.36 (KHTML, like Gecko) Version/4.0 Chrome/59.0.3071.125 Mobile Safari/537.36"
223.104.146.41 - - [10/Jan/2019:08:21:54 +0800] "GET /Menu/Menu?formKey=M20190110T081640377 HTTP/1.1" 200 154 "http://merp.yudo.com.cn:8183/Menu/Menu?formKey=M20190110T081640377" "Mozilla/5.0 (Linux; Android 7.0; RNE-AL00 Build/HUAWEIRNE-AL00; wv) AppleWebKit/537.36 (KHTML, like Gecko) Version/4.0 Chrome/59.0.3071.125 Mobile Safari/537.36"
223.104.146.41 - - [10/Jan/2019:08:21:55 +0800] "GET /Menu/Menu?formKey=M20190110T081640377 HTTP/1.1" 200 154 "http://merp.yudo.com.cn:8183/Menu/Menu?formKey=M20190110T081640377" "Mozilla/5.0 (Linux; Android 7.0; RNE-AL00 Build/HUAWEIRNE-AL00; wv) AppleWebKit/537.36 (KHTML, like Gecko) Version/4.0 Chrome/59.0.3071.125 Mobile Safari/537.36"
223.104.146.41 - - [10/Jan/2019:08:21:55 +0800] "GET /Menu/Menu?formKey=M20190110T081640377 HTTP/1.1" 200 154 "http://merp.yudo.com.cn:8183/Menu/Menu?formKey=M20190110T081640377" "Mozilla/5.0 (Linux; Android 7.0; RNE-AL00 Build/HUAWEIRNE-AL00; wv) AppleWebKit/537.36 (KHTML, like Gecko) Version/4.0 Chrome/59.0.3071.125 Mobile Safari/537.36"
223.104.146.41 - - [10/Jan/2019:08:21:55 +0800] "GET /Menu/Menu?formKey=M20190110T081640377 HTTP/1.1" 200 154 "http://merp.yudo.com.cn:8183/Menu/Menu?formKey=M20190110T081640377" "Mozilla/5.0 (Linux; Android 7.0; RNE-AL00 Build/HUAWEIRNE-AL00; wv) AppleWebKit/537.36 (KHTML, like Gecko) Version/4.0 Chrome/59.0.3071.125 Mobile Safari/537.36"
223.104.146.41 - - [10/Jan/2019:08:21:55 +0800] "GET /Menu/Menu?formKey=M20190110T081640377 HTTP/1.1" 200 154 "http://merp.yudo.com.cn:8183/Menu/Menu?formKey=M20190110T081640377" "Mozilla/5.0 (Linux; Android 7.0; RNE-AL00 Build/HUAWEIRNE-AL00; wv) AppleWebKit/537.36 (KHTML, like Gecko) Version/4.0 Chrome/59.0.3071.125 Mobile Safari/537.36"
223.104.146.41 - - [10/Jan/2019:08:21:55 +0800] "GET /Menu/Menu?formKey=M20190110T081640377 HTTP/1.1" 200 154 "http://merp.yudo.com.cn:8183/Menu/Menu?formKey=M20190110T081640377" "Mozilla/5.0 (Linux; Android 7.0; RNE-AL00 Build/HUAWEIRNE-AL00; wv) AppleWebKit/537.36 (KHTML, like Gecko) Version/4.0 Chrome/59.0.3071.125 Mobile Safari/537.36"
223.104.146.41 - - [10/Jan/2019:08:21:55 +0800] "GET /Menu/Menu?formKey=M20190110T081640377 HTTP/1.1" 200 154 "http://merp.yudo.com.cn:8183/Menu/Menu?formKey=M20190110T081640377" "Mozilla/5.0 (Linux; Android 7.0; RNE-AL00 Build/HUAWEIRNE-AL00; wv) AppleWebKit/537.36 (KHTML, like Gecko) Version/4.0 Chrome/59.0.3071.125 Mobile Safari/537.36"
223.104.146.41 - - [10/Jan/2019:08:21:56 +0800] "GET /Menu/Menu?formKey=M20190110T081640377 HTTP/1.1" 200 154 "http://merp.yudo.com.cn:8183/Menu/Menu?formKey=M20190110T081640377" "Mozilla/5.0 (Linux; Android 7.0; RNE-AL00 Build/HUAWEIRNE-AL00; wv) AppleWebKit/537.36 (KHTML, like Gecko) Version/4.0 Chrome/59.0.3071.125 Mobile Safari/537.36"
223.104.146.41 - - [10/Jan/2019:08:21:56 +0800] "GET /Menu/Menu?formKey=M20190110T081640377 HTTP/1.1" 200 154 "http://merp.yudo.com.cn:8183/Menu/Menu?formKey=M20190110T081640377" "Mozilla/5.0 (Linux; Android 7.0; RNE-AL00 Build/HUAWEIRNE-AL00; wv) AppleWebKit/537.36 (KHTML, like Gecko) Version/4.0 Chrome/59.0.3071.125 Mobile Safari/537.36"
223.104.146.41 - - [10/Jan/2019:08:21:56 +0800] "GET /Menu/Menu?formKey=M20190110T081640377 HTTP/1.1" 200 154 "http://merp.yudo.com.cn:8183/Menu/Menu?formKey=M20190110T081640377" "Mozilla/5.0 (Linux; Android 7.0; RNE-AL00 Build/HUAWEIRNE-AL00; wv) AppleWebKit/537.36 (KHTML, like Gecko) Version/4.0 Chrome/59.0.3071.125 Mobile Safari/537.36"
117.136.67.75 - - [10/Jan/2019:08:21:56 +0800] "POST /main/deviceSave_prc HTTP/1.1" 200 501 "http://merp.yudo.com.cn:8183/?deviceType=mobile&devicePlatform=ios" "Mozilla/5.0 (iPhone; CPU iPhone OS 11_0_3 like Mac OS X) AppleWebKit/604.1.38 (KHTML, like Gecko) Mobile/15A432JLAMPMode:iPhone"
223.104.146.41 - - [10/Jan/2019:08:21:56 +0800] "GET /Menu/Menu?formKey=M20190110T081640377 HTTP/1.1" 200 154 "http://merp.yudo.com.cn:8183/Menu/Menu?formKey=M20190110T081640377" "Mozilla/5.0 (Linux; Android 7.0; RNE-AL00 Build/HUAWEIRNE-AL00; wv) AppleWebKit/537.36 (KHTML, like Gecko) Version/4.0 Chrome/59.0.3071.125 Mobile Safari/537.36"
223.104.146.41 - - [10/Jan/2019:08:21:56 +0800] "GET /Menu/Menu?formKey=M20190110T081640377 HTTP/1.1" 200 154 "http://merp.yudo.com.cn:8183/Menu/Menu?formKey=M20190110T081640377" "Mozilla/5.0 (Linux; Android 7.0; RNE-AL00 Build/HUAWEIRNE-AL00; wv) AppleWebKit/537.36 (KHTML, like Gecko) Version/4.0 Chrome/59.0.3071.125 Mobile Safari/537.36"
223.104.146.41 - - [10/Jan/2019:08:21:57 +0800] "GET /Menu/Menu?formKey=M20190110T081640377 HTTP/1.1" 200 154 "http://merp.yudo.com.cn:8183/Menu/Menu?formKey=M20190110T081640377" "Mozilla/5.0 (Linux; Android 7.0; RNE-AL00 Build/HUAWEIRNE-AL00; wv) AppleWebKit/537.36 (KHTML, like Gecko) Version/4.0 Chrome/59.0.3071.125 Mobile Safari/537.36"
223.104.146.41 - - [10/Jan/2019:08:21:57 +0800] "GET /Menu/Menu?formKey=M20190110T081640377 HTTP/1.1" 200 154 "http://merp.yudo.com.cn:8183/Menu/Menu?formKey=M20190110T081640377" "Mozilla/5.0 (Linux; Android 7.0; RNE-AL00 Build/HUAWEIRNE-AL00; wv) AppleWebKit/537.36 (KHTML, like Gecko) Version/4.0 Chrome/59.0.3071.125 Mobile Safari/537.36"
223.104.146.41 - - [10/Jan/2019:08:21:57 +0800] "GET /Menu/Menu?formKey=M20190110T081640377 HTTP/1.1" 200 154 "http://merp.yudo.com.cn:8183/Menu/Menu?formKey=M20190110T081640377" "Mozilla/5.0 (Linux; Android 7.0; RNE-AL00 Build/HUAWEIRNE-AL00; wv) AppleWebKit/537.36 (KHTML, like Gecko) Version/4.0 Chrome/59.0.3071.125 Mobile Safari/537.36"
223.104.146.41 - - [10/Jan/2019:08:21:57 +0800] "GET /Menu/Menu?formKey=M20190110T081640377 HTTP/1.1" 200 154 "http://merp.yudo.com.cn:8183/Menu/Menu?formKey=M20190110T081640377" "Mozilla/5.0 (Linux; Android 7.0; RNE-AL00 Build/HUAWEIRNE-AL00; wv) AppleWebKit/537.36 (KHTML, like Gecko) Version/4.0 Chrome/59.0.3071.125 Mobile Safari/537.36"
223.104.146.41 - - [10/Jan/2019:08:21:57 +0800] "GET /Menu/Menu?formKey=M20190110T081640377 HTTP/1.1" 200 154 "http://merp.yudo.com.cn:8183/Menu/Menu?formKey=M20190110T081640377" "Mozilla/5.0 (Linux; Android 7.0; RNE-AL00 Build/HUAWEIRNE-AL00; wv) AppleWebKit/537.36 (KHTML, like Gecko) Version/4.0 Chrome/59.0.3071.125 Mobile Safari/537.36"
223.104.146.41 - - [10/Jan/2019:08:21:57 +0800] "GET /Menu/Menu?formKey=M20190110T081640377 HTTP/1.1" 200 154 "http://merp.yudo.com.cn:8183/Menu/Menu?formKey=M20190110T081640377" "Mozilla/5.0 (Linux; Android 7.0; RNE-AL00 Build/HUAWEIRNE-AL00; wv) AppleWebKit/537.36 (KHTML, like Gecko) Version/4.0 Chrome/59.0.3071.125 Mobile Safari/537.36"
223.104.146.41 - - [10/Jan/2019:08:21:57 +0800] "GET /Menu/Menu?formKey=M20190110T081640377 HTTP/1.1" 200 154 "http://merp.yudo.com.cn:8183/Menu/Menu?formKey=M20190110T081640377" "Mozilla/5.0 (Linux; Android 7.0; RNE-AL00 Build/HUAWEIRNE-AL00; wv) AppleWebKit/537.36 (KHTML, like Gecko) Version/4.0 Chrome/59.0.3071.125 Mobile Safari/537.36"
223.104.146.41 - - [10/Jan/2019:08:21:58 +0800] "GET /Menu/Menu?formKey=M20190110T081640377 HTTP/1.1" 200 154 "http://merp.yudo.com.cn:8183/Menu/Menu?formKey=M20190110T081640377" "Mozilla/5.0 (Linux; Android 7.0; RNE-AL00 Build/HUAWEIRNE-AL00; wv) AppleWebKit/537.36 (KHTML, like Gecko) Version/4.0 Chrome/59.0.3071.125 Mobile Safari/537.36"
223.104.146.41 - - [10/Jan/2019:08:21:58 +0800] "GET /Menu/Menu?formKey=M20190110T081640377 HTTP/1.1" 200 154 "http://merp.yudo.com.cn:8183/Menu/Menu?formKey=M20190110T081640377" "Mozilla/5.0 (Linux; Android 7.0; RNE-AL00 Build/HUAWEIRNE-AL00; wv) AppleWebKit/537.36 (KHTML, like Gecko) Version/4.0 Chrome/59.0.3071.125 Mobile Safari/537.36"
223.104.146.41 - - [10/Jan/2019:08:21:58 +0800] "GET /Menu/Menu?formKey=M20190110T081640377 HTTP/1.1" 200 154 "http://merp.yudo.com.cn:8183/Menu/Menu?formKey=M20190110T081640377" "Mozilla/5.0 (Linux; Android 7.0; RNE-AL00 Build/HUAWEIRNE-AL00; wv) AppleWebKit/537.36 (KHTML, like Gecko) Version/4.0 Chrome/59.0.3071.125 Mobile Safari/537.36"
223.104.146.41 - - [10/Jan/2019:08:21:58 +0800] "GET /Menu/Menu?formKey=M20190110T081640377 HTTP/1.1" 200 154 "http://merp.yudo.com.cn:8183/Menu/Menu?formKey=M20190110T081640377" "Mozilla/5.0 (Linux; Android 7.0; RNE-AL00 Build/HUAWEIRNE-AL00; wv) AppleWebKit/537.36 (KHTML, like Gecko) Version/4.0 Chrome/59.0.3071.125 Mobile Safari/537.36"
223.104.146.41 - - [10/Jan/2019:08:21:58 +0800] "GET /Menu/Menu?formKey=M20190110T081640377 HTTP/1.1" 200 154 "http://merp.yudo.com.cn:8183/Menu/Menu?formKey=M20190110T081640377" "Mozilla/5.0 (Linux; Android 7.0; RNE-AL00 Build/HUAWEIRNE-AL00; wv) AppleWebKit/537.36 (KHTML, like Gecko) Version/4.0 Chrome/59.0.3071.125 Mobile Safari/537.36"
223.104.146.41 - - [10/Jan/2019:08:21:58 +0800] "GET /Menu/Menu?formKey=M20190110T081640377 HTTP/1.1" 200 154 "http://merp.yudo.com.cn:8183/Menu/Menu?formKey=M20190110T081640377" "Mozilla/5.0 (Linux; Android 7.0; RNE-AL00 Build/HUAWEIRNE-AL00; wv) AppleWebKit/537.36 (KHTML, like Gecko) Version/4.0 Chrome/59.0.3071.125 Mobile Safari/537.36"
223.104.146.41 - - [10/Jan/2019:08:21:59 +0800] "GET /Menu/Menu?formKey=M20190110T081640377 HTTP/1.1" 200 154 "http://merp.yudo.com.cn:8183/Menu/Menu?formKey=M20190110T081640377" "Mozilla/5.0 (Linux; Android 7.0; RNE-AL00 Build/HUAWEIRNE-AL00; wv) AppleWebKit/537.36 (KHTML, like Gecko) Version/4.0 Chrome/59.0.3071.125 Mobile Safari/537.36"
223.104.146.41 - - [10/Jan/2019:08:21:59 +0800] "GET /Menu/Menu?formKey=M20190110T081640377 HTTP/1.1" 200 154 "http://merp.yudo.com.cn:8183/Menu/Menu?formKey=M20190110T081640377" "Mozilla/5.0 (Linux; Android 7.0; RNE-AL00 Build/HUAWEIRNE-AL00; wv) AppleWebKit/537.36 (KHTML, like Gecko) Version/4.0 Chrome/59.0.3071.125 Mobile Safari/537.36"
223.104.146.41 - - [10/Jan/2019:08:21:59 +0800] "GET /Menu/Menu?formKey=M20190110T081640377 HTTP/1.1" 200 154 "http://merp.yudo.com.cn:8183/Menu/Menu?formKey=M20190110T081640377" "Mozilla/5.0 (Linux; Android 7.0; RNE-AL00 Build/HUAWEIRNE-AL00; wv) AppleWebKit/537.36 (KHTML, like Gecko) Version/4.0 Chrome/59.0.3071.125 Mobile Safari/537.36"
223.104.146.41 - - [10/Jan/2019:08:21:59 +0800] "GET /Menu/Menu?formKey=M20190110T081640377 HTTP/1.1" 200 154 "http://merp.yudo.com.cn:8183/Menu/Menu?formKey=M20190110T081640377" "Mozilla/5.0 (Linux; Android 7.0; RNE-AL00 Build/HUAWEIRNE-AL00; wv) AppleWebKit/537.36 (KHTML, like Gecko) Version/4.0 Chrome/59.0.3071.125 Mobile Safari/537.36"
223.104.146.41 - - [10/Jan/2019:08:21:59 +0800] "GET /Menu/Menu?formKey=M20190110T081640377 HTTP/1.1" 200 154 "http://merp.yudo.com.cn:8183/Menu/Menu?formKey=M20190110T081640377" "Mozilla/5.0 (Linux; Android 7.0; RNE-AL00 Build/HUAWEIRNE-AL00; wv) AppleWebKit/537.36 (KHTML, like Gecko) Version/4.0 Chrome/59.0.3071.125 Mobile Safari/537.36"
223.104.146.41 - - [10/Jan/2019:08:21:59 +0800] "GET /Menu/Menu?formKey=M20190110T081640377 HTTP/1.1" 200 154 "http://merp.yudo.com.cn:8183/Menu/Menu?formKey=M20190110T081640377" "Mozilla/5.0 (Linux; Android 7.0; RNE-AL00 Build/HUAWEIRNE-AL00; wv) AppleWebKit/537.36 (KHTML, like Gecko) Version/4.0 Chrome/59.0.3071.125 Mobile Safari/537.36"
223.104.146.41 - - [10/Jan/2019:08:22:00 +0800] "GET /Menu/Menu?formKey=M20190110T081640377 HTTP/1.1" 200 154 "http://merp.yudo.com.cn:8183/Menu/Menu?formKey=M20190110T081640377" "Mozilla/5.0 (Linux; Android 7.0; RNE-AL00 Build/HUAWEIRNE-AL00; wv) AppleWebKit/537.36 (KHTML, like Gecko) Version/4.0 Chrome/59.0.3071.125 Mobile Safari/537.36"
223.104.146.41 - - [10/Jan/2019:08:22:00 +0800] "GET /Menu/Menu?formKey=M20190110T081640377 HTTP/1.1" 200 154 "http://merp.yudo.com.cn:8183/Menu/Menu?formKey=M20190110T081640377" "Mozilla/5.0 (Linux; Android 7.0; RNE-AL00 Build/HUAWEIRNE-AL00; wv) AppleWebKit/537.36 (KHTML, like Gecko) Version/4.0 Chrome/59.0.3071.125 Mobile Safari/537.36"
223.104.146.41 - - [10/Jan/2019:08:22:00 +0800] "GET /Menu/Menu?formKey=M20190110T081640377 HTTP/1.1" 200 154 "http://merp.yudo.com.cn:8183/Menu/Menu?formKey=M20190110T081640377" "Mozilla/5.0 (Linux; Android 7.0; RNE-AL00 Build/HUAWEIRNE-AL00; wv) AppleWebKit/537.36 (KHTML, like Gecko) Version/4.0 Chrome/59.0.3071.125 Mobile Safari/537.36"
223.104.146.41 - - [10/Jan/2019:08:22:00 +0800] "GET /Menu/Menu?formKey=M20190110T081640377 HTTP/1.1" 200 154 "http://merp.yudo.com.cn:8183/Menu/Menu?formKey=M20190110T081640377" "Mozilla/5.0 (Linux; Android 7.0; RNE-AL00 Build/HUAWEIRNE-AL00; wv) AppleWebKit/537.36 (KHTML, like Gecko) Version/4.0 Chrome/59.0.3071.125 Mobile Safari/537.36"
223.104.146.41 - - [10/Jan/2019:08:22:00 +0800] "GET /Menu/Menu?formKey=M20190110T081640377 HTTP/1.1" 200 154 "http://merp.yudo.com.cn:8183/Menu/Menu?formKey=M20190110T081640377" "Mozilla/5.0 (Linux; Android 7.0; RNE-AL00 Build/HUAWEIRNE-AL00; wv) AppleWebKit/537.36 (KHTML, like Gecko) Version/4.0 Chrome/59.0.3071.125 Mobile Safari/537.36"
223.104.146.41 - - [10/Jan/2019:08:22:01 +0800] "GET /Menu/Menu?formKey=M20190110T081640377 HTTP/1.1" 200 154 "http://merp.yudo.com.cn:8183/Menu/Menu?formKey=M20190110T081640377" "Mozilla/5.0 (Linux; Android 7.0; RNE-AL00 Build/HUAWEIRNE-AL00; wv) AppleWebKit/537.36 (KHTML, like Gecko) Version/4.0 Chrome/59.0.3071.125 Mobile Safari/537.36"
223.104.146.41 - - [10/Jan/2019:08:22:01 +0800] "GET /Menu/Menu?formKey=M20190110T081640377 HTTP/1.1" 200 154 "http://merp.yudo.com.cn:8183/Menu/Menu?formKey=M20190110T081640377" "Mozilla/5.0 (Linux; Android 7.0; RNE-AL00 Build/HUAWEIRNE-AL00; wv) AppleWebKit/537.36 (KHTML, like Gecko) Version/4.0 Chrome/59.0.3071.125 Mobile Safari/537.36"
223.104.146.41 - - [10/Jan/2019:08:22:01 +0800] "GET /Menu/Menu?formKey=M20190110T081640377 HTTP/1.1" 200 154 "http://merp.yudo.com.cn:8183/Menu/Menu?formKey=M20190110T081640377" "Mozilla/5.0 (Linux; Android 7.0; RNE-AL00 Build/HUAWEIRNE-AL00; wv) AppleWebKit/537.36 (KHTML, like Gecko) Version/4.0 Chrome/59.0.3071.125 Mobile Safari/537.36"
223.104.146.41 - - [10/Jan/2019:08:22:01 +0800] "GET /Menu/Menu?formKey=M20190110T081640377 HTTP/1.1" 200 154 "http://merp.yudo.com.cn:8183/Menu/Menu?formKey=M20190110T081640377" "Mozilla/5.0 (Linux; Android 7.0; RNE-AL00 Build/HUAWEIRNE-AL00; wv) AppleWebKit/537.36 (KHTML, like Gecko) Version/4.0 Chrome/59.0.3071.125 Mobile Safari/537.36"
223.104.146.41 - - [10/Jan/2019:08:22:01 +0800] "GET /Menu/Menu?formKey=M20190110T081640377 HTTP/1.1" 200 154 "http://merp.yudo.com.cn:8183/Menu/Menu?formKey=M20190110T081640377" "Mozilla/5.0 (Linux; Android 7.0; RNE-AL00 Build/HUAWEIRNE-AL00; wv) AppleWebKit/537.36 (KHTML, like Gecko) Version/4.0 Chrome/59.0.3071.125 Mobile Safari/537.36"
223.104.146.41 - - [10/Jan/2019:08:22:01 +0800] "GET /Menu/Menu?formKey=M20190110T081640377 HTTP/1.1" 200 154 "http://merp.yudo.com.cn:8183/Menu/Menu?formKey=M20190110T081640377" "Mozilla/5.0 (Linux; Android 7.0; RNE-AL00 Build/HUAWEIRNE-AL00; wv) AppleWebKit/537.36 (KHTML, like Gecko) Version/4.0 Chrome/59.0.3071.125 Mobile Safari/537.36"
223.104.146.41 - - [10/Jan/2019:08:22:02 +0800] "GET /Menu/Menu?formKey=M20190110T081640377 HTTP/1.1" 200 154 "http://merp.yudo.com.cn:8183/Menu/Menu?formKey=M20190110T081640377" "Mozilla/5.0 (Linux; Android 7.0; RNE-AL00 Build/HUAWEIRNE-AL00; wv) AppleWebKit/537.36 (KHTML, like Gecko) Version/4.0 Chrome/59.0.3071.125 Mobile Safari/537.36"
223.104.146.41 - - [10/Jan/2019:08:22:02 +0800] "GET /Menu/Menu?formKey=M20190110T081640377 HTTP/1.1" 200 154 "http://merp.yudo.com.cn:8183/Menu/Menu?formKey=M20190110T081640377" "Mozilla/5.0 (Linux; Android 7.0; RNE-AL00 Build/HUAWEIRNE-AL00; wv) AppleWebKit/537.36 (KHTML, like Gecko) Version/4.0 Chrome/59.0.3071.125 Mobile Safari/537.36"
223.104.146.41 - - [10/Jan/2019:08:22:02 +0800] "GET /Menu/Menu?formKey=M20190110T081640377 HTTP/1.1" 200 154 "http://merp.yudo.com.cn:8183/Menu/Menu?formKey=M20190110T081640377" "Mozilla/5.0 (Linux; Android 7.0; RNE-AL00 Build/HUAWEIRNE-AL00; wv) AppleWebKit/537.36 (KHTML, like Gecko) Version/4.0 Chrome/59.0.3071.125 Mobile Safari/537.36"
223.104.146.41 - - [10/Jan/2019:08:22:03 +0800] "GET /Menu/Menu?formKey=M20190110T081640377 HTTP/1.1" 200 154 "http://merp.yudo.com.cn:8183/Menu/Menu?formKey=M20190110T081640377" "Mozilla/5.0 (Linux; Android 7.0; RNE-AL00 Build/HUAWEIRNE-AL00; wv) AppleWebKit/537.36 (KHTML, like Gecko) Version/4.0 Chrome/59.0.3071.125 Mobile Safari/537.36"
223.104.146.41 - - [10/Jan/2019:08:22:03 +0800] "GET /Menu/Menu?formKey=M20190110T081640377 HTTP/1.1" 200 154 "http://merp.yudo.com.cn:8183/Menu/Menu?formKey=M20190110T081640377" "Mozilla/5.0 (Linux; Android 7.0; RNE-AL00 Build/HUAWEIRNE-AL00; wv) AppleWebKit/537.36 (KHTML, like Gecko) Version/4.0 Chrome/59.0.3071.125 Mobile Safari/537.36"
223.104.146.41 - - [10/Jan/2019:08:22:03 +0800] "GET /Menu/Menu?formKey=M20190110T081640377 HTTP/1.1" 200 154 "http://merp.yudo.com.cn:8183/Menu/Menu?formKey=M20190110T081640377" "Mozilla/5.0 (Linux; Android 7.0; RNE-AL00 Build/HUAWEIRNE-AL00; wv) AppleWebKit/537.36 (KHTML, like Gecko) Version/4.0 Chrome/59.0.3071.125 Mobile Safari/537.36"
223.104.146.41 - - [10/Jan/2019:08:22:03 +0800] "GET /Menu/Menu?formKey=M20190110T081640377 HTTP/1.1" 200 154 "http://merp.yudo.com.cn:8183/Menu/Menu?formKey=M20190110T081640377" "Mozilla/5.0 (Linux; Android 7.0; RNE-AL00 Build/HUAWEIRNE-AL00; wv) AppleWebKit/537.36 (KHTML, like Gecko) Version/4.0 Chrome/59.0.3071.125 Mobile Safari/537.36"
223.104.146.41 - - [10/Jan/2019:08:22:03 +0800] "GET /Menu/Menu?formKey=M20190110T081640377 HTTP/1.1" 200 154 "http://merp.yudo.com.cn:8183/Menu/Menu?formKey=M20190110T081640377" "Mozilla/5.0 (Linux; Android 7.0; RNE-AL00 Build/HUAWEIRNE-AL00; wv) AppleWebKit/537.36 (KHTML, like Gecko) Version/4.0 Chrome/59.0.3071.125 Mobile Safari/537.36"
223.104.146.41 - - [10/Jan/2019:08:22:04 +0800] "GET /Menu/Menu?formKey=M20190110T081640377 HTTP/1.1" 200 154 "http://merp.yudo.com.cn:8183/Menu/Menu?formKey=M20190110T081640377" "Mozilla/5.0 (Linux; Android 7.0; RNE-AL00 Build/HUAWEIRNE-AL00; wv) AppleWebKit/537.36 (KHTML, like Gecko) Version/4.0 Chrome/59.0.3071.125 Mobile Safari/537.36"
223.104.146.41 - - [10/Jan/2019:08:22:04 +0800] "GET /Menu/Menu?formKey=M20190110T081640377 HTTP/1.1" 200 154 "http://merp.yudo.com.cn:8183/Menu/Menu?formKey=M20190110T081640377" "Mozilla/5.0 (Linux; Android 7.0; RNE-AL00 Build/HUAWEIRNE-AL00; wv) AppleWebKit/537.36 (KHTML, like Gecko) Version/4.0 Chrome/59.0.3071.125 Mobile Safari/537.36"
223.104.146.41 - - [10/Jan/2019:08:22:04 +0800] "GET /Menu/Menu?formKey=M20190110T081640377 HTTP/1.1" 200 154 "http://merp.yudo.com.cn:8183/Menu/Menu?formKey=M20190110T081640377" "Mozilla/5.0 (Linux; Android 7.0; RNE-AL00 Build/HUAWEIRNE-AL00; wv) AppleWebKit/537.36 (KHTML, like Gecko) Version/4.0 Chrome/59.0.3071.125 Mobile Safari/537.36"
223.104.146.41 - - [10/Jan/2019:08:22:04 +0800] "GET /Menu/Menu?formKey=M20190110T081640377 HTTP/1.1" 200 154 "http://merp.yudo.com.cn:8183/Menu/Menu?formKey=M20190110T081640377" "Mozilla/5.0 (Linux; Android 7.0; RNE-AL00 Build/HUAWEIRNE-AL00; wv) AppleWebKit/537.36 (KHTML, like Gecko) Version/4.0 Chrome/59.0.3071.125 Mobile Safari/537.36"
223.104.146.41 - - [10/Jan/2019:08:22:04 +0800] "GET /Menu/Menu?formKey=M20190110T081640377 HTTP/1.1" 200 154 "http://merp.yudo.com.cn:8183/Menu/Menu?formKey=M20190110T081640377" "Mozilla/5.0 (Linux; Android 7.0; RNE-AL00 Build/HUAWEIRNE-AL00; wv) AppleWebKit/537.36 (KHTML, like Gecko) Version/4.0 Chrome/59.0.3071.125 Mobile Safari/537.36"
223.104.146.41 - - [10/Jan/2019:08:22:04 +0800] "GET /Menu/Menu?formKey=M20190110T081640377 HTTP/1.1" 200 154 "http://merp.yudo.com.cn:8183/Menu/Menu?formKey=M20190110T081640377" "Mozilla/5.0 (Linux; Android 7.0; RNE-AL00 Build/HUAWEIRNE-AL00; wv) AppleWebKit/537.36 (KHTML, like Gecko) Version/4.0 Chrome/59.0.3071.125 Mobile Safari/537.36"
223.104.146.41 - - [10/Jan/2019:08:22:05 +0800] "GET /Menu/Menu?formKey=M20190110T081640377 HTTP/1.1" 200 154 "http://merp.yudo.com.cn:8183/Menu/Menu?formKey=M20190110T081640377" "Mozilla/5.0 (Linux; Android 7.0; RNE-AL00 Build/HUAWEIRNE-AL00; wv) AppleWebKit/537.36 (KHTML, like Gecko) Version/4.0 Chrome/59.0.3071.125 Mobile Safari/537.36"
223.104.146.41 - - [10/Jan/2019:08:22:05 +0800] "GET /Menu/Menu?formKey=M20190110T081640377 HTTP/1.1" 200 154 "http://merp.yudo.com.cn:8183/Menu/Menu?formKey=M20190110T081640377" "Mozilla/5.0 (Linux; Android 7.0; RNE-AL00 Build/HUAWEIRNE-AL00; wv) AppleWebKit/537.36 (KHTML, like Gecko) Version/4.0 Chrome/59.0.3071.125 Mobile Safari/537.36"
223.104.146.41 - - [10/Jan/2019:08:22:05 +0800] "GET /Menu/Menu?formKey=M20190110T081640377 HTTP/1.1" 200 154 "http://merp.yudo.com.cn:8183/Menu/Menu?formKey=M20190110T081640377" "Mozilla/5.0 (Linux; Android 7.0; RNE-AL00 Build/HUAWEIRNE-AL00; wv) AppleWebKit/537.36 (KHTML, like Gecko) Version/4.0 Chrome/59.0.3071.125 Mobile Safari/537.36"
223.104.146.41 - - [10/Jan/2019:08:22:05 +0800] "GET /Menu/Menu?formKey=M20190110T081640377 HTTP/1.1" 200 154 "http://merp.yudo.com.cn:8183/Menu/Menu?formKey=M20190110T081640377" "Mozilla/5.0 (Linux; Android 7.0; RNE-AL00 Build/HUAWEIRNE-AL00; wv) AppleWebKit/537.36 (KHTML, like Gecko) Version/4.0 Chrome/59.0.3071.125 Mobile Safari/537.36"
223.104.146.41 - - [10/Jan/2019:08:22:05 +0800] "GET /Menu/Menu?formKey=M20190110T081640377 HTTP/1.1" 200 154 "http://merp.yudo.com.cn:8183/Menu/Menu?formKey=M20190110T081640377" "Mozilla/5.0 (Linux; Android 7.0; RNE-AL00 Build/HUAWEIRNE-AL00; wv) AppleWebKit/537.36 (KHTML, like Gecko) Version/4.0 Chrome/59.0.3071.125 Mobile Safari/537.36"
223.104.146.41 - - [10/Jan/2019:08:22:05 +0800] "GET /Menu/Menu?formKey=M20190110T081640377 HTTP/1.1" 200 154 "http://merp.yudo.com.cn:8183/Menu/Menu?formKey=M20190110T081640377" "Mozilla/5.0 (Linux; Android 7.0; RNE-AL00 Build/HUAWEIRNE-AL00; wv) AppleWebKit/537.36 (KHTML, like Gecko) Version/4.0 Chrome/59.0.3071.125 Mobile Safari/537.36"
223.104.146.41 - - [10/Jan/2019:08:22:06 +0800] "GET /Menu/Menu?formKey=M20190110T081640377 HTTP/1.1" 200 154 "http://merp.yudo.com.cn:8183/Menu/Menu?formKey=M20190110T081640377" "Mozilla/5.0 (Linux; Android 7.0; RNE-AL00 Build/HUAWEIRNE-AL00; wv) AppleWebKit/537.36 (KHTML, like Gecko) Version/4.0 Chrome/59.0.3071.125 Mobile Safari/537.36"
223.104.146.41 - - [10/Jan/2019:08:22:06 +0800] "GET /Menu/Menu?formKey=M20190110T081640377 HTTP/1.1" 200 154 "http://merp.yudo.com.cn:8183/Menu/Menu?formKey=M20190110T081640377" "Mozilla/5.0 (Linux; Android 7.0; RNE-AL00 Build/HUAWEIRNE-AL00; wv) AppleWebKit/537.36 (KHTML, like Gecko) Version/4.0 Chrome/59.0.3071.125 Mobile Safari/537.36"
223.104.146.41 - - [10/Jan/2019:08:22:06 +0800] "GET /Menu/Menu?formKey=M20190110T081640377 HTTP/1.1" 200 154 "http://merp.yudo.com.cn:8183/Menu/Menu?formKey=M20190110T081640377" "Mozilla/5.0 (Linux; Android 7.0; RNE-AL00 Build/HUAWEIRNE-AL00; wv) AppleWebKit/537.36 (KHTML, like Gecko) Version/4.0 Chrome/59.0.3071.125 Mobile Safari/537.36"
223.104.146.41 - - [10/Jan/2019:08:22:06 +0800] "GET /Menu/Menu?formKey=M20190110T081640377 HTTP/1.1" 200 154 "http://merp.yudo.com.cn:8183/Menu/Menu?formKey=M20190110T081640377" "Mozilla/5.0 (Linux; Android 7.0; RNE-AL00 Build/HUAWEIRNE-AL00; wv) AppleWebKit/537.36 (KHTML, like Gecko) Version/4.0 Chrome/59.0.3071.125 Mobile Safari/537.36"
223.104.146.41 - - [10/Jan/2019:08:22:06 +0800] "GET /Menu/Menu?formKey=M20190110T081640377 HTTP/1.1" 200 154 "http://merp.yudo.com.cn:8183/Menu/Menu?formKey=M20190110T081640377" "Mozilla/5.0 (Linux; Android 7.0; RNE-AL00 Build/HUAWEIRNE-AL00; wv) AppleWebKit/537.36 (KHTML, like Gecko) Version/4.0 Chrome/59.0.3071.125 Mobile Safari/537.36"
223.104.146.41 - - [10/Jan/2019:08:22:06 +0800] "GET /Menu/Menu?formKey=M20190110T081640377 HTTP/1.1" 200 154 "http://merp.yudo.com.cn:8183/Menu/Menu?formKey=M20190110T081640377" "Mozilla/5.0 (Linux; Android 7.0; RNE-AL00 Build/HUAWEIRNE-AL00; wv) AppleWebKit/537.36 (KHTML, like Gecko) Version/4.0 Chrome/59.0.3071.125 Mobile Safari/537.36"
223.104.146.41 - - [10/Jan/2019:08:22:06 +0800] "GET /Menu/Menu?formKey=M20190110T081640377 HTTP/1.1" 200 154 "http://merp.yudo.com.cn:8183/Menu/Menu?formKey=M20190110T081640377" "Mozilla/5.0 (Linux; Android 7.0; RNE-AL00 Build/HUAWEIRNE-AL00; wv) AppleWebKit/537.36 (KHTML, like Gecko) Version/4.0 Chrome/59.0.3071.125 Mobile Safari/537.36"
223.104.146.41 - - [10/Jan/2019:08:22:07 +0800] "GET /Menu/Menu?formKey=M20190110T081640377 HTTP/1.1" 200 154 "http://merp.yudo.com.cn:8183/Menu/Menu?formKey=M20190110T081640377" "Mozilla/5.0 (Linux; Android 7.0; RNE-AL00 Build/HUAWEIRNE-AL00; wv) AppleWebKit/537.36 (KHTML, like Gecko) Version/4.0 Chrome/59.0.3071.125 Mobile Safari/537.36"
223.104.146.41 - - [10/Jan/2019:08:22:07 +0800] "GET /Menu/Menu?formKey=M20190110T081640377 HTTP/1.1" 200 154 "http://merp.yudo.com.cn:8183/Menu/Menu?formKey=M20190110T081640377" "Mozilla/5.0 (Linux; Android 7.0; RNE-AL00 Build/HUAWEIRNE-AL00; wv) AppleWebKit/537.36 (KHTML, like Gecko) Version/4.0 Chrome/59.0.3071.125 Mobile Safari/537.36"
223.104.146.41 - - [10/Jan/2019:08:22:07 +0800] "GET /Menu/Menu?formKey=M20190110T081640377 HTTP/1.1" 200 154 "http://merp.yudo.com.cn:8183/Menu/Menu?formKey=M20190110T081640377" "Mozilla/5.0 (Linux; Android 7.0; RNE-AL00 Build/HUAWEIRNE-AL00; wv) AppleWebKit/537.36 (KHTML, like Gecko) Version/4.0 Chrome/59.0.3071.125 Mobile Safari/537.36"
223.104.146.41 - - [10/Jan/2019:08:22:07 +0800] "GET /Menu/Menu?formKey=M20190110T081640377 HTTP/1.1" 200 154 "http://merp.yudo.com.cn:8183/Menu/Menu?formKey=M20190110T081640377" "Mozilla/5.0 (Linux; Android 7.0; RNE-AL00 Build/HUAWEIRNE-AL00; wv) AppleWebKit/537.36 (KHTML, like Gecko) Version/4.0 Chrome/59.0.3071.125 Mobile Safari/537.36"
223.104.146.41 - - [10/Jan/2019:08:22:07 +0800] "GET /Menu/Menu?formKey=M20190110T081640377 HTTP/1.1" 200 154 "http://merp.yudo.com.cn:8183/Menu/Menu?formKey=M20190110T081640377" "Mozilla/5.0 (Linux; Android 7.0; RNE-AL00 Build/HUAWEIRNE-AL00; wv) AppleWebKit/537.36 (KHTML, like Gecko) Version/4.0 Chrome/59.0.3071.125 Mobile Safari/537.36"
223.104.146.41 - - [10/Jan/2019:08:22:07 +0800] "GET /Menu/Menu?formKey=M20190110T081640377 HTTP/1.1" 200 154 "http://merp.yudo.com.cn:8183/Menu/Menu?formKey=M20190110T081640377" "Mozilla/5.0 (Linux; Android 7.0; RNE-AL00 Build/HUAWEIRNE-AL00; wv) AppleWebKit/537.36 (KHTML, like Gecko) Version/4.0 Chrome/59.0.3071.125 Mobile Safari/537.36"
223.104.146.41 - - [10/Jan/2019:08:22:08 +0800] "GET /Menu/Menu?formKey=M20190110T081640377 HTTP/1.1" 200 154 "http://merp.yudo.com.cn:8183/Menu/Menu?formKey=M20190110T081640377" "Mozilla/5.0 (Linux; Android 7.0; RNE-AL00 Build/HUAWEIRNE-AL00; wv) AppleWebKit/537.36 (KHTML, like Gecko) Version/4.0 Chrome/59.0.3071.125 Mobile Safari/537.36"
223.104.146.41 - - [10/Jan/2019:08:22:08 +0800] "GET /Menu/Menu?formKey=M20190110T081640377 HTTP/1.1" 200 154 "http://merp.yudo.com.cn:8183/Menu/Menu?formKey=M20190110T081640377" "Mozilla/5.0 (Linux; Android 7.0; RNE-AL00 Build/HUAWEIRNE-AL00; wv) AppleWebKit/537.36 (KHTML, like Gecko) Version/4.0 Chrome/59.0.3071.125 Mobile Safari/537.36"
223.104.146.41 - - [10/Jan/2019:08:22:08 +0800] "GET /Menu/Menu?formKey=M20190110T081640377 HTTP/1.1" 200 154 "http://merp.yudo.com.cn:8183/Menu/Menu?formKey=M20190110T081640377" "Mozilla/5.0 (Linux; Android 7.0; RNE-AL00 Build/HUAWEIRNE-AL00; wv) AppleWebKit/537.36 (KHTML, like Gecko) Version/4.0 Chrome/59.0.3071.125 Mobile Safari/537.36"
223.104.146.41 - - [10/Jan/2019:08:22:08 +0800] "GET /Menu/Menu?formKey=M20190110T081640377 HTTP/1.1" 200 154 "http://merp.yudo.com.cn:8183/Menu/Menu?formKey=M20190110T081640377" "Mozilla/5.0 (Linux; Android 7.0; RNE-AL00 Build/HUAWEIRNE-AL00; wv) AppleWebKit/537.36 (KHTML, like Gecko) Version/4.0 Chrome/59.0.3071.125 Mobile Safari/537.36"
223.104.146.41 - - [10/Jan/2019:08:22:08 +0800] "GET /Menu/Menu?formKey=M20190110T081640377 HTTP/1.1" 200 154 "http://merp.yudo.com.cn:8183/Menu/Menu?formKey=M20190110T081640377" "Mozilla/5.0 (Linux; Android 7.0; RNE-AL00 Build/HUAWEIRNE-AL00; wv) AppleWebKit/537.36 (KHTML, like Gecko) Version/4.0 Chrome/59.0.3071.125 Mobile Safari/537.36"
223.104.146.41 - - [10/Jan/2019:08:22:08 +0800] "GET /Menu/Menu?formKey=M20190110T081640377 HTTP/1.1" 200 154 "http://merp.yudo.com.cn:8183/Menu/Menu?formKey=M20190110T081640377" "Mozilla/5.0 (Linux; Android 7.0; RNE-AL00 Build/HUAWEIRNE-AL00; wv) AppleWebKit/537.36 (KHTML, like Gecko) Version/4.0 Chrome/59.0.3071.125 Mobile Safari/537.36"
223.104.146.41 - - [10/Jan/2019:08:22:09 +0800] "GET /Menu/Menu?formKey=M20190110T081640377 HTTP/1.1" 200 154 "http://merp.yudo.com.cn:8183/Menu/Menu?formKey=M20190110T081640377" "Mozilla/5.0 (Linux; Android 7.0; RNE-AL00 Build/HUAWEIRNE-AL00; wv) AppleWebKit/537.36 (KHTML, like Gecko) Version/4.0 Chrome/59.0.3071.125 Mobile Safari/537.36"
223.104.146.41 - - [10/Jan/2019:08:22:09 +0800] "GET /Menu/Menu?formKey=M20190110T081640377 HTTP/1.1" 200 154 "http://merp.yudo.com.cn:8183/Menu/Menu?formKey=M20190110T081640377" "Mozilla/5.0 (Linux; Android 7.0; RNE-AL00 Build/HUAWEIRNE-AL00; wv) AppleWebKit/537.36 (KHTML, like Gecko) Version/4.0 Chrome/59.0.3071.125 Mobile Safari/537.36"
223.104.146.41 - - [10/Jan/2019:08:22:09 +0800] "GET /Menu/Menu?formKey=M20190110T081640377 HTTP/1.1" 200 154 "http://merp.yudo.com.cn:8183/Menu/Menu?formKey=M20190110T081640377" "Mozilla/5.0 (Linux; Android 7.0; RNE-AL00 Build/HUAWEIRNE-AL00; wv) AppleWebKit/537.36 (KHTML, like Gecko) Version/4.0 Chrome/59.0.3071.125 Mobile Safari/537.36"
223.104.146.41 - - [10/Jan/2019:08:22:09 +0800] "GET /Menu/Menu?formKey=M20190110T081640377 HTTP/1.1" 200 154 "http://merp.yudo.com.cn:8183/Menu/Menu?formKey=M20190110T081640377" "Mozilla/5.0 (Linux; Android 7.0; RNE-AL00 Build/HUAWEIRNE-AL00; wv) AppleWebKit/537.36 (KHTML, like Gecko) Version/4.0 Chrome/59.0.3071.125 Mobile Safari/537.36"
223.104.146.41 - - [10/Jan/2019:08:22:09 +0800] "GET /Menu/Menu?formKey=M20190110T081640377 HTTP/1.1" 200 154 "http://merp.yudo.com.cn:8183/Menu/Menu?formKey=M20190110T081640377" "Mozilla/5.0 (Linux; Android 7.0; RNE-AL00 Build/HUAWEIRNE-AL00; wv) AppleWebKit/537.36 (KHTML, like Gecko) Version/4.0 Chrome/59.0.3071.125 Mobile Safari/537.36"
223.104.146.41 - - [10/Jan/2019:08:22:10 +0800] "GET /Menu/Menu?formKey=M20190110T081640377 HTTP/1.1" 200 154 "http://merp.yudo.com.cn:8183/Menu/Menu?formKey=M20190110T081640377" "Mozilla/5.0 (Linux; Android 7.0; RNE-AL00 Build/HUAWEIRNE-AL00; wv) AppleWebKit/537.36 (KHTML, like Gecko) Version/4.0 Chrome/59.0.3071.125 Mobile Safari/537.36"
223.104.146.41 - - [10/Jan/2019:08:22:10 +0800] "GET /Menu/Menu?formKey=M20190110T081640377 HTTP/1.1" 200 154 "http://merp.yudo.com.cn:8183/Menu/Menu?formKey=M20190110T081640377" "Mozilla/5.0 (Linux; Android 7.0; RNE-AL00 Build/HUAWEIRNE-AL00; wv) AppleWebKit/537.36 (KHTML, like Gecko) Version/4.0 Chrome/59.0.3071.125 Mobile Safari/537.36"
223.104.146.41 - - [10/Jan/2019:08:22:10 +0800] "GET /Menu/Menu?formKey=M20190110T081640377 HTTP/1.1" 200 154 "http://merp.yudo.com.cn:8183/Menu/Menu?formKey=M20190110T081640377" "Mozilla/5.0 (Linux; Android 7.0; RNE-AL00 Build/HUAWEIRNE-AL00; wv) AppleWebKit/537.36 (KHTML, like Gecko) Version/4.0 Chrome/59.0.3071.125 Mobile Safari/537.36"
223.104.146.41 - - [10/Jan/2019:08:22:10 +0800] "GET /Menu/Menu?formKey=M20190110T081640377 HTTP/1.1" 200 154 "http://merp.yudo.com.cn:8183/Menu/Menu?formKey=M20190110T081640377" "Mozilla/5.0 (Linux; Android 7.0; RNE-AL00 Build/HUAWEIRNE-AL00; wv) AppleWebKit/537.36 (KHTML, like Gecko) Version/4.0 Chrome/59.0.3071.125 Mobile Safari/537.36"
223.104.146.41 - - [10/Jan/2019:08:22:10 +0800] "GET /Menu/Menu?formKey=M20190110T081640377 HTTP/1.1" 200 154 "http://merp.yudo.com.cn:8183/Menu/Menu?formKey=M20190110T081640377" "Mozilla/5.0 (Linux; Android 7.0; RNE-AL00 Build/HUAWEIRNE-AL00; wv) AppleWebKit/537.36 (KHTML, like Gecko) Version/4.0 Chrome/59.0.3071.125 Mobile Safari/537.36"
223.104.146.41 - - [10/Jan/2019:08:22:10 +0800] "GET /Menu/Menu?formKey=M20190110T081640377 HTTP/1.1" 200 154 "http://merp.yudo.com.cn:8183/Menu/Menu?formKey=M20190110T081640377" "Mozilla/5.0 (Linux; Android 7.0; RNE-AL00 Build/HUAWEIRNE-AL00; wv) AppleWebKit/537.36 (KHTML, like Gecko) Version/4.0 Chrome/59.0.3071.125 Mobile Safari/537.36"
223.104.146.41 - - [10/Jan/2019:08:22:11 +0800] "GET /Menu/Menu?formKey=M20190110T081640377 HTTP/1.1" 200 154 "http://merp.yudo.com.cn:8183/Menu/Menu?formKey=M20190110T081640377" "Mozilla/5.0 (Linux; Android 7.0; RNE-AL00 Build/HUAWEIRNE-AL00; wv) AppleWebKit/537.36 (KHTML, like Gecko) Version/4.0 Chrome/59.0.3071.125 Mobile Safari/537.36"
223.104.146.41 - - [10/Jan/2019:08:22:11 +0800] "GET /Menu/Menu?formKey=M20190110T081640377 HTTP/1.1" 200 154 "http://merp.yudo.com.cn:8183/Menu/Menu?formKey=M20190110T081640377" "Mozilla/5.0 (Linux; Android 7.0; RNE-AL00 Build/HUAWEIRNE-AL00; wv) AppleWebKit/537.36 (KHTML, like Gecko) Version/4.0 Chrome/59.0.3071.125 Mobile Safari/537.36"
223.104.146.41 - - [10/Jan/2019:08:22:11 +0800] "GET /Menu/Menu?formKey=M20190110T081640377 HTTP/1.1" 200 154 "http://merp.yudo.com.cn:8183/Menu/Menu?formKey=M20190110T081640377" "Mozilla/5.0 (Linux; Android 7.0; RNE-AL00 Build/HUAWEIRNE-AL00; wv) AppleWebKit/537.36 (KHTML, like Gecko) Version/4.0 Chrome/59.0.3071.125 Mobile Safari/537.36"
117.136.67.75 - - [10/Jan/2019:08:22:11 +0800] "POST /main/login_prc HTTP/1.1" 200 44 "http://merp.yudo.com.cn:8183/?deviceType=mobile&devicePlatform=ios" "Mozilla/5.0 (iPhone; CPU iPhone OS 11_0_3 like Mac OS X) AppleWebKit/604.1.38 (KHTML, like Gecko) Mobile/15A432JLAMPMode:iPhone"
223.104.146.41 - - [10/Jan/2019:08:22:11 +0800] "GET /Menu/Menu?formKey=M20190110T081640377 HTTP/1.1" 200 154 "http://merp.yudo.com.cn:8183/Menu/Menu?formKey=M20190110T081640377" "Mozilla/5.0 (Linux; Android 7.0; RNE-AL00 Build/HUAWEIRNE-AL00; wv) AppleWebKit/537.36 (KHTML, like Gecko) Version/4.0 Chrome/59.0.3071.125 Mobile Safari/537.36"
223.104.146.41 - - [10/Jan/2019:08:22:12 +0800] "GET /Menu/Menu?formKey=M20190110T081640377 HTTP/1.1" 200 154 "http://merp.yudo.com.cn:8183/Menu/Menu?formKey=M20190110T081640377" "Mozilla/5.0 (Linux; Android 7.0; RNE-AL00 Build/HUAWEIRNE-AL00; wv) AppleWebKit/537.36 (KHTML, like Gecko) Version/4.0 Chrome/59.0.3071.125 Mobile Safari/537.36"
117.136.67.75 - - [10/Jan/2019:08:22:12 +0800] "POST / HTTP/1.1" 302 149 "http://merp.yudo.com.cn:8183/?deviceType=mobile&devicePlatform=ios" "Mozilla/5.0 (iPhone; CPU iPhone OS 11_0_3 like Mac OS X) AppleWebKit/604.1.38 (KHTML, like Gecko) Mobile/15A432JLAMPMode:iPhone"
223.104.146.41 - - [10/Jan/2019:08:22:12 +0800] "GET /Menu/Menu?formKey=M20190110T081640377 HTTP/1.1" 200 154 "http://merp.yudo.com.cn:8183/Menu/Menu?formKey=M20190110T081640377" "Mozilla/5.0 (Linux; Android 7.0; RNE-AL00 Build/HUAWEIRNE-AL00; wv) AppleWebKit/537.36 (KHTML, like Gecko) Version/4.0 Chrome/59.0.3071.125 Mobile Safari/537.36"
117.136.67.75 - - [10/Jan/2019:08:22:12 +0800] "GET /Menu/Menu?formKey=M20190110T082037113 HTTP/1.1" 200 5925 "http://merp.yudo.com.cn:8183/?deviceType=mobile&devicePlatform=ios" "Mozilla/5.0 (iPhone; CPU iPhone OS 11_0_3 like Mac OS X) AppleWebKit/604.1.38 (KHTML, like Gecko) Mobile/15A432JLAMPMode:iPhone"
223.104.146.41 - - [10/Jan/2019:08:22:12 +0800] "GET /Menu/Menu?formKey=M20190110T081640377 HTTP/1.1" 200 154 "http://merp.yudo.com.cn:8183/Menu/Menu?formKey=M20190110T081640377" "Mozilla/5.0 (Linux; Android 7.0; RNE-AL00 Build/HUAWEIRNE-AL00; wv) AppleWebKit/537.36 (KHTML, like Gecko) Version/4.0 Chrome/59.0.3071.125 Mobile Safari/537.36"
117.136.67.75 - - [10/Jan/2019:08:22:12 +0800] "GET /css/Menu/Menu.css?v=1002 HTTP/1.1" 200 1901 "http://merp.yudo.com.cn:8183/Menu/Menu?formKey=M20190110T082037113" "Mozilla/5.0 (iPhone; CPU iPhone OS 11_0_3 like Mac OS X) AppleWebKit/604.1.38 (KHTML, like Gecko) Mobile/15A432JLAMPMode:iPhone"
223.104.146.41 - - [10/Jan/2019:08:22:12 +0800] "GET /Menu/Menu?formKey=M20190110T081640377 HTTP/1.1" 200 154 "http://merp.yudo.com.cn:8183/Menu/Menu?formKey=M20190110T081640377" "Mozilla/5.0 (Linux; Android 7.0; RNE-AL00 Build/HUAWEIRNE-AL00; wv) AppleWebKit/537.36 (KHTML, like Gecko) Version/4.0 Chrome/59.0.3071.125 Mobile Safari/537.36"
117.136.67.75 - - [10/Jan/2019:08:22:12 +0800] "GET /image/SM.png HTTP/1.1" 200 3070 "http://merp.yudo.com.cn:8183/Menu/Menu?formKey=M20190110T082037113" "Mozilla/5.0 (iPhone; CPU iPhone OS 11_0_3 like Mac OS X) AppleWebKit/604.1.38 (KHTML, like Gecko) Mobile/15A432JLAMPMode:iPhone"
223.104.146.41 - - [10/Jan/2019:08:22:13 +0800] "GET /Menu/Menu?formKey=M20190110T081640377 HTTP/1.1" 200 154 "http://merp.yudo.com.cn:8183/Menu/Menu?formKey=M20190110T081640377" "Mozilla/5.0 (Linux; Android 7.0; RNE-AL00 Build/HUAWEIRNE-AL00; wv) AppleWebKit/537.36 (KHTML, like Gecko) Version/4.0 Chrome/59.0.3071.125 Mobile Safari/537.36"
117.136.67.75 - - [10/Jan/2019:08:22:12 +0800] "GET /css/WEI_2000/mui.min.css?v=1001 HTTP/1.1" 200 74864 "http://merp.yudo.com.cn:8183/Menu/Menu?formKey=M20190110T082037113" "Mozilla/5.0 (iPhone; CPU iPhone OS 11_0_3 like Mac OS X) AppleWebKit/604.1.38 (KHTML, like Gecko) Mobile/15A432JLAMPMode:iPhone"
117.136.67.75 - - [10/Jan/2019:08:22:13 +0800] "GET /js/Menu/Menu.js?v=1005 HTTP/1.1" 200 2291 "http://merp.yudo.com.cn:8183/Menu/Menu?formKey=M20190110T082037113" "Mozilla/5.0 (iPhone; CPU iPhone OS 11_0_3 like Mac OS X) AppleWebKit/604.1.38 (KHTML, like Gecko) Mobile/15A432JLAMPMode:iPhone"
223.104.146.41 - - [10/Jan/2019:08:22:13 +0800] "GET /Menu/Menu?formKey=M20190110T081640377 HTTP/1.1" 200 154 "http://merp.yudo.com.cn:8183/Menu/Menu?formKey=M20190110T081640377" "Mozilla/5.0 (Linux; Android 7.0; RNE-AL00 Build/HUAWEIRNE-AL00; wv) AppleWebKit/537.36 (KHTML, like Gecko) Version/4.0 Chrome/59.0.3071.125 Mobile Safari/537.36"
117.136.67.75 - - [10/Jan/2019:08:22:13 +0800] "GET /image/MI.png HTTP/1.1" 200 3083 "http://merp.yudo.com.cn:8183/Menu/Menu?formKey=M20190110T082037113" "Mozilla/5.0 (iPhone; CPU iPhone OS 11_0_3 like Mac OS X) AppleWebKit/604.1.38 (KHTML, like Gecko) Mobile/15A432JLAMPMode:iPhone"
223.104.146.41 - - [10/Jan/2019:08:22:13 +0800] "GET /Menu/Menu?formKey=M20190110T081640377 HTTP/1.1" 200 154 "http://merp.yudo.com.cn:8183/Menu/Menu?formKey=M20190110T081640377" "Mozilla/5.0 (Linux; Android 7.0; RNE-AL00 Build/HUAWEIRNE-AL00; wv) AppleWebKit/537.36 (KHTML, like Gecko) Version/4.0 Chrome/59.0.3071.125 Mobile Safari/537.36"
