58.209.16.133 - - [17/Jan/2019:10:07:35 +0800] "GET /Menu/ChangePassWd HTTP/1.1" 200 4627 "http://merp.yudo.com.cn:8183/Menu/Menu?formKey=M20190117T100127" "Mozilla/5.0 (iPhone; CPU iPhone OS 11_0 like Mac OS X) AppleWebKit/604.1.38 (KHTML, like Gecko) Version/11.0 Mobile/15A372 Safari/604.1"
58.209.16.133 - - [17/Jan/2019:10:07:35 +0800] "GET /css/yudo-ui.css?v=1050 HTTP/1.1" 200 23327 "http://merp.yudo.com.cn:8183/Menu/ChangePassWd" "Mozilla/5.0 (iPhone; CPU iPhone OS 11_0 like Mac OS X) AppleWebKit/604.1.38 (KHTML, like Gecko) Version/11.0 Mobile/15A372 Safari/604.1"
58.209.16.133 - - [17/Jan/2019:10:07:35 +0800] "GET /js/Menu/ChangePassWd.js?v=1001 HTTP/1.1" 200 1885 "http://merp.yudo.com.cn:8183/Menu/ChangePassWd" "Mozilla/5.0 (iPhone; CPU iPhone OS 11_0 like Mac OS X) AppleWebKit/604.1.38 (KHTML, like Gecko) Version/11.0 Mobile/15A372 Safari/604.1"
58.209.16.133 - - [17/Jan/2019:10:07:35 +0800] "GET /JLAMPCommon/getCookieJson_prc HTTP/1.1" 200 914 "http://merp.yudo.com.cn:8183/Menu/ChangePassWd" "Mozilla/5.0 (iPhone; CPU iPhone OS 11_0 like Mac OS X) AppleWebKit/604.1.38 (KHTML, like Gecko) Version/11.0 Mobile/15A372 Safari/604.1"
::1 - - [17/Jan/2019:10:07:42 +0800] "OPTIONS * HTTP/1.0" 200 - "-" "Apache/2.4.6 (CentOS) PHP/5.6.32 (internal dummy connection)"
58.209.16.133 - - [17/Jan/2019:10:07:44 +0800] "POST /Menu/ChangePassWd/savePassWd HTTP/1.1" 200 76 "http://merp.yudo.com.cn:8183/Menu/ChangePassWd" "Mozilla/5.0 (iPhone; CPU iPhone OS 11_0 like Mac OS X) AppleWebKit/604.1.38 (KHTML, like Gecko) Version/11.0 Mobile/15A372 Safari/604.1"
58.209.16.133 - - [17/Jan/2019:10:07:54 +0800] "POST /Menu/ChangePassWd/savePassWd HTTP/1.1" 200 61 "http://merp.yudo.com.cn:8183/Menu/ChangePassWd" "Mozilla/5.0 (iPhone; CPU iPhone OS 11_0 like Mac OS X) AppleWebKit/604.1.38 (KHTML, like Gecko) Version/11.0 Mobile/15A372 Safari/604.1"
58.209.16.133 - - [17/Jan/2019:10:07:56 +0800] "GET /Menu/Menu/menuLists?formKey=undefined&menuSelection=undefined HTTP/1.1" 200 11899 "http://merp.yudo.com.cn:8183/Menu/ChangePassWd" "Mozilla/5.0 (iPhone; CPU iPhone OS 11_0 like Mac OS X) AppleWebKit/604.1.38 (KHTML, like Gecko) Version/11.0 Mobile/15A372 Safari/604.1"
58.209.16.133 - - [17/Jan/2019:10:07:57 +0800] "GET /css/yudo-ui.css?v=1082 HTTP/1.1" 304 - "http://merp.yudo.com.cn:8183/Menu/Menu/menuLists?formKey=undefined&menuSelection=undefined" "Mozilla/5.0 (iPhone; CPU iPhone OS 11_0 like Mac OS X) AppleWebKit/604.1.38 (KHTML, like Gecko) Version/11.0 Mobile/15A372 Safari/604.1"
58.209.16.133 - - [17/Jan/2019:10:07:57 +0800] "GET /js/Menu/Menu.js?v=2001 HTTP/1.1" 304 - "http://merp.yudo.com.cn:8183/Menu/Menu/menuLists?formKey=undefined&menuSelection=undefined" "Mozilla/5.0 (iPhone; CPU iPhone OS 11_0 like Mac OS X) AppleWebKit/604.1.38 (KHTML, like Gecko) Version/11.0 Mobile/15A372 Safari/604.1"
58.209.16.133 - - [17/Jan/2019:10:07:57 +0800] "GET /image/fonticon/headDefault.jpg HTTP/1.1" 304 - "http://merp.yudo.com.cn:8183/Menu/Menu/menuLists?formKey=undefined&menuSelection=undefined" "Mozilla/5.0 (iPhone; CPU iPhone OS 11_0 like Mac OS X) AppleWebKit/604.1.38 (KHTML, like Gecko) Version/11.0 Mobile/15A372 Safari/604.1"
58.209.16.133 - - [17/Jan/2019:10:07:57 +0800] "GET /image/yudo-03.png HTTP/1.1" 304 - "http://merp.yudo.com.cn:8183/Menu/Menu/menuLists?formKey=undefined&menuSelection=undefined" "Mozilla/5.0 (iPhone; CPU iPhone OS 11_0 like Mac OS X) AppleWebKit/604.1.38 (KHTML, like Gecko) Version/11.0 Mobile/15A372 Safari/604.1"
58.209.16.133 - - [17/Jan/2019:10:07:57 +0800] "GET /image/yudo-01.png HTTP/1.1" 304 - "http://merp.yudo.com.cn:8183/Menu/Menu/menuLists?formKey=undefined&menuSelection=undefined" "Mozilla/5.0 (iPhone; CPU iPhone OS 11_0 like Mac OS X) AppleWebKit/604.1.38 (KHTML, like Gecko) Version/11.0 Mobile/15A372 Safari/604.1"
58.209.16.133 - - [17/Jan/2019:10:07:57 +0800] "GET /image/yudo-02.png HTTP/1.1" 304 - "http://merp.yudo.com.cn:8183/Menu/Menu/menuLists?formKey=undefined&menuSelection=undefined" "Mozilla/5.0 (iPhone; CPU iPhone OS 11_0 like Mac OS X) AppleWebKit/604.1.38 (KHTML, like Gecko) Version/11.0 Mobile/15A372 Safari/604.1"
58.209.16.133 - - [17/Jan/2019:10:07:57 +0800] "GET /image/fonticon/userMenu_icon.png HTTP/1.1" 304 - "http://merp.yudo.com.cn:8183/css/yudo-ui.css?v=1082" "Mozilla/5.0 (iPhone; CPU iPhone OS 11_0 like Mac OS X) AppleWebKit/604.1.38 (KHTML, like Gecko) Version/11.0 Mobile/15A372 Safari/604.1"
58.209.16.133 - - [17/Jan/2019:10:07:57 +0800] "GET /image/fonticon/quit_icon.png HTTP/1.1" 304 - "http://merp.yudo.com.cn:8183/css/yudo-ui.css?v=1082" "Mozilla/5.0 (iPhone; CPU iPhone OS 11_0 like Mac OS X) AppleWebKit/604.1.38 (KHTML, like Gecko) Version/11.0 Mobile/15A372 Safari/604.1"
58.209.16.133 - - [17/Jan/2019:10:07:57 +0800] "GET /image/fonticon/home_icon.png HTTP/1.1" 304 - "http://merp.yudo.com.cn:8183/css/yudo-ui.css?v=1082" "Mozilla/5.0 (iPhone; CPU iPhone OS 11_0 like Mac OS X) AppleWebKit/604.1.38 (KHTML, like Gecko) Version/11.0 Mobile/15A372 Safari/604.1"
58.209.16.133 - - [17/Jan/2019:10:07:57 +0800] "GET /image/fonticon/switchPass_icon.png HTTP/1.1" 304 - "http://merp.yudo.com.cn:8183/css/yudo-ui.css?v=1082" "Mozilla/5.0 (iPhone; CPU iPhone OS 11_0 like Mac OS X) AppleWebKit/604.1.38 (KHTML, like Gecko) Version/11.0 Mobile/15A372 Safari/604.1"
58.209.16.133 - - [17/Jan/2019:10:07:57 +0800] "GET /image/fonticon/refresh_icon.png HTTP/1.1" 304 - "http://merp.yudo.com.cn:8183/css/yudo-ui.css?v=1082" "Mozilla/5.0 (iPhone; CPU iPhone OS 11_0 like Mac OS X) AppleWebKit/604.1.38 (KHTML, like Gecko) Version/11.0 Mobile/15A372 Safari/604.1"
58.209.16.133 - - [17/Jan/2019:10:07:57 +0800] "GET /image/fonticon/loading_icon2.png HTTP/1.1" 304 - "http://merp.yudo.com.cn:8183/css/mui.min.css?v=1008" "Mozilla/5.0 (iPhone; CPU iPhone OS 11_0 like Mac OS X) AppleWebKit/604.1.38 (KHTML, like Gecko) Version/11.0 Mobile/15A372 Safari/604.1"
58.209.16.133 - - [17/Jan/2019:10:07:57 +0800] "GET /Menu/doMenuRows_prc?formKey=Menu HTTP/1.1" 200 1211 "http://merp.yudo.com.cn:8183/Menu/Menu/menuLists?formKey=undefined&menuSelection=undefined" "Mozilla/5.0 (iPhone; CPU iPhone OS 11_0 like Mac OS X) AppleWebKit/604.1.38 (KHTML, like Gecko) Version/11.0 Mobile/15A372 Safari/604.1"
58.209.16.133 - - [17/Jan/2019:10:07:57 +0800] "GET /JLAMPCommon/getCookieJson_prc HTTP/1.1" 200 914 "http://merp.yudo.com.cn:8183/Menu/Menu/menuLists?formKey=undefined&menuSelection=undefined" "Mozilla/5.0 (iPhone; CPU iPhone OS 11_0 like Mac OS X) AppleWebKit/604.1.38 (KHTML, like Gecko) Version/11.0 Mobile/15A372 Safari/604.1"
58.209.16.133 - - [17/Jan/2019:10:07:57 +0800] "GET /image/fonticon/workPlan_icon.png HTTP/1.1" 304 - "http://merp.yudo.com.cn:8183/css/yudo-ui.css?v=1082" "Mozilla/5.0 (iPhone; CPU iPhone OS 11_0 like Mac OS X) AppleWebKit/604.1.38 (KHTML, like Gecko) Version/11.0 Mobile/15A372 Safari/604.1"
58.209.16.133 - - [17/Jan/2019:10:07:57 +0800] "GET /image/fonticon/salesPlan_icon.png HTTP/1.1" 304 - "http://merp.yudo.com.cn:8183/css/yudo-ui.css?v=1082" "Mozilla/5.0 (iPhone; CPU iPhone OS 11_0 like Mac OS X) AppleWebKit/604.1.38 (KHTML, like Gecko) Version/11.0 Mobile/15A372 Safari/604.1"
58.209.16.133 - - [17/Jan/2019:10:07:57 +0800] "GET /image/fonticon/as_icon.png HTTP/1.1" 304 - "http://merp.yudo.com.cn:8183/css/yudo-ui.css?v=1082" "Mozilla/5.0 (iPhone; CPU iPhone OS 11_0 like Mac OS X) AppleWebKit/604.1.38 (KHTML, like Gecko) Version/11.0 Mobile/15A372 Safari/604.1"
58.209.16.133 - - [17/Jan/2019:10:07:57 +0800] "GET /image/fonticon/zuzhuang_icon.png HTTP/1.1" 304 - "http://merp.yudo.com.cn:8183/css/yudo-ui.css?v=1082" "Mozilla/5.0 (iPhone; CPU iPhone OS 11_0 like Mac OS X) AppleWebKit/604.1.38 (KHTML, like Gecko) Version/11.0 Mobile/15A372 Safari/604.1"
58.209.16.133 - - [17/Jan/2019:10:07:57 +0800] "GET /Menu/getLoginInfo HTTP/1.1" 200 172 "http://merp.yudo.com.cn:8183/Menu/Menu/menuLists?formKey=undefined&menuSelection=undefined" "Mozilla/5.0 (iPhone; CPU iPhone OS 11_0 like Mac OS X) AppleWebKit/604.1.38 (KHTML, like Gecko) Version/11.0 Mobile/15A372 Safari/604.1"
58.209.16.133 - - [17/Jan/2019:10:07:59 +0800] "POST /main/logout_prc HTTP/1.1" 200 44 "http://merp.yudo.com.cn:8183/Menu/Menu/menuLists?formKey=undefined&menuSelection=undefined" "Mozilla/5.0 (iPhone; CPU iPhone OS 11_0 like Mac OS X) AppleWebKit/604.1.38 (KHTML, like Gecko) Version/11.0 Mobile/15A372 Safari/604.1"
58.209.16.133 - - [17/Jan/2019:10:07:59 +0800] "GET /?deviceType=mobile&devicePlatform=ios HTTP/1.1" 200 8051 "http://merp.yudo.com.cn:8183/Menu/Menu/menuLists?formKey=undefined&menuSelection=undefined" "Mozilla/5.0 (iPhone; CPU iPhone OS 11_0 like Mac OS X) AppleWebKit/604.1.38 (KHTML, like Gecko) Version/11.0 Mobile/15A372 Safari/604.1"
58.209.16.133 - - [17/Jan/2019:10:07:59 +0800] "GET /third_party/bootstrap-3.3.5/js/bootstrap.min.js HTTP/1.1" 200 36816 "http://merp.yudo.com.cn:8183/?deviceType=mobile&devicePlatform=ios" "Mozilla/5.0 (iPhone; CPU iPhone OS 11_0 like Mac OS X) AppleWebKit/604.1.38 (KHTML, like Gecko) Version/11.0 Mobile/15A372 Safari/604.1"
58.209.16.133 - - [17/Jan/2019:10:07:59 +0800] "GET /css/login.css?v=1001 HTTP/1.1" 200 2712 "http://merp.yudo.com.cn:8183/?deviceType=mobile&devicePlatform=ios" "Mozilla/5.0 (iPhone; CPU iPhone OS 11_0 like Mac OS X) AppleWebKit/604.1.38 (KHTML, like Gecko) Version/11.0 Mobile/15A372 Safari/604.1"
58.209.16.133 - - [17/Jan/2019:10:07:59 +0800] "GET /third_party/loading-overlay/waitMe.js HTTP/1.1" 200 8583 "http://merp.yudo.com.cn:8183/?deviceType=mobile&devicePlatform=ios" "Mozilla/5.0 (iPhone; CPU iPhone OS 11_0 like Mac OS X) AppleWebKit/604.1.38 (KHTML, like Gecko) Version/11.0 Mobile/15A372 Safari/604.1"
58.209.16.133 - - [17/Jan/2019:10:07:59 +0800] "GET /third_party/slideout-1.0.1/slideout.js HTTP/1.1" 200 37980 "http://merp.yudo.com.cn:8183/?deviceType=mobile&devicePlatform=ios" "Mozilla/5.0 (iPhone; CPU iPhone OS 11_0 like Mac OS X) AppleWebKit/604.1.38 (KHTML, like Gecko) Version/11.0 Mobile/15A372 Safari/604.1"
58.209.16.133 - - [17/Jan/2019:10:07:59 +0800] "GET /third_party/bootstrap-datetimepicker/js/bootstrap-datetimepicker.js HTTP/1.1" 200 67526 "http://merp.yudo.com.cn:8183/?deviceType=mobile&devicePlatform=ios" "Mozilla/5.0 (iPhone; CPU iPhone OS 11_0 like Mac OS X) AppleWebKit/604.1.38 (KHTML, like Gecko) Version/11.0 Mobile/15A372 Safari/604.1"
58.209.16.133 - - [17/Jan/2019:10:07:59 +0800] "GET /js/login.js?v=8009 HTTP/1.1" 200 9596 "http://merp.yudo.com.cn:8183/?deviceType=mobile&devicePlatform=ios" "Mozilla/5.0 (iPhone; CPU iPhone OS 11_0 like Mac OS X) AppleWebKit/604.1.38 (KHTML, like Gecko) Version/11.0 Mobile/15A372 Safari/604.1"
58.209.16.133 - - [17/Jan/2019:10:07:59 +0800] "GET /js/common.js?v=1001 HTTP/1.1" 200 11633 "http://merp.yudo.com.cn:8183/?deviceType=mobile&devicePlatform=ios" "Mozilla/5.0 (iPhone; CPU iPhone OS 11_0 like Mac OS X) AppleWebKit/604.1.38 (KHTML, like Gecko) Version/11.0 Mobile/15A372 Safari/604.1"
58.209.16.133 - - [17/Jan/2019:10:07:59 +0800] "GET /image/icon_logout.png HTTP/1.1" 200 1682 "http://merp.yudo.com.cn:8183/?deviceType=mobile&devicePlatform=ios" "Mozilla/5.0 (iPhone; CPU iPhone OS 11_0 like Mac OS X) AppleWebKit/604.1.38 (KHTML, like Gecko) Version/11.0 Mobile/15A372 Safari/604.1"
58.209.16.133 - - [17/Jan/2019:10:07:59 +0800] "GET /JLAMPCommon/getCookieJson_prc HTTP/1.1" 200 62 "http://merp.yudo.com.cn:8183/?deviceType=mobile&devicePlatform=ios" "Mozilla/5.0 (iPhone; CPU iPhone OS 11_0 like Mac OS X) AppleWebKit/604.1.38 (KHTML, like Gecko) Version/11.0 Mobile/15A372 Safari/604.1"
58.209.16.133 - - [17/Jan/2019:10:08:00 +0800] "POST /main/setService HTTP/1.1" 200 44 "http://merp.yudo.com.cn:8183/?deviceType=mobile&devicePlatform=ios" "Mozilla/5.0 (iPhone; CPU iPhone OS 11_0 like Mac OS X) AppleWebKit/604.1.38 (KHTML, like Gecko) Version/11.0 Mobile/15A372 Safari/604.1"
112.96.112.50 - - [17/Jan/2019:10:08:03 +0800] "POST /WEI_2100/unSubAdjudication HTTP/1.1" 200 61 "http://merp.yudo.com.cn:8183/WEI_2100/WEI_2100?formKey=M20190117T092219540&menuSelection=asm" "Mozilla/5.0 (Linux; Android 9; LYA-AL00 Build/HUAWEILYA-AL00; wv) AppleWebKit/537.36 (KHTML, like Gecko) Version/4.0 Chrome/69.0.3497.100 Mobile Safari/537.36"
112.96.112.50 - - [17/Jan/2019:10:08:03 +0800] "GET /WEI_2100/as_minute?asid=2019010685 HTTP/1.1" 200 2186 "http://merp.yudo.com.cn:8183/WEI_2100/WEI_2100?formKey=M20190117T092219540&menuSelection=asm" "Mozilla/5.0 (Linux; Android 9; LYA-AL00 Build/HUAWEILYA-AL00; wv) AppleWebKit/537.36 (KHTML, like Gecko) Version/4.0 Chrome/69.0.3497.100 Mobile Safari/537.36"
112.96.112.50 - - [17/Jan/2019:10:08:03 +0800] "GET /WEI_2100/as_minute_table?asid=2019010685 HTTP/1.1" 200 369 "http://merp.yudo.com.cn:8183/WEI_2100/WEI_2100?formKey=M20190117T092219540&menuSelection=asm" "Mozilla/5.0 (Linux; Android 9; LYA-AL00 Build/HUAWEILYA-AL00; wv) AppleWebKit/537.36 (KHTML, like Gecko) Version/4.0 Chrome/69.0.3497.100 Mobile Safari/537.36"
112.96.112.50 - - [17/Jan/2019:10:08:04 +0800] "GET /WEI_2100/systemclass_mini_prc?bigsysid=AS10110010&minisysid=ascause_c HTTP/1.1" 200 869 "http://merp.yudo.com.cn:8183/WEI_2100/WEI_2100?formKey=M20190117T092219540&menuSelection=asm" "Mozilla/5.0 (Linux; Android 9; LYA-AL00 Build/HUAWEILYA-AL00; wv) AppleWebKit/537.36 (KHTML, like Gecko) Version/4.0 Chrome/69.0.3497.100 Mobile Safari/537.36"
112.96.112.50 - - [17/Jan/2019:10:08:04 +0800] "GET /WEI_2100/systemclass_mini_prc?bigsysid=SA10340020&minisysid=supplyscope_c1 HTTP/1.1" 200 1053 "http://merp.yudo.com.cn:8183/WEI_2100/WEI_2100?formKey=M20190117T092219540&menuSelection=asm" "Mozilla/5.0 (Linux; Android 9; LYA-AL00 Build/HUAWEILYA-AL00; wv) AppleWebKit/537.36 (KHTML, like Gecko) Version/4.0 Chrome/69.0.3497.100 Mobile Safari/537.36"
112.96.112.50 - - [17/Jan/2019:10:08:04 +0800] "GET /WEI_2100/systemclass_mini_prc?bigsysid=SA10370307&minisysid=supplyscope_c4 HTTP/1.1" 200 137 "http://merp.yudo.com.cn:8183/WEI_2100/WEI_2100?formKey=M20190117T092219540&menuSelection=asm" "Mozilla/5.0 (Linux; Android 9; LYA-AL00 Build/HUAWEILYA-AL00; wv) AppleWebKit/537.36 (KHTML, like Gecko) Version/4.0 Chrome/69.0.3497.100 Mobile Safari/537.36"
112.96.112.50 - - [17/Jan/2019:10:08:04 +0800] "GET /WEI_2100/systemclass_mini_prc?bigsysid=SA10350021&minisysid=supplyscope_c2 HTTP/1.1" 200 167 "http://merp.yudo.com.cn:8183/WEI_2100/WEI_2100?formKey=M20190117T092219540&menuSelection=asm" "Mozilla/5.0 (Linux; Android 9; LYA-AL00 Build/HUAWEILYA-AL00; wv) AppleWebKit/537.36 (KHTML, like Gecko) Version/4.0 Chrome/69.0.3497.100 Mobile Safari/537.36"
112.96.112.50 - - [17/Jan/2019:10:08:04 +0800] "GET /WEI_2100/systemclass_mini_prc?bigsysid=AS10060050&minisysid=asclass1_c HTTP/1.1" 200 844 "http://merp.yudo.com.cn:8183/WEI_2100/WEI_2100?formKey=M20190117T092219540&menuSelection=asm" "Mozilla/5.0 (Linux; Android 9; LYA-AL00 Build/HUAWEILYA-AL00; wv) AppleWebKit/537.36 (KHTML, like Gecko) Version/4.0 Chrome/69.0.3497.100 Mobile Safari/537.36"
112.96.112.50 - - [17/Jan/2019:10:08:04 +0800] "GET /WEI_2100/systemclass_mini_prc?bigsysid=SA10380471&minisysid=supplyscope_c5 HTTP/1.1" 200 616 "http://merp.yudo.com.cn:8183/WEI_2100/WEI_2100?formKey=M20190117T092219540&menuSelection=asm" "Mozilla/5.0 (Linux; Android 9; LYA-AL00 Build/HUAWEILYA-AL00; wv) AppleWebKit/537.36 (KHTML, like Gecko) Version/4.0 Chrome/69.0.3497.100 Mobile Safari/537.36"
112.96.112.50 - - [17/Jan/2019:10:08:04 +0800] "GET /WEI_2100/systemclass_mini_prc?bigsysid=SA10360100&minisysid=supplyscope_c3 HTTP/1.1" 200 202 "http://merp.yudo.com.cn:8183/WEI_2100/WEI_2100?formKey=M20190117T092219540&menuSelection=asm" "Mozilla/5.0 (Linux; Android 9; LYA-AL00 Build/HUAWEILYA-AL00; wv) AppleWebKit/537.36 (KHTML, like Gecko) Version/4.0 Chrome/69.0.3497.100 Mobile Safari/537.36"
::1 - - [17/Jan/2019:10:08:07 +0800] "OPTIONS * HTTP/1.0" 200 - "-" "Apache/2.4.6 (CentOS) PHP/5.6.32 (internal dummy connection)"
::1 - - [17/Jan/2019:10:08:08 +0800] "OPTIONS * HTTP/1.0" 200 - "-" "Apache/2.4.6 (CentOS) PHP/5.6.32 (internal dummy connection)"
58.209.16.133 - - [17/Jan/2019:10:08:08 +0800] "POST /main/login_prc HTTP/1.1" 200 74 "http://merp.yudo.com.cn:8183/?deviceType=mobile&devicePlatform=ios" "Mozilla/5.0 (iPhone; CPU iPhone OS 11_0 like Mac OS X) AppleWebKit/604.1.38 (KHTML, like Gecko) Version/11.0 Mobile/15A372 Safari/604.1"
112.96.112.50 - - [17/Jan/2019:10:08:12 +0800] "GET /WEI_2100/systemclass_mini_prc?bigsysid=AS10110020&minisysid=ascause_c HTTP/1.1" 200 107 "http://merp.yudo.com.cn:8183/WEI_2100/WEI_2100?formKey=M20190117T092219540&menuSelection=asm" "Mozilla/5.0 (Linux; Android 9; LYA-AL00 Build/HUAWEILYA-AL00; wv) AppleWebKit/537.36 (KHTML, like Gecko) Version/4.0 Chrome/69.0.3497.100 Mobile Safari/537.36"
::1 - - [17/Jan/2019:10:08:12 +0800] "OPTIONS * HTTP/1.0" 200 - "-" "Apache/2.4.6 (CentOS) PHP/5.6.32 (internal dummy connection)"
::1 - - [17/Jan/2019:10:08:13 +0800] "OPTIONS * HTTP/1.0" 200 - "-" "Apache/2.4.6 (CentOS) PHP/5.6.32 (internal dummy connection)"
::1 - - [17/Jan/2019:10:08:14 +0800] "OPTIONS * HTTP/1.0" 200 - "-" "Apache/2.4.6 (CentOS) PHP/5.6.32 (internal dummy connection)"
::1 - - [17/Jan/2019:10:08:15 +0800] "OPTIONS * HTTP/1.0" 200 - "-" "Apache/2.4.6 (CentOS) PHP/5.6.32 (internal dummy connection)"
::1 - - [17/Jan/2019:10:08:16 +0800] "OPTIONS * HTTP/1.0" 200 - "-" "Apache/2.4.6 (CentOS) PHP/5.6.32 (internal dummy connection)"
58.209.16.133 - - [17/Jan/2019:10:08:17 +0800] "POST /main/login_prc HTTP/1.1" 200 44 "http://merp.yudo.com.cn:8183/?deviceType=mobile&devicePlatform=ios" "Mozilla/5.0 (iPhone; CPU iPhone OS 11_0 like Mac OS X) AppleWebKit/604.1.38 (KHTML, like Gecko) Version/11.0 Mobile/15A372 Safari/604.1"
58.209.16.133 - - [17/Jan/2019:10:08:17 +0800] "POST /main/checkMenuAuth_prc HTTP/1.1" 200 44 "http://merp.yudo.com.cn:8183/?deviceType=mobile&devicePlatform=ios" "Mozilla/5.0 (iPhone; CPU iPhone OS 11_0 like Mac OS X) AppleWebKit/604.1.38 (KHTML, like Gecko) Version/11.0 Mobile/15A372 Safari/604.1"
58.209.16.133 - - [17/Jan/2019:10:08:17 +0800] "POST / HTTP/1.1" 302 149 "http://merp.yudo.com.cn:8183/?deviceType=mobile&devicePlatform=ios" "Mozilla/5.0 (iPhone; CPU iPhone OS 11_0 like Mac OS X) AppleWebKit/604.1.38 (KHTML, like Gecko) Version/11.0 Mobile/15A372 Safari/604.1"
58.209.16.133 - - [17/Jan/2019:10:08:17 +0800] "POST / HTTP/1.1" 302 149 "http://merp.yudo.com.cn:8183/?deviceType=mobile&devicePlatform=ios" "Mozilla/5.0 (iPhone; CPU iPhone OS 11_0 like Mac OS X) AppleWebKit/604.1.38 (KHTML, like Gecko) Version/11.0 Mobile/15A372 Safari/604.1"
58.209.16.133 - - [17/Jan/2019:10:08:17 +0800] "GET /Menu/Menu?formKey=M20190117T100632990 HTTP/1.1" 200 11899 "http://merp.yudo.com.cn:8183/?deviceType=mobile&devicePlatform=ios" "Mozilla/5.0 (iPhone; CPU iPhone OS 11_0 like Mac OS X) AppleWebKit/604.1.38 (KHTML, like Gecko) Version/11.0 Mobile/15A372 Safari/604.1"
58.209.16.133 - - [17/Jan/2019:10:08:17 +0800] "GET /css/yudo-ui.css?v=1082 HTTP/1.1" 304 - "http://merp.yudo.com.cn:8183/Menu/Menu?formKey=M20190117T100632990" "Mozilla/5.0 (iPhone; CPU iPhone OS 11_0 like Mac OS X) AppleWebKit/604.1.38 (KHTML, like Gecko) Version/11.0 Mobile/15A372 Safari/604.1"
58.209.16.133 - - [17/Jan/2019:10:08:17 +0800] "GET /image/fonticon/headDefault.jpg HTTP/1.1" 304 - "http://merp.yudo.com.cn:8183/Menu/Menu?formKey=M20190117T100632990" "Mozilla/5.0 (iPhone; CPU iPhone OS 11_0 like Mac OS X) AppleWebKit/604.1.38 (KHTML, like Gecko) Version/11.0 Mobile/15A372 Safari/604.1"
58.209.16.133 - - [17/Jan/2019:10:08:17 +0800] "GET /image/yudo-03.png HTTP/1.1" 304 - "http://merp.yudo.com.cn:8183/Menu/Menu?formKey=M20190117T100632990" "Mozilla/5.0 (iPhone; CPU iPhone OS 11_0 like Mac OS X) AppleWebKit/604.1.38 (KHTML, like Gecko) Version/11.0 Mobile/15A372 Safari/604.1"
58.209.16.133 - - [17/Jan/2019:10:08:17 +0800] "GET /image/yudo-01.png HTTP/1.1" 304 - "http://merp.yudo.com.cn:8183/Menu/Menu?formKey=M20190117T100632990" "Mozilla/5.0 (iPhone; CPU iPhone OS 11_0 like Mac OS X) AppleWebKit/604.1.38 (KHTML, like Gecko) Version/11.0 Mobile/15A372 Safari/604.1"
58.209.16.133 - - [17/Jan/2019:10:08:17 +0800] "GET /image/yudo-02.png HTTP/1.1" 304 - "http://merp.yudo.com.cn:8183/Menu/Menu?formKey=M20190117T100632990" "Mozilla/5.0 (iPhone; CPU iPhone OS 11_0 like Mac OS X) AppleWebKit/604.1.38 (KHTML, like Gecko) Version/11.0 Mobile/15A372 Safari/604.1"
58.209.16.133 - - [17/Jan/2019:10:08:17 +0800] "GET /image/fonticon/userMenu_icon.png HTTP/1.1" 304 - "http://merp.yudo.com.cn:8183/css/yudo-ui.css?v=1082" "Mozilla/5.0 (iPhone; CPU iPhone OS 11_0 like Mac OS X) AppleWebKit/604.1.38 (KHTML, like Gecko) Version/11.0 Mobile/15A372 Safari/604.1"
58.209.16.133 - - [17/Jan/2019:10:08:17 +0800] "GET /image/fonticon/quit_icon.png HTTP/1.1" 304 - "http://merp.yudo.com.cn:8183/css/yudo-ui.css?v=1082" "Mozilla/5.0 (iPhone; CPU iPhone OS 11_0 like Mac OS X) AppleWebKit/604.1.38 (KHTML, like Gecko) Version/11.0 Mobile/15A372 Safari/604.1"
58.209.16.133 - - [17/Jan/2019:10:08:17 +0800] "GET /image/fonticon/home_icon.png HTTP/1.1" 304 - "http://merp.yudo.com.cn:8183/css/yudo-ui.css?v=1082" "Mozilla/5.0 (iPhone; CPU iPhone OS 11_0 like Mac OS X) AppleWebKit/604.1.38 (KHTML, like Gecko) Version/11.0 Mobile/15A372 Safari/604.1"
58.209.16.133 - - [17/Jan/2019:10:08:17 +0800] "GET /image/fonticon/switchPass_icon.png HTTP/1.1" 304 - "http://merp.yudo.com.cn:8183/css/yudo-ui.css?v=1082" "Mozilla/5.0 (iPhone; CPU iPhone OS 11_0 like Mac OS X) AppleWebKit/604.1.38 (KHTML, like Gecko) Version/11.0 Mobile/15A372 Safari/604.1"
58.209.16.133 - - [17/Jan/2019:10:08:17 +0800] "GET /image/fonticon/refresh_icon.png HTTP/1.1" 304 - "http://merp.yudo.com.cn:8183/css/yudo-ui.css?v=1082" "Mozilla/5.0 (iPhone; CPU iPhone OS 11_0 like Mac OS X) AppleWebKit/604.1.38 (KHTML, like Gecko) Version/11.0 Mobile/15A372 Safari/604.1"
58.209.16.133 - - [17/Jan/2019:10:08:17 +0800] "GET /image/fonticon/loading_icon2.png HTTP/1.1" 304 - "http://merp.yudo.com.cn:8183/css/mui.min.css?v=1008" "Mozilla/5.0 (iPhone; CPU iPhone OS 11_0 like Mac OS X) AppleWebKit/604.1.38 (KHTML, like Gecko) Version/11.0 Mobile/15A372 Safari/604.1"
58.209.16.133 - - [17/Jan/2019:10:08:17 +0800] "GET /Menu/doMenuRows_prc?formKey=Menu HTTP/1.1" 200 1211 "http://merp.yudo.com.cn:8183/Menu/Menu?formKey=M20190117T100632990" "Mozilla/5.0 (iPhone; CPU iPhone OS 11_0 like Mac OS X) AppleWebKit/604.1.38 (KHTML, like Gecko) Version/11.0 Mobile/15A372 Safari/604.1"
58.209.16.133 - - [17/Jan/2019:10:08:17 +0800] "GET /JLAMPCommon/getCookieJson_prc HTTP/1.1" 200 914 "http://merp.yudo.com.cn:8183/Menu/Menu?formKey=M20190117T100632990" "Mozilla/5.0 (iPhone; CPU iPhone OS 11_0 like Mac OS X) AppleWebKit/604.1.38 (KHTML, like Gecko) Version/11.0 Mobile/15A372 Safari/604.1"
58.209.16.133 - - [17/Jan/2019:10:08:18 +0800] "GET /image/fonticon/salesPlan_icon.png HTTP/1.1" 304 - "http://merp.yudo.com.cn:8183/css/yudo-ui.css?v=1082" "Mozilla/5.0 (iPhone; CPU iPhone OS 11_0 like Mac OS X) AppleWebKit/604.1.38 (KHTML, like Gecko) Version/11.0 Mobile/15A372 Safari/604.1"
58.209.16.133 - - [17/Jan/2019:10:08:18 +0800] "GET /image/fonticon/workPlan_icon.png HTTP/1.1" 304 - "http://merp.yudo.com.cn:8183/css/yudo-ui.css?v=1082" "Mozilla/5.0 (iPhone; CPU iPhone OS 11_0 like Mac OS X) AppleWebKit/604.1.38 (KHTML, like Gecko) Version/11.0 Mobile/15A372 Safari/604.1"
58.209.16.133 - - [17/Jan/2019:10:08:18 +0800] "GET /image/fonticon/as_icon.png HTTP/1.1" 304 - "http://merp.yudo.com.cn:8183/css/yudo-ui.css?v=1082" "Mozilla/5.0 (iPhone; CPU iPhone OS 11_0 like Mac OS X) AppleWebKit/604.1.38 (KHTML, like Gecko) Version/11.0 Mobile/15A372 Safari/604.1"
58.209.16.133 - - [17/Jan/2019:10:08:18 +0800] "GET /image/fonticon/zuzhuang_icon.png HTTP/1.1" 304 - "http://merp.yudo.com.cn:8183/css/yudo-ui.css?v=1082" "Mozilla/5.0 (iPhone; CPU iPhone OS 11_0 like Mac OS X) AppleWebKit/604.1.38 (KHTML, like Gecko) Version/11.0 Mobile/15A372 Safari/604.1"
58.209.16.133 - - [17/Jan/2019:10:08:18 +0800] "GET /Menu/getLoginInfo HTTP/1.1" 200 172 "http://merp.yudo.com.cn:8183/Menu/Menu?formKey=M20190117T100632990" "Mozilla/5.0 (iPhone; CPU iPhone OS 11_0 like Mac OS X) AppleWebKit/604.1.38 (KHTML, like Gecko) Version/11.0 Mobile/15A372 Safari/604.1"
58.209.16.133 - - [17/Jan/2019:10:08:20 +0800] "GET /Menu/ChangePassWd HTTP/1.1" 200 4627 "http://merp.yudo.com.cn:8183/Menu/Menu?formKey=M20190117T100632990" "Mozilla/5.0 (iPhone; CPU iPhone OS 11_0 like Mac OS X) AppleWebKit/604.1.38 (KHTML, like Gecko) Version/11.0 Mobile/15A372 Safari/604.1"
58.209.16.133 - - [17/Jan/2019:10:08:20 +0800] "GET /css/yudo-ui.css?v=1050 HTTP/1.1" 304 - "http://merp.yudo.com.cn:8183/Menu/ChangePassWd" "Mozilla/5.0 (iPhone; CPU iPhone OS 11_0 like Mac OS X) AppleWebKit/604.1.38 (KHTML, like Gecko) Version/11.0 Mobile/15A372 Safari/604.1"
58.209.16.133 - - [17/Jan/2019:10:08:20 +0800] "GET /js/Menu/ChangePassWd.js?v=1001 HTTP/1.1" 304 - "http://merp.yudo.com.cn:8183/Menu/ChangePassWd" "Mozilla/5.0 (iPhone; CPU iPhone OS 11_0 like Mac OS X) AppleWebKit/604.1.38 (KHTML, like Gecko) Version/11.0 Mobile/15A372 Safari/604.1"
58.209.16.133 - - [17/Jan/2019:10:08:20 +0800] "GET /JLAMPCommon/getCookieJson_prc HTTP/1.1" 200 914 "http://merp.yudo.com.cn:8183/Menu/ChangePassWd" "Mozilla/5.0 (iPhone; CPU iPhone OS 11_0 like Mac OS X) AppleWebKit/604.1.38 (KHTML, like Gecko) Version/11.0 Mobile/15A372 Safari/604.1"
112.96.112.50 - - [17/Jan/2019:10:08:21 +0800] "GET /WEI_2100/systemclass_mini_prc?bigsysid=AS10060050&minisysid=asclass1_c HTTP/1.1" 200 844 "http://merp.yudo.com.cn:8183/WEI_2100/WEI_2100?formKey=M20190117T092219540&menuSelection=asm" "Mozilla/5.0 (Linux; Android 9; LYA-AL00 Build/HUAWEILYA-AL00; wv) AppleWebKit/537.36 (KHTML, like Gecko) Version/4.0 Chrome/69.0.3497.100 Mobile Safari/537.36"
58.209.16.133 - - [17/Jan/2019:10:08:25 +0800] "POST /Menu/ChangePassWd/savePassWd HTTP/1.1" 200 61 "http://merp.yudo.com.cn:8183/Menu/ChangePassWd" "Mozilla/5.0 (iPhone; CPU iPhone OS 11_0 like Mac OS X) AppleWebKit/604.1.38 (KHTML, like Gecko) Version/11.0 Mobile/15A372 Safari/604.1"
58.209.16.133 - - [17/Jan/2019:10:08:28 +0800] "GET /Menu/Menu/menuLists?formKey=undefined&menuSelection=undefined HTTP/1.1" 200 11899 "http://merp.yudo.com.cn:8183/Menu/ChangePassWd" "Mozilla/5.0 (iPhone; CPU iPhone OS 11_0 like Mac OS X) AppleWebKit/604.1.38 (KHTML, like Gecko) Version/11.0 Mobile/15A372 Safari/604.1"
58.209.16.133 - - [17/Jan/2019:10:08:28 +0800] "GET /js/Menu/Menu.js?v=2001 HTTP/1.1" 304 - "http://merp.yudo.com.cn:8183/Menu/Menu/menuLists?formKey=undefined&menuSelection=undefined" "Mozilla/5.0 (iPhone; CPU iPhone OS 11_0 like Mac OS X) AppleWebKit/604.1.38 (KHTML, like Gecko) Version/11.0 Mobile/15A372 Safari/604.1"
58.209.16.133 - - [17/Jan/2019:10:08:28 +0800] "GET /Menu/doMenuRows_prc?formKey=Menu HTTP/1.1" 200 1211 "http://merp.yudo.com.cn:8183/Menu/Menu/menuLists?formKey=undefined&menuSelection=undefined" "Mozilla/5.0 (iPhone; CPU iPhone OS 11_0 like Mac OS X) AppleWebKit/604.1.38 (KHTML, like Gecko) Version/11.0 Mobile/15A372 Safari/604.1"
58.209.16.133 - - [17/Jan/2019:10:08:28 +0800] "GET /JLAMPCommon/getCookieJson_prc HTTP/1.1" 200 914 "http://merp.yudo.com.cn:8183/Menu/Menu/menuLists?formKey=undefined&menuSelection=undefined" "Mozilla/5.0 (iPhone; CPU iPhone OS 11_0 like Mac OS X) AppleWebKit/604.1.38 (KHTML, like Gecko) Version/11.0 Mobile/15A372 Safari/604.1"
58.209.16.133 - - [17/Jan/2019:10:08:29 +0800] "GET /Menu/getLoginInfo HTTP/1.1" 200 172 "http://merp.yudo.com.cn:8183/Menu/Menu/menuLists?formKey=undefined&menuSelection=undefined" "Mozilla/5.0 (iPhone; CPU iPhone OS 11_0 like Mac OS X) AppleWebKit/604.1.38 (KHTML, like Gecko) Version/11.0 Mobile/15A372 Safari/604.1"
112.96.112.50 - - [17/Jan/2019:10:08:30 +0800] "POST /WEI_2100/save_as HTTP/1.1" 200 76 "http://merp.yudo.com.cn:8183/WEI_2100/WEI_2100?formKey=M20190117T092219540&menuSelection=asm" "Mozilla/5.0 (Linux; Android 9; LYA-AL00 Build/HUAWEILYA-AL00; wv) AppleWebKit/537.36 (KHTML, like Gecko) Version/4.0 Chrome/69.0.3497.100 Mobile Safari/537.36"
112.96.112.50 - - [17/Jan/2019:10:08:30 +0800] "GET /WEI_2100/as_minute?asid=2019010685 HTTP/1.1" 200 2169 "http://merp.yudo.com.cn:8183/WEI_2100/WEI_2100?formKey=M20190117T092219540&menuSelection=asm" "Mozilla/5.0 (Linux; Android 9; LYA-AL00 Build/HUAWEILYA-AL00; wv) AppleWebKit/537.36 (KHTML, like Gecko) Version/4.0 Chrome/69.0.3497.100 Mobile Safari/537.36"
112.96.112.50 - - [17/Jan/2019:10:08:30 +0800] "GET /WEI_2100/as_minute_table?asid=2019010685 HTTP/1.1" 200 369 "http://merp.yudo.com.cn:8183/WEI_2100/WEI_2100?formKey=M20190117T092219540&menuSelection=asm" "Mozilla/5.0 (Linux; Android 9; LYA-AL00 Build/HUAWEILYA-AL00; wv) AppleWebKit/537.36 (KHTML, like Gecko) Version/4.0 Chrome/69.0.3497.100 Mobile Safari/537.36"
112.96.112.50 - - [17/Jan/2019:10:08:31 +0800] "GET /WEI_2100/systemclass_mini_prc?bigsysid=AS10110020&minisysid=ascause_c HTTP/1.1" 200 107 "http://merp.yudo.com.cn:8183/WEI_2100/WEI_2100?formKey=M20190117T092219540&menuSelection=asm" "Mozilla/5.0 (Linux; Android 9; LYA-AL00 Build/HUAWEILYA-AL00; wv) AppleWebKit/537.36 (KHTML, like Gecko) Version/4.0 Chrome/69.0.3497.100 Mobile Safari/537.36"
112.96.112.50 - - [17/Jan/2019:10:08:31 +0800] "GET /WEI_2100/systemclass_mini_prc?bigsysid=SA10340020&minisysid=supplyscope_c1 HTTP/1.1" 200 1053 "http://merp.yudo.com.cn:8183/WEI_2100/WEI_2100?formKey=M20190117T092219540&menuSelection=asm" "Mozilla/5.0 (Linux; Android 9; LYA-AL00 Build/HUAWEILYA-AL00; wv) AppleWebKit/537.36 (KHTML, like Gecko) Version/4.0 Chrome/69.0.3497.100 Mobile Safari/537.36"
112.96.112.50 - - [17/Jan/2019:10:08:31 +0800] "GET /WEI_2100/systemclass_mini_prc?bigsysid=AS10060050&minisysid=asclass1_c HTTP/1.1" 200 844 "http://merp.yudo.com.cn:8183/WEI_2100/WEI_2100?formKey=M20190117T092219540&menuSelection=asm" "Mozilla/5.0 (Linux; Android 9; LYA-AL00 Build/HUAWEILYA-AL00; wv) AppleWebKit/537.36 (KHTML, like Gecko) Version/4.0 Chrome/69.0.3497.100 Mobile Safari/537.36"
112.96.112.50 - - [17/Jan/2019:10:08:31 +0800] "GET /WEI_2100/systemclass_mini_prc?bigsysid=SA10370307&minisysid=supplyscope_c4 HTTP/1.1" 200 137 "http://merp.yudo.com.cn:8183/WEI_2100/WEI_2100?formKey=M20190117T092219540&menuSelection=asm" "Mozilla/5.0 (Linux; Android 9; LYA-AL00 Build/HUAWEILYA-AL00; wv) AppleWebKit/537.36 (KHTML, like Gecko) Version/4.0 Chrome/69.0.3497.100 Mobile Safari/537.36"
112.96.112.50 - - [17/Jan/2019:10:08:31 +0800] "GET /WEI_2100/systemclass_mini_prc?bigsysid=SA10380471&minisysid=supplyscope_c5 HTTP/1.1" 200 616 "http://merp.yudo.com.cn:8183/WEI_2100/WEI_2100?formKey=M20190117T092219540&menuSelection=asm" "Mozilla/5.0 (Linux; Android 9; LYA-AL00 Build/HUAWEILYA-AL00; wv) AppleWebKit/537.36 (KHTML, like Gecko) Version/4.0 Chrome/69.0.3497.100 Mobile Safari/537.36"
112.96.112.50 - - [17/Jan/2019:10:08:31 +0800] "GET /WEI_2100/systemclass_mini_prc?bigsysid=SA10350021&minisysid=supplyscope_c2 HTTP/1.1" 200 167 "http://merp.yudo.com.cn:8183/WEI_2100/WEI_2100?formKey=M20190117T092219540&menuSelection=asm" "Mozilla/5.0 (Linux; Android 9; LYA-AL00 Build/HUAWEILYA-AL00; wv) AppleWebKit/537.36 (KHTML, like Gecko) Version/4.0 Chrome/69.0.3497.100 Mobile Safari/537.36"
112.96.112.50 - - [17/Jan/2019:10:08:31 +0800] "GET /WEI_2100/systemclass_mini_prc?bigsysid=SA10360100&minisysid=supplyscope_c3 HTTP/1.1" 200 202 "http://merp.yudo.com.cn:8183/WEI_2100/WEI_2100?formKey=M20190117T092219540&menuSelection=asm" "Mozilla/5.0 (Linux; Android 9; LYA-AL00 Build/HUAWEILYA-AL00; wv) AppleWebKit/537.36 (KHTML, like Gecko) Version/4.0 Chrome/69.0.3497.100 Mobile Safari/537.36"
::1 - - [17/Jan/2019:10:08:39 +0800] "OPTIONS * HTTP/1.0" 200 - "-" "Apache/2.4.6 (CentOS) PHP/5.6.32 (internal dummy connection)"
::1 - - [17/Jan/2019:10:08:40 +0800] "OPTIONS * HTTP/1.0" 200 - "-" "Apache/2.4.6 (CentOS) PHP/5.6.32 (internal dummy connection)"
::1 - - [17/Jan/2019:10:08:41 +0800] "OPTIONS * HTTP/1.0" 200 - "-" "Apache/2.4.6 (CentOS) PHP/5.6.32 (internal dummy connection)"
::1 - - [17/Jan/2019:10:08:42 +0800] "OPTIONS * HTTP/1.0" 200 - "-" "Apache/2.4.6 (CentOS) PHP/5.6.32 (internal dummy connection)"
112.96.112.50 - - [17/Jan/2019:10:08:56 +0800] "POST /WEI_2100/subAdjudication HTTP/1.1" 200 71 "http://merp.yudo.com.cn:8183/WEI_2100/WEI_2100?formKey=M20190117T092219540&menuSelection=asm" "Mozilla/5.0 (Linux; Android 9; LYA-AL00 Build/HUAWEILYA-AL00; wv) AppleWebKit/537.36 (KHTML, like Gecko) Version/4.0 Chrome/69.0.3497.100 Mobile Safari/537.36"
112.96.112.50 - - [17/Jan/2019:10:08:57 +0800] "GET /WEI_2100/as_minute?asid=2019010685 HTTP/1.1" 200 2169 "http://merp.yudo.com.cn:8183/WEI_2100/WEI_2100?formKey=M20190117T092219540&menuSelection=asm" "Mozilla/5.0 (Linux; Android 9; LYA-AL00 Build/HUAWEILYA-AL00; wv) AppleWebKit/537.36 (KHTML, like Gecko) Version/4.0 Chrome/69.0.3497.100 Mobile Safari/537.36"
58.209.16.133 - - [17/Jan/2019:10:09:02 +0800] "GET /JLAMPCommon/getCookieJson_prc HTTP/1.1" 200 914 "http://merp.yudo.com.cn:8183/?deviceType=mobile&devicePlatform=android" "Mozilla/5.0 (Linux; Android 8.1.0; MI 6X Build/OPM1.171019.011; wv) AppleWebKit/537.36 (KHTML, like Gecko) Version/4.0 Chrome/62.0.3202.84 Mobile Safari/537.36"
58.209.16.133 - - [17/Jan/2019:10:09:02 +0800] "POST /main/setService HTTP/1.1" 200 44 "http://merp.yudo.com.cn:8183/?deviceType=mobile&devicePlatform=android" "Mozilla/5.0 (Linux; Android 8.1.0; MI 6X Build/OPM1.171019.011; wv) AppleWebKit/537.36 (KHTML, like Gecko) Version/4.0 Chrome/62.0.3202.84 Mobile Safari/537.36"
58.209.16.133 - - [17/Jan/2019:10:09:03 +0800] "GET /image/favicon.ico HTTP/1.1" 404 1506 "http://merp.yudo.com.cn:8183/?deviceType=mobile&devicePlatform=android" "Mozilla/5.0 (Linux; Android 8.1.0; MI 6X Build/OPM1.171019.011; wv) AppleWebKit/537.36 (KHTML, like Gecko) Version/4.0 Chrome/62.0.3202.84 Mobile Safari/537.36"
112.96.112.50 - - [17/Jan/2019:10:08:57 +0800] "POST /WEI_2100/as_sendSmsToUser HTTP/1.1" 200 1004 "http://merp.yudo.com.cn:8183/WEI_2100/WEI_2100?formKey=M20190117T092219540&menuSelection=asm" "Mozilla/5.0 (Linux; Android 9; LYA-AL00 Build/HUAWEILYA-AL00; wv) AppleWebKit/537.36 (KHTML, like Gecko) Version/4.0 Chrome/69.0.3497.100 Mobile Safari/537.36"
112.96.112.50 - - [17/Jan/2019:10:08:57 +0800] "GET /WEI_2100/as_minute_table?asid=2019010685 HTTP/1.1" 200 369 "http://merp.yudo.com.cn:8183/WEI_2100/WEI_2100?formKey=M20190117T092219540&menuSelection=asm" "Mozilla/5.0 (Linux; Android 9; LYA-AL00 Build/HUAWEILYA-AL00; wv) AppleWebKit/537.36 (KHTML, like Gecko) Version/4.0 Chrome/69.0.3497.100 Mobile Safari/537.36"
58.209.16.133 - - [17/Jan/2019:10:09:10 +0800] "POST /main/login_prc HTTP/1.1" 200 44 "http://merp.yudo.com.cn:8183/?deviceType=mobile&devicePlatform=android" "Mozilla/5.0 (Linux; Android 8.1.0; MI 6X Build/OPM1.171019.011; wv) AppleWebKit/537.36 (KHTML, like Gecko) Version/4.0 Chrome/62.0.3202.84 Mobile Safari/537.36"
58.209.16.133 - - [17/Jan/2019:10:09:10 +0800] "POST /main/checkMenuAuth_prc HTTP/1.1" 200 44 "http://merp.yudo.com.cn:8183/?deviceType=mobile&devicePlatform=android" "Mozilla/5.0 (Linux; Android 8.1.0; MI 6X Build/OPM1.171019.011; wv) AppleWebKit/537.36 (KHTML, like Gecko) Version/4.0 Chrome/62.0.3202.84 Mobile Safari/537.36"
58.209.16.133 - - [17/Jan/2019:10:09:10 +0800] "POST / HTTP/1.1" 302 149 "http://merp.yudo.com.cn:8183/?deviceType=mobile&devicePlatform=android" "Mozilla/5.0 (Linux; Android 8.1.0; MI 6X Build/OPM1.171019.011; wv) AppleWebKit/537.36 (KHTML, like Gecko) Version/4.0 Chrome/62.0.3202.84 Mobile Safari/537.36"
58.209.16.133 - - [17/Jan/2019:10:09:10 +0800] "POST / HTTP/1.1" 302 149 "http://merp.yudo.com.cn:8183/?deviceType=mobile&devicePlatform=android" "Mozilla/5.0 (Linux; Android 8.1.0; MI 6X Build/OPM1.171019.011; wv) AppleWebKit/537.36 (KHTML, like Gecko) Version/4.0 Chrome/62.0.3202.84 Mobile Safari/537.36"
58.209.16.133 - - [17/Jan/2019:10:09:11 +0800] "GET /Menu/Menu?formKey=M20190117T100726690 HTTP/1.1" 200 11899 "http://merp.yudo.com.cn:8183/?deviceType=mobile&devicePlatform=android" "Mozilla/5.0 (Linux; Android 8.1.0; MI 6X Build/OPM1.171019.011; wv) AppleWebKit/537.36 (KHTML, like Gecko) Version/4.0 Chrome/62.0.3202.84 Mobile Safari/537.36"
58.209.16.133 - - [17/Jan/2019:10:09:11 +0800] "GET /css/yudo-ui.css?v=1082 HTTP/1.1" 200 23327 "http://merp.yudo.com.cn:8183/Menu/Menu?formKey=M20190117T100726690" "Mozilla/5.0 (Linux; Android 8.1.0; MI 6X Build/OPM1.171019.011; wv) AppleWebKit/537.36 (KHTML, like Gecko) Version/4.0 Chrome/62.0.3202.84 Mobile Safari/537.36"
58.209.16.133 - - [17/Jan/2019:10:09:11 +0800] "GET /css/mui.picker.min.css HTTP/1.1" 200 4843 "http://merp.yudo.com.cn:8183/Menu/Menu?formKey=M20190117T100726690" "Mozilla/5.0 (Linux; Android 8.1.0; MI 6X Build/OPM1.171019.011; wv) AppleWebKit/537.36 (KHTML, like Gecko) Version/4.0 Chrome/62.0.3202.84 Mobile Safari/537.36"
58.209.16.133 - - [17/Jan/2019:10:09:11 +0800] "GET /css/mui.min.css?v=1008 HTTP/1.1" 200 76587 "http://merp.yudo.com.cn:8183/Menu/Menu?formKey=M20190117T100726690" "Mozilla/5.0 (Linux; Android 8.1.0; MI 6X Build/OPM1.171019.011; wv) AppleWebKit/537.36 (KHTML, like Gecko) Version/4.0 Chrome/62.0.3202.84 Mobile Safari/537.36"
58.209.16.133 - - [17/Jan/2019:10:09:11 +0800] "GET /css/animate.min.css HTTP/1.1" 200 52799 "http://merp.yudo.com.cn:8183/Menu/Menu?formKey=M20190117T100726690" "Mozilla/5.0 (Linux; Android 8.1.0; MI 6X Build/OPM1.171019.011; wv) AppleWebKit/537.36 (KHTML, like Gecko) Version/4.0 Chrome/62.0.3202.84 Mobile Safari/537.36"
58.209.16.133 - - [17/Jan/2019:10:09:11 +0800] "GET /js/multiHttp.js?v=1002 HTTP/1.1" 200 7163 "http://merp.yudo.com.cn:8183/Menu/Menu?formKey=M20190117T100726690" "Mozilla/5.0 (Linux; Android 8.1.0; MI 6X Build/OPM1.171019.011; wv) AppleWebKit/537.36 (KHTML, like Gecko) Version/4.0 Chrome/62.0.3202.84 Mobile Safari/537.36"
58.209.16.133 - - [17/Jan/2019:10:09:11 +0800] "GET /js/mui.min.js?v=1001 HTTP/1.1" 200 115810 "http://merp.yudo.com.cn:8183/Menu/Menu?formKey=M20190117T100726690" "Mozilla/5.0 (Linux; Android 8.1.0; MI 6X Build/OPM1.171019.011; wv) AppleWebKit/537.36 (KHTML, like Gecko) Version/4.0 Chrome/62.0.3202.84 Mobile Safari/537.36"
58.209.16.133 - - [17/Jan/2019:10:09:11 +0800] "GET /js/lang.min.js?v=1001 HTTP/1.1" 200 904 "http://merp.yudo.com.cn:8183/Menu/Menu?formKey=M20190117T100726690" "Mozilla/5.0 (Linux; Android 8.1.0; MI 6X Build/OPM1.171019.011; wv) AppleWebKit/537.36 (KHTML, like Gecko) Version/4.0 Chrome/62.0.3202.84 Mobile Safari/537.36"
58.209.16.133 - - [17/Jan/2019:10:09:11 +0800] "GET /js/mui.previewimage.js?v=201804261256 HTTP/1.1" 200 13324 "http://merp.yudo.com.cn:8183/Menu/Menu?formKey=M20190117T100726690" "Mozilla/5.0 (Linux; Android 8.1.0; MI 6X Build/OPM1.171019.011; wv) AppleWebKit/537.36 (KHTML, like Gecko) Version/4.0 Chrome/62.0.3202.84 Mobile Safari/537.36"
58.209.16.133 - - [17/Jan/2019:10:09:11 +0800] "GET /js/mui.zoom.js?v=201804231454 HTTP/1.1" 200 11703 "http://merp.yudo.com.cn:8183/Menu/Menu?formKey=M20190117T100726690" "Mozilla/5.0 (Linux; Android 8.1.0; MI 6X Build/OPM1.171019.011; wv) AppleWebKit/537.36 (KHTML, like Gecko) Version/4.0 Chrome/62.0.3202.84 Mobile Safari/537.36"
58.209.16.133 - - [17/Jan/2019:10:09:11 +0800] "GET /js/mui.picker.min.js?v=1001 HTTP/1.1" 200 18411 "http://merp.yudo.com.cn:8183/Menu/Menu?formKey=M20190117T100726690" "Mozilla/5.0 (Linux; Android 8.1.0; MI 6X Build/OPM1.171019.011; wv) AppleWebKit/537.36 (KHTML, like Gecko) Version/4.0 Chrome/62.0.3202.84 Mobile Safari/537.36"
58.209.16.133 - - [17/Jan/2019:10:09:11 +0800] "GET /js/common.js HTTP/1.1" 200 11633 "http://merp.yudo.com.cn:8183/Menu/Menu?formKey=M20190117T100726690" "Mozilla/5.0 (Linux; Android 8.1.0; MI 6X Build/OPM1.171019.011; wv) AppleWebKit/537.36 (KHTML, like Gecko) Version/4.0 Chrome/62.0.3202.84 Mobile Safari/537.36"
58.209.16.133 - - [17/Jan/2019:10:09:11 +0800] "GET /js/vue.js HTTP/1.1" 200 289301 "http://merp.yudo.com.cn:8183/Menu/Menu?formKey=M20190117T100726690" "Mozilla/5.0 (Linux; Android 8.1.0; MI 6X Build/OPM1.171019.011; wv) AppleWebKit/537.36 (KHTML, like Gecko) Version/4.0 Chrome/62.0.3202.84 Mobile Safari/537.36"
112.96.112.50 - - [17/Jan/2019:10:08:58 +0800] "GET /WEI_2100/systemclass_mini_prc?bigsysid=SA10340020&minisysid=supplyscope_c1 HTTP/1.1" 200 1053 "http://merp.yudo.com.cn:8183/WEI_2100/WEI_2100?formKey=M20190117T092219540&menuSelection=asm" "Mozilla/5.0 (Linux; Android 9; LYA-AL00 Build/HUAWEILYA-AL00; wv) AppleWebKit/537.36 (KHTML, like Gecko) Version/4.0 Chrome/69.0.3497.100 Mobile Safari/537.36"
58.209.16.133 - - [17/Jan/2019:10:09:12 +0800] "GET /js/Menu/Menu.js?v=2001 HTTP/1.1" 200 4611 "http://merp.yudo.com.cn:8183/Menu/Menu?formKey=M20190117T100726690" "Mozilla/5.0 (Linux; Android 8.1.0; MI 6X Build/OPM1.171019.011; wv) AppleWebKit/537.36 (KHTML, like Gecko) Version/4.0 Chrome/62.0.3202.84 Mobile Safari/537.36"
58.209.16.133 - - [17/Jan/2019:10:09:12 +0800] "GET /image/fonticon/headDefault.jpg HTTP/1.1" 200 2436 "http://merp.yudo.com.cn:8183/Menu/Menu?formKey=M20190117T100726690" "Mozilla/5.0 (Linux; Android 8.1.0; MI 6X Build/OPM1.171019.011; wv) AppleWebKit/537.36 (KHTML, like Gecko) Version/4.0 Chrome/62.0.3202.84 Mobile Safari/537.36"
58.209.16.133 - - [17/Jan/2019:10:09:12 +0800] "GET /image/yudo-03.png HTTP/1.1" 200 288963 "http://merp.yudo.com.cn:8183/Menu/Menu?formKey=M20190117T100726690" "Mozilla/5.0 (Linux; Android 8.1.0; MI 6X Build/OPM1.171019.011; wv) AppleWebKit/537.36 (KHTML, like Gecko) Version/4.0 Chrome/62.0.3202.84 Mobile Safari/537.36"
58.209.16.133 - - [17/Jan/2019:10:09:12 +0800] "GET /image/yudo-01.png HTTP/1.1" 200 381770 "http://merp.yudo.com.cn:8183/Menu/Menu?formKey=M20190117T100726690" "Mozilla/5.0 (Linux; Android 8.1.0; MI 6X Build/OPM1.171019.011; wv) AppleWebKit/537.36 (KHTML, like Gecko) Version/4.0 Chrome/62.0.3202.84 Mobile Safari/537.36"
112.96.112.50 - - [17/Jan/2019:10:08:58 +0800] "GET /WEI_2100/systemclass_mini_prc?bigsysid=AS10060050&minisysid=asclass1_c HTTP/1.1" 200 844 "http://merp.yudo.com.cn:8183/WEI_2100/WEI_2100?formKey=M20190117T092219540&menuSelection=asm" "Mozilla/5.0 (Linux; Android 9; LYA-AL00 Build/HUAWEILYA-AL00; wv) AppleWebKit/537.36 (KHTML, like Gecko) Version/4.0 Chrome/69.0.3497.100 Mobile Safari/537.36"
112.96.112.50 - - [17/Jan/2019:10:08:58 +0800] "GET /WEI_2100/systemclass_mini_prc?bigsysid=SA10350021&minisysid=supplyscope_c2 HTTP/1.1" 200 167 "http://merp.yudo.com.cn:8183/WEI_2100/WEI_2100?formKey=M20190117T092219540&menuSelection=asm" "Mozilla/5.0 (Linux; Android 9; LYA-AL00 Build/HUAWEILYA-AL00; wv) AppleWebKit/537.36 (KHTML, like Gecko) Version/4.0 Chrome/69.0.3497.100 Mobile Safari/537.36"
58.209.16.133 - - [17/Jan/2019:10:09:12 +0800] "GET /image/yudo-02.png HTTP/1.1" 200 358241 "http://merp.yudo.com.cn:8183/Menu/Menu?formKey=M20190117T100726690" "Mozilla/5.0 (Linux; Android 8.1.0; MI 6X Build/OPM1.171019.011; wv) AppleWebKit/537.36 (KHTML, like Gecko) Version/4.0 Chrome/62.0.3202.84 Mobile Safari/537.36"
112.96.112.50 - - [17/Jan/2019:10:08:58 +0800] "GET /WEI_2100/systemclass_mini_prc?bigsysid=AS10110020&minisysid=ascause_c HTTP/1.1" 200 107 "http://merp.yudo.com.cn:8183/WEI_2100/WEI_2100?formKey=M20190117T092219540&menuSelection=asm" "Mozilla/5.0 (Linux; Android 9; LYA-AL00 Build/HUAWEILYA-AL00; wv) AppleWebKit/537.36 (KHTML, like Gecko) Version/4.0 Chrome/69.0.3497.100 Mobile Safari/537.36"
58.209.16.133 - - [17/Jan/2019:10:09:11 +0800] "GET /js/echarts.min.js HTTP/1.1" 200 744675 "http://merp.yudo.com.cn:8183/Menu/Menu?formKey=M20190117T100726690" "Mozilla/5.0 (Linux; Android 8.1.0; MI 6X Build/OPM1.171019.011; wv) AppleWebKit/537.36 (KHTML, like Gecko) Version/4.0 Chrome/62.0.3202.84 Mobile Safari/537.36"
58.209.16.133 - - [17/Jan/2019:10:09:13 +0800] "GET /image/fonticon/refresh_icon.png HTTP/1.1" 200 2550 "http://merp.yudo.com.cn:8183/css/yudo-ui.css?v=1082" "Mozilla/5.0 (Linux; Android 8.1.0; MI 6X Build/OPM1.171019.011; wv) AppleWebKit/537.36 (KHTML, like Gecko) Version/4.0 Chrome/62.0.3202.84 Mobile Safari/537.36"
58.209.16.133 - - [17/Jan/2019:10:09:13 +0800] "GET /image/fonticon/home_icon.png HTTP/1.1" 200 1180 "http://merp.yudo.com.cn:8183/css/yudo-ui.css?v=1082" "Mozilla/5.0 (Linux; Android 8.1.0; MI 6X Build/OPM1.171019.011; wv) AppleWebKit/537.36 (KHTML, like Gecko) Version/4.0 Chrome/62.0.3202.84 Mobile Safari/537.36"
58.209.16.133 - - [17/Jan/2019:10:09:13 +0800] "GET /image/fonticon/switchPass_icon.png HTTP/1.1" 200 1480 "http://merp.yudo.com.cn:8183/css/yudo-ui.css?v=1082" "Mozilla/5.0 (Linux; Android 8.1.0; MI 6X Build/OPM1.171019.011; wv) AppleWebKit/537.36 (KHTML, like Gecko) Version/4.0 Chrome/62.0.3202.84 Mobile Safari/537.36"
58.209.16.133 - - [17/Jan/2019:10:09:13 +0800] "GET /image/fonticon/quit_icon.png HTTP/1.1" 200 1268 "http://merp.yudo.com.cn:8183/css/yudo-ui.css?v=1082" "Mozilla/5.0 (Linux; Android 8.1.0; MI 6X Build/OPM1.171019.011; wv) AppleWebKit/537.36 (KHTML, like Gecko) Version/4.0 Chrome/62.0.3202.84 Mobile Safari/537.36"
58.209.16.133 - - [17/Jan/2019:10:09:13 +0800] "GET /image/fonticon/userMenu_icon.png HTTP/1.1" 200 412 "http://merp.yudo.com.cn:8183/css/yudo-ui.css?v=1082" "Mozilla/5.0 (Linux; Android 8.1.0; MI 6X Build/OPM1.171019.011; wv) AppleWebKit/537.36 (KHTML, like Gecko) Version/4.0 Chrome/62.0.3202.84 Mobile Safari/537.36"
58.209.16.133 - - [17/Jan/2019:10:09:13 +0800] "GET /fonts/mui.ttf HTTP/1.1" 200 29884 "http://merp.yudo.com.cn:8183/css/mui.min.css?v=1008" "Mozilla/5.0 (Linux; Android 8.1.0; MI 6X Build/OPM1.171019.011; wv) AppleWebKit/537.36 (KHTML, like Gecko) Version/4.0 Chrome/62.0.3202.84 Mobile Safari/537.36"
58.209.16.133 - - [17/Jan/2019:10:09:13 +0800] "GET /image/fonticon/loading_icon2.png HTTP/1.1" 200 808 "http://merp.yudo.com.cn:8183/css/mui.min.css?v=1008" "Mozilla/5.0 (Linux; Android 8.1.0; MI 6X Build/OPM1.171019.011; wv) AppleWebKit/537.36 (KHTML, like Gecko) Version/4.0 Chrome/62.0.3202.84 Mobile Safari/537.36"
58.209.16.133 - - [17/Jan/2019:10:09:13 +0800] "GET /Menu/doMenuRows_prc?formKey=Menu HTTP/1.1" 200 1211 "http://merp.yudo.com.cn:8183/Menu/Menu?formKey=M20190117T100726690" "Mozilla/5.0 (Linux; Android 8.1.0; MI 6X Build/OPM1.171019.011; wv) AppleWebKit/537.36 (KHTML, like Gecko) Version/4.0 Chrome/62.0.3202.84 Mobile Safari/537.36"
58.209.16.133 - - [17/Jan/2019:10:09:13 +0800] "GET /JLAMPCommon/getCookieJson_prc HTTP/1.1" 200 914 "http://merp.yudo.com.cn:8183/Menu/Menu?formKey=M20190117T100726690" "Mozilla/5.0 (Linux; Android 8.1.0; MI 6X Build/OPM1.171019.011; wv) AppleWebKit/537.36 (KHTML, like Gecko) Version/4.0 Chrome/62.0.3202.84 Mobile Safari/537.36"
58.209.16.133 - - [17/Jan/2019:10:09:14 +0800] "GET /image/fonticon/salesPlan_icon.png HTTP/1.1" 200 5653 "http://merp.yudo.com.cn:8183/css/yudo-ui.css?v=1082" "Mozilla/5.0 (Linux; Android 8.1.0; MI 6X Build/OPM1.171019.011; wv) AppleWebKit/537.36 (KHTML, like Gecko) Version/4.0 Chrome/62.0.3202.84 Mobile Safari/537.36"
58.209.16.133 - - [17/Jan/2019:10:09:14 +0800] "GET /image/fonticon/zuzhuang_icon.png HTTP/1.1" 200 3939 "http://merp.yudo.com.cn:8183/css/yudo-ui.css?v=1082" "Mozilla/5.0 (Linux; Android 8.1.0; MI 6X Build/OPM1.171019.011; wv) AppleWebKit/537.36 (KHTML, like Gecko) Version/4.0 Chrome/62.0.3202.84 Mobile Safari/537.36"
58.209.16.133 - - [17/Jan/2019:10:09:14 +0800] "GET /image/fonticon/as_icon.png HTTP/1.1" 200 5008 "http://merp.yudo.com.cn:8183/css/yudo-ui.css?v=1082" "Mozilla/5.0 (Linux; Android 8.1.0; MI 6X Build/OPM1.171019.011; wv) AppleWebKit/537.36 (KHTML, like Gecko) Version/4.0 Chrome/62.0.3202.84 Mobile Safari/537.36"
58.209.16.133 - - [17/Jan/2019:10:09:14 +0800] "GET /image/fonticon/workPlan_icon.png HTTP/1.1" 200 4535 "http://merp.yudo.com.cn:8183/css/yudo-ui.css?v=1082" "Mozilla/5.0 (Linux; Android 8.1.0; MI 6X Build/OPM1.171019.011; wv) AppleWebKit/537.36 (KHTML, like Gecko) Version/4.0 Chrome/62.0.3202.84 Mobile Safari/537.36"
58.209.16.133 - - [17/Jan/2019:10:09:14 +0800] "GET /Menu/getLoginInfo HTTP/1.1" 200 172 "http://merp.yudo.com.cn:8183/Menu/Menu?formKey=M20190117T100726690" "Mozilla/5.0 (Linux; Android 8.1.0; MI 6X Build/OPM1.171019.011; wv) AppleWebKit/537.36 (KHTML, like Gecko) Version/4.0 Chrome/62.0.3202.84 Mobile Safari/537.36"
58.209.16.133 - - [17/Jan/2019:10:09:14 +0800] "GET /favicon.ico HTTP/1.1" 404 1476 "http://merp.yudo.com.cn:8183/Menu/Menu?formKey=M20190117T100726690" "Mozilla/5.0 (Linux; Android 8.1.0; MI 6X Build/OPM1.171019.011; wv) AppleWebKit/537.36 (KHTML, like Gecko) Version/4.0 Chrome/62.0.3202.84 Mobile Safari/537.36"
1.212.52.173 - - [17/Jan/2019:10:09:14 +0800] "GET /JLAMPCommon/getCookieJson_prc HTTP/1.1" 200 852 "http://merp.yudo.com.cn:8183/?deviceType=mobile&devicePlatform=android" "Mozilla/5.0 (Linux; Android 8.1.0; MI 6X Build/OPM1.171019.011; wv) AppleWebKit/537.36 (KHTML, like Gecko) Version/4.0 Chrome/71.0.3578.99 Mobile Safari/537.36"
58.209.16.133 - - [17/Jan/2019:10:09:15 +0800] "GET /image/fonticon/sales_icon.png HTTP/1.1" 200 5931 "http://merp.yudo.com.cn:8183/css/yudo-ui.css?v=1082" "Mozilla/5.0 (Linux; Android 8.1.0; MI 6X Build/OPM1.171019.011; wv) AppleWebKit/537.36 (KHTML, like Gecko) Version/4.0 Chrome/62.0.3202.84 Mobile Safari/537.36"
58.209.16.133 - - [17/Jan/2019:10:09:15 +0800] "GET /image/fonticon/noCompelet_icon.png HTTP/1.1" 200 6474 "http://merp.yudo.com.cn:8183/css/yudo-ui.css?v=1082" "Mozilla/5.0 (Linux; Android 8.1.0; MI 6X Build/OPM1.171019.011; wv) AppleWebKit/537.36 (KHTML, like Gecko) Version/4.0 Chrome/62.0.3202.84 Mobile Safari/537.36"
58.209.16.133 - - [17/Jan/2019:10:09:15 +0800] "GET /image/fonticon/lastYear_icon.png HTTP/1.1" 200 3739 "http://merp.yudo.com.cn:8183/css/yudo-ui.css?v=1082" "Mozilla/5.0 (Linux; Android 8.1.0; MI 6X Build/OPM1.171019.011; wv) AppleWebKit/537.36 (KHTML, like Gecko) Version/4.0 Chrome/62.0.3202.84 Mobile Safari/537.36"
58.209.16.133 - - [17/Jan/2019:10:09:15 +0800] "GET /image/fonticon/markets_icon.png HTTP/1.1" 200 5705 "http://merp.yudo.com.cn:8183/css/yudo-ui.css?v=1082" "Mozilla/5.0 (Linux; Android 8.1.0; MI 6X Build/OPM1.171019.011; wv) AppleWebKit/537.36 (KHTML, like Gecko) Version/4.0 Chrome/62.0.3202.84 Mobile Safari/537.36"
