180.103.133.64 - - [24/Jan/2019:17:00:23 +0800] "GET /Menu/getLoginInfo HTTP/1.1" 200 81 "http://merp.yudo.com.cn:8183/Menu/Menu/menuLists?formKey=Menu&menuSelection=asm" "Mozilla/5.0 (iPhone; CPU iPhone OS 12_1_2 like Mac OS X) AppleWebKit/605.1.15 (KHTML, like Gecko) Mobile/16C101JLAMPMode:iPhone"
223.104.146.76 - - [24/Jan/2019:17:00:23 +0800] "GET /js/multiHttp.js?v=1001 HTTP/1.1" 200 7163 "http://merp.yudo.com.cn:8183/WEI_2300/WEI_2300?formKey=Menu&menuSelection=asm" "Mozilla/5.0 (iPhone; CPU iPhone OS 12_1_2 like Mac OS X) AppleWebKit/605.1.15 (KHTML, like Gecko) Mobile/16C101JLAMPMode:iPhone"
223.104.146.76 - - [24/Jan/2019:17:00:23 +0800] "GET /css/yudo-ui.css?v=1050 HTTP/1.1" 200 23327 "http://merp.yudo.com.cn:8183/WEI_2300/WEI_2300?formKey=Menu&menuSelection=asm" "Mozilla/5.0 (iPhone; CPU iPhone OS 12_1_2 like Mac OS X) AppleWebKit/605.1.15 (KHTML, like Gecko) Mobile/16C101JLAMPMode:iPhone"
223.104.146.76 - - [24/Jan/2019:17:00:24 +0800] "GET /image/fonticon/backMenu_icon.png HTTP/1.1" 200 1449 "http://merp.yudo.com.cn:8183/WEI_2300/WEI_2300?formKey=Menu&menuSelection=asm" "Mozilla/5.0 (iPhone; CPU iPhone OS 12_1_2 like Mac OS X) AppleWebKit/605.1.15 (KHTML, like Gecko) Mobile/16C101JLAMPMode:iPhone"
223.104.146.76 - - [24/Jan/2019:17:00:24 +0800] "POST /JLAMPCommon/langBatchRows_prc HTTP/1.1" 200 18559 "http://merp.yudo.com.cn:8183/WEI_2300/WEI_2300?formKey=Menu&menuSelection=asm" "Mozilla/5.0 (iPhone; CPU iPhone OS 12_1_2 like Mac OS X) AppleWebKit/605.1.15 (KHTML, like Gecko) Mobile/16C101JLAMPMode:iPhone"
223.104.146.76 - - [24/Jan/2019:17:00:24 +0800] "GET /WEI_2300/getLoginInfo HTTP/1.1" 200 147 "http://merp.yudo.com.cn:8183/WEI_2300/WEI_2300?formKey=Menu&menuSelection=asm" "Mozilla/5.0 (iPhone; CPU iPhone OS 12_1_2 like Mac OS X) AppleWebKit/605.1.15 (KHTML, like Gecko) Mobile/16C101JLAMPMode:iPhone"
223.104.146.76 - - [24/Jan/2019:17:00:24 +0800] "POST /JLAMPCommon/langBatchRows_prc HTTP/1.1" 200 483 "http://merp.yudo.com.cn:8183/WEI_2300/WEI_2300?formKey=Menu&menuSelection=asm" "Mozilla/5.0 (iPhone; CPU iPhone OS 12_1_2 like Mac OS X) AppleWebKit/605.1.15 (KHTML, like Gecko) Mobile/16C101JLAMPMode:iPhone"
223.104.146.76 - - [24/Jan/2019:17:00:25 +0800] "GET /JLAMPCommon/getCookieJson_prc HTTP/1.1" 200 914 "http://merp.yudo.com.cn:8183/WEI_2300/WEI_2300?formKey=Menu&menuSelection=asm" "Mozilla/5.0 (iPhone; CPU iPhone OS 12_1_2 like Mac OS X) AppleWebKit/605.1.15 (KHTML, like Gecko) Mobile/16C101JLAMPMode:iPhone"
223.104.146.76 - - [24/Jan/2019:17:00:25 +0800] "GET /image/fonticon/extend_icon.png HTTP/1.1" 200 731 "http://merp.yudo.com.cn:8183/WEI_2300/WEI_2300?formKey=Menu&menuSelection=asm" "Mozilla/5.0 (iPhone; CPU iPhone OS 12_1_2 like Mac OS X) AppleWebKit/605.1.15 (KHTML, like Gecko) Mobile/16C101JLAMPMode:iPhone"
223.104.146.76 - - [24/Jan/2019:17:00:25 +0800] "GET /image/fonticon/write_icon.png HTTP/1.1" 200 1384 "http://merp.yudo.com.cn:8183/WEI_2300/WEI_2300?formKey=Menu&menuSelection=asm" "Mozilla/5.0 (iPhone; CPU iPhone OS 12_1_2 like Mac OS X) AppleWebKit/605.1.15 (KHTML, like Gecko) Mobile/16C101JLAMPMode:iPhone"
223.104.146.76 - - [24/Jan/2019:17:00:25 +0800] "GET /image/fonticon/search_icon.png HTTP/1.1" 200 2335 "http://merp.yudo.com.cn:8183/WEI_2300/WEI_2300?formKey=Menu&menuSelection=asm" "Mozilla/5.0 (iPhone; CPU iPhone OS 12_1_2 like Mac OS X) AppleWebKit/605.1.15 (KHTML, like Gecko) Mobile/16C101JLAMPMode:iPhone"
180.103.133.64 - - [24/Jan/2019:17:00:26 +0800] "GET /WEI_2200/WEI_2200?formKey=Menu&menuSelection=asm HTTP/1.1" 200 53514 "http://merp.yudo.com.cn:8183/Menu/Menu/menuLists?formKey=Menu&menuSelection=asm" "Mozilla/5.0 (iPhone; CPU iPhone OS 12_1_2 like Mac OS X) AppleWebKit/605.1.15 (KHTML, like Gecko) Mobile/16C101JLAMPMode:iPhone"
223.104.146.76 - - [24/Jan/2019:17:00:27 +0800] "GET /Menu/Menu/menuLists?formKey=undefined&menuSelection=undefined HTTP/1.1" 200 11899 "http://merp.yudo.com.cn:8183/WEI_2300/WEI_2300?formKey=Menu&menuSelection=asm" "Mozilla/5.0 (iPhone; CPU iPhone OS 12_1_2 like Mac OS X) AppleWebKit/605.1.15 (KHTML, like Gecko) Mobile/16C101JLAMPMode:iPhone"
223.104.146.76 - - [24/Jan/2019:17:00:27 +0800] "GET /image/fonticon/refresh_icon.png HTTP/1.1" 200 2550 "http://merp.yudo.com.cn:8183/Menu/Menu/menuLists?formKey=undefined&menuSelection=undefined" "Mozilla/5.0 (iPhone; CPU iPhone OS 12_1_2 like Mac OS X) AppleWebKit/605.1.15 (KHTML, like Gecko) Mobile/16C101JLAMPMode:iPhone"
223.104.146.76 - - [24/Jan/2019:17:00:27 +0800] "GET /Menu/doMenuRows_prc?formKey=Menu HTTP/1.1" 200 1211 "http://merp.yudo.com.cn:8183/Menu/Menu/menuLists?formKey=undefined&menuSelection=undefined" "Mozilla/5.0 (iPhone; CPU iPhone OS 12_1_2 like Mac OS X) AppleWebKit/605.1.15 (KHTML, like Gecko) Mobile/16C101JLAMPMode:iPhone"
223.104.146.76 - - [24/Jan/2019:17:00:27 +0800] "GET /JLAMPCommon/getCookieJson_prc HTTP/1.1" 200 914 "http://merp.yudo.com.cn:8183/Menu/Menu/menuLists?formKey=undefined&menuSelection=undefined" "Mozilla/5.0 (iPhone; CPU iPhone OS 12_1_2 like Mac OS X) AppleWebKit/605.1.15 (KHTML, like Gecko) Mobile/16C101JLAMPMode:iPhone"
223.104.146.76 - - [24/Jan/2019:17:00:28 +0800] "GET /image/fonticon/home_icon.png HTTP/1.1" 200 1180 "http://merp.yudo.com.cn:8183/Menu/Menu/menuLists?formKey=undefined&menuSelection=undefined" "Mozilla/5.0 (iPhone; CPU iPhone OS 12_1_2 like Mac OS X) AppleWebKit/605.1.15 (KHTML, like Gecko) Mobile/16C101JLAMPMode:iPhone"
223.104.146.76 - - [24/Jan/2019:17:00:28 +0800] "GET /image/fonticon/switchPass_icon.png HTTP/1.1" 200 1480 "http://merp.yudo.com.cn:8183/Menu/Menu/menuLists?formKey=undefined&menuSelection=undefined" "Mozilla/5.0 (iPhone; CPU iPhone OS 12_1_2 like Mac OS X) AppleWebKit/605.1.15 (KHTML, like Gecko) Mobile/16C101JLAMPMode:iPhone"
223.104.146.76 - - [24/Jan/2019:17:00:28 +0800] "GET /image/fonticon/as_icon.png HTTP/1.1" 200 5008 "http://merp.yudo.com.cn:8183/Menu/Menu/menuLists?formKey=undefined&menuSelection=undefined" "Mozilla/5.0 (iPhone; CPU iPhone OS 12_1_2 like Mac OS X) AppleWebKit/605.1.15 (KHTML, like Gecko) Mobile/16C101JLAMPMode:iPhone"
223.104.146.76 - - [24/Jan/2019:17:00:28 +0800] "GET /image/fonticon/zuzhuang_icon.png HTTP/1.1" 200 3939 "http://merp.yudo.com.cn:8183/Menu/Menu/menuLists?formKey=undefined&menuSelection=undefined" "Mozilla/5.0 (iPhone; CPU iPhone OS 12_1_2 like Mac OS X) AppleWebKit/605.1.15 (KHTML, like Gecko) Mobile/16C101JLAMPMode:iPhone"
223.104.146.76 - - [24/Jan/2019:17:00:28 +0800] "GET /image/fonticon/quit_icon.png HTTP/1.1" 200 1268 "http://merp.yudo.com.cn:8183/Menu/Menu/menuLists?formKey=undefined&menuSelection=undefined" "Mozilla/5.0 (iPhone; CPU iPhone OS 12_1_2 like Mac OS X) AppleWebKit/605.1.15 (KHTML, like Gecko) Mobile/16C101JLAMPMode:iPhone"
223.104.146.76 - - [24/Jan/2019:17:00:28 +0800] "GET /image/fonticon/workPlan_icon.png HTTP/1.1" 200 4535 "http://merp.yudo.com.cn:8183/Menu/Menu/menuLists?formKey=undefined&menuSelection=undefined" "Mozilla/5.0 (iPhone; CPU iPhone OS 12_1_2 like Mac OS X) AppleWebKit/605.1.15 (KHTML, like Gecko) Mobile/16C101JLAMPMode:iPhone"
223.104.146.76 - - [24/Jan/2019:17:00:28 +0800] "GET /image/fonticon/userMenu_icon.png HTTP/1.1" 200 412 "http://merp.yudo.com.cn:8183/Menu/Menu/menuLists?formKey=undefined&menuSelection=undefined" "Mozilla/5.0 (iPhone; CPU iPhone OS 12_1_2 like Mac OS X) AppleWebKit/605.1.15 (KHTML, like Gecko) Mobile/16C101JLAMPMode:iPhone"
223.104.146.76 - - [24/Jan/2019:17:00:28 +0800] "GET /image/fonticon/salesPlan_icon.png HTTP/1.1" 200 5653 "http://merp.yudo.com.cn:8183/Menu/Menu/menuLists?formKey=undefined&menuSelection=undefined" "Mozilla/5.0 (iPhone; CPU iPhone OS 12_1_2 like Mac OS X) AppleWebKit/605.1.15 (KHTML, like Gecko) Mobile/16C101JLAMPMode:iPhone"
223.104.146.76 - - [24/Jan/2019:17:00:28 +0800] "GET /Menu/getLoginInfo HTTP/1.1" 200 172 "http://merp.yudo.com.cn:8183/Menu/Menu/menuLists?formKey=undefined&menuSelection=undefined" "Mozilla/5.0 (iPhone; CPU iPhone OS 12_1_2 like Mac OS X) AppleWebKit/605.1.15 (KHTML, like Gecko) Mobile/16C101JLAMPMode:iPhone"
180.103.133.64 - - [24/Jan/2019:17:00:28 +0800] "POST /JLAMPCommon/langBatchRows_prc HTTP/1.1" 200 8264 "http://merp.yudo.com.cn:8183/WEI_2200/WEI_2200?formKey=Menu&menuSelection=asm" "Mozilla/5.0 (iPhone; CPU iPhone OS 12_1_2 like Mac OS X) AppleWebKit/605.1.15 (KHTML, like Gecko) Mobile/16C101JLAMPMode:iPhone"
180.103.133.64 - - [24/Jan/2019:17:00:28 +0800] "GET /WEI_2200/systemclass_big_prc?bigsysid=actGubun HTTP/1.1" 200 182 "http://merp.yudo.com.cn:8183/WEI_2200/WEI_2200?formKey=Menu&menuSelection=asm" "Mozilla/5.0 (iPhone; CPU iPhone OS 12_1_2 like Mac OS X) AppleWebKit/605.1.15 (KHTML, like Gecko) Mobile/16C101JLAMPMode:iPhone"
180.103.133.64 - - [24/Jan/2019:17:00:28 +0800] "POST /JLAMPCommon/langBatchRows_prc HTTP/1.1" 200 7887 "http://merp.yudo.com.cn:8183/WEI_2200/WEI_2200?formKey=Menu&menuSelection=asm" "Mozilla/5.0 (iPhone; CPU iPhone OS 12_1_2 like Mac OS X) AppleWebKit/605.1.15 (KHTML, like Gecko) Mobile/16C101JLAMPMode:iPhone"
180.103.133.64 - - [24/Jan/2019:17:00:29 +0800] "GET /JLAMPCommon/getCookieJson_prc HTTP/1.1" 200 899 "http://merp.yudo.com.cn:8183/WEI_2200/WEI_2200?formKey=Menu&menuSelection=asm" "Mozilla/5.0 (iPhone; CPU iPhone OS 12_1_2 like Mac OS X) AppleWebKit/605.1.15 (KHTML, like Gecko) Mobile/16C101JLAMPMode:iPhone"
223.104.146.76 - - [24/Jan/2019:17:00:29 +0800] "GET /WEI_2200/WEI_2200?formKey=Menu&menuSelection=asm HTTP/1.1" 200 53514 "http://merp.yudo.com.cn:8183/Menu/Menu/menuLists?formKey=undefined&menuSelection=undefined" "Mozilla/5.0 (iPhone; CPU iPhone OS 12_1_2 like Mac OS X) AppleWebKit/605.1.15 (KHTML, like Gecko) Mobile/16C101JLAMPMode:iPhone"
223.104.146.76 - - [24/Jan/2019:17:00:30 +0800] "GET /third_party/bootstrap-3.3.5/css/bootstrap.css HTTP/1.1" 304 - "http://merp.yudo.com.cn:8183/WEI_2200/WEI_2200?formKey=Menu&menuSelection=asm" "Mozilla/5.0 (iPhone; CPU iPhone OS 12_1_2 like Mac OS X) AppleWebKit/605.1.15 (KHTML, like Gecko) Mobile/16C101JLAMPMode:iPhone"
223.104.146.76 - - [24/Jan/2019:17:00:30 +0800] "GET /third_party/bootstrap-3.3.5/css/bootstrap-theme.css HTTP/1.1" 304 - "http://merp.yudo.com.cn:8183/WEI_2200/WEI_2200?formKey=Menu&menuSelection=asm" "Mozilla/5.0 (iPhone; CPU iPhone OS 12_1_2 like Mac OS X) AppleWebKit/605.1.15 (KHTML, like Gecko) Mobile/16C101JLAMPMode:iPhone"
223.104.146.76 - - [24/Jan/2019:17:00:30 +0800] "GET /css/bootstrap_modify.css HTTP/1.1" 304 - "http://merp.yudo.com.cn:8183/WEI_2200/WEI_2200?formKey=Menu&menuSelection=asm" "Mozilla/5.0 (iPhone; CPU iPhone OS 12_1_2 like Mac OS X) AppleWebKit/605.1.15 (KHTML, like Gecko) Mobile/16C101JLAMPMode:iPhone"
223.104.146.76 - - [24/Jan/2019:17:00:30 +0800] "GET /third_party/bootstrap-datetimepicker/css/bootstrap-datetimepicker.css HTTP/1.1" 304 - "http://merp.yudo.com.cn:8183/WEI_2200/WEI_2200?formKey=Menu&menuSelection=asm" "Mozilla/5.0 (iPhone; CPU iPhone OS 12_1_2 like Mac OS X) AppleWebKit/605.1.15 (KHTML, like Gecko) Mobile/16C101JLAMPMode:iPhone"
223.104.146.76 - - [24/Jan/2019:17:00:30 +0800] "GET /third_party/slideout-1.0.1/index.css HTTP/1.1" 304 - "http://merp.yudo.com.cn:8183/WEI_2200/WEI_2200?formKey=Menu&menuSelection=asm" "Mozilla/5.0 (iPhone; CPU iPhone OS 12_1_2 like Mac OS X) AppleWebKit/605.1.15 (KHTML, like Gecko) Mobile/16C101JLAMPMode:iPhone"
223.104.146.76 - - [24/Jan/2019:17:00:30 +0800] "GET /third_party/loading-overlay/waitMe.css HTTP/1.1" 304 - "http://merp.yudo.com.cn:8183/WEI_2200/WEI_2200?formKey=Menu&menuSelection=asm" "Mozilla/5.0 (iPhone; CPU iPhone OS 12_1_2 like Mac OS X) AppleWebKit/605.1.15 (KHTML, like Gecko) Mobile/16C101JLAMPMode:iPhone"
223.104.146.76 - - [24/Jan/2019:17:00:30 +0800] "GET /css/JLAMP.common.min.css HTTP/1.1" 200 - "http://merp.yudo.com.cn:8183/WEI_2200/WEI_2200?formKey=Menu&menuSelection=asm" "Mozilla/5.0 (iPhone; CPU iPhone OS 12_1_2 like Mac OS X) AppleWebKit/605.1.15 (KHTML, like Gecko) Mobile/16C101JLAMPMode:iPhone"
223.104.146.76 - - [24/Jan/2019:17:00:30 +0800] "GET /css/JLAMP.modal.min.css HTTP/1.1" 304 - "http://merp.yudo.com.cn:8183/WEI_2200/WEI_2200?formKey=Menu&menuSelection=asm" "Mozilla/5.0 (iPhone; CPU iPhone OS 12_1_2 like Mac OS X) AppleWebKit/605.1.15 (KHTML, like Gecko) Mobile/16C101JLAMPMode:iPhone"
223.104.146.76 - - [24/Jan/2019:17:00:30 +0800] "GET /css/JLAMP.autobinding.min.css HTTP/1.1" 304 - "http://merp.yudo.com.cn:8183/WEI_2200/WEI_2200?formKey=Menu&menuSelection=asm" "Mozilla/5.0 (iPhone; CPU iPhone OS 12_1_2 like Mac OS X) AppleWebKit/605.1.15 (KHTML, like Gecko) Mobile/16C101JLAMPMode:iPhone"
223.104.146.76 - - [24/Jan/2019:17:00:30 +0800] "GET /css/slide_menu.css HTTP/1.1" 304 - "http://merp.yudo.com.cn:8183/WEI_2200/WEI_2200?formKey=Menu&menuSelection=asm" "Mozilla/5.0 (iPhone; CPU iPhone OS 12_1_2 like Mac OS X) AppleWebKit/605.1.15 (KHTML, like Gecko) Mobile/16C101JLAMPMode:iPhone"
223.104.146.76 - - [24/Jan/2019:17:00:30 +0800] "GET /js/WEI_2100/css/layui.css HTTP/1.1" 304 - "http://merp.yudo.com.cn:8183/WEI_2200/WEI_2200?formKey=Menu&menuSelection=asm" "Mozilla/5.0 (iPhone; CPU iPhone OS 12_1_2 like Mac OS X) AppleWebKit/605.1.15 (KHTML, like Gecko) Mobile/16C101JLAMPMode:iPhone"
223.104.146.76 - - [24/Jan/2019:17:00:30 +0800] "GET /css/WEI_2200/WEI_2200_Lists.css?v=201806080935 HTTP/1.1" 304 - "http://merp.yudo.com.cn:8183/WEI_2200/WEI_2200?formKey=Menu&menuSelection=asm" "Mozilla/5.0 (iPhone; CPU iPhone OS 12_1_2 like Mac OS X) AppleWebKit/605.1.15 (KHTML, like Gecko) Mobile/16C101JLAMPMode:iPhone"
223.104.146.76 - - [24/Jan/2019:17:00:30 +0800] "GET /css/WEI_2000/mui.min.css HTTP/1.1" 304 - "http://merp.yudo.com.cn:8183/WEI_2200/WEI_2200?formKey=Menu&menuSelection=asm" "Mozilla/5.0 (iPhone; CPU iPhone OS 12_1_2 like Mac OS X) AppleWebKit/605.1.15 (KHTML, like Gecko) Mobile/16C101JLAMPMode:iPhone"
223.104.146.76 - - [24/Jan/2019:17:00:30 +0800] "GET /css/common.css?v=5007 HTTP/1.1" 304 - "http://merp.yudo.com.cn:8183/WEI_2200/WEI_2200?formKey=Menu&menuSelection=asm" "Mozilla/5.0 (iPhone; CPU iPhone OS 12_1_2 like Mac OS X) AppleWebKit/605.1.15 (KHTML, like Gecko) Mobile/16C101JLAMPMode:iPhone"
223.104.146.76 - - [24/Jan/2019:17:00:30 +0800] "GET /third_party/bootstrap-3.3.5/js/bootstrap.min.js HTTP/1.1" 304 - "http://merp.yudo.com.cn:8183/WEI_2200/WEI_2200?formKey=Menu&menuSelection=asm" "Mozilla/5.0 (iPhone; CPU iPhone OS 12_1_2 like Mac OS X) AppleWebKit/605.1.15 (KHTML, like Gecko) Mobile/16C101JLAMPMode:iPhone"
223.104.146.76 - - [24/Jan/2019:17:00:30 +0800] "GET /js/common.js?v=1001 HTTP/1.1" 200 11633 "http://merp.yudo.com.cn:8183/WEI_2200/WEI_2200?formKey=Menu&menuSelection=asm" "Mozilla/5.0 (iPhone; CPU iPhone OS 12_1_2 like Mac OS X) AppleWebKit/605.1.15 (KHTML, like Gecko) Mobile/16C101JLAMPMode:iPhone"
223.104.146.76 - - [24/Jan/2019:17:00:30 +0800] "GET /third_party/bootstrap-datetimepicker/js/bootstrap-datetimepicker.js HTTP/1.1" 304 - "http://merp.yudo.com.cn:8183/WEI_2200/WEI_2200?formKey=Menu&menuSelection=asm" "Mozilla/5.0 (iPhone; CPU iPhone OS 12_1_2 like Mac OS X) AppleWebKit/605.1.15 (KHTML, like Gecko) Mobile/16C101JLAMPMode:iPhone"
223.104.146.76 - - [24/Jan/2019:17:00:30 +0800] "GET /third_party/loading-overlay/waitMe.js HTTP/1.1" 304 - "http://merp.yudo.com.cn:8183/WEI_2200/WEI_2200?formKey=Menu&menuSelection=asm" "Mozilla/5.0 (iPhone; CPU iPhone OS 12_1_2 like Mac OS X) AppleWebKit/605.1.15 (KHTML, like Gecko) Mobile/16C101JLAMPMode:iPhone"
223.104.146.76 - - [24/Jan/2019:17:00:30 +0800] "GET /third_party/slideout-1.0.1/slideout.js HTTP/1.1" 304 - "http://merp.yudo.com.cn:8183/WEI_2200/WEI_2200?formKey=Menu&menuSelection=asm" "Mozilla/5.0 (iPhone; CPU iPhone OS 12_1_2 like Mac OS X) AppleWebKit/605.1.15 (KHTML, like Gecko) Mobile/16C101JLAMPMode:iPhone"
223.104.146.76 - - [24/Jan/2019:17:00:30 +0800] "GET /js/WEI_2100/layui.all.js HTTP/1.1" 304 - "http://merp.yudo.com.cn:8183/WEI_2200/WEI_2200?formKey=Menu&menuSelection=asm" "Mozilla/5.0 (iPhone; CPU iPhone OS 12_1_2 like Mac OS X) AppleWebKit/605.1.15 (KHTML, like Gecko) Mobile/16C101JLAMPMode:iPhone"
223.104.146.76 - - [24/Jan/2019:17:00:30 +0800] "GET /js/multiSelect.js?v=2009 HTTP/1.1" 200 7376 "http://merp.yudo.com.cn:8183/WEI_2200/WEI_2200?formKey=Menu&menuSelection=asm" "Mozilla/5.0 (iPhone; CPU iPhone OS 12_1_2 like Mac OS X) AppleWebKit/605.1.15 (KHTML, like Gecko) Mobile/16C101JLAMPMode:iPhone"
223.104.146.76 - - [24/Jan/2019:17:00:30 +0800] "GET /js/lang.js?v=1001 HTTP/1.1" 200 930 "http://merp.yudo.com.cn:8183/WEI_2200/WEI_2200?formKey=Menu&menuSelection=asm" "Mozilla/5.0 (iPhone; CPU iPhone OS 12_1_2 like Mac OS X) AppleWebKit/605.1.15 (KHTML, like Gecko) Mobile/16C101JLAMPMode:iPhone"
223.104.146.76 - - [24/Jan/2019:17:00:30 +0800] "GET /js/WEI_2200/WEI_2200_Lists.js?v=4507 HTTP/1.1" 304 - "http://merp.yudo.com.cn:8183/WEI_2200/WEI_2200?formKey=Menu&menuSelection=asm" "Mozilla/5.0 (iPhone; CPU iPhone OS 12_1_2 like Mac OS X) AppleWebKit/605.1.15 (KHTML, like Gecko) Mobile/16C101JLAMPMode:iPhone"
223.104.146.76 - - [24/Jan/2019:17:00:30 +0800] "GET /image/icon_logout.png HTTP/1.1" 304 - "http://merp.yudo.com.cn:8183/WEI_2200/WEI_2200?formKey=Menu&menuSelection=asm" "Mozilla/5.0 (iPhone; CPU iPhone OS 12_1_2 like Mac OS X) AppleWebKit/605.1.15 (KHTML, like Gecko) Mobile/16C101JLAMPMode:iPhone"
223.104.146.76 - - [24/Jan/2019:17:00:30 +0800] "GET /js/WEI_2100/css/modules/laydate/default/laydate.css?v=5.0.9 HTTP/1.1" 304 - "http://merp.yudo.com.cn:8183/WEI_2200/WEI_2200?formKey=Menu&menuSelection=asm" "Mozilla/5.0 (iPhone; CPU iPhone OS 12_1_2 like Mac OS X) AppleWebKit/605.1.15 (KHTML, like Gecko) Mobile/16C101JLAMPMode:iPhone"
223.104.146.76 - - [24/Jan/2019:17:00:30 +0800] "GET /js/WEI_2100/css/modules/layer/default/layer.css?v=3.1.1 HTTP/1.1" 304 - "http://merp.yudo.com.cn:8183/WEI_2200/WEI_2200?formKey=Menu&menuSelection=asm" "Mozilla/5.0 (iPhone; CPU iPhone OS 12_1_2 like Mac OS X) AppleWebKit/605.1.15 (KHTML, like Gecko) Mobile/16C101JLAMPMode:iPhone"
223.104.146.76 - - [24/Jan/2019:17:00:30 +0800] "GET /js/WEI_2100/css/modules/code.css HTTP/1.1" 304 - "http://merp.yudo.com.cn:8183/WEI_2200/WEI_2200?formKey=Menu&menuSelection=asm" "Mozilla/5.0 (iPhone; CPU iPhone OS 12_1_2 like Mac OS X) AppleWebKit/605.1.15 (KHTML, like Gecko) Mobile/16C101JLAMPMode:iPhone"
180.103.133.64 - - [24/Jan/2019:17:00:31 +0800] "GET /css/fonts/mui.ttf HTTP/1.1" 200 29884 "http://merp.yudo.com.cn:8183/WEI_2200/WEI_2200?formKey=Menu&menuSelection=asm" "Mozilla/5.0 (iPhone; CPU iPhone OS 12_1_2 like Mac OS X) AppleWebKit/605.1.15 (KHTML, like Gecko) Mobile/16C101JLAMPMode:iPhone"
180.103.133.64 - - [24/Jan/2019:17:00:31 +0800] "GET /js/WEI_2100/font/iconfont.svg?v=230-rc1 HTTP/1.1" 200 273664 "http://merp.yudo.com.cn:8183/WEI_2200/WEI_2200?formKey=Menu&menuSelection=asm" "Mozilla/5.0 (iPhone; CPU iPhone OS 12_1_2 like Mac OS X) AppleWebKit/605.1.15 (KHTML, like Gecko) Mobile/16C101JLAMPMode:iPhone"
180.103.133.64 - - [24/Jan/2019:17:00:31 +0800] "GET /WEI_2200/msgList?time=2019-01 HTTP/1.1" 200 80 "http://merp.yudo.com.cn:8183/WEI_2200/WEI_2200?formKey=Menu&menuSelection=asm" "Mozilla/5.0 (iPhone; CPU iPhone OS 12_1_2 like Mac OS X) AppleWebKit/605.1.15 (KHTML, like Gecko) Mobile/16C101JLAMPMode:iPhone"
180.103.133.64 - - [24/Jan/2019:17:00:31 +0800] "GET /js/WEI_2100/font/iconfont.woff?v=230-rc1 HTTP/1.1" 200 25996 "http://merp.yudo.com.cn:8183/WEI_2200/WEI_2200?formKey=Menu&menuSelection=asm" "Mozilla/5.0 (iPhone; CPU iPhone OS 12_1_2 like Mac OS X) AppleWebKit/605.1.15 (KHTML, like Gecko) Mobile/16C101JLAMPMode:iPhone"
223.104.146.76 - - [24/Jan/2019:17:00:32 +0800] "POST /JLAMPCommon/langBatchRows_prc HTTP/1.1" 200 8264 "http://merp.yudo.com.cn:8183/WEI_2200/WEI_2200?formKey=Menu&menuSelection=asm" "Mozilla/5.0 (iPhone; CPU iPhone OS 12_1_2 like Mac OS X) AppleWebKit/605.1.15 (KHTML, like Gecko) Mobile/16C101JLAMPMode:iPhone"
223.104.146.76 - - [24/Jan/2019:17:00:32 +0800] "GET /WEI_2200/systemclass_big_prc?bigsysid=actGubun HTTP/1.1" 200 182 "http://merp.yudo.com.cn:8183/WEI_2200/WEI_2200?formKey=Menu&menuSelection=asm" "Mozilla/5.0 (iPhone; CPU iPhone OS 12_1_2 like Mac OS X) AppleWebKit/605.1.15 (KHTML, like Gecko) Mobile/16C101JLAMPMode:iPhone"
223.104.146.76 - - [24/Jan/2019:17:00:32 +0800] "POST /JLAMPCommon/langBatchRows_prc HTTP/1.1" 200 7887 "http://merp.yudo.com.cn:8183/WEI_2200/WEI_2200?formKey=Menu&menuSelection=asm" "Mozilla/5.0 (iPhone; CPU iPhone OS 12_1_2 like Mac OS X) AppleWebKit/605.1.15 (KHTML, like Gecko) Mobile/16C101JLAMPMode:iPhone"
223.104.146.76 - - [24/Jan/2019:17:00:32 +0800] "GET /JLAMPCommon/getCookieJson_prc HTTP/1.1" 200 914 "http://merp.yudo.com.cn:8183/WEI_2200/WEI_2200?formKey=Menu&menuSelection=asm" "Mozilla/5.0 (iPhone; CPU iPhone OS 12_1_2 like Mac OS X) AppleWebKit/605.1.15 (KHTML, like Gecko) Mobile/16C101JLAMPMode:iPhone"
::1 - - [24/Jan/2019:17:00:37 +0800] "OPTIONS * HTTP/1.0" 200 - "-" "Apache/2.4.6 (CentOS) PHP/5.6.32 (internal dummy connection)"
223.104.146.76 - - [24/Jan/2019:17:00:37 +0800] "GET /css/fonts/mui.ttf HTTP/1.1" 200 29884 "http://merp.yudo.com.cn:8183/WEI_2200/WEI_2200?formKey=Menu&menuSelection=asm" "Mozilla/5.0 (iPhone; CPU iPhone OS 12_1_2 like Mac OS X) AppleWebKit/605.1.15 (KHTML, like Gecko) Mobile/16C101JLAMPMode:iPhone"
223.104.146.76 - - [24/Jan/2019:17:00:37 +0800] "GET /js/WEI_2100/font/iconfont.svg?v=230-rc1 HTTP/1.1" 304 - "http://merp.yudo.com.cn:8183/WEI_2200/WEI_2200?formKey=Menu&menuSelection=asm" "Mozilla/5.0 (iPhone; CPU iPhone OS 12_1_2 like Mac OS X) AppleWebKit/605.1.15 (KHTML, like Gecko) Mobile/16C101JLAMPMode:iPhone"
223.104.146.76 - - [24/Jan/2019:17:00:37 +0800] "GET /WEI_2200/msgList?time=2019-01 HTTP/1.1" 200 80 "http://merp.yudo.com.cn:8183/WEI_2200/WEI_2200?formKey=Menu&menuSelection=asm" "Mozilla/5.0 (iPhone; CPU iPhone OS 12_1_2 like Mac OS X) AppleWebKit/605.1.15 (KHTML, like Gecko) Mobile/16C101JLAMPMode:iPhone"
223.104.146.76 - - [24/Jan/2019:17:00:37 +0800] "GET /js/WEI_2100/font/iconfont.woff?v=230-rc1 HTTP/1.1" 304 - "http://merp.yudo.com.cn:8183/WEI_2200/WEI_2200?formKey=Menu&menuSelection=asm" "Mozilla/5.0 (iPhone; CPU iPhone OS 12_1_2 like Mac OS X) AppleWebKit/605.1.15 (KHTML, like Gecko) Mobile/16C101JLAMPMode:iPhone"
::1 - - [24/Jan/2019:17:00:40 +0800] "OPTIONS * HTTP/1.0" 200 - "-" "Apache/2.4.6 (CentOS) PHP/5.6.32 (internal dummy connection)"
::1 - - [24/Jan/2019:17:00:41 +0800] "OPTIONS * HTTP/1.0" 200 - "-" "Apache/2.4.6 (CentOS) PHP/5.6.32 (internal dummy connection)"
223.104.146.76 - - [24/Jan/2019:17:00:46 +0800] "GET /WEI_2200/msgList?time=2019-01 HTTP/1.1" 200 80 "http://merp.yudo.com.cn:8183/WEI_2200/WEI_2200?formKey=Menu&menuSelection=asm" "Mozilla/5.0 (iPhone; CPU iPhone OS 12_1_2 like Mac OS X) AppleWebKit/605.1.15 (KHTML, like Gecko) Mobile/16C101JLAMPMode:iPhone"
223.104.146.76 - - [24/Jan/2019:17:01:24 +0800] "GET /WEI_2200/msgList?time=2019-01 HTTP/1.1" 200 80 "http://merp.yudo.com.cn:8183/WEI_2200/WEI_2200?formKey=Menu&menuSelection=asm" "Mozilla/5.0 (iPhone; CPU iPhone OS 12_1_2 like Mac OS X) AppleWebKit/605.1.15 (KHTML, like Gecko) Mobile/16C101JLAMPMode:iPhone"
223.104.146.76 - - [24/Jan/2019:17:02:03 +0800] "GET /WEI_2200/msgList?time=2019-01 HTTP/1.1" 200 80 "http://merp.yudo.com.cn:8183/WEI_2200/WEI_2200?formKey=Menu&menuSelection=asm" "Mozilla/5.0 (iPhone; CPU iPhone OS 12_1_2 like Mac OS X) AppleWebKit/605.1.15 (KHTML, like Gecko) Mobile/16C101JLAMPMode:iPhone"
223.104.146.76 - - [24/Jan/2019:17:02:16 +0800] "GET /WEI_2200/msgList?time=2019-01 HTTP/1.1" 200 80 "http://merp.yudo.com.cn:8183/WEI_2200/WEI_2200?formKey=Menu&menuSelection=asm" "Mozilla/5.0 (iPhone; CPU iPhone OS 12_1_2 like Mac OS X) AppleWebKit/605.1.15 (KHTML, like Gecko) Mobile/16C101JLAMPMode:iPhone"
223.104.146.76 - - [24/Jan/2019:17:02:21 +0800] "GET /WEI_2200/msgList?time=2013-02 HTTP/1.1" 200 80 "http://merp.yudo.com.cn:8183/WEI_2200/WEI_2200?formKey=Menu&menuSelection=asm" "Mozilla/5.0 (iPhone; CPU iPhone OS 12_1_2 like Mac OS X) AppleWebKit/605.1.15 (KHTML, like Gecko) Mobile/16C101JLAMPMode:iPhone"
223.104.146.76 - - [24/Jan/2019:17:02:23 +0800] "GET /WEI_2200/msgList?time=2019-01 HTTP/1.1" 200 80 "http://merp.yudo.com.cn:8183/WEI_2200/WEI_2200?formKey=Menu&menuSelection=asm" "Mozilla/5.0 (iPhone; CPU iPhone OS 12_1_2 like Mac OS X) AppleWebKit/605.1.15 (KHTML, like Gecko) Mobile/16C101JLAMPMode:iPhone"
223.104.146.76 - - [24/Jan/2019:17:02:27 +0800] "GET /WEI_2200/msgList?time=2010-02 HTTP/1.1" 200 80 "http://merp.yudo.com.cn:8183/WEI_2200/WEI_2200?formKey=Menu&menuSelection=asm" "Mozilla/5.0 (iPhone; CPU iPhone OS 12_1_2 like Mac OS X) AppleWebKit/605.1.15 (KHTML, like Gecko) Mobile/16C101JLAMPMode:iPhone"
180.103.133.64 - - [24/Jan/2019:17:03:11 +0800] "GET /WEI_2200/msgList?time=2019-01 HTTP/1.1" 200 80 "http://merp.yudo.com.cn:8183/WEI_2200/WEI_2200?formKey=Menu&menuSelection=asm" "Mozilla/5.0 (iPhone; CPU iPhone OS 12_1_2 like Mac OS X) AppleWebKit/605.1.15 (KHTML, like Gecko) Mobile/16C101JLAMPMode:iPhone"
223.104.146.76 - - [24/Jan/2019:17:03:47 +0800] "GET /WEI_2200/msgList?time=2010-01 HTTP/1.1" 200 80 "http://merp.yudo.com.cn:8183/WEI_2200/WEI_2200?formKey=Menu&menuSelection=asm" "Mozilla/5.0 (iPhone; CPU iPhone OS 12_1_2 like Mac OS X) AppleWebKit/605.1.15 (KHTML, like Gecko) Mobile/16C101JLAMPMode:iPhone"
223.104.146.76 - - [24/Jan/2019:17:03:49 +0800] "GET /WEI_2200/msgList?time=2010-06 HTTP/1.1" 200 80 "http://merp.yudo.com.cn:8183/WEI_2200/WEI_2200?formKey=Menu&menuSelection=asm" "Mozilla/5.0 (iPhone; CPU iPhone OS 12_1_2 like Mac OS X) AppleWebKit/605.1.15 (KHTML, like Gecko) Mobile/16C101JLAMPMode:iPhone"
223.62.11.218 - - [24/Jan/2019:17:09:58 +0800] "POST /main/login_prc HTTP/1.1" 200 44 "http://merp.yudo.com.cn:8183/?deviceType=mobile&devicePlatform=android" "Mozilla/5.0 (Linux; Android 8.0.0; SM-G960N Build/R16NW; wv) AppleWebKit/537.36 (KHTML, like Gecko) Version/4.0 Chrome/71.0.3578.99 Mobile Safari/537.36"
223.62.11.218 - - [24/Jan/2019:17:09:58 +0800] "POST /main/checkMenuAuth_prc HTTP/1.1" 200 44 "http://merp.yudo.com.cn:8183/?deviceType=mobile&devicePlatform=android" "Mozilla/5.0 (Linux; Android 8.0.0; SM-G960N Build/R16NW; wv) AppleWebKit/537.36 (KHTML, like Gecko) Version/4.0 Chrome/71.0.3578.99 Mobile Safari/537.36"
223.62.11.218 - - [24/Jan/2019:17:09:58 +0800] "POST / HTTP/1.1" 302 149 "http://merp.yudo.com.cn:8183/?deviceType=mobile&devicePlatform=android" "Mozilla/5.0 (Linux; Android 8.0.0; SM-G960N Build/R16NW; wv) AppleWebKit/537.36 (KHTML, like Gecko) Version/4.0 Chrome/71.0.3578.99 Mobile Safari/537.36"
223.62.11.218 - - [24/Jan/2019:17:09:59 +0800] "POST / HTTP/1.1" 302 149 "http://merp.yudo.com.cn:8183/?deviceType=mobile&devicePlatform=android" "Mozilla/5.0 (Linux; Android 8.0.0; SM-G960N Build/R16NW; wv) AppleWebKit/537.36 (KHTML, like Gecko) Version/4.0 Chrome/71.0.3578.99 Mobile Safari/537.36"
223.62.11.218 - - [24/Jan/2019:17:09:59 +0800] "GET /Menu/Menu?formKey=M20190124T170805060 HTTP/1.1" 200 11899 "http://merp.yudo.com.cn:8183/?deviceType=mobile&devicePlatform=android" "Mozilla/5.0 (Linux; Android 8.0.0; SM-G960N Build/R16NW; wv) AppleWebKit/537.36 (KHTML, like Gecko) Version/4.0 Chrome/71.0.3578.99 Mobile Safari/537.36"
223.62.11.218 - - [24/Jan/2019:17:10:00 +0800] "GET /js/version.js?v=20180920001 HTTP/1.1" 304 - "http://merp.yudo.com.cn:8183/Menu/Menu?formKey=M20190124T170805060" "Mozilla/5.0 (Linux; Android 8.0.0; SM-G960N Build/R16NW; wv) AppleWebKit/537.36 (KHTML, like Gecko) Version/4.0 Chrome/71.0.3578.99 Mobile Safari/537.36"
223.62.11.218 - - [24/Jan/2019:17:10:00 +0800] "GET /Menu/doMenuRows_prc?formKey=Menu HTTP/1.1" 200 1211 "http://merp.yudo.com.cn:8183/Menu/Menu?formKey=M20190124T170805060" "Mozilla/5.0 (Linux; Android 8.0.0; SM-G960N Build/R16NW; wv) AppleWebKit/537.36 (KHTML, like Gecko) Version/4.0 Chrome/71.0.3578.99 Mobile Safari/537.36"
223.62.11.218 - - [24/Jan/2019:17:10:00 +0800] "GET /JLAMPCommon/getCookieJson_prc HTTP/1.1" 200 852 "http://merp.yudo.com.cn:8183/Menu/Menu?formKey=M20190124T170805060" "Mozilla/5.0 (Linux; Android 8.0.0; SM-G960N Build/R16NW; wv) AppleWebKit/537.36 (KHTML, like Gecko) Version/4.0 Chrome/71.0.3578.99 Mobile Safari/537.36"
223.62.11.218 - - [24/Jan/2019:17:10:01 +0800] "GET /Menu/getLoginInfo HTTP/1.1" 200 169 "http://merp.yudo.com.cn:8183/Menu/Menu?formKey=M20190124T170805060" "Mozilla/5.0 (Linux; Android 8.0.0; SM-G960N Build/R16NW; wv) AppleWebKit/537.36 (KHTML, like Gecko) Version/4.0 Chrome/71.0.3578.99 Mobile Safari/537.36"
223.62.11.218 - - [24/Jan/2019:17:10:01 +0800] "GET /favicon.ico HTTP/1.1" 404 1476 "http://merp.yudo.com.cn:8183/Menu/Menu?formKey=M20190124T170805060" "Mozilla/5.0 (Linux; Android 8.0.0; SM-G960N Build/R16NW; wv) AppleWebKit/537.36 (KHTML, like Gecko) Version/4.0 Chrome/71.0.3578.99 Mobile Safari/537.36"
223.62.11.218 - - [24/Jan/2019:17:10:03 +0800] "POST /main/logout_prc HTTP/1.1" 200 44 "http://merp.yudo.com.cn:8183/Menu/Menu?formKey=M20190124T170805060" "Mozilla/5.0 (Linux; Android 8.0.0; SM-G960N Build/R16NW; wv) AppleWebKit/537.36 (KHTML, like Gecko) Version/4.0 Chrome/71.0.3578.99 Mobile Safari/537.36"
223.62.11.218 - - [24/Jan/2019:17:10:04 +0800] "GET /js/login.js?v=9010 HTTP/1.1" 304 - "http://merp.yudo.com.cn:8183/?deviceType=mobile&devicePlatform=android" "Mozilla/5.0 (Linux; Android 8.0.0; SM-G960N Build/R16NW; wv) AppleWebKit/537.36 (KHTML, like Gecko) Version/4.0 Chrome/71.0.3578.99 Mobile Safari/537.36"
223.62.11.218 - - [24/Jan/2019:17:10:04 +0800] "GET /JLAMPCommon/getCookieJson_prc HTTP/1.1" 200 62 "http://merp.yudo.com.cn:8183/?deviceType=mobile&devicePlatform=android" "Mozilla/5.0 (Linux; Android 8.0.0; SM-G960N Build/R16NW; wv) AppleWebKit/537.36 (KHTML, like Gecko) Version/4.0 Chrome/71.0.3578.99 Mobile Safari/537.36"
223.62.11.218 - - [24/Jan/2019:17:10:25 +0800] "POST /main/login_prc HTTP/1.1" 200 44 "http://merp.yudo.com.cn:8183/?deviceType=mobile&devicePlatform=android" "Mozilla/5.0 (Linux; Android 8.0.0; SM-G960N Build/R16NW; wv) AppleWebKit/537.36 (KHTML, like Gecko) Version/4.0 Chrome/71.0.3578.99 Mobile Safari/537.36"
223.62.11.218 - - [24/Jan/2019:17:10:26 +0800] "POST /main/checkMenuAuth_prc HTTP/1.1" 200 44 "http://merp.yudo.com.cn:8183/?deviceType=mobile&devicePlatform=android" "Mozilla/5.0 (Linux; Android 8.0.0; SM-G960N Build/R16NW; wv) AppleWebKit/537.36 (KHTML, like Gecko) Version/4.0 Chrome/71.0.3578.99 Mobile Safari/537.36"
223.62.11.218 - - [24/Jan/2019:17:10:26 +0800] "POST / HTTP/1.1" 302 149 "http://merp.yudo.com.cn:8183/?deviceType=mobile&devicePlatform=android" "Mozilla/5.0 (Linux; Android 8.0.0; SM-G960N Build/R16NW; wv) AppleWebKit/537.36 (KHTML, like Gecko) Version/4.0 Chrome/71.0.3578.99 Mobile Safari/537.36"
223.62.11.218 - - [24/Jan/2019:17:10:26 +0800] "POST /main/login_prc HTTP/1.1" 200 44 "http://merp.yudo.com.cn:8183/?deviceType=mobile&devicePlatform=android" "Mozilla/5.0 (Linux; Android 8.0.0; SM-G960N Build/R16NW; wv) AppleWebKit/537.36 (KHTML, like Gecko) Version/4.0 Chrome/71.0.3578.99 Mobile Safari/537.36"
223.62.11.218 - - [24/Jan/2019:17:10:26 +0800] "GET /Menu/Menu?formKey=M20190124T170832193 HTTP/1.1" 200 11899 "http://merp.yudo.com.cn:8183/?deviceType=mobile&devicePlatform=android" "Mozilla/5.0 (Linux; Android 8.0.0; SM-G960N Build/R16NW; wv) AppleWebKit/537.36 (KHTML, like Gecko) Version/4.0 Chrome/71.0.3578.99 Mobile Safari/537.36"
223.62.11.218 - - [24/Jan/2019:17:10:27 +0800] "POST /main/checkMenuAuth_prc HTTP/1.1" 200 44 "http://merp.yudo.com.cn:8183/?deviceType=mobile&devicePlatform=android" "Mozilla/5.0 (Linux; Android 8.0.0; SM-G960N Build/R16NW; wv) AppleWebKit/537.36 (KHTML, like Gecko) Version/4.0 Chrome/71.0.3578.99 Mobile Safari/537.36"
223.62.11.218 - - [24/Jan/2019:17:10:27 +0800] "POST / HTTP/1.1" 302 149 "http://merp.yudo.com.cn:8183/?deviceType=mobile&devicePlatform=android" "Mozilla/5.0 (Linux; Android 8.0.0; SM-G960N Build/R16NW; wv) AppleWebKit/537.36 (KHTML, like Gecko) Version/4.0 Chrome/71.0.3578.99 Mobile Safari/537.36"
223.62.11.218 - - [24/Jan/2019:17:10:27 +0800] "POST / HTTP/1.1" 302 149 "http://merp.yudo.com.cn:8183/?deviceType=mobile&devicePlatform=android" "Mozilla/5.0 (Linux; Android 8.0.0; SM-G960N Build/R16NW; wv) AppleWebKit/537.36 (KHTML, like Gecko) Version/4.0 Chrome/71.0.3578.99 Mobile Safari/537.36"
223.62.11.218 - - [24/Jan/2019:17:10:27 +0800] "GET /Menu/Menu?formKey=M20190124T170833560 HTTP/1.1" 200 11899 "http://merp.yudo.com.cn:8183/?deviceType=mobile&devicePlatform=android" "Mozilla/5.0 (Linux; Android 8.0.0; SM-G960N Build/R16NW; wv) AppleWebKit/537.36 (KHTML, like Gecko) Version/4.0 Chrome/71.0.3578.99 Mobile Safari/537.36"
223.62.11.218 - - [24/Jan/2019:17:10:28 +0800] "GET /Menu/doMenuRows_prc?formKey=Menu HTTP/1.1" 200 1211 "http://merp.yudo.com.cn:8183/Menu/Menu?formKey=M20190124T170833560" "Mozilla/5.0 (Linux; Android 8.0.0; SM-G960N Build/R16NW; wv) AppleWebKit/537.36 (KHTML, like Gecko) Version/4.0 Chrome/71.0.3578.99 Mobile Safari/537.36"
223.62.11.218 - - [24/Jan/2019:17:10:28 +0800] "GET /JLAMPCommon/getCookieJson_prc HTTP/1.1" 200 852 "http://merp.yudo.com.cn:8183/Menu/Menu?formKey=M20190124T170833560" "Mozilla/5.0 (Linux; Android 8.0.0; SM-G960N Build/R16NW; wv) AppleWebKit/537.36 (KHTML, like Gecko) Version/4.0 Chrome/71.0.3578.99 Mobile Safari/537.36"
223.62.11.218 - - [24/Jan/2019:17:10:29 +0800] "GET /Menu/getLoginInfo HTTP/1.1" 200 169 "http://merp.yudo.com.cn:8183/Menu/Menu?formKey=M20190124T170833560" "Mozilla/5.0 (Linux; Android 8.0.0; SM-G960N Build/R16NW; wv) AppleWebKit/537.36 (KHTML, like Gecko) Version/4.0 Chrome/71.0.3578.99 Mobile Safari/537.36"
223.62.11.218 - - [24/Jan/2019:17:10:34 +0800] "GET /JLAMPCommon/getCookieJson_prc HTTP/1.1" 200 852 "http://merp.yudo.com.cn:8183/?deviceType=mobile&devicePlatform=android" "Mozilla/5.0 (Linux; Android 8.0.0; SM-G960N Build/R16NW; wv) AppleWebKit/537.36 (KHTML, like Gecko) Version/4.0 Chrome/71.0.3578.99 Mobile Safari/537.36"
223.62.11.218 - - [24/Jan/2019:17:10:35 +0800] "GET /image/favicon.ico HTTP/1.1" 404 1506 "http://merp.yudo.com.cn:8183/?deviceType=mobile&devicePlatform=android" "Mozilla/5.0 (Linux; Android 8.0.0; SM-G960N Build/R16NW; wv) AppleWebKit/537.36 (KHTML, like Gecko) Version/4.0 Chrome/71.0.3578.99 Mobile Safari/537.36"
1.212.52.173 - - [24/Jan/2019:17:18:45 +0800] "GET /?deviceType=mobile&devicePlatform=android HTTP/1.1" 200 8051 "-" "Mozilla/5.0 (Linux; Android 8.1.0; MI 6X Build/OPM1.171019.011; wv) AppleWebKit/537.36 (KHTML, like Gecko) Version/4.0 Chrome/71.0.3578.99 Mobile Safari/537.36"
1.212.52.173 - - [24/Jan/2019:17:18:46 +0800] "GET /third_party/bootstrap-3.3.5/css/bootstrap-theme.css HTTP/1.1" 200 26132 "http://merp.yudo.com.cn:8183/?deviceType=mobile&devicePlatform=android" "Mozilla/5.0 (Linux; Android 8.1.0; MI 6X Build/OPM1.171019.011; wv) AppleWebKit/537.36 (KHTML, like Gecko) Version/4.0 Chrome/71.0.3578.99 Mobile Safari/537.36"
1.212.52.173 - - [24/Jan/2019:17:18:46 +0800] "GET /third_party/loading-overlay/waitMe.css HTTP/1.1" 200 14541 "http://merp.yudo.com.cn:8183/?deviceType=mobile&devicePlatform=android" "Mozilla/5.0 (Linux; Android 8.1.0; MI 6X Build/OPM1.171019.011; wv) AppleWebKit/537.36 (KHTML, like Gecko) Version/4.0 Chrome/71.0.3578.99 Mobile Safari/537.36"
1.212.52.173 - - [24/Jan/2019:17:18:46 +0800] "GET /third_party/bootstrap-datetimepicker/css/bootstrap-datetimepicker.css HTTP/1.1" 200 12289 "http://merp.yudo.com.cn:8183/?deviceType=mobile&devicePlatform=android" "Mozilla/5.0 (Linux; Android 8.1.0; MI 6X Build/OPM1.171019.011; wv) AppleWebKit/537.36 (KHTML, like Gecko) Version/4.0 Chrome/71.0.3578.99 Mobile Safari/537.36"
1.212.52.173 - - [24/Jan/2019:17:18:46 +0800] "GET /css/bootstrap_modify.css HTTP/1.1" 200 265 "http://merp.yudo.com.cn:8183/?deviceType=mobile&devicePlatform=android" "Mozilla/5.0 (Linux; Android 8.1.0; MI 6X Build/OPM1.171019.011; wv) AppleWebKit/537.36 (KHTML, like Gecko) Version/4.0 Chrome/71.0.3578.99 Mobile Safari/537.36"
1.212.52.173 - - [24/Jan/2019:17:18:46 +0800] "GET /third_party/slideout-1.0.1/index.css HTTP/1.1" 200 491 "http://merp.yudo.com.cn:8183/?deviceType=mobile&devicePlatform=android" "Mozilla/5.0 (Linux; Android 8.1.0; MI 6X Build/OPM1.171019.011; wv) AppleWebKit/537.36 (KHTML, like Gecko) Version/4.0 Chrome/71.0.3578.99 Mobile Safari/537.36"
180.103.133.64 - - [24/Jan/2019:17:18:46 +0800] "GET /JLAMPCommon/getCookieJson_prc HTTP/1.1" 200 914 "http://merp.yudo.com.cn:8183/?deviceType=mobile&devicePlatform=android" "Mozilla/5.0 (Linux; Android 8.1.0; MI 6X Build/OPM1.171019.011; wv) AppleWebKit/537.36 (KHTML, like Gecko) Version/4.0 Chrome/62.0.3202.84 Mobile Safari/537.36"
1.212.52.173 - - [24/Jan/2019:17:18:46 +0800] "GET /css/slide_menu.css HTTP/1.1" 200 2705 "http://merp.yudo.com.cn:8183/?deviceType=mobile&devicePlatform=android" "Mozilla/5.0 (Linux; Android 8.1.0; MI 6X Build/OPM1.171019.011; wv) AppleWebKit/537.36 (KHTML, like Gecko) Version/4.0 Chrome/71.0.3578.99 Mobile Safari/537.36"
1.212.52.173 - - [24/Jan/2019:17:18:46 +0800] "GET /css/JLAMP.common.min.css HTTP/1.1" 200 - "http://merp.yudo.com.cn:8183/?deviceType=mobile&devicePlatform=android" "Mozilla/5.0 (Linux; Android 8.1.0; MI 6X Build/OPM1.171019.011; wv) AppleWebKit/537.36 (KHTML, like Gecko) Version/4.0 Chrome/71.0.3578.99 Mobile Safari/537.36"
1.212.52.173 - - [24/Jan/2019:17:18:46 +0800] "GET /css/JLAMP.modal.min.css HTTP/1.1" 200 920 "http://merp.yudo.com.cn:8183/?deviceType=mobile&devicePlatform=android" "Mozilla/5.0 (Linux; Android 8.1.0; MI 6X Build/OPM1.171019.011; wv) AppleWebKit/537.36 (KHTML, like Gecko) Version/4.0 Chrome/71.0.3578.99 Mobile Safari/537.36"
180.103.133.64 - - [24/Jan/2019:17:18:46 +0800] "GET /image/favicon.ico HTTP/1.1" 404 1506 "http://merp.yudo.com.cn:8183/?deviceType=mobile&devicePlatform=android" "Mozilla/5.0 (Linux; Android 8.1.0; MI 6X Build/OPM1.171019.011; wv) AppleWebKit/537.36 (KHTML, like Gecko) Version/4.0 Chrome/62.0.3202.84 Mobile Safari/537.36"
1.212.52.173 - - [24/Jan/2019:17:18:46 +0800] "GET /css/JLAMP.autobinding.min.css HTTP/1.1" 200 852 "http://merp.yudo.com.cn:8183/?deviceType=mobile&devicePlatform=android" "Mozilla/5.0 (Linux; Android 8.1.0; MI 6X Build/OPM1.171019.011; wv) AppleWebKit/537.36 (KHTML, like Gecko) Version/4.0 Chrome/71.0.3578.99 Mobile Safari/537.36"
1.212.52.173 - - [24/Jan/2019:17:18:47 +0800] "GET /css/login.css?v=1001 HTTP/1.1" 200 2712 "http://merp.yudo.com.cn:8183/?deviceType=mobile&devicePlatform=android" "Mozilla/5.0 (Linux; Android 8.1.0; MI 6X Build/OPM1.171019.011; wv) AppleWebKit/537.36 (KHTML, like Gecko) Version/4.0 Chrome/71.0.3578.99 Mobile Safari/537.36"
1.212.52.173 - - [24/Jan/2019:17:18:47 +0800] "GET /css/common.css?v=5007 HTTP/1.1" 200 14033 "http://merp.yudo.com.cn:8183/?deviceType=mobile&devicePlatform=android" "Mozilla/5.0 (Linux; Android 8.1.0; MI 6X Build/OPM1.171019.011; wv) AppleWebKit/537.36 (KHTML, like Gecko) Version/4.0 Chrome/71.0.3578.99 Mobile Safari/537.36"
1.212.52.173 - - [24/Jan/2019:17:18:47 +0800] "GET /third_party/bootstrap-3.3.5/js/bootstrap.min.js HTTP/1.1" 200 36816 "http://merp.yudo.com.cn:8183/?deviceType=mobile&devicePlatform=android" "Mozilla/5.0 (Linux; Android 8.1.0; MI 6X Build/OPM1.171019.011; wv) AppleWebKit/537.36 (KHTML, like Gecko) Version/4.0 Chrome/71.0.3578.99 Mobile Safari/537.36"
1.212.52.173 - - [24/Jan/2019:17:18:47 +0800] "GET /third_party/bootstrap-datetimepicker/js/bootstrap-datetimepicker.js HTTP/1.1" 200 67526 "http://merp.yudo.com.cn:8183/?deviceType=mobile&devicePlatform=android" "Mozilla/5.0 (Linux; Android 8.1.0; MI 6X Build/OPM1.171019.011; wv) AppleWebKit/537.36 (KHTML, like Gecko) Version/4.0 Chrome/71.0.3578.99 Mobile Safari/537.36"
1.212.52.173 - - [24/Jan/2019:17:18:47 +0800] "GET /third_party/loading-overlay/waitMe.js HTTP/1.1" 200 8583 "http://merp.yudo.com.cn:8183/?deviceType=mobile&devicePlatform=android" "Mozilla/5.0 (Linux; Android 8.1.0; MI 6X Build/OPM1.171019.011; wv) AppleWebKit/537.36 (KHTML, like Gecko) Version/4.0 Chrome/71.0.3578.99 Mobile Safari/537.36"
1.212.52.173 - - [24/Jan/2019:17:18:48 +0800] "GET /third_party/slideout-1.0.1/slideout.js HTTP/1.1" 200 37980 "http://merp.yudo.com.cn:8183/?deviceType=mobile&devicePlatform=android" "Mozilla/5.0 (Linux; Android 8.1.0; MI 6X Build/OPM1.171019.011; wv) AppleWebKit/537.36 (KHTML, like Gecko) Version/4.0 Chrome/71.0.3578.99 Mobile Safari/537.36"
1.212.52.173 - - [24/Jan/2019:17:18:51 +0800] "GET /js/fastclick.js HTTP/1.1" 200 25966 "http://merp.yudo.com.cn:8183/?deviceType=mobile&devicePlatform=android" "Mozilla/5.0 (Linux; Android 8.1.0; MI 6X Build/OPM1.171019.011; wv) AppleWebKit/537.36 (KHTML, like Gecko) Version/4.0 Chrome/71.0.3578.99 Mobile Safari/537.36"
1.212.52.173 - - [24/Jan/2019:17:18:52 +0800] "GET /js/JLAMP.polyfill.min.js HTTP/1.1" 200 361 "http://merp.yudo.com.cn:8183/?deviceType=mobile&devicePlatform=android" "Mozilla/5.0 (Linux; Android 8.1.0; MI 6X Build/OPM1.171019.011; wv) AppleWebKit/537.36 (KHTML, like Gecko) Version/4.0 Chrome/71.0.3578.99 Mobile Safari/537.36"
1.212.52.173 - - [24/Jan/2019:17:18:53 +0800] "GET /js/JLAMP.min.js HTTP/1.1" 200 1461 "http://merp.yudo.com.cn:8183/?deviceType=mobile&devicePlatform=android" "Mozilla/5.0 (Linux; Android 8.1.0; MI 6X Build/OPM1.171019.011; wv) AppleWebKit/537.36 (KHTML, like Gecko) Version/4.0 Chrome/71.0.3578.99 Mobile Safari/537.36"
1.212.52.173 - - [24/Jan/2019:17:18:53 +0800] "GET /js/JLAMP.common.min.js HTTP/1.1" 200 9705 "http://merp.yudo.com.cn:8183/?deviceType=mobile&devicePlatform=android" "Mozilla/5.0 (Linux; Android 8.1.0; MI 6X Build/OPM1.171019.011; wv) AppleWebKit/537.36 (KHTML, like Gecko) Version/4.0 Chrome/71.0.3578.99 Mobile Safari/537.36"
1.212.52.173 - - [24/Jan/2019:17:18:46 +0800] "GET /third_party/bootstrap-3.3.5/css/bootstrap.css HTTP/1.1" 200 147430 "http://merp.yudo.com.cn:8183/?deviceType=mobile&devicePlatform=android" "Mozilla/5.0 (Linux; Android 8.1.0; MI 6X Build/OPM1.171019.011; wv) AppleWebKit/537.36 (KHTML, like Gecko) Version/4.0 Chrome/71.0.3578.99 Mobile Safari/537.36"
1.212.52.173 - - [24/Jan/2019:17:18:54 +0800] "GET /js/JLAMP.menu.min.js HTTP/1.1" 200 6519 "http://merp.yudo.com.cn:8183/?deviceType=mobile&devicePlatform=android" "Mozilla/5.0 (Linux; Android 8.1.0; MI 6X Build/OPM1.171019.011; wv) AppleWebKit/537.36 (KHTML, like Gecko) Version/4.0 Chrome/71.0.3578.99 Mobile Safari/537.36"
180.103.133.64 - - [24/Jan/2019:17:18:55 +0800] "POST /main/login_prc HTTP/1.1" 200 44 "http://merp.yudo.com.cn:8183/?deviceType=mobile&devicePlatform=android" "Mozilla/5.0 (Linux; Android 8.1.0; MI 6X Build/OPM1.171019.011; wv) AppleWebKit/537.36 (KHTML, like Gecko) Version/4.0 Chrome/62.0.3202.84 Mobile Safari/537.36"
180.103.133.64 - - [24/Jan/2019:17:18:55 +0800] "POST /main/checkMenuAuth_prc HTTP/1.1" 200 44 "http://merp.yudo.com.cn:8183/?deviceType=mobile&devicePlatform=android" "Mozilla/5.0 (Linux; Android 8.1.0; MI 6X Build/OPM1.171019.011; wv) AppleWebKit/537.36 (KHTML, like Gecko) Version/4.0 Chrome/62.0.3202.84 Mobile Safari/537.36"
180.103.133.64 - - [24/Jan/2019:17:18:55 +0800] "POST / HTTP/1.1" 302 149 "http://merp.yudo.com.cn:8183/?deviceType=mobile&devicePlatform=android" "Mozilla/5.0 (Linux; Android 8.1.0; MI 6X Build/OPM1.171019.011; wv) AppleWebKit/537.36 (KHTML, like Gecko) Version/4.0 Chrome/62.0.3202.84 Mobile Safari/537.36"
180.103.133.64 - - [24/Jan/2019:17:18:55 +0800] "POST / HTTP/1.1" 302 149 "http://merp.yudo.com.cn:8183/?deviceType=mobile&devicePlatform=android" "Mozilla/5.0 (Linux; Android 8.1.0; MI 6X Build/OPM1.171019.011; wv) AppleWebKit/537.36 (KHTML, like Gecko) Version/4.0 Chrome/62.0.3202.84 Mobile Safari/537.36"
180.103.133.64 - - [24/Jan/2019:17:18:55 +0800] "GET /Menu/Menu?formKey=M20190124T171701410 HTTP/1.1" 200 11899 "http://merp.yudo.com.cn:8183/?deviceType=mobile&devicePlatform=android" "Mozilla/5.0 (Linux; Android 8.1.0; MI 6X Build/OPM1.171019.011; wv) AppleWebKit/537.36 (KHTML, like Gecko) Version/4.0 Chrome/62.0.3202.84 Mobile Safari/537.36"
1.212.52.173 - - [24/Jan/2019:17:18:55 +0800] "GET /js/JLAMP.autobinding.min.js HTTP/1.1" 200 8816 "http://merp.yudo.com.cn:8183/?deviceType=mobile&devicePlatform=android" "Mozilla/5.0 (Linux; Android 8.1.0; MI 6X Build/OPM1.171019.011; wv) AppleWebKit/537.36 (KHTML, like Gecko) Version/4.0 Chrome/71.0.3578.99 Mobile Safari/537.36"
180.103.133.64 - - [24/Jan/2019:17:18:56 +0800] "GET /Menu/doMenuRows_prc?formKey=Menu HTTP/1.1" 200 1211 "http://merp.yudo.com.cn:8183/Menu/Menu?formKey=M20190124T171701410" "Mozilla/5.0 (Linux; Android 8.1.0; MI 6X Build/OPM1.171019.011; wv) AppleWebKit/537.36 (KHTML, like Gecko) Version/4.0 Chrome/62.0.3202.84 Mobile Safari/537.36"
180.103.133.64 - - [24/Jan/2019:17:18:56 +0800] "GET /JLAMPCommon/getCookieJson_prc HTTP/1.1" 200 914 "http://merp.yudo.com.cn:8183/Menu/Menu?formKey=M20190124T171701410" "Mozilla/5.0 (Linux; Android 8.1.0; MI 6X Build/OPM1.171019.011; wv) AppleWebKit/537.36 (KHTML, like Gecko) Version/4.0 Chrome/62.0.3202.84 Mobile Safari/537.36"
180.103.133.64 - - [24/Jan/2019:17:18:56 +0800] "GET /Menu/getLoginInfo HTTP/1.1" 200 172 "http://merp.yudo.com.cn:8183/Menu/Menu?formKey=M20190124T171701410" "Mozilla/5.0 (Linux; Android 8.1.0; MI 6X Build/OPM1.171019.011; wv) AppleWebKit/537.36 (KHTML, like Gecko) Version/4.0 Chrome/62.0.3202.84 Mobile Safari/537.36"
180.103.133.64 - - [24/Jan/2019:17:18:56 +0800] "GET /favicon.ico HTTP/1.1" 404 1476 "http://merp.yudo.com.cn:8183/Menu/Menu?formKey=M20190124T171701410" "Mozilla/5.0 (Linux; Android 8.1.0; MI 6X Build/OPM1.171019.011; wv) AppleWebKit/537.36 (KHTML, like Gecko) Version/4.0 Chrome/62.0.3202.84 Mobile Safari/537.36"
1.212.52.173 - - [24/Jan/2019:17:18:56 +0800] "GET /js/JLAMP.modal.min.js HTTP/1.1" 200 16516 "http://merp.yudo.com.cn:8183/?deviceType=mobile&devicePlatform=android" "Mozilla/5.0 (Linux; Android 8.1.0; MI 6X Build/OPM1.171019.011; wv) AppleWebKit/537.36 (KHTML, like Gecko) Version/4.0 Chrome/71.0.3578.99 Mobile Safari/537.36"
1.212.52.173 - - [24/Jan/2019:17:18:56 +0800] "GET /js/JLAMP.lang.min.js HTTP/1.1" 200 1750 "http://merp.yudo.com.cn:8183/?deviceType=mobile&devicePlatform=android" "Mozilla/5.0 (Linux; Android 8.1.0; MI 6X Build/OPM1.171019.011; wv) AppleWebKit/537.36 (KHTML, like Gecko) Version/4.0 Chrome/71.0.3578.99 Mobile Safari/537.36"
1.212.52.173 - - [24/Jan/2019:17:18:56 +0800] "GET /js/session.js HTTP/1.1" 200 638 "http://merp.yudo.com.cn:8183/?deviceType=mobile&devicePlatform=android" "Mozilla/5.0 (Linux; Android 8.1.0; MI 6X Build/OPM1.171019.011; wv) AppleWebKit/537.36 (KHTML, like Gecko) Version/4.0 Chrome/71.0.3578.99 Mobile Safari/537.36"
1.212.52.173 - - [24/Jan/2019:17:18:57 +0800] "GET /js/version.js?v=20180920001 HTTP/1.1" 200 2302 "http://merp.yudo.com.cn:8183/?deviceType=mobile&devicePlatform=android" "Mozilla/5.0 (Linux; Android 8.1.0; MI 6X Build/OPM1.171019.011; wv) AppleWebKit/537.36 (KHTML, like Gecko) Version/4.0 Chrome/71.0.3578.99 Mobile Safari/537.36"
1.212.52.173 - - [24/Jan/2019:17:18:57 +0800] "GET /js/common.js?v=1001 HTTP/1.1" 200 11633 "http://merp.yudo.com.cn:8183/?deviceType=mobile&devicePlatform=android" "Mozilla/5.0 (Linux; Android 8.1.0; MI 6X Build/OPM1.171019.011; wv) AppleWebKit/537.36 (KHTML, like Gecko) Version/4.0 Chrome/71.0.3578.99 Mobile Safari/537.36"
1.212.52.173 - - [24/Jan/2019:17:18:57 +0800] "GET /js/GNB.js HTTP/1.1" 200 2176 "http://merp.yudo.com.cn:8183/?deviceType=mobile&devicePlatform=android" "Mozilla/5.0 (Linux; Android 8.1.0; MI 6X Build/OPM1.171019.011; wv) AppleWebKit/537.36 (KHTML, like Gecko) Version/4.0 Chrome/71.0.3578.99 Mobile Safari/537.36"
1.212.52.173 - - [24/Jan/2019:17:18:57 +0800] "GET /js/login.js?v=9010 HTTP/1.1" 200 9599 "http://merp.yudo.com.cn:8183/?deviceType=mobile&devicePlatform=android" "Mozilla/5.0 (Linux; Android 8.1.0; MI 6X Build/OPM1.171019.011; wv) AppleWebKit/537.36 (KHTML, like Gecko) Version/4.0 Chrome/71.0.3578.99 Mobile Safari/537.36"
1.212.52.173 - - [24/Jan/2019:17:18:57 +0800] "GET /image/login_logo.png HTTP/1.1" 200 3941 "http://merp.yudo.com.cn:8183/?deviceType=mobile&devicePlatform=android" "Mozilla/5.0 (Linux; Android 8.1.0; MI 6X Build/OPM1.171019.011; wv) AppleWebKit/537.36 (KHTML, like Gecko) Version/4.0 Chrome/71.0.3578.99 Mobile Safari/537.36"
1.212.52.173 - - [24/Jan/2019:17:18:58 +0800] "GET /image/icon_logout.png HTTP/1.1" 200 1682 "http://merp.yudo.com.cn:8183/?deviceType=mobile&devicePlatform=android" "Mozilla/5.0 (Linux; Android 8.1.0; MI 6X Build/OPM1.171019.011; wv) AppleWebKit/537.36 (KHTML, like Gecko) Version/4.0 Chrome/71.0.3578.99 Mobile Safari/537.36"
180.103.133.64 - - [24/Jan/2019:17:19:01 +0800] "GET /WEI_2300/WEI_2300?formKey=Menu&menuSelection=asm HTTP/1.1" 200 42837 "http://merp.yudo.com.cn:8183/Menu/Menu?formKey=M20190124T171701410" "Mozilla/5.0 (Linux; Android 8.1.0; MI 6X Build/OPM1.171019.011; wv) AppleWebKit/537.36 (KHTML, like Gecko) Version/4.0 Chrome/62.0.3202.84 Mobile Safari/537.36"
180.103.133.64 - - [24/Jan/2019:17:19:02 +0800] "GET /js/WEI_2300/WEI_2300_Lists.js?v=1062 HTTP/1.1" 200 61920 "http://merp.yudo.com.cn:8183/WEI_2300/WEI_2300?formKey=Menu&menuSelection=asm" "Mozilla/5.0 (Linux; Android 8.1.0; MI 6X Build/OPM1.171019.011; wv) AppleWebKit/537.36 (KHTML, like Gecko) Version/4.0 Chrome/62.0.3202.84 Mobile Safari/537.36"
180.103.133.64 - - [24/Jan/2019:17:19:02 +0800] "GET /js/version.js?v=20180920001 HTTP/1.1" 304 - "http://merp.yudo.com.cn:8183/WEI_2300/WEI_2300?formKey=Menu&menuSelection=asm" "Mozilla/5.0 (Linux; Android 8.1.0; MI 6X Build/OPM1.171019.011; wv) AppleWebKit/537.36 (KHTML, like Gecko) Version/4.0 Chrome/62.0.3202.84 Mobile Safari/537.36"
180.103.133.64 - - [24/Jan/2019:17:19:02 +0800] "GET /image/fonticon/search_icon.png HTTP/1.1" 200 2335 "http://merp.yudo.com.cn:8183/css/yudo-ui.css?v=1050" "Mozilla/5.0 (Linux; Android 8.1.0; MI 6X Build/OPM1.171019.011; wv) AppleWebKit/537.36 (KHTML, like Gecko) Version/4.0 Chrome/62.0.3202.84 Mobile Safari/537.36"
