112.17.241.80 - - [09/Jan/2019:09:50:00 +0800] "GET /third_party/loading-overlay/waitMe.js HTTP/1.1" 200 8583 "http://merp.yudo.com.cn:8183/?deviceType=mobile&devicePlatform=android" "Mozilla/5.0 (Linux; Android 7.1.1; OS105 Build/NGI77B; wv) AppleWebKit/537.36 (KHTML, like Gecko) Version/4.0 Chrome/62.0.3202.84 Mobile Safari/537.36"
112.17.241.80 - - [09/Jan/2019:09:50:00 +0800] "GET /third_party/slideout-1.0.1/slideout.js HTTP/1.1" 200 37980 "http://merp.yudo.com.cn:8183/?deviceType=mobile&devicePlatform=android" "Mozilla/5.0 (Linux; Android 7.1.1; OS105 Build/NGI77B; wv) AppleWebKit/537.36 (KHTML, like Gecko) Version/4.0 Chrome/62.0.3202.84 Mobile Safari/537.36"
112.17.241.80 - - [09/Jan/2019:09:50:00 +0800] "GET /js/fastclick.js HTTP/1.1" 200 25966 "http://merp.yudo.com.cn:8183/?deviceType=mobile&devicePlatform=android" "Mozilla/5.0 (Linux; Android 7.1.1; OS105 Build/NGI77B; wv) AppleWebKit/537.36 (KHTML, like Gecko) Version/4.0 Chrome/62.0.3202.84 Mobile Safari/537.36"
112.17.241.80 - - [09/Jan/2019:09:50:00 +0800] "GET /js/JLAMP.polyfill.min.js HTTP/1.1" 200 361 "http://merp.yudo.com.cn:8183/?deviceType=mobile&devicePlatform=android" "Mozilla/5.0 (Linux; Android 7.1.1; OS105 Build/NGI77B; wv) AppleWebKit/537.36 (KHTML, like Gecko) Version/4.0 Chrome/62.0.3202.84 Mobile Safari/537.36"
112.17.241.80 - - [09/Jan/2019:09:50:00 +0800] "GET /js/JLAMP.min.js HTTP/1.1" 200 1461 "http://merp.yudo.com.cn:8183/?deviceType=mobile&devicePlatform=android" "Mozilla/5.0 (Linux; Android 7.1.1; OS105 Build/NGI77B; wv) AppleWebKit/537.36 (KHTML, like Gecko) Version/4.0 Chrome/62.0.3202.84 Mobile Safari/537.36"
112.17.241.80 - - [09/Jan/2019:09:50:00 +0800] "GET /third_party/jquery-2.1.4/jquery.js HTTP/1.1" 200 247606 "http://merp.yudo.com.cn:8183/?deviceType=mobile&devicePlatform=android" "Mozilla/5.0 (Linux; Android 7.1.1; OS105 Build/NGI77B; wv) AppleWebKit/537.36 (KHTML, like Gecko) Version/4.0 Chrome/62.0.3202.84 Mobile Safari/537.36"
112.17.241.80 - - [09/Jan/2019:09:50:00 +0800] "GET /js/JLAMP.menu.min.js HTTP/1.1" 200 6519 "http://merp.yudo.com.cn:8183/?deviceType=mobile&devicePlatform=android" "Mozilla/5.0 (Linux; Android 7.1.1; OS105 Build/NGI77B; wv) AppleWebKit/537.36 (KHTML, like Gecko) Version/4.0 Chrome/62.0.3202.84 Mobile Safari/537.36"
112.17.241.80 - - [09/Jan/2019:09:50:00 +0800] "GET /js/JLAMP.modal.min.js HTTP/1.1" 200 16516 "http://merp.yudo.com.cn:8183/?deviceType=mobile&devicePlatform=android" "Mozilla/5.0 (Linux; Android 7.1.1; OS105 Build/NGI77B; wv) AppleWebKit/537.36 (KHTML, like Gecko) Version/4.0 Chrome/62.0.3202.84 Mobile Safari/537.36"
112.17.241.80 - - [09/Jan/2019:09:50:00 +0800] "GET /js/JLAMP.autobinding.min.js HTTP/1.1" 200 8816 "http://merp.yudo.com.cn:8183/?deviceType=mobile&devicePlatform=android" "Mozilla/5.0 (Linux; Android 7.1.1; OS105 Build/NGI77B; wv) AppleWebKit/537.36 (KHTML, like Gecko) Version/4.0 Chrome/62.0.3202.84 Mobile Safari/537.36"
112.17.241.80 - - [09/Jan/2019:09:50:00 +0800] "GET /js/JLAMP.common.min.js HTTP/1.1" 200 9705 "http://merp.yudo.com.cn:8183/?deviceType=mobile&devicePlatform=android" "Mozilla/5.0 (Linux; Android 7.1.1; OS105 Build/NGI77B; wv) AppleWebKit/537.36 (KHTML, like Gecko) Version/4.0 Chrome/62.0.3202.84 Mobile Safari/537.36"
112.17.241.80 - - [09/Jan/2019:09:50:00 +0800] "GET /js/JLAMP.lang.min.js HTTP/1.1" 200 1750 "http://merp.yudo.com.cn:8183/?deviceType=mobile&devicePlatform=android" "Mozilla/5.0 (Linux; Android 7.1.1; OS105 Build/NGI77B; wv) AppleWebKit/537.36 (KHTML, like Gecko) Version/4.0 Chrome/62.0.3202.84 Mobile Safari/537.36"
112.17.241.80 - - [09/Jan/2019:09:50:00 +0800] "GET /js/session.js HTTP/1.1" 200 638 "http://merp.yudo.com.cn:8183/?deviceType=mobile&devicePlatform=android" "Mozilla/5.0 (Linux; Android 7.1.1; OS105 Build/NGI77B; wv) AppleWebKit/537.36 (KHTML, like Gecko) Version/4.0 Chrome/62.0.3202.84 Mobile Safari/537.36"
112.17.241.80 - - [09/Jan/2019:09:50:00 +0800] "GET /js/common.js HTTP/1.1" 200 11633 "http://merp.yudo.com.cn:8183/?deviceType=mobile&devicePlatform=android" "Mozilla/5.0 (Linux; Android 7.1.1; OS105 Build/NGI77B; wv) AppleWebKit/537.36 (KHTML, like Gecko) Version/4.0 Chrome/62.0.3202.84 Mobile Safari/537.36"
112.17.241.80 - - [09/Jan/2019:09:50:00 +0800] "GET /js/version.js?v=20180920001 HTTP/1.1" 200 1046 "http://merp.yudo.com.cn:8183/?deviceType=mobile&devicePlatform=android" "Mozilla/5.0 (Linux; Android 7.1.1; OS105 Build/NGI77B; wv) AppleWebKit/537.36 (KHTML, like Gecko) Version/4.0 Chrome/62.0.3202.84 Mobile Safari/537.36"
112.17.241.80 - - [09/Jan/2019:09:50:00 +0800] "GET /js/GNB.js HTTP/1.1" 200 2176 "http://merp.yudo.com.cn:8183/?deviceType=mobile&devicePlatform=android" "Mozilla/5.0 (Linux; Android 7.1.1; OS105 Build/NGI77B; wv) AppleWebKit/537.36 (KHTML, like Gecko) Version/4.0 Chrome/62.0.3202.84 Mobile Safari/537.36"
112.17.241.80 - - [09/Jan/2019:09:50:00 +0800] "GET /js/login.js?v=7009 HTTP/1.1" 200 8229 "http://merp.yudo.com.cn:8183/?deviceType=mobile&devicePlatform=android" "Mozilla/5.0 (Linux; Android 7.1.1; OS105 Build/NGI77B; wv) AppleWebKit/537.36 (KHTML, like Gecko) Version/4.0 Chrome/62.0.3202.84 Mobile Safari/537.36"
112.17.241.80 - - [09/Jan/2019:09:50:00 +0800] "GET /image/login_logo.png HTTP/1.1" 200 3941 "http://merp.yudo.com.cn:8183/?deviceType=mobile&devicePlatform=android" "Mozilla/5.0 (Linux; Android 7.1.1; OS105 Build/NGI77B; wv) AppleWebKit/537.36 (KHTML, like Gecko) Version/4.0 Chrome/62.0.3202.84 Mobile Safari/537.36"
112.17.241.80 - - [09/Jan/2019:09:50:00 +0800] "GET /image/icon_logout.png HTTP/1.1" 200 1682 "http://merp.yudo.com.cn:8183/?deviceType=mobile&devicePlatform=android" "Mozilla/5.0 (Linux; Android 7.1.1; OS105 Build/NGI77B; wv) AppleWebKit/537.36 (KHTML, like Gecko) Version/4.0 Chrome/62.0.3202.84 Mobile Safari/537.36"
112.17.241.80 - - [09/Jan/2019:09:50:01 +0800] "GET /JLAMPCommon/getCookieJson_prc HTTP/1.1" 200 62 "http://merp.yudo.com.cn:8183/?deviceType=mobile&devicePlatform=android" "Mozilla/5.0 (Linux; Android 7.1.1; OS105 Build/NGI77B; wv) AppleWebKit/537.36 (KHTML, like Gecko) Version/4.0 Chrome/62.0.3202.84 Mobile Safari/537.36"
112.17.241.80 - - [09/Jan/2019:09:50:01 +0800] "GET /image/favicon.ico HTTP/1.1" 404 1506 "http://merp.yudo.com.cn:8183/?deviceType=mobile&devicePlatform=android" "Mozilla/5.0 (Linux; Android 7.1.1; OS105 Build/NGI77B; wv) AppleWebKit/537.36 (KHTML, like Gecko) Version/4.0 Chrome/62.0.3202.84 Mobile Safari/537.36"
211.138.117.102 - - [09/Jan/2019:09:50:01 +0800] "GET /WEI_2100/as_minute?asid=2019010071 HTTP/1.1" 200 1913 "http://merp.yudo.com.cn:8183/WEI_2100/WEI_2100?formKey=undefined&menuSelection=asm" "Mozilla/5.0 (Linux; Android 8.0.0; MHA-AL00 Build/HUAWEIMHA-AL00; wv) AppleWebKit/537.36 (KHTML, like Gecko) Version/4.0 Chrome/68.0.3440.91 Mobile Safari/537.36"
211.138.117.102 - - [09/Jan/2019:09:50:01 +0800] "GET /WEI_2100/as_minute_table?asid=2019010071 HTTP/1.1" 200 366 "http://merp.yudo.com.cn:8183/WEI_2100/WEI_2100?formKey=undefined&menuSelection=asm" "Mozilla/5.0 (Linux; Android 8.0.0; MHA-AL00 Build/HUAWEIMHA-AL00; wv) AppleWebKit/537.36 (KHTML, like Gecko) Version/4.0 Chrome/68.0.3440.91 Mobile Safari/537.36"
211.138.117.102 - - [09/Jan/2019:09:50:02 +0800] "GET /WEI_2100/systemclass_mini_prc?bigsysid=AS10110030&minisysid=ascause_c HTTP/1.1" 200 119 "http://merp.yudo.com.cn:8183/WEI_2100/WEI_2100?formKey=undefined&menuSelection=asm" "Mozilla/5.0 (Linux; Android 8.0.0; MHA-AL00 Build/HUAWEIMHA-AL00; wv) AppleWebKit/537.36 (KHTML, like Gecko) Version/4.0 Chrome/68.0.3440.91 Mobile Safari/537.36"
211.138.117.102 - - [09/Jan/2019:09:50:02 +0800] "GET /WEI_2100/systemclass_mini_prc?bigsysid=SA10350017&minisysid=supplyscope_c2 HTTP/1.1" 200 133 "http://merp.yudo.com.cn:8183/WEI_2100/WEI_2100?formKey=undefined&menuSelection=asm" "Mozilla/5.0 (Linux; Android 8.0.0; MHA-AL00 Build/HUAWEIMHA-AL00; wv) AppleWebKit/537.36 (KHTML, like Gecko) Version/4.0 Chrome/68.0.3440.91 Mobile Safari/537.36"
211.138.117.102 - - [09/Jan/2019:09:50:02 +0800] "GET /WEI_2100/systemclass_mini_prc?bigsysid=AS10060020&minisysid=asclass1_c HTTP/1.1" 200 2106 "http://merp.yudo.com.cn:8183/WEI_2100/WEI_2100?formKey=undefined&menuSelection=asm" "Mozilla/5.0 (Linux; Android 8.0.0; MHA-AL00 Build/HUAWEIMHA-AL00; wv) AppleWebKit/537.36 (KHTML, like Gecko) Version/4.0 Chrome/68.0.3440.91 Mobile Safari/537.36"
211.138.117.102 - - [09/Jan/2019:09:50:03 +0800] "GET /WEI_2100/systemclass_mini_prc?bigsysid=SA10370297&minisysid=supplyscope_c4 HTTP/1.1" 200 137 "http://merp.yudo.com.cn:8183/WEI_2100/WEI_2100?formKey=undefined&menuSelection=asm" "Mozilla/5.0 (Linux; Android 8.0.0; MHA-AL00 Build/HUAWEIMHA-AL00; wv) AppleWebKit/537.36 (KHTML, like Gecko) Version/4.0 Chrome/68.0.3440.91 Mobile Safari/537.36"
112.17.242.11 - - [09/Jan/2019:09:50:05 +0800] "POST /JLAMPCommon/setFormAccessLog_prc HTTP/1.1" 200 75 "http://merp.yudo.com.cn:8183/WEI_2100/WEI_2100?formKey=M20190109T094747177&menuSelection=asm" "Mozilla/5.0 (Linux; Android 5.0.2; vivo X6Plus A Build/LRX22G) AppleWebKit/537.36 (KHTML, like Gecko) Version/4.0 Chrome/37.0.0.0 Mobile Safari/537.36"
211.138.117.102 - - [09/Jan/2019:09:50:02 +0800] "GET /WEI_2100/systemclass_mini_prc?bigsysid=SA10340020&minisysid=supplyscope_c1 HTTP/1.1" 200 1053 "http://merp.yudo.com.cn:8183/WEI_2100/WEI_2100?formKey=undefined&menuSelection=asm" "Mozilla/5.0 (Linux; Android 8.0.0; MHA-AL00 Build/HUAWEIMHA-AL00; wv) AppleWebKit/537.36 (KHTML, like Gecko) Version/4.0 Chrome/68.0.3440.91 Mobile Safari/537.36"
211.138.117.102 - - [09/Jan/2019:09:50:03 +0800] "GET /WEI_2100/systemclass_mini_prc?bigsysid=SA10380453&minisysid=supplyscope_c5 HTTP/1.1" 200 616 "http://merp.yudo.com.cn:8183/WEI_2100/WEI_2100?formKey=undefined&menuSelection=asm" "Mozilla/5.0 (Linux; Android 8.0.0; MHA-AL00 Build/HUAWEIMHA-AL00; wv) AppleWebKit/537.36 (KHTML, like Gecko) Version/4.0 Chrome/68.0.3440.91 Mobile Safari/537.36"
211.138.117.102 - - [09/Jan/2019:09:50:02 +0800] "GET /WEI_2100/systemclass_mini_prc?bigsysid=SA10360097&minisysid=supplyscope_c3 HTTP/1.1" 200 271 "http://merp.yudo.com.cn:8183/WEI_2100/WEI_2100?formKey=undefined&menuSelection=asm" "Mozilla/5.0 (Linux; Android 8.0.0; MHA-AL00 Build/HUAWEIMHA-AL00; wv) AppleWebKit/537.36 (KHTML, like Gecko) Version/4.0 Chrome/68.0.3440.91 Mobile Safari/537.36"
112.17.242.11 - - [09/Jan/2019:09:50:06 +0800] "POST /main/logout_prc HTTP/1.1" 200 44 "http://merp.yudo.com.cn:8183/WEI_2100/WEI_2100?formKey=M20190109T094747177&menuSelection=asm" "Mozilla/5.0 (Linux; Android 5.0.2; vivo X6Plus A Build/LRX22G) AppleWebKit/537.36 (KHTML, like Gecko) Version/4.0 Chrome/37.0.0.0 Mobile Safari/537.36"
112.17.242.11 - - [09/Jan/2019:09:50:07 +0800] "GET /JLAMPCommon/getCookieJson_prc HTTP/1.1" 200 62 "http://merp.yudo.com.cn:8183/?deviceType=mobile&devicePlatform=android" "Mozilla/5.0 (Linux; Android 5.0.2; vivo X6Plus A Build/LRX22G) AppleWebKit/537.36 (KHTML, like Gecko) Version/4.0 Chrome/37.0.0.0 Mobile Safari/537.36"
::1 - - [09/Jan/2019:09:50:09 +0800] "OPTIONS * HTTP/1.0" 200 - "-" "Apache/2.4.6 (CentOS) PHP/5.6.32 (internal dummy connection)"
::1 - - [09/Jan/2019:09:50:11 +0800] "OPTIONS * HTTP/1.0" 200 - "-" "Apache/2.4.6 (CentOS) PHP/5.6.32 (internal dummy connection)"
::1 - - [09/Jan/2019:09:50:12 +0800] "OPTIONS * HTTP/1.0" 200 - "-" "Apache/2.4.6 (CentOS) PHP/5.6.32 (internal dummy connection)"
::1 - - [09/Jan/2019:09:50:13 +0800] "OPTIONS * HTTP/1.0" 200 - "-" "Apache/2.4.6 (CentOS) PHP/5.6.32 (internal dummy connection)"
::1 - - [09/Jan/2019:09:50:14 +0800] "OPTIONS * HTTP/1.0" 200 - "-" "Apache/2.4.6 (CentOS) PHP/5.6.32 (internal dummy connection)"
::1 - - [09/Jan/2019:09:50:15 +0800] "OPTIONS * HTTP/1.0" 200 - "-" "Apache/2.4.6 (CentOS) PHP/5.6.32 (internal dummy connection)"
::1 - - [09/Jan/2019:09:50:16 +0800] "OPTIONS * HTTP/1.0" 200 - "-" "Apache/2.4.6 (CentOS) PHP/5.6.32 (internal dummy connection)"
::1 - - [09/Jan/2019:09:50:17 +0800] "OPTIONS * HTTP/1.0" 200 - "-" "Apache/2.4.6 (CentOS) PHP/5.6.32 (internal dummy connection)"
112.17.241.80 - - [09/Jan/2019:09:50:17 +0800] "POST /main/login_prc HTTP/1.1" 200 44 "http://merp.yudo.com.cn:8183/?deviceType=mobile&devicePlatform=android" "Mozilla/5.0 (Linux; Android 7.1.1; OS105 Build/NGI77B; wv) AppleWebKit/537.36 (KHTML, like Gecko) Version/4.0 Chrome/62.0.3202.84 Mobile Safari/537.36"
112.17.241.80 - - [09/Jan/2019:09:50:18 +0800] "POST /main/checkMenuAuth_prc HTTP/1.1" 200 44 "http://merp.yudo.com.cn:8183/?deviceType=mobile&devicePlatform=android" "Mozilla/5.0 (Linux; Android 7.1.1; OS105 Build/NGI77B; wv) AppleWebKit/537.36 (KHTML, like Gecko) Version/4.0 Chrome/62.0.3202.84 Mobile Safari/537.36"
112.17.241.80 - - [09/Jan/2019:09:50:18 +0800] "POST / HTTP/1.1" 302 149 "http://merp.yudo.com.cn:8183/?deviceType=mobile&devicePlatform=android" "Mozilla/5.0 (Linux; Android 7.1.1; OS105 Build/NGI77B; wv) AppleWebKit/537.36 (KHTML, like Gecko) Version/4.0 Chrome/62.0.3202.84 Mobile Safari/537.36"
112.17.241.80 - - [09/Jan/2019:09:50:18 +0800] "POST / HTTP/1.1" 302 149 "http://merp.yudo.com.cn:8183/?deviceType=mobile&devicePlatform=android" "Mozilla/5.0 (Linux; Android 7.1.1; OS105 Build/NGI77B; wv) AppleWebKit/537.36 (KHTML, like Gecko) Version/4.0 Chrome/62.0.3202.84 Mobile Safari/537.36"
112.17.241.80 - - [09/Jan/2019:09:50:19 +0800] "GET /Menu/Menu?formKey=M20190109T094845687 HTTP/1.1" 200 5836 "http://merp.yudo.com.cn:8183/?deviceType=mobile&devicePlatform=android" "Mozilla/5.0 (Linux; Android 7.1.1; OS105 Build/NGI77B; wv) AppleWebKit/537.36 (KHTML, like Gecko) Version/4.0 Chrome/62.0.3202.84 Mobile Safari/537.36"
112.17.241.80 - - [09/Jan/2019:09:50:19 +0800] "GET /css/Menu/Menu.css?v=1002 HTTP/1.1" 200 1901 "http://merp.yudo.com.cn:8183/Menu/Menu?formKey=M20190109T094845687" "Mozilla/5.0 (Linux; Android 7.1.1; OS105 Build/NGI77B; wv) AppleWebKit/537.36 (KHTML, like Gecko) Version/4.0 Chrome/62.0.3202.84 Mobile Safari/537.36"
112.17.241.80 - - [09/Jan/2019:09:50:19 +0800] "GET /css/WEI_2000/mui.min.css?v=1001 HTTP/1.1" 200 74864 "http://merp.yudo.com.cn:8183/Menu/Menu?formKey=M20190109T094845687" "Mozilla/5.0 (Linux; Android 7.1.1; OS105 Build/NGI77B; wv) AppleWebKit/537.36 (KHTML, like Gecko) Version/4.0 Chrome/62.0.3202.84 Mobile Safari/537.36"
112.17.241.80 - - [09/Jan/2019:09:50:19 +0800] "GET /js/Menu/Menu.js?v=1005 HTTP/1.1" 200 2291 "http://merp.yudo.com.cn:8183/Menu/Menu?formKey=M20190109T094845687" "Mozilla/5.0 (Linux; Android 7.1.1; OS105 Build/NGI77B; wv) AppleWebKit/537.36 (KHTML, like Gecko) Version/4.0 Chrome/62.0.3202.84 Mobile Safari/537.36"
112.17.241.80 - - [09/Jan/2019:09:50:19 +0800] "GET /js/WEI_2000/mui.min.js HTTP/1.1" 200 115810 "http://merp.yudo.com.cn:8183/Menu/Menu?formKey=M20190109T094845687" "Mozilla/5.0 (Linux; Android 7.1.1; OS105 Build/NGI77B; wv) AppleWebKit/537.36 (KHTML, like Gecko) Version/4.0 Chrome/62.0.3202.84 Mobile Safari/537.36"
112.17.241.80 - - [09/Jan/2019:09:50:20 +0800] "GET /image/MI.png HTTP/1.1" 200 3083 "http://merp.yudo.com.cn:8183/Menu/Menu?formKey=M20190109T094845687" "Mozilla/5.0 (Linux; Android 7.1.1; OS105 Build/NGI77B; wv) AppleWebKit/537.36 (KHTML, like Gecko) Version/4.0 Chrome/62.0.3202.84 Mobile Safari/537.36"
112.17.241.80 - - [09/Jan/2019:09:50:20 +0800] "GET /image/SM.png HTTP/1.1" 200 3070 "http://merp.yudo.com.cn:8183/Menu/Menu?formKey=M20190109T094845687" "Mozilla/5.0 (Linux; Android 7.1.1; OS105 Build/NGI77B; wv) AppleWebKit/537.36 (KHTML, like Gecko) Version/4.0 Chrome/62.0.3202.84 Mobile Safari/537.36"
112.17.241.80 - - [09/Jan/2019:09:50:20 +0800] "GET /image/ASM.png HTTP/1.1" 200 21273 "http://merp.yudo.com.cn:8183/Menu/Menu?formKey=M20190109T094845687" "Mozilla/5.0 (Linux; Android 7.1.1; OS105 Build/NGI77B; wv) AppleWebKit/537.36 (KHTML, like Gecko) Version/4.0 Chrome/62.0.3202.84 Mobile Safari/537.36"
112.17.241.80 - - [09/Jan/2019:09:50:20 +0800] "POST /JLAMPCommon/langBatchRows_prc HTTP/1.1" 200 227 "http://merp.yudo.com.cn:8183/Menu/Menu?formKey=M20190109T094845687" "Mozilla/5.0 (Linux; Android 7.1.1; OS105 Build/NGI77B; wv) AppleWebKit/537.36 (KHTML, like Gecko) Version/4.0 Chrome/62.0.3202.84 Mobile Safari/537.36"
112.17.241.80 - - [09/Jan/2019:09:50:20 +0800] "GET /JLAMPCommon/getCookieJson_prc HTTP/1.1" 200 898 "http://merp.yudo.com.cn:8183/Menu/Menu?formKey=M20190109T094845687" "Mozilla/5.0 (Linux; Android 7.1.1; OS105 Build/NGI77B; wv) AppleWebKit/537.36 (KHTML, like Gecko) Version/4.0 Chrome/62.0.3202.84 Mobile Safari/537.36"
112.17.241.80 - - [09/Jan/2019:09:50:20 +0800] "GET /Menu/doMenuRows_prc?formKey=M20190109T094845687 HTTP/1.1" 200 540 "http://merp.yudo.com.cn:8183/Menu/Menu?formKey=M20190109T094845687" "Mozilla/5.0 (Linux; Android 7.1.1; OS105 Build/NGI77B; wv) AppleWebKit/537.36 (KHTML, like Gecko) Version/4.0 Chrome/62.0.3202.84 Mobile Safari/537.36"
112.17.241.80 - - [09/Jan/2019:09:50:21 +0800] "GET /image/menu_allow.png HTTP/1.1" 200 2728 "http://merp.yudo.com.cn:8183/Menu/Menu?formKey=M20190109T094845687" "Mozilla/5.0 (Linux; Android 7.1.1; OS105 Build/NGI77B; wv) AppleWebKit/537.36 (KHTML, like Gecko) Version/4.0 Chrome/62.0.3202.84 Mobile Safari/537.36"
112.17.241.80 - - [09/Jan/2019:09:50:29 +0800] "GET /WEI_2100/WEI_2100?formKey=M20190109T094845687&menuSelection=asm HTTP/1.1" 200 87872 "http://merp.yudo.com.cn:8183/Menu/Menu?formKey=M20190109T094845687" "Mozilla/5.0 (Linux; Android 7.1.1; OS105 Build/NGI77B; wv) AppleWebKit/537.36 (KHTML, like Gecko) Version/4.0 Chrome/62.0.3202.84 Mobile Safari/537.36"
112.17.241.80 - - [09/Jan/2019:09:50:30 +0800] "GET /css/WEI_2100/WEI_2100_Lists.css?v=201806080934 HTTP/1.1" 200 10369 "http://merp.yudo.com.cn:8183/WEI_2100/WEI_2100?formKey=M20190109T094845687&menuSelection=asm" "Mozilla/5.0 (Linux; Android 7.1.1; OS105 Build/NGI77B; wv) AppleWebKit/537.36 (KHTML, like Gecko) Version/4.0 Chrome/62.0.3202.84 Mobile Safari/537.36"
112.17.241.80 - - [09/Jan/2019:09:50:30 +0800] "GET /js/WEI_2100/css/layui.css HTTP/1.1" 200 62448 "http://merp.yudo.com.cn:8183/WEI_2100/WEI_2100?formKey=M20190109T094845687&menuSelection=asm" "Mozilla/5.0 (Linux; Android 7.1.1; OS105 Build/NGI77B; wv) AppleWebKit/537.36 (KHTML, like Gecko) Version/4.0 Chrome/62.0.3202.84 Mobile Safari/537.36"
112.17.241.80 - - [09/Jan/2019:09:50:30 +0800] "GET /css/WEI_2000/mui.min.css HTTP/1.1" 200 74864 "http://merp.yudo.com.cn:8183/WEI_2100/WEI_2100?formKey=M20190109T094845687&menuSelection=asm" "Mozilla/5.0 (Linux; Android 7.1.1; OS105 Build/NGI77B; wv) AppleWebKit/537.36 (KHTML, like Gecko) Version/4.0 Chrome/62.0.3202.84 Mobile Safari/537.36"
112.17.241.80 - - [09/Jan/2019:09:50:30 +0800] "GET /js/WEI_2100/multiSelect.js?v=1005 HTTP/1.1" 200 4974 "http://merp.yudo.com.cn:8183/WEI_2100/WEI_2100?formKey=M20190109T094845687&menuSelection=asm" "Mozilla/5.0 (Linux; Android 7.1.1; OS105 Build/NGI77B; wv) AppleWebKit/537.36 (KHTML, like Gecko) Version/4.0 Chrome/62.0.3202.84 Mobile Safari/537.36"
112.17.241.80 - - [09/Jan/2019:09:50:30 +0800] "GET /js/WEI_2000/mui.min.js?v=1001 HTTP/1.1" 200 115810 "http://merp.yudo.com.cn:8183/WEI_2100/WEI_2100?formKey=M20190109T094845687&menuSelection=asm" "Mozilla/5.0 (Linux; Android 7.1.1; OS105 Build/NGI77B; wv) AppleWebKit/537.36 (KHTML, like Gecko) Version/4.0 Chrome/62.0.3202.84 Mobile Safari/537.36"
112.17.241.80 - - [09/Jan/2019:09:50:30 +0800] "GET /js/WEI_2100/WEI_2100_Lang.js?v=1001 HTTP/1.1" 200 930 "http://merp.yudo.com.cn:8183/WEI_2100/WEI_2100?formKey=M20190109T094845687&menuSelection=asm" "Mozilla/5.0 (Linux; Android 7.1.1; OS105 Build/NGI77B; wv) AppleWebKit/537.36 (KHTML, like Gecko) Version/4.0 Chrome/62.0.3202.84 Mobile Safari/537.36"
112.17.241.80 - - [09/Jan/2019:09:50:30 +0800] "GET /js/WEI_2000/mui.previewimage.js?v=201804261256 HTTP/1.1" 200 13324 "http://merp.yudo.com.cn:8183/WEI_2100/WEI_2100?formKey=M20190109T094845687&menuSelection=asm" "Mozilla/5.0 (Linux; Android 7.1.1; OS105 Build/NGI77B; wv) AppleWebKit/537.36 (KHTML, like Gecko) Version/4.0 Chrome/62.0.3202.84 Mobile Safari/537.36"
112.17.241.80 - - [09/Jan/2019:09:50:30 +0800] "GET /js/WEI_2100/vue/vue.js HTTP/1.1" 200 289303 "http://merp.yudo.com.cn:8183/WEI_2100/WEI_2100?formKey=M20190109T094845687&menuSelection=asm" "Mozilla/5.0 (Linux; Android 7.1.1; OS105 Build/NGI77B; wv) AppleWebKit/537.36 (KHTML, like Gecko) Version/4.0 Chrome/62.0.3202.84 Mobile Safari/537.36"
112.17.241.80 - - [09/Jan/2019:09:50:30 +0800] "GET /js/WEI_2000/mui.zoom.js?v=201804231454 HTTP/1.1" 200 11703 "http://merp.yudo.com.cn:8183/WEI_2100/WEI_2100?formKey=M20190109T094845687&menuSelection=asm" "Mozilla/5.0 (Linux; Android 7.1.1; OS105 Build/NGI77B; wv) AppleWebKit/537.36 (KHTML, like Gecko) Version/4.0 Chrome/62.0.3202.84 Mobile Safari/537.36"
112.17.241.80 - - [09/Jan/2019:09:50:30 +0800] "GET /js/WEI_2100/layui.all.js HTTP/1.1" 200 228080 "http://merp.yudo.com.cn:8183/WEI_2100/WEI_2100?formKey=M20190109T094845687&menuSelection=asm" "Mozilla/5.0 (Linux; Android 7.1.1; OS105 Build/NGI77B; wv) AppleWebKit/537.36 (KHTML, like Gecko) Version/4.0 Chrome/62.0.3202.84 Mobile Safari/537.36"
112.17.241.80 - - [09/Jan/2019:09:50:30 +0800] "GET /js/WEI_2100/WEI_2100_Lists.js?v=3200 HTTP/1.1" 200 139256 "http://merp.yudo.com.cn:8183/WEI_2100/WEI_2100?formKey=M20190109T094845687&menuSelection=asm" "Mozilla/5.0 (Linux; Android 7.1.1; OS105 Build/NGI77B; wv) AppleWebKit/537.36 (KHTML, like Gecko) Version/4.0 Chrome/62.0.3202.84 Mobile Safari/537.36"
112.17.241.80 - - [09/Jan/2019:09:50:30 +0800] "GET /image/qrcode.png HTTP/1.1" 200 5736 "http://merp.yudo.com.cn:8183/WEI_2100/WEI_2100?formKey=M20190109T094845687&menuSelection=asm" "Mozilla/5.0 (Linux; Android 7.1.1; OS105 Build/NGI77B; wv) AppleWebKit/537.36 (KHTML, like Gecko) Version/4.0 Chrome/62.0.3202.84 Mobile Safari/537.36"
112.17.241.80 - - [09/Jan/2019:09:50:30 +0800] "GET /css/fonts/mui.ttf HTTP/1.1" 200 29884 "http://merp.yudo.com.cn:8183/css/WEI_2000/mui.min.css" "Mozilla/5.0 (Linux; Android 7.1.1; OS105 Build/NGI77B; wv) AppleWebKit/537.36 (KHTML, like Gecko) Version/4.0 Chrome/62.0.3202.84 Mobile Safari/537.36"
112.17.241.80 - - [09/Jan/2019:09:50:30 +0800] "GET /js/WEI_2100/font/iconfont.woff?v=230-rc1 HTTP/1.1" 200 25996 "http://merp.yudo.com.cn:8183/js/WEI_2100/css/layui.css" "Mozilla/5.0 (Linux; Android 7.1.1; OS105 Build/NGI77B; wv) AppleWebKit/537.36 (KHTML, like Gecko) Version/4.0 Chrome/62.0.3202.84 Mobile Safari/537.36"
112.17.241.80 - - [09/Jan/2019:09:50:31 +0800] "GET /js/WEI_2100/css/modules/laydate/default/laydate.css?v=5.0.9 HTTP/1.1" 200 7541 "http://merp.yudo.com.cn:8183/WEI_2100/WEI_2100?formKey=M20190109T094845687&menuSelection=asm" "Mozilla/5.0 (Linux; Android 7.1.1; OS105 Build/NGI77B; wv) AppleWebKit/537.36 (KHTML, like Gecko) Version/4.0 Chrome/62.0.3202.84 Mobile Safari/537.36"
112.17.241.80 - - [09/Jan/2019:09:50:31 +0800] "GET /js/WEI_2100/css/modules/layer/default/layer.css?v=3.1.1 HTTP/1.1" 200 14429 "http://merp.yudo.com.cn:8183/WEI_2100/WEI_2100?formKey=M20190109T094845687&menuSelection=asm" "Mozilla/5.0 (Linux; Android 7.1.1; OS105 Build/NGI77B; wv) AppleWebKit/537.36 (KHTML, like Gecko) Version/4.0 Chrome/62.0.3202.84 Mobile Safari/537.36"
112.17.241.80 - - [09/Jan/2019:09:50:31 +0800] "GET /js/WEI_2100/css/modules/code.css HTTP/1.1" 200 1067 "http://merp.yudo.com.cn:8183/WEI_2100/WEI_2100?formKey=M20190109T094845687&menuSelection=asm" "Mozilla/5.0 (Linux; Android 7.1.1; OS105 Build/NGI77B; wv) AppleWebKit/537.36 (KHTML, like Gecko) Version/4.0 Chrome/62.0.3202.84 Mobile Safari/537.36"
112.17.241.80 - - [09/Jan/2019:09:50:31 +0800] "POST /JLAMPCommon/langBatchRows_prc HTTP/1.1" 200 14644 "http://merp.yudo.com.cn:8183/WEI_2100/WEI_2100?formKey=M20190109T094845687&menuSelection=asm" "Mozilla/5.0 (Linux; Android 7.1.1; OS105 Build/NGI77B; wv) AppleWebKit/537.36 (KHTML, like Gecko) Version/4.0 Chrome/62.0.3202.84 Mobile Safari/537.36"
112.17.241.80 - - [09/Jan/2019:09:50:31 +0800] "POST /JLAMPCommon/langBatchRows_prc HTTP/1.1" 200 14653 "http://merp.yudo.com.cn:8183/WEI_2100/WEI_2100?formKey=M20190109T094845687&menuSelection=asm" "Mozilla/5.0 (Linux; Android 7.1.1; OS105 Build/NGI77B; wv) AppleWebKit/537.36 (KHTML, like Gecko) Version/4.0 Chrome/62.0.3202.84 Mobile Safari/537.36"
112.17.241.80 - - [09/Jan/2019:09:50:32 +0800] "GET /JLAMPCommon/getCookieJson_prc HTTP/1.1" 200 898 "http://merp.yudo.com.cn:8183/WEI_2100/WEI_2100?formKey=M20190109T094845687&menuSelection=asm" "Mozilla/5.0 (Linux; Android 7.1.1; OS105 Build/NGI77B; wv) AppleWebKit/537.36 (KHTML, like Gecko) Version/4.0 Chrome/62.0.3202.84 Mobile Safari/537.36"
112.17.241.80 - - [09/Jan/2019:09:50:33 +0800] "GET /js/WEI_2100/css/modules/layer/default/loading-2.gif HTTP/1.1" 200 1787 "http://merp.yudo.com.cn:8183/js/WEI_2100/css/modules/layer/default/layer.css?v=3.1.1" "Mozilla/5.0 (Linux; Android 7.1.1; OS105 Build/NGI77B; wv) AppleWebKit/537.36 (KHTML, like Gecko) Version/4.0 Chrome/62.0.3202.84 Mobile Safari/537.36"
112.17.241.80 - - [09/Jan/2019:09:50:33 +0800] "GET /WEI_2100/login_user HTTP/1.1" 200 150 "http://merp.yudo.com.cn:8183/WEI_2100/WEI_2100?formKey=M20190109T094845687&menuSelection=asm" "Mozilla/5.0 (Linux; Android 7.1.1; OS105 Build/NGI77B; wv) AppleWebKit/537.36 (KHTML, like Gecko) Version/4.0 Chrome/62.0.3202.84 Mobile Safari/537.36"
112.17.241.80 - - [09/Jan/2019:09:50:33 +0800] "GET /WEI_2100/systemclass_big_prc?bigsysid=asclass1 HTTP/1.1" 200 502 "http://merp.yudo.com.cn:8183/WEI_2100/WEI_2100?formKey=M20190109T094845687&menuSelection=asm" "Mozilla/5.0 (Linux; Android 7.1.1; OS105 Build/NGI77B; wv) AppleWebKit/537.36 (KHTML, like Gecko) Version/4.0 Chrome/62.0.3202.84 Mobile Safari/537.36"
112.17.241.80 - - [09/Jan/2019:09:50:33 +0800] "GET /WEI_2100/systemclass_big_prc?bigsysid=ascause HTTP/1.1" 200 215 "http://merp.yudo.com.cn:8183/WEI_2100/WEI_2100?formKey=M20190109T094845687&menuSelection=asm" "Mozilla/5.0 (Linux; Android 7.1.1; OS105 Build/NGI77B; wv) AppleWebKit/537.36 (KHTML, like Gecko) Version/4.0 Chrome/62.0.3202.84 Mobile Safari/537.36"
112.17.241.80 - - [09/Jan/2019:09:50:33 +0800] "GET /WEI_2100/systemclass_big_prc?bigsysid=markets HTTP/1.1" 200 406 "http://merp.yudo.com.cn:8183/WEI_2100/WEI_2100?formKey=M20190109T094845687&menuSelection=asm" "Mozilla/5.0 (Linux; Android 7.1.1; OS105 Build/NGI77B; wv) AppleWebKit/537.36 (KHTML, like Gecko) Version/4.0 Chrome/62.0.3202.84 Mobile Safari/537.36"
112.17.241.80 - - [09/Jan/2019:09:50:33 +0800] "GET /WEI_2100/systemclass_big_prc?bigsysid=startpoint HTTP/1.1" 200 329 "http://merp.yudo.com.cn:8183/WEI_2100/WEI_2100?formKey=M20190109T094845687&menuSelection=asm" "Mozilla/5.0 (Linux; Android 7.1.1; OS105 Build/NGI77B; wv) AppleWebKit/537.36 (KHTML, like Gecko) Version/4.0 Chrome/62.0.3202.84 Mobile Safari/537.36"
112.17.241.80 - - [09/Jan/2019:09:50:33 +0800] "GET /WEI_2100/systemclass_big_prc?bigsysid=area HTTP/1.1" 200 757 "http://merp.yudo.com.cn:8183/WEI_2100/WEI_2100?formKey=M20190109T094845687&menuSelection=asm" "Mozilla/5.0 (Linux; Android 7.1.1; OS105 Build/NGI77B; wv) AppleWebKit/537.36 (KHTML, like Gecko) Version/4.0 Chrome/62.0.3202.84 Mobile Safari/537.36"
112.17.241.80 - - [09/Jan/2019:09:50:33 +0800] "GET /WEI_2100/systemclass_big_prc?bigsysid=supplyscope HTTP/1.1" 200 302 "http://merp.yudo.com.cn:8183/WEI_2100/WEI_2100?formKey=M20190109T094845687&menuSelection=asm" "Mozilla/5.0 (Linux; Android 7.1.1; OS105 Build/NGI77B; wv) AppleWebKit/537.36 (KHTML, like Gecko) Version/4.0 Chrome/62.0.3202.84 Mobile Safari/537.36"
112.17.241.80 - - [09/Jan/2019:09:50:34 +0800] "GET /WEI_2100/user_prc HTTP/1.1" 200 88734 "http://merp.yudo.com.cn:8183/WEI_2100/WEI_2100?formKey=M20190109T094845687&menuSelection=asm" "Mozilla/5.0 (Linux; Android 7.1.1; OS105 Build/NGI77B; wv) AppleWebKit/537.36 (KHTML, like Gecko) Version/4.0 Chrome/62.0.3202.84 Mobile Safari/537.36"
112.17.241.80 - - [09/Jan/2019:09:50:35 +0800] "GET /WEI_2100/as_unit HTTP/1.1" 200 1002 "http://merp.yudo.com.cn:8183/WEI_2100/WEI_2100?formKey=M20190109T094845687&menuSelection=asm" "Mozilla/5.0 (Linux; Android 7.1.1; OS105 Build/NGI77B; wv) AppleWebKit/537.36 (KHTML, like Gecko) Version/4.0 Chrome/62.0.3202.84 Mobile Safari/537.36"
112.17.241.80 - - [09/Jan/2019:09:50:33 +0800] "GET /WEI_2100/systemclass_big_prc?bigsysid=asbadtype HTTP/1.1" 200 152 "http://merp.yudo.com.cn:8183/WEI_2100/WEI_2100?formKey=M20190109T094845687&menuSelection=asm" "Mozilla/5.0 (Linux; Android 7.1.1; OS105 Build/NGI77B; wv) AppleWebKit/537.36 (KHTML, like Gecko) Version/4.0 Chrome/62.0.3202.84 Mobile Safari/537.36"
112.17.241.80 - - [09/Jan/2019:09:50:34 +0800] "GET /WEI_2100/systemclass_big_prc?bigsysid=asclass HTTP/1.1" 200 269 "http://merp.yudo.com.cn:8183/WEI_2100/WEI_2100?formKey=M20190109T094845687&menuSelection=asm" "Mozilla/5.0 (Linux; Android 7.1.1; OS105 Build/NGI77B; wv) AppleWebKit/537.36 (KHTML, like Gecko) Version/4.0 Chrome/62.0.3202.84 Mobile Safari/537.36"
211.138.117.102 - - [09/Jan/2019:09:50:43 +0800] "GET /WEI_2100/as_prc?asid=&custnm=&ascount=50&startDate=2019-01-01&endDate=2019-01-09 HTTP/1.1" 200 66 "http://merp.yudo.com.cn:8183/WEI_2100/WEI_2100?formKey=undefined&menuSelection=asm" "Mozilla/5.0 (Linux; Android 8.0.0; MHA-AL00 Build/HUAWEIMHA-AL00; wv) AppleWebKit/537.36 (KHTML, like Gecko) Version/4.0 Chrome/68.0.3440.91 Mobile Safari/537.36"
112.17.241.80 - - [09/Jan/2019:09:50:45 +0800] "GET /Menu/Menu/menuLists?formKey=M20190109T094845687&menuSelection=asm HTTP/1.1" 200 5839 "http://merp.yudo.com.cn:8183/WEI_2100/WEI_2100?formKey=M20190109T094845687&menuSelection=asm" "Mozilla/5.0 (Linux; Android 7.1.1; OS105 Build/NGI77B; wv) AppleWebKit/537.36 (KHTML, like Gecko) Version/4.0 Chrome/62.0.3202.84 Mobile Safari/537.36"
112.17.241.80 - - [09/Jan/2019:09:50:46 +0800] "POST /JLAMPCommon/langBatchRows_prc HTTP/1.1" 200 227 "http://merp.yudo.com.cn:8183/Menu/Menu/menuLists?formKey=M20190109T094845687&menuSelection=asm" "Mozilla/5.0 (Linux; Android 7.1.1; OS105 Build/NGI77B; wv) AppleWebKit/537.36 (KHTML, like Gecko) Version/4.0 Chrome/62.0.3202.84 Mobile Safari/537.36"
112.17.241.80 - - [09/Jan/2019:09:50:46 +0800] "GET /JLAMPCommon/getCookieJson_prc HTTP/1.1" 200 898 "http://merp.yudo.com.cn:8183/Menu/Menu/menuLists?formKey=M20190109T094845687&menuSelection=asm" "Mozilla/5.0 (Linux; Android 7.1.1; OS105 Build/NGI77B; wv) AppleWebKit/537.36 (KHTML, like Gecko) Version/4.0 Chrome/62.0.3202.84 Mobile Safari/537.36"
112.17.241.80 - - [09/Jan/2019:09:50:46 +0800] "GET /Menu/doMenuRows_prc?formKey=M20190109T094845687 HTTP/1.1" 200 540 "http://merp.yudo.com.cn:8183/Menu/Menu/menuLists?formKey=M20190109T094845687&menuSelection=asm" "Mozilla/5.0 (Linux; Android 7.1.1; OS105 Build/NGI77B; wv) AppleWebKit/537.36 (KHTML, like Gecko) Version/4.0 Chrome/62.0.3202.84 Mobile Safari/537.36"
::1 - - [09/Jan/2019:09:50:54 +0800] "OPTIONS * HTTP/1.0" 200 - "-" "Apache/2.4.6 (CentOS) PHP/5.6.32 (internal dummy connection)"
112.17.241.80 - - [09/Jan/2019:09:50:59 +0800] "GET /WEI_2300/WEI_2300?formKey=M20190109T094845687&menuSelection=asm HTTP/1.1" 200 42837 "http://merp.yudo.com.cn:8183/Menu/Menu/menuLists?formKey=M20190109T094845687&menuSelection=asm" "Mozilla/5.0 (Linux; Android 7.1.1; OS105 Build/NGI77B; wv) AppleWebKit/537.36 (KHTML, like Gecko) Version/4.0 Chrome/62.0.3202.84 Mobile Safari/537.36"
112.17.241.80 - - [09/Jan/2019:09:50:59 +0800] "GET /css/yudo-ui.css?v=1050 HTTP/1.1" 200 16320 "http://merp.yudo.com.cn:8183/WEI_2300/WEI_2300?formKey=M20190109T094845687&menuSelection=asm" "Mozilla/5.0 (Linux; Android 7.1.1; OS105 Build/NGI77B; wv) AppleWebKit/537.36 (KHTML, like Gecko) Version/4.0 Chrome/62.0.3202.84 Mobile Safari/537.36"
112.17.241.80 - - [09/Jan/2019:09:50:59 +0800] "GET /css/mui.min.css?v=1008 HTTP/1.1" 200 76587 "http://merp.yudo.com.cn:8183/WEI_2300/WEI_2300?formKey=M20190109T094845687&menuSelection=asm" "Mozilla/5.0 (Linux; Android 7.1.1; OS105 Build/NGI77B; wv) AppleWebKit/537.36 (KHTML, like Gecko) Version/4.0 Chrome/62.0.3202.84 Mobile Safari/537.36"
112.17.241.80 - - [09/Jan/2019:09:50:59 +0800] "GET /css/mui.picker.min.css HTTP/1.1" 200 4843 "http://merp.yudo.com.cn:8183/WEI_2300/WEI_2300?formKey=M20190109T094845687&menuSelection=asm" "Mozilla/5.0 (Linux; Android 7.1.1; OS105 Build/NGI77B; wv) AppleWebKit/537.36 (KHTML, like Gecko) Version/4.0 Chrome/62.0.3202.84 Mobile Safari/537.36"
112.17.241.80 - - [09/Jan/2019:09:50:59 +0800] "GET /js/multiHttp.js?v=1001 HTTP/1.1" 200 7163 "http://merp.yudo.com.cn:8183/WEI_2300/WEI_2300?formKey=M20190109T094845687&menuSelection=asm" "Mozilla/5.0 (Linux; Android 7.1.1; OS105 Build/NGI77B; wv) AppleWebKit/537.36 (KHTML, like Gecko) Version/4.0 Chrome/62.0.3202.84 Mobile Safari/537.36"
112.17.241.80 - - [09/Jan/2019:09:50:59 +0800] "GET /js/mui.min.js?v=1001 HTTP/1.1" 200 115810 "http://merp.yudo.com.cn:8183/WEI_2300/WEI_2300?formKey=M20190109T094845687&menuSelection=asm" "Mozilla/5.0 (Linux; Android 7.1.1; OS105 Build/NGI77B; wv) AppleWebKit/537.36 (KHTML, like Gecko) Version/4.0 Chrome/62.0.3202.84 Mobile Safari/537.36"
112.17.241.80 - - [09/Jan/2019:09:50:59 +0800] "GET /js/lang.min.js?v=1001 HTTP/1.1" 200 904 "http://merp.yudo.com.cn:8183/WEI_2300/WEI_2300?formKey=M20190109T094845687&menuSelection=asm" "Mozilla/5.0 (Linux; Android 7.1.1; OS105 Build/NGI77B; wv) AppleWebKit/537.36 (KHTML, like Gecko) Version/4.0 Chrome/62.0.3202.84 Mobile Safari/537.36"
112.17.241.80 - - [09/Jan/2019:09:50:59 +0800] "GET /js/mui.previewimage.js?v=201804261256 HTTP/1.1" 200 13324 "http://merp.yudo.com.cn:8183/WEI_2300/WEI_2300?formKey=M20190109T094845687&menuSelection=asm" "Mozilla/5.0 (Linux; Android 7.1.1; OS105 Build/NGI77B; wv) AppleWebKit/537.36 (KHTML, like Gecko) Version/4.0 Chrome/62.0.3202.84 Mobile Safari/537.36"
112.17.241.80 - - [09/Jan/2019:09:50:59 +0800] "GET /js/vue.js HTTP/1.1" 200 289301 "http://merp.yudo.com.cn:8183/WEI_2300/WEI_2300?formKey=M20190109T094845687&menuSelection=asm" "Mozilla/5.0 (Linux; Android 7.1.1; OS105 Build/NGI77B; wv) AppleWebKit/537.36 (KHTML, like Gecko) Version/4.0 Chrome/62.0.3202.84 Mobile Safari/537.36"
112.17.241.80 - - [09/Jan/2019:09:50:59 +0800] "GET /js/mui.zoom.js?v=201804231454 HTTP/1.1" 200 11703 "http://merp.yudo.com.cn:8183/WEI_2300/WEI_2300?formKey=M20190109T094845687&menuSelection=asm" "Mozilla/5.0 (Linux; Android 7.1.1; OS105 Build/NGI77B; wv) AppleWebKit/537.36 (KHTML, like Gecko) Version/4.0 Chrome/62.0.3202.84 Mobile Safari/537.36"
112.17.241.80 - - [09/Jan/2019:09:50:59 +0800] "GET /js/mui.picker.min.js?v=1001 HTTP/1.1" 200 18411 "http://merp.yudo.com.cn:8183/WEI_2300/WEI_2300?formKey=M20190109T094845687&menuSelection=asm" "Mozilla/5.0 (Linux; Android 7.1.1; OS105 Build/NGI77B; wv) AppleWebKit/537.36 (KHTML, like Gecko) Version/4.0 Chrome/62.0.3202.84 Mobile Safari/537.36"
112.17.241.80 - - [09/Jan/2019:09:50:59 +0800] "GET /js/WEI_2300/WEI_2300_Lists.js?v=1062 HTTP/1.1" 200 61920 "http://merp.yudo.com.cn:8183/WEI_2300/WEI_2300?formKey=M20190109T094845687&menuSelection=asm" "Mozilla/5.0 (Linux; Android 7.1.1; OS105 Build/NGI77B; wv) AppleWebKit/537.36 (KHTML, like Gecko) Version/4.0 Chrome/62.0.3202.84 Mobile Safari/537.36"
112.17.241.80 - - [09/Jan/2019:09:50:59 +0800] "GET /js/echarts.min.js HTTP/1.1" 200 744675 "http://merp.yudo.com.cn:8183/WEI_2300/WEI_2300?formKey=M20190109T094845687&menuSelection=asm" "Mozilla/5.0 (Linux; Android 7.1.1; OS105 Build/NGI77B; wv) AppleWebKit/537.36 (KHTML, like Gecko) Version/4.0 Chrome/62.0.3202.84 Mobile Safari/537.36"
112.17.241.80 - - [09/Jan/2019:09:51:00 +0800] "POST /JLAMPCommon/langBatchRows_prc HTTP/1.1" 200 20629 "http://merp.yudo.com.cn:8183/WEI_2300/WEI_2300?formKey=M20190109T094845687&menuSelection=asm" "Mozilla/5.0 (Linux; Android 7.1.1; OS105 Build/NGI77B; wv) AppleWebKit/537.36 (KHTML, like Gecko) Version/4.0 Chrome/62.0.3202.84 Mobile Safari/537.36"
112.17.241.80 - - [09/Jan/2019:09:51:00 +0800] "GET /WEI_2300/getLoginInfo HTTP/1.1" 200 142 "http://merp.yudo.com.cn:8183/WEI_2300/WEI_2300?formKey=M20190109T094845687&menuSelection=asm" "Mozilla/5.0 (Linux; Android 7.1.1; OS105 Build/NGI77B; wv) AppleWebKit/537.36 (KHTML, like Gecko) Version/4.0 Chrome/62.0.3202.84 Mobile Safari/537.36"
112.17.241.80 - - [09/Jan/2019:09:51:00 +0800] "POST /JLAMPCommon/langBatchRows_prc HTTP/1.1" 200 483 "http://merp.yudo.com.cn:8183/WEI_2300/WEI_2300?formKey=M20190109T094845687&menuSelection=asm" "Mozilla/5.0 (Linux; Android 7.1.1; OS105 Build/NGI77B; wv) AppleWebKit/537.36 (KHTML, like Gecko) Version/4.0 Chrome/62.0.3202.84 Mobile Safari/537.36"
112.17.241.80 - - [09/Jan/2019:09:51:00 +0800] "GET /JLAMPCommon/getCookieJson_prc HTTP/1.1" 200 898 "http://merp.yudo.com.cn:8183/WEI_2300/WEI_2300?formKey=M20190109T094845687&menuSelection=asm" "Mozilla/5.0 (Linux; Android 7.1.1; OS105 Build/NGI77B; wv) AppleWebKit/537.36 (KHTML, like Gecko) Version/4.0 Chrome/62.0.3202.84 Mobile Safari/537.36"
112.17.241.80 - - [09/Jan/2019:09:51:00 +0800] "GET /image/fonticon/backMenu_icon.png HTTP/1.1" 200 1449 "http://merp.yudo.com.cn:8183/css/yudo-ui.css?v=1050" "Mozilla/5.0 (Linux; Android 7.1.1; OS105 Build/NGI77B; wv) AppleWebKit/537.36 (KHTML, like Gecko) Version/4.0 Chrome/62.0.3202.84 Mobile Safari/537.36"
112.17.241.80 - - [09/Jan/2019:09:51:00 +0800] "GET /image/fonticon/extend_icon.png HTTP/1.1" 200 731 "http://merp.yudo.com.cn:8183/css/yudo-ui.css?v=1050" "Mozilla/5.0 (Linux; Android 7.1.1; OS105 Build/NGI77B; wv) AppleWebKit/537.36 (KHTML, like Gecko) Version/4.0 Chrome/62.0.3202.84 Mobile Safari/537.36"
112.17.241.80 - - [09/Jan/2019:09:51:00 +0800] "GET /image/fonticon/search_icon.png HTTP/1.1" 200 2335 "http://merp.yudo.com.cn:8183/css/yudo-ui.css?v=1050" "Mozilla/5.0 (Linux; Android 7.1.1; OS105 Build/NGI77B; wv) AppleWebKit/537.36 (KHTML, like Gecko) Version/4.0 Chrome/62.0.3202.84 Mobile Safari/537.36"
112.17.241.80 - - [09/Jan/2019:09:51:00 +0800] "GET /image/fonticon/write_icon.png HTTP/1.1" 200 1384 "http://merp.yudo.com.cn:8183/css/yudo-ui.css?v=1050" "Mozilla/5.0 (Linux; Android 7.1.1; OS105 Build/NGI77B; wv) AppleWebKit/537.36 (KHTML, like Gecko) Version/4.0 Chrome/62.0.3202.84 Mobile Safari/537.36"
112.17.241.80 - - [09/Jan/2019:09:51:00 +0800] "GET /favicon.ico HTTP/1.1" 404 1476 "http://merp.yudo.com.cn:8183/WEI_2300/WEI_2300?formKey=M20190109T094845687&menuSelection=asm" "Mozilla/5.0 (Linux; Android 7.1.1; OS105 Build/NGI77B; wv) AppleWebKit/537.36 (KHTML, like Gecko) Version/4.0 Chrome/62.0.3202.84 Mobile Safari/537.36"
112.17.241.80 - - [09/Jan/2019:09:51:02 +0800] "GET /image/fonticon/loading_icon2.png HTTP/1.1" 200 808 "http://merp.yudo.com.cn:8183/css/mui.min.css?v=1008" "Mozilla/5.0 (Linux; Android 7.1.1; OS105 Build/NGI77B; wv) AppleWebKit/537.36 (KHTML, like Gecko) Version/4.0 Chrome/62.0.3202.84 Mobile Safari/537.36"
112.17.241.80 - - [09/Jan/2019:09:51:02 +0800] "GET /image/fonticon/back_icon2.png HTTP/1.1" 200 1066 "http://merp.yudo.com.cn:8183/css/yudo-ui.css?v=1050" "Mozilla/5.0 (Linux; Android 7.1.1; OS105 Build/NGI77B; wv) AppleWebKit/537.36 (KHTML, like Gecko) Version/4.0 Chrome/62.0.3202.84 Mobile Safari/537.36"
112.17.241.80 - - [09/Jan/2019:09:51:02 +0800] "GET /image/fonticon/search_class_icon.png HTTP/1.1" 200 2455 "http://merp.yudo.com.cn:8183/css/yudo-ui.css?v=1050" "Mozilla/5.0 (Linux; Android 7.1.1; OS105 Build/NGI77B; wv) AppleWebKit/537.36 (KHTML, like Gecko) Version/4.0 Chrome/62.0.3202.84 Mobile Safari/537.36"
112.17.241.80 - - [09/Jan/2019:09:51:02 +0800] "GET /image/fonticon/search_user_icon.png HTTP/1.1" 200 1239 "http://merp.yudo.com.cn:8183/css/yudo-ui.css?v=1050" "Mozilla/5.0 (Linux; Android 7.1.1; OS105 Build/NGI77B; wv) AppleWebKit/537.36 (KHTML, like Gecko) Version/4.0 Chrome/62.0.3202.84 Mobile Safari/537.36"
112.17.241.80 - - [09/Jan/2019:09:51:02 +0800] "GET /image/fonticon/date_icon.png HTTP/1.1" 200 1883 "http://merp.yudo.com.cn:8183/css/yudo-ui.css?v=1050" "Mozilla/5.0 (Linux; Android 7.1.1; OS105 Build/NGI77B; wv) AppleWebKit/537.36 (KHTML, like Gecko) Version/4.0 Chrome/62.0.3202.84 Mobile Safari/537.36"
112.17.241.80 - - [09/Jan/2019:09:51:02 +0800] "GET /WEI_2300/getPermission HTTP/1.1" 200 64 "http://merp.yudo.com.cn:8183/WEI_2300/WEI_2300?formKey=M20190109T094845687&menuSelection=asm" "Mozilla/5.0 (Linux; Android 7.1.1; OS105 Build/NGI77B; wv) AppleWebKit/537.36 (KHTML, like Gecko) Version/4.0 Chrome/62.0.3202.84 Mobile Safari/537.36"
112.17.241.80 - - [09/Jan/2019:09:51:02 +0800] "GET /WEI_2300/getDeptId HTTP/1.1" 200 66 "http://merp.yudo.com.cn:8183/WEI_2300/WEI_2300?formKey=M20190109T094845687&menuSelection=asm" "Mozilla/5.0 (Linux; Android 7.1.1; OS105 Build/NGI77B; wv) AppleWebKit/537.36 (KHTML, like Gecko) Version/4.0 Chrome/62.0.3202.84 Mobile Safari/537.36"
112.17.241.80 - - [09/Jan/2019:09:51:07 +0800] "GET /Menu/Menu/menuLists?formKey=undefined&menuSelection=undefined HTTP/1.1" 200 5835 "http://merp.yudo.com.cn:8183/WEI_2300/WEI_2300?formKey=M20190109T094845687&menuSelection=asm" "Mozilla/5.0 (Linux; Android 7.1.1; OS105 Build/NGI77B; wv) AppleWebKit/537.36 (KHTML, like Gecko) Version/4.0 Chrome/62.0.3202.84 Mobile Safari/537.36"
112.17.241.80 - - [09/Jan/2019:09:51:07 +0800] "POST /JLAMPCommon/langBatchRows_prc HTTP/1.1" 200 227 "http://merp.yudo.com.cn:8183/Menu/Menu/menuLists?formKey=undefined&menuSelection=undefined" "Mozilla/5.0 (Linux; Android 7.1.1; OS105 Build/NGI77B; wv) AppleWebKit/537.36 (KHTML, like Gecko) Version/4.0 Chrome/62.0.3202.84 Mobile Safari/537.36"
112.17.241.80 - - [09/Jan/2019:09:51:07 +0800] "GET /JLAMPCommon/getCookieJson_prc HTTP/1.1" 200 898 "http://merp.yudo.com.cn:8183/Menu/Menu/menuLists?formKey=undefined&menuSelection=undefined" "Mozilla/5.0 (Linux; Android 7.1.1; OS105 Build/NGI77B; wv) AppleWebKit/537.36 (KHTML, like Gecko) Version/4.0 Chrome/62.0.3202.84 Mobile Safari/537.36"
112.17.241.80 - - [09/Jan/2019:09:51:08 +0800] "GET /Menu/doMenuRows_prc?formKey=undefined HTTP/1.1" 200 520 "http://merp.yudo.com.cn:8183/Menu/Menu/menuLists?formKey=undefined&menuSelection=undefined" "Mozilla/5.0 (Linux; Android 7.1.1; OS105 Build/NGI77B; wv) AppleWebKit/537.36 (KHTML, like Gecko) Version/4.0 Chrome/62.0.3202.84 Mobile Safari/537.36"
112.17.242.11 - - [09/Jan/2019:09:51:10 +0800] "GET /JLAMPCommon/getCookieJson_prc HTTP/1.1" 200 62 "http://merp.yudo.com.cn:8183/?deviceType=mobile&devicePlatform=android" "Mozilla/5.0 (Linux; Android 5.0.2; vivo X6Plus A Build/LRX22G) AppleWebKit/537.36 (KHTML, like Gecko) Version/4.0 Chrome/37.0.0.0 Mobile Safari/537.36"
112.17.242.11 - - [09/Jan/2019:09:51:10 +0800] "GET /image/favicon.ico HTTP/1.1" 404 1506 "-" "Mozilla/5.0 (Linux; Android 5.0.2; vivo X6Plus A Build/LRX22G) AppleWebKit/537.36 (KHTML, like Gecko) Version/4.0 Chrome/37.0.0.0 Mobile Safari/537.36"
::1 - - [09/Jan/2019:09:51:18 +0800] "OPTIONS * HTTP/1.0" 200 - "-" "Apache/2.4.6 (CentOS) PHP/5.6.32 (internal dummy connection)"
112.17.241.80 - - [09/Jan/2019:09:51:18 +0800] "GET /JLAMPCommon/getCookieJson_prc HTTP/1.1" 200 898 "http://merp.yudo.com.cn:8183/?deviceType=mobile&devicePlatform=android" "Mozilla/5.0 (Linux; Android 7.1.1; OS105 Build/NGI77B; wv) AppleWebKit/537.36 (KHTML, like Gecko) Version/4.0 Chrome/62.0.3202.84 Mobile Safari/537.36"
112.17.241.80 - - [09/Jan/2019:09:51:18 +0800] "GET /image/favicon.ico HTTP/1.1" 404 1506 "http://merp.yudo.com.cn:8183/?deviceType=mobile&devicePlatform=android" "Mozilla/5.0 (Linux; Android 7.1.1; OS105 Build/NGI77B; wv) AppleWebKit/537.36 (KHTML, like Gecko) Version/4.0 Chrome/62.0.3202.84 Mobile Safari/537.36"
112.17.242.11 - - [09/Jan/2019:09:51:27 +0800] "POST /main/login_prc HTTP/1.1" 200 44 "http://merp.yudo.com.cn:8183/?deviceType=mobile&devicePlatform=android" "Mozilla/5.0 (Linux; Android 5.0.2; vivo X6Plus A Build/LRX22G) AppleWebKit/537.36 (KHTML, like Gecko) Version/4.0 Chrome/37.0.0.0 Mobile Safari/537.36"
112.17.242.11 - - [09/Jan/2019:09:51:28 +0800] "POST /main/checkMenuAuth_prc HTTP/1.1" 200 44 "http://merp.yudo.com.cn:8183/?deviceType=mobile&devicePlatform=android" "Mozilla/5.0 (Linux; Android 5.0.2; vivo X6Plus A Build/LRX22G) AppleWebKit/537.36 (KHTML, like Gecko) Version/4.0 Chrome/37.0.0.0 Mobile Safari/537.36"
112.17.242.11 - - [09/Jan/2019:09:51:28 +0800] "POST / HTTP/1.1" 302 149 "http://merp.yudo.com.cn:8183/?deviceType=mobile&devicePlatform=android" "Mozilla/5.0 (Linux; Android 5.0.2; vivo X6Plus A Build/LRX22G) AppleWebKit/537.36 (KHTML, like Gecko) Version/4.0 Chrome/37.0.0.0 Mobile Safari/537.36"
112.17.242.11 - - [09/Jan/2019:09:51:28 +0800] "POST / HTTP/1.1" 302 149 "http://merp.yudo.com.cn:8183/?deviceType=mobile&devicePlatform=android" "Mozilla/5.0 (Linux; Android 5.0.2; vivo X6Plus A Build/LRX22G) AppleWebKit/537.36 (KHTML, like Gecko) Version/4.0 Chrome/37.0.0.0 Mobile Safari/537.36"
112.17.242.11 - - [09/Jan/2019:09:51:28 +0800] "GET /Menu/Menu?formKey=M20190109T094954600 HTTP/1.1" 200 5839 "http://merp.yudo.com.cn:8183/?deviceType=mobile&devicePlatform=android" "Mozilla/5.0 (Linux; Android 5.0.2; vivo X6Plus A Build/LRX22G) AppleWebKit/537.36 (KHTML, like Gecko) Version/4.0 Chrome/37.0.0.0 Mobile Safari/537.36"
112.17.242.11 - - [09/Jan/2019:09:51:29 +0800] "POST /JLAMPCommon/langBatchRows_prc HTTP/1.1" 200 595 "http://merp.yudo.com.cn:8183/Menu/Menu?formKey=M20190109T094954600" "Mozilla/5.0 (Linux; Android 5.0.2; vivo X6Plus A Build/LRX22G) AppleWebKit/537.36 (KHTML, like Gecko) Version/4.0 Chrome/37.0.0.0 Mobile Safari/537.36"
112.17.242.11 - - [09/Jan/2019:09:51:29 +0800] "GET /JLAMPCommon/getCookieJson_prc HTTP/1.1" 200 910 "http://merp.yudo.com.cn:8183/Menu/Menu?formKey=M20190109T094954600" "Mozilla/5.0 (Linux; Android 5.0.2; vivo X6Plus A Build/LRX22G) AppleWebKit/537.36 (KHTML, like Gecko) Version/4.0 Chrome/37.0.0.0 Mobile Safari/537.36"
112.17.242.11 - - [09/Jan/2019:09:51:29 +0800] "GET /Menu/doMenuRows_prc?formKey=M20190109T094954600 HTTP/1.1" 200 540 "http://merp.yudo.com.cn:8183/Menu/Menu?formKey=M20190109T094954600" "Mozilla/5.0 (Linux; Android 5.0.2; vivo X6Plus A Build/LRX22G) AppleWebKit/537.36 (KHTML, like Gecko) Version/4.0 Chrome/37.0.0.0 Mobile Safari/537.36"
112.17.241.80 - - [09/Jan/2019:09:51:40 +0800] "POST /main/login_prc HTTP/1.1" 200 44 "http://merp.yudo.com.cn:8183/?deviceType=mobile&devicePlatform=android" "Mozilla/5.0 (Linux; Android 7.1.1; OS105 Build/NGI77B; wv) AppleWebKit/537.36 (KHTML, like Gecko) Version/4.0 Chrome/62.0.3202.84 Mobile Safari/537.36"
112.17.242.11 - - [09/Jan/2019:09:51:40 +0800] "GET /WEI_2300/WEI_2300?formKey=M20190109T094954600&menuSelection=asm HTTP/1.1" 200 42837 "http://merp.yudo.com.cn:8183/Menu/Menu?formKey=M20190109T094954600" "Mozilla/5.0 (Linux; Android 5.0.2; vivo X6Plus A Build/LRX22G) AppleWebKit/537.36 (KHTML, like Gecko) Version/4.0 Chrome/37.0.0.0 Mobile Safari/537.36"
112.17.241.80 - - [09/Jan/2019:09:51:40 +0800] "POST /main/checkMenuAuth_prc HTTP/1.1" 200 44 "http://merp.yudo.com.cn:8183/?deviceType=mobile&devicePlatform=android" "Mozilla/5.0 (Linux; Android 7.1.1; OS105 Build/NGI77B; wv) AppleWebKit/537.36 (KHTML, like Gecko) Version/4.0 Chrome/62.0.3202.84 Mobile Safari/537.36"
112.17.241.80 - - [09/Jan/2019:09:51:40 +0800] "POST / HTTP/1.1" 302 149 "http://merp.yudo.com.cn:8183/?deviceType=mobile&devicePlatform=android" "Mozilla/5.0 (Linux; Android 7.1.1; OS105 Build/NGI77B; wv) AppleWebKit/537.36 (KHTML, like Gecko) Version/4.0 Chrome/62.0.3202.84 Mobile Safari/537.36"
112.17.241.80 - - [09/Jan/2019:09:51:40 +0800] "POST / HTTP/1.1" 302 149 "http://merp.yudo.com.cn:8183/?deviceType=mobile&devicePlatform=android" "Mozilla/5.0 (Linux; Android 7.1.1; OS105 Build/NGI77B; wv) AppleWebKit/537.36 (KHTML, like Gecko) Version/4.0 Chrome/62.0.3202.84 Mobile Safari/537.36"
112.17.241.80 - - [09/Jan/2019:09:51:41 +0800] "GET /Menu/Menu?formKey=M20190109T095007460 HTTP/1.1" 200 5839 "http://merp.yudo.com.cn:8183/?deviceType=mobile&devicePlatform=android" "Mozilla/5.0 (Linux; Android 7.1.1; OS105 Build/NGI77B; wv) AppleWebKit/537.36 (KHTML, like Gecko) Version/4.0 Chrome/62.0.3202.84 Mobile Safari/537.36"
112.17.242.11 - - [09/Jan/2019:09:51:41 +0800] "POST /JLAMPCommon/langBatchRows_prc HTTP/1.1" 200 4943 "http://merp.yudo.com.cn:8183/WEI_2300/WEI_2300?formKey=M20190109T094954600&menuSelection=asm" "Mozilla/5.0 (Linux; Android 5.0.2; vivo X6Plus A Build/LRX22G) AppleWebKit/537.36 (KHTML, like Gecko) Version/4.0 Chrome/37.0.0.0 Mobile Safari/537.36"
112.17.241.80 - - [09/Jan/2019:09:51:41 +0800] "POST /JLAMPCommon/langBatchRows_prc HTTP/1.1" 200 595 "http://merp.yudo.com.cn:8183/Menu/Menu?formKey=M20190109T095007460" "Mozilla/5.0 (Linux; Android 7.1.1; OS105 Build/NGI77B; wv) AppleWebKit/537.36 (KHTML, like Gecko) Version/4.0 Chrome/62.0.3202.84 Mobile Safari/537.36"
112.17.242.11 - - [09/Jan/2019:09:51:41 +0800] "GET /JLAMPCommon/getCookieJson_prc HTTP/1.1" 200 910 "http://merp.yudo.com.cn:8183/WEI_2300/WEI_2300?formKey=M20190109T094954600&menuSelection=asm" "Mozilla/5.0 (Linux; Android 5.0.2; vivo X6Plus A Build/LRX22G) AppleWebKit/537.36 (KHTML, like Gecko) Version/4.0 Chrome/37.0.0.0 Mobile Safari/537.36"
112.17.241.80 - - [09/Jan/2019:09:51:41 +0800] "GET /JLAMPCommon/getCookieJson_prc HTTP/1.1" 200 898 "http://merp.yudo.com.cn:8183/Menu/Menu?formKey=M20190109T095007460" "Mozilla/5.0 (Linux; Android 7.1.1; OS105 Build/NGI77B; wv) AppleWebKit/537.36 (KHTML, like Gecko) Version/4.0 Chrome/62.0.3202.84 Mobile Safari/537.36"
112.17.242.11 - - [09/Jan/2019:09:51:42 +0800] "GET /favicon.ico HTTP/1.1" 404 1476 "-" "Mozilla/5.0 (Linux; Android 5.0.2; vivo X6Plus A Build/LRX22G) AppleWebKit/537.36 (KHTML, like Gecko) Version/4.0 Chrome/37.0.0.0 Mobile Safari/537.36"
112.17.241.80 - - [09/Jan/2019:09:51:42 +0800] "GET /Menu/doMenuRows_prc?formKey=M20190109T095007460 HTTP/1.1" 200 540 "http://merp.yudo.com.cn:8183/Menu/Menu?formKey=M20190109T095007460" "Mozilla/5.0 (Linux; Android 7.1.1; OS105 Build/NGI77B; wv) AppleWebKit/537.36 (KHTML, like Gecko) Version/4.0 Chrome/62.0.3202.84 Mobile Safari/537.36"
