117.136.68.149 - - [25/Jan/2019:10:47:47 +0800] "GET /js/version.js?v=20180920001 HTTP/1.1" 200 2302 "http://merp.yudo.com.cn:8183/?deviceType=mobile&devicePlatform=android" "Mozilla/5.0 (Linux; Android 8.1.0; COL-AL10 Build/HUAWEICOL-AL10; wv) AppleWebKit/537.36 (KHTML, like Gecko) Version/4.0 Chrome/68.0.3440.91 Mobile Safari/537.36"
117.136.68.149 - - [25/Jan/2019:10:47:47 +0800] "GET /js/common.js?v=1001 HTTP/1.1" 200 11633 "http://merp.yudo.com.cn:8183/?deviceType=mobile&devicePlatform=android" "Mozilla/5.0 (Linux; Android 8.1.0; COL-AL10 Build/HUAWEICOL-AL10; wv) AppleWebKit/537.36 (KHTML, like Gecko) Version/4.0 Chrome/68.0.3440.91 Mobile Safari/537.36"
117.136.68.149 - - [25/Jan/2019:10:47:47 +0800] "GET /js/GNB.js HTTP/1.1" 200 2176 "http://merp.yudo.com.cn:8183/?deviceType=mobile&devicePlatform=android" "Mozilla/5.0 (Linux; Android 8.1.0; COL-AL10 Build/HUAWEICOL-AL10; wv) AppleWebKit/537.36 (KHTML, like Gecko) Version/4.0 Chrome/68.0.3440.91 Mobile Safari/537.36"
117.136.68.149 - - [25/Jan/2019:10:47:47 +0800] "GET /js/login.js?v=9010 HTTP/1.1" 200 9599 "http://merp.yudo.com.cn:8183/?deviceType=mobile&devicePlatform=android" "Mozilla/5.0 (Linux; Android 8.1.0; COL-AL10 Build/HUAWEICOL-AL10; wv) AppleWebKit/537.36 (KHTML, like Gecko) Version/4.0 Chrome/68.0.3440.91 Mobile Safari/537.36"
117.136.68.149 - - [25/Jan/2019:10:47:47 +0800] "GET /image/login_logo.png HTTP/1.1" 200 3941 "http://merp.yudo.com.cn:8183/?deviceType=mobile&devicePlatform=android" "Mozilla/5.0 (Linux; Android 8.1.0; COL-AL10 Build/HUAWEICOL-AL10; wv) AppleWebKit/537.36 (KHTML, like Gecko) Version/4.0 Chrome/68.0.3440.91 Mobile Safari/537.36"
117.136.68.149 - - [25/Jan/2019:10:47:47 +0800] "GET /image/icon_logout.png HTTP/1.1" 200 1682 "http://merp.yudo.com.cn:8183/?deviceType=mobile&devicePlatform=android" "Mozilla/5.0 (Linux; Android 8.1.0; COL-AL10 Build/HUAWEICOL-AL10; wv) AppleWebKit/537.36 (KHTML, like Gecko) Version/4.0 Chrome/68.0.3440.91 Mobile Safari/537.36"
117.136.68.149 - - [25/Jan/2019:10:47:47 +0800] "GET /JLAMPCommon/getCookieJson_prc HTTP/1.1" 200 62 "http://merp.yudo.com.cn:8183/?deviceType=mobile&devicePlatform=android" "Mozilla/5.0 (Linux; Android 8.1.0; COL-AL10 Build/HUAWEICOL-AL10; wv) AppleWebKit/537.36 (KHTML, like Gecko) Version/4.0 Chrome/68.0.3440.91 Mobile Safari/537.36"
117.136.68.149 - - [25/Jan/2019:10:47:48 +0800] "GET /image/favicon.ico HTTP/1.1" 404 1506 "http://merp.yudo.com.cn:8183/?deviceType=mobile&devicePlatform=android" "Mozilla/5.0 (Linux; Android 8.1.0; COL-AL10 Build/HUAWEICOL-AL10; wv) AppleWebKit/537.36 (KHTML, like Gecko) Version/4.0 Chrome/68.0.3440.91 Mobile Safari/537.36"
::1 - - [25/Jan/2019:10:47:55 +0800] "OPTIONS * HTTP/1.0" 200 - "-" "Apache/2.4.6 (CentOS) PHP/5.6.32 (internal dummy connection)"
::1 - - [25/Jan/2019:10:47:56 +0800] "OPTIONS * HTTP/1.0" 200 - "-" "Apache/2.4.6 (CentOS) PHP/5.6.32 (internal dummy connection)"
117.136.68.149 - - [25/Jan/2019:10:47:57 +0800] "POST /main/deviceSave_prc HTTP/1.1" 200 247 "http://merp.yudo.com.cn:8183/?deviceType=mobile&devicePlatform=android" "Mozilla/5.0 (Linux; Android 8.1.0; COL-AL10 Build/HUAWEICOL-AL10; wv) AppleWebKit/537.36 (KHTML, like Gecko) Version/4.0 Chrome/68.0.3440.91 Mobile Safari/537.36"
117.136.68.187 - - [25/Jan/2019:10:47:58 +0800] "POST /main/login_prc HTTP/1.1" 200 44 "http://merp.yudo.com.cn:8183/?deviceType=mobile&devicePlatform=android" "Mozilla/5.0 (Linux; Android 9; HMA-AL00 Build/HUAWEIHMA-AL00; wv) AppleWebKit/537.36 (KHTML, like Gecko) Version/4.0 Chrome/69.0.3497.100 Mobile Safari/537.36"
117.136.68.187 - - [25/Jan/2019:10:47:58 +0800] "POST /main/checkMenuAuth_prc HTTP/1.1" 200 44 "http://merp.yudo.com.cn:8183/?deviceType=mobile&devicePlatform=android" "Mozilla/5.0 (Linux; Android 9; HMA-AL00 Build/HUAWEIHMA-AL00; wv) AppleWebKit/537.36 (KHTML, like Gecko) Version/4.0 Chrome/69.0.3497.100 Mobile Safari/537.36"
117.136.68.187 - - [25/Jan/2019:10:47:58 +0800] "POST / HTTP/1.1" 302 149 "http://merp.yudo.com.cn:8183/?deviceType=mobile&devicePlatform=android" "Mozilla/5.0 (Linux; Android 9; HMA-AL00 Build/HUAWEIHMA-AL00; wv) AppleWebKit/537.36 (KHTML, like Gecko) Version/4.0 Chrome/69.0.3497.100 Mobile Safari/537.36"
117.136.68.187 - - [25/Jan/2019:10:47:58 +0800] "POST / HTTP/1.1" 302 149 "http://merp.yudo.com.cn:8183/?deviceType=mobile&devicePlatform=android" "Mozilla/5.0 (Linux; Android 9; HMA-AL00 Build/HUAWEIHMA-AL00; wv) AppleWebKit/537.36 (KHTML, like Gecko) Version/4.0 Chrome/69.0.3497.100 Mobile Safari/537.36"
117.136.68.187 - - [25/Jan/2019:10:47:59 +0800] "GET /Menu/Menu?formKey=M20190125T104603907 HTTP/1.1" 200 11900 "http://merp.yudo.com.cn:8183/?deviceType=mobile&devicePlatform=android" "Mozilla/5.0 (Linux; Android 9; HMA-AL00 Build/HUAWEIHMA-AL00; wv) AppleWebKit/537.36 (KHTML, like Gecko) Version/4.0 Chrome/69.0.3497.100 Mobile Safari/537.36"
117.136.68.187 - - [25/Jan/2019:10:47:59 +0800] "GET /Menu/doMenuRows_prc?formKey=Menu HTTP/1.1" 200 331 "http://merp.yudo.com.cn:8183/Menu/Menu?formKey=M20190125T104603907" "Mozilla/5.0 (Linux; Android 9; HMA-AL00 Build/HUAWEIHMA-AL00; wv) AppleWebKit/537.36 (KHTML, like Gecko) Version/4.0 Chrome/69.0.3497.100 Mobile Safari/537.36"
117.136.68.187 - - [25/Jan/2019:10:47:59 +0800] "GET /JLAMPCommon/getCookieJson_prc HTTP/1.1" 200 921 "http://merp.yudo.com.cn:8183/Menu/Menu?formKey=M20190125T104603907" "Mozilla/5.0 (Linux; Android 9; HMA-AL00 Build/HUAWEIHMA-AL00; wv) AppleWebKit/537.36 (KHTML, like Gecko) Version/4.0 Chrome/69.0.3497.100 Mobile Safari/537.36"
117.136.68.187 - - [25/Jan/2019:10:47:59 +0800] "GET /Menu/getLoginInfo HTTP/1.1" 200 176 "http://merp.yudo.com.cn:8183/Menu/Menu?formKey=M20190125T104603907" "Mozilla/5.0 (Linux; Android 9; HMA-AL00 Build/HUAWEIHMA-AL00; wv) AppleWebKit/537.36 (KHTML, like Gecko) Version/4.0 Chrome/69.0.3497.100 Mobile Safari/537.36"
117.136.68.187 - - [25/Jan/2019:10:47:59 +0800] "GET /favicon.ico HTTP/1.1" 404 1476 "http://merp.yudo.com.cn:8183/Menu/Menu?formKey=M20190125T104603907" "Mozilla/5.0 (Linux; Android 9; HMA-AL00 Build/HUAWEIHMA-AL00; wv) AppleWebKit/537.36 (KHTML, like Gecko) Version/4.0 Chrome/69.0.3497.100 Mobile Safari/537.36"
117.136.68.149 - - [25/Jan/2019:10:48:07 +0800] "POST /main/deviceSave_prc HTTP/1.1" 200 297 "http://merp.yudo.com.cn:8183/?deviceType=mobile&devicePlatform=android" "Mozilla/5.0 (Linux; Android 8.1.0; COL-AL10 Build/HUAWEICOL-AL10; wv) AppleWebKit/537.36 (KHTML, like Gecko) Version/4.0 Chrome/68.0.3440.91 Mobile Safari/537.36"
117.136.68.187 - - [25/Jan/2019:10:48:08 +0800] "GET /WEI_2100/WEI_2100?formKey=Menu&menuSelection=asm HTTP/1.1" 200 87946 "http://merp.yudo.com.cn:8183/Menu/Menu?formKey=M20190125T104603907" "Mozilla/5.0 (Linux; Android 9; HMA-AL00 Build/HUAWEIHMA-AL00; wv) AppleWebKit/537.36 (KHTML, like Gecko) Version/4.0 Chrome/69.0.3497.100 Mobile Safari/537.36"
117.136.68.187 - - [25/Jan/2019:10:48:08 +0800] "GET /css/WEI_2100/WEI_2100_Lists.css?v=201806080934 HTTP/1.1" 200 10369 "http://merp.yudo.com.cn:8183/WEI_2100/WEI_2100?formKey=Menu&menuSelection=asm" "Mozilla/5.0 (Linux; Android 9; HMA-AL00 Build/HUAWEIHMA-AL00; wv) AppleWebKit/537.36 (KHTML, like Gecko) Version/4.0 Chrome/69.0.3497.100 Mobile Safari/537.36"
117.136.68.187 - - [25/Jan/2019:10:48:08 +0800] "GET /js/WEI_2100/multiSelect.js?v=1005 HTTP/1.1" 200 4974 "http://merp.yudo.com.cn:8183/WEI_2100/WEI_2100?formKey=Menu&menuSelection=asm" "Mozilla/5.0 (Linux; Android 9; HMA-AL00 Build/HUAWEIHMA-AL00; wv) AppleWebKit/537.36 (KHTML, like Gecko) Version/4.0 Chrome/69.0.3497.100 Mobile Safari/537.36"
117.136.68.187 - - [25/Jan/2019:10:48:08 +0800] "GET /js/WEI_2100/css/layui.css HTTP/1.1" 200 62448 "http://merp.yudo.com.cn:8183/WEI_2100/WEI_2100?formKey=Menu&menuSelection=asm" "Mozilla/5.0 (Linux; Android 9; HMA-AL00 Build/HUAWEIHMA-AL00; wv) AppleWebKit/537.36 (KHTML, like Gecko) Version/4.0 Chrome/69.0.3497.100 Mobile Safari/537.36"
117.136.68.187 - - [25/Jan/2019:10:48:08 +0800] "GET /js/WEI_2100/WEI_2100_Lang.js?v=1001 HTTP/1.1" 200 930 "http://merp.yudo.com.cn:8183/WEI_2100/WEI_2100?formKey=Menu&menuSelection=asm" "Mozilla/5.0 (Linux; Android 9; HMA-AL00 Build/HUAWEIHMA-AL00; wv) AppleWebKit/537.36 (KHTML, like Gecko) Version/4.0 Chrome/69.0.3497.100 Mobile Safari/537.36"
117.136.68.187 - - [25/Jan/2019:10:48:08 +0800] "GET /css/WEI_2000/mui.min.css HTTP/1.1" 200 74864 "http://merp.yudo.com.cn:8183/WEI_2100/WEI_2100?formKey=Menu&menuSelection=asm" "Mozilla/5.0 (Linux; Android 9; HMA-AL00 Build/HUAWEIHMA-AL00; wv) AppleWebKit/537.36 (KHTML, like Gecko) Version/4.0 Chrome/69.0.3497.100 Mobile Safari/537.36"
117.136.68.187 - - [25/Jan/2019:10:48:08 +0800] "GET /js/WEI_2000/mui.min.js?v=1001 HTTP/1.1" 200 115810 "http://merp.yudo.com.cn:8183/WEI_2100/WEI_2100?formKey=Menu&menuSelection=asm" "Mozilla/5.0 (Linux; Android 9; HMA-AL00 Build/HUAWEIHMA-AL00; wv) AppleWebKit/537.36 (KHTML, like Gecko) Version/4.0 Chrome/69.0.3497.100 Mobile Safari/537.36"
117.136.68.187 - - [25/Jan/2019:10:48:09 +0800] "GET /js/WEI_2000/mui.previewimage.js?v=201804261256 HTTP/1.1" 200 13324 "http://merp.yudo.com.cn:8183/WEI_2100/WEI_2100?formKey=Menu&menuSelection=asm" "Mozilla/5.0 (Linux; Android 9; HMA-AL00 Build/HUAWEIHMA-AL00; wv) AppleWebKit/537.36 (KHTML, like Gecko) Version/4.0 Chrome/69.0.3497.100 Mobile Safari/537.36"
117.136.68.187 - - [25/Jan/2019:10:48:09 +0800] "GET /js/WEI_2000/mui.zoom.js?v=201804231454 HTTP/1.1" 200 11703 "http://merp.yudo.com.cn:8183/WEI_2100/WEI_2100?formKey=Menu&menuSelection=asm" "Mozilla/5.0 (Linux; Android 9; HMA-AL00 Build/HUAWEIHMA-AL00; wv) AppleWebKit/537.36 (KHTML, like Gecko) Version/4.0 Chrome/69.0.3497.100 Mobile Safari/537.36"
117.136.68.187 - - [25/Jan/2019:10:48:08 +0800] "GET /js/WEI_2100/vue/vue.js HTTP/1.1" 200 289303 "http://merp.yudo.com.cn:8183/WEI_2100/WEI_2100?formKey=Menu&menuSelection=asm" "Mozilla/5.0 (Linux; Android 9; HMA-AL00 Build/HUAWEIHMA-AL00; wv) AppleWebKit/537.36 (KHTML, like Gecko) Version/4.0 Chrome/69.0.3497.100 Mobile Safari/537.36"
117.136.68.187 - - [25/Jan/2019:10:48:09 +0800] "GET /image/qrcode.png HTTP/1.1" 200 5736 "http://merp.yudo.com.cn:8183/WEI_2100/WEI_2100?formKey=Menu&menuSelection=asm" "Mozilla/5.0 (Linux; Android 9; HMA-AL00 Build/HUAWEIHMA-AL00; wv) AppleWebKit/537.36 (KHTML, like Gecko) Version/4.0 Chrome/69.0.3497.100 Mobile Safari/537.36"
117.136.68.187 - - [25/Jan/2019:10:48:09 +0800] "GET /js/WEI_2100/layui.all.js HTTP/1.1" 200 228080 "http://merp.yudo.com.cn:8183/WEI_2100/WEI_2100?formKey=Menu&menuSelection=asm" "Mozilla/5.0 (Linux; Android 9; HMA-AL00 Build/HUAWEIHMA-AL00; wv) AppleWebKit/537.36 (KHTML, like Gecko) Version/4.0 Chrome/69.0.3497.100 Mobile Safari/537.36"
117.136.68.187 - - [25/Jan/2019:10:48:09 +0800] "GET /js/WEI_2100/WEI_2100_Lists.js?v=3200 HTTP/1.1" 200 139256 "http://merp.yudo.com.cn:8183/WEI_2100/WEI_2100?formKey=Menu&menuSelection=asm" "Mozilla/5.0 (Linux; Android 9; HMA-AL00 Build/HUAWEIHMA-AL00; wv) AppleWebKit/537.36 (KHTML, like Gecko) Version/4.0 Chrome/69.0.3497.100 Mobile Safari/537.36"
117.136.68.187 - - [25/Jan/2019:10:48:09 +0800] "GET /css/fonts/mui.ttf HTTP/1.1" 200 29884 "http://merp.yudo.com.cn:8183/css/WEI_2000/mui.min.css" "Mozilla/5.0 (Linux; Android 9; HMA-AL00 Build/HUAWEIHMA-AL00; wv) AppleWebKit/537.36 (KHTML, like Gecko) Version/4.0 Chrome/69.0.3497.100 Mobile Safari/537.36"
117.136.68.187 - - [25/Jan/2019:10:48:09 +0800] "GET /js/WEI_2100/font/iconfont.woff?v=230-rc1 HTTP/1.1" 200 25996 "http://merp.yudo.com.cn:8183/js/WEI_2100/css/layui.css" "Mozilla/5.0 (Linux; Android 9; HMA-AL00 Build/HUAWEIHMA-AL00; wv) AppleWebKit/537.36 (KHTML, like Gecko) Version/4.0 Chrome/69.0.3497.100 Mobile Safari/537.36"
117.136.68.187 - - [25/Jan/2019:10:48:09 +0800] "GET /js/WEI_2100/css/modules/laydate/default/laydate.css?v=5.0.9 HTTP/1.1" 200 7541 "http://merp.yudo.com.cn:8183/WEI_2100/WEI_2100?formKey=Menu&menuSelection=asm" "Mozilla/5.0 (Linux; Android 9; HMA-AL00 Build/HUAWEIHMA-AL00; wv) AppleWebKit/537.36 (KHTML, like Gecko) Version/4.0 Chrome/69.0.3497.100 Mobile Safari/537.36"
117.136.68.187 - - [25/Jan/2019:10:48:09 +0800] "GET /js/WEI_2100/css/modules/layer/default/layer.css?v=3.1.1 HTTP/1.1" 200 14429 "http://merp.yudo.com.cn:8183/WEI_2100/WEI_2100?formKey=Menu&menuSelection=asm" "Mozilla/5.0 (Linux; Android 9; HMA-AL00 Build/HUAWEIHMA-AL00; wv) AppleWebKit/537.36 (KHTML, like Gecko) Version/4.0 Chrome/69.0.3497.100 Mobile Safari/537.36"
117.136.68.187 - - [25/Jan/2019:10:48:09 +0800] "GET /js/WEI_2100/css/modules/code.css HTTP/1.1" 200 1067 "http://merp.yudo.com.cn:8183/WEI_2100/WEI_2100?formKey=Menu&menuSelection=asm" "Mozilla/5.0 (Linux; Android 9; HMA-AL00 Build/HUAWEIHMA-AL00; wv) AppleWebKit/537.36 (KHTML, like Gecko) Version/4.0 Chrome/69.0.3497.100 Mobile Safari/537.36"
117.136.68.187 - - [25/Jan/2019:10:48:09 +0800] "POST /JLAMPCommon/langBatchRows_prc HTTP/1.1" 200 12699 "http://merp.yudo.com.cn:8183/WEI_2100/WEI_2100?formKey=Menu&menuSelection=asm" "Mozilla/5.0 (Linux; Android 9; HMA-AL00 Build/HUAWEIHMA-AL00; wv) AppleWebKit/537.36 (KHTML, like Gecko) Version/4.0 Chrome/69.0.3497.100 Mobile Safari/537.36"
117.136.68.187 - - [25/Jan/2019:10:48:09 +0800] "POST /JLAMPCommon/langBatchRows_prc HTTP/1.1" 200 13667 "http://merp.yudo.com.cn:8183/WEI_2100/WEI_2100?formKey=Menu&menuSelection=asm" "Mozilla/5.0 (Linux; Android 9; HMA-AL00 Build/HUAWEIHMA-AL00; wv) AppleWebKit/537.36 (KHTML, like Gecko) Version/4.0 Chrome/69.0.3497.100 Mobile Safari/537.36"
117.136.68.187 - - [25/Jan/2019:10:48:10 +0800] "GET /JLAMPCommon/getCookieJson_prc HTTP/1.1" 200 921 "http://merp.yudo.com.cn:8183/WEI_2100/WEI_2100?formKey=Menu&menuSelection=asm" "Mozilla/5.0 (Linux; Android 9; HMA-AL00 Build/HUAWEIHMA-AL00; wv) AppleWebKit/537.36 (KHTML, like Gecko) Version/4.0 Chrome/69.0.3497.100 Mobile Safari/537.36"
117.136.68.187 - - [25/Jan/2019:10:48:14 +0800] "GET /Menu/Menu/menuLists?formKey=Menu&menuSelection=asm HTTP/1.1" 200 11900 "http://merp.yudo.com.cn:8183/WEI_2100/WEI_2100?formKey=Menu&menuSelection=asm" "Mozilla/5.0 (Linux; Android 9; HMA-AL00 Build/HUAWEIHMA-AL00; wv) AppleWebKit/537.36 (KHTML, like Gecko) Version/4.0 Chrome/69.0.3497.100 Mobile Safari/537.36"
117.136.68.187 - - [25/Jan/2019:10:48:15 +0800] "GET /Menu/doMenuRows_prc?formKey=Menu HTTP/1.1" 200 331 "http://merp.yudo.com.cn:8183/Menu/Menu/menuLists?formKey=Menu&menuSelection=asm" "Mozilla/5.0 (Linux; Android 9; HMA-AL00 Build/HUAWEIHMA-AL00; wv) AppleWebKit/537.36 (KHTML, like Gecko) Version/4.0 Chrome/69.0.3497.100 Mobile Safari/537.36"
117.136.68.187 - - [25/Jan/2019:10:48:15 +0800] "GET /JLAMPCommon/getCookieJson_prc HTTP/1.1" 200 921 "http://merp.yudo.com.cn:8183/Menu/Menu/menuLists?formKey=Menu&menuSelection=asm" "Mozilla/5.0 (Linux; Android 9; HMA-AL00 Build/HUAWEIHMA-AL00; wv) AppleWebKit/537.36 (KHTML, like Gecko) Version/4.0 Chrome/69.0.3497.100 Mobile Safari/537.36"
117.136.68.187 - - [25/Jan/2019:10:48:15 +0800] "GET /Menu/getLoginInfo HTTP/1.1" 200 176 "http://merp.yudo.com.cn:8183/Menu/Menu/menuLists?formKey=Menu&menuSelection=asm" "Mozilla/5.0 (Linux; Android 9; HMA-AL00 Build/HUAWEIHMA-AL00; wv) AppleWebKit/537.36 (KHTML, like Gecko) Version/4.0 Chrome/69.0.3497.100 Mobile Safari/537.36"
117.136.68.187 - - [25/Jan/2019:10:48:17 +0800] "GET /WEI_2100/WEI_2100?formKey=Menu&menuSelection=asm HTTP/1.1" 200 87946 "http://merp.yudo.com.cn:8183/Menu/Menu/menuLists?formKey=Menu&menuSelection=asm" "Mozilla/5.0 (Linux; Android 9; HMA-AL00 Build/HUAWEIHMA-AL00; wv) AppleWebKit/537.36 (KHTML, like Gecko) Version/4.0 Chrome/69.0.3497.100 Mobile Safari/537.36"
117.136.68.187 - - [25/Jan/2019:10:48:18 +0800] "POST /JLAMPCommon/langBatchRows_prc HTTP/1.1" 200 12699 "http://merp.yudo.com.cn:8183/WEI_2100/WEI_2100?formKey=Menu&menuSelection=asm" "Mozilla/5.0 (Linux; Android 9; HMA-AL00 Build/HUAWEIHMA-AL00; wv) AppleWebKit/537.36 (KHTML, like Gecko) Version/4.0 Chrome/69.0.3497.100 Mobile Safari/537.36"
117.136.68.187 - - [25/Jan/2019:10:48:18 +0800] "POST /JLAMPCommon/langBatchRows_prc HTTP/1.1" 200 13667 "http://merp.yudo.com.cn:8183/WEI_2100/WEI_2100?formKey=Menu&menuSelection=asm" "Mozilla/5.0 (Linux; Android 9; HMA-AL00 Build/HUAWEIHMA-AL00; wv) AppleWebKit/537.36 (KHTML, like Gecko) Version/4.0 Chrome/69.0.3497.100 Mobile Safari/537.36"
117.136.68.187 - - [25/Jan/2019:10:48:19 +0800] "GET /JLAMPCommon/getCookieJson_prc HTTP/1.1" 200 921 "http://merp.yudo.com.cn:8183/WEI_2100/WEI_2100?formKey=Menu&menuSelection=asm" "Mozilla/5.0 (Linux; Android 9; HMA-AL00 Build/HUAWEIHMA-AL00; wv) AppleWebKit/537.36 (KHTML, like Gecko) Version/4.0 Chrome/69.0.3497.100 Mobile Safari/537.36"
117.136.68.187 - - [25/Jan/2019:10:48:21 +0800] "GET /js/WEI_2100/css/modules/layer/default/loading-2.gif HTTP/1.1" 200 1787 "http://merp.yudo.com.cn:8183/js/WEI_2100/css/modules/layer/default/layer.css?v=3.1.1" "Mozilla/5.0 (Linux; Android 9; HMA-AL00 Build/HUAWEIHMA-AL00; wv) AppleWebKit/537.36 (KHTML, like Gecko) Version/4.0 Chrome/69.0.3497.100 Mobile Safari/537.36"
117.136.68.187 - - [25/Jan/2019:10:48:21 +0800] "GET /WEI_2100/login_user HTTP/1.1" 200 159 "http://merp.yudo.com.cn:8183/WEI_2100/WEI_2100?formKey=Menu&menuSelection=asm" "Mozilla/5.0 (Linux; Android 9; HMA-AL00 Build/HUAWEIHMA-AL00; wv) AppleWebKit/537.36 (KHTML, like Gecko) Version/4.0 Chrome/69.0.3497.100 Mobile Safari/537.36"
117.136.68.187 - - [25/Jan/2019:10:48:21 +0800] "GET /WEI_2100/systemclass_big_prc?bigsysid=asclass1 HTTP/1.1" 200 475 "http://merp.yudo.com.cn:8183/WEI_2100/WEI_2100?formKey=Menu&menuSelection=asm" "Mozilla/5.0 (Linux; Android 9; HMA-AL00 Build/HUAWEIHMA-AL00; wv) AppleWebKit/537.36 (KHTML, like Gecko) Version/4.0 Chrome/69.0.3497.100 Mobile Safari/537.36"
117.136.68.187 - - [25/Jan/2019:10:48:21 +0800] "GET /WEI_2100/systemclass_big_prc?bigsysid=markets HTTP/1.1" 200 512 "http://merp.yudo.com.cn:8183/WEI_2100/WEI_2100?formKey=Menu&menuSelection=asm" "Mozilla/5.0 (Linux; Android 9; HMA-AL00 Build/HUAWEIHMA-AL00; wv) AppleWebKit/537.36 (KHTML, like Gecko) Version/4.0 Chrome/69.0.3497.100 Mobile Safari/537.36"
117.136.68.187 - - [25/Jan/2019:10:48:21 +0800] "GET /WEI_2100/systemclass_big_prc?bigsysid=startpoint HTTP/1.1" 200 317 "http://merp.yudo.com.cn:8183/WEI_2100/WEI_2100?formKey=Menu&menuSelection=asm" "Mozilla/5.0 (Linux; Android 9; HMA-AL00 Build/HUAWEIHMA-AL00; wv) AppleWebKit/537.36 (KHTML, like Gecko) Version/4.0 Chrome/69.0.3497.100 Mobile Safari/537.36"
117.136.68.187 - - [25/Jan/2019:10:48:21 +0800] "GET /WEI_2100/systemclass_big_prc?bigsysid=ascause HTTP/1.1" 200 209 "http://merp.yudo.com.cn:8183/WEI_2100/WEI_2100?formKey=Menu&menuSelection=asm" "Mozilla/5.0 (Linux; Android 9; HMA-AL00 Build/HUAWEIHMA-AL00; wv) AppleWebKit/537.36 (KHTML, like Gecko) Version/4.0 Chrome/69.0.3497.100 Mobile Safari/537.36"
171.210.67.184 - - [25/Jan/2019:10:48:22 +0800] "GET /?deviceType=mobile&devicePlatform=android HTTP/1.1" 302 149 "-" "Mozilla/5.0 (Linux; Android 8.0.0; MHA-AL00 Build/HUAWEIMHA-AL00; wv) AppleWebKit/537.36 (KHTML, like Gecko) Version/4.0 Chrome/68.0.3440.91 Mobile Safari/537.36"
171.210.67.184 - - [25/Jan/2019:10:48:22 +0800] "GET /Menu/Menu?formKey=M20190125T104627613 HTTP/1.1" 200 11900 "-" "Mozilla/5.0 (Linux; Android 8.0.0; MHA-AL00 Build/HUAWEIMHA-AL00; wv) AppleWebKit/537.36 (KHTML, like Gecko) Version/4.0 Chrome/68.0.3440.91 Mobile Safari/537.36"
117.136.68.187 - - [25/Jan/2019:10:48:21 +0800] "GET /WEI_2100/systemclass_big_prc?bigsysid=asbadtype HTTP/1.1" 200 152 "http://merp.yudo.com.cn:8183/WEI_2100/WEI_2100?formKey=Menu&menuSelection=asm" "Mozilla/5.0 (Linux; Android 9; HMA-AL00 Build/HUAWEIHMA-AL00; wv) AppleWebKit/537.36 (KHTML, like Gecko) Version/4.0 Chrome/69.0.3497.100 Mobile Safari/537.36"
171.210.67.184 - - [25/Jan/2019:10:48:23 +0800] "GET /css/yudo-ui.css?v=1082 HTTP/1.1" 200 23327 "http://merp.yudo.com.cn:8183/Menu/Menu?formKey=M20190125T104627613" "Mozilla/5.0 (Linux; Android 8.0.0; MHA-AL00 Build/HUAWEIMHA-AL00; wv) AppleWebKit/537.36 (KHTML, like Gecko) Version/4.0 Chrome/68.0.3440.91 Mobile Safari/537.36"
171.210.67.184 - - [25/Jan/2019:10:48:23 +0800] "GET /css/mui.picker.min.css HTTP/1.1" 200 4843 "http://merp.yudo.com.cn:8183/Menu/Menu?formKey=M20190125T104627613" "Mozilla/5.0 (Linux; Android 8.0.0; MHA-AL00 Build/HUAWEIMHA-AL00; wv) AppleWebKit/537.36 (KHTML, like Gecko) Version/4.0 Chrome/68.0.3440.91 Mobile Safari/537.36"
117.136.68.187 - - [25/Jan/2019:10:48:22 +0800] "GET /WEI_2100/systemclass_big_prc?bigsysid=asclass HTTP/1.1" 200 264 "http://merp.yudo.com.cn:8183/WEI_2100/WEI_2100?formKey=Menu&menuSelection=asm" "Mozilla/5.0 (Linux; Android 9; HMA-AL00 Build/HUAWEIHMA-AL00; wv) AppleWebKit/537.36 (KHTML, like Gecko) Version/4.0 Chrome/69.0.3497.100 Mobile Safari/537.36"
171.210.67.184 - - [25/Jan/2019:10:48:23 +0800] "GET /js/mui.min.js?v=1001 HTTP/1.1" 200 115810 "http://merp.yudo.com.cn:8183/Menu/Menu?formKey=M20190125T104627613" "Mozilla/5.0 (Linux; Android 8.0.0; MHA-AL00 Build/HUAWEIMHA-AL00; wv) AppleWebKit/537.36 (KHTML, like Gecko) Version/4.0 Chrome/68.0.3440.91 Mobile Safari/537.36"
171.210.67.184 - - [25/Jan/2019:10:48:23 +0800] "GET /css/mui.min.css?v=1008 HTTP/1.1" 200 76587 "http://merp.yudo.com.cn:8183/Menu/Menu?formKey=M20190125T104627613" "Mozilla/5.0 (Linux; Android 8.0.0; MHA-AL00 Build/HUAWEIMHA-AL00; wv) AppleWebKit/537.36 (KHTML, like Gecko) Version/4.0 Chrome/68.0.3440.91 Mobile Safari/537.36"
171.210.67.184 - - [25/Jan/2019:10:48:23 +0800] "GET /css/animate.min.css HTTP/1.1" 200 52799 "http://merp.yudo.com.cn:8183/Menu/Menu?formKey=M20190125T104627613" "Mozilla/5.0 (Linux; Android 8.0.0; MHA-AL00 Build/HUAWEIMHA-AL00; wv) AppleWebKit/537.36 (KHTML, like Gecko) Version/4.0 Chrome/68.0.3440.91 Mobile Safari/537.36"
171.210.67.184 - - [25/Jan/2019:10:48:23 +0800] "GET /js/multiHttp.js?v=1002 HTTP/1.1" 200 7163 "http://merp.yudo.com.cn:8183/Menu/Menu?formKey=M20190125T104627613" "Mozilla/5.0 (Linux; Android 8.0.0; MHA-AL00 Build/HUAWEIMHA-AL00; wv) AppleWebKit/537.36 (KHTML, like Gecko) Version/4.0 Chrome/68.0.3440.91 Mobile Safari/537.36"
171.210.67.184 - - [25/Jan/2019:10:48:23 +0800] "GET /third_party/jquery-2.1.4/jquery.js HTTP/1.1" 200 247606 "http://merp.yudo.com.cn:8183/Menu/Menu?formKey=M20190125T104627613" "Mozilla/5.0 (Linux; Android 8.0.0; MHA-AL00 Build/HUAWEIMHA-AL00; wv) AppleWebKit/537.36 (KHTML, like Gecko) Version/4.0 Chrome/68.0.3440.91 Mobile Safari/537.36"
171.210.67.184 - - [25/Jan/2019:10:48:23 +0800] "GET /js/vue.js HTTP/1.1" 200 289301 "http://merp.yudo.com.cn:8183/Menu/Menu?formKey=M20190125T104627613" "Mozilla/5.0 (Linux; Android 8.0.0; MHA-AL00 Build/HUAWEIMHA-AL00; wv) AppleWebKit/537.36 (KHTML, like Gecko) Version/4.0 Chrome/68.0.3440.91 Mobile Safari/537.36"
171.210.67.184 - - [25/Jan/2019:10:48:23 +0800] "GET /js/mui.previewimage.js?v=201804261256 HTTP/1.1" 200 13324 "http://merp.yudo.com.cn:8183/Menu/Menu?formKey=M20190125T104627613" "Mozilla/5.0 (Linux; Android 8.0.0; MHA-AL00 Build/HUAWEIMHA-AL00; wv) AppleWebKit/537.36 (KHTML, like Gecko) Version/4.0 Chrome/68.0.3440.91 Mobile Safari/537.36"
171.210.67.184 - - [25/Jan/2019:10:48:23 +0800] "GET /js/lang.min.js?v=1001 HTTP/1.1" 200 904 "http://merp.yudo.com.cn:8183/Menu/Menu?formKey=M20190125T104627613" "Mozilla/5.0 (Linux; Android 8.0.0; MHA-AL00 Build/HUAWEIMHA-AL00; wv) AppleWebKit/537.36 (KHTML, like Gecko) Version/4.0 Chrome/68.0.3440.91 Mobile Safari/537.36"
171.210.67.184 - - [25/Jan/2019:10:48:23 +0800] "GET /js/mui.zoom.js?v=201804231454 HTTP/1.1" 200 11703 "http://merp.yudo.com.cn:8183/Menu/Menu?formKey=M20190125T104627613" "Mozilla/5.0 (Linux; Android 8.0.0; MHA-AL00 Build/HUAWEIMHA-AL00; wv) AppleWebKit/537.36 (KHTML, like Gecko) Version/4.0 Chrome/68.0.3440.91 Mobile Safari/537.36"
171.210.67.184 - - [25/Jan/2019:10:48:23 +0800] "GET /js/mui.picker.min.js?v=1001 HTTP/1.1" 200 18411 "http://merp.yudo.com.cn:8183/Menu/Menu?formKey=M20190125T104627613" "Mozilla/5.0 (Linux; Android 8.0.0; MHA-AL00 Build/HUAWEIMHA-AL00; wv) AppleWebKit/537.36 (KHTML, like Gecko) Version/4.0 Chrome/68.0.3440.91 Mobile Safari/537.36"
171.210.67.184 - - [25/Jan/2019:10:48:23 +0800] "GET /js/fastclick.js HTTP/1.1" 200 25966 "http://merp.yudo.com.cn:8183/Menu/Menu?formKey=M20190125T104627613" "Mozilla/5.0 (Linux; Android 8.0.0; MHA-AL00 Build/HUAWEIMHA-AL00; wv) AppleWebKit/537.36 (KHTML, like Gecko) Version/4.0 Chrome/68.0.3440.91 Mobile Safari/537.36"
171.210.67.184 - - [25/Jan/2019:10:48:23 +0800] "GET /js/JLAMP.polyfill.min.js HTTP/1.1" 200 361 "http://merp.yudo.com.cn:8183/Menu/Menu?formKey=M20190125T104627613" "Mozilla/5.0 (Linux; Android 8.0.0; MHA-AL00 Build/HUAWEIMHA-AL00; wv) AppleWebKit/537.36 (KHTML, like Gecko) Version/4.0 Chrome/68.0.3440.91 Mobile Safari/537.36"
171.210.67.184 - - [25/Jan/2019:10:48:24 +0800] "GET /js/JLAMP.min.js HTTP/1.1" 200 1461 "http://merp.yudo.com.cn:8183/Menu/Menu?formKey=M20190125T104627613" "Mozilla/5.0 (Linux; Android 8.0.0; MHA-AL00 Build/HUAWEIMHA-AL00; wv) AppleWebKit/537.36 (KHTML, like Gecko) Version/4.0 Chrome/68.0.3440.91 Mobile Safari/537.36"
171.210.67.184 - - [25/Jan/2019:10:48:24 +0800] "GET /js/JLAMP.common.min.js HTTP/1.1" 200 9705 "http://merp.yudo.com.cn:8183/Menu/Menu?formKey=M20190125T104627613" "Mozilla/5.0 (Linux; Android 8.0.0; MHA-AL00 Build/HUAWEIMHA-AL00; wv) AppleWebKit/537.36 (KHTML, like Gecko) Version/4.0 Chrome/68.0.3440.91 Mobile Safari/537.36"
117.136.68.187 - - [25/Jan/2019:10:48:22 +0800] "GET /WEI_2100/as_unit HTTP/1.1" 200 1002 "http://merp.yudo.com.cn:8183/WEI_2100/WEI_2100?formKey=Menu&menuSelection=asm" "Mozilla/5.0 (Linux; Android 9; HMA-AL00 Build/HUAWEIHMA-AL00; wv) AppleWebKit/537.36 (KHTML, like Gecko) Version/4.0 Chrome/69.0.3497.100 Mobile Safari/537.36"
171.210.67.184 - - [25/Jan/2019:10:48:24 +0800] "GET /js/JLAMP.menu.min.js HTTP/1.1" 200 6519 "http://merp.yudo.com.cn:8183/Menu/Menu?formKey=M20190125T104627613" "Mozilla/5.0 (Linux; Android 8.0.0; MHA-AL00 Build/HUAWEIMHA-AL00; wv) AppleWebKit/537.36 (KHTML, like Gecko) Version/4.0 Chrome/68.0.3440.91 Mobile Safari/537.36"
171.210.67.184 - - [25/Jan/2019:10:48:24 +0800] "GET /js/JLAMP.modal.min.js HTTP/1.1" 200 16516 "http://merp.yudo.com.cn:8183/Menu/Menu?formKey=M20190125T104627613" "Mozilla/5.0 (Linux; Android 8.0.0; MHA-AL00 Build/HUAWEIMHA-AL00; wv) AppleWebKit/537.36 (KHTML, like Gecko) Version/4.0 Chrome/68.0.3440.91 Mobile Safari/537.36"
171.210.67.184 - - [25/Jan/2019:10:48:24 +0800] "GET /js/JLAMP.autobinding.min.js HTTP/1.1" 200 8816 "http://merp.yudo.com.cn:8183/Menu/Menu?formKey=M20190125T104627613" "Mozilla/5.0 (Linux; Android 8.0.0; MHA-AL00 Build/HUAWEIMHA-AL00; wv) AppleWebKit/537.36 (KHTML, like Gecko) Version/4.0 Chrome/68.0.3440.91 Mobile Safari/537.36"
171.210.67.184 - - [25/Jan/2019:10:48:24 +0800] "GET /js/session.js HTTP/1.1" 200 638 "http://merp.yudo.com.cn:8183/Menu/Menu?formKey=M20190125T104627613" "Mozilla/5.0 (Linux; Android 8.0.0; MHA-AL00 Build/HUAWEIMHA-AL00; wv) AppleWebKit/537.36 (KHTML, like Gecko) Version/4.0 Chrome/68.0.3440.91 Mobile Safari/537.36"
171.210.67.184 - - [25/Jan/2019:10:48:24 +0800] "GET /js/JLAMP.lang.min.js HTTP/1.1" 200 1750 "http://merp.yudo.com.cn:8183/Menu/Menu?formKey=M20190125T104627613" "Mozilla/5.0 (Linux; Android 8.0.0; MHA-AL00 Build/HUAWEIMHA-AL00; wv) AppleWebKit/537.36 (KHTML, like Gecko) Version/4.0 Chrome/68.0.3440.91 Mobile Safari/537.36"
171.210.67.184 - - [25/Jan/2019:10:48:24 +0800] "GET /js/version.js?v=20180920001 HTTP/1.1" 200 2302 "http://merp.yudo.com.cn:8183/Menu/Menu?formKey=M20190125T104627613" "Mozilla/5.0 (Linux; Android 8.0.0; MHA-AL00 Build/HUAWEIMHA-AL00; wv) AppleWebKit/537.36 (KHTML, like Gecko) Version/4.0 Chrome/68.0.3440.91 Mobile Safari/537.36"
171.210.67.184 - - [25/Jan/2019:10:48:24 +0800] "GET /js/common.js HTTP/1.1" 200 11633 "http://merp.yudo.com.cn:8183/Menu/Menu?formKey=M20190125T104627613" "Mozilla/5.0 (Linux; Android 8.0.0; MHA-AL00 Build/HUAWEIMHA-AL00; wv) AppleWebKit/537.36 (KHTML, like Gecko) Version/4.0 Chrome/68.0.3440.91 Mobile Safari/537.36"
171.210.67.184 - - [25/Jan/2019:10:48:24 +0800] "GET /js/GNB.js HTTP/1.1" 200 2176 "http://merp.yudo.com.cn:8183/Menu/Menu?formKey=M20190125T104627613" "Mozilla/5.0 (Linux; Android 8.0.0; MHA-AL00 Build/HUAWEIMHA-AL00; wv) AppleWebKit/537.36 (KHTML, like Gecko) Version/4.0 Chrome/68.0.3440.91 Mobile Safari/537.36"
117.136.68.187 - - [25/Jan/2019:10:48:22 +0800] "GET /WEI_2100/user_prc HTTP/1.1" 200 89042 "http://merp.yudo.com.cn:8183/WEI_2100/WEI_2100?formKey=Menu&menuSelection=asm" "Mozilla/5.0 (Linux; Android 9; HMA-AL00 Build/HUAWEIHMA-AL00; wv) AppleWebKit/537.36 (KHTML, like Gecko) Version/4.0 Chrome/69.0.3497.100 Mobile Safari/537.36"
171.210.67.184 - - [25/Jan/2019:10:48:24 +0800] "GET /js/Menu/Menu.js?v=2003 HTTP/1.1" 200 4611 "http://merp.yudo.com.cn:8183/Menu/Menu?formKey=M20190125T104627613" "Mozilla/5.0 (Linux; Android 8.0.0; MHA-AL00 Build/HUAWEIMHA-AL00; wv) AppleWebKit/537.36 (KHTML, like Gecko) Version/4.0 Chrome/68.0.3440.91 Mobile Safari/537.36"
117.136.68.187 - - [25/Jan/2019:10:48:22 +0800] "GET /WEI_2100/systemclass_big_prc?bigsysid=supplyscope HTTP/1.1" 200 302 "http://merp.yudo.com.cn:8183/WEI_2100/WEI_2100?formKey=Menu&menuSelection=asm" "Mozilla/5.0 (Linux; Android 9; HMA-AL00 Build/HUAWEIHMA-AL00; wv) AppleWebKit/537.36 (KHTML, like Gecko) Version/4.0 Chrome/69.0.3497.100 Mobile Safari/537.36"
171.210.67.184 - - [25/Jan/2019:10:48:24 +0800] "GET /image/fonticon/headDefault.jpg HTTP/1.1" 200 2436 "http://merp.yudo.com.cn:8183/Menu/Menu?formKey=M20190125T104627613" "Mozilla/5.0 (Linux; Android 8.0.0; MHA-AL00 Build/HUAWEIMHA-AL00; wv) AppleWebKit/537.36 (KHTML, like Gecko) Version/4.0 Chrome/68.0.3440.91 Mobile Safari/537.36"
171.210.67.184 - - [25/Jan/2019:10:48:24 +0800] "GET /image/login_logo.png HTTP/1.1" 200 3941 "http://merp.yudo.com.cn:8183/Menu/Menu?formKey=M20190125T104627613" "Mozilla/5.0 (Linux; Android 8.0.0; MHA-AL00 Build/HUAWEIMHA-AL00; wv) AppleWebKit/537.36 (KHTML, like Gecko) Version/4.0 Chrome/68.0.3440.91 Mobile Safari/537.36"
117.136.68.187 - - [25/Jan/2019:10:48:21 +0800] "GET /WEI_2100/systemclass_big_prc?bigsysid=area HTTP/1.1" 200 785 "http://merp.yudo.com.cn:8183/WEI_2100/WEI_2100?formKey=Menu&menuSelection=asm" "Mozilla/5.0 (Linux; Android 9; HMA-AL00 Build/HUAWEIHMA-AL00; wv) AppleWebKit/537.36 (KHTML, like Gecko) Version/4.0 Chrome/69.0.3497.100 Mobile Safari/537.36"
171.210.67.184 - - [25/Jan/2019:10:48:24 +0800] "GET /image/yudo-03.png HTTP/1.1" 200 288963 "http://merp.yudo.com.cn:8183/Menu/Menu?formKey=M20190125T104627613" "Mozilla/5.0 (Linux; Android 8.0.0; MHA-AL00 Build/HUAWEIMHA-AL00; wv) AppleWebKit/537.36 (KHTML, like Gecko) Version/4.0 Chrome/68.0.3440.91 Mobile Safari/537.36"
171.210.67.184 - - [25/Jan/2019:10:48:25 +0800] "GET /image/yudo-01.png HTTP/1.1" 200 381770 "http://merp.yudo.com.cn:8183/Menu/Menu?formKey=M20190125T104627613" "Mozilla/5.0 (Linux; Android 8.0.0; MHA-AL00 Build/HUAWEIMHA-AL00; wv) AppleWebKit/537.36 (KHTML, like Gecko) Version/4.0 Chrome/68.0.3440.91 Mobile Safari/537.36"
171.210.67.184 - - [25/Jan/2019:10:48:25 +0800] "GET /image/yudo-02.png HTTP/1.1" 200 358241 "http://merp.yudo.com.cn:8183/Menu/Menu?formKey=M20190125T104627613" "Mozilla/5.0 (Linux; Android 8.0.0; MHA-AL00 Build/HUAWEIMHA-AL00; wv) AppleWebKit/537.36 (KHTML, like Gecko) Version/4.0 Chrome/68.0.3440.91 Mobile Safari/537.36"
171.210.67.184 - - [25/Jan/2019:10:48:23 +0800] "GET /js/echarts.min.js HTTP/1.1" 200 744675 "http://merp.yudo.com.cn:8183/Menu/Menu?formKey=M20190125T104627613" "Mozilla/5.0 (Linux; Android 8.0.0; MHA-AL00 Build/HUAWEIMHA-AL00; wv) AppleWebKit/537.36 (KHTML, like Gecko) Version/4.0 Chrome/68.0.3440.91 Mobile Safari/537.36"
171.210.67.184 - - [25/Jan/2019:10:48:26 +0800] "GET /image/fonticon/userMenu_icon.png HTTP/1.1" 200 412 "http://merp.yudo.com.cn:8183/css/yudo-ui.css?v=1082" "Mozilla/5.0 (Linux; Android 8.0.0; MHA-AL00 Build/HUAWEIMHA-AL00; wv) AppleWebKit/537.36 (KHTML, like Gecko) Version/4.0 Chrome/68.0.3440.91 Mobile Safari/537.36"
171.210.67.184 - - [25/Jan/2019:10:48:26 +0800] "GET /image/fonticon/quit_icon.png HTTP/1.1" 200 1268 "http://merp.yudo.com.cn:8183/css/yudo-ui.css?v=1082" "Mozilla/5.0 (Linux; Android 8.0.0; MHA-AL00 Build/HUAWEIMHA-AL00; wv) AppleWebKit/537.36 (KHTML, like Gecko) Version/4.0 Chrome/68.0.3440.91 Mobile Safari/537.36"
171.210.67.184 - - [25/Jan/2019:10:48:26 +0800] "GET /image/fonticon/switchPass_icon.png HTTP/1.1" 200 1480 "http://merp.yudo.com.cn:8183/css/yudo-ui.css?v=1082" "Mozilla/5.0 (Linux; Android 8.0.0; MHA-AL00 Build/HUAWEIMHA-AL00; wv) AppleWebKit/537.36 (KHTML, like Gecko) Version/4.0 Chrome/68.0.3440.91 Mobile Safari/537.36"
171.210.67.184 - - [25/Jan/2019:10:48:26 +0800] "GET /image/fonticon/home_icon.png HTTP/1.1" 200 1180 "http://merp.yudo.com.cn:8183/css/yudo-ui.css?v=1082" "Mozilla/5.0 (Linux; Android 8.0.0; MHA-AL00 Build/HUAWEIMHA-AL00; wv) AppleWebKit/537.36 (KHTML, like Gecko) Version/4.0 Chrome/68.0.3440.91 Mobile Safari/537.36"
171.210.67.184 - - [25/Jan/2019:10:48:26 +0800] "GET /image/fonticon/refresh_icon.png HTTP/1.1" 200 2550 "http://merp.yudo.com.cn:8183/css/yudo-ui.css?v=1082" "Mozilla/5.0 (Linux; Android 8.0.0; MHA-AL00 Build/HUAWEIMHA-AL00; wv) AppleWebKit/537.36 (KHTML, like Gecko) Version/4.0 Chrome/68.0.3440.91 Mobile Safari/537.36"
171.210.67.184 - - [25/Jan/2019:10:48:26 +0800] "GET /fonts/mui.ttf HTTP/1.1" 200 29884 "http://merp.yudo.com.cn:8183/css/mui.min.css?v=1008" "Mozilla/5.0 (Linux; Android 8.0.0; MHA-AL00 Build/HUAWEIMHA-AL00; wv) AppleWebKit/537.36 (KHTML, like Gecko) Version/4.0 Chrome/68.0.3440.91 Mobile Safari/537.36"
171.210.67.184 - - [25/Jan/2019:10:48:26 +0800] "GET /image/fonticon/loading_icon2.png HTTP/1.1" 200 808 "http://merp.yudo.com.cn:8183/css/mui.min.css?v=1008" "Mozilla/5.0 (Linux; Android 8.0.0; MHA-AL00 Build/HUAWEIMHA-AL00; wv) AppleWebKit/537.36 (KHTML, like Gecko) Version/4.0 Chrome/68.0.3440.91 Mobile Safari/537.36"
171.210.67.184 - - [25/Jan/2019:10:48:26 +0800] "GET /Menu/doMenuRows_prc?formKey=Menu HTTP/1.1" 200 331 "http://merp.yudo.com.cn:8183/Menu/Menu?formKey=M20190125T104627613" "Mozilla/5.0 (Linux; Android 8.0.0; MHA-AL00 Build/HUAWEIMHA-AL00; wv) AppleWebKit/537.36 (KHTML, like Gecko) Version/4.0 Chrome/68.0.3440.91 Mobile Safari/537.36"
171.210.67.184 - - [25/Jan/2019:10:48:26 +0800] "GET /JLAMPCommon/getCookieJson_prc HTTP/1.1" 200 898 "http://merp.yudo.com.cn:8183/Menu/Menu?formKey=M20190125T104627613" "Mozilla/5.0 (Linux; Android 8.0.0; MHA-AL00 Build/HUAWEIMHA-AL00; wv) AppleWebKit/537.36 (KHTML, like Gecko) Version/4.0 Chrome/68.0.3440.91 Mobile Safari/537.36"
171.210.67.184 - - [25/Jan/2019:10:48:26 +0800] "GET /Menu/getLoginInfo HTTP/1.1" 200 167 "http://merp.yudo.com.cn:8183/Menu/Menu?formKey=M20190125T104627613" "Mozilla/5.0 (Linux; Android 8.0.0; MHA-AL00 Build/HUAWEIMHA-AL00; wv) AppleWebKit/537.36 (KHTML, like Gecko) Version/4.0 Chrome/68.0.3440.91 Mobile Safari/537.36"
171.210.67.184 - - [25/Jan/2019:10:48:26 +0800] "GET /favicon.ico HTTP/1.1" 404 1476 "http://merp.yudo.com.cn:8183/Menu/Menu?formKey=M20190125T104627613" "Mozilla/5.0 (Linux; Android 8.0.0; MHA-AL00 Build/HUAWEIMHA-AL00; wv) AppleWebKit/537.36 (KHTML, like Gecko) Version/4.0 Chrome/68.0.3440.91 Mobile Safari/537.36"
::1 - - [25/Jan/2019:10:48:31 +0800] "OPTIONS * HTTP/1.0" 200 - "-" "Apache/2.4.6 (CentOS) PHP/5.6.32 (internal dummy connection)"
::1 - - [25/Jan/2019:10:48:32 +0800] "OPTIONS * HTTP/1.0" 200 - "-" "Apache/2.4.6 (CentOS) PHP/5.6.32 (internal dummy connection)"
::1 - - [25/Jan/2019:10:48:33 +0800] "OPTIONS * HTTP/1.0" 200 - "-" "Apache/2.4.6 (CentOS) PHP/5.6.32 (internal dummy connection)"
::1 - - [25/Jan/2019:10:48:34 +0800] "OPTIONS * HTTP/1.0" 200 - "-" "Apache/2.4.6 (CentOS) PHP/5.6.32 (internal dummy connection)"
::1 - - [25/Jan/2019:10:48:35 +0800] "OPTIONS * HTTP/1.0" 200 - "-" "Apache/2.4.6 (CentOS) PHP/5.6.32 (internal dummy connection)"
::1 - - [25/Jan/2019:10:48:36 +0800] "OPTIONS * HTTP/1.0" 200 - "-" "Apache/2.4.6 (CentOS) PHP/5.6.32 (internal dummy connection)"
::1 - - [25/Jan/2019:10:48:37 +0800] "OPTIONS * HTTP/1.0" 200 - "-" "Apache/2.4.6 (CentOS) PHP/5.6.32 (internal dummy connection)"
::1 - - [25/Jan/2019:10:48:38 +0800] "OPTIONS * HTTP/1.0" 200 - "-" "Apache/2.4.6 (CentOS) PHP/5.6.32 (internal dummy connection)"
::1 - - [25/Jan/2019:10:48:39 +0800] "OPTIONS * HTTP/1.0" 200 - "-" "Apache/2.4.6 (CentOS) PHP/5.6.32 (internal dummy connection)"
117.136.68.187 - - [25/Jan/2019:10:48:55 +0800] "GET /Menu/Menu/menuLists?formKey=Menu&menuSelection=asm HTTP/1.1" 200 11900 "http://merp.yudo.com.cn:8183/WEI_2100/WEI_2100?formKey=Menu&menuSelection=asm" "Mozilla/5.0 (Linux; Android 9; HMA-AL00 Build/HUAWEIHMA-AL00; wv) AppleWebKit/537.36 (KHTML, like Gecko) Version/4.0 Chrome/69.0.3497.100 Mobile Safari/537.36"
117.136.68.187 - - [25/Jan/2019:10:48:55 +0800] "GET /Menu/doMenuRows_prc?formKey=Menu HTTP/1.1" 200 331 "http://merp.yudo.com.cn:8183/Menu/Menu/menuLists?formKey=Menu&menuSelection=asm" "Mozilla/5.0 (Linux; Android 9; HMA-AL00 Build/HUAWEIHMA-AL00; wv) AppleWebKit/537.36 (KHTML, like Gecko) Version/4.0 Chrome/69.0.3497.100 Mobile Safari/537.36"
117.136.68.187 - - [25/Jan/2019:10:48:55 +0800] "GET /JLAMPCommon/getCookieJson_prc HTTP/1.1" 200 921 "http://merp.yudo.com.cn:8183/Menu/Menu/menuLists?formKey=Menu&menuSelection=asm" "Mozilla/5.0 (Linux; Android 9; HMA-AL00 Build/HUAWEIHMA-AL00; wv) AppleWebKit/537.36 (KHTML, like Gecko) Version/4.0 Chrome/69.0.3497.100 Mobile Safari/537.36"
117.136.68.187 - - [25/Jan/2019:10:48:56 +0800] "GET /Menu/getLoginInfo HTTP/1.1" 200 176 "http://merp.yudo.com.cn:8183/Menu/Menu/menuLists?formKey=Menu&menuSelection=asm" "Mozilla/5.0 (Linux; Android 9; HMA-AL00 Build/HUAWEIHMA-AL00; wv) AppleWebKit/537.36 (KHTML, like Gecko) Version/4.0 Chrome/69.0.3497.100 Mobile Safari/537.36"
171.210.67.184 - - [25/Jan/2019:10:49:17 +0800] "-" 408 - "-" "-"
192.168.253.2 - - [25/Jan/2019:11:11:13 +0800] "GET /JLAMPCommon/getCookieJson_prc HTTP/1.1" 200 62 "http://merp.yudo.com.cn:8183/?deviceType=mobile&devicePlatform=android" "Mozilla/5.0 (Linux; Android 9; HMA-AL00 Build/HUAWEIHMA-AL00; wv) AppleWebKit/537.36 (KHTML, like Gecko) Version/4.0 Chrome/69.0.3497.100 Mobile Safari/537.36"
192.168.253.2 - - [25/Jan/2019:11:11:13 +0800] "GET /image/favicon.ico HTTP/1.1" 404 1506 "http://merp.yudo.com.cn:8183/?deviceType=mobile&devicePlatform=android" "Mozilla/5.0 (Linux; Android 9; HMA-AL00 Build/HUAWEIHMA-AL00; wv) AppleWebKit/537.36 (KHTML, like Gecko) Version/4.0 Chrome/69.0.3497.100 Mobile Safari/537.36"
180.103.133.64 - - [25/Jan/2019:11:20:14 +0800] "GET /JLAMPCommon/getCookieJson_prc HTTP/1.1" 200 914 "http://merp.yudo.com.cn:8183/?deviceType=mobile&devicePlatform=android" "Mozilla/5.0 (Linux; Android 8.1.0; MI 6X Build/OPM1.171019.011; wv) AppleWebKit/537.36 (KHTML, like Gecko) Version/4.0 Chrome/62.0.3202.84 Mobile Safari/537.36"
180.103.133.64 - - [25/Jan/2019:11:20:14 +0800] "GET /image/favicon.ico HTTP/1.1" 404 1506 "http://merp.yudo.com.cn:8183/?deviceType=mobile&devicePlatform=android" "Mozilla/5.0 (Linux; Android 8.1.0; MI 6X Build/OPM1.171019.011; wv) AppleWebKit/537.36 (KHTML, like Gecko) Version/4.0 Chrome/62.0.3202.84 Mobile Safari/537.36"
112.17.245.44 - - [25/Jan/2019:11:21:04 +0800] "GET /?deviceType=mobile&devicePlatform=ios HTTP/1.1" 302 149 "-" "Mozilla/5.0 (iPhone; CPU iPhone OS 11_4_1 like Mac OS X) AppleWebKit/605.1.15 (KHTML, like Gecko) Mobile/15G77JLAMPMode:iPhone"
112.17.245.44 - - [25/Jan/2019:11:21:05 +0800] "GET /Menu/Menu?formKey=M20190125T111909630 HTTP/1.1" 200 11900 "-" "Mozilla/5.0 (iPhone; CPU iPhone OS 11_4_1 like Mac OS X) AppleWebKit/605.1.15 (KHTML, like Gecko) Mobile/15G77JLAMPMode:iPhone"
112.17.245.44 - - [25/Jan/2019:11:21:05 +0800] "GET /css/yudo-ui.css?v=1082 HTTP/1.1" 304 - "http://merp.yudo.com.cn:8183/Menu/Menu?formKey=M20190125T111909630" "Mozilla/5.0 (iPhone; CPU iPhone OS 11_4_1 like Mac OS X) AppleWebKit/605.1.15 (KHTML, like Gecko) Mobile/15G77JLAMPMode:iPhone"
112.17.245.44 - - [25/Jan/2019:11:21:05 +0800] "GET /css/mui.picker.min.css HTTP/1.1" 304 - "http://merp.yudo.com.cn:8183/Menu/Menu?formKey=M20190125T111909630" "Mozilla/5.0 (iPhone; CPU iPhone OS 11_4_1 like Mac OS X) AppleWebKit/605.1.15 (KHTML, like Gecko) Mobile/15G77JLAMPMode:iPhone"
112.17.245.44 - - [25/Jan/2019:11:21:05 +0800] "GET /css/mui.min.css?v=1008 HTTP/1.1" 304 - "http://merp.yudo.com.cn:8183/Menu/Menu?formKey=M20190125T111909630" "Mozilla/5.0 (iPhone; CPU iPhone OS 11_4_1 like Mac OS X) AppleWebKit/605.1.15 (KHTML, like Gecko) Mobile/15G77JLAMPMode:iPhone"
112.17.245.44 - - [25/Jan/2019:11:21:05 +0800] "GET /js/vue.js HTTP/1.1" 304 - "http://merp.yudo.com.cn:8183/Menu/Menu?formKey=M20190125T111909630" "Mozilla/5.0 (iPhone; CPU iPhone OS 11_4_1 like Mac OS X) AppleWebKit/605.1.15 (KHTML, like Gecko) Mobile/15G77JLAMPMode:iPhone"
112.17.245.44 - - [25/Jan/2019:11:21:05 +0800] "GET /js/multiHttp.js?v=1002 HTTP/1.1" 304 - "http://merp.yudo.com.cn:8183/Menu/Menu?formKey=M20190125T111909630" "Mozilla/5.0 (iPhone; CPU iPhone OS 11_4_1 like Mac OS X) AppleWebKit/605.1.15 (KHTML, like Gecko) Mobile/15G77JLAMPMode:iPhone"
112.17.245.44 - - [25/Jan/2019:11:21:05 +0800] "GET /css/animate.min.css HTTP/1.1" 304 - "http://merp.yudo.com.cn:8183/Menu/Menu?formKey=M20190125T111909630" "Mozilla/5.0 (iPhone; CPU iPhone OS 11_4_1 like Mac OS X) AppleWebKit/605.1.15 (KHTML, like Gecko) Mobile/15G77JLAMPMode:iPhone"
112.17.245.44 - - [25/Jan/2019:11:21:05 +0800] "GET /js/mui.picker.min.js?v=1001 HTTP/1.1" 304 - "http://merp.yudo.com.cn:8183/Menu/Menu?formKey=M20190125T111909630" "Mozilla/5.0 (iPhone; CPU iPhone OS 11_4_1 like Mac OS X) AppleWebKit/605.1.15 (KHTML, like Gecko) Mobile/15G77JLAMPMode:iPhone"
112.17.245.44 - - [25/Jan/2019:11:21:05 +0800] "GET /js/lang.min.js?v=1001 HTTP/1.1" 304 - "http://merp.yudo.com.cn:8183/Menu/Menu?formKey=M20190125T111909630" "Mozilla/5.0 (iPhone; CPU iPhone OS 11_4_1 like Mac OS X) AppleWebKit/605.1.15 (KHTML, like Gecko) Mobile/15G77JLAMPMode:iPhone"
112.17.245.44 - - [25/Jan/2019:11:21:05 +0800] "GET /js/Menu/Menu.js?v=2003 HTTP/1.1" 200 4611 "http://merp.yudo.com.cn:8183/Menu/Menu?formKey=M20190125T111909630" "Mozilla/5.0 (iPhone; CPU iPhone OS 11_4_1 like Mac OS X) AppleWebKit/605.1.15 (KHTML, like Gecko) Mobile/15G77JLAMPMode:iPhone"
112.17.245.44 - - [25/Jan/2019:11:21:05 +0800] "GET /js/version.js?v=20180920001 HTTP/1.1" 304 - "http://merp.yudo.com.cn:8183/Menu/Menu?formKey=M20190125T111909630" "Mozilla/5.0 (iPhone; CPU iPhone OS 11_4_1 like Mac OS X) AppleWebKit/605.1.15 (KHTML, like Gecko) Mobile/15G77JLAMPMode:iPhone"
112.17.245.44 - - [25/Jan/2019:11:21:05 +0800] "GET /image/fonticon/headDefault.jpg HTTP/1.1" 304 - "http://merp.yudo.com.cn:8183/Menu/Menu?formKey=M20190125T111909630" "Mozilla/5.0 (iPhone; CPU iPhone OS 11_4_1 like Mac OS X) AppleWebKit/605.1.15 (KHTML, like Gecko) Mobile/15G77JLAMPMode:iPhone"
112.17.245.44 - - [25/Jan/2019:11:21:05 +0800] "GET /image/yudo-03.png HTTP/1.1" 304 - "http://merp.yudo.com.cn:8183/Menu/Menu?formKey=M20190125T111909630" "Mozilla/5.0 (iPhone; CPU iPhone OS 11_4_1 like Mac OS X) AppleWebKit/605.1.15 (KHTML, like Gecko) Mobile/15G77JLAMPMode:iPhone"
112.17.245.44 - - [25/Jan/2019:11:21:05 +0800] "GET /image/yudo-01.png HTTP/1.1" 304 - "http://merp.yudo.com.cn:8183/Menu/Menu?formKey=M20190125T111909630" "Mozilla/5.0 (iPhone; CPU iPhone OS 11_4_1 like Mac OS X) AppleWebKit/605.1.15 (KHTML, like Gecko) Mobile/15G77JLAMPMode:iPhone"
112.17.245.44 - - [25/Jan/2019:11:21:05 +0800] "GET /image/yudo-02.png HTTP/1.1" 304 - "http://merp.yudo.com.cn:8183/Menu/Menu?formKey=M20190125T111909630" "Mozilla/5.0 (iPhone; CPU iPhone OS 11_4_1 like Mac OS X) AppleWebKit/605.1.15 (KHTML, like Gecko) Mobile/15G77JLAMPMode:iPhone"
112.17.245.44 - - [25/Jan/2019:11:21:05 +0800] "GET /js/echarts.min.js HTTP/1.1" 200 744675 "http://merp.yudo.com.cn:8183/Menu/Menu?formKey=M20190125T111909630" "Mozilla/5.0 (iPhone; CPU iPhone OS 11_4_1 like Mac OS X) AppleWebKit/605.1.15 (KHTML, like Gecko) Mobile/15G77JLAMPMode:iPhone"
112.17.245.44 - - [25/Jan/2019:11:21:07 +0800] "GET /Menu/doMenuRows_prc?formKey=Menu HTTP/1.1" 200 826 "http://merp.yudo.com.cn:8183/Menu/Menu?formKey=M20190125T111909630" "Mozilla/5.0 (iPhone; CPU iPhone OS 11_4_1 like Mac OS X) AppleWebKit/605.1.15 (KHTML, like Gecko) Mobile/15G77JLAMPMode:iPhone"
112.17.245.44 - - [25/Jan/2019:11:21:07 +0800] "GET /JLAMPCommon/getCookieJson_prc HTTP/1.1" 200 933 "http://merp.yudo.com.cn:8183/Menu/Menu?formKey=M20190125T111909630" "Mozilla/5.0 (iPhone; CPU iPhone OS 11_4_1 like Mac OS X) AppleWebKit/605.1.15 (KHTML, like Gecko) Mobile/15G77JLAMPMode:iPhone"
112.17.245.44 - - [25/Jan/2019:11:21:07 +0800] "GET /image/fonticon/refresh_icon.png HTTP/1.1" 304 - "http://merp.yudo.com.cn:8183/Menu/Menu?formKey=M20190125T111909630" "Mozilla/5.0 (iPhone; CPU iPhone OS 11_4_1 like Mac OS X) AppleWebKit/605.1.15 (KHTML, like Gecko) Mobile/15G77JLAMPMode:iPhone"
112.17.245.44 - - [25/Jan/2019:11:21:07 +0800] "GET /image/fonticon/home_icon.png HTTP/1.1" 304 - "http://merp.yudo.com.cn:8183/Menu/Menu?formKey=M20190125T111909630" "Mozilla/5.0 (iPhone; CPU iPhone OS 11_4_1 like Mac OS X) AppleWebKit/605.1.15 (KHTML, like Gecko) Mobile/15G77JLAMPMode:iPhone"
112.17.245.44 - - [25/Jan/2019:11:21:07 +0800] "GET /image/fonticon/switchPass_icon.png HTTP/1.1" 304 - "http://merp.yudo.com.cn:8183/Menu/Menu?formKey=M20190125T111909630" "Mozilla/5.0 (iPhone; CPU iPhone OS 11_4_1 like Mac OS X) AppleWebKit/605.1.15 (KHTML, like Gecko) Mobile/15G77JLAMPMode:iPhone"
112.17.245.44 - - [25/Jan/2019:11:21:07 +0800] "GET /fonts/mui.ttf HTTP/1.1" 304 - "http://merp.yudo.com.cn:8183/Menu/Menu?formKey=M20190125T111909630" "Mozilla/5.0 (iPhone; CPU iPhone OS 11_4_1 like Mac OS X) AppleWebKit/605.1.15 (KHTML, like Gecko) Mobile/15G77JLAMPMode:iPhone"
112.17.245.44 - - [25/Jan/2019:11:21:07 +0800] "GET /image/fonticon/quit_icon.png HTTP/1.1" 304 - "http://merp.yudo.com.cn:8183/Menu/Menu?formKey=M20190125T111909630" "Mozilla/5.0 (iPhone; CPU iPhone OS 11_4_1 like Mac OS X) AppleWebKit/605.1.15 (KHTML, like Gecko) Mobile/15G77JLAMPMode:iPhone"
112.17.245.44 - - [25/Jan/2019:11:21:07 +0800] "GET /image/fonticon/userMenu_icon.png HTTP/1.1" 304 - "http://merp.yudo.com.cn:8183/Menu/Menu?formKey=M20190125T111909630" "Mozilla/5.0 (iPhone; CPU iPhone OS 11_4_1 like Mac OS X) AppleWebKit/605.1.15 (KHTML, like Gecko) Mobile/15G77JLAMPMode:iPhone"
112.17.245.44 - - [25/Jan/2019:11:21:08 +0800] "GET /image/fonticon/loading_icon2.png HTTP/1.1" 304 - "http://merp.yudo.com.cn:8183/Menu/Menu?formKey=M20190125T111909630" "Mozilla/5.0 (iPhone; CPU iPhone OS 11_4_1 like Mac OS X) AppleWebKit/605.1.15 (KHTML, like Gecko) Mobile/15G77JLAMPMode:iPhone"
112.17.245.44 - - [25/Jan/2019:11:21:08 +0800] "GET /Menu/getLoginInfo HTTP/1.1" 200 182 "http://merp.yudo.com.cn:8183/Menu/Menu?formKey=M20190125T111909630" "Mozilla/5.0 (iPhone; CPU iPhone OS 11_4_1 like Mac OS X) AppleWebKit/605.1.15 (KHTML, like Gecko) Mobile/15G77JLAMPMode:iPhone"
::1 - - [25/Jan/2019:11:21:09 +0800] "OPTIONS * HTTP/1.0" 200 - "-" "Apache/2.4.6 (CentOS) PHP/5.6.32 (internal dummy connection)"
112.17.245.44 - - [25/Jan/2019:11:21:10 +0800] "GET /image/fonticon/dayTotal_icon.png HTTP/1.1" 304 - "http://merp.yudo.com.cn:8183/Menu/Menu?formKey=M20190125T111909630" "Mozilla/5.0 (iPhone; CPU iPhone OS 11_4_1 like Mac OS X) AppleWebKit/605.1.15 (KHTML, like Gecko) Mobile/15G77JLAMPMode:iPhone"
112.17.245.44 - - [25/Jan/2019:11:21:12 +0800] "GET /image/fonticon/sales_icon.png HTTP/1.1" 304 - "http://merp.yudo.com.cn:8183/Menu/Menu?formKey=M20190125T111909630" "Mozilla/5.0 (iPhone; CPU iPhone OS 11_4_1 like Mac OS X) AppleWebKit/605.1.15 (KHTML, like Gecko) Mobile/15G77JLAMPMode:iPhone"
112.17.245.44 - - [25/Jan/2019:11:21:12 +0800] "GET /image/fonticon/noCompelet_icon.png HTTP/1.1" 304 - "http://merp.yudo.com.cn:8183/Menu/Menu?formKey=M20190125T111909630" "Mozilla/5.0 (iPhone; CPU iPhone OS 11_4_1 like Mac OS X) AppleWebKit/605.1.15 (KHTML, like Gecko) Mobile/15G77JLAMPMode:iPhone"
112.17.245.44 - - [25/Jan/2019:11:21:14 +0800] "GET /image/fonticon/zuzhuang_icon.png HTTP/1.1" 304 - "http://merp.yudo.com.cn:8183/Menu/Menu?formKey=M20190125T111909630" "Mozilla/5.0 (iPhone; CPU iPhone OS 11_4_1 like Mac OS X) AppleWebKit/605.1.15 (KHTML, like Gecko) Mobile/15G77JLAMPMode:iPhone"
112.17.245.44 - - [25/Jan/2019:11:21:14 +0800] "GET /image/fonticon/as_icon.png HTTP/1.1" 304 - "http://merp.yudo.com.cn:8183/Menu/Menu?formKey=M20190125T111909630" "Mozilla/5.0 (iPhone; CPU iPhone OS 11_4_1 like Mac OS X) AppleWebKit/605.1.15 (KHTML, like Gecko) Mobile/15G77JLAMPMode:iPhone"
112.17.245.44 - - [25/Jan/2019:11:21:14 +0800] "GET /image/fonticon/salesPlan_icon.png HTTP/1.1" 304 - "http://merp.yudo.com.cn:8183/Menu/Menu?formKey=M20190125T111909630" "Mozilla/5.0 (iPhone; CPU iPhone OS 11_4_1 like Mac OS X) AppleWebKit/605.1.15 (KHTML, like Gecko) Mobile/15G77JLAMPMode:iPhone"
112.17.245.44 - - [25/Jan/2019:11:21:15 +0800] "GET /WEI_2300/WEI_2300?formKey=Menu&menuSelection=asm HTTP/1.1" 200 42837 "http://merp.yudo.com.cn:8183/Menu/Menu?formKey=M20190125T111909630" "Mozilla/5.0 (iPhone; CPU iPhone OS 11_4_1 like Mac OS X) AppleWebKit/605.1.15 (KHTML, like Gecko) Mobile/15G77JLAMPMode:iPhone"
112.17.245.44 - - [25/Jan/2019:11:21:16 +0800] "GET /css/yudo-ui.css?v=1050 HTTP/1.1" 304 - "http://merp.yudo.com.cn:8183/WEI_2300/WEI_2300?formKey=Menu&menuSelection=asm" "Mozilla/5.0 (iPhone; CPU iPhone OS 11_4_1 like Mac OS X) AppleWebKit/605.1.15 (KHTML, like Gecko) Mobile/15G77JLAMPMode:iPhone"
112.17.245.44 - - [25/Jan/2019:11:21:16 +0800] "GET /js/multiHttp.js?v=1001 HTTP/1.1" 304 - "http://merp.yudo.com.cn:8183/WEI_2300/WEI_2300?formKey=Menu&menuSelection=asm" "Mozilla/5.0 (iPhone; CPU iPhone OS 11_4_1 like Mac OS X) AppleWebKit/605.1.15 (KHTML, like Gecko) Mobile/15G77JLAMPMode:iPhone"
