223.104.249.241 - - [25/Mar/2019:13:50:46 +0800] "GET /WEI_2100/systemclass_mini_prc?bigsysid=SA10350017&minisysid=supplyscope_c2 HTTP/1.1" 200 133 "http://merp.yudo.com.cn:8183/WEI_2100/WEI_2100?formKey=Menu&menuSelection=asm" "Mozilla/5.0 (Linux; Android 8.0.0; LLD-AL20 Build/HONORLLD-AL20; wv) AppleWebKit/537.36 (KHTML, like Gecko) Version/4.0 Chrome/70.0.3538.110 Mobile Safari/537.36"
223.104.249.241 - - [25/Mar/2019:13:50:46 +0800] "GET /WEI_2100/systemclass_mini_prc?bigsysid=SA10360097&minisysid=supplyscope_c3 HTTP/1.1" 200 271 "http://merp.yudo.com.cn:8183/WEI_2100/WEI_2100?formKey=Menu&menuSelection=asm" "Mozilla/5.0 (Linux; Android 8.0.0; LLD-AL20 Build/HONORLLD-AL20; wv) AppleWebKit/537.36 (KHTML, like Gecko) Version/4.0 Chrome/70.0.3538.110 Mobile Safari/537.36"
223.104.249.241 - - [25/Mar/2019:13:50:46 +0800] "GET /WEI_2100/as_count?orderid=2018112221 HTTP/1.1" 200 74 "http://merp.yudo.com.cn:8183/WEI_2100/WEI_2100?formKey=Menu&menuSelection=asm" "Mozilla/5.0 (Linux; Android 8.0.0; LLD-AL20 Build/HONORLLD-AL20; wv) AppleWebKit/537.36 (KHTML, like Gecko) Version/4.0 Chrome/70.0.3538.110 Mobile Safari/537.36"
223.104.249.241 - - [25/Mar/2019:13:50:46 +0800] "GET /WEI_2100/systemclass_mini_prc?bigsysid=SA10380451&minisysid=supplyscope_c5 HTTP/1.1" 200 616 "http://merp.yudo.com.cn:8183/WEI_2100/WEI_2100?formKey=Menu&menuSelection=asm" "Mozilla/5.0 (Linux; Android 8.0.0; LLD-AL20 Build/HONORLLD-AL20; wv) AppleWebKit/537.36 (KHTML, like Gecko) Version/4.0 Chrome/70.0.3538.110 Mobile Safari/537.36"
223.104.249.241 - - [25/Mar/2019:13:50:46 +0800] "GET /WEI_2100/systemclass_mini_prc?bigsysid=SA10370296&minisysid=supplyscope_c4 HTTP/1.1" 200 137 "http://merp.yudo.com.cn:8183/WEI_2100/WEI_2100?formKey=Menu&menuSelection=asm" "Mozilla/5.0 (Linux; Android 8.0.0; LLD-AL20 Build/HONORLLD-AL20; wv) AppleWebKit/537.36 (KHTML, like Gecko) Version/4.0 Chrome/70.0.3538.110 Mobile Safari/537.36"
114.219.20.39 - - [25/Mar/2019:13:50:50 +0800] "GET /Menu/Menu/menuLists?formKey=undefined&menuSelection=undefined HTTP/1.1" 200 12650 "http://merp.yudo.com.cn:8183/WEI_2300/WEI_2300?formKey=Menu&menuSelection=asm" "Mozilla/5.0 (Linux; Android 8.1.0; MI 6X Build/OPM1.171019.011; wv) AppleWebKit/537.36 (KHTML, like Gecko) Version/4.0 Chrome/62.0.3202.84 Mobile Safari/537.36"
114.219.20.39 - - [25/Mar/2019:13:50:51 +0800] "POST /JLAMPCommon/langBatchRows_prc HTTP/1.1" 200 1241 "http://merp.yudo.com.cn:8183/Menu/Menu/menuLists?formKey=undefined&menuSelection=undefined" "Mozilla/5.0 (Linux; Android 8.1.0; MI 6X Build/OPM1.171019.011; wv) AppleWebKit/537.36 (KHTML, like Gecko) Version/4.0 Chrome/62.0.3202.84 Mobile Safari/537.36"
114.219.20.39 - - [25/Mar/2019:13:50:51 +0800] "GET /Menu/doMenuRows_prc?formKey=Menu HTTP/1.1" 200 1336 "http://merp.yudo.com.cn:8183/Menu/Menu/menuLists?formKey=undefined&menuSelection=undefined" "Mozilla/5.0 (Linux; Android 8.1.0; MI 6X Build/OPM1.171019.011; wv) AppleWebKit/537.36 (KHTML, like Gecko) Version/4.0 Chrome/62.0.3202.84 Mobile Safari/537.36"
114.219.20.39 - - [25/Mar/2019:13:50:51 +0800] "GET /JLAMPCommon/getCookieJson_prc HTTP/1.1" 200 914 "http://merp.yudo.com.cn:8183/Menu/Menu/menuLists?formKey=undefined&menuSelection=undefined" "Mozilla/5.0 (Linux; Android 8.1.0; MI 6X Build/OPM1.171019.011; wv) AppleWebKit/537.36 (KHTML, like Gecko) Version/4.0 Chrome/62.0.3202.84 Mobile Safari/537.36"
114.219.20.39 - - [25/Mar/2019:13:50:51 +0800] "GET /Menu/getLoginInfo HTTP/1.1" 200 172 "http://merp.yudo.com.cn:8183/Menu/Menu/menuLists?formKey=undefined&menuSelection=undefined" "Mozilla/5.0 (Linux; Android 8.1.0; MI 6X Build/OPM1.171019.011; wv) AppleWebKit/537.36 (KHTML, like Gecko) Version/4.0 Chrome/62.0.3202.84 Mobile Safari/537.36"
::1 - - [25/Mar/2019:13:50:57 +0800] "OPTIONS * HTTP/1.0" 200 - "-" "Apache/2.4.6 (CentOS) PHP/5.6.32 (internal dummy connection)"
::1 - - [25/Mar/2019:13:50:59 +0800] "OPTIONS * HTTP/1.0" 200 - "-" "Apache/2.4.6 (CentOS) PHP/5.6.32 (internal dummy connection)"
::1 - - [25/Mar/2019:13:51:00 +0800] "OPTIONS * HTTP/1.0" 200 - "-" "Apache/2.4.6 (CentOS) PHP/5.6.32 (internal dummy connection)"
::1 - - [25/Mar/2019:13:51:01 +0800] "OPTIONS * HTTP/1.0" 200 - "-" "Apache/2.4.6 (CentOS) PHP/5.6.32 (internal dummy connection)"
223.104.249.241 - - [25/Mar/2019:13:51:17 +0800] "GET /WEI_2100/systemclass_mini_prc?bigsysid=AS10110030&minisysid=ascause_c HTTP/1.1" 200 119 "http://merp.yudo.com.cn:8183/WEI_2100/WEI_2100?formKey=Menu&menuSelection=asm" "Mozilla/5.0 (Linux; Android 8.0.0; LLD-AL20 Build/HONORLLD-AL20; wv) AppleWebKit/537.36 (KHTML, like Gecko) Version/4.0 Chrome/70.0.3538.110 Mobile Safari/537.36"
223.104.249.241 - - [25/Mar/2019:13:51:22 +0800] "GET /WEI_2100/systemclass_mini_prc?bigsysid=AS10060020&minisysid=asclass1_c HTTP/1.1" 200 2106 "http://merp.yudo.com.cn:8183/WEI_2100/WEI_2100?formKey=Menu&menuSelection=asm" "Mozilla/5.0 (Linux; Android 8.0.0; LLD-AL20 Build/HONORLLD-AL20; wv) AppleWebKit/537.36 (KHTML, like Gecko) Version/4.0 Chrome/70.0.3538.110 Mobile Safari/537.36"
114.219.20.39 - - [25/Mar/2019:13:51:46 +0800] "POST /main/logout_prc HTTP/1.1" 200 44 "http://merp.yudo.com.cn:8183/Menu/Menu/menuLists?formKey=undefined&menuSelection=undefined" "Mozilla/5.0 (Linux; Android 8.1.0; MI 6X Build/OPM1.171019.011; wv) AppleWebKit/537.36 (KHTML, like Gecko) Version/4.0 Chrome/62.0.3202.84 Mobile Safari/537.36"
114.219.20.39 - - [25/Mar/2019:13:51:46 +0800] "GET /?deviceType=mobile&devicePlatform=android HTTP/1.1" 200 6709 "http://merp.yudo.com.cn:8183/Menu/Menu/menuLists?formKey=undefined&menuSelection=undefined" "Mozilla/5.0 (Linux; Android 8.1.0; MI 6X Build/OPM1.171019.011; wv) AppleWebKit/537.36 (KHTML, like Gecko) Version/4.0 Chrome/62.0.3202.84 Mobile Safari/537.36"
114.219.20.39 - - [25/Mar/2019:13:51:47 +0800] "GET /JLAMPCommon/getCookieJson_prc HTTP/1.1" 200 62 "http://merp.yudo.com.cn:8183/?deviceType=mobile&devicePlatform=android" "Mozilla/5.0 (Linux; Android 8.1.0; MI 6X Build/OPM1.171019.011; wv) AppleWebKit/537.36 (KHTML, like Gecko) Version/4.0 Chrome/62.0.3202.84 Mobile Safari/537.36"
223.104.249.241 - - [25/Mar/2019:13:52:09 +0800] "-" 408 - "-" "-"
223.104.249.241 - - [25/Mar/2019:13:56:18 +0800] "POST /WEI_2100/save_as HTTP/1.1" 200 74 "http://merp.yudo.com.cn:8183/WEI_2100/WEI_2100?formKey=Menu&menuSelection=asm" "Mozilla/5.0 (Linux; Android 8.0.0; LLD-AL20 Build/HONORLLD-AL20; wv) AppleWebKit/537.36 (KHTML, like Gecko) Version/4.0 Chrome/70.0.3538.110 Mobile Safari/537.36"
223.104.249.241 - - [25/Mar/2019:13:56:19 +0800] "GET /WEI_2100/as_minute?asid=2019031003 HTTP/1.1" 200 2069 "http://merp.yudo.com.cn:8183/WEI_2100/WEI_2100?formKey=Menu&menuSelection=asm" "Mozilla/5.0 (Linux; Android 8.0.0; LLD-AL20 Build/HONORLLD-AL20; wv) AppleWebKit/537.36 (KHTML, like Gecko) Version/4.0 Chrome/70.0.3538.110 Mobile Safari/537.36"
223.104.249.241 - - [25/Mar/2019:13:56:19 +0800] "GET /WEI_2100/as_minute_table?asid=2019031003 HTTP/1.1" 200 63 "http://merp.yudo.com.cn:8183/WEI_2100/WEI_2100?formKey=Menu&menuSelection=asm" "Mozilla/5.0 (Linux; Android 8.0.0; LLD-AL20 Build/HONORLLD-AL20; wv) AppleWebKit/537.36 (KHTML, like Gecko) Version/4.0 Chrome/70.0.3538.110 Mobile Safari/537.36"
223.104.249.241 - - [25/Mar/2019:13:56:20 +0800] "GET /WEI_2100/systemclass_mini_prc?bigsysid=AS10060020&minisysid=asclass1_c HTTP/1.1" 200 2106 "http://merp.yudo.com.cn:8183/WEI_2100/WEI_2100?formKey=Menu&menuSelection=asm" "Mozilla/5.0 (Linux; Android 8.0.0; LLD-AL20 Build/HONORLLD-AL20; wv) AppleWebKit/537.36 (KHTML, like Gecko) Version/4.0 Chrome/70.0.3538.110 Mobile Safari/537.36"
223.104.249.241 - - [25/Mar/2019:13:56:20 +0800] "GET /WEI_2100/systemclass_mini_prc?bigsysid=AS10110030&minisysid=ascause_c HTTP/1.1" 200 119 "http://merp.yudo.com.cn:8183/WEI_2100/WEI_2100?formKey=Menu&menuSelection=asm" "Mozilla/5.0 (Linux; Android 8.0.0; LLD-AL20 Build/HONORLLD-AL20; wv) AppleWebKit/537.36 (KHTML, like Gecko) Version/4.0 Chrome/70.0.3538.110 Mobile Safari/537.36"
223.104.249.241 - - [25/Mar/2019:13:56:20 +0800] "GET /WEI_2100/systemclass_mini_prc?bigsysid=SA10350017&minisysid=supplyscope_c2 HTTP/1.1" 200 133 "http://merp.yudo.com.cn:8183/WEI_2100/WEI_2100?formKey=Menu&menuSelection=asm" "Mozilla/5.0 (Linux; Android 8.0.0; LLD-AL20 Build/HONORLLD-AL20; wv) AppleWebKit/537.36 (KHTML, like Gecko) Version/4.0 Chrome/70.0.3538.110 Mobile Safari/537.36"
223.104.249.241 - - [25/Mar/2019:13:56:20 +0800] "GET /WEI_2100/systemclass_mini_prc?bigsysid=SA10340020&minisysid=supplyscope_c1 HTTP/1.1" 200 1053 "http://merp.yudo.com.cn:8183/WEI_2100/WEI_2100?formKey=Menu&menuSelection=asm" "Mozilla/5.0 (Linux; Android 8.0.0; LLD-AL20 Build/HONORLLD-AL20; wv) AppleWebKit/537.36 (KHTML, like Gecko) Version/4.0 Chrome/70.0.3538.110 Mobile Safari/537.36"
223.104.249.241 - - [25/Mar/2019:13:56:20 +0800] "GET /WEI_2100/systemclass_mini_prc?bigsysid=SA10370296&minisysid=supplyscope_c4 HTTP/1.1" 200 137 "http://merp.yudo.com.cn:8183/WEI_2100/WEI_2100?formKey=Menu&menuSelection=asm" "Mozilla/5.0 (Linux; Android 8.0.0; LLD-AL20 Build/HONORLLD-AL20; wv) AppleWebKit/537.36 (KHTML, like Gecko) Version/4.0 Chrome/70.0.3538.110 Mobile Safari/537.36"
223.104.249.241 - - [25/Mar/2019:13:56:21 +0800] "GET /WEI_2100/systemclass_mini_prc?bigsysid=SA10380451&minisysid=supplyscope_c5 HTTP/1.1" 200 616 "http://merp.yudo.com.cn:8183/WEI_2100/WEI_2100?formKey=Menu&menuSelection=asm" "Mozilla/5.0 (Linux; Android 8.0.0; LLD-AL20 Build/HONORLLD-AL20; wv) AppleWebKit/537.36 (KHTML, like Gecko) Version/4.0 Chrome/70.0.3538.110 Mobile Safari/537.36"
223.104.249.241 - - [25/Mar/2019:13:56:20 +0800] "GET /WEI_2100/systemclass_mini_prc?bigsysid=SA10360097&minisysid=supplyscope_c3 HTTP/1.1" 200 271 "http://merp.yudo.com.cn:8183/WEI_2100/WEI_2100?formKey=Menu&menuSelection=asm" "Mozilla/5.0 (Linux; Android 8.0.0; LLD-AL20 Build/HONORLLD-AL20; wv) AppleWebKit/537.36 (KHTML, like Gecko) Version/4.0 Chrome/70.0.3538.110 Mobile Safari/537.36"
223.104.249.241 - - [25/Mar/2019:13:56:27 +0800] "GET /WEI_2100/as_photo?asid=2019031003 HTTP/1.1" 200 67 "http://merp.yudo.com.cn:8183/WEI_2100/WEI_2100?formKey=Menu&menuSelection=asm" "Mozilla/5.0 (Linux; Android 8.0.0; LLD-AL20 Build/HONORLLD-AL20; wv) AppleWebKit/537.36 (KHTML, like Gecko) Version/4.0 Chrome/70.0.3538.110 Mobile Safari/537.36"
::1 - - [25/Mar/2019:13:56:35 +0800] "OPTIONS * HTTP/1.0" 200 - "-" "Apache/2.4.6 (CentOS) PHP/5.6.32 (internal dummy connection)"
223.104.249.241 - - [25/Mar/2019:13:57:32 +0800] "POST /WEI_2100/WEI_2100/upload_photo?asid=2019031003 HTTP/1.1" 200 234 "http://merp.yudo.com.cn:8183/WEI_2100/WEI_2100?formKey=Menu&menuSelection=asm" "Mozilla/5.0 (Linux; Android 8.0.0; LLD-AL20 Build/HONORLLD-AL20; wv) AppleWebKit/537.36 (KHTML, like Gecko) Version/4.0 Chrome/70.0.3538.110 Mobile Safari/537.36"
223.104.249.241 - - [25/Mar/2019:13:57:37 +0800] "GET /WEI_2100/as_photo?asid=2019031003 HTTP/1.1" 200 225 "http://merp.yudo.com.cn:8183/WEI_2100/WEI_2100?formKey=Menu&menuSelection=asm" "Mozilla/5.0 (Linux; Android 8.0.0; LLD-AL20 Build/HONORLLD-AL20; wv) AppleWebKit/537.36 (KHTML, like Gecko) Version/4.0 Chrome/70.0.3538.110 Mobile Safari/537.36"
223.104.249.241 - - [25/Mar/2019:13:57:37 +0800] "GET /image/uploads/AS/ASReceipt/201903/2019031003/M20190325015735883.jpg HTTP/1.1" 200 2647141 "http://merp.yudo.com.cn:8183/WEI_2100/WEI_2100?formKey=Menu&menuSelection=asm" "Mozilla/5.0 (Linux; Android 8.0.0; LLD-AL20 Build/HONORLLD-AL20; wv) AppleWebKit/537.36 (KHTML, like Gecko) Version/4.0 Chrome/70.0.3538.110 Mobile Safari/537.36"
223.104.249.241 - - [25/Mar/2019:14:00:09 +0800] "POST /WEI_2100/WEI_2100/upload_photo?asid=2019031003 HTTP/1.1" 200 61 "http://merp.yudo.com.cn:8183/WEI_2100/WEI_2100?formKey=Menu&menuSelection=asm" "Mozilla/5.0 (Linux; Android 8.0.0; LLD-AL20 Build/HONORLLD-AL20; wv) AppleWebKit/537.36 (KHTML, like Gecko) Version/4.0 Chrome/70.0.3538.110 Mobile Safari/537.36"
223.104.249.241 - - [25/Mar/2019:14:00:09 +0800] "GET /WEI_2100/as_photo?asid=2019031003 HTTP/1.1" 200 225 "http://merp.yudo.com.cn:8183/WEI_2100/WEI_2100?formKey=Menu&menuSelection=asm" "Mozilla/5.0 (Linux; Android 8.0.0; LLD-AL20 Build/HONORLLD-AL20; wv) AppleWebKit/537.36 (KHTML, like Gecko) Version/4.0 Chrome/70.0.3538.110 Mobile Safari/537.36"
223.104.249.241 - - [25/Mar/2019:14:01:00 +0800] "-" 408 - "-" "-"
114.219.20.39 - - [25/Mar/2019:14:04:50 +0800] "GET /?deviceType=mobile&devicePlatform=android HTTP/1.1" 200 6709 "-" "Mozilla/5.0 (Linux; Android 8.1.0; MI 6X Build/OPM1.171019.011; wv) AppleWebKit/537.36 (KHTML, like Gecko) Version/4.0 Chrome/62.0.3202.84 Mobile Safari/537.36"
114.219.20.39 - - [25/Mar/2019:14:04:50 +0800] "GET /JLAMPCommon/getCookieJson_prc HTTP/1.1" 200 62 "http://merp.yudo.com.cn:8183/?deviceType=mobile&devicePlatform=android" "Mozilla/5.0 (Linux; Android 8.1.0; MI 6X Build/OPM1.171019.011; wv) AppleWebKit/537.36 (KHTML, like Gecko) Version/4.0 Chrome/62.0.3202.84 Mobile Safari/537.36"
114.219.20.39 - - [25/Mar/2019:14:04:51 +0800] "GET /favicon.ico HTTP/1.1" 404 1476 "http://merp.yudo.com.cn:8183/?deviceType=mobile&devicePlatform=android" "Mozilla/5.0 (Linux; Android 8.1.0; MI 6X Build/OPM1.171019.011; wv) AppleWebKit/537.36 (KHTML, like Gecko) Version/4.0 Chrome/62.0.3202.84 Mobile Safari/537.36"
223.104.249.241 - - [25/Mar/2019:14:06:44 +0800] "POST /WEI_2100/WEI_2100/upload_photo?asid=2019031003 HTTP/1.1" 200 234 "http://merp.yudo.com.cn:8183/WEI_2100/WEI_2100?formKey=Menu&menuSelection=asm" "Mozilla/5.0 (Linux; Android 8.0.0; LLD-AL20 Build/HONORLLD-AL20; wv) AppleWebKit/537.36 (KHTML, like Gecko) Version/4.0 Chrome/70.0.3538.110 Mobile Safari/537.36"
223.104.249.241 - - [25/Mar/2019:14:06:48 +0800] "GET /WEI_2100/as_photo?asid=2019031003 HTTP/1.1" 200 388 "http://merp.yudo.com.cn:8183/WEI_2100/WEI_2100?formKey=Menu&menuSelection=asm" "Mozilla/5.0 (Linux; Android 8.0.0; LLD-AL20 Build/HONORLLD-AL20; wv) AppleWebKit/537.36 (KHTML, like Gecko) Version/4.0 Chrome/70.0.3538.110 Mobile Safari/537.36"
223.104.249.241 - - [25/Mar/2019:14:06:48 +0800] "GET /image/uploads/AS/ASReceipt/201903/2019031003/M20190325020647199.jpg HTTP/1.1" 200 1971019 "http://merp.yudo.com.cn:8183/WEI_2100/WEI_2100?formKey=Menu&menuSelection=asm" "Mozilla/5.0 (Linux; Android 8.0.0; LLD-AL20 Build/HONORLLD-AL20; wv) AppleWebKit/537.36 (KHTML, like Gecko) Version/4.0 Chrome/70.0.3538.110 Mobile Safari/537.36"
223.104.249.241 - - [25/Mar/2019:14:06:52 +0800] "POST /WEI_2100/WEI_2100/upload_photo?asid=2019031003 HTTP/1.1" 200 61 "http://merp.yudo.com.cn:8183/WEI_2100/WEI_2100?formKey=Menu&menuSelection=asm" "Mozilla/5.0 (Linux; Android 8.0.0; LLD-AL20 Build/HONORLLD-AL20; wv) AppleWebKit/537.36 (KHTML, like Gecko) Version/4.0 Chrome/70.0.3538.110 Mobile Safari/537.36"
223.104.249.241 - - [25/Mar/2019:14:06:52 +0800] "GET /WEI_2100/as_photo?asid=2019031003 HTTP/1.1" 200 388 "http://merp.yudo.com.cn:8183/WEI_2100/WEI_2100?formKey=Menu&menuSelection=asm" "Mozilla/5.0 (Linux; Android 8.0.0; LLD-AL20 Build/HONORLLD-AL20; wv) AppleWebKit/537.36 (KHTML, like Gecko) Version/4.0 Chrome/70.0.3538.110 Mobile Safari/537.36"
223.104.249.241 - - [25/Mar/2019:14:06:57 +0800] "GET /WEI_2100/as_photo?asid=2019031003 HTTP/1.1" 200 388 "http://merp.yudo.com.cn:8183/WEI_2100/WEI_2100?formKey=Menu&menuSelection=asm" "Mozilla/5.0 (Linux; Android 8.0.0; LLD-AL20 Build/HONORLLD-AL20; wv) AppleWebKit/537.36 (KHTML, like Gecko) Version/4.0 Chrome/70.0.3538.110 Mobile Safari/537.36"
223.104.249.241 - - [25/Mar/2019:14:07:04 +0800] "POST /WEI_2100/save_as HTTP/1.1" 200 76 "http://merp.yudo.com.cn:8183/WEI_2100/WEI_2100?formKey=Menu&menuSelection=asm" "Mozilla/5.0 (Linux; Android 8.0.0; LLD-AL20 Build/HONORLLD-AL20; wv) AppleWebKit/537.36 (KHTML, like Gecko) Version/4.0 Chrome/70.0.3538.110 Mobile Safari/537.36"
223.104.249.241 - - [25/Mar/2019:14:07:05 +0800] "GET /WEI_2100/as_minute?asid=2019031003 HTTP/1.1" 200 2069 "http://merp.yudo.com.cn:8183/WEI_2100/WEI_2100?formKey=Menu&menuSelection=asm" "Mozilla/5.0 (Linux; Android 8.0.0; LLD-AL20 Build/HONORLLD-AL20; wv) AppleWebKit/537.36 (KHTML, like Gecko) Version/4.0 Chrome/70.0.3538.110 Mobile Safari/537.36"
223.104.249.241 - - [25/Mar/2019:14:07:05 +0800] "GET /WEI_2100/as_minute_table?asid=2019031003 HTTP/1.1" 200 63 "http://merp.yudo.com.cn:8183/WEI_2100/WEI_2100?formKey=Menu&menuSelection=asm" "Mozilla/5.0 (Linux; Android 8.0.0; LLD-AL20 Build/HONORLLD-AL20; wv) AppleWebKit/537.36 (KHTML, like Gecko) Version/4.0 Chrome/70.0.3538.110 Mobile Safari/537.36"
223.104.249.241 - - [25/Mar/2019:14:07:06 +0800] "GET /WEI_2100/systemclass_mini_prc?bigsysid=AS10110030&minisysid=ascause_c HTTP/1.1" 200 119 "http://merp.yudo.com.cn:8183/WEI_2100/WEI_2100?formKey=Menu&menuSelection=asm" "Mozilla/5.0 (Linux; Android 8.0.0; LLD-AL20 Build/HONORLLD-AL20; wv) AppleWebKit/537.36 (KHTML, like Gecko) Version/4.0 Chrome/70.0.3538.110 Mobile Safari/537.36"
223.104.249.241 - - [25/Mar/2019:14:07:06 +0800] "GET /WEI_2100/systemclass_mini_prc?bigsysid=AS10060020&minisysid=asclass1_c HTTP/1.1" 200 2106 "http://merp.yudo.com.cn:8183/WEI_2100/WEI_2100?formKey=Menu&menuSelection=asm" "Mozilla/5.0 (Linux; Android 8.0.0; LLD-AL20 Build/HONORLLD-AL20; wv) AppleWebKit/537.36 (KHTML, like Gecko) Version/4.0 Chrome/70.0.3538.110 Mobile Safari/537.36"
223.104.249.241 - - [25/Mar/2019:14:07:06 +0800] "GET /WEI_2100/systemclass_mini_prc?bigsysid=SA10370296&minisysid=supplyscope_c4 HTTP/1.1" 200 137 "http://merp.yudo.com.cn:8183/WEI_2100/WEI_2100?formKey=Menu&menuSelection=asm" "Mozilla/5.0 (Linux; Android 8.0.0; LLD-AL20 Build/HONORLLD-AL20; wv) AppleWebKit/537.36 (KHTML, like Gecko) Version/4.0 Chrome/70.0.3538.110 Mobile Safari/537.36"
223.104.249.241 - - [25/Mar/2019:14:07:06 +0800] "GET /WEI_2100/systemclass_mini_prc?bigsysid=SA10340020&minisysid=supplyscope_c1 HTTP/1.1" 200 1053 "http://merp.yudo.com.cn:8183/WEI_2100/WEI_2100?formKey=Menu&menuSelection=asm" "Mozilla/5.0 (Linux; Android 8.0.0; LLD-AL20 Build/HONORLLD-AL20; wv) AppleWebKit/537.36 (KHTML, like Gecko) Version/4.0 Chrome/70.0.3538.110 Mobile Safari/537.36"
223.104.249.241 - - [25/Mar/2019:14:07:06 +0800] "GET /WEI_2100/systemclass_mini_prc?bigsysid=SA10360097&minisysid=supplyscope_c3 HTTP/1.1" 200 271 "http://merp.yudo.com.cn:8183/WEI_2100/WEI_2100?formKey=Menu&menuSelection=asm" "Mozilla/5.0 (Linux; Android 8.0.0; LLD-AL20 Build/HONORLLD-AL20; wv) AppleWebKit/537.36 (KHTML, like Gecko) Version/4.0 Chrome/70.0.3538.110 Mobile Safari/537.36"
223.104.249.241 - - [25/Mar/2019:14:07:06 +0800] "GET /WEI_2100/systemclass_mini_prc?bigsysid=SA10350017&minisysid=supplyscope_c2 HTTP/1.1" 200 133 "http://merp.yudo.com.cn:8183/WEI_2100/WEI_2100?formKey=Menu&menuSelection=asm" "Mozilla/5.0 (Linux; Android 8.0.0; LLD-AL20 Build/HONORLLD-AL20; wv) AppleWebKit/537.36 (KHTML, like Gecko) Version/4.0 Chrome/70.0.3538.110 Mobile Safari/537.36"
223.104.249.241 - - [25/Mar/2019:14:07:06 +0800] "GET /WEI_2100/systemclass_mini_prc?bigsysid=SA10380451&minisysid=supplyscope_c5 HTTP/1.1" 200 616 "http://merp.yudo.com.cn:8183/WEI_2100/WEI_2100?formKey=Menu&menuSelection=asm" "Mozilla/5.0 (Linux; Android 8.0.0; LLD-AL20 Build/HONORLLD-AL20; wv) AppleWebKit/537.36 (KHTML, like Gecko) Version/4.0 Chrome/70.0.3538.110 Mobile Safari/537.36"
223.104.249.241 - - [25/Mar/2019:14:07:14 +0800] "POST /WEI_2100/unSubAdjudication HTTP/1.1" 200 122 "http://merp.yudo.com.cn:8183/WEI_2100/WEI_2100?formKey=Menu&menuSelection=asm" "Mozilla/5.0 (Linux; Android 8.0.0; LLD-AL20 Build/HONORLLD-AL20; wv) AppleWebKit/537.36 (KHTML, like Gecko) Version/4.0 Chrome/70.0.3538.110 Mobile Safari/537.36"
::1 - - [25/Mar/2019:14:07:22 +0800] "OPTIONS * HTTP/1.0" 200 - "-" "Apache/2.4.6 (CentOS) PHP/5.6.32 (internal dummy connection)"
223.104.249.241 - - [25/Mar/2019:14:07:27 +0800] "GET /WEI_2100/as_prc?asid=&custnm=&startDate=2019-03-01&endDate=2019-03-25&ascount=0 HTTP/1.1" 200 8679 "http://merp.yudo.com.cn:8183/WEI_2100/WEI_2100?formKey=Menu&menuSelection=asm" "Mozilla/5.0 (Linux; Android 8.0.0; LLD-AL20 Build/HONORLLD-AL20; wv) AppleWebKit/537.36 (KHTML, like Gecko) Version/4.0 Chrome/70.0.3538.110 Mobile Safari/537.36"
223.104.249.241 - - [25/Mar/2019:14:07:40 +0800] "GET /WEI_2100/as_minute?asid=2019031003 HTTP/1.1" 200 2069 "http://merp.yudo.com.cn:8183/WEI_2100/WEI_2100?formKey=Menu&menuSelection=asm" "Mozilla/5.0 (Linux; Android 8.0.0; LLD-AL20 Build/HONORLLD-AL20; wv) AppleWebKit/537.36 (KHTML, like Gecko) Version/4.0 Chrome/70.0.3538.110 Mobile Safari/537.36"
223.104.249.241 - - [25/Mar/2019:14:07:40 +0800] "GET /WEI_2100/as_minute_table?asid=2019031003 HTTP/1.1" 200 63 "http://merp.yudo.com.cn:8183/WEI_2100/WEI_2100?formKey=Menu&menuSelection=asm" "Mozilla/5.0 (Linux; Android 8.0.0; LLD-AL20 Build/HONORLLD-AL20; wv) AppleWebKit/537.36 (KHTML, like Gecko) Version/4.0 Chrome/70.0.3538.110 Mobile Safari/537.36"
223.104.249.241 - - [25/Mar/2019:14:07:42 +0800] "GET /WEI_2100/systemclass_mini_prc?bigsysid=AS10110030&minisysid=ascause_c HTTP/1.1" 200 119 "http://merp.yudo.com.cn:8183/WEI_2100/WEI_2100?formKey=Menu&menuSelection=asm" "Mozilla/5.0 (Linux; Android 8.0.0; LLD-AL20 Build/HONORLLD-AL20; wv) AppleWebKit/537.36 (KHTML, like Gecko) Version/4.0 Chrome/70.0.3538.110 Mobile Safari/537.36"
223.104.249.241 - - [25/Mar/2019:14:07:42 +0800] "GET /WEI_2100/systemclass_mini_prc?bigsysid=AS10060020&minisysid=asclass1_c HTTP/1.1" 200 2106 "http://merp.yudo.com.cn:8183/WEI_2100/WEI_2100?formKey=Menu&menuSelection=asm" "Mozilla/5.0 (Linux; Android 8.0.0; LLD-AL20 Build/HONORLLD-AL20; wv) AppleWebKit/537.36 (KHTML, like Gecko) Version/4.0 Chrome/70.0.3538.110 Mobile Safari/537.36"
223.104.249.241 - - [25/Mar/2019:14:07:42 +0800] "GET /WEI_2100/systemclass_mini_prc?bigsysid=SA10370296&minisysid=supplyscope_c4 HTTP/1.1" 200 137 "http://merp.yudo.com.cn:8183/WEI_2100/WEI_2100?formKey=Menu&menuSelection=asm" "Mozilla/5.0 (Linux; Android 8.0.0; LLD-AL20 Build/HONORLLD-AL20; wv) AppleWebKit/537.36 (KHTML, like Gecko) Version/4.0 Chrome/70.0.3538.110 Mobile Safari/537.36"
223.104.249.241 - - [25/Mar/2019:14:07:42 +0800] "GET /WEI_2100/systemclass_mini_prc?bigsysid=SA10340020&minisysid=supplyscope_c1 HTTP/1.1" 200 1053 "http://merp.yudo.com.cn:8183/WEI_2100/WEI_2100?formKey=Menu&menuSelection=asm" "Mozilla/5.0 (Linux; Android 8.0.0; LLD-AL20 Build/HONORLLD-AL20; wv) AppleWebKit/537.36 (KHTML, like Gecko) Version/4.0 Chrome/70.0.3538.110 Mobile Safari/537.36"
223.104.249.241 - - [25/Mar/2019:14:07:43 +0800] "GET /WEI_2100/systemclass_mini_prc?bigsysid=SA10380451&minisysid=supplyscope_c5 HTTP/1.1" 200 616 "http://merp.yudo.com.cn:8183/WEI_2100/WEI_2100?formKey=Menu&menuSelection=asm" "Mozilla/5.0 (Linux; Android 8.0.0; LLD-AL20 Build/HONORLLD-AL20; wv) AppleWebKit/537.36 (KHTML, like Gecko) Version/4.0 Chrome/70.0.3538.110 Mobile Safari/537.36"
223.104.249.241 - - [25/Mar/2019:14:07:42 +0800] "GET /WEI_2100/systemclass_mini_prc?bigsysid=SA10350017&minisysid=supplyscope_c2 HTTP/1.1" 200 133 "http://merp.yudo.com.cn:8183/WEI_2100/WEI_2100?formKey=Menu&menuSelection=asm" "Mozilla/5.0 (Linux; Android 8.0.0; LLD-AL20 Build/HONORLLD-AL20; wv) AppleWebKit/537.36 (KHTML, like Gecko) Version/4.0 Chrome/70.0.3538.110 Mobile Safari/537.36"
223.104.249.241 - - [25/Mar/2019:14:07:42 +0800] "GET /WEI_2100/systemclass_mini_prc?bigsysid=SA10360097&minisysid=supplyscope_c3 HTTP/1.1" 200 271 "http://merp.yudo.com.cn:8183/WEI_2100/WEI_2100?formKey=Menu&menuSelection=asm" "Mozilla/5.0 (Linux; Android 8.0.0; LLD-AL20 Build/HONORLLD-AL20; wv) AppleWebKit/537.36 (KHTML, like Gecko) Version/4.0 Chrome/70.0.3538.110 Mobile Safari/537.36"
::1 - - [25/Mar/2019:14:07:54 +0800] "OPTIONS * HTTP/1.0" 200 - "-" "Apache/2.4.6 (CentOS) PHP/5.6.32 (internal dummy connection)"
223.104.249.241 - - [25/Mar/2019:14:09:54 +0800] "GET /WEI_2100/as_minute?asid=2019031003 HTTP/1.1" 200 2069 "http://merp.yudo.com.cn:8183/WEI_2100/WEI_2100?formKey=Menu&menuSelection=asm" "Mozilla/5.0 (Linux; Android 8.0.0; LLD-AL20 Build/HONORLLD-AL20; wv) AppleWebKit/537.36 (KHTML, like Gecko) Version/4.0 Chrome/70.0.3538.110 Mobile Safari/537.36"
223.104.249.241 - - [25/Mar/2019:14:09:54 +0800] "GET /WEI_2100/as_minute_table?asid=2019031003 HTTP/1.1" 200 63 "http://merp.yudo.com.cn:8183/WEI_2100/WEI_2100?formKey=Menu&menuSelection=asm" "Mozilla/5.0 (Linux; Android 8.0.0; LLD-AL20 Build/HONORLLD-AL20; wv) AppleWebKit/537.36 (KHTML, like Gecko) Version/4.0 Chrome/70.0.3538.110 Mobile Safari/537.36"
223.104.249.241 - - [25/Mar/2019:14:09:55 +0800] "GET /WEI_2100/systemclass_mini_prc?bigsysid=AS10110030&minisysid=ascause_c HTTP/1.1" 200 119 "http://merp.yudo.com.cn:8183/WEI_2100/WEI_2100?formKey=Menu&menuSelection=asm" "Mozilla/5.0 (Linux; Android 8.0.0; LLD-AL20 Build/HONORLLD-AL20; wv) AppleWebKit/537.36 (KHTML, like Gecko) Version/4.0 Chrome/70.0.3538.110 Mobile Safari/537.36"
223.104.249.241 - - [25/Mar/2019:14:09:55 +0800] "GET /WEI_2100/systemclass_mini_prc?bigsysid=AS10060020&minisysid=asclass1_c HTTP/1.1" 200 2106 "http://merp.yudo.com.cn:8183/WEI_2100/WEI_2100?formKey=Menu&menuSelection=asm" "Mozilla/5.0 (Linux; Android 8.0.0; LLD-AL20 Build/HONORLLD-AL20; wv) AppleWebKit/537.36 (KHTML, like Gecko) Version/4.0 Chrome/70.0.3538.110 Mobile Safari/537.36"
223.104.249.241 - - [25/Mar/2019:14:09:55 +0800] "GET /WEI_2100/systemclass_mini_prc?bigsysid=SA10370296&minisysid=supplyscope_c4 HTTP/1.1" 200 137 "http://merp.yudo.com.cn:8183/WEI_2100/WEI_2100?formKey=Menu&menuSelection=asm" "Mozilla/5.0 (Linux; Android 8.0.0; LLD-AL20 Build/HONORLLD-AL20; wv) AppleWebKit/537.36 (KHTML, like Gecko) Version/4.0 Chrome/70.0.3538.110 Mobile Safari/537.36"
223.104.249.241 - - [25/Mar/2019:14:09:55 +0800] "GET /WEI_2100/systemclass_mini_prc?bigsysid=SA10340020&minisysid=supplyscope_c1 HTTP/1.1" 200 1053 "http://merp.yudo.com.cn:8183/WEI_2100/WEI_2100?formKey=Menu&menuSelection=asm" "Mozilla/5.0 (Linux; Android 8.0.0; LLD-AL20 Build/HONORLLD-AL20; wv) AppleWebKit/537.36 (KHTML, like Gecko) Version/4.0 Chrome/70.0.3538.110 Mobile Safari/537.36"
223.104.249.241 - - [25/Mar/2019:14:09:56 +0800] "GET /WEI_2100/systemclass_mini_prc?bigsysid=SA10380451&minisysid=supplyscope_c5 HTTP/1.1" 200 616 "http://merp.yudo.com.cn:8183/WEI_2100/WEI_2100?formKey=Menu&menuSelection=asm" "Mozilla/5.0 (Linux; Android 8.0.0; LLD-AL20 Build/HONORLLD-AL20; wv) AppleWebKit/537.36 (KHTML, like Gecko) Version/4.0 Chrome/70.0.3538.110 Mobile Safari/537.36"
223.104.249.241 - - [25/Mar/2019:14:09:55 +0800] "GET /WEI_2100/systemclass_mini_prc?bigsysid=SA10350017&minisysid=supplyscope_c2 HTTP/1.1" 200 133 "http://merp.yudo.com.cn:8183/WEI_2100/WEI_2100?formKey=Menu&menuSelection=asm" "Mozilla/5.0 (Linux; Android 8.0.0; LLD-AL20 Build/HONORLLD-AL20; wv) AppleWebKit/537.36 (KHTML, like Gecko) Version/4.0 Chrome/70.0.3538.110 Mobile Safari/537.36"
223.104.249.241 - - [25/Mar/2019:14:09:55 +0800] "GET /WEI_2100/systemclass_mini_prc?bigsysid=SA10360097&minisysid=supplyscope_c3 HTTP/1.1" 200 271 "http://merp.yudo.com.cn:8183/WEI_2100/WEI_2100?formKey=Menu&menuSelection=asm" "Mozilla/5.0 (Linux; Android 8.0.0; LLD-AL20 Build/HONORLLD-AL20; wv) AppleWebKit/537.36 (KHTML, like Gecko) Version/4.0 Chrome/70.0.3538.110 Mobile Safari/537.36"
114.219.20.39 - - [25/Mar/2019:14:10:04 +0800] "GET /?deviceType=mobile&devicePlatform=android HTTP/1.1" 200 6709 "-" "Mozilla/5.0 (Linux; Android 8.1.0; MI 6X Build/OPM1.171019.011; wv) AppleWebKit/537.36 (KHTML, like Gecko) Version/4.0 Chrome/62.0.3202.84 Mobile Safari/537.36"
223.104.249.241 - - [25/Mar/2019:14:10:04 +0800] "POST /WEI_2100/subAdjudication HTTP/1.1" 200 71 "http://merp.yudo.com.cn:8183/WEI_2100/WEI_2100?formKey=Menu&menuSelection=asm" "Mozilla/5.0 (Linux; Android 8.0.0; LLD-AL20 Build/HONORLLD-AL20; wv) AppleWebKit/537.36 (KHTML, like Gecko) Version/4.0 Chrome/70.0.3538.110 Mobile Safari/537.36"
114.219.20.39 - - [25/Mar/2019:14:10:04 +0800] "GET /JLAMPCommon/getCookieJson_prc HTTP/1.1" 200 62 "http://merp.yudo.com.cn:8183/?deviceType=mobile&devicePlatform=android" "Mozilla/5.0 (Linux; Android 8.1.0; MI 6X Build/OPM1.171019.011; wv) AppleWebKit/537.36 (KHTML, like Gecko) Version/4.0 Chrome/62.0.3202.84 Mobile Safari/537.36"
114.219.20.39 - - [25/Mar/2019:14:10:05 +0800] "GET /favicon.ico HTTP/1.1" 404 1476 "http://merp.yudo.com.cn:8183/?deviceType=mobile&devicePlatform=android" "Mozilla/5.0 (Linux; Android 8.1.0; MI 6X Build/OPM1.171019.011; wv) AppleWebKit/537.36 (KHTML, like Gecko) Version/4.0 Chrome/62.0.3202.84 Mobile Safari/537.36"
223.104.249.241 - - [25/Mar/2019:14:10:04 +0800] "GET /WEI_2100/as_minute?asid=2019031003 HTTP/1.1" 200 2069 "http://merp.yudo.com.cn:8183/WEI_2100/WEI_2100?formKey=Menu&menuSelection=asm" "Mozilla/5.0 (Linux; Android 8.0.0; LLD-AL20 Build/HONORLLD-AL20; wv) AppleWebKit/537.36 (KHTML, like Gecko) Version/4.0 Chrome/70.0.3538.110 Mobile Safari/537.36"
223.104.249.241 - - [25/Mar/2019:14:10:04 +0800] "GET /WEI_2100/as_minute_table?asid=2019031003 HTTP/1.1" 200 63 "http://merp.yudo.com.cn:8183/WEI_2100/WEI_2100?formKey=Menu&menuSelection=asm" "Mozilla/5.0 (Linux; Android 8.0.0; LLD-AL20 Build/HONORLLD-AL20; wv) AppleWebKit/537.36 (KHTML, like Gecko) Version/4.0 Chrome/70.0.3538.110 Mobile Safari/537.36"
223.104.249.241 - - [25/Mar/2019:14:10:04 +0800] "POST /WEI_2100/as_sendSmsToUser HTTP/1.1" 200 1004 "http://merp.yudo.com.cn:8183/WEI_2100/WEI_2100?formKey=Menu&menuSelection=asm" "Mozilla/5.0 (Linux; Android 8.0.0; LLD-AL20 Build/HONORLLD-AL20; wv) AppleWebKit/537.36 (KHTML, like Gecko) Version/4.0 Chrome/70.0.3538.110 Mobile Safari/537.36"
223.104.249.241 - - [25/Mar/2019:14:10:06 +0800] "GET /WEI_2100/systemclass_mini_prc?bigsysid=AS10110030&minisysid=ascause_c HTTP/1.1" 200 119 "http://merp.yudo.com.cn:8183/WEI_2100/WEI_2100?formKey=Menu&menuSelection=asm" "Mozilla/5.0 (Linux; Android 8.0.0; LLD-AL20 Build/HONORLLD-AL20; wv) AppleWebKit/537.36 (KHTML, like Gecko) Version/4.0 Chrome/70.0.3538.110 Mobile Safari/537.36"
223.104.249.241 - - [25/Mar/2019:14:10:06 +0800] "GET /WEI_2100/systemclass_mini_prc?bigsysid=SA10360097&minisysid=supplyscope_c3 HTTP/1.1" 200 271 "http://merp.yudo.com.cn:8183/WEI_2100/WEI_2100?formKey=Menu&menuSelection=asm" "Mozilla/5.0 (Linux; Android 8.0.0; LLD-AL20 Build/HONORLLD-AL20; wv) AppleWebKit/537.36 (KHTML, like Gecko) Version/4.0 Chrome/70.0.3538.110 Mobile Safari/537.36"
223.104.249.241 - - [25/Mar/2019:14:10:06 +0800] "GET /WEI_2100/systemclass_mini_prc?bigsysid=SA10350017&minisysid=supplyscope_c2 HTTP/1.1" 200 133 "http://merp.yudo.com.cn:8183/WEI_2100/WEI_2100?formKey=Menu&menuSelection=asm" "Mozilla/5.0 (Linux; Android 8.0.0; LLD-AL20 Build/HONORLLD-AL20; wv) AppleWebKit/537.36 (KHTML, like Gecko) Version/4.0 Chrome/70.0.3538.110 Mobile Safari/537.36"
223.104.249.241 - - [25/Mar/2019:14:10:06 +0800] "GET /WEI_2100/systemclass_mini_prc?bigsysid=AS10060020&minisysid=asclass1_c HTTP/1.1" 200 2106 "http://merp.yudo.com.cn:8183/WEI_2100/WEI_2100?formKey=Menu&menuSelection=asm" "Mozilla/5.0 (Linux; Android 8.0.0; LLD-AL20 Build/HONORLLD-AL20; wv) AppleWebKit/537.36 (KHTML, like Gecko) Version/4.0 Chrome/70.0.3538.110 Mobile Safari/537.36"
223.104.249.241 - - [25/Mar/2019:14:10:18 +0800] "GET /WEI_2100/systemclass_mini_prc?bigsysid=SA10370296&minisysid=supplyscope_c4 HTTP/1.1" 200 137 "http://merp.yudo.com.cn:8183/WEI_2100/WEI_2100?formKey=Menu&menuSelection=asm" "Mozilla/5.0 (Linux; Android 8.0.0; LLD-AL20 Build/HONORLLD-AL20; wv) AppleWebKit/537.36 (KHTML, like Gecko) Version/4.0 Chrome/70.0.3538.110 Mobile Safari/537.36"
223.104.249.241 - - [25/Mar/2019:14:10:06 +0800] "GET /WEI_2100/systemclass_mini_prc?bigsysid=SA10340020&minisysid=supplyscope_c1 HTTP/1.1" 200 1053 "http://merp.yudo.com.cn:8183/WEI_2100/WEI_2100?formKey=Menu&menuSelection=asm" "Mozilla/5.0 (Linux; Android 8.0.0; LLD-AL20 Build/HONORLLD-AL20; wv) AppleWebKit/537.36 (KHTML, like Gecko) Version/4.0 Chrome/70.0.3538.110 Mobile Safari/537.36"
223.104.249.241 - - [25/Mar/2019:14:10:18 +0800] "GET /WEI_2100/systemclass_mini_prc?bigsysid=SA10380451&minisysid=supplyscope_c5 HTTP/1.1" 200 616 "http://merp.yudo.com.cn:8183/WEI_2100/WEI_2100?formKey=Menu&menuSelection=asm" "Mozilla/5.0 (Linux; Android 8.0.0; LLD-AL20 Build/HONORLLD-AL20; wv) AppleWebKit/537.36 (KHTML, like Gecko) Version/4.0 Chrome/70.0.3538.110 Mobile Safari/537.36"
::1 - - [25/Mar/2019:14:10:26 +0800] "OPTIONS * HTTP/1.0" 200 - "-" "Apache/2.4.6 (CentOS) PHP/5.6.32 (internal dummy connection)"
::1 - - [25/Mar/2019:14:10:27 +0800] "OPTIONS * HTTP/1.0" 200 - "-" "Apache/2.4.6 (CentOS) PHP/5.6.32 (internal dummy connection)"
223.104.249.241 - - [25/Mar/2019:14:36:02 +0800] "GET /?deviceType=mobile&devicePlatform=android HTTP/1.1" 302 149 "-" "Mozilla/5.0 (Linux; Android 8.0.0; LLD-AL20 Build/HONORLLD-AL20; wv) AppleWebKit/537.36 (KHTML, like Gecko) Version/4.0 Chrome/70.0.3538.110 Mobile Safari/537.36"
223.104.249.241 - - [25/Mar/2019:14:36:03 +0800] "GET /Menu/Menu?formKey=M20190325T143327183 HTTP/1.1" 200 12650 "-" "Mozilla/5.0 (Linux; Android 8.0.0; LLD-AL20 Build/HONORLLD-AL20; wv) AppleWebKit/537.36 (KHTML, like Gecko) Version/4.0 Chrome/70.0.3538.110 Mobile Safari/537.36"
223.104.249.241 - - [25/Mar/2019:14:36:03 +0800] "POST /JLAMPCommon/langBatchRows_prc HTTP/1.1" 200 1241 "http://merp.yudo.com.cn:8183/Menu/Menu?formKey=M20190325T143327183" "Mozilla/5.0 (Linux; Android 8.0.0; LLD-AL20 Build/HONORLLD-AL20; wv) AppleWebKit/537.36 (KHTML, like Gecko) Version/4.0 Chrome/70.0.3538.110 Mobile Safari/537.36"
223.104.249.241 - - [25/Mar/2019:14:36:03 +0800] "GET /JLAMPCommon/getCookieJson_prc HTTP/1.1" 200 910 "http://merp.yudo.com.cn:8183/Menu/Menu?formKey=M20190325T143327183" "Mozilla/5.0 (Linux; Android 8.0.0; LLD-AL20 Build/HONORLLD-AL20; wv) AppleWebKit/537.36 (KHTML, like Gecko) Version/4.0 Chrome/70.0.3538.110 Mobile Safari/537.36"
223.104.249.241 - - [25/Mar/2019:14:36:03 +0800] "GET /Menu/doMenuRows_prc?formKey=Menu HTTP/1.1" 200 331 "http://merp.yudo.com.cn:8183/Menu/Menu?formKey=M20190325T143327183" "Mozilla/5.0 (Linux; Android 8.0.0; LLD-AL20 Build/HONORLLD-AL20; wv) AppleWebKit/537.36 (KHTML, like Gecko) Version/4.0 Chrome/70.0.3538.110 Mobile Safari/537.36"
223.104.249.241 - - [25/Mar/2019:14:36:04 +0800] "GET /favicon.ico HTTP/1.1" 404 1476 "http://merp.yudo.com.cn:8183/Menu/Menu?formKey=M20190325T143327183" "Mozilla/5.0 (Linux; Android 8.0.0; LLD-AL20 Build/HONORLLD-AL20; wv) AppleWebKit/537.36 (KHTML, like Gecko) Version/4.0 Chrome/70.0.3538.110 Mobile Safari/537.36"
223.104.249.241 - - [25/Mar/2019:14:36:04 +0800] "GET /Menu/getLoginInfo HTTP/1.1" 200 173 "http://merp.yudo.com.cn:8183/Menu/Menu?formKey=M20190325T143327183" "Mozilla/5.0 (Linux; Android 8.0.0; LLD-AL20 Build/HONORLLD-AL20; wv) AppleWebKit/537.36 (KHTML, like Gecko) Version/4.0 Chrome/70.0.3538.110 Mobile Safari/537.36"
223.104.249.241 - - [25/Mar/2019:14:36:07 +0800] "GET /WEI_2300/WEI_2300?formKey=Menu&menuSelection=asm HTTP/1.1" 200 42837 "http://merp.yudo.com.cn:8183/Menu/Menu?formKey=M20190325T143327183" "Mozilla/5.0 (Linux; Android 8.0.0; LLD-AL20 Build/HONORLLD-AL20; wv) AppleWebKit/537.36 (KHTML, like Gecko) Version/4.0 Chrome/70.0.3538.110 Mobile Safari/537.36"
223.104.249.241 - - [25/Mar/2019:14:36:08 +0800] "GET /css/yudo-ui.css?v=1050 HTTP/1.1" 200 27611 "http://merp.yudo.com.cn:8183/WEI_2300/WEI_2300?formKey=Menu&menuSelection=asm" "Mozilla/5.0 (Linux; Android 8.0.0; LLD-AL20 Build/HONORLLD-AL20; wv) AppleWebKit/537.36 (KHTML, like Gecko) Version/4.0 Chrome/70.0.3538.110 Mobile Safari/537.36"
223.104.249.241 - - [25/Mar/2019:14:36:08 +0800] "GET /js/WEI_2300/WEI_2300_Lists.js?v=1063 HTTP/1.1" 200 61920 "http://merp.yudo.com.cn:8183/WEI_2300/WEI_2300?formKey=Menu&menuSelection=asm" "Mozilla/5.0 (Linux; Android 8.0.0; LLD-AL20 Build/HONORLLD-AL20; wv) AppleWebKit/537.36 (KHTML, like Gecko) Version/4.0 Chrome/70.0.3538.110 Mobile Safari/537.36"
223.104.249.241 - - [25/Mar/2019:14:36:08 +0800] "GET /image/fonticon/loading_icon3.png HTTP/1.1" 200 733 "http://merp.yudo.com.cn:8183/css/mui.min.css?v=1008" "Mozilla/5.0 (Linux; Android 8.0.0; LLD-AL20 Build/HONORLLD-AL20; wv) AppleWebKit/537.36 (KHTML, like Gecko) Version/4.0 Chrome/70.0.3538.110 Mobile Safari/537.36"
223.104.249.241 - - [25/Mar/2019:14:36:08 +0800] "GET /image/fonticon/xiala_icon.png HTTP/1.1" 200 356 "http://merp.yudo.com.cn:8183/css/yudo-ui.css?v=1050" "Mozilla/5.0 (Linux; Android 8.0.0; LLD-AL20 Build/HONORLLD-AL20; wv) AppleWebKit/537.36 (KHTML, like Gecko) Version/4.0 Chrome/70.0.3538.110 Mobile Safari/537.36"
223.104.249.241 - - [25/Mar/2019:14:36:08 +0800] "GET /image/fonticon/date_icon.png HTTP/1.1" 200 1883 "http://merp.yudo.com.cn:8183/css/yudo-ui.css?v=1050" "Mozilla/5.0 (Linux; Android 8.0.0; LLD-AL20 Build/HONORLLD-AL20; wv) AppleWebKit/537.36 (KHTML, like Gecko) Version/4.0 Chrome/70.0.3538.110 Mobile Safari/537.36"
223.104.249.241 - - [25/Mar/2019:14:36:08 +0800] "GET /image/fonticon/search_class_icon.png HTTP/1.1" 200 2455 "http://merp.yudo.com.cn:8183/css/yudo-ui.css?v=1050" "Mozilla/5.0 (Linux; Android 8.0.0; LLD-AL20 Build/HONORLLD-AL20; wv) AppleWebKit/537.36 (KHTML, like Gecko) Version/4.0 Chrome/70.0.3538.110 Mobile Safari/537.36"
223.104.249.241 - - [25/Mar/2019:14:36:08 +0800] "GET /image/fonticon/search_user_icon.png HTTP/1.1" 200 1239 "http://merp.yudo.com.cn:8183/css/yudo-ui.css?v=1050" "Mozilla/5.0 (Linux; Android 8.0.0; LLD-AL20 Build/HONORLLD-AL20; wv) AppleWebKit/537.36 (KHTML, like Gecko) Version/4.0 Chrome/70.0.3538.110 Mobile Safari/537.36"
223.104.249.241 - - [25/Mar/2019:14:36:08 +0800] "POST /JLAMPCommon/langBatchRows_prc HTTP/1.1" 200 18559 "http://merp.yudo.com.cn:8183/WEI_2300/WEI_2300?formKey=Menu&menuSelection=asm" "Mozilla/5.0 (Linux; Android 8.0.0; LLD-AL20 Build/HONORLLD-AL20; wv) AppleWebKit/537.36 (KHTML, like Gecko) Version/4.0 Chrome/70.0.3538.110 Mobile Safari/537.36"
223.104.249.241 - - [25/Mar/2019:14:36:08 +0800] "GET /WEI_2300/getLoginInfo HTTP/1.1" 200 148 "http://merp.yudo.com.cn:8183/WEI_2300/WEI_2300?formKey=Menu&menuSelection=asm" "Mozilla/5.0 (Linux; Android 8.0.0; LLD-AL20 Build/HONORLLD-AL20; wv) AppleWebKit/537.36 (KHTML, like Gecko) Version/4.0 Chrome/70.0.3538.110 Mobile Safari/537.36"
223.104.249.241 - - [25/Mar/2019:14:36:08 +0800] "POST /JLAMPCommon/langBatchRows_prc HTTP/1.1" 200 483 "http://merp.yudo.com.cn:8183/WEI_2300/WEI_2300?formKey=Menu&menuSelection=asm" "Mozilla/5.0 (Linux; Android 8.0.0; LLD-AL20 Build/HONORLLD-AL20; wv) AppleWebKit/537.36 (KHTML, like Gecko) Version/4.0 Chrome/70.0.3538.110 Mobile Safari/537.36"
223.104.249.241 - - [25/Mar/2019:14:36:09 +0800] "GET /JLAMPCommon/getCookieJson_prc HTTP/1.1" 200 910 "http://merp.yudo.com.cn:8183/WEI_2300/WEI_2300?formKey=Menu&menuSelection=asm" "Mozilla/5.0 (Linux; Android 8.0.0; LLD-AL20 Build/HONORLLD-AL20; wv) AppleWebKit/537.36 (KHTML, like Gecko) Version/4.0 Chrome/70.0.3538.110 Mobile Safari/537.36"
223.104.249.241 - - [25/Mar/2019:14:36:11 +0800] "GET /WEI_2300/getPermission HTTP/1.1" 200 63 "http://merp.yudo.com.cn:8183/WEI_2300/WEI_2300?formKey=Menu&menuSelection=asm" "Mozilla/5.0 (Linux; Android 8.0.0; LLD-AL20 Build/HONORLLD-AL20; wv) AppleWebKit/537.36 (KHTML, like Gecko) Version/4.0 Chrome/70.0.3538.110 Mobile Safari/537.36"
223.104.249.241 - - [25/Mar/2019:14:36:11 +0800] "GET /WEI_2300/getDeptId HTTP/1.1" 200 66 "http://merp.yudo.com.cn:8183/WEI_2300/WEI_2300?formKey=Menu&menuSelection=asm" "Mozilla/5.0 (Linux; Android 8.0.0; LLD-AL20 Build/HONORLLD-AL20; wv) AppleWebKit/537.36 (KHTML, like Gecko) Version/4.0 Chrome/70.0.3538.110 Mobile Safari/537.36"
223.104.249.241 - - [25/Mar/2019:14:36:13 +0800] "POST /WEI_2300/getUserTarget HTTP/1.1" 200 398 "http://merp.yudo.com.cn:8183/WEI_2300/WEI_2300?formKey=Menu&menuSelection=asm" "Mozilla/5.0 (Linux; Android 8.0.0; LLD-AL20 Build/HONORLLD-AL20; wv) AppleWebKit/537.36 (KHTML, like Gecko) Version/4.0 Chrome/70.0.3538.110 Mobile Safari/537.36"
223.104.249.241 - - [25/Mar/2019:14:36:15 +0800] "GET /Menu/Menu/menuLists?formKey=undefined&menuSelection=undefined HTTP/1.1" 200 12650 "http://merp.yudo.com.cn:8183/WEI_2300/WEI_2300?formKey=Menu&menuSelection=asm" "Mozilla/5.0 (Linux; Android 8.0.0; LLD-AL20 Build/HONORLLD-AL20; wv) AppleWebKit/537.36 (KHTML, like Gecko) Version/4.0 Chrome/70.0.3538.110 Mobile Safari/537.36"
223.104.249.241 - - [25/Mar/2019:14:36:16 +0800] "POST /JLAMPCommon/langBatchRows_prc HTTP/1.1" 200 1241 "http://merp.yudo.com.cn:8183/Menu/Menu/menuLists?formKey=undefined&menuSelection=undefined" "Mozilla/5.0 (Linux; Android 8.0.0; LLD-AL20 Build/HONORLLD-AL20; wv) AppleWebKit/537.36 (KHTML, like Gecko) Version/4.0 Chrome/70.0.3538.110 Mobile Safari/537.36"
223.104.249.241 - - [25/Mar/2019:14:36:16 +0800] "GET /Menu/doMenuRows_prc?formKey=Menu HTTP/1.1" 200 331 "http://merp.yudo.com.cn:8183/Menu/Menu/menuLists?formKey=undefined&menuSelection=undefined" "Mozilla/5.0 (Linux; Android 8.0.0; LLD-AL20 Build/HONORLLD-AL20; wv) AppleWebKit/537.36 (KHTML, like Gecko) Version/4.0 Chrome/70.0.3538.110 Mobile Safari/537.36"
223.104.249.241 - - [25/Mar/2019:14:36:16 +0800] "GET /JLAMPCommon/getCookieJson_prc HTTP/1.1" 200 910 "http://merp.yudo.com.cn:8183/Menu/Menu/menuLists?formKey=undefined&menuSelection=undefined" "Mozilla/5.0 (Linux; Android 8.0.0; LLD-AL20 Build/HONORLLD-AL20; wv) AppleWebKit/537.36 (KHTML, like Gecko) Version/4.0 Chrome/70.0.3538.110 Mobile Safari/537.36"
223.104.249.241 - - [25/Mar/2019:14:36:17 +0800] "GET /Menu/getLoginInfo HTTP/1.1" 200 173 "http://merp.yudo.com.cn:8183/Menu/Menu/menuLists?formKey=undefined&menuSelection=undefined" "Mozilla/5.0 (Linux; Android 8.0.0; LLD-AL20 Build/HONORLLD-AL20; wv) AppleWebKit/537.36 (KHTML, like Gecko) Version/4.0 Chrome/70.0.3538.110 Mobile Safari/537.36"
223.104.249.241 - - [25/Mar/2019:14:36:20 +0800] "GET /WEI_2100/WEI_2100?formKey=Menu&menuSelection=asm HTTP/1.1" 200 87764 "http://merp.yudo.com.cn:8183/Menu/Menu/menuLists?formKey=undefined&menuSelection=undefined" "Mozilla/5.0 (Linux; Android 8.0.0; LLD-AL20 Build/HONORLLD-AL20; wv) AppleWebKit/537.36 (KHTML, like Gecko) Version/4.0 Chrome/70.0.3538.110 Mobile Safari/537.36"
112.17.241.74 - - [25/Mar/2019:14:36:20 +0800] "GET /?deviceType=mobile&devicePlatform=android HTTP/1.1" 302 149 "-" "Mozilla/5.0 (Linux; Android 8.0.0; PRA-AL00 Build/HONORPRA-AL00; wv) AppleWebKit/537.36 (KHTML, like Gecko) Version/4.0 Chrome/68.0.3440.91 Mobile Safari/537.36"
112.17.241.74 - - [25/Mar/2019:14:36:21 +0800] "GET /Menu/Menu?formKey=M20190325T143345490 HTTP/1.1" 200 12650 "-" "Mozilla/5.0 (Linux; Android 8.0.0; PRA-AL00 Build/HONORPRA-AL00; wv) AppleWebKit/537.36 (KHTML, like Gecko) Version/4.0 Chrome/68.0.3440.91 Mobile Safari/537.36"
223.104.249.241 - - [25/Mar/2019:14:36:21 +0800] "POST /JLAMPCommon/langBatchRows_prc HTTP/1.1" 200 12699 "http://merp.yudo.com.cn:8183/WEI_2100/WEI_2100?formKey=Menu&menuSelection=asm" "Mozilla/5.0 (Linux; Android 8.0.0; LLD-AL20 Build/HONORLLD-AL20; wv) AppleWebKit/537.36 (KHTML, like Gecko) Version/4.0 Chrome/70.0.3538.110 Mobile Safari/537.36"
223.104.249.241 - - [25/Mar/2019:14:36:21 +0800] "GET /WEI_2100/login_user HTTP/1.1" 200 156 "http://merp.yudo.com.cn:8183/WEI_2100/WEI_2100?formKey=Menu&menuSelection=asm" "Mozilla/5.0 (Linux; Android 8.0.0; LLD-AL20 Build/HONORLLD-AL20; wv) AppleWebKit/537.36 (KHTML, like Gecko) Version/4.0 Chrome/70.0.3538.110 Mobile Safari/537.36"
223.104.249.241 - - [25/Mar/2019:14:36:21 +0800] "POST /JLAMPCommon/langBatchRows_prc HTTP/1.1" 200 14861 "http://merp.yudo.com.cn:8183/WEI_2100/WEI_2100?formKey=Menu&menuSelection=asm" "Mozilla/5.0 (Linux; Android 8.0.0; LLD-AL20 Build/HONORLLD-AL20; wv) AppleWebKit/537.36 (KHTML, like Gecko) Version/4.0 Chrome/70.0.3538.110 Mobile Safari/537.36"
223.104.249.241 - - [25/Mar/2019:14:36:22 +0800] "GET /JLAMPCommon/getCookieJson_prc HTTP/1.1" 200 910 "http://merp.yudo.com.cn:8183/WEI_2100/WEI_2100?formKey=Menu&menuSelection=asm" "Mozilla/5.0 (Linux; Android 8.0.0; LLD-AL20 Build/HONORLLD-AL20; wv) AppleWebKit/537.36 (KHTML, like Gecko) Version/4.0 Chrome/70.0.3538.110 Mobile Safari/537.36"
112.17.241.74 - - [25/Mar/2019:14:36:22 +0800] "POST /JLAMPCommon/langBatchRows_prc HTTP/1.1" 200 1241 "http://merp.yudo.com.cn:8183/Menu/Menu?formKey=M20190325T143345490" "Mozilla/5.0 (Linux; Android 8.0.0; PRA-AL00 Build/HONORPRA-AL00; wv) AppleWebKit/537.36 (KHTML, like Gecko) Version/4.0 Chrome/68.0.3440.91 Mobile Safari/537.36"
112.17.241.74 - - [25/Mar/2019:14:36:22 +0800] "GET /Menu/doMenuRows_prc?formKey=Menu HTTP/1.1" 200 331 "http://merp.yudo.com.cn:8183/Menu/Menu?formKey=M20190325T143345490" "Mozilla/5.0 (Linux; Android 8.0.0; PRA-AL00 Build/HONORPRA-AL00; wv) AppleWebKit/537.36 (KHTML, like Gecko) Version/4.0 Chrome/68.0.3440.91 Mobile Safari/537.36"
112.17.241.74 - - [25/Mar/2019:14:36:22 +0800] "GET /JLAMPCommon/getCookieJson_prc HTTP/1.1" 200 926 "http://merp.yudo.com.cn:8183/Menu/Menu?formKey=M20190325T143345490" "Mozilla/5.0 (Linux; Android 8.0.0; PRA-AL00 Build/HONORPRA-AL00; wv) AppleWebKit/537.36 (KHTML, like Gecko) Version/4.0 Chrome/68.0.3440.91 Mobile Safari/537.36"
112.17.241.74 - - [25/Mar/2019:14:36:22 +0800] "GET /Menu/getLoginInfo HTTP/1.1" 200 173 "http://merp.yudo.com.cn:8183/Menu/Menu?formKey=M20190325T143345490" "Mozilla/5.0 (Linux; Android 8.0.0; PRA-AL00 Build/HONORPRA-AL00; wv) AppleWebKit/537.36 (KHTML, like Gecko) Version/4.0 Chrome/68.0.3440.91 Mobile Safari/537.36"
112.17.241.74 - - [25/Mar/2019:14:36:22 +0800] "GET /favicon.ico HTTP/1.1" 404 1476 "http://merp.yudo.com.cn:8183/Menu/Menu?formKey=M20190325T143345490" "Mozilla/5.0 (Linux; Android 8.0.0; PRA-AL00 Build/HONORPRA-AL00; wv) AppleWebKit/537.36 (KHTML, like Gecko) Version/4.0 Chrome/68.0.3440.91 Mobile Safari/537.36"
223.104.249.241 - - [25/Mar/2019:14:36:28 +0800] "GET /WEI_2100/systemclass_big_prc?bigsysid=ascause HTTP/1.1" 200 209 "http://merp.yudo.com.cn:8183/WEI_2100/WEI_2100?formKey=Menu&menuSelection=asm" "Mozilla/5.0 (Linux; Android 8.0.0; LLD-AL20 Build/HONORLLD-AL20; wv) AppleWebKit/537.36 (KHTML, like Gecko) Version/4.0 Chrome/70.0.3538.110 Mobile Safari/537.36"
223.104.249.241 - - [25/Mar/2019:14:36:28 +0800] "GET /WEI_2100/systemclass_big_prc?bigsysid=markets HTTP/1.1" 200 512 "http://merp.yudo.com.cn:8183/WEI_2100/WEI_2100?formKey=Menu&menuSelection=asm" "Mozilla/5.0 (Linux; Android 8.0.0; LLD-AL20 Build/HONORLLD-AL20; wv) AppleWebKit/537.36 (KHTML, like Gecko) Version/4.0 Chrome/70.0.3538.110 Mobile Safari/537.36"
223.104.249.241 - - [25/Mar/2019:14:36:28 +0800] "GET /WEI_2100/systemclass_big_prc?bigsysid=asclass1 HTTP/1.1" 200 475 "http://merp.yudo.com.cn:8183/WEI_2100/WEI_2100?formKey=Menu&menuSelection=asm" "Mozilla/5.0 (Linux; Android 8.0.0; LLD-AL20 Build/HONORLLD-AL20; wv) AppleWebKit/537.36 (KHTML, like Gecko) Version/4.0 Chrome/70.0.3538.110 Mobile Safari/537.36"
223.104.249.241 - - [25/Mar/2019:14:36:28 +0800] "GET /WEI_2100/systemclass_big_prc?bigsysid=supplyscope HTTP/1.1" 200 302 "http://merp.yudo.com.cn:8183/WEI_2100/WEI_2100?formKey=Menu&menuSelection=asm" "Mozilla/5.0 (Linux; Android 8.0.0; LLD-AL20 Build/HONORLLD-AL20; wv) AppleWebKit/537.36 (KHTML, like Gecko) Version/4.0 Chrome/70.0.3538.110 Mobile Safari/537.36"
223.104.249.241 - - [25/Mar/2019:14:36:28 +0800] "GET /WEI_2100/systemclass_big_prc?bigsysid=area HTTP/1.1" 200 785 "http://merp.yudo.com.cn:8183/WEI_2100/WEI_2100?formKey=Menu&menuSelection=asm" "Mozilla/5.0 (Linux; Android 8.0.0; LLD-AL20 Build/HONORLLD-AL20; wv) AppleWebKit/537.36 (KHTML, like Gecko) Version/4.0 Chrome/70.0.3538.110 Mobile Safari/537.36"
223.104.249.241 - - [25/Mar/2019:14:36:28 +0800] "GET /WEI_2100/systemclass_big_prc?bigsysid=startpoint HTTP/1.1" 200 317 "http://merp.yudo.com.cn:8183/WEI_2100/WEI_2100?formKey=Menu&menuSelection=asm" "Mozilla/5.0 (Linux; Android 8.0.0; LLD-AL20 Build/HONORLLD-AL20; wv) AppleWebKit/537.36 (KHTML, like Gecko) Version/4.0 Chrome/70.0.3538.110 Mobile Safari/537.36"
223.104.249.241 - - [25/Mar/2019:14:36:29 +0800] "GET /WEI_2100/user_prc HTTP/1.1" 200 90951 "http://merp.yudo.com.cn:8183/WEI_2100/WEI_2100?formKey=Menu&menuSelection=asm" "Mozilla/5.0 (Linux; Android 8.0.0; LLD-AL20 Build/HONORLLD-AL20; wv) AppleWebKit/537.36 (KHTML, like Gecko) Version/4.0 Chrome/70.0.3538.110 Mobile Safari/537.36"
223.104.249.241 - - [25/Mar/2019:14:36:30 +0800] "GET /WEI_2100/as_prc?asid=&custnm=&startDate=2019-03-01&endDate=2019-03-25&ascount=0 HTTP/1.1" 200 8679 "http://merp.yudo.com.cn:8183/WEI_2100/WEI_2100?formKey=Menu&menuSelection=asm" "Mozilla/5.0 (Linux; Android 8.0.0; LLD-AL20 Build/HONORLLD-AL20; wv) AppleWebKit/537.36 (KHTML, like Gecko) Version/4.0 Chrome/70.0.3538.110 Mobile Safari/537.36"
223.104.249.241 - - [25/Mar/2019:14:36:28 +0800] "GET /WEI_2100/systemclass_big_prc?bigsysid=asbadtype HTTP/1.1" 200 152 "http://merp.yudo.com.cn:8183/WEI_2100/WEI_2100?formKey=Menu&menuSelection=asm" "Mozilla/5.0 (Linux; Android 8.0.0; LLD-AL20 Build/HONORLLD-AL20; wv) AppleWebKit/537.36 (KHTML, like Gecko) Version/4.0 Chrome/70.0.3538.110 Mobile Safari/537.36"
223.104.249.241 - - [25/Mar/2019:14:36:29 +0800] "GET /WEI_2100/systemclass_big_prc?bigsysid=asclass HTTP/1.1" 200 264 "http://merp.yudo.com.cn:8183/WEI_2100/WEI_2100?formKey=Menu&menuSelection=asm" "Mozilla/5.0 (Linux; Android 8.0.0; LLD-AL20 Build/HONORLLD-AL20; wv) AppleWebKit/537.36 (KHTML, like Gecko) Version/4.0 Chrome/70.0.3538.110 Mobile Safari/537.36"
223.104.249.241 - - [25/Mar/2019:14:36:29 +0800] "GET /WEI_2100/as_unit HTTP/1.1" 200 1002 "http://merp.yudo.com.cn:8183/WEI_2100/WEI_2100?formKey=Menu&menuSelection=asm" "Mozilla/5.0 (Linux; Android 8.0.0; LLD-AL20 Build/HONORLLD-AL20; wv) AppleWebKit/537.36 (KHTML, like Gecko) Version/4.0 Chrome/70.0.3538.110 Mobile Safari/537.36"
223.104.249.241 - - [25/Mar/2019:14:36:32 +0800] "GET /WEI_2100/as_minute?asid=2019031003 HTTP/1.1" 200 2069 "http://merp.yudo.com.cn:8183/WEI_2100/WEI_2100?formKey=Menu&menuSelection=asm" "Mozilla/5.0 (Linux; Android 8.0.0; LLD-AL20 Build/HONORLLD-AL20; wv) AppleWebKit/537.36 (KHTML, like Gecko) Version/4.0 Chrome/70.0.3538.110 Mobile Safari/537.36"
