49.73.86.81 - - [29/Jun/2018:09:46:49 +0800] "GET /JLAMPCommon/getCookieJson_prc HTTP/1.1" 200 970 "http://merp.yudo.com.cn:8183/WEI_2100/WEI_2100?formKey=M20180629T093759153&menuSelection=asm" "Mozilla/5.0 (iPhone; CPU iPhone OS 11_3 like Mac OS X) AppleWebKit/605.1.15 (KHTML, like Gecko) Mobile/15E216JLAMPMode:iPhone"
223.104.146.47 - - [29/Jun/2018:09:46:55 +0800] "GET /js/WEI_2100/css/modules/layer/default/loading-2.gif HTTP/1.1" 304 - "http://merp.yudo.com.cn:8183/js/WEI_2100/css/modules/layer/default/layer.css?v=3.1.1" "Mozilla/5.0 (Linux; Android 8.1.0; MI 6X Build/OPM1.171019.011; wv) AppleWebKit/537.36 (KHTML, like Gecko) Version/4.0 Chrome/62.0.3202.84 Mobile Safari/537.36"
223.104.146.47 - - [29/Jun/2018:09:46:55 +0800] "GET /WEI_2100/login_user HTTP/1.1" 200 155 "http://merp.yudo.com.cn:8183/WEI_2100/WEI_2100?formKey=M20180629T093646157&menuSelection=asm" "Mozilla/5.0 (Linux; Android 8.1.0; MI 6X Build/OPM1.171019.011; wv) AppleWebKit/537.36 (KHTML, like Gecko) Version/4.0 Chrome/62.0.3202.84 Mobile Safari/537.36"
223.104.146.47 - - [29/Jun/2018:09:46:55 +0800] "GET /WEI_2100/systemclass_big_prc?bigsysid=markets HTTP/1.1" 200 455 "http://merp.yudo.com.cn:8183/WEI_2100/WEI_2100?formKey=M20180629T093646157&menuSelection=asm" "Mozilla/5.0 (Linux; Android 8.1.0; MI 6X Build/OPM1.171019.011; wv) AppleWebKit/537.36 (KHTML, like Gecko) Version/4.0 Chrome/62.0.3202.84 Mobile Safari/537.36"
223.104.146.47 - - [29/Jun/2018:09:46:55 +0800] "GET /WEI_2100/systemclass_big_prc?bigsysid=asclass1 HTTP/1.1" 200 418 "http://merp.yudo.com.cn:8183/WEI_2100/WEI_2100?formKey=M20180629T093646157&menuSelection=asm" "Mozilla/5.0 (Linux; Android 8.1.0; MI 6X Build/OPM1.171019.011; wv) AppleWebKit/537.36 (KHTML, like Gecko) Version/4.0 Chrome/62.0.3202.84 Mobile Safari/537.36"
223.104.146.47 - - [29/Jun/2018:09:46:55 +0800] "GET /WEI_2100/systemclass_big_prc?bigsysid=ascause HTTP/1.1" 200 209 "http://merp.yudo.com.cn:8183/WEI_2100/WEI_2100?formKey=M20180629T093646157&menuSelection=asm" "Mozilla/5.0 (Linux; Android 8.1.0; MI 6X Build/OPM1.171019.011; wv) AppleWebKit/537.36 (KHTML, like Gecko) Version/4.0 Chrome/62.0.3202.84 Mobile Safari/537.36"
223.104.146.47 - - [29/Jun/2018:09:46:55 +0800] "GET /WEI_2100/systemclass_big_prc?bigsysid=supplyscope HTTP/1.1" 200 376 "http://merp.yudo.com.cn:8183/WEI_2100/WEI_2100?formKey=M20180629T093646157&menuSelection=asm" "Mozilla/5.0 (Linux; Android 8.1.0; MI 6X Build/OPM1.171019.011; wv) AppleWebKit/537.36 (KHTML, like Gecko) Version/4.0 Chrome/62.0.3202.84 Mobile Safari/537.36"
223.104.146.47 - - [29/Jun/2018:09:46:55 +0800] "GET /WEI_2100/systemclass_big_prc?bigsysid=asbadtype HTTP/1.1" 200 152 "http://merp.yudo.com.cn:8183/WEI_2100/WEI_2100?formKey=M20180629T093646157&menuSelection=asm" "Mozilla/5.0 (Linux; Android 8.1.0; MI 6X Build/OPM1.171019.011; wv) AppleWebKit/537.36 (KHTML, like Gecko) Version/4.0 Chrome/62.0.3202.84 Mobile Safari/537.36"
223.104.146.47 - - [29/Jun/2018:09:46:55 +0800] "GET /WEI_2100/systemclass_big_prc?bigsysid=startpoint HTTP/1.1" 200 317 "http://merp.yudo.com.cn:8183/WEI_2100/WEI_2100?formKey=M20180629T093646157&menuSelection=asm" "Mozilla/5.0 (Linux; Android 8.1.0; MI 6X Build/OPM1.171019.011; wv) AppleWebKit/537.36 (KHTML, like Gecko) Version/4.0 Chrome/62.0.3202.84 Mobile Safari/537.36"
223.104.146.47 - - [29/Jun/2018:09:46:55 +0800] "GET /WEI_2100/systemclass_big_prc?bigsysid=area HTTP/1.1" 200 209 "http://merp.yudo.com.cn:8183/WEI_2100/WEI_2100?formKey=M20180629T093646157&menuSelection=asm" "Mozilla/5.0 (Linux; Android 8.1.0; MI 6X Build/OPM1.171019.011; wv) AppleWebKit/537.36 (KHTML, like Gecko) Version/4.0 Chrome/62.0.3202.84 Mobile Safari/537.36"
223.104.146.47 - - [29/Jun/2018:09:46:56 +0800] "GET /WEI_2100/systemclass_big_prc?bigsysid=asclass HTTP/1.1" 200 264 "http://merp.yudo.com.cn:8183/WEI_2100/WEI_2100?formKey=M20180629T093646157&menuSelection=asm" "Mozilla/5.0 (Linux; Android 8.1.0; MI 6X Build/OPM1.171019.011; wv) AppleWebKit/537.36 (KHTML, like Gecko) Version/4.0 Chrome/62.0.3202.84 Mobile Safari/537.36"
223.104.146.47 - - [29/Jun/2018:09:46:56 +0800] "GET /WEI_2100/user_prc HTTP/1.1" 200 224216 "http://merp.yudo.com.cn:8183/WEI_2100/WEI_2100?formKey=M20180629T093646157&menuSelection=asm" "Mozilla/5.0 (Linux; Android 8.1.0; MI 6X Build/OPM1.171019.011; wv) AppleWebKit/537.36 (KHTML, like Gecko) Version/4.0 Chrome/62.0.3202.84 Mobile Safari/537.36"
223.104.146.47 - - [29/Jun/2018:09:46:56 +0800] "GET /WEI_2100/as_unit HTTP/1.1" 200 1002 "http://merp.yudo.com.cn:8183/WEI_2100/WEI_2100?formKey=M20180629T093646157&menuSelection=asm" "Mozilla/5.0 (Linux; Android 8.1.0; MI 6X Build/OPM1.171019.011; wv) AppleWebKit/537.36 (KHTML, like Gecko) Version/4.0 Chrome/62.0.3202.84 Mobile Safari/537.36"
::1 - - [29/Jun/2018:09:47:04 +0800] "OPTIONS * HTTP/1.0" 200 - "-" "Apache/2.4.6 (CentOS) PHP/5.6.32 (internal dummy connection)"
223.104.146.47 - - [29/Jun/2018:09:48:32 +0800] "GET /WEI_2100/systemclass_mini_prc?bigsysid=AS10110010&minisysid=ascause_c HTTP/1.1" 200 620 "http://merp.yudo.com.cn:8183/WEI_2100/WEI_2100?formKey=M20180629T093646157&menuSelection=asm" "Mozilla/5.0 (Linux; Android 8.1.0; MI 6X Build/OPM1.171019.011; wv) AppleWebKit/537.36 (KHTML, like Gecko) Version/4.0 Chrome/62.0.3202.84 Mobile Safari/537.36"
223.104.146.47 - - [29/Jun/2018:09:48:45 +0800] "GET /WEI_2100/order_prc?orderid=&orderby=&ordercount=0 HTTP/1.1" 200 20630 "http://merp.yudo.com.cn:8183/WEI_2100/WEI_2100?formKey=M20180629T093646157&menuSelection=asm" "Mozilla/5.0 (Linux; Android 8.1.0; MI 6X Build/OPM1.171019.011; wv) AppleWebKit/537.36 (KHTML, like Gecko) Version/4.0 Chrome/62.0.3202.84 Mobile Safari/537.36"
223.104.146.47 - - [29/Jun/2018:09:48:48 +0800] "GET /WEI_2100/order_prc?orderid=&orderby=&ordercount=50 HTTP/1.1" 200 20424 "http://merp.yudo.com.cn:8183/WEI_2100/WEI_2100?formKey=M20180629T093646157&menuSelection=asm" "Mozilla/5.0 (Linux; Android 8.1.0; MI 6X Build/OPM1.171019.011; wv) AppleWebKit/537.36 (KHTML, like Gecko) Version/4.0 Chrome/62.0.3202.84 Mobile Safari/537.36"
223.104.146.47 - - [29/Jun/2018:09:49:36 +0800] "GET /WEI_2100/login_user HTTP/1.1" 200 155 "http://merp.yudo.com.cn:8183/WEI_2100/WEI_2100?formKey=M20180629T093646157&menuSelection=asm" "Mozilla/5.0 (Linux; Android 8.1.0; MI 6X Build/OPM1.171019.011; wv) AppleWebKit/537.36 (KHTML, like Gecko) Version/4.0 Chrome/62.0.3202.84 Mobile Safari/537.36"
223.104.146.47 - - [29/Jun/2018:09:49:54 +0800] "GET /WEI_2100/login_user HTTP/1.1" 200 155 "http://merp.yudo.com.cn:8183/WEI_2100/WEI_2100?formKey=M20180629T093646157&menuSelection=asm" "Mozilla/5.0 (Linux; Android 8.1.0; MI 6X Build/OPM1.171019.011; wv) AppleWebKit/537.36 (KHTML, like Gecko) Version/4.0 Chrome/62.0.3202.84 Mobile Safari/537.36"
49.73.86.81 - - [29/Jun/2018:09:53:01 +0800] "GET /Menu/Menu/menuLists?formKey=M20180629T093759153&menuSelection=asm HTTP/1.1" 200 5926 "http://merp.yudo.com.cn:8183/WEI_2100/WEI_2100?formKey=M20180629T093759153&menuSelection=asm" "Mozilla/5.0 (iPhone; CPU iPhone OS 11_3 like Mac OS X) AppleWebKit/605.1.15 (KHTML, like Gecko) Mobile/15E216JLAMPMode:iPhone"
49.73.86.81 - - [29/Jun/2018:09:53:01 +0800] "POST /JLAMPCommon/langBatchRows_prc HTTP/1.1" 200 595 "http://merp.yudo.com.cn:8183/Menu/Menu/menuLists?formKey=M20180629T093759153&menuSelection=asm" "Mozilla/5.0 (iPhone; CPU iPhone OS 11_3 like Mac OS X) AppleWebKit/605.1.15 (KHTML, like Gecko) Mobile/15E216JLAMPMode:iPhone"
49.73.86.81 - - [29/Jun/2018:09:53:01 +0800] "GET /JLAMPCommon/getCookieJson_prc HTTP/1.1" 200 970 "http://merp.yudo.com.cn:8183/Menu/Menu/menuLists?formKey=M20180629T093759153&menuSelection=asm" "Mozilla/5.0 (iPhone; CPU iPhone OS 11_3 like Mac OS X) AppleWebKit/605.1.15 (KHTML, like Gecko) Mobile/15E216JLAMPMode:iPhone"
49.73.86.81 - - [29/Jun/2018:09:53:01 +0800] "GET /Menu/doMenuRows_prc?formKey=M20180629T093759153 HTTP/1.1" 200 1645 "http://merp.yudo.com.cn:8183/Menu/Menu/menuLists?formKey=M20180629T093759153&menuSelection=asm" "Mozilla/5.0 (iPhone; CPU iPhone OS 11_3 like Mac OS X) AppleWebKit/605.1.15 (KHTML, like Gecko) Mobile/15E216JLAMPMode:iPhone"
49.73.86.81 - - [29/Jun/2018:09:53:11 +0800] "GET /?deviceType=mobile&devicePlatform=ios HTTP/1.1" 302 149 "-" "Mozilla/5.0 (iPhone; CPU iPhone OS 11_4 like Mac OS X) AppleWebKit/605.1.15 (KHTML, like Gecko) Mobile/15F79JLAMPMode:iPhone"
49.73.86.81 - - [29/Jun/2018:09:53:12 +0800] "GET /Menu/Menu?formKey=M20180629T095033030 HTTP/1.1" 200 5920 "-" "Mozilla/5.0 (iPhone; CPU iPhone OS 11_4 like Mac OS X) AppleWebKit/605.1.15 (KHTML, like Gecko) Mobile/15F79JLAMPMode:iPhone"
49.73.86.81 - - [29/Jun/2018:09:53:12 +0800] "GET /third_party/bootstrap-3.3.5/css/bootstrap.css HTTP/1.1" 304 - "http://merp.yudo.com.cn:8183/Menu/Menu?formKey=M20180629T095033030" "Mozilla/5.0 (iPhone; CPU iPhone OS 11_4 like Mac OS X) AppleWebKit/605.1.15 (KHTML, like Gecko) Mobile/15F79JLAMPMode:iPhone"
49.73.86.81 - - [29/Jun/2018:09:53:12 +0800] "GET /third_party/bootstrap-3.3.5/css/bootstrap-theme.css HTTP/1.1" 304 - "http://merp.yudo.com.cn:8183/Menu/Menu?formKey=M20180629T095033030" "Mozilla/5.0 (iPhone; CPU iPhone OS 11_4 like Mac OS X) AppleWebKit/605.1.15 (KHTML, like Gecko) Mobile/15F79JLAMPMode:iPhone"
49.73.86.81 - - [29/Jun/2018:09:53:12 +0800] "GET /third_party/loading-overlay/waitMe.css HTTP/1.1" 304 - "http://merp.yudo.com.cn:8183/Menu/Menu?formKey=M20180629T095033030" "Mozilla/5.0 (iPhone; CPU iPhone OS 11_4 like Mac OS X) AppleWebKit/605.1.15 (KHTML, like Gecko) Mobile/15F79JLAMPMode:iPhone"
49.73.86.81 - - [29/Jun/2018:09:53:12 +0800] "GET /third_party/slideout-1.0.1/index.css HTTP/1.1" 304 - "http://merp.yudo.com.cn:8183/Menu/Menu?formKey=M20180629T095033030" "Mozilla/5.0 (iPhone; CPU iPhone OS 11_4 like Mac OS X) AppleWebKit/605.1.15 (KHTML, like Gecko) Mobile/15F79JLAMPMode:iPhone"
49.73.86.81 - - [29/Jun/2018:09:53:12 +0800] "GET /third_party/bootstrap-datetimepicker/css/bootstrap-datetimepicker.css HTTP/1.1" 304 - "http://merp.yudo.com.cn:8183/Menu/Menu?formKey=M20180629T095033030" "Mozilla/5.0 (iPhone; CPU iPhone OS 11_4 like Mac OS X) AppleWebKit/605.1.15 (KHTML, like Gecko) Mobile/15F79JLAMPMode:iPhone"
49.73.86.81 - - [29/Jun/2018:09:53:12 +0800] "GET /css/bootstrap_modify.css HTTP/1.1" 304 - "http://merp.yudo.com.cn:8183/Menu/Menu?formKey=M20180629T095033030" "Mozilla/5.0 (iPhone; CPU iPhone OS 11_4 like Mac OS X) AppleWebKit/605.1.15 (KHTML, like Gecko) Mobile/15F79JLAMPMode:iPhone"
49.73.86.81 - - [29/Jun/2018:09:53:12 +0800] "GET /css/JLAMP.common.min.css HTTP/1.1" 200 - "http://merp.yudo.com.cn:8183/Menu/Menu?formKey=M20180629T095033030" "Mozilla/5.0 (iPhone; CPU iPhone OS 11_4 like Mac OS X) AppleWebKit/605.1.15 (KHTML, like Gecko) Mobile/15F79JLAMPMode:iPhone"
49.73.86.81 - - [29/Jun/2018:09:53:12 +0800] "GET /css/slide_menu.css HTTP/1.1" 304 - "http://merp.yudo.com.cn:8183/Menu/Menu?formKey=M20180629T095033030" "Mozilla/5.0 (iPhone; CPU iPhone OS 11_4 like Mac OS X) AppleWebKit/605.1.15 (KHTML, like Gecko) Mobile/15F79JLAMPMode:iPhone"
49.73.86.81 - - [29/Jun/2018:09:53:12 +0800] "GET /css/JLAMP.modal.min.css HTTP/1.1" 304 - "http://merp.yudo.com.cn:8183/Menu/Menu?formKey=M20180629T095033030" "Mozilla/5.0 (iPhone; CPU iPhone OS 11_4 like Mac OS X) AppleWebKit/605.1.15 (KHTML, like Gecko) Mobile/15F79JLAMPMode:iPhone"
49.73.86.81 - - [29/Jun/2018:09:53:12 +0800] "GET /css/JLAMP.autobinding.min.css HTTP/1.1" 304 - "http://merp.yudo.com.cn:8183/Menu/Menu?formKey=M20180629T095033030" "Mozilla/5.0 (iPhone; CPU iPhone OS 11_4 like Mac OS X) AppleWebKit/605.1.15 (KHTML, like Gecko) Mobile/15F79JLAMPMode:iPhone"
49.73.86.81 - - [29/Jun/2018:09:53:12 +0800] "GET /third_party/KendoUI/styles/kendo.common.min.css HTTP/1.1" 304 - "http://merp.yudo.com.cn:8183/Menu/Menu?formKey=M20180629T095033030" "Mozilla/5.0 (iPhone; CPU iPhone OS 11_4 like Mac OS X) AppleWebKit/605.1.15 (KHTML, like Gecko) Mobile/15F79JLAMPMode:iPhone"
49.73.86.81 - - [29/Jun/2018:09:53:12 +0800] "GET /css/common.css?v=2002 HTTP/1.1" 200 11984 "http://merp.yudo.com.cn:8183/Menu/Menu?formKey=M20180629T095033030" "Mozilla/5.0 (iPhone; CPU iPhone OS 11_4 like Mac OS X) AppleWebKit/605.1.15 (KHTML, like Gecko) Mobile/15F79JLAMPMode:iPhone"
49.73.86.81 - - [29/Jun/2018:09:53:12 +0800] "GET /third_party/KendoUI/styles/kendo.bootstrap.min.css HTTP/1.1" 304 - "http://merp.yudo.com.cn:8183/Menu/Menu?formKey=M20180629T095033030" "Mozilla/5.0 (iPhone; CPU iPhone OS 11_4 like Mac OS X) AppleWebKit/605.1.15 (KHTML, like Gecko) Mobile/15F79JLAMPMode:iPhone"
49.73.86.81 - - [29/Jun/2018:09:53:12 +0800] "GET /third_party/KendoUI/styles/kendo.bootstrap.mobile.min.css HTTP/1.1" 304 - "http://merp.yudo.com.cn:8183/Menu/Menu?formKey=M20180629T095033030" "Mozilla/5.0 (iPhone; CPU iPhone OS 11_4 like Mac OS X) AppleWebKit/605.1.15 (KHTML, like Gecko) Mobile/15F79JLAMPMode:iPhone"
49.73.86.81 - - [29/Jun/2018:09:53:12 +0800] "GET /css/Menu/Menu.css?v=1002 HTTP/1.1" 304 - "http://merp.yudo.com.cn:8183/Menu/Menu?formKey=M20180629T095033030" "Mozilla/5.0 (iPhone; CPU iPhone OS 11_4 like Mac OS X) AppleWebKit/605.1.15 (KHTML, like Gecko) Mobile/15F79JLAMPMode:iPhone"
49.73.86.81 - - [29/Jun/2018:09:53:12 +0800] "GET /third_party/jquery-2.1.4/jquery.js HTTP/1.1" 304 - "http://merp.yudo.com.cn:8183/Menu/Menu?formKey=M20180629T095033030" "Mozilla/5.0 (iPhone; CPU iPhone OS 11_4 like Mac OS X) AppleWebKit/605.1.15 (KHTML, like Gecko) Mobile/15F79JLAMPMode:iPhone"
49.73.86.81 - - [29/Jun/2018:09:53:12 +0800] "GET /third_party/bootstrap-3.3.5/js/bootstrap.min.js HTTP/1.1" 304 - "http://merp.yudo.com.cn:8183/Menu/Menu?formKey=M20180629T095033030" "Mozilla/5.0 (iPhone; CPU iPhone OS 11_4 like Mac OS X) AppleWebKit/605.1.15 (KHTML, like Gecko) Mobile/15F79JLAMPMode:iPhone"
49.73.86.81 - - [29/Jun/2018:09:53:12 +0800] "GET /third_party/bootstrap-datetimepicker/js/bootstrap-datetimepicker.js HTTP/1.1" 304 - "http://merp.yudo.com.cn:8183/Menu/Menu?formKey=M20180629T095033030" "Mozilla/5.0 (iPhone; CPU iPhone OS 11_4 like Mac OS X) AppleWebKit/605.1.15 (KHTML, like Gecko) Mobile/15F79JLAMPMode:iPhone"
49.73.86.81 - - [29/Jun/2018:09:53:12 +0800] "GET /third_party/bootstrap-datetimepicker/js/locales/bootstrap-datetimepicker.ko.js HTTP/1.1" 304 - "http://merp.yudo.com.cn:8183/Menu/Menu?formKey=M20180629T095033030" "Mozilla/5.0 (iPhone; CPU iPhone OS 11_4 like Mac OS X) AppleWebKit/605.1.15 (KHTML, like Gecko) Mobile/15F79JLAMPMode:iPhone"
49.73.86.81 - - [29/Jun/2018:09:53:12 +0800] "GET /third_party/loading-overlay/waitMe.js HTTP/1.1" 304 - "http://merp.yudo.com.cn:8183/Menu/Menu?formKey=M20180629T095033030" "Mozilla/5.0 (iPhone; CPU iPhone OS 11_4 like Mac OS X) AppleWebKit/605.1.15 (KHTML, like Gecko) Mobile/15F79JLAMPMode:iPhone"
49.73.86.81 - - [29/Jun/2018:09:53:12 +0800] "GET /third_party/slideout-1.0.1/slideout.js HTTP/1.1" 304 - "http://merp.yudo.com.cn:8183/Menu/Menu?formKey=M20180629T095033030" "Mozilla/5.0 (iPhone; CPU iPhone OS 11_4 like Mac OS X) AppleWebKit/605.1.15 (KHTML, like Gecko) Mobile/15F79JLAMPMode:iPhone"
49.73.86.81 - - [29/Jun/2018:09:53:12 +0800] "GET /js/fastclick.js HTTP/1.1" 304 - "http://merp.yudo.com.cn:8183/Menu/Menu?formKey=M20180629T095033030" "Mozilla/5.0 (iPhone; CPU iPhone OS 11_4 like Mac OS X) AppleWebKit/605.1.15 (KHTML, like Gecko) Mobile/15F79JLAMPMode:iPhone"
49.73.86.81 - - [29/Jun/2018:09:53:12 +0800] "GET /js/JLAMP.polyfill.min.js HTTP/1.1" 304 - "http://merp.yudo.com.cn:8183/Menu/Menu?formKey=M20180629T095033030" "Mozilla/5.0 (iPhone; CPU iPhone OS 11_4 like Mac OS X) AppleWebKit/605.1.15 (KHTML, like Gecko) Mobile/15F79JLAMPMode:iPhone"
49.73.86.81 - - [29/Jun/2018:09:53:12 +0800] "GET /js/JLAMP.min.js HTTP/1.1" 304 - "http://merp.yudo.com.cn:8183/Menu/Menu?formKey=M20180629T095033030" "Mozilla/5.0 (iPhone; CPU iPhone OS 11_4 like Mac OS X) AppleWebKit/605.1.15 (KHTML, like Gecko) Mobile/15F79JLAMPMode:iPhone"
49.73.86.81 - - [29/Jun/2018:09:53:12 +0800] "GET /js/JLAMP.common.min.js HTTP/1.1" 304 - "http://merp.yudo.com.cn:8183/Menu/Menu?formKey=M20180629T095033030" "Mozilla/5.0 (iPhone; CPU iPhone OS 11_4 like Mac OS X) AppleWebKit/605.1.15 (KHTML, like Gecko) Mobile/15F79JLAMPMode:iPhone"
49.73.86.81 - - [29/Jun/2018:09:53:12 +0800] "GET /js/JLAMP.menu.min.js HTTP/1.1" 304 - "http://merp.yudo.com.cn:8183/Menu/Menu?formKey=M20180629T095033030" "Mozilla/5.0 (iPhone; CPU iPhone OS 11_4 like Mac OS X) AppleWebKit/605.1.15 (KHTML, like Gecko) Mobile/15F79JLAMPMode:iPhone"
49.73.86.81 - - [29/Jun/2018:09:53:12 +0800] "GET /js/Menu/Menu.js?v=1003 HTTP/1.1" 200 1858 "http://merp.yudo.com.cn:8183/Menu/Menu?formKey=M20180629T095033030" "Mozilla/5.0 (iPhone; CPU iPhone OS 11_4 like Mac OS X) AppleWebKit/605.1.15 (KHTML, like Gecko) Mobile/15F79JLAMPMode:iPhone"
49.73.86.81 - - [29/Jun/2018:09:53:12 +0800] "GET /js/JLAMP.autobinding.min.js HTTP/1.1" 304 - "http://merp.yudo.com.cn:8183/Menu/Menu?formKey=M20180629T095033030" "Mozilla/5.0 (iPhone; CPU iPhone OS 11_4 like Mac OS X) AppleWebKit/605.1.15 (KHTML, like Gecko) Mobile/15F79JLAMPMode:iPhone"
49.73.86.81 - - [29/Jun/2018:09:53:12 +0800] "GET /js/JLAMP.lang.min.js HTTP/1.1" 304 - "http://merp.yudo.com.cn:8183/Menu/Menu?formKey=M20180629T095033030" "Mozilla/5.0 (iPhone; CPU iPhone OS 11_4 like Mac OS X) AppleWebKit/605.1.15 (KHTML, like Gecko) Mobile/15F79JLAMPMode:iPhone"
49.73.86.81 - - [29/Jun/2018:09:53:12 +0800] "GET /js/JLAMP.modal.min.js HTTP/1.1" 304 - "http://merp.yudo.com.cn:8183/Menu/Menu?formKey=M20180629T095033030" "Mozilla/5.0 (iPhone; CPU iPhone OS 11_4 like Mac OS X) AppleWebKit/605.1.15 (KHTML, like Gecko) Mobile/15F79JLAMPMode:iPhone"
49.73.86.81 - - [29/Jun/2018:09:53:12 +0800] "GET /js/session.js HTTP/1.1" 304 - "http://merp.yudo.com.cn:8183/Menu/Menu?formKey=M20180629T095033030" "Mozilla/5.0 (iPhone; CPU iPhone OS 11_4 like Mac OS X) AppleWebKit/605.1.15 (KHTML, like Gecko) Mobile/15F79JLAMPMode:iPhone"
49.73.86.81 - - [29/Jun/2018:09:53:12 +0800] "GET /js/version.js HTTP/1.1" 200 1046 "http://merp.yudo.com.cn:8183/Menu/Menu?formKey=M20180629T095033030" "Mozilla/5.0 (iPhone; CPU iPhone OS 11_4 like Mac OS X) AppleWebKit/605.1.15 (KHTML, like Gecko) Mobile/15F79JLAMPMode:iPhone"
49.73.86.81 - - [29/Jun/2018:09:53:12 +0800] "GET /js/common.js HTTP/1.1" 304 - "http://merp.yudo.com.cn:8183/Menu/Menu?formKey=M20180629T095033030" "Mozilla/5.0 (iPhone; CPU iPhone OS 11_4 like Mac OS X) AppleWebKit/605.1.15 (KHTML, like Gecko) Mobile/15F79JLAMPMode:iPhone"
49.73.86.81 - - [29/Jun/2018:09:53:12 +0800] "GET /js/GNB.js HTTP/1.1" 304 - "http://merp.yudo.com.cn:8183/Menu/Menu?formKey=M20180629T095033030" "Mozilla/5.0 (iPhone; CPU iPhone OS 11_4 like Mac OS X) AppleWebKit/605.1.15 (KHTML, like Gecko) Mobile/15F79JLAMPMode:iPhone"
49.73.86.81 - - [29/Jun/2018:09:53:12 +0800] "GET /image/login_logo.png HTTP/1.1" 304 - "http://merp.yudo.com.cn:8183/Menu/Menu?formKey=M20180629T095033030" "Mozilla/5.0 (iPhone; CPU iPhone OS 11_4 like Mac OS X) AppleWebKit/605.1.15 (KHTML, like Gecko) Mobile/15F79JLAMPMode:iPhone"
49.73.86.81 - - [29/Jun/2018:09:53:12 +0800] "GET /image/icon_logout.png HTTP/1.1" 304 - "http://merp.yudo.com.cn:8183/Menu/Menu?formKey=M20180629T095033030" "Mozilla/5.0 (iPhone; CPU iPhone OS 11_4 like Mac OS X) AppleWebKit/605.1.15 (KHTML, like Gecko) Mobile/15F79JLAMPMode:iPhone"
49.73.86.81 - - [29/Jun/2018:09:53:12 +0800] "GET /image/MI.png HTTP/1.1" 304 - "http://merp.yudo.com.cn:8183/Menu/Menu?formKey=M20180629T095033030" "Mozilla/5.0 (iPhone; CPU iPhone OS 11_4 like Mac OS X) AppleWebKit/605.1.15 (KHTML, like Gecko) Mobile/15F79JLAMPMode:iPhone"
49.73.86.81 - - [29/Jun/2018:09:53:12 +0800] "GET /image/SM.png HTTP/1.1" 304 - "http://merp.yudo.com.cn:8183/Menu/Menu?formKey=M20180629T095033030" "Mozilla/5.0 (iPhone; CPU iPhone OS 11_4 like Mac OS X) AppleWebKit/605.1.15 (KHTML, like Gecko) Mobile/15F79JLAMPMode:iPhone"
49.73.86.81 - - [29/Jun/2018:09:53:12 +0800] "GET /image/ASM.png HTTP/1.1" 304 - "http://merp.yudo.com.cn:8183/Menu/Menu?formKey=M20180629T095033030" "Mozilla/5.0 (iPhone; CPU iPhone OS 11_4 like Mac OS X) AppleWebKit/605.1.15 (KHTML, like Gecko) Mobile/15F79JLAMPMode:iPhone"
49.73.86.81 - - [29/Jun/2018:09:53:12 +0800] "POST /JLAMPCommon/langBatchRows_prc HTTP/1.1" 200 227 "http://merp.yudo.com.cn:8183/Menu/Menu?formKey=M20180629T095033030" "Mozilla/5.0 (iPhone; CPU iPhone OS 11_4 like Mac OS X) AppleWebKit/605.1.15 (KHTML, like Gecko) Mobile/15F79JLAMPMode:iPhone"
49.73.86.81 - - [29/Jun/2018:09:53:12 +0800] "GET /JLAMPCommon/getCookieJson_prc HTTP/1.1" 200 842 "http://merp.yudo.com.cn:8183/Menu/Menu?formKey=M20180629T095033030" "Mozilla/5.0 (iPhone; CPU iPhone OS 11_4 like Mac OS X) AppleWebKit/605.1.15 (KHTML, like Gecko) Mobile/15F79JLAMPMode:iPhone"
49.73.86.81 - - [29/Jun/2018:09:53:12 +0800] "GET /Menu/doMenuRows_prc?formKey=M20180629T095033030 HTTP/1.1" 200 1621 "http://merp.yudo.com.cn:8183/Menu/Menu?formKey=M20180629T095033030" "Mozilla/5.0 (iPhone; CPU iPhone OS 11_4 like Mac OS X) AppleWebKit/605.1.15 (KHTML, like Gecko) Mobile/15F79JLAMPMode:iPhone"
49.73.86.81 - - [29/Jun/2018:09:53:13 +0800] "GET /image/menu_allow.png HTTP/1.1" 304 - "http://merp.yudo.com.cn:8183/Menu/Menu?formKey=M20180629T095033030" "Mozilla/5.0 (iPhone; CPU iPhone OS 11_4 like Mac OS X) AppleWebKit/605.1.15 (KHTML, like Gecko) Mobile/15F79JLAMPMode:iPhone"
49.73.86.81 - - [29/Jun/2018:09:53:13 +0800] "GET /third_party/KendoUI/styles/images/kendoui.woff?v=1.1 HTTP/1.1" 304 - "http://merp.yudo.com.cn:8183/Menu/Menu?formKey=M20180629T095033030" "Mozilla/5.0 (iPhone; CPU iPhone OS 11_4 like Mac OS X) AppleWebKit/605.1.15 (KHTML, like Gecko) Mobile/15F79JLAMPMode:iPhone"
::1 - - [29/Jun/2018:09:53:18 +0800] "OPTIONS * HTTP/1.0" 200 - "-" "Apache/2.4.6 (CentOS) PHP/5.6.32 (internal dummy connection)"
::1 - - [29/Jun/2018:09:53:19 +0800] "OPTIONS * HTTP/1.0" 200 - "-" "Apache/2.4.6 (CentOS) PHP/5.6.32 (internal dummy connection)"
::1 - - [29/Jun/2018:09:53:20 +0800] "OPTIONS * HTTP/1.0" 200 - "-" "Apache/2.4.6 (CentOS) PHP/5.6.32 (internal dummy connection)"
49.73.86.81 - - [29/Jun/2018:09:53:26 +0800] "GET /WEI_2100/WEI_2100?formKey=M20180629T095033030&menuSelection=asm HTTP/1.1" 200 86040 "http://merp.yudo.com.cn:8183/Menu/Menu?formKey=M20180629T095033030" "Mozilla/5.0 (iPhone; CPU iPhone OS 11_4 like Mac OS X) AppleWebKit/605.1.15 (KHTML, like Gecko) Mobile/15F79JLAMPMode:iPhone"
49.73.86.81 - - [29/Jun/2018:09:53:26 +0800] "GET /WEI_2100/WEI_2100?formKey=M20180629T093759153&menuSelection=asm HTTP/1.1" 200 86043 "http://merp.yudo.com.cn:8183/Menu/Menu/menuLists?formKey=M20180629T093759153&menuSelection=asm" "Mozilla/5.0 (iPhone; CPU iPhone OS 11_3 like Mac OS X) AppleWebKit/605.1.15 (KHTML, like Gecko) Mobile/15E216JLAMPMode:iPhone"
49.73.86.81 - - [29/Jun/2018:09:53:26 +0800] "GET /css/WEI_2100/WEI_2100_Lists.css?v=201806080922 HTTP/1.1" 200 10371 "http://merp.yudo.com.cn:8183/WEI_2100/WEI_2100?formKey=M20180629T095033030&menuSelection=asm" "Mozilla/5.0 (iPhone; CPU iPhone OS 11_4 like Mac OS X) AppleWebKit/605.1.15 (KHTML, like Gecko) Mobile/15F79JLAMPMode:iPhone"
49.73.86.81 - - [29/Jun/2018:09:53:26 +0800] "GET /js/WEI_2100/css/layui.css HTTP/1.1" 200 62448 "http://merp.yudo.com.cn:8183/WEI_2100/WEI_2100?formKey=M20180629T095033030&menuSelection=asm" "Mozilla/5.0 (iPhone; CPU iPhone OS 11_4 like Mac OS X) AppleWebKit/605.1.15 (KHTML, like Gecko) Mobile/15F79JLAMPMode:iPhone"
49.73.86.81 - - [29/Jun/2018:09:53:26 +0800] "GET /js/WEI_2100/multiSelect.js?v=1001 HTTP/1.1" 200 4937 "http://merp.yudo.com.cn:8183/WEI_2100/WEI_2100?formKey=M20180629T095033030&menuSelection=asm" "Mozilla/5.0 (iPhone; CPU iPhone OS 11_4 like Mac OS X) AppleWebKit/605.1.15 (KHTML, like Gecko) Mobile/15F79JLAMPMode:iPhone"
49.73.86.81 - - [29/Jun/2018:09:53:26 +0800] "GET /js/WEI_2000/mui.previewimage.js?v=201804261256 HTTP/1.1" 200 13324 "http://merp.yudo.com.cn:8183/WEI_2100/WEI_2100?formKey=M20180629T095033030&menuSelection=asm" "Mozilla/5.0 (iPhone; CPU iPhone OS 11_4 like Mac OS X) AppleWebKit/605.1.15 (KHTML, like Gecko) Mobile/15F79JLAMPMode:iPhone"
49.73.86.81 - - [29/Jun/2018:09:53:26 +0800] "GET /js/WEI_2000/mui.zoom.js?v=201804231454 HTTP/1.1" 200 11703 "http://merp.yudo.com.cn:8183/WEI_2100/WEI_2100?formKey=M20180629T095033030&menuSelection=asm" "Mozilla/5.0 (iPhone; CPU iPhone OS 11_4 like Mac OS X) AppleWebKit/605.1.15 (KHTML, like Gecko) Mobile/15F79JLAMPMode:iPhone"
49.73.86.81 - - [29/Jun/2018:09:53:26 +0800] "GET /css/WEI_2100/WEI_2100_Lists.css?v=201806080922 HTTP/1.1" 304 - "http://merp.yudo.com.cn:8183/WEI_2100/WEI_2100?formKey=M20180629T093759153&menuSelection=asm" "Mozilla/5.0 (iPhone; CPU iPhone OS 11_3 like Mac OS X) AppleWebKit/605.1.15 (KHTML, like Gecko) Mobile/15E216JLAMPMode:iPhone"
49.73.86.81 - - [29/Jun/2018:09:53:26 +0800] "GET /js/WEI_2100/css/layui.css HTTP/1.1" 304 - "http://merp.yudo.com.cn:8183/WEI_2100/WEI_2100?formKey=M20180629T093759153&menuSelection=asm" "Mozilla/5.0 (iPhone; CPU iPhone OS 11_3 like Mac OS X) AppleWebKit/605.1.15 (KHTML, like Gecko) Mobile/15E216JLAMPMode:iPhone"
49.73.86.81 - - [29/Jun/2018:09:53:26 +0800] "GET /js/WEI_2100/vue/vue.js HTTP/1.1" 304 - "http://merp.yudo.com.cn:8183/WEI_2100/WEI_2100?formKey=M20180629T093759153&menuSelection=asm" "Mozilla/5.0 (iPhone; CPU iPhone OS 11_3 like Mac OS X) AppleWebKit/605.1.15 (KHTML, like Gecko) Mobile/15E216JLAMPMode:iPhone"
49.73.86.81 - - [29/Jun/2018:09:53:26 +0800] "GET /js/WEI_2100/multiSelect.js?v=1001 HTTP/1.1" 304 - "http://merp.yudo.com.cn:8183/WEI_2100/WEI_2100?formKey=M20180629T093759153&menuSelection=asm" "Mozilla/5.0 (iPhone; CPU iPhone OS 11_3 like Mac OS X) AppleWebKit/605.1.15 (KHTML, like Gecko) Mobile/15E216JLAMPMode:iPhone"
49.73.86.81 - - [29/Jun/2018:09:53:26 +0800] "GET /css/WEI_2000/mui.min.css HTTP/1.1" 200 74889 "http://merp.yudo.com.cn:8183/WEI_2100/WEI_2100?formKey=M20180629T095033030&menuSelection=asm" "Mozilla/5.0 (iPhone; CPU iPhone OS 11_4 like Mac OS X) AppleWebKit/605.1.15 (KHTML, like Gecko) Mobile/15F79JLAMPMode:iPhone"
49.73.86.81 - - [29/Jun/2018:09:53:26 +0800] "GET /js/WEI_2100/layui.all.js HTTP/1.1" 304 - "http://merp.yudo.com.cn:8183/WEI_2100/WEI_2100?formKey=M20180629T093759153&menuSelection=asm" "Mozilla/5.0 (iPhone; CPU iPhone OS 11_3 like Mac OS X) AppleWebKit/605.1.15 (KHTML, like Gecko) Mobile/15E216JLAMPMode:iPhone"
49.73.86.81 - - [29/Jun/2018:09:53:26 +0800] "GET /js/WEI_2100/WEI_2100_Lists.js?v=2018 HTTP/1.1" 304 - "http://merp.yudo.com.cn:8183/WEI_2100/WEI_2100?formKey=M20180629T093759153&menuSelection=asm" "Mozilla/5.0 (iPhone; CPU iPhone OS 11_3 like Mac OS X) AppleWebKit/605.1.15 (KHTML, like Gecko) Mobile/15E216JLAMPMode:iPhone"
49.73.86.81 - - [29/Jun/2018:09:53:26 +0800] "GET /js/WEI_2100/WEI_2100_Lists.js?v=2018 HTTP/1.1" 200 116086 "http://merp.yudo.com.cn:8183/WEI_2100/WEI_2100?formKey=M20180629T095033030&menuSelection=asm" "Mozilla/5.0 (iPhone; CPU iPhone OS 11_4 like Mac OS X) AppleWebKit/605.1.15 (KHTML, like Gecko) Mobile/15F79JLAMPMode:iPhone"
49.73.86.81 - - [29/Jun/2018:09:53:26 +0800] "GET /image/qrcode.png HTTP/1.1" 200 5736 "http://merp.yudo.com.cn:8183/WEI_2100/WEI_2100?formKey=M20180629T095033030&menuSelection=asm" "Mozilla/5.0 (iPhone; CPU iPhone OS 11_4 like Mac OS X) AppleWebKit/605.1.15 (KHTML, like Gecko) Mobile/15F79JLAMPMode:iPhone"
49.73.86.81 - - [29/Jun/2018:09:53:26 +0800] "GET /js/WEI_2000/mui.min.js?v=1001 HTTP/1.1" 200 115810 "http://merp.yudo.com.cn:8183/WEI_2100/WEI_2100?formKey=M20180629T095033030&menuSelection=asm" "Mozilla/5.0 (iPhone; CPU iPhone OS 11_4 like Mac OS X) AppleWebKit/605.1.15 (KHTML, like Gecko) Mobile/15F79JLAMPMode:iPhone"
49.73.86.81 - - [29/Jun/2018:09:53:26 +0800] "GET /js/WEI_2100/css/modules/laydate/default/laydate.css?v=5.0.9 HTTP/1.1" 304 - "http://merp.yudo.com.cn:8183/WEI_2100/WEI_2100?formKey=M20180629T093759153&menuSelection=asm" "Mozilla/5.0 (iPhone; CPU iPhone OS 11_3 like Mac OS X) AppleWebKit/605.1.15 (KHTML, like Gecko) Mobile/15E216JLAMPMode:iPhone"
49.73.86.81 - - [29/Jun/2018:09:53:26 +0800] "GET /js/WEI_2100/css/modules/layer/default/layer.css?v=3.1.1 HTTP/1.1" 304 - "http://merp.yudo.com.cn:8183/WEI_2100/WEI_2100?formKey=M20180629T093759153&menuSelection=asm" "Mozilla/5.0 (iPhone; CPU iPhone OS 11_3 like Mac OS X) AppleWebKit/605.1.15 (KHTML, like Gecko) Mobile/15E216JLAMPMode:iPhone"
49.73.86.81 - - [29/Jun/2018:09:53:26 +0800] "GET /js/WEI_2100/css/modules/code.css HTTP/1.1" 304 - "http://merp.yudo.com.cn:8183/WEI_2100/WEI_2100?formKey=M20180629T093759153&menuSelection=asm" "Mozilla/5.0 (iPhone; CPU iPhone OS 11_3 like Mac OS X) AppleWebKit/605.1.15 (KHTML, like Gecko) Mobile/15E216JLAMPMode:iPhone"
49.73.86.81 - - [29/Jun/2018:09:53:26 +0800] "GET /js/WEI_2100/layui.all.js HTTP/1.1" 200 228080 "http://merp.yudo.com.cn:8183/WEI_2100/WEI_2100?formKey=M20180629T095033030&menuSelection=asm" "Mozilla/5.0 (iPhone; CPU iPhone OS 11_4 like Mac OS X) AppleWebKit/605.1.15 (KHTML, like Gecko) Mobile/15F79JLAMPMode:iPhone"
49.73.86.81 - - [29/Jun/2018:09:53:27 +0800] "GET /js/WEI_2100/vue/vue.js HTTP/1.1" 200 289303 "http://merp.yudo.com.cn:8183/WEI_2100/WEI_2100?formKey=M20180629T095033030&menuSelection=asm" "Mozilla/5.0 (iPhone; CPU iPhone OS 11_4 like Mac OS X) AppleWebKit/605.1.15 (KHTML, like Gecko) Mobile/15F79JLAMPMode:iPhone"
49.73.86.81 - - [29/Jun/2018:09:53:27 +0800] "GET /js/WEI_2100/css/modules/laydate/default/laydate.css?v=5.0.9 HTTP/1.1" 200 7541 "http://merp.yudo.com.cn:8183/WEI_2100/WEI_2100?formKey=M20180629T095033030&menuSelection=asm" "Mozilla/5.0 (iPhone; CPU iPhone OS 11_4 like Mac OS X) AppleWebKit/605.1.15 (KHTML, like Gecko) Mobile/15F79JLAMPMode:iPhone"
49.73.86.81 - - [29/Jun/2018:09:53:27 +0800] "GET /js/WEI_2100/css/modules/layer/default/layer.css?v=3.1.1 HTTP/1.1" 200 14429 "http://merp.yudo.com.cn:8183/WEI_2100/WEI_2100?formKey=M20180629T095033030&menuSelection=asm" "Mozilla/5.0 (iPhone; CPU iPhone OS 11_4 like Mac OS X) AppleWebKit/605.1.15 (KHTML, like Gecko) Mobile/15F79JLAMPMode:iPhone"
49.73.86.81 - - [29/Jun/2018:09:53:27 +0800] "GET /js/WEI_2100/css/modules/code.css HTTP/1.1" 200 1067 "http://merp.yudo.com.cn:8183/WEI_2100/WEI_2100?formKey=M20180629T095033030&menuSelection=asm" "Mozilla/5.0 (iPhone; CPU iPhone OS 11_4 like Mac OS X) AppleWebKit/605.1.15 (KHTML, like Gecko) Mobile/15F79JLAMPMode:iPhone"
::1 - - [29/Jun/2018:09:53:32 +0800] "OPTIONS * HTTP/1.0" 200 - "-" "Apache/2.4.6 (CentOS) PHP/5.6.32 (internal dummy connection)"
49.73.86.81 - - [29/Jun/2018:09:53:32 +0800] "POST /JLAMPCommon/langBatchRows_prc HTTP/1.1" 200 2541 "http://merp.yudo.com.cn:8183/WEI_2100/WEI_2100?formKey=M20180629T095033030&menuSelection=asm" "Mozilla/5.0 (iPhone; CPU iPhone OS 11_4 like Mac OS X) AppleWebKit/605.1.15 (KHTML, like Gecko) Mobile/15F79JLAMPMode:iPhone"
49.73.86.81 - - [29/Jun/2018:09:53:32 +0800] "GET /JLAMPCommon/getCookieJson_prc HTTP/1.1" 200 842 "http://merp.yudo.com.cn:8183/WEI_2100/WEI_2100?formKey=M20180629T095033030&menuSelection=asm" "Mozilla/5.0 (iPhone; CPU iPhone OS 11_4 like Mac OS X) AppleWebKit/605.1.15 (KHTML, like Gecko) Mobile/15F79JLAMPMode:iPhone"
::1 - - [29/Jun/2018:09:53:33 +0800] "OPTIONS * HTTP/1.0" 200 - "-" "Apache/2.4.6 (CentOS) PHP/5.6.32 (internal dummy connection)"
::1 - - [29/Jun/2018:09:53:34 +0800] "OPTIONS * HTTP/1.0" 200 - "-" "Apache/2.4.6 (CentOS) PHP/5.6.32 (internal dummy connection)"
::1 - - [29/Jun/2018:09:53:35 +0800] "OPTIONS * HTTP/1.0" 200 - "-" "Apache/2.4.6 (CentOS) PHP/5.6.32 (internal dummy connection)"
::1 - - [29/Jun/2018:09:53:36 +0800] "OPTIONS * HTTP/1.0" 200 - "-" "Apache/2.4.6 (CentOS) PHP/5.6.32 (internal dummy connection)"
::1 - - [29/Jun/2018:09:53:37 +0800] "OPTIONS * HTTP/1.0" 200 - "-" "Apache/2.4.6 (CentOS) PHP/5.6.32 (internal dummy connection)"
49.73.86.81 - - [29/Jun/2018:09:53:37 +0800] "POST /JLAMPCommon/langBatchRows_prc HTTP/1.1" 200 191 "http://merp.yudo.com.cn:8183/WEI_2100/WEI_2100?formKey=M20180629T093759153&menuSelection=asm" "Mozilla/5.0 (iPhone; CPU iPhone OS 11_3 like Mac OS X) AppleWebKit/605.1.15 (KHTML, like Gecko) Mobile/15E216JLAMPMode:iPhone"
49.73.86.81 - - [29/Jun/2018:09:53:37 +0800] "GET /JLAMPCommon/getCookieJson_prc HTTP/1.1" 200 970 "http://merp.yudo.com.cn:8183/WEI_2100/WEI_2100?formKey=M20180629T093759153&menuSelection=asm" "Mozilla/5.0 (iPhone; CPU iPhone OS 11_3 like Mac OS X) AppleWebKit/605.1.15 (KHTML, like Gecko) Mobile/15E216JLAMPMode:iPhone"
::1 - - [29/Jun/2018:09:53:43 +0800] "OPTIONS * HTTP/1.0" 200 - "-" "Apache/2.4.6 (CentOS) PHP/5.6.32 (internal dummy connection)"
223.104.146.47 - - [29/Jun/2018:09:54:44 +0800] "GET /Menu/Menu/menuLists?formKey=M20180629T093646157&menuSelection=asm HTTP/1.1" 200 5926 "http://merp.yudo.com.cn:8183/WEI_2100/WEI_2100?formKey=M20180629T093646157&menuSelection=asm" "Mozilla/5.0 (Linux; Android 8.1.0; MI 6X Build/OPM1.171019.011; wv) AppleWebKit/537.36 (KHTML, like Gecko) Version/4.0 Chrome/62.0.3202.84 Mobile Safari/537.36"
223.104.146.47 - - [29/Jun/2018:09:54:44 +0800] "POST /JLAMPCommon/langBatchRows_prc HTTP/1.1" 200 595 "http://merp.yudo.com.cn:8183/Menu/Menu/menuLists?formKey=M20180629T093646157&menuSelection=asm" "Mozilla/5.0 (Linux; Android 8.1.0; MI 6X Build/OPM1.171019.011; wv) AppleWebKit/537.36 (KHTML, like Gecko) Version/4.0 Chrome/62.0.3202.84 Mobile Safari/537.36"
223.104.146.47 - - [29/Jun/2018:09:54:45 +0800] "GET /JLAMPCommon/getCookieJson_prc HTTP/1.1" 200 970 "http://merp.yudo.com.cn:8183/Menu/Menu/menuLists?formKey=M20180629T093646157&menuSelection=asm" "Mozilla/5.0 (Linux; Android 8.1.0; MI 6X Build/OPM1.171019.011; wv) AppleWebKit/537.36 (KHTML, like Gecko) Version/4.0 Chrome/62.0.3202.84 Mobile Safari/537.36"
223.104.146.47 - - [29/Jun/2018:09:54:45 +0800] "GET /Menu/doMenuRows_prc?formKey=M20180629T093646157 HTTP/1.1" 200 1645 "http://merp.yudo.com.cn:8183/Menu/Menu/menuLists?formKey=M20180629T093646157&menuSelection=asm" "Mozilla/5.0 (Linux; Android 8.1.0; MI 6X Build/OPM1.171019.011; wv) AppleWebKit/537.36 (KHTML, like Gecko) Version/4.0 Chrome/62.0.3202.84 Mobile Safari/537.36"
223.104.146.47 - - [29/Jun/2018:09:54:46 +0800] "GET /Menu/Menu/menuLists?formKey=M20180629T093646157&menuSelection=asm HTTP/1.1" 200 5926 "http://merp.yudo.com.cn:8183/Menu/Menu/menuLists?formKey=M20180629T093646157&menuSelection=asm" "Mozilla/5.0 (Linux; Android 8.1.0; MI 6X Build/OPM1.171019.011; wv) AppleWebKit/537.36 (KHTML, like Gecko) Version/4.0 Chrome/62.0.3202.84 Mobile Safari/537.36"
223.104.146.47 - - [29/Jun/2018:09:54:46 +0800] "POST /JLAMPCommon/langBatchRows_prc HTTP/1.1" 200 595 "http://merp.yudo.com.cn:8183/Menu/Menu/menuLists?formKey=M20180629T093646157&menuSelection=asm" "Mozilla/5.0 (Linux; Android 8.1.0; MI 6X Build/OPM1.171019.011; wv) AppleWebKit/537.36 (KHTML, like Gecko) Version/4.0 Chrome/62.0.3202.84 Mobile Safari/537.36"
223.104.146.47 - - [29/Jun/2018:09:54:46 +0800] "GET /JLAMPCommon/getCookieJson_prc HTTP/1.1" 200 970 "http://merp.yudo.com.cn:8183/Menu/Menu/menuLists?formKey=M20180629T093646157&menuSelection=asm" "Mozilla/5.0 (Linux; Android 8.1.0; MI 6X Build/OPM1.171019.011; wv) AppleWebKit/537.36 (KHTML, like Gecko) Version/4.0 Chrome/62.0.3202.84 Mobile Safari/537.36"
223.104.146.47 - - [29/Jun/2018:09:54:46 +0800] "GET /Menu/doMenuRows_prc?formKey=M20180629T093646157 HTTP/1.1" 200 1645 "http://merp.yudo.com.cn:8183/Menu/Menu/menuLists?formKey=M20180629T093646157&menuSelection=asm" "Mozilla/5.0 (Linux; Android 8.1.0; MI 6X Build/OPM1.171019.011; wv) AppleWebKit/537.36 (KHTML, like Gecko) Version/4.0 Chrome/62.0.3202.84 Mobile Safari/537.36"
223.104.146.47 - - [29/Jun/2018:09:54:48 +0800] "GET /WEI_2100/WEI_2100?formKey=M20180629T093646157&menuSelection=asm HTTP/1.1" 200 86043 "http://merp.yudo.com.cn:8183/Menu/Menu/menuLists?formKey=M20180629T093646157&menuSelection=asm" "Mozilla/5.0 (Linux; Android 8.1.0; MI 6X Build/OPM1.171019.011; wv) AppleWebKit/537.36 (KHTML, like Gecko) Version/4.0 Chrome/62.0.3202.84 Mobile Safari/537.36"
223.104.146.47 - - [29/Jun/2018:09:54:48 +0800] "GET /css/WEI_2100/WEI_2100_Lists.css?v=201806080922 HTTP/1.1" 304 - "http://merp.yudo.com.cn:8183/WEI_2100/WEI_2100?formKey=M20180629T093646157&menuSelection=asm" "Mozilla/5.0 (Linux; Android 8.1.0; MI 6X Build/OPM1.171019.011; wv) AppleWebKit/537.36 (KHTML, like Gecko) Version/4.0 Chrome/62.0.3202.84 Mobile Safari/537.36"
223.104.146.47 - - [29/Jun/2018:09:54:48 +0800] "GET /js/WEI_2100/css/layui.css HTTP/1.1" 304 - "http://merp.yudo.com.cn:8183/WEI_2100/WEI_2100?formKey=M20180629T093646157&menuSelection=asm" "Mozilla/5.0 (Linux; Android 8.1.0; MI 6X Build/OPM1.171019.011; wv) AppleWebKit/537.36 (KHTML, like Gecko) Version/4.0 Chrome/62.0.3202.84 Mobile Safari/537.36"
223.104.146.47 - - [29/Jun/2018:09:54:48 +0800] "GET /js/WEI_2100/vue/vue.js HTTP/1.1" 304 - "http://merp.yudo.com.cn:8183/WEI_2100/WEI_2100?formKey=M20180629T093646157&menuSelection=asm" "Mozilla/5.0 (Linux; Android 8.1.0; MI 6X Build/OPM1.171019.011; wv) AppleWebKit/537.36 (KHTML, like Gecko) Version/4.0 Chrome/62.0.3202.84 Mobile Safari/537.36"
223.104.146.47 - - [29/Jun/2018:09:54:48 +0800] "GET /js/WEI_2100/multiSelect.js?v=1001 HTTP/1.1" 304 - "http://merp.yudo.com.cn:8183/WEI_2100/WEI_2100?formKey=M20180629T093646157&menuSelection=asm" "Mozilla/5.0 (Linux; Android 8.1.0; MI 6X Build/OPM1.171019.011; wv) AppleWebKit/537.36 (KHTML, like Gecko) Version/4.0 Chrome/62.0.3202.84 Mobile Safari/537.36"
223.104.146.47 - - [29/Jun/2018:09:54:48 +0800] "GET /js/WEI_2100/layui.all.js HTTP/1.1" 304 - "http://merp.yudo.com.cn:8183/WEI_2100/WEI_2100?formKey=M20180629T093646157&menuSelection=asm" "Mozilla/5.0 (Linux; Android 8.1.0; MI 6X Build/OPM1.171019.011; wv) AppleWebKit/537.36 (KHTML, like Gecko) Version/4.0 Chrome/62.0.3202.84 Mobile Safari/537.36"
223.104.146.47 - - [29/Jun/2018:09:54:48 +0800] "GET /js/WEI_2100/WEI_2100_Lists.js?v=2018 HTTP/1.1" 304 - "http://merp.yudo.com.cn:8183/WEI_2100/WEI_2100?formKey=M20180629T093646157&menuSelection=asm" "Mozilla/5.0 (Linux; Android 8.1.0; MI 6X Build/OPM1.171019.011; wv) AppleWebKit/537.36 (KHTML, like Gecko) Version/4.0 Chrome/62.0.3202.84 Mobile Safari/537.36"
223.104.146.47 - - [29/Jun/2018:09:54:49 +0800] "GET /js/WEI_2100/font/iconfont.woff?v=230-rc1 HTTP/1.1" 304 - "http://merp.yudo.com.cn:8183/js/WEI_2100/css/layui.css" "Mozilla/5.0 (Linux; Android 8.1.0; MI 6X Build/OPM1.171019.011; wv) AppleWebKit/537.36 (KHTML, like Gecko) Version/4.0 Chrome/62.0.3202.84 Mobile Safari/537.36"
223.104.146.47 - - [29/Jun/2018:09:54:49 +0800] "GET /js/WEI_2100/css/modules/laydate/default/laydate.css?v=5.0.9 HTTP/1.1" 304 - "http://merp.yudo.com.cn:8183/WEI_2100/WEI_2100?formKey=M20180629T093646157&menuSelection=asm" "Mozilla/5.0 (Linux; Android 8.1.0; MI 6X Build/OPM1.171019.011; wv) AppleWebKit/537.36 (KHTML, like Gecko) Version/4.0 Chrome/62.0.3202.84 Mobile Safari/537.36"
223.104.146.47 - - [29/Jun/2018:09:54:49 +0800] "GET /js/WEI_2100/css/modules/layer/default/layer.css?v=3.1.1 HTTP/1.1" 304 - "http://merp.yudo.com.cn:8183/WEI_2100/WEI_2100?formKey=M20180629T093646157&menuSelection=asm" "Mozilla/5.0 (Linux; Android 8.1.0; MI 6X Build/OPM1.171019.011; wv) AppleWebKit/537.36 (KHTML, like Gecko) Version/4.0 Chrome/62.0.3202.84 Mobile Safari/537.36"
223.104.146.47 - - [29/Jun/2018:09:54:49 +0800] "GET /js/WEI_2100/css/modules/code.css HTTP/1.1" 304 - "http://merp.yudo.com.cn:8183/WEI_2100/WEI_2100?formKey=M20180629T093646157&menuSelection=asm" "Mozilla/5.0 (Linux; Android 8.1.0; MI 6X Build/OPM1.171019.011; wv) AppleWebKit/537.36 (KHTML, like Gecko) Version/4.0 Chrome/62.0.3202.84 Mobile Safari/537.36"
223.104.146.47 - - [29/Jun/2018:09:54:49 +0800] "POST /JLAMPCommon/langBatchRows_prc HTTP/1.1" 200 191 "http://merp.yudo.com.cn:8183/WEI_2100/WEI_2100?formKey=M20180629T093646157&menuSelection=asm" "Mozilla/5.0 (Linux; Android 8.1.0; MI 6X Build/OPM1.171019.011; wv) AppleWebKit/537.36 (KHTML, like Gecko) Version/4.0 Chrome/62.0.3202.84 Mobile Safari/537.36"
223.104.146.47 - - [29/Jun/2018:09:54:50 +0800] "GET /JLAMPCommon/getCookieJson_prc HTTP/1.1" 200 970 "http://merp.yudo.com.cn:8183/WEI_2100/WEI_2100?formKey=M20180629T093646157&menuSelection=asm" "Mozilla/5.0 (Linux; Android 8.1.0; MI 6X Build/OPM1.171019.011; wv) AppleWebKit/537.36 (KHTML, like Gecko) Version/4.0 Chrome/62.0.3202.84 Mobile Safari/537.36"
223.104.146.47 - - [29/Jun/2018:09:55:40 +0800] "-" 408 - "-" "-"
223.104.146.47 - - [29/Jun/2018:09:56:39 +0800] "GET /Menu/Menu/menuLists?formKey=M20180629T093646157&menuSelection=asm HTTP/1.1" 200 5926 "http://merp.yudo.com.cn:8183/WEI_2100/WEI_2100?formKey=M20180629T093646157&menuSelection=asm" "Mozilla/5.0 (Linux; Android 8.1.0; MI 6X Build/OPM1.171019.011; wv) AppleWebKit/537.36 (KHTML, like Gecko) Version/4.0 Chrome/62.0.3202.84 Mobile Safari/537.36"
49.73.86.81 - - [29/Jun/2018:09:56:39 +0800] "GET /Menu/Menu/menuLists?formKey=M20180629T093759153&menuSelection=asm HTTP/1.1" 200 5926 "http://merp.yudo.com.cn:8183/WEI_2100/WEI_2100?formKey=M20180629T093759153&menuSelection=asm" "Mozilla/5.0 (iPhone; CPU iPhone OS 11_3 like Mac OS X) AppleWebKit/605.1.15 (KHTML, like Gecko) Mobile/15E216JLAMPMode:iPhone"
223.104.146.47 - - [29/Jun/2018:09:56:40 +0800] "POST /JLAMPCommon/langBatchRows_prc HTTP/1.1" 200 595 "http://merp.yudo.com.cn:8183/Menu/Menu/menuLists?formKey=M20180629T093646157&menuSelection=asm" "Mozilla/5.0 (Linux; Android 8.1.0; MI 6X Build/OPM1.171019.011; wv) AppleWebKit/537.36 (KHTML, like Gecko) Version/4.0 Chrome/62.0.3202.84 Mobile Safari/537.36"
49.73.86.81 - - [29/Jun/2018:09:56:40 +0800] "POST /JLAMPCommon/langBatchRows_prc HTTP/1.1" 200 595 "http://merp.yudo.com.cn:8183/Menu/Menu/menuLists?formKey=M20180629T093759153&menuSelection=asm" "Mozilla/5.0 (iPhone; CPU iPhone OS 11_3 like Mac OS X) AppleWebKit/605.1.15 (KHTML, like Gecko) Mobile/15E216JLAMPMode:iPhone"
223.104.146.47 - - [29/Jun/2018:09:56:40 +0800] "GET /JLAMPCommon/getCookieJson_prc HTTP/1.1" 200 970 "http://merp.yudo.com.cn:8183/Menu/Menu/menuLists?formKey=M20180629T093646157&menuSelection=asm" "Mozilla/5.0 (Linux; Android 8.1.0; MI 6X Build/OPM1.171019.011; wv) AppleWebKit/537.36 (KHTML, like Gecko) Version/4.0 Chrome/62.0.3202.84 Mobile Safari/537.36"
49.73.86.81 - - [29/Jun/2018:09:56:40 +0800] "GET /JLAMPCommon/getCookieJson_prc HTTP/1.1" 200 970 "http://merp.yudo.com.cn:8183/Menu/Menu/menuLists?formKey=M20180629T093759153&menuSelection=asm" "Mozilla/5.0 (iPhone; CPU iPhone OS 11_3 like Mac OS X) AppleWebKit/605.1.15 (KHTML, like Gecko) Mobile/15E216JLAMPMode:iPhone"
49.73.86.81 - - [29/Jun/2018:09:56:40 +0800] "GET /Menu/doMenuRows_prc?formKey=M20180629T093759153 HTTP/1.1" 200 1645 "http://merp.yudo.com.cn:8183/Menu/Menu/menuLists?formKey=M20180629T093759153&menuSelection=asm" "Mozilla/5.0 (iPhone; CPU iPhone OS 11_3 like Mac OS X) AppleWebKit/605.1.15 (KHTML, like Gecko) Mobile/15E216JLAMPMode:iPhone"
223.104.146.47 - - [29/Jun/2018:09:56:40 +0800] "GET /Menu/doMenuRows_prc?formKey=M20180629T093646157 HTTP/1.1" 200 1645 "http://merp.yudo.com.cn:8183/Menu/Menu/menuLists?formKey=M20180629T093646157&menuSelection=asm" "Mozilla/5.0 (Linux; Android 8.1.0; MI 6X Build/OPM1.171019.011; wv) AppleWebKit/537.36 (KHTML, like Gecko) Version/4.0 Chrome/62.0.3202.84 Mobile Safari/537.36"
223.104.146.47 - - [29/Jun/2018:09:56:43 +0800] "GET /WEI_2100/WEI_2100?formKey=M20180629T093646157&menuSelection=asm HTTP/1.1" 200 86043 "http://merp.yudo.com.cn:8183/Menu/Menu/menuLists?formKey=M20180629T093646157&menuSelection=asm" "Mozilla/5.0 (Linux; Android 8.1.0; MI 6X Build/OPM1.171019.011; wv) AppleWebKit/537.36 (KHTML, like Gecko) Version/4.0 Chrome/62.0.3202.84 Mobile Safari/537.36"
49.73.86.81 - - [29/Jun/2018:09:56:43 +0800] "GET /WEI_2100/WEI_2100?formKey=M20180629T093759153&menuSelection=asm HTTP/1.1" 200 86043 "http://merp.yudo.com.cn:8183/Menu/Menu/menuLists?formKey=M20180629T093759153&menuSelection=asm" "Mozilla/5.0 (iPhone; CPU iPhone OS 11_3 like Mac OS X) AppleWebKit/605.1.15 (KHTML, like Gecko) Mobile/15E216JLAMPMode:iPhone"
49.73.86.81 - - [29/Jun/2018:09:56:43 +0800] "GET /css/WEI_2100/WEI_2100_Lists.css?v=201806080922 HTTP/1.1" 304 - "http://merp.yudo.com.cn:8183/WEI_2100/WEI_2100?formKey=M20180629T093759153&menuSelection=asm" "Mozilla/5.0 (iPhone; CPU iPhone OS 11_3 like Mac OS X) AppleWebKit/605.1.15 (KHTML, like Gecko) Mobile/15E216JLAMPMode:iPhone"
49.73.86.81 - - [29/Jun/2018:09:56:43 +0800] "GET /js/WEI_2100/css/layui.css HTTP/1.1" 304 - "http://merp.yudo.com.cn:8183/WEI_2100/WEI_2100?formKey=M20180629T093759153&menuSelection=asm" "Mozilla/5.0 (iPhone; CPU iPhone OS 11_3 like Mac OS X) AppleWebKit/605.1.15 (KHTML, like Gecko) Mobile/15E216JLAMPMode:iPhone"
49.73.86.81 - - [29/Jun/2018:09:56:43 +0800] "GET /js/WEI_2100/vue/vue.js HTTP/1.1" 304 - "http://merp.yudo.com.cn:8183/WEI_2100/WEI_2100?formKey=M20180629T093759153&menuSelection=asm" "Mozilla/5.0 (iPhone; CPU iPhone OS 11_3 like Mac OS X) AppleWebKit/605.1.15 (KHTML, like Gecko) Mobile/15E216JLAMPMode:iPhone"
49.73.86.81 - - [29/Jun/2018:09:56:43 +0800] "GET /js/WEI_2100/multiSelect.js?v=1001 HTTP/1.1" 304 - "http://merp.yudo.com.cn:8183/WEI_2100/WEI_2100?formKey=M20180629T093759153&menuSelection=asm" "Mozilla/5.0 (iPhone; CPU iPhone OS 11_3 like Mac OS X) AppleWebKit/605.1.15 (KHTML, like Gecko) Mobile/15E216JLAMPMode:iPhone"
223.104.146.47 - - [29/Jun/2018:09:56:43 +0800] "GET /js/WEI_2100/css/layui.css HTTP/1.1" 304 - "http://merp.yudo.com.cn:8183/WEI_2100/WEI_2100?formKey=M20180629T093646157&menuSelection=asm" "Mozilla/5.0 (Linux; Android 8.1.0; MI 6X Build/OPM1.171019.011; wv) AppleWebKit/537.36 (KHTML, like Gecko) Version/4.0 Chrome/62.0.3202.84 Mobile Safari/537.36"
223.104.146.47 - - [29/Jun/2018:09:56:43 +0800] "GET /js/WEI_2100/vue/vue.js HTTP/1.1" 304 - "http://merp.yudo.com.cn:8183/WEI_2100/WEI_2100?formKey=M20180629T093646157&menuSelection=asm" "Mozilla/5.0 (Linux; Android 8.1.0; MI 6X Build/OPM1.171019.011; wv) AppleWebKit/537.36 (KHTML, like Gecko) Version/4.0 Chrome/62.0.3202.84 Mobile Safari/537.36"
223.104.146.47 - - [29/Jun/2018:09:56:43 +0800] "GET /js/WEI_2100/multiSelect.js?v=1001 HTTP/1.1" 304 - "http://merp.yudo.com.cn:8183/WEI_2100/WEI_2100?formKey=M20180629T093646157&menuSelection=asm" "Mozilla/5.0 (Linux; Android 8.1.0; MI 6X Build/OPM1.171019.011; wv) AppleWebKit/537.36 (KHTML, like Gecko) Version/4.0 Chrome/62.0.3202.84 Mobile Safari/537.36"
49.73.86.81 - - [29/Jun/2018:09:56:43 +0800] "GET /js/WEI_2100/layui.all.js HTTP/1.1" 304 - "http://merp.yudo.com.cn:8183/WEI_2100/WEI_2100?formKey=M20180629T093759153&menuSelection=asm" "Mozilla/5.0 (iPhone; CPU iPhone OS 11_3 like Mac OS X) AppleWebKit/605.1.15 (KHTML, like Gecko) Mobile/15E216JLAMPMode:iPhone"
49.73.86.81 - - [29/Jun/2018:09:56:43 +0800] "GET /js/WEI_2100/WEI_2100_Lists.js?v=2018 HTTP/1.1" 304 - "http://merp.yudo.com.cn:8183/WEI_2100/WEI_2100?formKey=M20180629T093759153&menuSelection=asm" "Mozilla/5.0 (iPhone; CPU iPhone OS 11_3 like Mac OS X) AppleWebKit/605.1.15 (KHTML, like Gecko) Mobile/15E216JLAMPMode:iPhone"
223.104.146.47 - - [29/Jun/2018:09:56:43 +0800] "GET /js/WEI_2100/layui.all.js HTTP/1.1" 304 - "http://merp.yudo.com.cn:8183/WEI_2100/WEI_2100?formKey=M20180629T093646157&menuSelection=asm" "Mozilla/5.0 (Linux; Android 8.1.0; MI 6X Build/OPM1.171019.011; wv) AppleWebKit/537.36 (KHTML, like Gecko) Version/4.0 Chrome/62.0.3202.84 Mobile Safari/537.36"
49.73.86.81 - - [29/Jun/2018:09:56:43 +0800] "GET /js/WEI_2100/css/modules/laydate/default/laydate.css?v=5.0.9 HTTP/1.1" 304 - "http://merp.yudo.com.cn:8183/WEI_2100/WEI_2100?formKey=M20180629T093759153&menuSelection=asm" "Mozilla/5.0 (iPhone; CPU iPhone OS 11_3 like Mac OS X) AppleWebKit/605.1.15 (KHTML, like Gecko) Mobile/15E216JLAMPMode:iPhone"
49.73.86.81 - - [29/Jun/2018:09:56:44 +0800] "GET /js/WEI_2100/css/modules/layer/default/layer.css?v=3.1.1 HTTP/1.1" 304 - "http://merp.yudo.com.cn:8183/WEI_2100/WEI_2100?formKey=M20180629T093759153&menuSelection=asm" "Mozilla/5.0 (iPhone; CPU iPhone OS 11_3 like Mac OS X) AppleWebKit/605.1.15 (KHTML, like Gecko) Mobile/15E216JLAMPMode:iPhone"
49.73.86.81 - - [29/Jun/2018:09:56:44 +0800] "GET /js/WEI_2100/css/modules/code.css HTTP/1.1" 304 - "http://merp.yudo.com.cn:8183/WEI_2100/WEI_2100?formKey=M20180629T093759153&menuSelection=asm" "Mozilla/5.0 (iPhone; CPU iPhone OS 11_3 like Mac OS X) AppleWebKit/605.1.15 (KHTML, like Gecko) Mobile/15E216JLAMPMode:iPhone"
223.104.146.47 - - [29/Jun/2018:09:56:44 +0800] "GET /js/WEI_2100/WEI_2100_Lists.js?v=2018 HTTP/1.1" 304 - "http://merp.yudo.com.cn:8183/WEI_2100/WEI_2100?formKey=M20180629T093646157&menuSelection=asm" "Mozilla/5.0 (Linux; Android 8.1.0; MI 6X Build/OPM1.171019.011; wv) AppleWebKit/537.36 (KHTML, like Gecko) Version/4.0 Chrome/62.0.3202.84 Mobile Safari/537.36"
223.104.146.47 - - [29/Jun/2018:09:56:44 +0800] "GET /js/WEI_2100/font/iconfont.woff?v=230-rc1 HTTP/1.1" 304 - "http://merp.yudo.com.cn:8183/js/WEI_2100/css/layui.css" "Mozilla/5.0 (Linux; Android 8.1.0; MI 6X Build/OPM1.171019.011; wv) AppleWebKit/537.36 (KHTML, like Gecko) Version/4.0 Chrome/62.0.3202.84 Mobile Safari/537.36"
223.104.146.47 - - [29/Jun/2018:09:56:44 +0800] "GET /js/WEI_2100/css/modules/laydate/default/laydate.css?v=5.0.9 HTTP/1.1" 304 - "http://merp.yudo.com.cn:8183/WEI_2100/WEI_2100?formKey=M20180629T093646157&menuSelection=asm" "Mozilla/5.0 (Linux; Android 8.1.0; MI 6X Build/OPM1.171019.011; wv) AppleWebKit/537.36 (KHTML, like Gecko) Version/4.0 Chrome/62.0.3202.84 Mobile Safari/537.36"
223.104.146.47 - - [29/Jun/2018:09:56:44 +0800] "GET /js/WEI_2100/css/modules/layer/default/layer.css?v=3.1.1 HTTP/1.1" 304 - "http://merp.yudo.com.cn:8183/WEI_2100/WEI_2100?formKey=M20180629T093646157&menuSelection=asm" "Mozilla/5.0 (Linux; Android 8.1.0; MI 6X Build/OPM1.171019.011; wv) AppleWebKit/537.36 (KHTML, like Gecko) Version/4.0 Chrome/62.0.3202.84 Mobile Safari/537.36"
223.104.146.47 - - [29/Jun/2018:09:56:44 +0800] "GET /js/WEI_2100/css/modules/code.css HTTP/1.1" 304 - "http://merp.yudo.com.cn:8183/WEI_2100/WEI_2100?formKey=M20180629T093646157&menuSelection=asm" "Mozilla/5.0 (Linux; Android 8.1.0; MI 6X Build/OPM1.171019.011; wv) AppleWebKit/537.36 (KHTML, like Gecko) Version/4.0 Chrome/62.0.3202.84 Mobile Safari/537.36"
