117.136.67.90 - - [14/Aug/2018:09:46:28 +0800] "GET /WEI_2200/WEI_2200?formKey=M20180814T094244597&menuSelection=asm HTTP/1.1" 200 52104 "http://merp.yudo.com.cn:8183/Menu/Menu?formKey=M20180814T094244597" "Mozilla/5.0 (Linux; Android 8.1.0; MI 6X Build/OPM1.171019.011; wv) AppleWebKit/537.36 (KHTML, like Gecko) Version/4.0 Chrome/62.0.3202.84 Mobile Safari/537.36"
117.136.67.90 - - [14/Aug/2018:09:46:29 +0800] "GET /js/WEI_2200/WEI_2200_Lists.js?v=4506 HTTP/1.1" 304 - "http://merp.yudo.com.cn:8183/WEI_2200/WEI_2200?formKey=M20180814T094244597&menuSelection=asm" "Mozilla/5.0 (Linux; Android 8.1.0; MI 6X Build/OPM1.171019.011; wv) AppleWebKit/537.36 (KHTML, like Gecko) Version/4.0 Chrome/62.0.3202.84 Mobile Safari/537.36"
117.136.67.90 - - [14/Aug/2018:09:46:29 +0800] "GET /WEI_2200/systemclass_big_prc?bigsysid=actGubun HTTP/1.1" 200 182 "http://merp.yudo.com.cn:8183/WEI_2200/WEI_2200?formKey=M20180814T094244597&menuSelection=asm" "Mozilla/5.0 (Linux; Android 8.1.0; MI 6X Build/OPM1.171019.011; wv) AppleWebKit/537.36 (KHTML, like Gecko) Version/4.0 Chrome/62.0.3202.84 Mobile Safari/537.36"
117.136.67.90 - - [14/Aug/2018:09:46:29 +0800] "POST /JLAMPCommon/langBatchRows_prc HTTP/1.1" 200 725 "http://merp.yudo.com.cn:8183/WEI_2200/WEI_2200?formKey=M20180814T094244597&menuSelection=asm" "Mozilla/5.0 (Linux; Android 8.1.0; MI 6X Build/OPM1.171019.011; wv) AppleWebKit/537.36 (KHTML, like Gecko) Version/4.0 Chrome/62.0.3202.84 Mobile Safari/537.36"
117.136.67.90 - - [14/Aug/2018:09:46:30 +0800] "GET /JLAMPCommon/getCookieJson_prc HTTP/1.1" 200 862 "http://merp.yudo.com.cn:8183/WEI_2200/WEI_2200?formKey=M20180814T094244597&menuSelection=asm" "Mozilla/5.0 (Linux; Android 8.1.0; MI 6X Build/OPM1.171019.011; wv) AppleWebKit/537.36 (KHTML, like Gecko) Version/4.0 Chrome/62.0.3202.84 Mobile Safari/537.36"
117.136.67.90 - - [14/Aug/2018:09:46:32 +0800] "GET /WEI_2200/msgList?time=2018-08 HTTP/1.1" 200 110 "http://merp.yudo.com.cn:8183/WEI_2200/WEI_2200?formKey=M20180814T094244597&menuSelection=asm" "Mozilla/5.0 (Linux; Android 8.1.0; MI 6X Build/OPM1.171019.011; wv) AppleWebKit/537.36 (KHTML, like Gecko) Version/4.0 Chrome/62.0.3202.84 Mobile Safari/537.36"
192.168.253.2 - - [14/Aug/2018:09:54:51 +0800] "GET /Menu/Menu/menuLists?formKey=M20180814T093058687&menuSelection=asm HTTP/1.1" 200 6083 "http://merp.yudo.com.cn:8183/WEI_2100/WEI_2100?formKey=M20180814T093058687&menuSelection=asm" "Mozilla/5.0 (iPhone; CPU iPhone OS 11_0 like Mac OS X) AppleWebKit/604.1.38 (KHTML, like Gecko) Mobile/15A372JLAMPMode:iPhone"
192.168.253.2 - - [14/Aug/2018:09:54:51 +0800] "POST /JLAMPCommon/langBatchRows_prc HTTP/1.1" 200 595 "http://merp.yudo.com.cn:8183/Menu/Menu/menuLists?formKey=M20180814T093058687&menuSelection=asm" "Mozilla/5.0 (iPhone; CPU iPhone OS 11_0 like Mac OS X) AppleWebKit/604.1.38 (KHTML, like Gecko) Mobile/15A372JLAMPMode:iPhone"
192.168.253.2 - - [14/Aug/2018:09:54:51 +0800] "GET /JLAMPCommon/getCookieJson_prc HTTP/1.1" 200 913 "http://merp.yudo.com.cn:8183/Menu/Menu/menuLists?formKey=M20180814T093058687&menuSelection=asm" "Mozilla/5.0 (iPhone; CPU iPhone OS 11_0 like Mac OS X) AppleWebKit/604.1.38 (KHTML, like Gecko) Mobile/15A372JLAMPMode:iPhone"
192.168.253.2 - - [14/Aug/2018:09:54:52 +0800] "GET /Menu/doMenuRows_prc?formKey=M20180814T093058687 HTTP/1.1" 200 1622 "http://merp.yudo.com.cn:8183/Menu/Menu/menuLists?formKey=M20180814T093058687&menuSelection=asm" "Mozilla/5.0 (iPhone; CPU iPhone OS 11_0 like Mac OS X) AppleWebKit/604.1.38 (KHTML, like Gecko) Mobile/15A372JLAMPMode:iPhone"
192.168.253.2 - - [14/Aug/2018:09:54:53 +0800] "GET /WEI_2100/WEI_2100?formKey=M20180814T093058687&menuSelection=asm HTTP/1.1" 200 87187 "http://merp.yudo.com.cn:8183/Menu/Menu/menuLists?formKey=M20180814T093058687&menuSelection=asm" "Mozilla/5.0 (iPhone; CPU iPhone OS 11_0 like Mac OS X) AppleWebKit/604.1.38 (KHTML, like Gecko) Mobile/15A372JLAMPMode:iPhone"
192.168.253.2 - - [14/Aug/2018:09:54:54 +0800] "GET /js/WEI_2100/multiSelect.js?v=1005 HTTP/1.1" 200 4974 "http://merp.yudo.com.cn:8183/WEI_2100/WEI_2100?formKey=M20180814T093058687&menuSelection=asm" "Mozilla/5.0 (iPhone; CPU iPhone OS 11_0 like Mac OS X) AppleWebKit/604.1.38 (KHTML, like Gecko) Mobile/15A372JLAMPMode:iPhone"
192.168.253.2 - - [14/Aug/2018:09:54:54 +0800] "GET /js/WEI_2100/WEI_2100_Lists.js?v=3199 HTTP/1.1" 200 129018 "http://merp.yudo.com.cn:8183/WEI_2100/WEI_2100?formKey=M20180814T093058687&menuSelection=asm" "Mozilla/5.0 (iPhone; CPU iPhone OS 11_0 like Mac OS X) AppleWebKit/604.1.38 (KHTML, like Gecko) Mobile/15A372JLAMPMode:iPhone"
192.168.253.2 - - [14/Aug/2018:09:54:54 +0800] "GET /css/fonts/mui.ttf HTTP/1.1" 304 - "http://merp.yudo.com.cn:8183/Menu/Menu?formKey=M20180814T093058687" "Mozilla/5.0 (iPhone; CPU iPhone OS 11_0 like Mac OS X) AppleWebKit/604.1.38 (KHTML, like Gecko) Mobile/15A372JLAMPMode:iPhone"
192.168.253.2 - - [14/Aug/2018:09:54:54 +0800] "GET /js/WEI_2100/font/iconfont.svg?v=230-rc1 HTTP/1.1" 304 - "http://merp.yudo.com.cn:8183/WEI_2100/WEI_2100?formKey=M20180814T093058687&menuSelection=asm" "Mozilla/5.0 (iPhone; CPU iPhone OS 11_0 like Mac OS X) AppleWebKit/604.1.38 (KHTML, like Gecko) Mobile/15A372JLAMPMode:iPhone"
192.168.253.2 - - [14/Aug/2018:09:54:59 +0800] "POST /JLAMPCommon/langBatchRows_prc HTTP/1.1" 200 12695 "http://merp.yudo.com.cn:8183/WEI_2100/WEI_2100?formKey=M20180814T093058687&menuSelection=asm" "Mozilla/5.0 (iPhone; CPU iPhone OS 11_0 like Mac OS X) AppleWebKit/604.1.38 (KHTML, like Gecko) Mobile/15A372JLAMPMode:iPhone"
192.168.253.2 - - [14/Aug/2018:09:54:59 +0800] "POST /JLAMPCommon/langBatchRows_prc HTTP/1.1" 200 13022 "http://merp.yudo.com.cn:8183/WEI_2100/WEI_2100?formKey=M20180814T093058687&menuSelection=asm" "Mozilla/5.0 (iPhone; CPU iPhone OS 11_0 like Mac OS X) AppleWebKit/604.1.38 (KHTML, like Gecko) Mobile/15A372JLAMPMode:iPhone"
192.168.253.2 - - [14/Aug/2018:09:54:59 +0800] "GET /JLAMPCommon/getCookieJson_prc HTTP/1.1" 200 913 "http://merp.yudo.com.cn:8183/WEI_2100/WEI_2100?formKey=M20180814T093058687&menuSelection=asm" "Mozilla/5.0 (iPhone; CPU iPhone OS 11_0 like Mac OS X) AppleWebKit/604.1.38 (KHTML, like Gecko) Mobile/15A372JLAMPMode:iPhone"
192.168.253.2 - - [14/Aug/2018:09:55:04 +0800] "GET /js/WEI_2100/css/modules/layer/default/loading-2.gif HTTP/1.1" 304 - "http://merp.yudo.com.cn:8183/WEI_2100/WEI_2100?formKey=M20180814T093058687&menuSelection=asm" "Mozilla/5.0 (iPhone; CPU iPhone OS 11_0 like Mac OS X) AppleWebKit/604.1.38 (KHTML, like Gecko) Mobile/15A372JLAMPMode:iPhone"
192.168.253.2 - - [14/Aug/2018:09:55:04 +0800] "GET /WEI_2100/login_user HTTP/1.1" 200 155 "http://merp.yudo.com.cn:8183/WEI_2100/WEI_2100?formKey=M20180814T093058687&menuSelection=asm" "Mozilla/5.0 (iPhone; CPU iPhone OS 11_0 like Mac OS X) AppleWebKit/604.1.38 (KHTML, like Gecko) Mobile/15A372JLAMPMode:iPhone"
192.168.253.2 - - [14/Aug/2018:09:55:04 +0800] "GET /WEI_2100/systemclass_big_prc?bigsysid=asclass1 HTTP/1.1" 200 475 "http://merp.yudo.com.cn:8183/WEI_2100/WEI_2100?formKey=M20180814T093058687&menuSelection=asm" "Mozilla/5.0 (iPhone; CPU iPhone OS 11_0 like Mac OS X) AppleWebKit/604.1.38 (KHTML, like Gecko) Mobile/15A372JLAMPMode:iPhone"
192.168.253.2 - - [14/Aug/2018:09:55:04 +0800] "GET /WEI_2100/systemclass_big_prc?bigsysid=ascause HTTP/1.1" 200 209 "http://merp.yudo.com.cn:8183/WEI_2100/WEI_2100?formKey=M20180814T093058687&menuSelection=asm" "Mozilla/5.0 (iPhone; CPU iPhone OS 11_0 like Mac OS X) AppleWebKit/604.1.38 (KHTML, like Gecko) Mobile/15A372JLAMPMode:iPhone"
192.168.253.2 - - [14/Aug/2018:09:55:04 +0800] "GET /WEI_2100/systemclass_big_prc?bigsysid=supplyscope HTTP/1.1" 200 302 "http://merp.yudo.com.cn:8183/WEI_2100/WEI_2100?formKey=M20180814T093058687&menuSelection=asm" "Mozilla/5.0 (iPhone; CPU iPhone OS 11_0 like Mac OS X) AppleWebKit/604.1.38 (KHTML, like Gecko) Mobile/15A372JLAMPMode:iPhone"
192.168.253.2 - - [14/Aug/2018:09:55:04 +0800] "GET /WEI_2100/systemclass_big_prc?bigsysid=area HTTP/1.1" 200 751 "http://merp.yudo.com.cn:8183/WEI_2100/WEI_2100?formKey=M20180814T093058687&menuSelection=asm" "Mozilla/5.0 (iPhone; CPU iPhone OS 11_0 like Mac OS X) AppleWebKit/604.1.38 (KHTML, like Gecko) Mobile/15A372JLAMPMode:iPhone"
192.168.253.2 - - [14/Aug/2018:09:55:04 +0800] "GET /WEI_2100/systemclass_big_prc?bigsysid=markets HTTP/1.1" 200 512 "http://merp.yudo.com.cn:8183/WEI_2100/WEI_2100?formKey=M20180814T093058687&menuSelection=asm" "Mozilla/5.0 (iPhone; CPU iPhone OS 11_0 like Mac OS X) AppleWebKit/604.1.38 (KHTML, like Gecko) Mobile/15A372JLAMPMode:iPhone"
192.168.253.2 - - [14/Aug/2018:09:55:05 +0800] "GET /js/WEI_2100/font/iconfont.woff?v=230-rc1 HTTP/1.1" 304 - "http://merp.yudo.com.cn:8183/WEI_2100/WEI_2100?formKey=M20180814T093058687&menuSelection=asm" "Mozilla/5.0 (iPhone; CPU iPhone OS 11_0 like Mac OS X) AppleWebKit/604.1.38 (KHTML, like Gecko) Mobile/15A372JLAMPMode:iPhone"
192.168.253.2 - - [14/Aug/2018:09:55:05 +0800] "GET /WEI_2100/as_unit HTTP/1.1" 200 1002 "http://merp.yudo.com.cn:8183/WEI_2100/WEI_2100?formKey=M20180814T093058687&menuSelection=asm" "Mozilla/5.0 (iPhone; CPU iPhone OS 11_0 like Mac OS X) AppleWebKit/604.1.38 (KHTML, like Gecko) Mobile/15A372JLAMPMode:iPhone"
192.168.253.2 - - [14/Aug/2018:09:55:04 +0800] "GET /WEI_2100/systemclass_big_prc?bigsysid=asbadtype HTTP/1.1" 200 152 "http://merp.yudo.com.cn:8183/WEI_2100/WEI_2100?formKey=M20180814T093058687&menuSelection=asm" "Mozilla/5.0 (iPhone; CPU iPhone OS 11_0 like Mac OS X) AppleWebKit/604.1.38 (KHTML, like Gecko) Mobile/15A372JLAMPMode:iPhone"
192.168.253.2 - - [14/Aug/2018:09:55:05 +0800] "GET /WEI_2100/user_prc HTTP/1.1" 200 93019 "http://merp.yudo.com.cn:8183/WEI_2100/WEI_2100?formKey=M20180814T093058687&menuSelection=asm" "Mozilla/5.0 (iPhone; CPU iPhone OS 11_0 like Mac OS X) AppleWebKit/604.1.38 (KHTML, like Gecko) Mobile/15A372JLAMPMode:iPhone"
192.168.253.2 - - [14/Aug/2018:09:55:04 +0800] "GET /WEI_2100/systemclass_big_prc?bigsysid=asclass HTTP/1.1" 200 264 "http://merp.yudo.com.cn:8183/WEI_2100/WEI_2100?formKey=M20180814T093058687&menuSelection=asm" "Mozilla/5.0 (iPhone; CPU iPhone OS 11_0 like Mac OS X) AppleWebKit/604.1.38 (KHTML, like Gecko) Mobile/15A372JLAMPMode:iPhone"
192.168.253.2 - - [14/Aug/2018:09:55:04 +0800] "GET /WEI_2100/systemclass_big_prc?bigsysid=startpoint HTTP/1.1" 200 317 "http://merp.yudo.com.cn:8183/WEI_2100/WEI_2100?formKey=M20180814T093058687&menuSelection=asm" "Mozilla/5.0 (iPhone; CPU iPhone OS 11_0 like Mac OS X) AppleWebKit/604.1.38 (KHTML, like Gecko) Mobile/15A372JLAMPMode:iPhone"
::1 - - [14/Aug/2018:09:55:11 +0800] "OPTIONS * HTTP/1.0" 200 - "-" "Apache/2.4.6 (CentOS) PHP/5.6.32 (internal dummy connection)"
192.168.253.2 - - [14/Aug/2018:09:55:26 +0800] "GET /WEI_2100/order_prc?orderid=201807&orderby=&ordercount=0 HTTP/1.1" 200 66 "http://merp.yudo.com.cn:8183/WEI_2100/WEI_2100?formKey=M20180814T093058687&menuSelection=asm" "Mozilla/5.0 (iPhone; CPU iPhone OS 11_0 like Mac OS X) AppleWebKit/604.1.38 (KHTML, like Gecko) Mobile/15A372JLAMPMode:iPhone"
192.168.253.2 - - [14/Aug/2018:10:02:03 +0800] "GET /WEI_2100/as_prc?asid=&custnm=&ascount=0 HTTP/1.1" 200 14373 "http://merp.yudo.com.cn:8183/WEI_2100/WEI_2100?formKey=M20180814T093058687&menuSelection=asm" "Mozilla/5.0 (iPhone; CPU iPhone OS 11_0 like Mac OS X) AppleWebKit/604.1.38 (KHTML, like Gecko) Mobile/15A372JLAMPMode:iPhone"
192.168.253.2 - - [14/Aug/2018:10:02:53 +0800] "GET /WEI_2100/login_user HTTP/1.1" 200 155 "http://merp.yudo.com.cn:8183/WEI_2100/WEI_2100?formKey=M20180814T093058687&menuSelection=asm" "Mozilla/5.0 (iPhone; CPU iPhone OS 11_0 like Mac OS X) AppleWebKit/604.1.38 (KHTML, like Gecko) Mobile/15A372JLAMPMode:iPhone"
192.168.253.2 - - [14/Aug/2018:10:03:21 +0800] "GET /WEI_2100/order_prc?orderid=2018070003&orderby=&ordercount=0 HTTP/1.1" 200 404 "http://merp.yudo.com.cn:8183/WEI_2100/WEI_2100?formKey=M20180814T093058687&menuSelection=asm" "Mozilla/5.0 (iPhone; CPU iPhone OS 11_0 like Mac OS X) AppleWebKit/604.1.38 (KHTML, like Gecko) Mobile/15A372JLAMPMode:iPhone"
192.168.253.2 - - [14/Aug/2018:10:03:24 +0800] "GET /WEI_2100/login_user HTTP/1.1" 200 155 "http://merp.yudo.com.cn:8183/WEI_2100/WEI_2100?formKey=M20180814T093058687&menuSelection=asm" "Mozilla/5.0 (iPhone; CPU iPhone OS 11_0 like Mac OS X) AppleWebKit/604.1.38 (KHTML, like Gecko) Mobile/15A372JLAMPMode:iPhone"
192.168.253.2 - - [14/Aug/2018:10:03:24 +0800] "GET /WEI_2100/order_minute?orderid=2018070003 HTTP/1.1" 200 843 "http://merp.yudo.com.cn:8183/WEI_2100/WEI_2100?formKey=M20180814T093058687&menuSelection=asm" "Mozilla/5.0 (iPhone; CPU iPhone OS 11_0 like Mac OS X) AppleWebKit/604.1.38 (KHTML, like Gecko) Mobile/15A372JLAMPMode:iPhone"
192.168.253.2 - - [14/Aug/2018:10:03:28 +0800] "GET /WEI_2100/systemclass_mini_prc?bigsysid=SA10340050&minisysid=supplyscope_c1 HTTP/1.1" 200 140 "http://merp.yudo.com.cn:8183/WEI_2100/WEI_2100?formKey=M20180814T093058687&menuSelection=asm" "Mozilla/5.0 (iPhone; CPU iPhone OS 11_0 like Mac OS X) AppleWebKit/604.1.38 (KHTML, like Gecko) Mobile/15A372JLAMPMode:iPhone"
192.168.253.2 - - [14/Aug/2018:10:03:28 +0800] "GET /WEI_2100/systemclass_mini_prc?bigsysid=SA10370215&minisysid=supplyscope_c4 HTTP/1.1" 200 99 "http://merp.yudo.com.cn:8183/WEI_2100/WEI_2100?formKey=M20180814T093058687&menuSelection=asm" "Mozilla/5.0 (iPhone; CPU iPhone OS 11_0 like Mac OS X) AppleWebKit/604.1.38 (KHTML, like Gecko) Mobile/15A372JLAMPMode:iPhone"
192.168.253.2 - - [14/Aug/2018:10:03:28 +0800] "GET /WEI_2100/systemclass_mini_prc?bigsysid=SA10350052&minisysid=supplyscope_c2 HTTP/1.1" 200 99 "http://merp.yudo.com.cn:8183/WEI_2100/WEI_2100?formKey=M20180814T093058687&menuSelection=asm" "Mozilla/5.0 (iPhone; CPU iPhone OS 11_0 like Mac OS X) AppleWebKit/604.1.38 (KHTML, like Gecko) Mobile/15A372JLAMPMode:iPhone"
192.168.253.2 - - [14/Aug/2018:10:03:28 +0800] "GET /WEI_2100/systemclass_mini_prc?bigsysid=SA10380323&minisysid=supplyscope_c5 HTTP/1.1" 200 99 "http://merp.yudo.com.cn:8183/WEI_2100/WEI_2100?formKey=M20180814T093058687&menuSelection=asm" "Mozilla/5.0 (iPhone; CPU iPhone OS 11_0 like Mac OS X) AppleWebKit/604.1.38 (KHTML, like Gecko) Mobile/15A372JLAMPMode:iPhone"
192.168.253.2 - - [14/Aug/2018:10:03:28 +0800] "GET /WEI_2100/as_count?orderid=2018070003 HTTP/1.1" 200 74 "http://merp.yudo.com.cn:8183/WEI_2100/WEI_2100?formKey=M20180814T093058687&menuSelection=asm" "Mozilla/5.0 (iPhone; CPU iPhone OS 11_0 like Mac OS X) AppleWebKit/604.1.38 (KHTML, like Gecko) Mobile/15A372JLAMPMode:iPhone"
192.168.253.2 - - [14/Aug/2018:10:03:28 +0800] "GET /WEI_2100/systemclass_mini_prc?bigsysid=SA10360076&minisysid=supplyscope_c3 HTTP/1.1" 200 596 "http://merp.yudo.com.cn:8183/WEI_2100/WEI_2100?formKey=M20180814T093058687&menuSelection=asm" "Mozilla/5.0 (iPhone; CPU iPhone OS 11_0 like Mac OS X) AppleWebKit/604.1.38 (KHTML, like Gecko) Mobile/15A372JLAMPMode:iPhone"
::1 - - [14/Aug/2018:10:03:34 +0800] "OPTIONS * HTTP/1.0" 200 - "-" "Apache/2.4.6 (CentOS) PHP/5.6.32 (internal dummy connection)"
192.168.253.2 - - [14/Aug/2018:10:04:05 +0800] "GET /WEI_2100/systemclass_mini_prc?bigsysid=AS10110010&minisysid=ascause_c HTTP/1.1" 200 869 "http://merp.yudo.com.cn:8183/WEI_2100/WEI_2100?formKey=M20180814T093058687&menuSelection=asm" "Mozilla/5.0 (iPhone; CPU iPhone OS 11_0 like Mac OS X) AppleWebKit/604.1.38 (KHTML, like Gecko) Mobile/15A372JLAMPMode:iPhone"
192.168.253.2 - - [14/Aug/2018:10:04:09 +0800] "GET /WEI_2100/systemclass_mini_prc?bigsysid=AS10060010&minisysid=asclass1_c HTTP/1.1" 200 2504 "http://merp.yudo.com.cn:8183/WEI_2100/WEI_2100?formKey=M20180814T093058687&menuSelection=asm" "Mozilla/5.0 (iPhone; CPU iPhone OS 11_0 like Mac OS X) AppleWebKit/604.1.38 (KHTML, like Gecko) Mobile/15A372JLAMPMode:iPhone"
192.168.253.2 - - [14/Aug/2018:10:04:32 +0800] "GET /WEI_2100/group_prc?groupnm=&groupid= HTTP/1.1" 200 6861 "http://merp.yudo.com.cn:8183/WEI_2100/WEI_2100?formKey=M20180814T093058687&menuSelection=asm" "Mozilla/5.0 (iPhone; CPU iPhone OS 11_0 like Mac OS X) AppleWebKit/604.1.38 (KHTML, like Gecko) Mobile/15A372JLAMPMode:iPhone"
192.168.253.2 - - [14/Aug/2018:10:09:01 +0800] "POST /WEI_2100/save_as HTTP/1.1" 200 74 "http://merp.yudo.com.cn:8183/WEI_2100/WEI_2100?formKey=M20180814T093058687&menuSelection=asm" "Mozilla/5.0 (iPhone; CPU iPhone OS 11_0 like Mac OS X) AppleWebKit/604.1.38 (KHTML, like Gecko) Mobile/15A372JLAMPMode:iPhone"
192.168.253.2 - - [14/Aug/2018:10:09:02 +0800] "GET /WEI_2100/as_minute?asid=2018080523 HTTP/1.1" 200 1699 "http://merp.yudo.com.cn:8183/WEI_2100/WEI_2100?formKey=M20180814T093058687&menuSelection=asm" "Mozilla/5.0 (iPhone; CPU iPhone OS 11_0 like Mac OS X) AppleWebKit/604.1.38 (KHTML, like Gecko) Mobile/15A372JLAMPMode:iPhone"
192.168.253.2 - - [14/Aug/2018:10:09:02 +0800] "GET /WEI_2100/as_minute_table?asid=2018080523 HTTP/1.1" 200 63 "http://merp.yudo.com.cn:8183/WEI_2100/WEI_2100?formKey=M20180814T093058687&menuSelection=asm" "Mozilla/5.0 (iPhone; CPU iPhone OS 11_0 like Mac OS X) AppleWebKit/604.1.38 (KHTML, like Gecko) Mobile/15A372JLAMPMode:iPhone"
192.168.253.2 - - [14/Aug/2018:10:09:03 +0800] "GET /WEI_2100/systemclass_mini_prc?bigsysid=AS10110010&minisysid=ascause_c HTTP/1.1" 200 869 "http://merp.yudo.com.cn:8183/WEI_2100/WEI_2100?formKey=M20180814T093058687&menuSelection=asm" "Mozilla/5.0 (iPhone; CPU iPhone OS 11_0 like Mac OS X) AppleWebKit/604.1.38 (KHTML, like Gecko) Mobile/15A372JLAMPMode:iPhone"
192.168.253.2 - - [14/Aug/2018:10:09:03 +0800] "GET /WEI_2100/systemclass_mini_prc?bigsysid=AS10060010&minisysid=asclass1_c HTTP/1.1" 200 2504 "http://merp.yudo.com.cn:8183/WEI_2100/WEI_2100?formKey=M20180814T093058687&menuSelection=asm" "Mozilla/5.0 (iPhone; CPU iPhone OS 11_0 like Mac OS X) AppleWebKit/604.1.38 (KHTML, like Gecko) Mobile/15A372JLAMPMode:iPhone"
192.168.253.2 - - [14/Aug/2018:10:09:04 +0800] "GET /WEI_2100/systemclass_mini_prc?bigsysid=SA10380323&minisysid=supplyscope_c5 HTTP/1.1" 200 99 "http://merp.yudo.com.cn:8183/WEI_2100/WEI_2100?formKey=M20180814T093058687&menuSelection=asm" "Mozilla/5.0 (iPhone; CPU iPhone OS 11_0 like Mac OS X) AppleWebKit/604.1.38 (KHTML, like Gecko) Mobile/15A372JLAMPMode:iPhone"
192.168.253.2 - - [14/Aug/2018:10:09:03 +0800] "GET /WEI_2100/systemclass_mini_prc?bigsysid=SA10350052&minisysid=supplyscope_c2 HTTP/1.1" 200 99 "http://merp.yudo.com.cn:8183/WEI_2100/WEI_2100?formKey=M20180814T093058687&menuSelection=asm" "Mozilla/5.0 (iPhone; CPU iPhone OS 11_0 like Mac OS X) AppleWebKit/604.1.38 (KHTML, like Gecko) Mobile/15A372JLAMPMode:iPhone"
192.168.253.2 - - [14/Aug/2018:10:09:03 +0800] "GET /WEI_2100/systemclass_mini_prc?bigsysid=SA10370215&minisysid=supplyscope_c4 HTTP/1.1" 200 99 "http://merp.yudo.com.cn:8183/WEI_2100/WEI_2100?formKey=M20180814T093058687&menuSelection=asm" "Mozilla/5.0 (iPhone; CPU iPhone OS 11_0 like Mac OS X) AppleWebKit/604.1.38 (KHTML, like Gecko) Mobile/15A372JLAMPMode:iPhone"
192.168.253.2 - - [14/Aug/2018:10:09:03 +0800] "GET /WEI_2100/systemclass_mini_prc?bigsysid=SA10340050&minisysid=supplyscope_c1 HTTP/1.1" 200 140 "http://merp.yudo.com.cn:8183/WEI_2100/WEI_2100?formKey=M20180814T093058687&menuSelection=asm" "Mozilla/5.0 (iPhone; CPU iPhone OS 11_0 like Mac OS X) AppleWebKit/604.1.38 (KHTML, like Gecko) Mobile/15A372JLAMPMode:iPhone"
192.168.253.2 - - [14/Aug/2018:10:09:03 +0800] "GET /WEI_2100/systemclass_mini_prc?bigsysid=SA10360076&minisysid=supplyscope_c3 HTTP/1.1" 200 596 "http://merp.yudo.com.cn:8183/WEI_2100/WEI_2100?formKey=M20180814T093058687&menuSelection=asm" "Mozilla/5.0 (iPhone; CPU iPhone OS 11_0 like Mac OS X) AppleWebKit/604.1.38 (KHTML, like Gecko) Mobile/15A372JLAMPMode:iPhone"
::1 - - [14/Aug/2018:10:09:10 +0800] "OPTIONS * HTTP/1.0" 200 - "-" "Apache/2.4.6 (CentOS) PHP/5.6.32 (internal dummy connection)"
192.168.253.2 - - [14/Aug/2018:10:09:13 +0800] "GET /WEI_2100/as_photo?asid=2018080523 HTTP/1.1" 200 67 "http://merp.yudo.com.cn:8183/WEI_2100/WEI_2100?formKey=M20180814T093058687&menuSelection=asm" "Mozilla/5.0 (iPhone; CPU iPhone OS 11_0 like Mac OS X) AppleWebKit/604.1.38 (KHTML, like Gecko) Mobile/15A372JLAMPMode:iPhone"
192.168.253.2 - - [14/Aug/2018:10:09:24 +0800] "POST /WEI_2100/WEI_2100/upload_photo?asid=2018080523 HTTP/1.1" 200 235 "http://merp.yudo.com.cn:8183/WEI_2100/WEI_2100?formKey=M20180814T093058687&menuSelection=asm" "Mozilla/5.0 (iPhone; CPU iPhone OS 11_0 like Mac OS X) AppleWebKit/604.1.38 (KHTML, like Gecko) Mobile/15A372JLAMPMode:iPhone"
192.168.253.2 - - [14/Aug/2018:10:09:27 +0800] "GET /WEI_2100/as_photo?asid=2018080523 HTTP/1.1" 200 390 "http://merp.yudo.com.cn:8183/WEI_2100/WEI_2100?formKey=M20180814T093058687&menuSelection=asm" "Mozilla/5.0 (iPhone; CPU iPhone OS 11_0 like Mac OS X) AppleWebKit/604.1.38 (KHTML, like Gecko) Mobile/15A372JLAMPMode:iPhone"
192.168.253.2 - - [14/Aug/2018:10:09:27 +0800] "GET /image/uploads/AS/ASReceipt/201808/2018080523/M20180814100925461.png HTTP/1.1" 200 83966 "http://merp.yudo.com.cn:8183/WEI_2100/WEI_2100?formKey=M20180814T093058687&menuSelection=asm" "Mozilla/5.0 (iPhone; CPU iPhone OS 11_0 like Mac OS X) AppleWebKit/604.1.38 (KHTML, like Gecko) Mobile/15A372JLAMPMode:iPhone"
192.168.253.2 - - [14/Aug/2018:10:09:27 +0800] "GET /image/uploads/AS/ASReceipt/201808/2018080523/M20180814100926127.jpeg HTTP/1.1" 200 3859088 "http://merp.yudo.com.cn:8183/WEI_2100/WEI_2100?formKey=M20180814T093058687&menuSelection=asm" "Mozilla/5.0 (iPhone; CPU iPhone OS 11_0 like Mac OS X) AppleWebKit/604.1.38 (KHTML, like Gecko) Mobile/15A372JLAMPMode:iPhone"
192.168.253.2 - - [14/Aug/2018:10:09:41 +0800] "POST /WEI_2100/WEI_2100/upload_photo?asid=2018080523 HTTP/1.1" 200 234 "http://merp.yudo.com.cn:8183/WEI_2100/WEI_2100?formKey=M20180814T093058687&menuSelection=asm" "Mozilla/5.0 (iPhone; CPU iPhone OS 11_0 like Mac OS X) AppleWebKit/604.1.38 (KHTML, like Gecko) Mobile/15A372JLAMPMode:iPhone"
192.168.253.2 - - [14/Aug/2018:10:09:43 +0800] "GET /WEI_2100/as_photo?asid=2018080523 HTTP/1.1" 200 553 "http://merp.yudo.com.cn:8183/WEI_2100/WEI_2100?formKey=M20180814T093058687&menuSelection=asm" "Mozilla/5.0 (iPhone; CPU iPhone OS 11_0 like Mac OS X) AppleWebKit/604.1.38 (KHTML, like Gecko) Mobile/15A372JLAMPMode:iPhone"
192.168.253.2 - - [14/Aug/2018:10:09:43 +0800] "GET /image/uploads/AS/ASReceipt/201808/2018080523/M20180814100942318.jpg HTTP/1.1" 200 3653133 "http://merp.yudo.com.cn:8183/WEI_2100/WEI_2100?formKey=M20180814T093058687&menuSelection=asm" "Mozilla/5.0 (iPhone; CPU iPhone OS 11_0 like Mac OS X) AppleWebKit/604.1.38 (KHTML, like Gecko) Mobile/15A372JLAMPMode:iPhone"
192.168.253.2 - - [14/Aug/2018:10:09:49 +0800] "GET /WEI_2100/as_photo?asid=2018080523 HTTP/1.1" 200 553 "http://merp.yudo.com.cn:8183/WEI_2100/WEI_2100?formKey=M20180814T093058687&menuSelection=asm" "Mozilla/5.0 (iPhone; CPU iPhone OS 11_0 like Mac OS X) AppleWebKit/604.1.38 (KHTML, like Gecko) Mobile/15A372JLAMPMode:iPhone"
192.168.253.2 - - [14/Aug/2018:10:09:52 +0800] "GET /WEI_2100/as_photo?asid=2018080523 HTTP/1.1" 200 553 "http://merp.yudo.com.cn:8183/WEI_2100/WEI_2100?formKey=M20180814T093058687&menuSelection=asm" "Mozilla/5.0 (iPhone; CPU iPhone OS 11_0 like Mac OS X) AppleWebKit/604.1.38 (KHTML, like Gecko) Mobile/15A372JLAMPMode:iPhone"
192.168.253.2 - - [14/Aug/2018:10:10:50 +0800] "GET /WEI_2100/as_sales?asid=2018080523 HTTP/1.1" 200 63 "http://merp.yudo.com.cn:8183/WEI_2100/WEI_2100?formKey=M20180814T093058687&menuSelection=asm" "Mozilla/5.0 (iPhone; CPU iPhone OS 11_0 like Mac OS X) AppleWebKit/604.1.38 (KHTML, like Gecko) Mobile/15A372JLAMPMode:iPhone"
192.168.253.2 - - [14/Aug/2018:10:16:57 +0800] "GET /WEI_2100/login_user HTTP/1.1" 200 155 "http://merp.yudo.com.cn:8183/WEI_2100/WEI_2100?formKey=M20180814T093058687&menuSelection=asm" "Mozilla/5.0 (iPhone; CPU iPhone OS 11_0 like Mac OS X) AppleWebKit/604.1.38 (KHTML, like Gecko) Mobile/15A372JLAMPMode:iPhone"
192.168.253.2 - - [14/Aug/2018:10:17:08 +0800] "GET /WEI_2100/cust_list?custid=&custnm=&custcount=0 HTTP/1.1" 200 7046 "http://merp.yudo.com.cn:8183/WEI_2100/WEI_2100?formKey=M20180814T093058687&menuSelection=asm" "Mozilla/5.0 (iPhone; CPU iPhone OS 11_0 like Mac OS X) AppleWebKit/604.1.38 (KHTML, like Gecko) Mobile/15A372JLAMPMode:iPhone"
192.168.253.2 - - [14/Aug/2018:10:17:24 +0800] "GET /WEI_2100/cust_list?custid=&custnm=&custcount=50 HTTP/1.1" 200 7683 "http://merp.yudo.com.cn:8183/WEI_2100/WEI_2100?formKey=M20180814T093058687&menuSelection=asm" "Mozilla/5.0 (iPhone; CPU iPhone OS 11_0 like Mac OS X) AppleWebKit/604.1.38 (KHTML, like Gecko) Mobile/15A372JLAMPMode:iPhone"
192.168.253.2 - - [14/Aug/2018:10:17:54 +0800] "GET /WEI_2100/cust_list?custid=&custnm=&custcount=0 HTTP/1.1" 200 7046 "http://merp.yudo.com.cn:8183/WEI_2100/WEI_2100?formKey=M20180814T093058687&menuSelection=asm" "Mozilla/5.0 (iPhone; CPU iPhone OS 11_0 like Mac OS X) AppleWebKit/604.1.38 (KHTML, like Gecko) Mobile/15A372JLAMPMode:iPhone"
192.168.253.2 - - [14/Aug/2018:10:18:16 +0800] "GET /WEI_2100/systemclass_mini_prc?bigsysid=AS10110010&minisysid=ascause_c HTTP/1.1" 200 869 "http://merp.yudo.com.cn:8183/WEI_2100/WEI_2100?formKey=M20180814T093058687&menuSelection=asm" "Mozilla/5.0 (iPhone; CPU iPhone OS 11_0 like Mac OS X) AppleWebKit/604.1.38 (KHTML, like Gecko) Mobile/15A372JLAMPMode:iPhone"
192.168.253.2 - - [14/Aug/2018:10:18:19 +0800] "GET /WEI_2100/systemclass_mini_prc?bigsysid=AS10060010&minisysid=asclass1_c HTTP/1.1" 200 2504 "http://merp.yudo.com.cn:8183/WEI_2100/WEI_2100?formKey=M20180814T093058687&menuSelection=asm" "Mozilla/5.0 (iPhone; CPU iPhone OS 11_0 like Mac OS X) AppleWebKit/604.1.38 (KHTML, like Gecko) Mobile/15A372JLAMPMode:iPhone"
192.168.253.2 - - [14/Aug/2018:10:18:30 +0800] "GET /WEI_2100/group_prc?groupnm=&groupid= HTTP/1.1" 200 6861 "http://merp.yudo.com.cn:8183/WEI_2100/WEI_2100?formKey=M20180814T093058687&menuSelection=asm" "Mozilla/5.0 (iPhone; CPU iPhone OS 11_0 like Mac OS X) AppleWebKit/604.1.38 (KHTML, like Gecko) Mobile/15A372JLAMPMode:iPhone"
117.136.67.90 - - [14/Aug/2018:10:18:37 +0800] "GET /WEI_2200/msgList?time=2018-08 HTTP/1.1" 200 110 "http://merp.yudo.com.cn:8183/WEI_2200/WEI_2200?formKey=M20180814T094244597&menuSelection=asm" "Mozilla/5.0 (Linux; Android 8.1.0; MI 6X Build/OPM1.171019.011; wv) AppleWebKit/537.36 (KHTML, like Gecko) Version/4.0 Chrome/62.0.3202.84 Mobile Safari/537.36"
117.136.67.90 - - [14/Aug/2018:10:18:39 +0800] "GET /WEI_2200/planList?date=2018-08-10 HTTP/1.1" 200 1509 "http://merp.yudo.com.cn:8183/WEI_2200/WEI_2200?formKey=M20180814T094244597&menuSelection=asm" "Mozilla/5.0 (Linux; Android 8.1.0; MI 6X Build/OPM1.171019.011; wv) AppleWebKit/537.36 (KHTML, like Gecko) Version/4.0 Chrome/62.0.3202.84 Mobile Safari/537.36"
117.136.67.90 - - [14/Aug/2018:10:18:40 +0800] "GET /WEI_2200/queryAllMsg?number=&class=plan&startDate=2018-08-10&endDate=2018-08-10&count=50 HTTP/1.1" 200 68 "http://merp.yudo.com.cn:8183/WEI_2200/WEI_2200?formKey=M20180814T094244597&menuSelection=asm" "Mozilla/5.0 (Linux; Android 8.1.0; MI 6X Build/OPM1.171019.011; wv) AppleWebKit/537.36 (KHTML, like Gecko) Version/4.0 Chrome/62.0.3202.84 Mobile Safari/537.36"
117.136.67.90 - - [14/Aug/2018:10:18:42 +0800] "GET /WEI_2200/planMinute?actPlanNo=201808090002 HTTP/1.1" 200 711 "http://merp.yudo.com.cn:8183/WEI_2200/WEI_2200?formKey=M20180814T094244597&menuSelection=asm" "Mozilla/5.0 (Linux; Android 8.1.0; MI 6X Build/OPM1.171019.011; wv) AppleWebKit/537.36 (KHTML, like Gecko) Version/4.0 Chrome/62.0.3202.84 Mobile Safari/537.36"
117.136.67.90 - - [14/Aug/2018:10:18:43 +0800] "GET /WEI_2200/systemclass_mini_prc?bigsysid=OA10010200&minisysid=actGubunClass HTTP/1.1" 200 278 "http://merp.yudo.com.cn:8183/WEI_2200/WEI_2200?formKey=M20180814T094244597&menuSelection=asm" "Mozilla/5.0 (Linux; Android 8.1.0; MI 6X Build/OPM1.171019.011; wv) AppleWebKit/537.36 (KHTML, like Gecko) Version/4.0 Chrome/62.0.3202.84 Mobile Safari/537.36"
117.136.67.90 - - [14/Aug/2018:10:18:46 +0800] "GET /WEI_2200/queryAllMsg?number=&class=plan&startDate=2018-08-10&endDate=2018-08-10&count=100 HTTP/1.1" 200 68 "http://merp.yudo.com.cn:8183/WEI_2200/WEI_2200?formKey=M20180814T094244597&menuSelection=asm" "Mozilla/5.0 (Linux; Android 8.1.0; MI 6X Build/OPM1.171019.011; wv) AppleWebKit/537.36 (KHTML, like Gecko) Version/4.0 Chrome/62.0.3202.84 Mobile Safari/537.36"
192.168.253.2 - - [14/Aug/2018:10:18:49 +0800] "GET /WEI_2100/systemclass_mini_prc?bigsysid=SA10340020&minisysid=supplyscope_c1 HTTP/1.1" 200 1053 "http://merp.yudo.com.cn:8183/WEI_2100/WEI_2100?formKey=M20180814T093058687&menuSelection=asm" "Mozilla/5.0 (iPhone; CPU iPhone OS 11_0 like Mac OS X) AppleWebKit/604.1.38 (KHTML, like Gecko) Mobile/15A372JLAMPMode:iPhone"
192.168.253.2 - - [14/Aug/2018:10:18:50 +0800] "GET /WEI_2100/systemclass_mini_prc?bigsysid=SA10350018&minisysid=supplyscope_c2 HTTP/1.1" 200 167 "http://merp.yudo.com.cn:8183/WEI_2100/WEI_2100?formKey=M20180814T093058687&menuSelection=asm" "Mozilla/5.0 (iPhone; CPU iPhone OS 11_0 like Mac OS X) AppleWebKit/604.1.38 (KHTML, like Gecko) Mobile/15A372JLAMPMode:iPhone"
117.136.67.90 - - [14/Aug/2018:10:18:51 +0800] "GET /WEI_2200/planList?date=2018-08-10 HTTP/1.1" 200 1509 "http://merp.yudo.com.cn:8183/WEI_2200/WEI_2200?formKey=M20180814T094244597&menuSelection=asm" "Mozilla/5.0 (Linux; Android 8.1.0; MI 6X Build/OPM1.171019.011; wv) AppleWebKit/537.36 (KHTML, like Gecko) Version/4.0 Chrome/62.0.3202.84 Mobile Safari/537.36"
192.168.253.2 - - [14/Aug/2018:10:18:51 +0800] "GET /WEI_2100/systemclass_mini_prc?bigsysid=SA10360027&minisysid=supplyscope_c3 HTTP/1.1" 200 202 "http://merp.yudo.com.cn:8183/WEI_2100/WEI_2100?formKey=M20180814T093058687&menuSelection=asm" "Mozilla/5.0 (iPhone; CPU iPhone OS 11_0 like Mac OS X) AppleWebKit/604.1.38 (KHTML, like Gecko) Mobile/15A372JLAMPMode:iPhone"
117.136.67.90 - - [14/Aug/2018:10:18:53 +0800] "GET /WEI_2200/planMinute?actPlanNo=201808090001 HTTP/1.1" 200 722 "http://merp.yudo.com.cn:8183/WEI_2200/WEI_2200?formKey=M20180814T094244597&menuSelection=asm" "Mozilla/5.0 (Linux; Android 8.1.0; MI 6X Build/OPM1.171019.011; wv) AppleWebKit/537.36 (KHTML, like Gecko) Version/4.0 Chrome/62.0.3202.84 Mobile Safari/537.36"
192.168.253.2 - - [14/Aug/2018:10:18:53 +0800] "GET /WEI_2100/systemclass_mini_prc?bigsysid=SA10370076&minisysid=supplyscope_c4 HTTP/1.1" 200 137 "http://merp.yudo.com.cn:8183/WEI_2100/WEI_2100?formKey=M20180814T093058687&menuSelection=asm" "Mozilla/5.0 (iPhone; CPU iPhone OS 11_0 like Mac OS X) AppleWebKit/604.1.38 (KHTML, like Gecko) Mobile/15A372JLAMPMode:iPhone"
117.136.67.90 - - [14/Aug/2018:10:18:53 +0800] "GET /WEI_2200/systemclass_mini_prc?bigsysid=OA10010200&minisysid=actGubunClass HTTP/1.1" 200 278 "http://merp.yudo.com.cn:8183/WEI_2200/WEI_2200?formKey=M20180814T094244597&menuSelection=asm" "Mozilla/5.0 (Linux; Android 8.1.0; MI 6X Build/OPM1.171019.011; wv) AppleWebKit/537.36 (KHTML, like Gecko) Version/4.0 Chrome/62.0.3202.84 Mobile Safari/537.36"
192.168.253.2 - - [14/Aug/2018:10:18:54 +0800] "GET /WEI_2100/systemclass_mini_prc?bigsysid=SA10380119&minisysid=supplyscope_c5 HTTP/1.1" 200 205 "http://merp.yudo.com.cn:8183/WEI_2100/WEI_2100?formKey=M20180814T093058687&menuSelection=asm" "Mozilla/5.0 (iPhone; CPU iPhone OS 11_0 like Mac OS X) AppleWebKit/604.1.38 (KHTML, like Gecko) Mobile/15A372JLAMPMode:iPhone"
117.136.67.90 - - [14/Aug/2018:10:18:56 +0800] "POST /WEI_2200/getPlanPhoto HTTP/1.1" 200 107 "http://merp.yudo.com.cn:8183/WEI_2200/WEI_2200?formKey=M20180814T094244597&menuSelection=asm" "Mozilla/5.0 (Linux; Android 8.1.0; MI 6X Build/OPM1.171019.011; wv) AppleWebKit/537.36 (KHTML, like Gecko) Version/4.0 Chrome/62.0.3202.84 Mobile Safari/537.36"
117.136.67.90 - - [14/Aug/2018:10:18:58 +0800] "GET /WEI_2200/reptMinute?actReptNo=201808090001&actPlanNo=201808090001 HTTP/1.1" 200 68 "http://merp.yudo.com.cn:8183/WEI_2200/WEI_2200?formKey=M20180814T094244597&menuSelection=asm" "Mozilla/5.0 (Linux; Android 8.1.0; MI 6X Build/OPM1.171019.011; wv) AppleWebKit/537.36 (KHTML, like Gecko) Version/4.0 Chrome/62.0.3202.84 Mobile Safari/537.36"
117.136.67.90 - - [14/Aug/2018:10:18:58 +0800] "GET /WEI_2200/systemclass_mini_prc?bigsysid=OA10010200&minisysid=reptActGubunClass HTTP/1.1" 200 278 "http://merp.yudo.com.cn:8183/WEI_2200/WEI_2200?formKey=M20180814T094244597&menuSelection=asm" "Mozilla/5.0 (Linux; Android 8.1.0; MI 6X Build/OPM1.171019.011; wv) AppleWebKit/537.36 (KHTML, like Gecko) Version/4.0 Chrome/62.0.3202.84 Mobile Safari/537.36"
117.136.67.90 - - [14/Aug/2018:10:18:58 +0800] "GET /WEI_2200/systemclass_big_prc?bigsysid=CustPattern HTTP/1.1" 200 227 "http://merp.yudo.com.cn:8183/WEI_2200/WEI_2200?formKey=M20180814T094244597&menuSelection=asm" "Mozilla/5.0 (Linux; Android 8.1.0; MI 6X Build/OPM1.171019.011; wv) AppleWebKit/537.36 (KHTML, like Gecko) Version/4.0 Chrome/62.0.3202.84 Mobile Safari/537.36"
117.136.67.90 - - [14/Aug/2018:10:19:02 +0800] "GET /Menu/Menu/menuLists?formKey=M20180814T094244597&menuSelection=asm HTTP/1.1" 200 6083 "http://merp.yudo.com.cn:8183/WEI_2200/WEI_2200?formKey=M20180814T094244597&menuSelection=asm" "Mozilla/5.0 (Linux; Android 8.1.0; MI 6X Build/OPM1.171019.011; wv) AppleWebKit/537.36 (KHTML, like Gecko) Version/4.0 Chrome/62.0.3202.84 Mobile Safari/537.36"
117.136.67.90 - - [14/Aug/2018:10:19:02 +0800] "POST /JLAMPCommon/langBatchRows_prc HTTP/1.1" 200 595 "http://merp.yudo.com.cn:8183/Menu/Menu/menuLists?formKey=M20180814T094244597&menuSelection=asm" "Mozilla/5.0 (Linux; Android 8.1.0; MI 6X Build/OPM1.171019.011; wv) AppleWebKit/537.36 (KHTML, like Gecko) Version/4.0 Chrome/62.0.3202.84 Mobile Safari/537.36"
117.136.67.90 - - [14/Aug/2018:10:19:03 +0800] "GET /JLAMPCommon/getCookieJson_prc HTTP/1.1" 200 862 "http://merp.yudo.com.cn:8183/Menu/Menu/menuLists?formKey=M20180814T094244597&menuSelection=asm" "Mozilla/5.0 (Linux; Android 8.1.0; MI 6X Build/OPM1.171019.011; wv) AppleWebKit/537.36 (KHTML, like Gecko) Version/4.0 Chrome/62.0.3202.84 Mobile Safari/537.36"
117.136.67.90 - - [14/Aug/2018:10:19:03 +0800] "GET /Menu/doMenuRows_prc?formKey=M20180814T094244597 HTTP/1.1" 200 1824 "http://merp.yudo.com.cn:8183/Menu/Menu/menuLists?formKey=M20180814T094244597&menuSelection=asm" "Mozilla/5.0 (Linux; Android 8.1.0; MI 6X Build/OPM1.171019.011; wv) AppleWebKit/537.36 (KHTML, like Gecko) Version/4.0 Chrome/62.0.3202.84 Mobile Safari/537.36"
117.136.67.90 - - [14/Aug/2018:10:19:06 +0800] "GET /WEI_2000/WEI_2000?formKey=M20180814T094244597&menuSelection=asm HTTP/1.1" 200 36033 "http://merp.yudo.com.cn:8183/Menu/Menu/menuLists?formKey=M20180814T094244597&menuSelection=asm" "Mozilla/5.0 (Linux; Android 8.1.0; MI 6X Build/OPM1.171019.011; wv) AppleWebKit/537.36 (KHTML, like Gecko) Version/4.0 Chrome/62.0.3202.84 Mobile Safari/537.36"
117.136.67.90 - - [14/Aug/2018:10:19:06 +0800] "GET /css/WEI_2000/WEI_2000_Lists.css?v=201807080921 HTTP/1.1" 304 - "http://merp.yudo.com.cn:8183/WEI_2000/WEI_2000?formKey=M20180814T094244597&menuSelection=asm" "Mozilla/5.0 (Linux; Android 8.1.0; MI 6X Build/OPM1.171019.011; wv) AppleWebKit/537.36 (KHTML, like Gecko) Version/4.0 Chrome/62.0.3202.84 Mobile Safari/537.36"
117.136.67.90 - - [14/Aug/2018:10:19:06 +0800] "GET /js/WEI_2000/WEI_2000_Lists.js?v=201807370935 HTTP/1.1" 304 - "http://merp.yudo.com.cn:8183/WEI_2000/WEI_2000?formKey=M20180814T094244597&menuSelection=asm" "Mozilla/5.0 (Linux; Android 8.1.0; MI 6X Build/OPM1.171019.011; wv) AppleWebKit/537.36 (KHTML, like Gecko) Version/4.0 Chrome/62.0.3202.84 Mobile Safari/537.36"
117.136.67.90 - - [14/Aug/2018:10:19:06 +0800] "GET /third_party/bootstrap-3.3.5mui-table-view-cell/css/bootstrap.css HTTP/1.1" 404 1759 "http://merp.yudo.com.cn:8183/WEI_2000/WEI_2000?formKey=M20180814T094244597&menuSelection=asm" "Mozilla/5.0 (Linux; Android 8.1.0; MI 6X Build/OPM1.171019.011; wv) AppleWebKit/537.36 (KHTML, like Gecko) Version/4.0 Chrome/62.0.3202.84 Mobile Safari/537.36"
117.136.67.90 - - [14/Aug/2018:10:19:06 +0800] "POST /JLAMPCommon/langBatchRows_prc HTTP/1.1" 200 1422 "http://merp.yudo.com.cn:8183/WEI_2000/WEI_2000?formKey=M20180814T094244597&menuSelection=asm" "Mozilla/5.0 (Linux; Android 8.1.0; MI 6X Build/OPM1.171019.011; wv) AppleWebKit/537.36 (KHTML, like Gecko) Version/4.0 Chrome/62.0.3202.84 Mobile Safari/537.36"
117.136.67.90 - - [14/Aug/2018:10:19:06 +0800] "GET /JLAMPCommon/getCookieJson_prc HTTP/1.1" 200 862 "http://merp.yudo.com.cn:8183/WEI_2000/WEI_2000?formKey=M20180814T094244597&menuSelection=asm" "Mozilla/5.0 (Linux; Android 8.1.0; MI 6X Build/OPM1.171019.011; wv) AppleWebKit/537.36 (KHTML, like Gecko) Version/4.0 Chrome/62.0.3202.84 Mobile Safari/537.36"
117.136.67.90 - - [14/Aug/2018:10:19:07 +0800] "POST /JLAMPCommon/langRow_prc HTTP/1.1" 200 337 "http://merp.yudo.com.cn:8183/WEI_2000/WEI_2000?formKey=M20180814T094244597&menuSelection=asm" "Mozilla/5.0 (Linux; Android 8.1.0; MI 6X Build/OPM1.171019.011; wv) AppleWebKit/537.36 (KHTML, like Gecko) Version/4.0 Chrome/62.0.3202.84 Mobile Safari/537.36"
117.136.67.90 - - [14/Aug/2018:10:19:07 +0800] "POST /JLAMPCommon/langRow_prc HTTP/1.1" 200 299 "http://merp.yudo.com.cn:8183/WEI_2000/WEI_2000?formKey=M20180814T094244597&menuSelection=asm" "Mozilla/5.0 (Linux; Android 8.1.0; MI 6X Build/OPM1.171019.011; wv) AppleWebKit/537.36 (KHTML, like Gecko) Version/4.0 Chrome/62.0.3202.84 Mobile Safari/537.36"
117.136.67.90 - - [14/Aug/2018:10:19:07 +0800] "POST /JLAMPCommon/langRow_prc HTTP/1.1" 200 299 "http://merp.yudo.com.cn:8183/WEI_2000/WEI_2000?formKey=M20180814T094244597&menuSelection=asm" "Mozilla/5.0 (Linux; Android 8.1.0; MI 6X Build/OPM1.171019.011; wv) AppleWebKit/537.36 (KHTML, like Gecko) Version/4.0 Chrome/62.0.3202.84 Mobile Safari/537.36"
117.136.67.90 - - [14/Aug/2018:10:19:07 +0800] "POST /JLAMPCommon/langRow_prc HTTP/1.1" 200 245 "http://merp.yudo.com.cn:8183/WEI_2000/WEI_2000?formKey=M20180814T094244597&menuSelection=asm" "Mozilla/5.0 (Linux; Android 8.1.0; MI 6X Build/OPM1.171019.011; wv) AppleWebKit/537.36 (KHTML, like Gecko) Version/4.0 Chrome/62.0.3202.84 Mobile Safari/537.36"
117.136.67.90 - - [14/Aug/2018:10:19:08 +0800] "GET /WEI_2000/WEI_2000/login_user HTTP/1.1" 200 690 "http://merp.yudo.com.cn:8183/WEI_2000/WEI_2000?formKey=M20180814T094244597&menuSelection=asm" "Mozilla/5.0 (Linux; Android 8.1.0; MI 6X Build/OPM1.171019.011; wv) AppleWebKit/537.36 (KHTML, like Gecko) Version/4.0 Chrome/62.0.3202.84 Mobile Safari/537.36"
117.136.67.90 - - [14/Aug/2018:10:19:08 +0800] "GET /WEI_2000/WEI_2000/user_prc HTTP/1.1" 200 93034 "http://merp.yudo.com.cn:8183/WEI_2000/WEI_2000?formKey=M20180814T094244597&menuSelection=asm" "Mozilla/5.0 (Linux; Android 8.1.0; MI 6X Build/OPM1.171019.011; wv) AppleWebKit/537.36 (KHTML, like Gecko) Version/4.0 Chrome/62.0.3202.84 Mobile Safari/537.36"
117.136.67.90 - - [14/Aug/2018:10:19:08 +0800] "POST /JLAMPCommon/langRow_prc HTTP/1.1" 200 191 "http://merp.yudo.com.cn:8183/WEI_2000/WEI_2000?formKey=M20180814T094244597&menuSelection=asm" "Mozilla/5.0 (Linux; Android 8.1.0; MI 6X Build/OPM1.171019.011; wv) AppleWebKit/537.36 (KHTML, like Gecko) Version/4.0 Chrome/62.0.3202.84 Mobile Safari/537.36"
117.136.67.90 - - [14/Aug/2018:10:19:09 +0800] "POST /JLAMPCommon/langRow_prc HTTP/1.1" 200 203 "http://merp.yudo.com.cn:8183/WEI_2000/WEI_2000?formKey=M20180814T094244597&menuSelection=asm" "Mozilla/5.0 (Linux; Android 8.1.0; MI 6X Build/OPM1.171019.011; wv) AppleWebKit/537.36 (KHTML, like Gecko) Version/4.0 Chrome/62.0.3202.84 Mobile Safari/537.36"
117.136.67.90 - - [14/Aug/2018:10:19:12 +0800] "GET /Menu/Menu/menuLists?formKey=M20180814T094244597&menuSelection=asm HTTP/1.1" 200 6083 "http://merp.yudo.com.cn:8183/WEI_2000/WEI_2000?formKey=M20180814T094244597&menuSelection=asm" "Mozilla/5.0 (Linux; Android 8.1.0; MI 6X Build/OPM1.171019.011; wv) AppleWebKit/537.36 (KHTML, like Gecko) Version/4.0 Chrome/62.0.3202.84 Mobile Safari/537.36"
117.136.67.90 - - [14/Aug/2018:10:19:12 +0800] "POST /JLAMPCommon/langBatchRows_prc HTTP/1.1" 200 595 "http://merp.yudo.com.cn:8183/Menu/Menu/menuLists?formKey=M20180814T094244597&menuSelection=asm" "Mozilla/5.0 (Linux; Android 8.1.0; MI 6X Build/OPM1.171019.011; wv) AppleWebKit/537.36 (KHTML, like Gecko) Version/4.0 Chrome/62.0.3202.84 Mobile Safari/537.36"
117.136.67.90 - - [14/Aug/2018:10:19:12 +0800] "GET /JLAMPCommon/getCookieJson_prc HTTP/1.1" 200 862 "http://merp.yudo.com.cn:8183/Menu/Menu/menuLists?formKey=M20180814T094244597&menuSelection=asm" "Mozilla/5.0 (Linux; Android 8.1.0; MI 6X Build/OPM1.171019.011; wv) AppleWebKit/537.36 (KHTML, like Gecko) Version/4.0 Chrome/62.0.3202.84 Mobile Safari/537.36"
117.136.67.90 - - [14/Aug/2018:10:19:13 +0800] "GET /Menu/doMenuRows_prc?formKey=M20180814T094244597 HTTP/1.1" 200 1824 "http://merp.yudo.com.cn:8183/Menu/Menu/menuLists?formKey=M20180814T094244597&menuSelection=asm" "Mozilla/5.0 (Linux; Android 8.1.0; MI 6X Build/OPM1.171019.011; wv) AppleWebKit/537.36 (KHTML, like Gecko) Version/4.0 Chrome/62.0.3202.84 Mobile Safari/537.36"
192.168.253.2 - - [14/Aug/2018:10:19:16 +0800] "POST /WEI_2100/save_as HTTP/1.1" 200 74 "http://merp.yudo.com.cn:8183/WEI_2100/WEI_2100?formKey=M20180814T093058687&menuSelection=asm" "Mozilla/5.0 (iPhone; CPU iPhone OS 11_0 like Mac OS X) AppleWebKit/604.1.38 (KHTML, like Gecko) Mobile/15A372JLAMPMode:iPhone"
192.168.253.2 - - [14/Aug/2018:10:19:16 +0800] "GET /WEI_2100/as_minute?asid=2018080524 HTTP/1.1" 200 1737 "http://merp.yudo.com.cn:8183/WEI_2100/WEI_2100?formKey=M20180814T093058687&menuSelection=asm" "Mozilla/5.0 (iPhone; CPU iPhone OS 11_0 like Mac OS X) AppleWebKit/604.1.38 (KHTML, like Gecko) Mobile/15A372JLAMPMode:iPhone"
192.168.253.2 - - [14/Aug/2018:10:19:16 +0800] "GET /WEI_2100/as_minute_table?asid=2018080524 HTTP/1.1" 200 63 "http://merp.yudo.com.cn:8183/WEI_2100/WEI_2100?formKey=M20180814T093058687&menuSelection=asm" "Mozilla/5.0 (iPhone; CPU iPhone OS 11_0 like Mac OS X) AppleWebKit/604.1.38 (KHTML, like Gecko) Mobile/15A372JLAMPMode:iPhone"
192.168.253.2 - - [14/Aug/2018:10:19:18 +0800] "GET /WEI_2100/systemclass_mini_prc?bigsysid=AS10060010&minisysid=asclass1_c HTTP/1.1" 200 2504 "http://merp.yudo.com.cn:8183/WEI_2100/WEI_2100?formKey=M20180814T093058687&menuSelection=asm" "Mozilla/5.0 (iPhone; CPU iPhone OS 11_0 like Mac OS X) AppleWebKit/604.1.38 (KHTML, like Gecko) Mobile/15A372JLAMPMode:iPhone"
192.168.253.2 - - [14/Aug/2018:10:19:18 +0800] "GET /WEI_2100/systemclass_mini_prc?bigsysid=SA10370076&minisysid=supplyscope_c4 HTTP/1.1" 200 137 "http://merp.yudo.com.cn:8183/WEI_2100/WEI_2100?formKey=M20180814T093058687&menuSelection=asm" "Mozilla/5.0 (iPhone; CPU iPhone OS 11_0 like Mac OS X) AppleWebKit/604.1.38 (KHTML, like Gecko) Mobile/15A372JLAMPMode:iPhone"
192.168.253.2 - - [14/Aug/2018:10:19:18 +0800] "GET /WEI_2100/systemclass_mini_prc?bigsysid=SA10360027&minisysid=supplyscope_c3 HTTP/1.1" 200 202 "http://merp.yudo.com.cn:8183/WEI_2100/WEI_2100?formKey=M20180814T093058687&menuSelection=asm" "Mozilla/5.0 (iPhone; CPU iPhone OS 11_0 like Mac OS X) AppleWebKit/604.1.38 (KHTML, like Gecko) Mobile/15A372JLAMPMode:iPhone"
192.168.253.2 - - [14/Aug/2018:10:19:18 +0800] "GET /WEI_2100/systemclass_mini_prc?bigsysid=SA10340020&minisysid=supplyscope_c1 HTTP/1.1" 200 1053 "http://merp.yudo.com.cn:8183/WEI_2100/WEI_2100?formKey=M20180814T093058687&menuSelection=asm" "Mozilla/5.0 (iPhone; CPU iPhone OS 11_0 like Mac OS X) AppleWebKit/604.1.38 (KHTML, like Gecko) Mobile/15A372JLAMPMode:iPhone"
192.168.253.2 - - [14/Aug/2018:10:19:18 +0800] "GET /WEI_2100/systemclass_mini_prc?bigsysid=AS10110010&minisysid=ascause_c HTTP/1.1" 200 869 "http://merp.yudo.com.cn:8183/WEI_2100/WEI_2100?formKey=M20180814T093058687&menuSelection=asm" "Mozilla/5.0 (iPhone; CPU iPhone OS 11_0 like Mac OS X) AppleWebKit/604.1.38 (KHTML, like Gecko) Mobile/15A372JLAMPMode:iPhone"
192.168.253.2 - - [14/Aug/2018:10:19:18 +0800] "GET /WEI_2100/systemclass_mini_prc?bigsysid=SA10350018&minisysid=supplyscope_c2 HTTP/1.1" 200 167 "http://merp.yudo.com.cn:8183/WEI_2100/WEI_2100?formKey=M20180814T093058687&menuSelection=asm" "Mozilla/5.0 (iPhone; CPU iPhone OS 11_0 like Mac OS X) AppleWebKit/604.1.38 (KHTML, like Gecko) Mobile/15A372JLAMPMode:iPhone"
192.168.253.2 - - [14/Aug/2018:10:19:19 +0800] "GET /WEI_2100/systemclass_mini_prc?bigsysid=SA10380119&minisysid=supplyscope_c5 HTTP/1.1" 200 205 "http://merp.yudo.com.cn:8183/WEI_2100/WEI_2100?formKey=M20180814T093058687&menuSelection=asm" "Mozilla/5.0 (iPhone; CPU iPhone OS 11_0 like Mac OS X) AppleWebKit/604.1.38 (KHTML, like Gecko) Mobile/15A372JLAMPMode:iPhone"
::1 - - [14/Aug/2018:10:19:26 +0800] "OPTIONS * HTTP/1.0" 200 - "-" "Apache/2.4.6 (CentOS) PHP/5.6.32 (internal dummy connection)"
::1 - - [14/Aug/2018:10:19:27 +0800] "OPTIONS * HTTP/1.0" 200 - "-" "Apache/2.4.6 (CentOS) PHP/5.6.32 (internal dummy connection)"
::1 - - [14/Aug/2018:10:19:28 +0800] "OPTIONS * HTTP/1.0" 200 - "-" "Apache/2.4.6 (CentOS) PHP/5.6.32 (internal dummy connection)"
192.168.253.2 - - [14/Aug/2018:10:19:41 +0800] "GET /Menu/Menu/menuLists?formKey=M20180814T093058687&menuSelection=asm HTTP/1.1" 200 6083 "http://merp.yudo.com.cn:8183/WEI_2100/WEI_2100?formKey=M20180814T093058687&menuSelection=asm" "Mozilla/5.0 (iPhone; CPU iPhone OS 11_0 like Mac OS X) AppleWebKit/604.1.38 (KHTML, like Gecko) Mobile/15A372JLAMPMode:iPhone"
192.168.253.2 - - [14/Aug/2018:10:19:41 +0800] "POST /JLAMPCommon/langBatchRows_prc HTTP/1.1" 200 595 "http://merp.yudo.com.cn:8183/Menu/Menu/menuLists?formKey=M20180814T093058687&menuSelection=asm" "Mozilla/5.0 (iPhone; CPU iPhone OS 11_0 like Mac OS X) AppleWebKit/604.1.38 (KHTML, like Gecko) Mobile/15A372JLAMPMode:iPhone"
192.168.253.2 - - [14/Aug/2018:10:19:41 +0800] "GET /JLAMPCommon/getCookieJson_prc HTTP/1.1" 200 913 "http://merp.yudo.com.cn:8183/Menu/Menu/menuLists?formKey=M20180814T093058687&menuSelection=asm" "Mozilla/5.0 (iPhone; CPU iPhone OS 11_0 like Mac OS X) AppleWebKit/604.1.38 (KHTML, like Gecko) Mobile/15A372JLAMPMode:iPhone"
192.168.253.2 - - [14/Aug/2018:10:19:41 +0800] "GET /Menu/doMenuRows_prc?formKey=M20180814T093058687 HTTP/1.1" 200 1622 "http://merp.yudo.com.cn:8183/Menu/Menu/menuLists?formKey=M20180814T093058687&menuSelection=asm" "Mozilla/5.0 (iPhone; CPU iPhone OS 11_0 like Mac OS X) AppleWebKit/604.1.38 (KHTML, like Gecko) Mobile/15A372JLAMPMode:iPhone"
117.136.67.90 - - [14/Aug/2018:10:19:57 +0800] "-" 408 - "-" "-"
192.168.253.2 - - [14/Aug/2018:10:20:18 +0800] "GET /WEI_2000/WEI_2000?formKey=M20180814T093058687&menuSelection=asm HTTP/1.1" 200 36033 "http://merp.yudo.com.cn:8183/Menu/Menu/menuLists?formKey=M20180814T093058687&menuSelection=asm" "Mozilla/5.0 (iPhone; CPU iPhone OS 11_0 like Mac OS X) AppleWebKit/604.1.38 (KHTML, like Gecko) Mobile/15A372JLAMPMode:iPhone"
192.168.253.2 - - [14/Aug/2018:10:20:18 +0800] "GET /css/WEI_2000/WEI_2000_Lists.css?v=201807080921 HTTP/1.1" 304 - "http://merp.yudo.com.cn:8183/WEI_2000/WEI_2000?formKey=M20180814T093058687&menuSelection=asm" "Mozilla/5.0 (iPhone; CPU iPhone OS 11_0 like Mac OS X) AppleWebKit/604.1.38 (KHTML, like Gecko) Mobile/15A372JLAMPMode:iPhone"
192.168.253.2 - - [14/Aug/2018:10:20:18 +0800] "GET /js/WEI_2000/WEI_2000_Lists.js?v=201807370935 HTTP/1.1" 304 - "http://merp.yudo.com.cn:8183/WEI_2000/WEI_2000?formKey=M20180814T093058687&menuSelection=asm" "Mozilla/5.0 (iPhone; CPU iPhone OS 11_0 like Mac OS X) AppleWebKit/604.1.38 (KHTML, like Gecko) Mobile/15A372JLAMPMode:iPhone"
192.168.253.2 - - [14/Aug/2018:10:20:18 +0800] "GET /third_party/bootstrap-3.3.5mui-table-view-cell/css/bootstrap.css HTTP/1.1" 404 1759 "http://merp.yudo.com.cn:8183/WEI_2000/WEI_2000?formKey=M20180814T093058687&menuSelection=asm" "Mozilla/5.0 (iPhone; CPU iPhone OS 11_0 like Mac OS X) AppleWebKit/604.1.38 (KHTML, like Gecko) Mobile/15A372JLAMPMode:iPhone"
192.168.253.2 - - [14/Aug/2018:10:20:18 +0800] "POST /JLAMPCommon/langBatchRows_prc HTTP/1.1" 200 1422 "http://merp.yudo.com.cn:8183/WEI_2000/WEI_2000?formKey=M20180814T093058687&menuSelection=asm" "Mozilla/5.0 (iPhone; CPU iPhone OS 11_0 like Mac OS X) AppleWebKit/604.1.38 (KHTML, like Gecko) Mobile/15A372JLAMPMode:iPhone"
192.168.253.2 - - [14/Aug/2018:10:20:18 +0800] "GET /JLAMPCommon/getCookieJson_prc HTTP/1.1" 200 913 "http://merp.yudo.com.cn:8183/WEI_2000/WEI_2000?formKey=M20180814T093058687&menuSelection=asm" "Mozilla/5.0 (iPhone; CPU iPhone OS 11_0 like Mac OS X) AppleWebKit/604.1.38 (KHTML, like Gecko) Mobile/15A372JLAMPMode:iPhone"
192.168.253.2 - - [14/Aug/2018:10:20:18 +0800] "POST /JLAMPCommon/langRow_prc HTTP/1.1" 200 337 "http://merp.yudo.com.cn:8183/WEI_2000/WEI_2000?formKey=M20180814T093058687&menuSelection=asm" "Mozilla/5.0 (iPhone; CPU iPhone OS 11_0 like Mac OS X) AppleWebKit/604.1.38 (KHTML, like Gecko) Mobile/15A372JLAMPMode:iPhone"
192.168.253.2 - - [14/Aug/2018:10:20:18 +0800] "POST /JLAMPCommon/langRow_prc HTTP/1.1" 200 299 "http://merp.yudo.com.cn:8183/WEI_2000/WEI_2000?formKey=M20180814T093058687&menuSelection=asm" "Mozilla/5.0 (iPhone; CPU iPhone OS 11_0 like Mac OS X) AppleWebKit/604.1.38 (KHTML, like Gecko) Mobile/15A372JLAMPMode:iPhone"
192.168.253.2 - - [14/Aug/2018:10:20:19 +0800] "POST /JLAMPCommon/langRow_prc HTTP/1.1" 200 299 "http://merp.yudo.com.cn:8183/WEI_2000/WEI_2000?formKey=M20180814T093058687&menuSelection=asm" "Mozilla/5.0 (iPhone; CPU iPhone OS 11_0 like Mac OS X) AppleWebKit/604.1.38 (KHTML, like Gecko) Mobile/15A372JLAMPMode:iPhone"
192.168.253.2 - - [14/Aug/2018:10:20:19 +0800] "POST /JLAMPCommon/langRow_prc HTTP/1.1" 200 245 "http://merp.yudo.com.cn:8183/WEI_2000/WEI_2000?formKey=M20180814T093058687&menuSelection=asm" "Mozilla/5.0 (iPhone; CPU iPhone OS 11_0 like Mac OS X) AppleWebKit/604.1.38 (KHTML, like Gecko) Mobile/15A372JLAMPMode:iPhone"
192.168.253.2 - - [14/Aug/2018:10:20:19 +0800] "GET /WEI_2000/WEI_2000/login_user HTTP/1.1" 200 153 "http://merp.yudo.com.cn:8183/WEI_2000/WEI_2000?formKey=M20180814T093058687&menuSelection=asm" "Mozilla/5.0 (iPhone; CPU iPhone OS 11_0 like Mac OS X) AppleWebKit/604.1.38 (KHTML, like Gecko) Mobile/15A372JLAMPMode:iPhone"
