114.219.22.32 - - [24/Apr/2019:13:55:12 +0800] "GET /image/fonticon/backMenu_icon.png HTTP/1.1" 200 1449 "http://merp.yudo.com.cn:8183/css/yudo-ui.css?v=1066" "Mozilla/5.0 (Windows NT 6.1; Win64; x64) AppleWebKit/537.36 (KHTML, like Gecko) Chrome/73.0.3683.103 Safari/537.36"
114.219.22.32 - - [24/Apr/2019:13:55:12 +0800] "GET /image/fonticon/write_icon.png HTTP/1.1" 200 1384 "http://merp.yudo.com.cn:8183/css/yudo-ui.css?v=1066" "Mozilla/5.0 (Windows NT 6.1; Win64; x64) AppleWebKit/537.36 (KHTML, like Gecko) Chrome/73.0.3683.103 Safari/537.36"
114.219.22.32 - - [24/Apr/2019:13:55:12 +0800] "GET /image/fonticon/search_icon.png HTTP/1.1" 200 2335 "http://merp.yudo.com.cn:8183/css/yudo-ui.css?v=1066" "Mozilla/5.0 (Windows NT 6.1; Win64; x64) AppleWebKit/537.36 (KHTML, like Gecko) Chrome/73.0.3683.103 Safari/537.36"
114.219.22.32 - - [24/Apr/2019:13:55:12 +0800] "GET /js/WEI_2100/font/iconfont.woff?v=230-rc1 HTTP/1.1" 200 25996 "http://merp.yudo.com.cn:8183/js/WEI_2100/css/layui.css" "Mozilla/5.0 (Windows NT 6.1; Win64; x64) AppleWebKit/537.36 (KHTML, like Gecko) Chrome/73.0.3683.103 Safari/537.36"
114.219.22.32 - - [24/Apr/2019:13:55:12 +0800] "GET /WEI_2100/login_user HTTP/1.1" 200 155 "http://merp.yudo.com.cn:8183/WEI_2100/WEI_2100?formKey=Menu&menuSelection=asm" "Mozilla/5.0 (Windows NT 6.1; Win64; x64) AppleWebKit/537.36 (KHTML, like Gecko) Chrome/73.0.3683.103 Safari/537.36"
114.219.22.32 - - [24/Apr/2019:13:55:12 +0800] "POST /JLAMPCommon/langBatchRows_prc HTTP/1.1" 200 15993 "http://merp.yudo.com.cn:8183/WEI_2100/WEI_2100?formKey=Menu&menuSelection=asm" "Mozilla/5.0 (Windows NT 6.1; Win64; x64) AppleWebKit/537.36 (KHTML, like Gecko) Chrome/73.0.3683.103 Safari/537.36"
114.219.22.32 - - [24/Apr/2019:13:55:12 +0800] "POST /JLAMPCommon/langBatchRows_prc HTTP/1.1" 200 13603 "http://merp.yudo.com.cn:8183/WEI_2100/WEI_2100?formKey=Menu&menuSelection=asm" "Mozilla/5.0 (Windows NT 6.1; Win64; x64) AppleWebKit/537.36 (KHTML, like Gecko) Chrome/73.0.3683.103 Safari/537.36"
42.236.10.93 - - [24/Apr/2019:13:55:13 +0800] "GET /css/yudo-ui.css?v=1052 HTTP/1.1" 200 30448 "http://merp.yudo.com.cn:8183/?deviceType=mobile&devicePlatform=ios" "Mozilla/5.0 (iPhone; CPU iPhone OS 11_0 like Mac OS X) AppleWebKit/604.1.38 (KHTML, like Gecko) Version/11.0 Mobile/15A372 Safari/604.1"
42.236.10.78 - - [24/Apr/2019:13:55:13 +0800] "GET /css/mui.min.css?v=1008 HTTP/1.1" 200 76587 "http://merp.yudo.com.cn:8183/?deviceType=mobile&devicePlatform=ios" "Mozilla/5.0 (iPhone; CPU iPhone OS 11_0 like Mac OS X) AppleWebKit/604.1.38 (KHTML, like Gecko) Version/11.0 Mobile/15A372 Safari/604.1"
42.236.10.75 - - [24/Apr/2019:13:55:13 +0800] "GET /css/common.css?v=5007 HTTP/1.1" 200 14033 "http://merp.yudo.com.cn:8183/?deviceType=mobile&devicePlatform=ios" "Mozilla/5.0 (iPhone; CPU iPhone OS 11_0 like Mac OS X) AppleWebKit/604.1.38 (KHTML, like Gecko) Version/11.0 Mobile/15A372 Safari/604.1"
42.236.10.78 - - [24/Apr/2019:13:55:13 +0800] "GET /third_party/bootstrap-3.3.5/css/bootstrap.css HTTP/1.1" 200 147430 "http://merp.yudo.com.cn:8183/?deviceType=mobile&devicePlatform=ios" "Mozilla/5.0 (iPhone; CPU iPhone OS 11_0 like Mac OS X) AppleWebKit/604.1.38 (KHTML, like Gecko) Version/11.0 Mobile/15A372 Safari/604.1"
42.236.10.75 - - [24/Apr/2019:13:55:13 +0800] "GET /third_party/jquery-2.1.4/jquery.js HTTP/1.1" 200 247606 "http://merp.yudo.com.cn:8183/?deviceType=mobile&devicePlatform=ios" "Mozilla/5.0 (iPhone; CPU iPhone OS 11_0 like Mac OS X) AppleWebKit/604.1.38 (KHTML, like Gecko) Version/11.0 Mobile/15A372 Safari/604.1"
42.236.10.84 - - [24/Apr/2019:13:55:13 +0800] "GET /css/login.css?v=1056 HTTP/1.1" 200 5687 "http://merp.yudo.com.cn:8183/?deviceType=mobile&devicePlatform=ios" "Mozilla/5.0 (iPhone; CPU iPhone OS 11_0 like Mac OS X) AppleWebKit/604.1.38 (KHTML, like Gecko) Version/11.0 Mobile/15A372 Safari/604.1"
114.219.22.32 - - [24/Apr/2019:13:55:14 +0800] "GET /WEI_2100/systemclass_big_prc?bigsysid=markets HTTP/1.1" 200 512 "http://merp.yudo.com.cn:8183/WEI_2100/WEI_2100?formKey=Menu&menuSelection=asm" "Mozilla/5.0 (Windows NT 6.1; Win64; x64) AppleWebKit/537.36 (KHTML, like Gecko) Chrome/73.0.3683.103 Safari/537.36"
42.236.10.75 - - [24/Apr/2019:13:55:14 +0800] "GET /js/login.js?v=10041 HTTP/1.1" 200 12901 "http://merp.yudo.com.cn:8183/?deviceType=mobile&devicePlatform=ios" "Mozilla/5.0 (iPhone; CPU iPhone OS 11_0 like Mac OS X) AppleWebKit/604.1.38 (KHTML, like Gecko) Version/11.0 Mobile/15A372 Safari/604.1"
42.236.10.93 - - [24/Apr/2019:13:55:14 +0800] "GET /js/mui.min.js?v=1001 HTTP/1.1" 200 115810 "http://merp.yudo.com.cn:8183/?deviceType=mobile&devicePlatform=ios" "Mozilla/5.0 (iPhone; CPU iPhone OS 11_0 like Mac OS X) AppleWebKit/604.1.38 (KHTML, like Gecko) Version/11.0 Mobile/15A372 Safari/604.1"
42.236.10.84 - - [24/Apr/2019:13:55:14 +0800] "GET /js/multiHttp.js?v=1001 HTTP/1.1" 200 13579 "http://merp.yudo.com.cn:8183/?deviceType=mobile&devicePlatform=ios" "Mozilla/5.0 (iPhone; CPU iPhone OS 11_0 like Mac OS X) AppleWebKit/604.1.38 (KHTML, like Gecko) Version/11.0 Mobile/15A372 Safari/604.1"
114.219.22.32 - - [24/Apr/2019:13:55:14 +0800] "GET /WEI_2100/systemclass_big_prc?bigsysid=startpoint HTTP/1.1" 200 317 "http://merp.yudo.com.cn:8183/WEI_2100/WEI_2100?formKey=Menu&menuSelection=asm" "Mozilla/5.0 (Windows NT 6.1; Win64; x64) AppleWebKit/537.36 (KHTML, like Gecko) Chrome/73.0.3683.103 Safari/537.36"
114.219.22.32 - - [24/Apr/2019:13:55:14 +0800] "GET /WEI_2100/systemclass_big_prc?bigsysid=asbadtype HTTP/1.1" 200 152 "http://merp.yudo.com.cn:8183/WEI_2100/WEI_2100?formKey=Menu&menuSelection=asm" "Mozilla/5.0 (Windows NT 6.1; Win64; x64) AppleWebKit/537.36 (KHTML, like Gecko) Chrome/73.0.3683.103 Safari/537.36"
114.219.22.32 - - [24/Apr/2019:13:55:14 +0800] "GET /WEI_2100/systemclass_big_prc?bigsysid=asclass HTTP/1.1" 200 264 "http://merp.yudo.com.cn:8183/WEI_2100/WEI_2100?formKey=Menu&menuSelection=asm" "Mozilla/5.0 (Windows NT 6.1; Win64; x64) AppleWebKit/537.36 (KHTML, like Gecko) Chrome/73.0.3683.103 Safari/537.36"
42.236.10.78 - - [24/Apr/2019:13:55:16 +0800] "GET /js/lang.min.js?v=1001 HTTP/1.1" 200 1120 "http://merp.yudo.com.cn:8183/?deviceType=mobile&devicePlatform=ios" "Mozilla/5.0 (iPhone; CPU iPhone OS 11_0 like Mac OS X) AppleWebKit/604.1.38 (KHTML, like Gecko) Version/11.0 Mobile/15A372 Safari/604.1"
42.236.10.93 - - [24/Apr/2019:13:55:16 +0800] "GET /Menu/Menu?formKey=M20190424T135254317 HTTP/1.1" 200 154 "-" "Mozilla/5.0 (iPhone; CPU iPhone OS 11_0 like Mac OS X) AppleWebKit/604.1.38 (KHTML, like Gecko) Version/11.0 Mobile/15A372 Safari/604.1"
114.219.22.32 - - [24/Apr/2019:13:55:14 +0800] "GET /WEI_2100/systemclass_big_prc?bigsysid=asclass1 HTTP/1.1" 200 475 "http://merp.yudo.com.cn:8183/WEI_2100/WEI_2100?formKey=Menu&menuSelection=asm" "Mozilla/5.0 (Windows NT 6.1; Win64; x64) AppleWebKit/537.36 (KHTML, like Gecko) Chrome/73.0.3683.103 Safari/537.36"
42.236.10.75 - - [24/Apr/2019:13:55:16 +0800] "GET /js/fastclick.js HTTP/1.1" 200 25966 "http://merp.yudo.com.cn:8183/?deviceType=mobile&devicePlatform=ios" "Mozilla/5.0 (iPhone; CPU iPhone OS 11_0 like Mac OS X) AppleWebKit/604.1.38 (KHTML, like Gecko) Version/11.0 Mobile/15A372 Safari/604.1"
114.219.22.32 - - [24/Apr/2019:13:55:14 +0800] "GET /WEI_2100/systemclass_big_prc?bigsysid=area HTTP/1.1" 200 785 "http://merp.yudo.com.cn:8183/WEI_2100/WEI_2100?formKey=Menu&menuSelection=asm" "Mozilla/5.0 (Windows NT 6.1; Win64; x64) AppleWebKit/537.36 (KHTML, like Gecko) Chrome/73.0.3683.103 Safari/537.36"
42.236.10.84 - - [24/Apr/2019:13:55:17 +0800] "GET /third_party/bootstrap-3.3.5/js/bootstrap.min.js HTTP/1.1" 200 36816 "http://merp.yudo.com.cn:8183/?deviceType=mobile&devicePlatform=ios" "Mozilla/5.0 (iPhone; CPU iPhone OS 11_0 like Mac OS X) AppleWebKit/604.1.38 (KHTML, like Gecko) Version/11.0 Mobile/15A372 Safari/604.1"
114.219.22.32 - - [24/Apr/2019:13:55:16 +0800] "GET /WEI_2100/as_prc?asid=&custnm=&userNm=&startDate=2019-04-01&endDate=2019-04-24&ascount=0 HTTP/1.1" 200 15290 "http://merp.yudo.com.cn:8183/WEI_2100/WEI_2100?formKey=Menu&menuSelection=asm" "Mozilla/5.0 (Windows NT 6.1; Win64; x64) AppleWebKit/537.36 (KHTML, like Gecko) Chrome/73.0.3683.103 Safari/537.36"
114.219.22.32 - - [24/Apr/2019:13:55:14 +0800] "GET /WEI_2100/systemclass_big_prc?bigsysid=supplyscope HTTP/1.1" 200 302 "http://merp.yudo.com.cn:8183/WEI_2100/WEI_2100?formKey=Menu&menuSelection=asm" "Mozilla/5.0 (Windows NT 6.1; Win64; x64) AppleWebKit/537.36 (KHTML, like Gecko) Chrome/73.0.3683.103 Safari/537.36"
114.219.22.32 - - [24/Apr/2019:13:55:15 +0800] "GET /WEI_2100/user_prc HTTP/1.1" 200 90535 "http://merp.yudo.com.cn:8183/WEI_2100/WEI_2100?formKey=Menu&menuSelection=asm" "Mozilla/5.0 (Windows NT 6.1; Win64; x64) AppleWebKit/537.36 (KHTML, like Gecko) Chrome/73.0.3683.103 Safari/537.36"
42.236.10.78 - - [24/Apr/2019:13:55:17 +0800] "GET /js/JLAMP.polyfill.min.js HTTP/1.1" 200 361 "http://merp.yudo.com.cn:8183/?deviceType=mobile&devicePlatform=ios" "Mozilla/5.0 (iPhone; CPU iPhone OS 11_0 like Mac OS X) AppleWebKit/604.1.38 (KHTML, like Gecko) Version/11.0 Mobile/15A372 Safari/604.1"
42.236.10.78 - - [24/Apr/2019:13:55:17 +0800] "GET /js/JLAMP.min.js HTTP/1.1" 200 1461 "http://merp.yudo.com.cn:8183/?deviceType=mobile&devicePlatform=ios" "Mozilla/5.0 (iPhone; CPU iPhone OS 11_0 like Mac OS X) AppleWebKit/604.1.38 (KHTML, like Gecko) Version/11.0 Mobile/15A372 Safari/604.1"
114.219.22.32 - - [24/Apr/2019:13:55:14 +0800] "GET /WEI_2100/systemclass_big_prc?bigsysid=ascause HTTP/1.1" 200 209 "http://merp.yudo.com.cn:8183/WEI_2100/WEI_2100?formKey=Menu&menuSelection=asm" "Mozilla/5.0 (Windows NT 6.1; Win64; x64) AppleWebKit/537.36 (KHTML, like Gecko) Chrome/73.0.3683.103 Safari/537.36"
114.219.22.32 - - [24/Apr/2019:13:55:16 +0800] "GET /WEI_2100/as_unit HTTP/1.1" 200 1002 "http://merp.yudo.com.cn:8183/WEI_2100/WEI_2100?formKey=Menu&menuSelection=asm" "Mozilla/5.0 (Windows NT 6.1; Win64; x64) AppleWebKit/537.36 (KHTML, like Gecko) Chrome/73.0.3683.103 Safari/537.36"
42.236.10.78 - - [24/Apr/2019:13:55:20 +0800] "GET /js/JLAMP.common.min.js HTTP/1.1" 200 9705 "http://merp.yudo.com.cn:8183/?deviceType=mobile&devicePlatform=ios" "Mozilla/5.0 (iPhone; CPU iPhone OS 11_0 like Mac OS X) AppleWebKit/604.1.38 (KHTML, like Gecko) Version/11.0 Mobile/15A372 Safari/604.1"
42.236.10.78 - - [24/Apr/2019:13:55:20 +0800] "GET /js/JLAMP.menu.min.js HTTP/1.1" 200 6519 "http://merp.yudo.com.cn:8183/?deviceType=mobile&devicePlatform=ios" "Mozilla/5.0 (iPhone; CPU iPhone OS 11_0 like Mac OS X) AppleWebKit/604.1.38 (KHTML, like Gecko) Version/11.0 Mobile/15A372 Safari/604.1"
42.236.10.75 - - [24/Apr/2019:13:55:20 +0800] "GET /js/JLAMP.modal.min.js HTTP/1.1" 200 16516 "http://merp.yudo.com.cn:8183/?deviceType=mobile&devicePlatform=ios" "Mozilla/5.0 (iPhone; CPU iPhone OS 11_0 like Mac OS X) AppleWebKit/604.1.38 (KHTML, like Gecko) Version/11.0 Mobile/15A372 Safari/604.1"
42.236.10.84 - - [24/Apr/2019:13:55:21 +0800] "GET /js/JLAMP.lang.min.js HTTP/1.1" 200 1750 "http://merp.yudo.com.cn:8183/?deviceType=mobile&devicePlatform=ios" "Mozilla/5.0 (iPhone; CPU iPhone OS 11_0 like Mac OS X) AppleWebKit/604.1.38 (KHTML, like Gecko) Version/11.0 Mobile/15A372 Safari/604.1"
42.236.10.93 - - [24/Apr/2019:13:55:21 +0800] "GET /?deviceType=mobile&devicePlatform=android HTTP/1.1" 200 6641 "http://merp.yudo.com.cn:8183/Menu/Menu?formKey=M20190424T135254317" "Mozilla/5.0 (iPhone; CPU iPhone OS 11_0 like Mac OS X) AppleWebKit/604.1.38 (KHTML, like Gecko) Version/11.0 Mobile/15A372 Safari/604.1"
42.236.10.93 - - [24/Apr/2019:13:55:22 +0800] "GET /js/session.js HTTP/1.1" 200 638 "http://merp.yudo.com.cn:8183/?deviceType=mobile&devicePlatform=ios" "Mozilla/5.0 (iPhone; CPU iPhone OS 11_0 like Mac OS X) AppleWebKit/604.1.38 (KHTML, like Gecko) Version/11.0 Mobile/15A372 Safari/604.1"
42.236.10.84 - - [24/Apr/2019:13:55:22 +0800] "GET /js/version.js?v=20180920001 HTTP/1.1" 200 2607 "http://merp.yudo.com.cn:8183/?deviceType=mobile&devicePlatform=ios" "Mozilla/5.0 (iPhone; CPU iPhone OS 11_0 like Mac OS X) AppleWebKit/604.1.38 (KHTML, like Gecko) Version/11.0 Mobile/15A372 Safari/604.1"
42.236.10.78 - - [24/Apr/2019:13:55:23 +0800] "GET /js/common.js HTTP/1.1" 200 11633 "http://merp.yudo.com.cn:8183/?deviceType=mobile&devicePlatform=ios" "Mozilla/5.0 (iPhone; CPU iPhone OS 11_0 like Mac OS X) AppleWebKit/604.1.38 (KHTML, like Gecko) Version/11.0 Mobile/15A372 Safari/604.1"
42.236.10.78 - - [24/Apr/2019:13:55:23 +0800] "GET /js/GNB.js HTTP/1.1" 200 2176 "http://merp.yudo.com.cn:8183/?deviceType=mobile&devicePlatform=ios" "Mozilla/5.0 (iPhone; CPU iPhone OS 11_0 like Mac OS X) AppleWebKit/604.1.38 (KHTML, like Gecko) Version/11.0 Mobile/15A372 Safari/604.1"
42.236.10.75 - - [24/Apr/2019:13:55:23 +0800] "GET /js/JLAMP.autobinding.min.js HTTP/1.1" 200 8816 "http://merp.yudo.com.cn:8183/?deviceType=mobile&devicePlatform=ios" "Mozilla/5.0 (iPhone; CPU iPhone OS 11_0 like Mac OS X) AppleWebKit/604.1.38 (KHTML, like Gecko) Version/11.0 Mobile/15A372 Safari/604.1"
42.236.10.114 - - [24/Apr/2019:13:55:22 +0800] "GET /WEI_2100/WEI_2100?formKey=Menu&menuSelection=asm HTTP/1.1" 200 154 "-" "Mozilla/5.0 (iPhone; CPU iPhone OS 11_0 like Mac OS X) AppleWebKit/604.1.38 (KHTML, like Gecko) Version/11.0 Mobile/15A372 Safari/604.1"
::1 - - [24/Apr/2019:13:55:25 +0800] "OPTIONS * HTTP/1.0" 200 - "-" "Apache/2.4.6 (CentOS) PHP/5.6.32 (internal dummy connection)"
::1 - - [24/Apr/2019:13:55:26 +0800] "OPTIONS * HTTP/1.0" 200 - "-" "Apache/2.4.6 (CentOS) PHP/5.6.32 (internal dummy connection)"
::1 - - [24/Apr/2019:13:55:27 +0800] "OPTIONS * HTTP/1.0" 200 - "-" "Apache/2.4.6 (CentOS) PHP/5.6.32 (internal dummy connection)"
::1 - - [24/Apr/2019:13:55:28 +0800] "OPTIONS * HTTP/1.0" 200 - "-" "Apache/2.4.6 (CentOS) PHP/5.6.32 (internal dummy connection)"
::1 - - [24/Apr/2019:13:55:29 +0800] "OPTIONS * HTTP/1.0" 200 - "-" "Apache/2.4.6 (CentOS) PHP/5.6.32 (internal dummy connection)"
::1 - - [24/Apr/2019:13:55:30 +0800] "OPTIONS * HTTP/1.0" 200 - "-" "Apache/2.4.6 (CentOS) PHP/5.6.32 (internal dummy connection)"
::1 - - [24/Apr/2019:13:55:31 +0800] "OPTIONS * HTTP/1.0" 200 - "-" "Apache/2.4.6 (CentOS) PHP/5.6.32 (internal dummy connection)"
42.236.10.114 - - [24/Apr/2019:13:55:31 +0800] "GET /?deviceType=mobile&devicePlatform=android HTTP/1.1" 200 6641 "http://merp.yudo.com.cn:8183/WEI_2100/WEI_2100?formKey=Menu&menuSelection=asm" "Mozilla/5.0 (iPhone; CPU iPhone OS 11_0 like Mac OS X) AppleWebKit/604.1.38 (KHTML, like Gecko) Version/11.0 Mobile/15A372 Safari/604.1"
42.236.10.93 - - [24/Apr/2019:13:55:35 +0800] "GET /JLAMPCommon/getCookieJson_prc HTTP/1.1" 200 62 "http://merp.yudo.com.cn:8183/?deviceType=mobile&devicePlatform=ios" "Mozilla/5.0 (iPhone; CPU iPhone OS 11_0 like Mac OS X) AppleWebKit/604.1.38 (KHTML, like Gecko) Version/11.0 Mobile/15A372 Safari/604.1"
::1 - - [24/Apr/2019:13:55:37 +0800] "OPTIONS * HTTP/1.0" 200 - "-" "Apache/2.4.6 (CentOS) PHP/5.6.32 (internal dummy connection)"
180.163.220.4 - - [24/Apr/2019:13:55:43 +0800] "GET /?deviceType=mobile&devicePlatform=ios HTTP/1.1" 200 6641 "-" "Mozilla/5.0 (iPhone; CPU iPhone OS 11_0 like Mac OS X) AppleWebKit/604.1.38 (KHTML, like Gecko) Version/11.0 Mobile/15A372 Safari/604.1"
180.163.220.66 - - [24/Apr/2019:13:55:57 +0800] "GET /css/yudo-ui.css?v=1052 HTTP/1.1" 200 30448 "http://merp.yudo.com.cn:8183/?deviceType=mobile&devicePlatform=ios" "Mozilla/5.0 (iPhone; CPU iPhone OS 11_0 like Mac OS X) AppleWebKit/604.1.38 (KHTML, like Gecko) Version/11.0 Mobile/15A372 Safari/604.1"
180.163.220.4 - - [24/Apr/2019:13:55:57 +0800] "GET /css/login.css?v=1056 HTTP/1.1" 200 5687 "http://merp.yudo.com.cn:8183/?deviceType=mobile&devicePlatform=ios" "Mozilla/5.0 (iPhone; CPU iPhone OS 11_0 like Mac OS X) AppleWebKit/604.1.38 (KHTML, like Gecko) Version/11.0 Mobile/15A372 Safari/604.1"
180.163.220.5 - - [24/Apr/2019:13:55:57 +0800] "GET /css/mui.min.css?v=1008 HTTP/1.1" 200 76587 "http://merp.yudo.com.cn:8183/?deviceType=mobile&devicePlatform=ios" "Mozilla/5.0 (iPhone; CPU iPhone OS 11_0 like Mac OS X) AppleWebKit/604.1.38 (KHTML, like Gecko) Version/11.0 Mobile/15A372 Safari/604.1"
180.163.220.66 - - [24/Apr/2019:13:55:57 +0800] "GET /third_party/bootstrap-3.3.5/css/bootstrap.css HTTP/1.1" 200 147430 "http://merp.yudo.com.cn:8183/?deviceType=mobile&devicePlatform=ios" "Mozilla/5.0 (iPhone; CPU iPhone OS 11_0 like Mac OS X) AppleWebKit/604.1.38 (KHTML, like Gecko) Version/11.0 Mobile/15A372 Safari/604.1"
180.163.220.66 - - [24/Apr/2019:13:56:01 +0800] "GET /css/common.css?v=5007 HTTP/1.1" 200 14033 "http://merp.yudo.com.cn:8183/?deviceType=mobile&devicePlatform=ios" "Mozilla/5.0 (iPhone; CPU iPhone OS 11_0 like Mac OS X) AppleWebKit/604.1.38 (KHTML, like Gecko) Version/11.0 Mobile/15A372 Safari/604.1"
180.163.220.4 - - [24/Apr/2019:13:56:01 +0800] "GET /third_party/jquery-2.1.4/jquery.js HTTP/1.1" 200 247606 "http://merp.yudo.com.cn:8183/?deviceType=mobile&devicePlatform=ios" "Mozilla/5.0 (iPhone; CPU iPhone OS 11_0 like Mac OS X) AppleWebKit/604.1.38 (KHTML, like Gecko) Version/11.0 Mobile/15A372 Safari/604.1"
180.163.220.66 - - [24/Apr/2019:13:56:06 +0800] "GET /js/login.js?v=10041 HTTP/1.1" 200 12901 "http://merp.yudo.com.cn:8183/?deviceType=mobile&devicePlatform=ios" "Mozilla/5.0 (iPhone; CPU iPhone OS 11_0 like Mac OS X) AppleWebKit/604.1.38 (KHTML, like Gecko) Version/11.0 Mobile/15A372 Safari/604.1"
180.163.220.5 - - [24/Apr/2019:13:56:09 +0800] "GET /js/multiHttp.js?v=1001 HTTP/1.1" 200 13579 "http://merp.yudo.com.cn:8183/?deviceType=mobile&devicePlatform=ios" "Mozilla/5.0 (iPhone; CPU iPhone OS 11_0 like Mac OS X) AppleWebKit/604.1.38 (KHTML, like Gecko) Version/11.0 Mobile/15A372 Safari/604.1"
180.163.220.4 - - [24/Apr/2019:13:56:09 +0800] "GET /js/lang.min.js?v=1001 HTTP/1.1" 200 1120 "http://merp.yudo.com.cn:8183/?deviceType=mobile&devicePlatform=ios" "Mozilla/5.0 (iPhone; CPU iPhone OS 11_0 like Mac OS X) AppleWebKit/604.1.38 (KHTML, like Gecko) Version/11.0 Mobile/15A372 Safari/604.1"
180.163.220.66 - - [24/Apr/2019:13:56:09 +0800] "GET /js/fastclick.js HTTP/1.1" 200 25966 "http://merp.yudo.com.cn:8183/?deviceType=mobile&devicePlatform=ios" "Mozilla/5.0 (iPhone; CPU iPhone OS 11_0 like Mac OS X) AppleWebKit/604.1.38 (KHTML, like Gecko) Version/11.0 Mobile/15A372 Safari/604.1"
180.163.220.4 - - [24/Apr/2019:13:56:11 +0800] "GET /third_party/bootstrap-3.3.5/js/bootstrap.min.js HTTP/1.1" 200 36816 "http://merp.yudo.com.cn:8183/?deviceType=mobile&devicePlatform=ios" "Mozilla/5.0 (iPhone; CPU iPhone OS 11_0 like Mac OS X) AppleWebKit/604.1.38 (KHTML, like Gecko) Version/11.0 Mobile/15A372 Safari/604.1"
114.219.22.32 - - [24/Apr/2019:14:06:05 +0800] "GET /Menu/Menu/menuLists?formKey=undefined&menuSelection=undefined HTTP/1.1" 200 12096 "http://merp.yudo.com.cn:8183/WEI_2100/WEI_2100?formKey=Menu&menuSelection=asm" "Mozilla/5.0 (Windows NT 6.1; Win64; x64) AppleWebKit/537.36 (KHTML, like Gecko) Chrome/73.0.3683.103 Safari/537.36"
114.219.22.32 - - [24/Apr/2019:14:06:05 +0800] "GET /Menu/doMenuRows_prc?formKey=Menu HTTP/1.1" 200 1336 "http://merp.yudo.com.cn:8183/Menu/Menu/menuLists?formKey=undefined&menuSelection=undefined" "Mozilla/5.0 (Windows NT 6.1; Win64; x64) AppleWebKit/537.36 (KHTML, like Gecko) Chrome/73.0.3683.103 Safari/537.36"
114.219.22.32 - - [24/Apr/2019:14:06:05 +0800] "GET /Menu/getVersionInfo HTTP/1.1" 200 245 "http://merp.yudo.com.cn:8183/Menu/Menu/menuLists?formKey=undefined&menuSelection=undefined" "Mozilla/5.0 (Windows NT 6.1; Win64; x64) AppleWebKit/537.36 (KHTML, like Gecko) Chrome/73.0.3683.103 Safari/537.36"
114.219.22.32 - - [24/Apr/2019:14:06:06 +0800] "GET /Menu/getLoginInfo HTTP/1.1" 200 172 "http://merp.yudo.com.cn:8183/Menu/Menu/menuLists?formKey=undefined&menuSelection=undefined" "Mozilla/5.0 (Windows NT 6.1; Win64; x64) AppleWebKit/537.36 (KHTML, like Gecko) Chrome/73.0.3683.103 Safari/537.36"
42.236.10.93 - - [24/Apr/2019:14:06:15 +0800] "GET /Menu/Menu/menuLists?formKey=undefined&menuSelection=undefined HTTP/1.1" 200 154 "-" "Mozilla/5.0 (iPhone; CPU iPhone OS 11_0 like Mac OS X) AppleWebKit/604.1.38 (KHTML, like Gecko) Version/11.0 Mobile/15A372 Safari/604.1"
42.236.10.93 - - [24/Apr/2019:14:06:23 +0800] "GET /?deviceType=mobile&devicePlatform=android HTTP/1.1" 200 6641 "http://merp.yudo.com.cn:8183/Menu/Menu/menuLists?formKey=undefined&menuSelection=undefined" "Mozilla/5.0 (iPhone; CPU iPhone OS 11_0 like Mac OS X) AppleWebKit/604.1.38 (KHTML, like Gecko) Version/11.0 Mobile/15A372 Safari/604.1"
42.236.10.93 - - [24/Apr/2019:14:06:32 +0800] "GET /css/yudo-ui.css?v=1052 HTTP/1.1" 200 30448 "http://merp.yudo.com.cn:8183/?deviceType=mobile&devicePlatform=android" "Mozilla/5.0 (iPhone; CPU iPhone OS 11_0 like Mac OS X) AppleWebKit/604.1.38 (KHTML, like Gecko) Version/11.0 Mobile/15A372 Safari/604.1"
42.236.10.93 - - [24/Apr/2019:14:06:32 +0800] "GET /css/login.css?v=1056 HTTP/1.1" 200 5687 "http://merp.yudo.com.cn:8183/?deviceType=mobile&devicePlatform=android" "Mozilla/5.0 (iPhone; CPU iPhone OS 11_0 like Mac OS X) AppleWebKit/604.1.38 (KHTML, like Gecko) Version/11.0 Mobile/15A372 Safari/604.1"
42.236.10.78 - - [24/Apr/2019:14:06:32 +0800] "GET /css/mui.min.css?v=1008 HTTP/1.1" 200 76587 "http://merp.yudo.com.cn:8183/?deviceType=mobile&devicePlatform=android" "Mozilla/5.0 (iPhone; CPU iPhone OS 11_0 like Mac OS X) AppleWebKit/604.1.38 (KHTML, like Gecko) Version/11.0 Mobile/15A372 Safari/604.1"
42.236.10.78 - - [24/Apr/2019:14:06:32 +0800] "GET /css/common.css?v=5007 HTTP/1.1" 200 14033 "http://merp.yudo.com.cn:8183/?deviceType=mobile&devicePlatform=android" "Mozilla/5.0 (iPhone; CPU iPhone OS 11_0 like Mac OS X) AppleWebKit/604.1.38 (KHTML, like Gecko) Version/11.0 Mobile/15A372 Safari/604.1"
42.236.10.75 - - [24/Apr/2019:14:06:32 +0800] "GET /third_party/bootstrap-3.3.5/css/bootstrap.css HTTP/1.1" 200 147430 "http://merp.yudo.com.cn:8183/?deviceType=mobile&devicePlatform=android" "Mozilla/5.0 (iPhone; CPU iPhone OS 11_0 like Mac OS X) AppleWebKit/604.1.38 (KHTML, like Gecko) Version/11.0 Mobile/15A372 Safari/604.1"
42.236.10.75 - - [24/Apr/2019:14:06:32 +0800] "GET /third_party/jquery-2.1.4/jquery.js HTTP/1.1" 200 247606 "http://merp.yudo.com.cn:8183/?deviceType=mobile&devicePlatform=android" "Mozilla/5.0 (iPhone; CPU iPhone OS 11_0 like Mac OS X) AppleWebKit/604.1.38 (KHTML, like Gecko) Version/11.0 Mobile/15A372 Safari/604.1"
223.104.37.19 - - [24/Apr/2019:14:20:19 +0800] "POST /WEI_2300/getMempIdTarget HTTP/1.1" 200 2100 "http://merp.yudo.com.cn:8183/WEI_2300/WEI_2300?formKey=Menu&menuSelection=asm" "Mozilla/5.0 (iPhone; CPU iPhone OS 11_4_1 like Mac OS X) AppleWebKit/605.1.15 (KHTML, like Gecko) Mobile/15G77JLAMPMode:iPhone"
223.104.37.19 - - [24/Apr/2019:14:26:38 +0800] "POST /WEI_2300/getMempIdTarget HTTP/1.1" 200 2100 "http://merp.yudo.com.cn:8183/WEI_2300/WEI_2300?formKey=Menu&menuSelection=asm" "Mozilla/5.0 (iPhone; CPU iPhone OS 11_4_1 like Mac OS X) AppleWebKit/605.1.15 (KHTML, like Gecko) Mobile/15G77JLAMPMode:iPhone"
223.104.37.19 - - [24/Apr/2019:14:45:51 +0800] "POST /WEI_2300/getMempIdTarget HTTP/1.1" 200 2100 "http://merp.yudo.com.cn:8183/WEI_2300/WEI_2300?formKey=Menu&menuSelection=asm" "Mozilla/5.0 (iPhone; CPU iPhone OS 11_4_1 like Mac OS X) AppleWebKit/605.1.15 (KHTML, like Gecko) Mobile/15G77JLAMPMode:iPhone"
223.104.37.19 - - [24/Apr/2019:14:54:38 +0800] "POST /WEI_2300/getMempIdTarget HTTP/1.1" 200 2101 "http://merp.yudo.com.cn:8183/WEI_2300/WEI_2300?formKey=Menu&menuSelection=asm" "Mozilla/5.0 (iPhone; CPU iPhone OS 11_4_1 like Mac OS X) AppleWebKit/605.1.15 (KHTML, like Gecko) Mobile/15G77JLAMPMode:iPhone"
223.104.37.19 - - [24/Apr/2019:15:09:45 +0800] "POST /WEI_2300/getMempIdTarget HTTP/1.1" 200 2102 "http://merp.yudo.com.cn:8183/WEI_2300/WEI_2300?formKey=Menu&menuSelection=asm" "Mozilla/5.0 (iPhone; CPU iPhone OS 11_4_1 like Mac OS X) AppleWebKit/605.1.15 (KHTML, like Gecko) Mobile/15G77JLAMPMode:iPhone"
114.219.22.32 - - [24/Apr/2019:15:10:48 +0800] "GET /WEI_2100/WEI_2100?formKey=Menu&menuSelection=asm HTTP/1.1" 200 104512 "http://merp.yudo.com.cn:8183/Menu/Menu/menuLists?formKey=undefined&menuSelection=undefined" "Mozilla/5.0 (Windows NT 6.1; Win64; x64) AppleWebKit/537.36 (KHTML, like Gecko) Chrome/73.0.3683.103 Safari/537.36"
114.219.22.32 - - [24/Apr/2019:15:10:48 +0800] "GET /css/yudo-ui.css?v=1066 HTTP/1.1" 200 30448 "http://merp.yudo.com.cn:8183/WEI_2100/WEI_2100?formKey=Menu&menuSelection=asm" "Mozilla/5.0 (Windows NT 6.1; Win64; x64) AppleWebKit/537.36 (KHTML, like Gecko) Chrome/73.0.3683.103 Safari/537.36"
114.219.22.32 - - [24/Apr/2019:15:10:48 +0800] "GET /css/common.css?v=1001 HTTP/1.1" 200 14033 "http://merp.yudo.com.cn:8183/WEI_2100/WEI_2100?formKey=Menu&menuSelection=asm" "Mozilla/5.0 (Windows NT 6.1; Win64; x64) AppleWebKit/537.36 (KHTML, like Gecko) Chrome/73.0.3683.103 Safari/537.36"
114.219.22.32 - - [24/Apr/2019:15:10:48 +0800] "GET /css/WEI_2100/WEI_2100_Lists.css?v=21030 HTTP/1.1" 200 10369 "http://merp.yudo.com.cn:8183/WEI_2100/WEI_2100?formKey=Menu&menuSelection=asm" "Mozilla/5.0 (Windows NT 6.1; Win64; x64) AppleWebKit/537.36 (KHTML, like Gecko) Chrome/73.0.3683.103 Safari/537.36"
114.219.22.32 - - [24/Apr/2019:15:10:48 +0800] "GET /css/mui.picker.min.css HTTP/1.1" 200 4843 "http://merp.yudo.com.cn:8183/WEI_2100/WEI_2100?formKey=Menu&menuSelection=asm" "Mozilla/5.0 (Windows NT 6.1; Win64; x64) AppleWebKit/537.36 (KHTML, like Gecko) Chrome/73.0.3683.103 Safari/537.36"
114.219.22.32 - - [24/Apr/2019:15:10:48 +0800] "GET /css/mui.min.css?v=1010 HTTP/1.1" 200 76587 "http://merp.yudo.com.cn:8183/WEI_2100/WEI_2100?formKey=Menu&menuSelection=asm" "Mozilla/5.0 (Windows NT 6.1; Win64; x64) AppleWebKit/537.36 (KHTML, like Gecko) Chrome/73.0.3683.103 Safari/537.36"
114.219.22.32 - - [24/Apr/2019:15:10:48 +0800] "GET /js/WEI_2100/css/layui.css HTTP/1.1" 200 62448 "http://merp.yudo.com.cn:8183/WEI_2100/WEI_2100?formKey=Menu&menuSelection=asm" "Mozilla/5.0 (Windows NT 6.1; Win64; x64) AppleWebKit/537.36 (KHTML, like Gecko) Chrome/73.0.3683.103 Safari/537.36"
114.219.22.32 - - [24/Apr/2019:15:10:48 +0800] "GET /js/vue.js HTTP/1.1" 200 289301 "http://merp.yudo.com.cn:8183/WEI_2100/WEI_2100?formKey=Menu&menuSelection=asm" "Mozilla/5.0 (Windows NT 6.1; Win64; x64) AppleWebKit/537.36 (KHTML, like Gecko) Chrome/73.0.3683.103 Safari/537.36"
114.219.22.32 - - [24/Apr/2019:15:10:48 +0800] "GET /js/multiHttp.js?v=1004 HTTP/1.1" 200 13579 "http://merp.yudo.com.cn:8183/WEI_2100/WEI_2100?formKey=Menu&menuSelection=asm" "Mozilla/5.0 (Windows NT 6.1; Win64; x64) AppleWebKit/537.36 (KHTML, like Gecko) Chrome/73.0.3683.103 Safari/537.36"
114.219.22.32 - - [24/Apr/2019:15:10:48 +0800] "GET /js/multiSelect.js?v=2009 HTTP/1.1" 200 7376 "http://merp.yudo.com.cn:8183/WEI_2100/WEI_2100?formKey=Menu&menuSelection=asm" "Mozilla/5.0 (Windows NT 6.1; Win64; x64) AppleWebKit/537.36 (KHTML, like Gecko) Chrome/73.0.3683.103 Safari/537.36"
114.219.22.32 - - [24/Apr/2019:15:10:48 +0800] "GET /js/lang.js?v=1001 HTTP/1.1" 200 930 "http://merp.yudo.com.cn:8183/WEI_2100/WEI_2100?formKey=Menu&menuSelection=asm" "Mozilla/5.0 (Windows NT 6.1; Win64; x64) AppleWebKit/537.36 (KHTML, like Gecko) Chrome/73.0.3683.103 Safari/537.36"
114.219.22.32 - - [24/Apr/2019:15:10:48 +0800] "GET /js/exif.js HTTP/1.1" 200 30213 "http://merp.yudo.com.cn:8183/WEI_2100/WEI_2100?formKey=Menu&menuSelection=asm" "Mozilla/5.0 (Windows NT 6.1; Win64; x64) AppleWebKit/537.36 (KHTML, like Gecko) Chrome/73.0.3683.103 Safari/537.36"
114.219.22.32 - - [24/Apr/2019:15:10:48 +0800] "GET /js/mui.previewimage.js?v=201804261256 HTTP/1.1" 200 13324 "http://merp.yudo.com.cn:8183/WEI_2100/WEI_2100?formKey=Menu&menuSelection=asm" "Mozilla/5.0 (Windows NT 6.1; Win64; x64) AppleWebKit/537.36 (KHTML, like Gecko) Chrome/73.0.3683.103 Safari/537.36"
114.219.22.32 - - [24/Apr/2019:15:10:48 +0800] "GET /js/mui.zoom.js?v=201804231454 HTTP/1.1" 200 11703 "http://merp.yudo.com.cn:8183/WEI_2100/WEI_2100?formKey=Menu&menuSelection=asm" "Mozilla/5.0 (Windows NT 6.1; Win64; x64) AppleWebKit/537.36 (KHTML, like Gecko) Chrome/73.0.3683.103 Safari/537.36"
114.219.22.32 - - [24/Apr/2019:15:10:48 +0800] "GET /image/qrcode.png HTTP/1.1" 200 5736 "http://merp.yudo.com.cn:8183/WEI_2100/WEI_2100?formKey=Menu&menuSelection=asm" "Mozilla/5.0 (Windows NT 6.1; Win64; x64) AppleWebKit/537.36 (KHTML, like Gecko) Chrome/73.0.3683.103 Safari/537.36"
114.219.22.32 - - [24/Apr/2019:15:10:48 +0800] "GET /js/WEI_2100/layui.all.js HTTP/1.1" 200 228080 "http://merp.yudo.com.cn:8183/WEI_2100/WEI_2100?formKey=Menu&menuSelection=asm" "Mozilla/5.0 (Windows NT 6.1; Win64; x64) AppleWebKit/537.36 (KHTML, like Gecko) Chrome/73.0.3683.103 Safari/537.36"
114.219.22.32 - - [24/Apr/2019:15:10:48 +0800] "GET /js/WEI_2100/WEI_2100_Lists.js?v=21030 HTTP/1.1" 200 141206 "http://merp.yudo.com.cn:8183/WEI_2100/WEI_2100?formKey=Menu&menuSelection=asm" "Mozilla/5.0 (Windows NT 6.1; Win64; x64) AppleWebKit/537.36 (KHTML, like Gecko) Chrome/73.0.3683.103 Safari/537.36"
114.219.22.32 - - [24/Apr/2019:15:10:49 +0800] "GET /js/WEI_2100/css/modules/laydate/default/laydate.css?v=5.0.9 HTTP/1.1" 200 7541 "http://merp.yudo.com.cn:8183/WEI_2100/WEI_2100?formKey=Menu&menuSelection=asm" "Mozilla/5.0 (Windows NT 6.1; Win64; x64) AppleWebKit/537.36 (KHTML, like Gecko) Chrome/73.0.3683.103 Safari/537.36"
114.219.22.32 - - [24/Apr/2019:15:10:49 +0800] "GET /js/WEI_2100/css/modules/layer/default/layer.css?v=3.1.1 HTTP/1.1" 200 14429 "http://merp.yudo.com.cn:8183/WEI_2100/WEI_2100?formKey=Menu&menuSelection=asm" "Mozilla/5.0 (Windows NT 6.1; Win64; x64) AppleWebKit/537.36 (KHTML, like Gecko) Chrome/73.0.3683.103 Safari/537.36"
114.219.22.32 - - [24/Apr/2019:15:10:49 +0800] "GET /js/WEI_2100/css/modules/code.css HTTP/1.1" 200 1067 "http://merp.yudo.com.cn:8183/WEI_2100/WEI_2100?formKey=Menu&menuSelection=asm" "Mozilla/5.0 (Windows NT 6.1; Win64; x64) AppleWebKit/537.36 (KHTML, like Gecko) Chrome/73.0.3683.103 Safari/537.36"
114.219.22.32 - - [24/Apr/2019:15:10:49 +0800] "GET /image/fonticon/extend_icon.png HTTP/1.1" 200 731 "http://merp.yudo.com.cn:8183/css/yudo-ui.css?v=1066" "Mozilla/5.0 (Windows NT 6.1; Win64; x64) AppleWebKit/537.36 (KHTML, like Gecko) Chrome/73.0.3683.103 Safari/537.36"
114.219.22.32 - - [24/Apr/2019:15:10:49 +0800] "GET /image/fonticon/back_icon2.png HTTP/1.1" 200 1066 "http://merp.yudo.com.cn:8183/css/yudo-ui.css?v=1066" "Mozilla/5.0 (Windows NT 6.1; Win64; x64) AppleWebKit/537.36 (KHTML, like Gecko) Chrome/73.0.3683.103 Safari/537.36"
114.219.22.32 - - [24/Apr/2019:15:10:49 +0800] "GET /image/fonticon/backMenu_icon.png HTTP/1.1" 200 1449 "http://merp.yudo.com.cn:8183/css/yudo-ui.css?v=1066" "Mozilla/5.0 (Windows NT 6.1; Win64; x64) AppleWebKit/537.36 (KHTML, like Gecko) Chrome/73.0.3683.103 Safari/537.36"
114.219.22.32 - - [24/Apr/2019:15:10:49 +0800] "GET /image/fonticon/write_icon.png HTTP/1.1" 200 1384 "http://merp.yudo.com.cn:8183/css/yudo-ui.css?v=1066" "Mozilla/5.0 (Windows NT 6.1; Win64; x64) AppleWebKit/537.36 (KHTML, like Gecko) Chrome/73.0.3683.103 Safari/537.36"
114.219.22.32 - - [24/Apr/2019:15:10:49 +0800] "GET /image/fonticon/search_icon.png HTTP/1.1" 200 2335 "http://merp.yudo.com.cn:8183/css/yudo-ui.css?v=1066" "Mozilla/5.0 (Windows NT 6.1; Win64; x64) AppleWebKit/537.36 (KHTML, like Gecko) Chrome/73.0.3683.103 Safari/537.36"
114.219.22.32 - - [24/Apr/2019:15:10:49 +0800] "GET /image/fonticon/xiala_icon.png HTTP/1.1" 200 356 "http://merp.yudo.com.cn:8183/css/yudo-ui.css?v=1066" "Mozilla/5.0 (Windows NT 6.1; Win64; x64) AppleWebKit/537.36 (KHTML, like Gecko) Chrome/73.0.3683.103 Safari/537.36"
114.219.22.32 - - [24/Apr/2019:15:10:49 +0800] "GET /fonts/mui.ttf HTTP/1.1" 200 29884 "http://merp.yudo.com.cn:8183/css/mui.min.css?v=1010" "Mozilla/5.0 (Windows NT 6.1; Win64; x64) AppleWebKit/537.36 (KHTML, like Gecko) Chrome/73.0.3683.103 Safari/537.36"
114.219.22.32 - - [24/Apr/2019:15:10:49 +0800] "GET /js/WEI_2100/font/iconfont.woff?v=230-rc1 HTTP/1.1" 200 25996 "http://merp.yudo.com.cn:8183/js/WEI_2100/css/layui.css" "Mozilla/5.0 (Windows NT 6.1; Win64; x64) AppleWebKit/537.36 (KHTML, like Gecko) Chrome/73.0.3683.103 Safari/537.36"
114.219.22.32 - - [24/Apr/2019:15:10:49 +0800] "GET /WEI_2100/login_user HTTP/1.1" 200 155 "http://merp.yudo.com.cn:8183/WEI_2100/WEI_2100?formKey=Menu&menuSelection=asm" "Mozilla/5.0 (Windows NT 6.1; Win64; x64) AppleWebKit/537.36 (KHTML, like Gecko) Chrome/73.0.3683.103 Safari/537.36"
114.219.22.32 - - [24/Apr/2019:15:10:49 +0800] "POST /JLAMPCommon/langBatchRows_prc HTTP/1.1" 200 15993 "http://merp.yudo.com.cn:8183/WEI_2100/WEI_2100?formKey=Menu&menuSelection=asm" "Mozilla/5.0 (Windows NT 6.1; Win64; x64) AppleWebKit/537.36 (KHTML, like Gecko) Chrome/73.0.3683.103 Safari/537.36"
114.219.22.32 - - [24/Apr/2019:15:10:49 +0800] "POST /JLAMPCommon/langBatchRows_prc HTTP/1.1" 200 13603 "http://merp.yudo.com.cn:8183/WEI_2100/WEI_2100?formKey=Menu&menuSelection=asm" "Mozilla/5.0 (Windows NT 6.1; Win64; x64) AppleWebKit/537.36 (KHTML, like Gecko) Chrome/73.0.3683.103 Safari/537.36"
114.219.22.32 - - [24/Apr/2019:15:10:50 +0800] "GET /WEI_2100/systemclass_big_prc?bigsysid=asclass1 HTTP/1.1" 200 475 "http://merp.yudo.com.cn:8183/WEI_2100/WEI_2100?formKey=Menu&menuSelection=asm" "Mozilla/5.0 (Windows NT 6.1; Win64; x64) AppleWebKit/537.36 (KHTML, like Gecko) Chrome/73.0.3683.103 Safari/537.36"
114.219.22.32 - - [24/Apr/2019:15:10:50 +0800] "GET /WEI_2100/systemclass_big_prc?bigsysid=startpoint HTTP/1.1" 200 317 "http://merp.yudo.com.cn:8183/WEI_2100/WEI_2100?formKey=Menu&menuSelection=asm" "Mozilla/5.0 (Windows NT 6.1; Win64; x64) AppleWebKit/537.36 (KHTML, like Gecko) Chrome/73.0.3683.103 Safari/537.36"
114.219.22.32 - - [24/Apr/2019:15:10:50 +0800] "GET /WEI_2100/systemclass_big_prc?bigsysid=markets HTTP/1.1" 200 512 "http://merp.yudo.com.cn:8183/WEI_2100/WEI_2100?formKey=Menu&menuSelection=asm" "Mozilla/5.0 (Windows NT 6.1; Win64; x64) AppleWebKit/537.36 (KHTML, like Gecko) Chrome/73.0.3683.103 Safari/537.36"
114.219.22.32 - - [24/Apr/2019:15:10:50 +0800] "GET /WEI_2100/systemclass_big_prc?bigsysid=area HTTP/1.1" 200 785 "http://merp.yudo.com.cn:8183/WEI_2100/WEI_2100?formKey=Menu&menuSelection=asm" "Mozilla/5.0 (Windows NT 6.1; Win64; x64) AppleWebKit/537.36 (KHTML, like Gecko) Chrome/73.0.3683.103 Safari/537.36"
114.219.22.32 - - [24/Apr/2019:15:10:51 +0800] "GET /WEI_2100/systemclass_big_prc?bigsysid=asclass HTTP/1.1" 200 264 "http://merp.yudo.com.cn:8183/WEI_2100/WEI_2100?formKey=Menu&menuSelection=asm" "Mozilla/5.0 (Windows NT 6.1; Win64; x64) AppleWebKit/537.36 (KHTML, like Gecko) Chrome/73.0.3683.103 Safari/537.36"
114.219.22.32 - - [24/Apr/2019:15:10:51 +0800] "GET /image/fonticon/loading_icon2.png HTTP/1.1" 200 808 "http://merp.yudo.com.cn:8183/css/mui.min.css?v=1010" "Mozilla/5.0 (Windows NT 6.1; Win64; x64) AppleWebKit/537.36 (KHTML, like Gecko) Chrome/73.0.3683.103 Safari/537.36"
114.219.22.32 - - [24/Apr/2019:15:10:50 +0800] "GET /WEI_2100/systemclass_big_prc?bigsysid=supplyscope HTTP/1.1" 200 302 "http://merp.yudo.com.cn:8183/WEI_2100/WEI_2100?formKey=Menu&menuSelection=asm" "Mozilla/5.0 (Windows NT 6.1; Win64; x64) AppleWebKit/537.36 (KHTML, like Gecko) Chrome/73.0.3683.103 Safari/537.36"
114.219.22.32 - - [24/Apr/2019:15:10:50 +0800] "GET /WEI_2100/systemclass_big_prc?bigsysid=asbadtype HTTP/1.1" 200 152 "http://merp.yudo.com.cn:8183/WEI_2100/WEI_2100?formKey=Menu&menuSelection=asm" "Mozilla/5.0 (Windows NT 6.1; Win64; x64) AppleWebKit/537.36 (KHTML, like Gecko) Chrome/73.0.3683.103 Safari/537.36"
114.219.22.32 - - [24/Apr/2019:15:10:51 +0800] "GET /WEI_2100/as_prc?asid=&custnm=&userNm=&startDate=2019-04-01&endDate=2019-04-24&ascount=0 HTTP/1.1" 200 15284 "http://merp.yudo.com.cn:8183/WEI_2100/WEI_2100?formKey=Menu&menuSelection=asm" "Mozilla/5.0 (Windows NT 6.1; Win64; x64) AppleWebKit/537.36 (KHTML, like Gecko) Chrome/73.0.3683.103 Safari/537.36"
114.219.22.32 - - [24/Apr/2019:15:10:51 +0800] "GET /WEI_2100/as_unit HTTP/1.1" 200 1002 "http://merp.yudo.com.cn:8183/WEI_2100/WEI_2100?formKey=Menu&menuSelection=asm" "Mozilla/5.0 (Windows NT 6.1; Win64; x64) AppleWebKit/537.36 (KHTML, like Gecko) Chrome/73.0.3683.103 Safari/537.36"
114.219.22.32 - - [24/Apr/2019:15:10:50 +0800] "GET /WEI_2100/systemclass_big_prc?bigsysid=ascause HTTP/1.1" 200 209 "http://merp.yudo.com.cn:8183/WEI_2100/WEI_2100?formKey=Menu&menuSelection=asm" "Mozilla/5.0 (Windows NT 6.1; Win64; x64) AppleWebKit/537.36 (KHTML, like Gecko) Chrome/73.0.3683.103 Safari/537.36"
114.219.22.32 - - [24/Apr/2019:15:10:51 +0800] "GET /WEI_2100/user_prc HTTP/1.1" 200 90535 "http://merp.yudo.com.cn:8183/WEI_2100/WEI_2100?formKey=Menu&menuSelection=asm" "Mozilla/5.0 (Windows NT 6.1; Win64; x64) AppleWebKit/537.36 (KHTML, like Gecko) Chrome/73.0.3683.103 Safari/537.36"
::1 - - [24/Apr/2019:15:11:00 +0800] "OPTIONS * HTTP/1.0" 200 - "-" "Apache/2.4.6 (CentOS) PHP/5.6.32 (internal dummy connection)"
223.104.37.19 - - [24/Apr/2019:15:11:38 +0800] "POST /WEI_2300/getMempIdTarget HTTP/1.1" 200 2102 "http://merp.yudo.com.cn:8183/WEI_2300/WEI_2300?formKey=Menu&menuSelection=asm" "Mozilla/5.0 (iPhone; CPU iPhone OS 11_4_1 like Mac OS X) AppleWebKit/605.1.15 (KHTML, like Gecko) Mobile/15G77JLAMPMode:iPhone"
223.104.37.19 - - [24/Apr/2019:15:18:59 +0800] "POST /WEI_2300/getMempIdTarget HTTP/1.1" 200 2102 "http://merp.yudo.com.cn:8183/WEI_2300/WEI_2300?formKey=Menu&menuSelection=asm" "Mozilla/5.0 (iPhone; CPU iPhone OS 11_4_1 like Mac OS X) AppleWebKit/605.1.15 (KHTML, like Gecko) Mobile/15G77JLAMPMode:iPhone"
223.104.37.19 - - [24/Apr/2019:15:21:54 +0800] "POST /WEI_2300/getMempIdTarget HTTP/1.1" 200 2102 "http://merp.yudo.com.cn:8183/WEI_2300/WEI_2300?formKey=Menu&menuSelection=asm" "Mozilla/5.0 (iPhone; CPU iPhone OS 11_4_1 like Mac OS X) AppleWebKit/605.1.15 (KHTML, like Gecko) Mobile/15G77JLAMPMode:iPhone"
223.104.37.19 - - [24/Apr/2019:15:41:42 +0800] "POST /WEI_2300/getMempIdTarget HTTP/1.1" 200 2103 "http://merp.yudo.com.cn:8183/WEI_2300/WEI_2300?formKey=Menu&menuSelection=asm" "Mozilla/5.0 (iPhone; CPU iPhone OS 11_4_1 like Mac OS X) AppleWebKit/605.1.15 (KHTML, like Gecko) Mobile/15G77JLAMPMode:iPhone"
223.104.37.19 - - [24/Apr/2019:15:49:07 +0800] "POST /WEI_2300/getMempIdTarget HTTP/1.1" 200 2104 "http://merp.yudo.com.cn:8183/WEI_2300/WEI_2300?formKey=Menu&menuSelection=asm" "Mozilla/5.0 (iPhone; CPU iPhone OS 11_4_1 like Mac OS X) AppleWebKit/605.1.15 (KHTML, like Gecko) Mobile/15G77JLAMPMode:iPhone"
223.104.37.19 - - [24/Apr/2019:15:49:54 +0800] "POST /WEI_2300/getMempIdTarget HTTP/1.1" 200 2104 "http://merp.yudo.com.cn:8183/WEI_2300/WEI_2300?formKey=Menu&menuSelection=asm" "Mozilla/5.0 (iPhone; CPU iPhone OS 11_4_1 like Mac OS X) AppleWebKit/605.1.15 (KHTML, like Gecko) Mobile/15G77JLAMPMode:iPhone"
223.104.37.19 - - [24/Apr/2019:16:33:40 +0800] "POST /WEI_2300/getMempIdTarget HTTP/1.1" 200 2105 "http://merp.yudo.com.cn:8183/WEI_2300/WEI_2300?formKey=Menu&menuSelection=asm" "Mozilla/5.0 (iPhone; CPU iPhone OS 11_4_1 like Mac OS X) AppleWebKit/605.1.15 (KHTML, like Gecko) Mobile/15G77JLAMPMode:iPhone"
223.104.37.19 - - [24/Apr/2019:16:38:56 +0800] "POST /WEI_2300/getMempIdTarget HTTP/1.1" 200 2105 "http://merp.yudo.com.cn:8183/WEI_2300/WEI_2300?formKey=Menu&menuSelection=asm" "Mozilla/5.0 (iPhone; CPU iPhone OS 11_4_1 like Mac OS X) AppleWebKit/605.1.15 (KHTML, like Gecko) Mobile/15G77JLAMPMode:iPhone"
223.104.37.19 - - [24/Apr/2019:16:49:39 +0800] "POST /WEI_2300/getMempIdTarget HTTP/1.1" 200 2105 "http://merp.yudo.com.cn:8183/WEI_2300/WEI_2300?formKey=Menu&menuSelection=asm" "Mozilla/5.0 (iPhone; CPU iPhone OS 11_4_1 like Mac OS X) AppleWebKit/605.1.15 (KHTML, like Gecko) Mobile/15G77JLAMPMode:iPhone"
223.104.37.19 - - [24/Apr/2019:17:02:01 +0800] "POST /WEI_2300/getMempIdTarget HTTP/1.1" 200 2105 "http://merp.yudo.com.cn:8183/WEI_2300/WEI_2300?formKey=Menu&menuSelection=asm" "Mozilla/5.0 (iPhone; CPU iPhone OS 11_4_1 like Mac OS X) AppleWebKit/605.1.15 (KHTML, like Gecko) Mobile/15G77JLAMPMode:iPhone"
223.104.37.19 - - [24/Apr/2019:17:22:44 +0800] "POST /WEI_2300/getMempIdTarget HTTP/1.1" 200 2105 "http://merp.yudo.com.cn:8183/WEI_2300/WEI_2300?formKey=Menu&menuSelection=asm" "Mozilla/5.0 (iPhone; CPU iPhone OS 11_4_1 like Mac OS X) AppleWebKit/605.1.15 (KHTML, like Gecko) Mobile/15G77JLAMPMode:iPhone"
223.104.37.19 - - [24/Apr/2019:17:22:57 +0800] "POST /WEI_2300/getMempIdTarget HTTP/1.1" 200 2128 "http://merp.yudo.com.cn:8183/WEI_2300/WEI_2300?formKey=Menu&menuSelection=asm" "Mozilla/5.0 (iPhone; CPU iPhone OS 11_4_1 like Mac OS X) AppleWebKit/605.1.15 (KHTML, like Gecko) Mobile/15G77JLAMPMode:iPhone"
223.104.37.19 - - [24/Apr/2019:17:39:24 +0800] "POST /WEI_2300/getMempIdTarget HTTP/1.1" 200 2128 "http://merp.yudo.com.cn:8183/WEI_2300/WEI_2300?formKey=Menu&menuSelection=asm" "Mozilla/5.0 (iPhone; CPU iPhone OS 11_4_1 like Mac OS X) AppleWebKit/605.1.15 (KHTML, like Gecko) Mobile/15G77JLAMPMode:iPhone"
223.104.37.19 - - [24/Apr/2019:17:39:38 +0800] "POST /WEI_2300/getMempIdTarget HTTP/1.1" 200 2105 "http://merp.yudo.com.cn:8183/WEI_2300/WEI_2300?formKey=Menu&menuSelection=asm" "Mozilla/5.0 (iPhone; CPU iPhone OS 11_4_1 like Mac OS X) AppleWebKit/605.1.15 (KHTML, like Gecko) Mobile/15G77JLAMPMode:iPhone"
223.104.37.19 - - [24/Apr/2019:18:04:43 +0800] "POST /WEI_2300/getMempIdTarget HTTP/1.1" 200 2106 "http://merp.yudo.com.cn:8183/WEI_2300/WEI_2300?formKey=Menu&menuSelection=asm" "Mozilla/5.0 (iPhone; CPU iPhone OS 11_4_1 like Mac OS X) AppleWebKit/605.1.15 (KHTML, like Gecko) Mobile/15G77JLAMPMode:iPhone"
14.156.44.76 - - [24/Apr/2019:20:22:43 +0800] "GET /WEI_1400/lists_prc?gubun=M&baseDate=2019-04-23&dbChoose=GD HTTP/1.1" 200 17020 "http://merp.yudo.com.cn:8183/WEI_0100/WEI_0100?formKey=Menu&menuSelection=mi" "Mozilla/5.0 (iPhone; CPU iPhone OS 12_2 like Mac OS X) AppleWebKit/605.1.15 (KHTML, like Gecko) Mobile/15E148JLAMPMode:iPhone"
14.156.44.76 - - [24/Apr/2019:20:22:58 +0800] "GET /WEI_1400/lists_prc?gubun=D&baseDate=2019-04-23&dbChoose=GD HTTP/1.1" 200 13078 "http://merp.yudo.com.cn:8183/WEI_0100/WEI_0100?formKey=Menu&menuSelection=mi" "Mozilla/5.0 (iPhone; CPU iPhone OS 12_2 like Mac OS X) AppleWebKit/605.1.15 (KHTML, like Gecko) Mobile/15E148JLAMPMode:iPhone"
14.156.44.76 - - [24/Apr/2019:20:24:15 +0800] "GET /WEI_1400/lists_prc?gubun=D&baseDate=2019-04-23&dbChoose=SZ HTTP/1.1" 200 32809 "http://merp.yudo.com.cn:8183/WEI_0100/WEI_0100?formKey=Menu&menuSelection=mi" "Mozilla/5.0 (iPhone; CPU iPhone OS 12_2 like Mac OS X) AppleWebKit/605.1.15 (KHTML, like Gecko) Mobile/15E148JLAMPMode:iPhone"
14.156.44.76 - - [24/Apr/2019:20:24:37 +0800] "GET /WEI_1400/lists_prc?gubun=M&baseDate=2019-04-23&dbChoose=SZ HTTP/1.1" 200 36016 "http://merp.yudo.com.cn:8183/WEI_0100/WEI_0100?formKey=Menu&menuSelection=mi" "Mozilla/5.0 (iPhone; CPU iPhone OS 12_2 like Mac OS X) AppleWebKit/605.1.15 (KHTML, like Gecko) Mobile/15E148JLAMPMode:iPhone"
183.63.194.195 - - [24/Apr/2019:23:30:51 +0800] "GET /WEI_1400/lists_prc?gubun=D&baseDate=2019-04-23&dbChoose=SZ HTTP/1.1" 200 32809 "http://merp.yudo.com.cn:8183/WEI_0100/WEI_0100?formKey=Menu&menuSelection=mi" "Mozilla/5.0 (iPhone; CPU iPhone OS 12_2 like Mac OS X) AppleWebKit/605.1.15 (KHTML, like Gecko) Mobile/15E148JLAMPMode:iPhone"
183.63.194.195 - - [24/Apr/2019:23:30:57 +0800] "GET /WEI_1400/lists_prc?gubun=D&baseDate=2019-04-23&dbChoose=GD HTTP/1.1" 200 13078 "http://merp.yudo.com.cn:8183/WEI_0100/WEI_0100?formKey=Menu&menuSelection=mi" "Mozilla/5.0 (iPhone; CPU iPhone OS 12_2 like Mac OS X) AppleWebKit/605.1.15 (KHTML, like Gecko) Mobile/15E148JLAMPMode:iPhone"
183.63.194.195 - - [24/Apr/2019:23:31:25 +0800] "GET /WEI_1400/lists_prc?gubun=M&baseDate=2019-04-23&dbChoose=GD HTTP/1.1" 200 17020 "http://merp.yudo.com.cn:8183/WEI_0100/WEI_0100?formKey=Menu&menuSelection=mi" "Mozilla/5.0 (iPhone; CPU iPhone OS 12_2 like Mac OS X) AppleWebKit/605.1.15 (KHTML, like Gecko) Mobile/15E148JLAMPMode:iPhone"
