112.17.243.179 - - [25/Nov/2019:17:40:29 +0800] "GET /WEI_1400/lists_prc?gubun=M&baseDate=2019-11-25&dbChoose=GD HTTP/1.1" 200 14765 "http://merp.yudo.com.cn:8183/WEI_0100/WEI_0100?formKey=Menu&menuSelection=mi" "Mozilla/5.0 (iPhone; CPU iPhone OS 13_2 like Mac OS X) AppleWebKit/605.1.15 (KHTML, like Gecko) Mobile/15E148"
192.168.253.2 - - [25/Nov/2019:18:22:18 +0800] "GET /?deviceType=mobile&devicePlatform=ios HTTP/1.1" 302 149 "-" "Mozilla/5.0 (iPhone; CPU iPhone OS 13_1_3 like Mac OS X) AppleWebKit/605.1.15 (KHTML, like Gecko) Mobile/15E148"
192.168.253.2 - - [25/Nov/2019:18:22:18 +0800] "GET /Menu HTTP/1.1" 200 12297 "-" "Mozilla/5.0 (iPhone; CPU iPhone OS 13_1_3 like Mac OS X) AppleWebKit/605.1.15 (KHTML, like Gecko) Mobile/15E148"
192.168.253.2 - - [25/Nov/2019:18:22:18 +0800] "GET /language/LANG_CHN.json?beta=3187 HTTP/1.1" 200 32370 "http://merp.yudo.com.cn:8183/Menu" "Mozilla/5.0 (iPhone; CPU iPhone OS 13_1_3 like Mac OS X) AppleWebKit/605.1.15 (KHTML, like Gecko) Mobile/15E148"
192.168.253.2 - - [25/Nov/2019:18:22:18 +0800] "GET /Menu/doMenuRows_prc?formKey=Menu HTTP/1.1" 200 1468 "http://merp.yudo.com.cn:8183/Menu" "Mozilla/5.0 (iPhone; CPU iPhone OS 13_1_3 like Mac OS X) AppleWebKit/605.1.15 (KHTML, like Gecko) Mobile/15E148"
192.168.253.2 - - [25/Nov/2019:18:22:18 +0800] "GET /Menu/getVersionInfo HTTP/1.1" 200 394 "http://merp.yudo.com.cn:8183/Menu" "Mozilla/5.0 (iPhone; CPU iPhone OS 13_1_3 like Mac OS X) AppleWebKit/605.1.15 (KHTML, like Gecko) Mobile/15E148"
192.168.253.2 - - [25/Nov/2019:18:22:19 +0800] "GET /Menu/getLoginInfo HTTP/1.1" 200 177 "http://merp.yudo.com.cn:8183/Menu" "Mozilla/5.0 (iPhone; CPU iPhone OS 13_1_3 like Mac OS X) AppleWebKit/605.1.15 (KHTML, like Gecko) Mobile/15E148"
192.168.253.2 - - [25/Nov/2019:18:22:20 +0800] "GET /WEI_0100/WEI_0100?formKey=Menu&menuSelection=mi HTTP/1.1" 200 14759 "http://merp.yudo.com.cn:8183/Menu" "Mozilla/5.0 (iPhone; CPU iPhone OS 13_1_3 like Mac OS X) AppleWebKit/605.1.15 (KHTML, like Gecko) Mobile/15E148"
192.168.253.2 - - [25/Nov/2019:18:22:22 +0800] "GET /WEI_1400/lists_prc?gubun=M&baseDate=2019-11-25&dbChoose=SZ HTTP/1.1" 200 34524 "http://merp.yudo.com.cn:8183/WEI_0100/WEI_0100?formKey=Menu&menuSelection=mi" "Mozilla/5.0 (iPhone; CPU iPhone OS 13_1_3 like Mac OS X) AppleWebKit/605.1.15 (KHTML, like Gecko) Mobile/15E148"
192.168.253.2 - - [25/Nov/2019:18:22:33 +0800] "GET /WEI_1400/lists_prc?gubun=M&baseDate=2019-11-25&dbChoose=GD HTTP/1.1" 200 14765 "http://merp.yudo.com.cn:8183/WEI_0100/WEI_0100?formKey=Menu&menuSelection=mi" "Mozilla/5.0 (iPhone; CPU iPhone OS 13_1_3 like Mac OS X) AppleWebKit/605.1.15 (KHTML, like Gecko) Mobile/15E148"
192.168.253.2 - - [25/Nov/2019:18:22:40 +0800] "GET /WEI_1400/lists_prc?gubun=M&baseDate=2019-11-25&dbChoose=QD HTTP/1.1" 200 9186 "http://merp.yudo.com.cn:8183/WEI_0100/WEI_0100?formKey=Menu&menuSelection=mi" "Mozilla/5.0 (iPhone; CPU iPhone OS 13_1_3 like Mac OS X) AppleWebKit/605.1.15 (KHTML, like Gecko) Mobile/15E148"
112.17.243.179 - - [25/Nov/2019:18:31:02 +0800] "GET /WEI_1400/lists_prc?gubun=M&baseDate=2019-11-25&dbChoose=GD HTTP/1.1" 200 14765 "http://merp.yudo.com.cn:8183/WEI_0100/WEI_0100?formKey=Menu&menuSelection=mi" "Mozilla/5.0 (iPhone; CPU iPhone OS 13_2 like Mac OS X) AppleWebKit/605.1.15 (KHTML, like Gecko) Mobile/15E148"
112.17.243.179 - - [25/Nov/2019:18:31:06 +0800] "GET /WEI_1400/lists_prc?gubun=D&baseDate=2019-11-25&dbChoose=GD HTTP/1.1" 200 12404 "http://merp.yudo.com.cn:8183/WEI_0100/WEI_0100?formKey=Menu&menuSelection=mi" "Mozilla/5.0 (iPhone; CPU iPhone OS 13_2 like Mac OS X) AppleWebKit/605.1.15 (KHTML, like Gecko) Mobile/15E148"
112.17.243.179 - - [25/Nov/2019:18:31:39 +0800] "GET /WEI_1400/lists_prc?gubun=M&baseDate=2019-11-25&dbChoose=GD HTTP/1.1" 200 14765 "http://merp.yudo.com.cn:8183/WEI_0100/WEI_0100?formKey=Menu&menuSelection=mi" "Mozilla/5.0 (iPhone; CPU iPhone OS 13_2 like Mac OS X) AppleWebKit/605.1.15 (KHTML, like Gecko) Mobile/15E148"
115.238.194.174 - - [25/Nov/2019:23:07:20 +0800] "GET /?deviceType=mobile&devicePlatform=android HTTP/1.1" 302 149 "-" "Mozilla/5.0 (Linux; Android 9; VTR-TL00 Build/HUAWEIVTR-TL00; wv) AppleWebKit/537.36 (KHTML, like Gecko) Version/4.0 Chrome/71.0.3578.99 Mobile Safari/537.36"
115.238.194.174 - - [25/Nov/2019:23:07:20 +0800] "GET /Menu HTTP/1.1" 200 12297 "-" "Mozilla/5.0 (Linux; Android 9; VTR-TL00 Build/HUAWEIVTR-TL00; wv) AppleWebKit/537.36 (KHTML, like Gecko) Version/4.0 Chrome/71.0.3578.99 Mobile Safari/537.36"
115.238.194.174 - - [25/Nov/2019:23:07:21 +0800] "GET /language/LANG_CHN.json?beta=2451 HTTP/1.1" 200 32370 "http://merp.yudo.com.cn:8183/Menu" "Mozilla/5.0 (Linux; Android 9; VTR-TL00 Build/HUAWEIVTR-TL00; wv) AppleWebKit/537.36 (KHTML, like Gecko) Version/4.0 Chrome/71.0.3578.99 Mobile Safari/537.36"
115.238.194.175 - - [25/Nov/2019:23:07:21 +0800] "GET /Menu/doMenuRows_prc?formKey=Menu HTTP/1.1" 200 1582 "http://merp.yudo.com.cn:8183/Menu" "Mozilla/5.0 (Linux; Android 9; VTR-TL00 Build/HUAWEIVTR-TL00; wv) AppleWebKit/537.36 (KHTML, like Gecko) Version/4.0 Chrome/71.0.3578.99 Mobile Safari/537.36"
115.238.194.175 - - [25/Nov/2019:23:07:22 +0800] "GET /Menu/getVersionInfo HTTP/1.1" 200 394 "http://merp.yudo.com.cn:8183/Menu" "Mozilla/5.0 (Linux; Android 9; VTR-TL00 Build/HUAWEIVTR-TL00; wv) AppleWebKit/537.36 (KHTML, like Gecko) Version/4.0 Chrome/71.0.3578.99 Mobile Safari/537.36"
115.238.194.174 - - [25/Nov/2019:23:07:22 +0800] "GET /Menu/getLoginInfo HTTP/1.1" 200 188 "http://merp.yudo.com.cn:8183/Menu" "Mozilla/5.0 (Linux; Android 9; VTR-TL00 Build/HUAWEIVTR-TL00; wv) AppleWebKit/537.36 (KHTML, like Gecko) Version/4.0 Chrome/71.0.3578.99 Mobile Safari/537.36"
115.238.194.175 - - [25/Nov/2019:23:07:22 +0800] "GET /favicon.ico HTTP/1.1" 404 1476 "http://merp.yudo.com.cn:8183/Menu" "Mozilla/5.0 (Linux; Android 9; VTR-TL00 Build/HUAWEIVTR-TL00; wv) AppleWebKit/537.36 (KHTML, like Gecko) Version/4.0 Chrome/71.0.3578.99 Mobile Safari/537.36"
115.238.194.175 - - [25/Nov/2019:23:07:24 +0800] "GET /WEI_0100/WEI_0100?formKey=Menu&menuSelection=mi HTTP/1.1" 200 14759 "http://merp.yudo.com.cn:8183/Menu" "Mozilla/5.0 (Linux; Android 9; VTR-TL00 Build/HUAWEIVTR-TL00; wv) AppleWebKit/537.36 (KHTML, like Gecko) Version/4.0 Chrome/71.0.3578.99 Mobile Safari/537.36"
115.238.194.175 - - [25/Nov/2019:23:07:28 +0800] "GET /WEI_1400/lists_prc?gubun=D&baseDate=2019-11-25&dbChoose=SZ HTTP/1.1" 200 30663 "http://merp.yudo.com.cn:8183/WEI_0100/WEI_0100?formKey=Menu&menuSelection=mi" "Mozilla/5.0 (Linux; Android 9; VTR-TL00 Build/HUAWEIVTR-TL00; wv) AppleWebKit/537.36 (KHTML, like Gecko) Version/4.0 Chrome/71.0.3578.99 Mobile Safari/537.36"
115.238.194.174 - - [25/Nov/2019:23:07:34 +0800] "GET /WEI_1400/lists_prc?gubun=D&baseDate=2019-11-25&dbChoose=GD HTTP/1.1" 200 12411 "http://merp.yudo.com.cn:8183/WEI_0100/WEI_0100?formKey=Menu&menuSelection=mi" "Mozilla/5.0 (Linux; Android 9; VTR-TL00 Build/HUAWEIVTR-TL00; wv) AppleWebKit/537.36 (KHTML, like Gecko) Version/4.0 Chrome/71.0.3578.99 Mobile Safari/537.36"
115.238.194.174 - - [25/Nov/2019:23:07:39 +0800] "GET /WEI_1400/lists_prc?gubun=D&baseDate=2019-11-25&dbChoose=QD HTTP/1.1" 500 1271 "http://merp.yudo.com.cn:8183/WEI_0100/WEI_0100?formKey=Menu&menuSelection=mi" "Mozilla/5.0 (Linux; Android 9; VTR-TL00 Build/HUAWEIVTR-TL00; wv) AppleWebKit/537.36 (KHTML, like Gecko) Version/4.0 Chrome/71.0.3578.99 Mobile Safari/537.36"
193.106.31.98 - - [26/Nov/2019:04:03:48 +0800] "\x03" 400 226 "-" "-"
112.17.243.179 - - [26/Nov/2019:07:15:43 +0800] "GET /WEI_1400/lists_prc?gubun=M&baseDate=2019-11-25&dbChoose=GD HTTP/1.1" 200 14765 "http://merp.yudo.com.cn:8183/WEI_0100/WEI_0100?formKey=Menu&menuSelection=mi" "Mozilla/5.0 (iPhone; CPU iPhone OS 13_2 like Mac OS X) AppleWebKit/605.1.15 (KHTML, like Gecko) Mobile/15E148"
112.17.243.179 - - [26/Nov/2019:07:15:51 +0800] "GET /WEI_1400/lists_prc?gubun=M&baseDate=2019-11-25&dbChoose=SZ HTTP/1.1" 200 34524 "http://merp.yudo.com.cn:8183/WEI_0100/WEI_0100?formKey=Menu&menuSelection=mi" "Mozilla/5.0 (iPhone; CPU iPhone OS 13_2 like Mac OS X) AppleWebKit/605.1.15 (KHTML, like Gecko) Mobile/15E148"
112.17.243.179 - - [26/Nov/2019:07:17:40 +0800] "GET /WEI_1400/lists_prc?gubun=M&baseDate=2019-12-26&dbChoose=SZ HTTP/1.1" 200 29106 "http://merp.yudo.com.cn:8183/WEI_0100/WEI_0100?formKey=Menu&menuSelection=mi" "Mozilla/5.0 (iPhone; CPU iPhone OS 13_2 like Mac OS X) AppleWebKit/605.1.15 (KHTML, like Gecko) Mobile/15E148"
218.205.55.70 - - [26/Nov/2019:07:18:03 +0800] "GET /?deviceType=mobile&devicePlatform=android HTTP/1.1" 302 149 "-" "Mozilla/5.0 (Linux; Android 9; VOG-AL10 Build/HUAWEIVOG-AL10; wv) AppleWebKit/537.36 (KHTML, like Gecko) Version/4.0 Chrome/78.0.3904.62 Mobile Safari/537.36"
218.205.55.70 - - [26/Nov/2019:07:18:04 +0800] "GET /Menu HTTP/1.1" 200 12297 "-" "Mozilla/5.0 (Linux; Android 9; VOG-AL10 Build/HUAWEIVOG-AL10; wv) AppleWebKit/537.36 (KHTML, like Gecko) Version/4.0 Chrome/78.0.3904.62 Mobile Safari/537.36"
218.205.55.70 - - [26/Nov/2019:07:18:04 +0800] "GET /css/yudo-ui.css?v=2016 HTTP/1.1" 200 41451 "http://merp.yudo.com.cn:8183/Menu" "Mozilla/5.0 (Linux; Android 9; VOG-AL10 Build/HUAWEIVOG-AL10; wv) AppleWebKit/537.36 (KHTML, like Gecko) Version/4.0 Chrome/78.0.3904.62 Mobile Safari/537.36"
218.205.55.70 - - [26/Nov/2019:07:18:04 +0800] "GET /css/mui.min.css?v=1012 HTTP/1.1" 200 76673 "http://merp.yudo.com.cn:8183/Menu" "Mozilla/5.0 (Linux; Android 9; VOG-AL10 Build/HUAWEIVOG-AL10; wv) AppleWebKit/537.36 (KHTML, like Gecko) Version/4.0 Chrome/78.0.3904.62 Mobile Safari/537.36"
218.205.55.70 - - [26/Nov/2019:07:18:04 +0800] "GET /css/mui.picker.min.css?v=1000 HTTP/1.1" 200 4844 "http://merp.yudo.com.cn:8183/Menu" "Mozilla/5.0 (Linux; Android 9; VOG-AL10 Build/HUAWEIVOG-AL10; wv) AppleWebKit/537.36 (KHTML, like Gecko) Version/4.0 Chrome/78.0.3904.62 Mobile Safari/537.36"
218.205.55.70 - - [26/Nov/2019:07:18:04 +0800] "GET /css/animate.min.css?v=1003 HTTP/1.1" 200 52799 "http://merp.yudo.com.cn:8183/Menu" "Mozilla/5.0 (Linux; Android 9; VOG-AL10 Build/HUAWEIVOG-AL10; wv) AppleWebKit/537.36 (KHTML, like Gecko) Version/4.0 Chrome/78.0.3904.62 Mobile Safari/537.36"
218.205.55.70 - - [26/Nov/2019:07:18:04 +0800] "GET /js/server.js?v=1010 HTTP/1.1" 200 88 "http://merp.yudo.com.cn:8183/Menu" "Mozilla/5.0 (Linux; Android 9; VOG-AL10 Build/HUAWEIVOG-AL10; wv) AppleWebKit/537.36 (KHTML, like Gecko) Version/4.0 Chrome/78.0.3904.62 Mobile Safari/537.36"
218.205.55.70 - - [26/Nov/2019:07:18:04 +0800] "GET /js/lang.min.js?v=1003 HTTP/1.1" 200 1138 "http://merp.yudo.com.cn:8183/Menu" "Mozilla/5.0 (Linux; Android 9; VOG-AL10 Build/HUAWEIVOG-AL10; wv) AppleWebKit/537.36 (KHTML, like Gecko) Version/4.0 Chrome/78.0.3904.62 Mobile Safari/537.36"
218.205.55.70 - - [26/Nov/2019:07:18:04 +0800] "GET /js/multiHttp.js?v=1014 HTTP/1.1" 200 48308 "http://merp.yudo.com.cn:8183/Menu" "Mozilla/5.0 (Linux; Android 9; VOG-AL10 Build/HUAWEIVOG-AL10; wv) AppleWebKit/537.36 (KHTML, like Gecko) Version/4.0 Chrome/78.0.3904.62 Mobile Safari/537.36"
218.205.55.70 - - [26/Nov/2019:07:18:04 +0800] "GET /js/mui.previewimage.js?v=201804261256 HTTP/1.1" 200 13324 "http://merp.yudo.com.cn:8183/Menu" "Mozilla/5.0 (Linux; Android 9; VOG-AL10 Build/HUAWEIVOG-AL10; wv) AppleWebKit/537.36 (KHTML, like Gecko) Version/4.0 Chrome/78.0.3904.62 Mobile Safari/537.36"
218.205.55.70 - - [26/Nov/2019:07:18:04 +0800] "GET /js/mui.min.js?v=1001 HTTP/1.1" 200 115810 "http://merp.yudo.com.cn:8183/Menu" "Mozilla/5.0 (Linux; Android 9; VOG-AL10 Build/HUAWEIVOG-AL10; wv) AppleWebKit/537.36 (KHTML, like Gecko) Version/4.0 Chrome/78.0.3904.62 Mobile Safari/537.36"
218.205.55.70 - - [26/Nov/2019:07:18:04 +0800] "GET /js/mui.zoom.js?v=201804231454 HTTP/1.1" 200 11703 "http://merp.yudo.com.cn:8183/Menu" "Mozilla/5.0 (Linux; Android 9; VOG-AL10 Build/HUAWEIVOG-AL10; wv) AppleWebKit/537.36 (KHTML, like Gecko) Version/4.0 Chrome/78.0.3904.62 Mobile Safari/537.36"
218.205.55.70 - - [26/Nov/2019:07:18:04 +0800] "GET /js/vue.js HTTP/1.1" 200 289301 "http://merp.yudo.com.cn:8183/Menu" "Mozilla/5.0 (Linux; Android 9; VOG-AL10 Build/HUAWEIVOG-AL10; wv) AppleWebKit/537.36 (KHTML, like Gecko) Version/4.0 Chrome/78.0.3904.62 Mobile Safari/537.36"
218.205.55.70 - - [26/Nov/2019:07:18:04 +0800] "GET /third_party/jquery-2.1.4/jquery.js HTTP/1.1" 200 247606 "http://merp.yudo.com.cn:8183/Menu" "Mozilla/5.0 (Linux; Android 9; VOG-AL10 Build/HUAWEIVOG-AL10; wv) AppleWebKit/537.36 (KHTML, like Gecko) Version/4.0 Chrome/78.0.3904.62 Mobile Safari/537.36"
218.205.55.70 - - [26/Nov/2019:07:18:04 +0800] "GET /js/mui.picker.min.js?v=1002 HTTP/1.1" 200 18411 "http://merp.yudo.com.cn:8183/Menu" "Mozilla/5.0 (Linux; Android 9; VOG-AL10 Build/HUAWEIVOG-AL10; wv) AppleWebKit/537.36 (KHTML, like Gecko) Version/4.0 Chrome/78.0.3904.62 Mobile Safari/537.36"
218.205.55.70 - - [26/Nov/2019:07:18:04 +0800] "GET /js/fastclick.js HTTP/1.1" 200 25966 "http://merp.yudo.com.cn:8183/Menu" "Mozilla/5.0 (Linux; Android 9; VOG-AL10 Build/HUAWEIVOG-AL10; wv) AppleWebKit/537.36 (KHTML, like Gecko) Version/4.0 Chrome/78.0.3904.62 Mobile Safari/537.36"
218.205.55.70 - - [26/Nov/2019:07:18:04 +0800] "GET /js/JLAMP.min.js HTTP/1.1" 200 1461 "http://merp.yudo.com.cn:8183/Menu" "Mozilla/5.0 (Linux; Android 9; VOG-AL10 Build/HUAWEIVOG-AL10; wv) AppleWebKit/537.36 (KHTML, like Gecko) Version/4.0 Chrome/78.0.3904.62 Mobile Safari/537.36"
218.205.55.70 - - [26/Nov/2019:07:18:04 +0800] "GET /js/JLAMP.common.min.js HTTP/1.1" 200 9705 "http://merp.yudo.com.cn:8183/Menu" "Mozilla/5.0 (Linux; Android 9; VOG-AL10 Build/HUAWEIVOG-AL10; wv) AppleWebKit/537.36 (KHTML, like Gecko) Version/4.0 Chrome/78.0.3904.62 Mobile Safari/537.36"
218.205.55.70 - - [26/Nov/2019:07:18:04 +0800] "GET /js/JLAMP.lang.min.js HTTP/1.1" 200 1750 "http://merp.yudo.com.cn:8183/Menu" "Mozilla/5.0 (Linux; Android 9; VOG-AL10 Build/HUAWEIVOG-AL10; wv) AppleWebKit/537.36 (KHTML, like Gecko) Version/4.0 Chrome/78.0.3904.62 Mobile Safari/537.36"
218.205.55.70 - - [26/Nov/2019:07:18:04 +0800] "GET /image/fonticon/headDefault.jpg HTTP/1.1" 200 2436 "http://merp.yudo.com.cn:8183/Menu" "Mozilla/5.0 (Linux; Android 9; VOG-AL10 Build/HUAWEIVOG-AL10; wv) AppleWebKit/537.36 (KHTML, like Gecko) Version/4.0 Chrome/78.0.3904.62 Mobile Safari/537.36"
218.205.55.70 - - [26/Nov/2019:07:18:04 +0800] "GET /image/login_logo.png HTTP/1.1" 200 3941 "http://merp.yudo.com.cn:8183/Menu" "Mozilla/5.0 (Linux; Android 9; VOG-AL10 Build/HUAWEIVOG-AL10; wv) AppleWebKit/537.36 (KHTML, like Gecko) Version/4.0 Chrome/78.0.3904.62 Mobile Safari/537.36"
218.205.55.70 - - [26/Nov/2019:07:18:04 +0800] "GET /js/Menu/Menu.js?v=200017 HTTP/1.1" 200 11548 "http://merp.yudo.com.cn:8183/Menu" "Mozilla/5.0 (Linux; Android 9; VOG-AL10 Build/HUAWEIVOG-AL10; wv) AppleWebKit/537.36 (KHTML, like Gecko) Version/4.0 Chrome/78.0.3904.62 Mobile Safari/537.36"
218.205.55.70 - - [26/Nov/2019:07:18:04 +0800] "GET /js/echarts.min.js HTTP/1.1" 200 744675 "http://merp.yudo.com.cn:8183/Menu" "Mozilla/5.0 (Linux; Android 9; VOG-AL10 Build/HUAWEIVOG-AL10; wv) AppleWebKit/537.36 (KHTML, like Gecko) Version/4.0 Chrome/78.0.3904.62 Mobile Safari/537.36"
218.205.55.70 - - [26/Nov/2019:07:18:05 +0800] "GET /image/fonticon/home_icon.png HTTP/1.1" 200 1180 "http://merp.yudo.com.cn:8183/css/yudo-ui.css?v=2016" "Mozilla/5.0 (Linux; Android 9; VOG-AL10 Build/HUAWEIVOG-AL10; wv) AppleWebKit/537.36 (KHTML, like Gecko) Version/4.0 Chrome/78.0.3904.62 Mobile Safari/537.36"
218.205.55.70 - - [26/Nov/2019:07:18:05 +0800] "GET /image/fonticon/switchPass_icon.png HTTP/1.1" 200 1480 "http://merp.yudo.com.cn:8183/css/yudo-ui.css?v=2016" "Mozilla/5.0 (Linux; Android 9; VOG-AL10 Build/HUAWEIVOG-AL10; wv) AppleWebKit/537.36 (KHTML, like Gecko) Version/4.0 Chrome/78.0.3904.62 Mobile Safari/537.36"
218.205.55.70 - - [26/Nov/2019:07:18:05 +0800] "GET /image/fonticon/refresh_icon.png HTTP/1.1" 200 2550 "http://merp.yudo.com.cn:8183/css/yudo-ui.css?v=2016" "Mozilla/5.0 (Linux; Android 9; VOG-AL10 Build/HUAWEIVOG-AL10; wv) AppleWebKit/537.36 (KHTML, like Gecko) Version/4.0 Chrome/78.0.3904.62 Mobile Safari/537.36"
218.205.55.70 - - [26/Nov/2019:07:18:05 +0800] "GET /image/fonticon/connectRecord_icon.png HTTP/1.1" 200 1412 "http://merp.yudo.com.cn:8183/css/yudo-ui.css?v=2016" "Mozilla/5.0 (Linux; Android 9; VOG-AL10 Build/HUAWEIVOG-AL10; wv) AppleWebKit/537.36 (KHTML, like Gecko) Version/4.0 Chrome/78.0.3904.62 Mobile Safari/537.36"
218.205.55.70 - - [26/Nov/2019:07:18:05 +0800] "GET /image/fonticon/cleanCache_icon.png HTTP/1.1" 200 951 "http://merp.yudo.com.cn:8183/css/yudo-ui.css?v=2016" "Mozilla/5.0 (Linux; Android 9; VOG-AL10 Build/HUAWEIVOG-AL10; wv) AppleWebKit/537.36 (KHTML, like Gecko) Version/4.0 Chrome/78.0.3904.62 Mobile Safari/537.36"
218.205.55.70 - - [26/Nov/2019:07:18:05 +0800] "GET /image/fonticon/quit_icon.png HTTP/1.1" 200 1268 "http://merp.yudo.com.cn:8183/css/yudo-ui.css?v=2016" "Mozilla/5.0 (Linux; Android 9; VOG-AL10 Build/HUAWEIVOG-AL10; wv) AppleWebKit/537.36 (KHTML, like Gecko) Version/4.0 Chrome/78.0.3904.62 Mobile Safari/537.36"
218.205.55.70 - - [26/Nov/2019:07:18:05 +0800] "GET /fonts/mui.ttf HTTP/1.1" 200 29884 "http://merp.yudo.com.cn:8183/css/mui.min.css?v=1012" "Mozilla/5.0 (Linux; Android 9; VOG-AL10 Build/HUAWEIVOG-AL10; wv) AppleWebKit/537.36 (KHTML, like Gecko) Version/4.0 Chrome/78.0.3904.62 Mobile Safari/537.36"
218.205.55.70 - - [26/Nov/2019:07:18:05 +0800] "GET /image/fonticon/userMenu_icon.png HTTP/1.1" 200 412 "http://merp.yudo.com.cn:8183/css/yudo-ui.css?v=2016" "Mozilla/5.0 (Linux; Android 9; VOG-AL10 Build/HUAWEIVOG-AL10; wv) AppleWebKit/537.36 (KHTML, like Gecko) Version/4.0 Chrome/78.0.3904.62 Mobile Safari/537.36"
218.205.55.70 - - [26/Nov/2019:07:18:05 +0800] "GET /image/fonticon/extend_icon.png HTTP/1.1" 200 731 "http://merp.yudo.com.cn:8183/css/yudo-ui.css?v=2016" "Mozilla/5.0 (Linux; Android 9; VOG-AL10 Build/HUAWEIVOG-AL10; wv) AppleWebKit/537.36 (KHTML, like Gecko) Version/4.0 Chrome/78.0.3904.62 Mobile Safari/537.36"
218.205.55.70 - - [26/Nov/2019:07:18:05 +0800] "GET /language/LANG_CHN.json?beta=3050 HTTP/1.1" 200 32370 "http://merp.yudo.com.cn:8183/Menu" "Mozilla/5.0 (Linux; Android 9; VOG-AL10 Build/HUAWEIVOG-AL10; wv) AppleWebKit/537.36 (KHTML, like Gecko) Version/4.0 Chrome/78.0.3904.62 Mobile Safari/537.36"
218.205.55.70 - - [26/Nov/2019:07:18:05 +0800] "GET /image/fonticon/salesStatus_icon.png HTTP/1.1" 200 4985 "http://merp.yudo.com.cn:8183/css/yudo-ui.css?v=2016" "Mozilla/5.0 (Linux; Android 9; VOG-AL10 Build/HUAWEIVOG-AL10; wv) AppleWebKit/537.36 (KHTML, like Gecko) Version/4.0 Chrome/78.0.3904.62 Mobile Safari/537.36"
218.205.55.70 - - [26/Nov/2019:07:18:05 +0800] "GET /image/fonticon/dayTotal_icon.png HTTP/1.1" 200 4233 "http://merp.yudo.com.cn:8183/css/yudo-ui.css?v=2016" "Mozilla/5.0 (Linux; Android 9; VOG-AL10 Build/HUAWEIVOG-AL10; wv) AppleWebKit/537.36 (KHTML, like Gecko) Version/4.0 Chrome/78.0.3904.62 Mobile Safari/537.36"
218.205.55.70 - - [26/Nov/2019:07:18:05 +0800] "GET /image/fonticon/loading_icon6.png HTTP/1.1" 200 2555 "http://merp.yudo.com.cn:8183/css/mui.min.css?v=1012" "Mozilla/5.0 (Linux; Android 9; VOG-AL10 Build/HUAWEIVOG-AL10; wv) AppleWebKit/537.36 (KHTML, like Gecko) Version/4.0 Chrome/78.0.3904.62 Mobile Safari/537.36"
218.205.55.70 - - [26/Nov/2019:07:18:05 +0800] "GET /image/yudo-01.png HTTP/1.1" 200 381770 "http://merp.yudo.com.cn:8183/Menu" "Mozilla/5.0 (Linux; Android 9; VOG-AL10 Build/HUAWEIVOG-AL10; wv) AppleWebKit/537.36 (KHTML, like Gecko) Version/4.0 Chrome/78.0.3904.62 Mobile Safari/537.36"
218.205.55.70 - - [26/Nov/2019:07:18:05 +0800] "GET /Menu/doMenuRows_prc?formKey=Menu HTTP/1.1" 200 1071 "http://merp.yudo.com.cn:8183/Menu" "Mozilla/5.0 (Linux; Android 9; VOG-AL10 Build/HUAWEIVOG-AL10; wv) AppleWebKit/537.36 (KHTML, like Gecko) Version/4.0 Chrome/78.0.3904.62 Mobile Safari/537.36"
218.205.55.70 - - [26/Nov/2019:07:18:05 +0800] "GET /Menu/getVersionInfo HTTP/1.1" 200 394 "http://merp.yudo.com.cn:8183/Menu" "Mozilla/5.0 (Linux; Android 9; VOG-AL10 Build/HUAWEIVOG-AL10; wv) AppleWebKit/537.36 (KHTML, like Gecko) Version/4.0 Chrome/78.0.3904.62 Mobile Safari/537.36"
218.205.55.70 - - [26/Nov/2019:07:18:05 +0800] "GET /favicon.ico HTTP/1.1" 404 1476 "http://merp.yudo.com.cn:8183/Menu" "Mozilla/5.0 (Linux; Android 9; VOG-AL10 Build/HUAWEIVOG-AL10; wv) AppleWebKit/537.36 (KHTML, like Gecko) Version/4.0 Chrome/78.0.3904.62 Mobile Safari/537.36"
218.205.55.70 - - [26/Nov/2019:07:18:05 +0800] "GET /Menu/getLoginInfo HTTP/1.1" 200 178 "http://merp.yudo.com.cn:8183/Menu" "Mozilla/5.0 (Linux; Android 9; VOG-AL10 Build/HUAWEIVOG-AL10; wv) AppleWebKit/537.36 (KHTML, like Gecko) Version/4.0 Chrome/78.0.3904.62 Mobile Safari/537.36"
218.205.55.70 - - [26/Nov/2019:07:18:10 +0800] "GET /WEI_0200/WEI_0200?formKey=Menu&menuSelection=mi HTTP/1.1" 200 18448 "http://merp.yudo.com.cn:8183/Menu" "Mozilla/5.0 (Linux; Android 9; VOG-AL10 Build/HUAWEIVOG-AL10; wv) AppleWebKit/537.36 (KHTML, like Gecko) Version/4.0 Chrome/78.0.3904.62 Mobile Safari/537.36"
218.205.55.70 - - [26/Nov/2019:07:18:10 +0800] "GET /image/fonticon/backMenu_icon.png HTTP/1.1" 200 1449 "http://merp.yudo.com.cn:8183/css/yudo-ui.css?v=2016" "Mozilla/5.0 (Linux; Android 9; VOG-AL10 Build/HUAWEIVOG-AL10; wv) AppleWebKit/537.36 (KHTML, like Gecko) Version/4.0 Chrome/78.0.3904.62 Mobile Safari/537.36"
218.205.55.70 - - [26/Nov/2019:07:18:10 +0800] "GET /image/fonticon/date_icon.png HTTP/1.1" 200 1883 "http://merp.yudo.com.cn:8183/css/yudo-ui.css?v=2016" "Mozilla/5.0 (Linux; Android 9; VOG-AL10 Build/HUAWEIVOG-AL10; wv) AppleWebKit/537.36 (KHTML, like Gecko) Version/4.0 Chrome/78.0.3904.62 Mobile Safari/537.36"
218.205.55.70 - - [26/Nov/2019:07:18:10 +0800] "GET /image/img_needle.png HTTP/1.1" 200 1643 "http://merp.yudo.com.cn:8183/css/yudo-ui.css?v=2016" "Mozilla/5.0 (Linux; Android 9; VOG-AL10 Build/HUAWEIVOG-AL10; wv) AppleWebKit/537.36 (KHTML, like Gecko) Version/4.0 Chrome/78.0.3904.62 Mobile Safari/537.36"
218.205.55.70 - - [26/Nov/2019:07:18:10 +0800] "GET /js/WEI_0200/WEI_0200_Lists.js?v=200012 HTTP/1.1" 200 29888 "http://merp.yudo.com.cn:8183/WEI_0200/WEI_0200?formKey=Menu&menuSelection=mi" "Mozilla/5.0 (Linux; Android 9; VOG-AL10 Build/HUAWEIVOG-AL10; wv) AppleWebKit/537.36 (KHTML, like Gecko) Version/4.0 Chrome/78.0.3904.62 Mobile Safari/537.36"
218.205.55.70 - - [26/Nov/2019:07:18:10 +0800] "GET /image/fonticon/money_icon.png HTTP/1.1" 200 3149 "http://merp.yudo.com.cn:8183/css/yudo-ui.css?v=2016" "Mozilla/5.0 (Linux; Android 9; VOG-AL10 Build/HUAWEIVOG-AL10; wv) AppleWebKit/537.36 (KHTML, like Gecko) Version/4.0 Chrome/78.0.3904.62 Mobile Safari/537.36"
218.205.55.70 - - [26/Nov/2019:07:18:10 +0800] "GET /image/fonticon/tubiao_mini2_icon.png HTTP/1.1" 200 1466 "http://merp.yudo.com.cn:8183/css/yudo-ui.css?v=2016" "Mozilla/5.0 (Linux; Android 9; VOG-AL10 Build/HUAWEIVOG-AL10; wv) AppleWebKit/537.36 (KHTML, like Gecko) Version/4.0 Chrome/78.0.3904.62 Mobile Safari/537.36"
218.205.55.70 - - [26/Nov/2019:07:18:10 +0800] "GET /image/yudo_yibiao.png HTTP/1.1" 200 31490 "http://merp.yudo.com.cn:8183/css/yudo-ui.css?v=2016" "Mozilla/5.0 (Linux; Android 9; VOG-AL10 Build/HUAWEIVOG-AL10; wv) AppleWebKit/537.36 (KHTML, like Gecko) Version/4.0 Chrome/78.0.3904.62 Mobile Safari/537.36"
218.205.55.70 - - [26/Nov/2019:07:18:14 +0800] "GET /WEI_0200/listsSearch?dbChoose=SZ&gubun=Y&amtClass=bill&date=2019 HTTP/1.1" 200 140 "http://merp.yudo.com.cn:8183/WEI_0200/WEI_0200?formKey=Menu&menuSelection=mi" "Mozilla/5.0 (Linux; Android 9; VOG-AL10 Build/HUAWEIVOG-AL10; wv) AppleWebKit/537.36 (KHTML, like Gecko) Version/4.0 Chrome/78.0.3904.62 Mobile Safari/537.36"
218.205.55.70 - - [26/Nov/2019:07:18:14 +0800] "GET /WEI_0200/listsSearch?dbChoose=GD&gubun=Y&amtClass=bill&date=2019 HTTP/1.1" 200 140 "http://merp.yudo.com.cn:8183/WEI_0200/WEI_0200?formKey=Menu&menuSelection=mi" "Mozilla/5.0 (Linux; Android 9; VOG-AL10 Build/HUAWEIVOG-AL10; wv) AppleWebKit/537.36 (KHTML, like Gecko) Version/4.0 Chrome/78.0.3904.62 Mobile Safari/537.36"
218.205.55.70 - - [26/Nov/2019:07:18:14 +0800] "GET /WEI_0200/listsSearch?dbChoose=HS&gubun=Y&amtClass=bill&date=2019 HTTP/1.1" 200 140 "http://merp.yudo.com.cn:8183/WEI_0200/WEI_0200?formKey=Menu&menuSelection=mi" "Mozilla/5.0 (Linux; Android 9; VOG-AL10 Build/HUAWEIVOG-AL10; wv) AppleWebKit/537.36 (KHTML, like Gecko) Version/4.0 Chrome/78.0.3904.62 Mobile Safari/537.36"
218.205.55.70 - - [26/Nov/2019:07:18:14 +0800] "GET /WEI_0200/listsSearch?dbChoose=QD&gubun=Y&amtClass=bill&date=2019 HTTP/1.1" 200 138 "http://merp.yudo.com.cn:8183/WEI_0200/WEI_0200?formKey=Menu&menuSelection=mi" "Mozilla/5.0 (Linux; Android 9; VOG-AL10 Build/HUAWEIVOG-AL10; wv) AppleWebKit/537.36 (KHTML, like Gecko) Version/4.0 Chrome/78.0.3904.62 Mobile Safari/537.36"
218.205.55.70 - - [26/Nov/2019:07:18:14 +0800] "GET /WEI_0200/listsSearch?dbChoose=XR&gubun=Y&amtClass=bill&date=2019 HTTP/1.1" 200 140 "http://merp.yudo.com.cn:8183/WEI_0200/WEI_0200?formKey=Menu&menuSelection=mi" "Mozilla/5.0 (Linux; Android 9; VOG-AL10 Build/HUAWEIVOG-AL10; wv) AppleWebKit/537.36 (KHTML, like Gecko) Version/4.0 Chrome/78.0.3904.62 Mobile Safari/537.36"
112.17.243.179 - - [26/Nov/2019:07:18:16 +0800] "GET /WEI_1400/lists_prc?gubun=M&baseDate=2019-12-26&dbChoose=QD HTTP/1.1" 200 8479 "http://merp.yudo.com.cn:8183/WEI_0100/WEI_0100?formKey=Menu&menuSelection=mi" "Mozilla/5.0 (iPhone; CPU iPhone OS 13_2 like Mac OS X) AppleWebKit/605.1.15 (KHTML, like Gecko) Mobile/15E148"
::1 - - [26/Nov/2019:07:18:22 +0800] "OPTIONS * HTTP/1.0" 200 - "-" "Apache/2.4.6 (CentOS) PHP/5.6.32 (internal dummy connection)"
::1 - - [26/Nov/2019:07:18:23 +0800] "OPTIONS * HTTP/1.0" 200 - "-" "Apache/2.4.6 (CentOS) PHP/5.6.32 (internal dummy connection)"
112.17.243.179 - - [26/Nov/2019:07:18:54 +0800] "GET /Menu/Menu/menuLists?formKey=undefined&menuSelection=undefined HTTP/1.1" 200 12297 "http://merp.yudo.com.cn:8183/WEI_0100/WEI_0100?formKey=Menu&menuSelection=mi" "Mozilla/5.0 (iPhone; CPU iPhone OS 13_2 like Mac OS X) AppleWebKit/605.1.15 (KHTML, like Gecko) Mobile/15E148"
112.17.243.179 - - [26/Nov/2019:07:18:55 +0800] "GET /language/LANG_CHN.json?beta=4171 HTTP/1.1" 200 32370 "http://merp.yudo.com.cn:8183/Menu/Menu/menuLists?formKey=undefined&menuSelection=undefined" "Mozilla/5.0 (iPhone; CPU iPhone OS 13_2 like Mac OS X) AppleWebKit/605.1.15 (KHTML, like Gecko) Mobile/15E148"
112.17.243.179 - - [26/Nov/2019:07:18:55 +0800] "GET /Menu/doMenuRows_prc?formKey=Menu HTTP/1.1" 200 1582 "http://merp.yudo.com.cn:8183/Menu/Menu/menuLists?formKey=undefined&menuSelection=undefined" "Mozilla/5.0 (iPhone; CPU iPhone OS 13_2 like Mac OS X) AppleWebKit/605.1.15 (KHTML, like Gecko) Mobile/15E148"
112.17.243.179 - - [26/Nov/2019:07:18:55 +0800] "GET /Menu/getVersionInfo HTTP/1.1" 200 394 "http://merp.yudo.com.cn:8183/Menu/Menu/menuLists?formKey=undefined&menuSelection=undefined" "Mozilla/5.0 (iPhone; CPU iPhone OS 13_2 like Mac OS X) AppleWebKit/605.1.15 (KHTML, like Gecko) Mobile/15E148"
112.17.243.179 - - [26/Nov/2019:07:18:55 +0800] "GET /Menu/getLoginInfo HTTP/1.1" 200 136 "http://merp.yudo.com.cn:8183/Menu/Menu/menuLists?formKey=undefined&menuSelection=undefined" "Mozilla/5.0 (iPhone; CPU iPhone OS 13_2 like Mac OS X) AppleWebKit/605.1.15 (KHTML, like Gecko) Mobile/15E148"
218.205.55.70 - - [26/Nov/2019:07:18:57 +0800] "GET /WEI_0200/listsSearch?dbChoose=GD&gubun=Y&amtClass=bill&date=2019 HTTP/1.1" 200 140 "http://merp.yudo.com.cn:8183/WEI_0200/WEI_0200?formKey=Menu&menuSelection=mi" "Mozilla/5.0 (Linux; Android 9; VOG-AL10 Build/HUAWEIVOG-AL10; wv) AppleWebKit/537.36 (KHTML, like Gecko) Version/4.0 Chrome/78.0.3904.62 Mobile Safari/537.36"
218.205.55.70 - - [26/Nov/2019:07:18:57 +0800] "GET /WEI_0200/listsSearch?dbChoose=HS&gubun=Y&amtClass=bill&date=2019 HTTP/1.1" 200 140 "http://merp.yudo.com.cn:8183/WEI_0200/WEI_0200?formKey=Menu&menuSelection=mi" "Mozilla/5.0 (Linux; Android 9; VOG-AL10 Build/HUAWEIVOG-AL10; wv) AppleWebKit/537.36 (KHTML, like Gecko) Version/4.0 Chrome/78.0.3904.62 Mobile Safari/537.36"
218.205.55.70 - - [26/Nov/2019:07:18:57 +0800] "GET /WEI_0200/listsSearch?dbChoose=QD&gubun=Y&amtClass=bill&date=2019 HTTP/1.1" 200 138 "http://merp.yudo.com.cn:8183/WEI_0200/WEI_0200?formKey=Menu&menuSelection=mi" "Mozilla/5.0 (Linux; Android 9; VOG-AL10 Build/HUAWEIVOG-AL10; wv) AppleWebKit/537.36 (KHTML, like Gecko) Version/4.0 Chrome/78.0.3904.62 Mobile Safari/537.36"
218.205.55.70 - - [26/Nov/2019:07:18:57 +0800] "GET /WEI_0200/listsSearch?dbChoose=XR&gubun=Y&amtClass=bill&date=2019 HTTP/1.1" 200 140 "http://merp.yudo.com.cn:8183/WEI_0200/WEI_0200?formKey=Menu&menuSelection=mi" "Mozilla/5.0 (Linux; Android 9; VOG-AL10 Build/HUAWEIVOG-AL10; wv) AppleWebKit/537.36 (KHTML, like Gecko) Version/4.0 Chrome/78.0.3904.62 Mobile Safari/537.36"
218.205.55.70 - - [26/Nov/2019:07:18:57 +0800] "GET /WEI_0200/listsSearch?dbChoose=SZ&gubun=Y&amtClass=bill&date=2019 HTTP/1.1" 200 140 "http://merp.yudo.com.cn:8183/WEI_0200/WEI_0200?formKey=Menu&menuSelection=mi" "Mozilla/5.0 (Linux; Android 9; VOG-AL10 Build/HUAWEIVOG-AL10; wv) AppleWebKit/537.36 (KHTML, like Gecko) Version/4.0 Chrome/78.0.3904.62 Mobile Safari/537.36"
218.205.55.70 - - [26/Nov/2019:07:19:01 +0800] "GET /WEI_0200/listsSearch?dbChoose=QD&gubun=Y&amtClass=order&date=2019 HTTP/1.1" 200 138 "http://merp.yudo.com.cn:8183/WEI_0200/WEI_0200?formKey=Menu&menuSelection=mi" "Mozilla/5.0 (Linux; Android 9; VOG-AL10 Build/HUAWEIVOG-AL10; wv) AppleWebKit/537.36 (KHTML, like Gecko) Version/4.0 Chrome/78.0.3904.62 Mobile Safari/537.36"
218.205.55.70 - - [26/Nov/2019:07:19:01 +0800] "GET /WEI_0200/listsSearch?dbChoose=XR&gubun=Y&amtClass=order&date=2019 HTTP/1.1" 200 140 "http://merp.yudo.com.cn:8183/WEI_0200/WEI_0200?formKey=Menu&menuSelection=mi" "Mozilla/5.0 (Linux; Android 9; VOG-AL10 Build/HUAWEIVOG-AL10; wv) AppleWebKit/537.36 (KHTML, like Gecko) Version/4.0 Chrome/78.0.3904.62 Mobile Safari/537.36"
218.205.55.70 - - [26/Nov/2019:07:19:01 +0800] "GET /WEI_0200/listsSearch?dbChoose=GD&gubun=Y&amtClass=order&date=2019 HTTP/1.1" 200 140 "http://merp.yudo.com.cn:8183/WEI_0200/WEI_0200?formKey=Menu&menuSelection=mi" "Mozilla/5.0 (Linux; Android 9; VOG-AL10 Build/HUAWEIVOG-AL10; wv) AppleWebKit/537.36 (KHTML, like Gecko) Version/4.0 Chrome/78.0.3904.62 Mobile Safari/537.36"
218.205.55.70 - - [26/Nov/2019:07:19:01 +0800] "GET /WEI_0200/listsSearch?dbChoose=HS&gubun=Y&amtClass=order&date=2019 HTTP/1.1" 200 140 "http://merp.yudo.com.cn:8183/WEI_0200/WEI_0200?formKey=Menu&menuSelection=mi" "Mozilla/5.0 (Linux; Android 9; VOG-AL10 Build/HUAWEIVOG-AL10; wv) AppleWebKit/537.36 (KHTML, like Gecko) Version/4.0 Chrome/78.0.3904.62 Mobile Safari/537.36"
218.205.55.70 - - [26/Nov/2019:07:19:01 +0800] "GET /WEI_0200/listsSearch?dbChoose=SZ&gubun=Y&amtClass=order&date=2019 HTTP/1.1" 200 140 "http://merp.yudo.com.cn:8183/WEI_0200/WEI_0200?formKey=Menu&menuSelection=mi" "Mozilla/5.0 (Linux; Android 9; VOG-AL10 Build/HUAWEIVOG-AL10; wv) AppleWebKit/537.36 (KHTML, like Gecko) Version/4.0 Chrome/78.0.3904.62 Mobile Safari/537.36"
112.17.243.179 - - [26/Nov/2019:07:19:11 +0800] "GET /WEI_1000/WEI_1000?formKey=Menu&menuSelection=sm HTTP/1.1" 200 21958 "http://merp.yudo.com.cn:8183/Menu/Menu/menuLists?formKey=undefined&menuSelection=undefined" "Mozilla/5.0 (iPhone; CPU iPhone OS 13_2 like Mac OS X) AppleWebKit/605.1.15 (KHTML, like Gecko) Mobile/15E148"
112.17.243.179 - - [26/Nov/2019:07:19:11 +0800] "GET /js/multiHttp.js?v=1001 HTTP/1.1" 200 48308 "http://merp.yudo.com.cn:8183/WEI_1000/WEI_1000?formKey=Menu&menuSelection=sm" "Mozilla/5.0 (iPhone; CPU iPhone OS 13_2 like Mac OS X) AppleWebKit/605.1.15 (KHTML, like Gecko) Mobile/15E148"
112.17.243.179 - - [26/Nov/2019:07:19:11 +0800] "GET /css/yudo-ui.css?v=1066 HTTP/1.1" 200 41451 "http://merp.yudo.com.cn:8183/WEI_1000/WEI_1000?formKey=Menu&menuSelection=sm" "Mozilla/5.0 (iPhone; CPU iPhone OS 13_2 like Mac OS X) AppleWebKit/605.1.15 (KHTML, like Gecko) Mobile/15E148"
112.17.243.179 - - [26/Nov/2019:07:19:11 +0800] "GET /css/animate.min.css HTTP/1.1" 200 52799 "http://merp.yudo.com.cn:8183/WEI_1000/WEI_1000?formKey=Menu&menuSelection=sm" "Mozilla/5.0 (iPhone; CPU iPhone OS 13_2 like Mac OS X) AppleWebKit/605.1.15 (KHTML, like Gecko) Mobile/15E148"
112.17.243.179 - - [26/Nov/2019:07:19:12 +0800] "GET /js/lang.min.js?v=1001 HTTP/1.1" 200 1138 "http://merp.yudo.com.cn:8183/WEI_1000/WEI_1000?formKey=Menu&menuSelection=sm" "Mozilla/5.0 (iPhone; CPU iPhone OS 13_2 like Mac OS X) AppleWebKit/605.1.15 (KHTML, like Gecko) Mobile/15E148"
112.17.243.179 - - [26/Nov/2019:07:19:11 +0800] "GET /css/mui.min.css?v=1008 HTTP/1.1" 200 76673 "http://merp.yudo.com.cn:8183/WEI_1000/WEI_1000?formKey=Menu&menuSelection=sm" "Mozilla/5.0 (iPhone; CPU iPhone OS 13_2 like Mac OS X) AppleWebKit/605.1.15 (KHTML, like Gecko) Mobile/15E148"
112.17.243.179 - - [26/Nov/2019:07:19:12 +0800] "GET /js/JLAMP.polyfill.min.js HTTP/1.1" 200 361 "http://merp.yudo.com.cn:8183/WEI_1000/WEI_1000?formKey=Menu&menuSelection=sm" "Mozilla/5.0 (iPhone; CPU iPhone OS 13_2 like Mac OS X) AppleWebKit/605.1.15 (KHTML, like Gecko) Mobile/15E148"
112.17.243.179 - - [26/Nov/2019:07:19:12 +0800] "GET /js/JLAMP.menu.min.js HTTP/1.1" 200 6519 "http://merp.yudo.com.cn:8183/WEI_1000/WEI_1000?formKey=Menu&menuSelection=sm" "Mozilla/5.0 (iPhone; CPU iPhone OS 13_2 like Mac OS X) AppleWebKit/605.1.15 (KHTML, like Gecko) Mobile/15E148"
112.17.243.179 - - [26/Nov/2019:07:19:12 +0800] "GET /js/JLAMP.autobinding.min.js HTTP/1.1" 200 8816 "http://merp.yudo.com.cn:8183/WEI_1000/WEI_1000?formKey=Menu&menuSelection=sm" "Mozilla/5.0 (iPhone; CPU iPhone OS 13_2 like Mac OS X) AppleWebKit/605.1.15 (KHTML, like Gecko) Mobile/15E148"
112.17.243.179 - - [26/Nov/2019:07:19:12 +0800] "GET /js/JLAMP.modal.min.js HTTP/1.1" 200 16516 "http://merp.yudo.com.cn:8183/WEI_1000/WEI_1000?formKey=Menu&menuSelection=sm" "Mozilla/5.0 (iPhone; CPU iPhone OS 13_2 like Mac OS X) AppleWebKit/605.1.15 (KHTML, like Gecko) Mobile/15E148"
112.17.243.179 - - [26/Nov/2019:07:19:12 +0800] "GET /js/session.js HTTP/1.1" 200 638 "http://merp.yudo.com.cn:8183/WEI_1000/WEI_1000?formKey=Menu&menuSelection=sm" "Mozilla/5.0 (iPhone; CPU iPhone OS 13_2 like Mac OS X) AppleWebKit/605.1.15 (KHTML, like Gecko) Mobile/15E148"
112.17.243.179 - - [26/Nov/2019:07:19:12 +0800] "GET /js/version.js?v=20180920001 HTTP/1.1" 200 2607 "http://merp.yudo.com.cn:8183/WEI_1000/WEI_1000?formKey=Menu&menuSelection=sm" "Mozilla/5.0 (iPhone; CPU iPhone OS 13_2 like Mac OS X) AppleWebKit/605.1.15 (KHTML, like Gecko) Mobile/15E148"
112.17.243.179 - - [26/Nov/2019:07:19:12 +0800] "GET /js/common.js HTTP/1.1" 200 11633 "http://merp.yudo.com.cn:8183/WEI_1000/WEI_1000?formKey=Menu&menuSelection=sm" "Mozilla/5.0 (iPhone; CPU iPhone OS 13_2 like Mac OS X) AppleWebKit/605.1.15 (KHTML, like Gecko) Mobile/15E148"
112.17.243.179 - - [26/Nov/2019:07:19:12 +0800] "GET /js/GNB.js HTTP/1.1" 200 2176 "http://merp.yudo.com.cn:8183/WEI_1000/WEI_1000?formKey=Menu&menuSelection=sm" "Mozilla/5.0 (iPhone; CPU iPhone OS 13_2 like Mac OS X) AppleWebKit/605.1.15 (KHTML, like Gecko) Mobile/15E148"
112.17.243.179 - - [26/Nov/2019:07:19:12 +0800] "GET /js/WEI_1000/WEI_1000_Lists.js?v=1176 HTTP/1.1" 200 38139 "http://merp.yudo.com.cn:8183/WEI_1000/WEI_1000?formKey=Menu&menuSelection=sm" "Mozilla/5.0 (iPhone; CPU iPhone OS 13_2 like Mac OS X) AppleWebKit/605.1.15 (KHTML, like Gecko) Mobile/15E148"
112.17.243.179 - - [26/Nov/2019:07:19:12 +0800] "GET /image/fonticon/tubiao_icon2.png HTTP/1.1" 200 4944 "http://merp.yudo.com.cn:8183/WEI_1000/WEI_1000?formKey=Menu&menuSelection=sm" "Mozilla/5.0 (iPhone; CPU iPhone OS 13_2 like Mac OS X) AppleWebKit/605.1.15 (KHTML, like Gecko) Mobile/15E148"
112.17.243.179 - - [26/Nov/2019:07:19:12 +0800] "POST /JLAMPCommon/langBatchRows_prc HTTP/1.1" 200 783 "http://merp.yudo.com.cn:8183/WEI_1000/WEI_1000?formKey=Menu&menuSelection=sm" "Mozilla/5.0 (iPhone; CPU iPhone OS 13_2 like Mac OS X) AppleWebKit/605.1.15 (KHTML, like Gecko) Mobile/15E148"
112.17.243.179 - - [26/Nov/2019:07:19:12 +0800] "POST /JLAMPCommon/langBatchRows_prc HTTP/1.1" 200 15650 "http://merp.yudo.com.cn:8183/WEI_1000/WEI_1000?formKey=Menu&menuSelection=sm" "Mozilla/5.0 (iPhone; CPU iPhone OS 13_2 like Mac OS X) AppleWebKit/605.1.15 (KHTML, like Gecko) Mobile/15E148"
112.17.243.179 - - [26/Nov/2019:07:19:12 +0800] "GET /JLAMPCommon/getCookieJson_prc HTTP/1.1" 200 62 "http://merp.yudo.com.cn:8183/WEI_1000/WEI_1000?formKey=Menu&menuSelection=sm" "Mozilla/5.0 (iPhone; CPU iPhone OS 13_2 like Mac OS X) AppleWebKit/605.1.15 (KHTML, like Gecko) Mobile/15E148"
112.17.243.179 - - [26/Nov/2019:07:19:15 +0800] "GET /WEI_1000/lists_prc?baseDate=20191126&dateItem=0 HTTP/1.1" 200 272752 "http://merp.yudo.com.cn:8183/WEI_1000/WEI_1000?formKey=Menu&menuSelection=sm" "Mozilla/5.0 (iPhone; CPU iPhone OS 13_2 like Mac OS X) AppleWebKit/605.1.15 (KHTML, like Gecko) Mobile/15E148"
112.17.243.179 - - [26/Nov/2019:07:19:24 +0800] "GET /Menu/Menu/menuLists?formKey=undefined&menuSelection=undefined HTTP/1.1" 200 12297 "http://merp.yudo.com.cn:8183/WEI_1000/WEI_1000?formKey=Menu&menuSelection=sm" "Mozilla/5.0 (iPhone; CPU iPhone OS 13_2 like Mac OS X) AppleWebKit/605.1.15 (KHTML, like Gecko) Mobile/15E148"
218.205.55.70 - - [26/Nov/2019:07:19:24 +0800] "GET /WEI_0200/listsSearch?dbChoose=GD&gubun=Y&amtClass=receipt&date=2019 HTTP/1.1" 200 140 "http://merp.yudo.com.cn:8183/WEI_0200/WEI_0200?formKey=Menu&menuSelection=mi" "Mozilla/5.0 (Linux; Android 9; VOG-AL10 Build/HUAWEIVOG-AL10; wv) AppleWebKit/537.36 (KHTML, like Gecko) Version/4.0 Chrome/78.0.3904.62 Mobile Safari/537.36"
218.205.55.70 - - [26/Nov/2019:07:19:24 +0800] "GET /WEI_0200/listsSearch?dbChoose=HS&gubun=Y&amtClass=receipt&date=2019 HTTP/1.1" 200 140 "http://merp.yudo.com.cn:8183/WEI_0200/WEI_0200?formKey=Menu&menuSelection=mi" "Mozilla/5.0 (Linux; Android 9; VOG-AL10 Build/HUAWEIVOG-AL10; wv) AppleWebKit/537.36 (KHTML, like Gecko) Version/4.0 Chrome/78.0.3904.62 Mobile Safari/537.36"
112.17.243.179 - - [26/Nov/2019:07:19:24 +0800] "GET /language/LANG_CHN.json?beta=7305 HTTP/1.1" 200 32370 "http://merp.yudo.com.cn:8183/Menu/Menu/menuLists?formKey=undefined&menuSelection=undefined" "Mozilla/5.0 (iPhone; CPU iPhone OS 13_2 like Mac OS X) AppleWebKit/605.1.15 (KHTML, like Gecko) Mobile/15E148"
112.17.243.179 - - [26/Nov/2019:07:19:24 +0800] "GET /Menu/doMenuRows_prc?formKey=Menu HTTP/1.1" 200 1582 "http://merp.yudo.com.cn:8183/Menu/Menu/menuLists?formKey=undefined&menuSelection=undefined" "Mozilla/5.0 (iPhone; CPU iPhone OS 13_2 like Mac OS X) AppleWebKit/605.1.15 (KHTML, like Gecko) Mobile/15E148"
218.205.55.70 - - [26/Nov/2019:07:19:24 +0800] "GET /WEI_0200/listsSearch?dbChoose=QD&gubun=Y&amtClass=receipt&date=2019 HTTP/1.1" 200 138 "http://merp.yudo.com.cn:8183/WEI_0200/WEI_0200?formKey=Menu&menuSelection=mi" "Mozilla/5.0 (Linux; Android 9; VOG-AL10 Build/HUAWEIVOG-AL10; wv) AppleWebKit/537.36 (KHTML, like Gecko) Version/4.0 Chrome/78.0.3904.62 Mobile Safari/537.36"
112.17.243.179 - - [26/Nov/2019:07:19:24 +0800] "GET /Menu/getVersionInfo HTTP/1.1" 200 394 "http://merp.yudo.com.cn:8183/Menu/Menu/menuLists?formKey=undefined&menuSelection=undefined" "Mozilla/5.0 (iPhone; CPU iPhone OS 13_2 like Mac OS X) AppleWebKit/605.1.15 (KHTML, like Gecko) Mobile/15E148"
218.205.55.70 - - [26/Nov/2019:07:19:24 +0800] "GET /WEI_0200/listsSearch?dbChoose=SZ&gubun=Y&amtClass=receipt&date=2019 HTTP/1.1" 200 140 "http://merp.yudo.com.cn:8183/WEI_0200/WEI_0200?formKey=Menu&menuSelection=mi" "Mozilla/5.0 (Linux; Android 9; VOG-AL10 Build/HUAWEIVOG-AL10; wv) AppleWebKit/537.36 (KHTML, like Gecko) Version/4.0 Chrome/78.0.3904.62 Mobile Safari/537.36"
112.17.243.179 - - [26/Nov/2019:07:19:25 +0800] "GET /Menu/getLoginInfo HTTP/1.1" 200 136 "http://merp.yudo.com.cn:8183/Menu/Menu/menuLists?formKey=undefined&menuSelection=undefined" "Mozilla/5.0 (iPhone; CPU iPhone OS 13_2 like Mac OS X) AppleWebKit/605.1.15 (KHTML, like Gecko) Mobile/15E148"
218.205.55.70 - - [26/Nov/2019:07:19:24 +0800] "GET /WEI_0200/listsSearch?dbChoose=XR&gubun=Y&amtClass=receipt&date=2019 HTTP/1.1" 200 138 "http://merp.yudo.com.cn:8183/WEI_0200/WEI_0200?formKey=Menu&menuSelection=mi" "Mozilla/5.0 (Linux; Android 9; VOG-AL10 Build/HUAWEIVOG-AL10; wv) AppleWebKit/537.36 (KHTML, like Gecko) Version/4.0 Chrome/78.0.3904.62 Mobile Safari/537.36"
112.17.243.179 - - [26/Nov/2019:07:19:31 +0800] "GET /WEI_0200/WEI_0200?formKey=Menu&menuSelection=mi HTTP/1.1" 200 18448 "http://merp.yudo.com.cn:8183/Menu/Menu/menuLists?formKey=undefined&menuSelection=undefined" "Mozilla/5.0 (iPhone; CPU iPhone OS 13_2 like Mac OS X) AppleWebKit/605.1.15 (KHTML, like Gecko) Mobile/15E148"
112.17.243.179 - - [26/Nov/2019:07:19:32 +0800] "GET /image/img_needle.png HTTP/1.1" 200 1643 "http://merp.yudo.com.cn:8183/WEI_0200/WEI_0200?formKey=Menu&menuSelection=mi" "Mozilla/5.0 (iPhone; CPU iPhone OS 13_2 like Mac OS X) AppleWebKit/605.1.15 (KHTML, like Gecko) Mobile/15E148"
112.17.243.179 - - [26/Nov/2019:07:19:32 +0800] "GET /image/fonticon/money_icon.png HTTP/1.1" 200 3149 "http://merp.yudo.com.cn:8183/WEI_0200/WEI_0200?formKey=Menu&menuSelection=mi" "Mozilla/5.0 (iPhone; CPU iPhone OS 13_2 like Mac OS X) AppleWebKit/605.1.15 (KHTML, like Gecko) Mobile/15E148"
112.17.243.179 - - [26/Nov/2019:07:19:32 +0800] "GET /image/yudo_yibiao.png HTTP/1.1" 200 31490 "http://merp.yudo.com.cn:8183/WEI_0200/WEI_0200?formKey=Menu&menuSelection=mi" "Mozilla/5.0 (iPhone; CPU iPhone OS 13_2 like Mac OS X) AppleWebKit/605.1.15 (KHTML, like Gecko) Mobile/15E148"
112.17.243.179 - - [26/Nov/2019:07:19:32 +0800] "GET /image/fonticon/tubiao_mini2_icon.png HTTP/1.1" 200 1466 "http://merp.yudo.com.cn:8183/WEI_0200/WEI_0200?formKey=Menu&menuSelection=mi" "Mozilla/5.0 (iPhone; CPU iPhone OS 13_2 like Mac OS X) AppleWebKit/605.1.15 (KHTML, like Gecko) Mobile/15E148"
112.17.243.179 - - [26/Nov/2019:07:19:32 +0800] "GET /js/WEI_0200/WEI_0200_Lists.js?v=200012 HTTP/1.1" 200 29888 "http://merp.yudo.com.cn:8183/WEI_0200/WEI_0200?formKey=Menu&menuSelection=mi" "Mozilla/5.0 (iPhone; CPU iPhone OS 13_2 like Mac OS X) AppleWebKit/605.1.15 (KHTML, like Gecko) Mobile/15E148"
::1 - - [26/Nov/2019:07:19:33 +0800] "OPTIONS * HTTP/1.0" 200 - "-" "Apache/2.4.6 (CentOS) PHP/5.6.32 (internal dummy connection)"
112.17.243.179 - - [26/Nov/2019:07:19:34 +0800] "GET /WEI_0200/listsSearch?dbChoose=QD&gubun=Y&amtClass=bill&date=2019 HTTP/1.1" 200 138 "http://merp.yudo.com.cn:8183/WEI_0200/WEI_0200?formKey=Menu&menuSelection=mi" "Mozilla/5.0 (iPhone; CPU iPhone OS 13_2 like Mac OS X) AppleWebKit/605.1.15 (KHTML, like Gecko) Mobile/15E148"
112.17.243.179 - - [26/Nov/2019:07:19:34 +0800] "GET /WEI_0200/listsSearch?dbChoose=HS&gubun=Y&amtClass=bill&date=2019 HTTP/1.1" 200 140 "http://merp.yudo.com.cn:8183/WEI_0200/WEI_0200?formKey=Menu&menuSelection=mi" "Mozilla/5.0 (iPhone; CPU iPhone OS 13_2 like Mac OS X) AppleWebKit/605.1.15 (KHTML, like Gecko) Mobile/15E148"
112.17.243.179 - - [26/Nov/2019:07:19:34 +0800] "GET /WEI_0200/listsSearch?dbChoose=SZ&gubun=Y&amtClass=bill&date=2019 HTTP/1.1" 200 140 "http://merp.yudo.com.cn:8183/WEI_0200/WEI_0200?formKey=Menu&menuSelection=mi" "Mozilla/5.0 (iPhone; CPU iPhone OS 13_2 like Mac OS X) AppleWebKit/605.1.15 (KHTML, like Gecko) Mobile/15E148"
112.17.243.179 - - [26/Nov/2019:07:19:34 +0800] "GET /WEI_0200/listsSearch?dbChoose=GD&gubun=Y&amtClass=bill&date=2019 HTTP/1.1" 200 140 "http://merp.yudo.com.cn:8183/WEI_0200/WEI_0200?formKey=Menu&menuSelection=mi" "Mozilla/5.0 (iPhone; CPU iPhone OS 13_2 like Mac OS X) AppleWebKit/605.1.15 (KHTML, like Gecko) Mobile/15E148"
112.17.243.179 - - [26/Nov/2019:07:19:34 +0800] "GET /WEI_0200/listsSearch?dbChoose=XR&gubun=Y&amtClass=bill&date=2019 HTTP/1.1" 200 140 "http://merp.yudo.com.cn:8183/WEI_0200/WEI_0200?formKey=Menu&menuSelection=mi" "Mozilla/5.0 (iPhone; CPU iPhone OS 13_2 like Mac OS X) AppleWebKit/605.1.15 (KHTML, like Gecko) Mobile/15E148"
::1 - - [26/Nov/2019:07:19:37 +0800] "OPTIONS * HTTP/1.0" 200 - "-" "Apache/2.4.6 (CentOS) PHP/5.6.32 (internal dummy connection)"
::1 - - [26/Nov/2019:07:19:38 +0800] "OPTIONS * HTTP/1.0" 200 - "-" "Apache/2.4.6 (CentOS) PHP/5.6.32 (internal dummy connection)"
218.205.55.70 - - [26/Nov/2019:07:20:22 +0800] "GET /Menu/Menu/menuLists?formKey=undefined&menuSelection=undefined HTTP/1.1" 200 12297 "http://merp.yudo.com.cn:8183/WEI_0200/WEI_0200?formKey=Menu&menuSelection=mi" "Mozilla/5.0 (Linux; Android 9; VOG-AL10 Build/HUAWEIVOG-AL10; wv) AppleWebKit/537.36 (KHTML, like Gecko) Version/4.0 Chrome/78.0.3904.62 Mobile Safari/537.36"
218.205.55.70 - - [26/Nov/2019:07:20:22 +0800] "GET /image/fonticon/headDefault.jpg HTTP/1.1" 200 2436 "http://merp.yudo.com.cn:8183/Menu/Menu/menuLists?formKey=undefined&menuSelection=undefined" "Mozilla/5.0 (Linux; Android 9; VOG-AL10 Build/HUAWEIVOG-AL10; wv) AppleWebKit/537.36 (KHTML, like Gecko) Version/4.0 Chrome/78.0.3904.62 Mobile Safari/537.36"
218.205.55.70 - - [26/Nov/2019:07:20:22 +0800] "GET /image/login_logo.png HTTP/1.1" 200 3941 "http://merp.yudo.com.cn:8183/Menu/Menu/menuLists?formKey=undefined&menuSelection=undefined" "Mozilla/5.0 (Linux; Android 9; VOG-AL10 Build/HUAWEIVOG-AL10; wv) AppleWebKit/537.36 (KHTML, like Gecko) Version/4.0 Chrome/78.0.3904.62 Mobile Safari/537.36"
218.205.55.70 - - [26/Nov/2019:07:20:22 +0800] "GET /js/Menu/Menu.js?v=200017 HTTP/1.1" 200 11548 "http://merp.yudo.com.cn:8183/Menu/Menu/menuLists?formKey=undefined&menuSelection=undefined" "Mozilla/5.0 (Linux; Android 9; VOG-AL10 Build/HUAWEIVOG-AL10; wv) AppleWebKit/537.36 (KHTML, like Gecko) Version/4.0 Chrome/78.0.3904.62 Mobile Safari/537.36"
218.205.55.70 - - [26/Nov/2019:07:20:22 +0800] "GET /language/LANG_CHN.json?beta=8704 HTTP/1.1" 200 32370 "http://merp.yudo.com.cn:8183/Menu/Menu/menuLists?formKey=undefined&menuSelection=undefined" "Mozilla/5.0 (Linux; Android 9; VOG-AL10 Build/HUAWEIVOG-AL10; wv) AppleWebKit/537.36 (KHTML, like Gecko) Version/4.0 Chrome/78.0.3904.62 Mobile Safari/537.36"
218.205.55.70 - - [26/Nov/2019:07:20:22 +0800] "GET /image/yudo-01.png HTTP/1.1" 200 381770 "http://merp.yudo.com.cn:8183/Menu/Menu/menuLists?formKey=undefined&menuSelection=undefined" "Mozilla/5.0 (Linux; Android 9; VOG-AL10 Build/HUAWEIVOG-AL10; wv) AppleWebKit/537.36 (KHTML, like Gecko) Version/4.0 Chrome/78.0.3904.62 Mobile Safari/537.36"
218.205.55.70 - - [26/Nov/2019:07:20:22 +0800] "GET /Menu/doMenuRows_prc?formKey=Menu HTTP/1.1" 200 1071 "http://merp.yudo.com.cn:8183/Menu/Menu/menuLists?formKey=undefined&menuSelection=undefined" "Mozilla/5.0 (Linux; Android 9; VOG-AL10 Build/HUAWEIVOG-AL10; wv) AppleWebKit/537.36 (KHTML, like Gecko) Version/4.0 Chrome/78.0.3904.62 Mobile Safari/537.36"
218.205.55.70 - - [26/Nov/2019:07:20:22 +0800] "GET /Menu/getVersionInfo HTTP/1.1" 200 394 "http://merp.yudo.com.cn:8183/Menu/Menu/menuLists?formKey=undefined&menuSelection=undefined" "Mozilla/5.0 (Linux; Android 9; VOG-AL10 Build/HUAWEIVOG-AL10; wv) AppleWebKit/537.36 (KHTML, like Gecko) Version/4.0 Chrome/78.0.3904.62 Mobile Safari/537.36"
218.205.55.70 - - [26/Nov/2019:07:20:22 +0800] "GET /Menu/getLoginInfo HTTP/1.1" 200 178 "http://merp.yudo.com.cn:8183/Menu/Menu/menuLists?formKey=undefined&menuSelection=undefined" "Mozilla/5.0 (Linux; Android 9; VOG-AL10 Build/HUAWEIVOG-AL10; wv) AppleWebKit/537.36 (KHTML, like Gecko) Version/4.0 Chrome/78.0.3904.62 Mobile Safari/537.36"
218.205.55.70 - - [26/Nov/2019:07:20:23 +0800] "GET /WEI_0100/WEI_0100?formKey=Menu&menuSelection=mi HTTP/1.1" 200 14759 "http://merp.yudo.com.cn:8183/Menu/Menu/menuLists?formKey=undefined&menuSelection=undefined" "Mozilla/5.0 (Linux; Android 9; VOG-AL10 Build/HUAWEIVOG-AL10; wv) AppleWebKit/537.36 (KHTML, like Gecko) Version/4.0 Chrome/78.0.3904.62 Mobile Safari/537.36"
218.205.55.70 - - [26/Nov/2019:07:20:24 +0800] "GET /js/WEI_0100/WEI_0100_Lists.js?v=200012 HTTP/1.1" 200 37539 "http://merp.yudo.com.cn:8183/WEI_0100/WEI_0100?formKey=Menu&menuSelection=mi" "Mozilla/5.0 (Linux; Android 9; VOG-AL10 Build/HUAWEIVOG-AL10; wv) AppleWebKit/537.36 (KHTML, like Gecko) Version/4.0 Chrome/78.0.3904.62 Mobile Safari/537.36"
218.205.55.70 - - [26/Nov/2019:07:20:24 +0800] "GET /image/fonticon/expclass_icon.png HTTP/1.1" 200 3405 "http://merp.yudo.com.cn:8183/css/yudo-ui.css?v=2016" "Mozilla/5.0 (Linux; Android 9; VOG-AL10 Build/HUAWEIVOG-AL10; wv) AppleWebKit/537.36 (KHTML, like Gecko) Version/4.0 Chrome/78.0.3904.62 Mobile Safari/537.36"
218.205.55.70 - - [26/Nov/2019:07:20:24 +0800] "GET /image/fonticon/back_icon2.png HTTP/1.1" 200 1066 "http://merp.yudo.com.cn:8183/css/yudo-ui.css?v=2016" "Mozilla/5.0 (Linux; Android 9; VOG-AL10 Build/HUAWEIVOG-AL10; wv) AppleWebKit/537.36 (KHTML, like Gecko) Version/4.0 Chrome/78.0.3904.62 Mobile Safari/537.36"
218.205.55.70 - - [26/Nov/2019:07:20:26 +0800] "GET /WEI_1400/lists_prc?gubun=Y&baseDate=2019-11-26&dbChoose=SZ HTTP/1.1" 200 40525 "http://merp.yudo.com.cn:8183/WEI_0100/WEI_0100?formKey=Menu&menuSelection=mi" "Mozilla/5.0 (Linux; Android 9; VOG-AL10 Build/HUAWEIVOG-AL10; wv) AppleWebKit/537.36 (KHTML, like Gecko) Version/4.0 Chrome/78.0.3904.62 Mobile Safari/537.36"
112.17.243.179 - - [26/Nov/2019:07:20:29 +0800] "GET /Menu/Menu/menuLists?formKey=undefined&menuSelection=undefined HTTP/1.1" 200 12297 "http://merp.yudo.com.cn:8183/WEI_0200/WEI_0200?formKey=Menu&menuSelection=mi" "Mozilla/5.0 (iPhone; CPU iPhone OS 13_2 like Mac OS X) AppleWebKit/605.1.15 (KHTML, like Gecko) Mobile/15E148"
112.17.243.179 - - [26/Nov/2019:07:20:29 +0800] "GET /language/LANG_CHN.json?beta=8490 HTTP/1.1" 200 32370 "http://merp.yudo.com.cn:8183/Menu/Menu/menuLists?formKey=undefined&menuSelection=undefined" "Mozilla/5.0 (iPhone; CPU iPhone OS 13_2 like Mac OS X) AppleWebKit/605.1.15 (KHTML, like Gecko) Mobile/15E148"
112.17.243.179 - - [26/Nov/2019:07:20:30 +0800] "GET /Menu/doMenuRows_prc?formKey=Menu HTTP/1.1" 200 1582 "http://merp.yudo.com.cn:8183/Menu/Menu/menuLists?formKey=undefined&menuSelection=undefined" "Mozilla/5.0 (iPhone; CPU iPhone OS 13_2 like Mac OS X) AppleWebKit/605.1.15 (KHTML, like Gecko) Mobile/15E148"
